{'statusCode': 200, 'package': '', 'message': 'No versions found'}
{'statusCode': 200, 'package': '', 'message': 'No versions found'}
{'statusCode': 200, 'package': '', 'message': 'No versions found'}
{'statusCode': 404, 'package': '.*', 'message': 'HTTPError'}
{'statusCode': 404, 'package': '{}', 'message': 'HTTPError'}
{'statusCode': 404, 'package': '*', 'message': 'HTTPError'}
{'statusCode': 404, 'package': '*', 'message': 'HTTPError'}
{'statusCode': 0, 'package': '0_0.0.0', 'message': 'no deps or dev-deps'}
{'statusCode': 0, 'package': '@auto-canary/bot-list_9.16.1-canary.1027.13443.0', 'message': 'no deps or dev-deps'}
{'statusCode': 0, 'package': '@auto-canary/bot-list_9.16.7-canary.1029.13505.0', 'message': 'no deps or dev-deps'}
{'statusCode': 0, 'package': '@auto-canary/bot-list_9.16.7-canary.1029.13514.0', 'message': 'no deps or dev-deps'}
{'statusCode': 0, 'package': '@auto-canary/bot-list_9.16.7-canary.1029.13521.0', 'message': 'no deps or dev-deps'}
{'statusCode': 0, 'package': '@auto-canary/bot-list_9.16.7-canary.1029.13525.0', 'message': 'no deps or dev-deps'}
{'statusCode': 0, 'package': '@auto-canary/bot-list_9.16.7-canary.c70ad878.0', 'message': 'no deps or dev-deps'}
{'statusCode': 0, 'package': '@auto-canary/bot-list_9.16.7-canary.41065116.0', 'message': 'no deps or dev-deps'}
{'statusCode': 0, 'package': '@auto-canary/bot-list_9.16.7-canary.1029.13530.0', 'message': 'no deps or dev-deps'}
{'statusCode': 0, 'package': '@auto-canary/bot-list_9.16.7-canary.f019e895.0', 'message': 'no deps or dev-deps'}
{'statusCode': 0, 'package': '@auto-canary/bot-list_9.16.7-canary.1029.13534.0', 'message': 'no deps or dev-deps'}
{'statusCode': 0, 'package': '@auto-canary/bot-list_9.16.7-canary.1029.13539.0', 'message': 'no deps or dev-deps'}
{'statusCode': 0, 'package': '@auto-canary/bot-list_9.16.7-canary.b894678d.0', 'message': 'no deps or dev-deps'}
{'statusCode': 0, 'package': '@auto-canary/bot-list_9.16.7-canary.f5280fed.0', 'message': 'no deps or dev-deps'}
{'statusCode': 0, 'package': '@auto-canary/bot-list_9.16.7-canary.00ded2ea.0', 'message': 'no deps or dev-deps'}
{'statusCode': 0, 'package': '@auto-canary/bot-list_9.16.7-canary.11ac7b9e.0', 'message': 'no deps or dev-deps'}
{'statusCode': 0, 'package': '@auto-canary/bot-list_9.17.0-canary.3d532a8a.0', 'message': 'no deps or dev-deps'}
{'statusCode': 0, 'package': '@auto-canary/bot-list_9.16.7-canary.5f4547f6.0', 'message': 'no deps or dev-deps'}
{'statusCode': 0, 'package': '@auto-canary/bot-list_9.16.7-canary.4ab90bb6.0', 'message': 'no deps or dev-deps'}
{'statusCode': 0, 'package': '@auto-canary/bot-list_9.16.7-canary.4f66eca8.0', 'message': 'no deps or dev-deps'}
{'statusCode': 0, 'package': '@auto-canary/bot-list_9.16.7-canary.4de1a1b2.0', 'message': 'no deps or dev-deps'}
{'statusCode': 0, 'package': '@auto-canary/bot-list_9.16.7-canary.97e4465b.0', 'message': 'no deps or dev-deps'}
{'statusCode': 0, 'package': '@auto-canary/bot-list_9.16.7-canary.0.b718636d.0', 'message': 'no deps or dev-deps'}
{'statusCode': 0, 'package': '@auto-canary/bot-list_9.16.7-canary.f0670fd3.0', 'message': 'no deps or dev-deps'}
{'statusCode': 0, 'package': '@auto-canary/bot-list_9.16.7-canary.1032.13558.0', 'message': 'no deps or dev-deps'}
{'statusCode': 0, 'package': '@auto-canary/bot-list_9.16.7-canary.cf21fa4e.0', 'message': 'no deps or dev-deps'}
{'statusCode': 0, 'package': '@auto-canary/bot-list_9.16.7-canary.1032.13561.0', 'message': 'no deps or dev-deps'}
{'statusCode': 0, 'package': '@auto-canary/bot-list_9.16.8-canary.ddd07840.0', 'message': 'no deps or dev-deps'}
{'statusCode': 0, 'package': '@auto-canary/bot-list_9.16.8-canary.8a708931.0', 'message': 'no deps or dev-deps'}
{'statusCode': 0, 'package': '@auto-canary/bot-list_9.16.8-canary.605557a6.0', 'message': 'no deps or dev-deps'}
{'statusCode': 0, 'package': '@auto-canary/bot-list_9.17.0-canary.1031.13585.0', 'message': 'no deps or dev-deps'}
{'statusCode': 0, 'package': '@auto-canary/bot-list_9.17.0-canary.1031.13589.0', 'message': 'no deps or dev-deps'}
{'statusCode': 0, 'package': '@auto-canary/bot-list_9.17.1-canary.86e393b4.0', 'message': 'no deps or dev-deps'}
{'statusCode': 0, 'package': '@auto-canary/bot-list_9.17.1-canary.934871e2.0', 'message': 'no deps or dev-deps'}
{'statusCode': 0, 'package': '@auto-canary/bot-list_9.17.1-canary.f7a8b20c.0', 'message': 'no deps or dev-deps'}
{'statusCode': 0, 'package': '@auto-canary/bot-list_9.17.1-canary.05789c48.0', 'message': 'no deps or dev-deps'}
{'statusCode': 0, 'package': '@auto-canary/bot-list_9.17.1-canary.d3c2bbcc.0', 'message': 'no deps or dev-deps'}
{'statusCode': 0, 'package': '@auto-canary/bot-list_9.17.1-canary.6496f266.0', 'message': 'no deps or dev-deps'}
{'statusCode': 0, 'package': '@auto-canary/bot-list_9.17.1-canary.6c5eb283.0', 'message': 'no deps or dev-deps'}
{'statusCode': 0, 'package': '@auto-canary/bot-list_9.17.1-canary.af9a12b8.0', 'message': 'no deps or dev-deps'}
{'statusCode': 0, 'package': '@auto-canary/bot-list_9.17.1-canary.f46fd990.0', 'message': 'no deps or dev-deps'}
{'statusCode': 0, 'package': '@auto-canary/bot-list_9.17.1-canary.3ff354a2.0', 'message': 'no deps or dev-deps'}
{'statusCode': 0, 'package': '@auto-canary/bot-list_9.17.1-canary.27ec79ba.0', 'message': 'no deps or dev-deps'}
{'statusCode': 0, 'package': '@auto-canary/bot-list_9.17.1-canary.9f01ed56.0', 'message': 'no deps or dev-deps'}
{'statusCode': 0, 'package': '@auto-canary/bot-list_9.17.1-canary.1029.13601.0', 'message': 'no deps or dev-deps'}
{'statusCode': 0, 'package': '@auto-canary/bot-list_9.18.0-canary.1033.13623.0', 'message': 'no deps or dev-deps'}
{'statusCode': 0, 'package': '@auto-canary/bot-list_9.18.0-canary.1033.13632.0', 'message': 'no deps or dev-deps'}
{'statusCode': 0, 'package': '@auto-canary/bot-list_9.18.1-canary.996.13645.0', 'message': 'no deps or dev-deps'}
{'statusCode': 0, 'package': '@auto-canary/bot-list_9.19.0-canary.996.13649.0', 'message': 'no deps or dev-deps'}
{'statusCode': 0, 'package': '@auto-canary/bot-list_9.19.0-canary.996.13654.0', 'message': 'no deps or dev-deps'}
{'statusCode': 0, 'package': '@auto-canary/bot-list_9.19.0-canary.996.13659.0', 'message': 'no deps or dev-deps'}
{'statusCode': 0, 'package': '@auto-canary/bot-list_9.18.1-canary.undefined.13666.0', 'message': 'no deps or dev-deps'}
{'statusCode': 0, 'package': '@auto-canary/bot-list_9.18.1-canary.1036.13673.0', 'message': 'no deps or dev-deps'}
{'statusCode': 0, 'package': '@auto-canary/bot-list_9.18.1-canary.1036.13678.0', 'message': 'no deps or dev-deps'}
{'statusCode': 0, 'package': '@auto-canary/bot-list_9.18.1-canary.1036.13687.0', 'message': 'no deps or dev-deps'}
{'statusCode': 0, 'package': '@auto-canary/bot-list_9.19.1-canary.1036.13695.0', 'message': 'no deps or dev-deps'}
{'statusCode': 0, 'package': '@auto-canary/bot-list_9.19.2-canary.undefined.13719.0', 'message': 'no deps or dev-deps'}
{'statusCode': 0, 'package': '@auto-canary/bot-list_9.19.2-canary.1038.13720.0', 'message': 'no deps or dev-deps'}
{'statusCode': 0, 'package': '@auto-canary/bot-list_9.19.3-canary.b6cdc759.0', 'message': 'no deps or dev-deps'}
{'statusCode': 0, 'package': '@auto-canary/bot-list_9.19.3-canary.1039.13779.0', 'message': 'no deps or dev-deps'}
{'statusCode': 0, 'package': '@auto-canary/bot-list_9.19.4-canary.1053.13878.0', 'message': 'no deps or dev-deps'}
{'statusCode': 0, 'package': '@auto-canary/bot-list_9.19.4-canary.1052.13881.0', 'message': 'no deps or dev-deps'}
{'statusCode': 0, 'package': '@auto-canary/bot-list_9.19.5-canary.1055.13893.0', 'message': 'no deps or dev-deps'}
{'statusCode': 0, 'package': '@auto-canary/bot-list_9.19.6-canary.undefined.13949.0', 'message': 'no deps or dev-deps'}
{'statusCode': 0, 'package': '@auto-canary/bot-list_9.19.6-canary.undefined.13954.0', 'message': 'no deps or dev-deps'}
{'statusCode': 0, 'package': '@auto-canary/bot-list_9.19.6-canary.1066.14005.0', 'message': 'no deps or dev-deps'}
{'statusCode': 0, 'package': '@auto-canary/bot-list_9.19.6-canary.1066.14016.0', 'message': 'no deps or dev-deps'}
{'statusCode': 0, 'package': '@auto-canary/bot-list_9.20.0-canary.1066.14021.0', 'message': 'no deps or dev-deps'}
{'statusCode': 0, 'package': '@auto-canary/bot-list_9.20.1-canary.1070.14058.0', 'message': 'no deps or dev-deps'}
{'statusCode': 0, 'package': '@auto-canary/bot-list_9.20.1-canary.1070.14061.0', 'message': 'no deps or dev-deps'}
{'statusCode': 0, 'package': '@auto-canary/bot-list_9.21.1-canary.undefined.14088.0', 'message': 'no deps or dev-deps'}
{'statusCode': 0, 'package': '@auto-canary/bot-list_9.21.1-canary.1082.14179.0', 'message': 'no deps or dev-deps'}
{'statusCode': 0, 'package': '@auto-canary/bot-list_9.21.2-canary.1083.14191.0', 'message': 'no deps or dev-deps'}
{'statusCode': 0, 'package': '@auto-canary/bot-list_9.22.0-canary.1084.14207.0', 'message': 'no deps or dev-deps'}
{'statusCode': 0, 'package': '@auto-canary/bot-list_9.21.3-canary.undefined.14212.0', 'message': 'no deps or dev-deps'}
{'statusCode': 0, 'package': '@auto-canary/bot-list_9.21.3-canary.1085.14213.0', 'message': 'no deps or dev-deps'}
{'statusCode': 0, 'package': '@auto-canary/bot-list_9.22.2-canary.1086.14234.0', 'message': 'no deps or dev-deps'}
{'statusCode': 0, 'package': '@auto-canary/bot-list_9.22.2-canary.1086.14237.0', 'message': 'no deps or dev-deps'}
{'statusCode': 0, 'package': '@auto-canary/bot-list_9.22.2-canary.1086.14242.0', 'message': 'no deps or dev-deps'}
{'statusCode': 0, 'package': '@auto-canary/bot-list_9.22.3-canary.1094.14290.0', 'message': 'no deps or dev-deps'}
{'statusCode': 0, 'package': '@auto-canary/bot-list_9.22.3-canary.1096.14336.0', 'message': 'no deps or dev-deps'}
{'statusCode': 0, 'package': '@auto-canary/bot-list_9.22.3-canary.1097.14341.0', 'message': 'no deps or dev-deps'}
{'statusCode': 0, 'package': '@auto-canary/bot-list_9.23.0-canary.1099.14362.0', 'message': 'no deps or dev-deps'}
{'statusCode': 0, 'package': '@auto-canary/bot-list_9.23.0-canary.1099.14367.0', 'message': 'no deps or dev-deps'}
{'statusCode': 0, 'package': '@auto-canary/bot-list_9.24.0-canary.1103.14397.0', 'message': 'no deps or dev-deps'}
{'statusCode': 0, 'package': '@auto-canary/bot-list_9.23.1-canary.undefined.14406.0', 'message': 'no deps or dev-deps'}
{'statusCode': 0, 'package': '@auto-canary/bot-list_9.23.1-canary.1104.14411.0', 'message': 'no deps or dev-deps'}
{'statusCode': 0, 'package': '@auto-canary/bot-list_9.24.0-canary.1103.14427.0', 'message': 'no deps or dev-deps'}
{'statusCode': 0, 'package': '@auto-canary/bot-list_9.25.0-canary.1108.14441.0', 'message': 'no deps or dev-deps'}
{'statusCode': 0, 'package': '@auto-canary/bot-list_9.25.1-canary.1110.14453.0', 'message': 'no deps or dev-deps'}
{'statusCode': 0, 'package': '@auto-canary/bot-list_9.25.1-canary.1110.14462.0', 'message': 'no deps or dev-deps'}
{'statusCode': 0, 'package': '@auto-canary/bot-list_9.25.2-canary.1111.14474.0', 'message': 'no deps or dev-deps'}
{'statusCode': 0, 'package': '@auto-canary/bot-list_9.25.3-canary.undefined.14486.0', 'message': 'no deps or dev-deps'}
{'statusCode': 0, 'package': '@auto-canary/bot-list_9.25.3-canary.1112.14491.0', 'message': 'no deps or dev-deps'}
{'statusCode': 0, 'package': '@auto-canary/bot-list_9.25.3-canary.1114.14498.0', 'message': 'no deps or dev-deps'}
{'statusCode': 0, 'package': '@auto-canary/bot-list_9.25.3-canary.1114.14506.0', 'message': 'no deps or dev-deps'}
{'statusCode': 0, 'package': '@auto-canary/bot-list_9.25.3-canary.1114.14519.0', 'message': 'no deps or dev-deps'}
{'statusCode': 0, 'package': '@auto-canary/bot-list_9.25.3-canary.1115.14520.0', 'message': 'no deps or dev-deps'}
{'statusCode': 0, 'package': '@auto-canary/bot-list_9.25.3-canary.1114.14521.0', 'message': 'no deps or dev-deps'}
{'statusCode': 0, 'package': '@auto-canary/bot-list_9.25.4-canary.1117.14538.0', 'message': 'no deps or dev-deps'}
{'statusCode': 0, 'package': '@auto-canary/bot-list_9.26.1-canary.1121.14567.0', 'message': 'no deps or dev-deps'}
{'statusCode': 0, 'package': '@auto-canary/bot-list_9.26.2-canary.1123.14579.0', 'message': 'no deps or dev-deps'}
{'statusCode': 0, 'package': '@auto-canary/bot-list_9.26.3-canary.1124.14610.0', 'message': 'no deps or dev-deps'}
{'statusCode': 0, 'package': '@auto-canary/bot-list_9.26.3-canary.1125.14611.0', 'message': 'no deps or dev-deps'}
{'statusCode': 0, 'package': '@auto-canary/bot-list_9.26.3-canary.1126.14617.0', 'message': 'no deps or dev-deps'}
{'statusCode': 0, 'package': '@auto-canary/bot-list_9.26.3-canary.1128.14619.0', 'message': 'no deps or dev-deps'}
{'statusCode': 0, 'package': '@auto-canary/bot-list_9.26.3-canary.1127.14618.0', 'message': 'no deps or dev-deps'}
{'statusCode': 0, 'package': '@auto-canary/bot-list_9.26.3-canary.1129.14624.0', 'message': 'no deps or dev-deps'}
{'statusCode': 0, 'package': '@auto-canary/bot-list_9.26.3-canary.1130.14625.0', 'message': 'no deps or dev-deps'}
{'statusCode': 0, 'package': '@auto-canary/bot-list_9.26.3-canary.1131.14626.0', 'message': 'no deps or dev-deps'}
{'statusCode': 0, 'package': '@auto-canary/bot-list_9.26.3-canary.1132.14677.0', 'message': 'no deps or dev-deps'}
{'statusCode': 0, 'package': '@auto-canary/bot-list_9.26.3-canary.1132.14686.0', 'message': 'no deps or dev-deps'}
{'statusCode': 0, 'package': '@auto-canary/bot-list_9.26.3-canary.d4f94f4b.0', 'message': 'no deps or dev-deps'}
{'statusCode': 0, 'package': '@auto-canary/bot-list_9.26.3-canary.1132.14691.0', 'message': 'no deps or dev-deps'}
{'statusCode': 0, 'package': '@auto-canary/bot-list_9.26.3-canary.47ebe2e1.0', 'message': 'no deps or dev-deps'}
{'statusCode': 0, 'package': '@auto-canary/bot-list_9.26.4-canary.1133.14703.0', 'message': 'no deps or dev-deps'}
{'statusCode': 0, 'package': '@auto-canary/bot-list_9.26.5-canary.1134.14715.0', 'message': 'no deps or dev-deps'}
{'statusCode': 0, 'package': '@auto-canary/bot-list_9.26.6-canary.1135.14729.0', 'message': 'no deps or dev-deps'}
{'statusCode': 0, 'package': '@auto-canary/bot-list_9.26.6-canary.1135.14740.0', 'message': 'no deps or dev-deps'}
{'statusCode': 0, 'package': '@auto-canary/bot-list_9.26.7-canary.7fa89d12.0', 'message': 'no deps or dev-deps'}
{'statusCode': 0, 'package': '@auto-canary/bot-list_9.26.7-canary.1136.14752.0', 'message': 'no deps or dev-deps'}
{'statusCode': 0, 'package': '@auto-canary/bot-list_9.26.8-canary.66f5119f.0', 'message': 'no deps or dev-deps'}
{'statusCode': 0, 'package': '@auto-canary/bot-list_9.26.8-canary.9d713e79.0', 'message': 'no deps or dev-deps'}
{'statusCode': 0, 'package': '@auto-canary/bot-list_9.26.8-canary.87df6717.0', 'message': 'no deps or dev-deps'}
{'statusCode': 0, 'package': '@auto-canary/bot-list_9.26.8-canary.1fbebeda.0', 'message': 'no deps or dev-deps'}
{'statusCode': 0, 'package': '@auto-canary/bot-list_9.26.8-canary.329385a6.0', 'message': 'no deps or dev-deps'}
{'statusCode': 0, 'package': '@auto-canary/bot-list_9.26.8-canary.1137.14764.0', 'message': 'no deps or dev-deps'}
{'statusCode': 0, 'package': '@auto-canary/bot-list_9.26.9-canary.1138.14793.0', 'message': 'no deps or dev-deps'}
{'statusCode': 0, 'package': '@auto-canary/bot-list_9.26.9-canary.1139.14798.0', 'message': 'no deps or dev-deps'}
{'statusCode': 0, 'package': '@auto-canary/bot-list_9.26.9-canary.1143.14810.0', 'message': 'no deps or dev-deps'}
{'statusCode': 0, 'package': '@auto-canary/bot-list_9.26.9-canary.1145.14818.0', 'message': 'no deps or dev-deps'}
{'statusCode': 0, 'package': '@auto-canary/bot-list_9.26.9-canary.1144.14820.0', 'message': 'no deps or dev-deps'}
{'statusCode': 0, 'package': '@auto-canary/bot-list_9.26.9-canary.1144.14849.0', 'message': 'no deps or dev-deps'}
{'statusCode': 0, 'package': '@auto-canary/bot-list_9.26.9-canary.1045.14854.0', 'message': 'no deps or dev-deps'}
{'statusCode': 0, 'package': '@auto-canary/bot-list_9.26.9-canary.1145.14857.0', 'message': 'no deps or dev-deps'}
{'statusCode': 0, 'package': '@auto-canary/bot-list_9.26.9-canary.1148.14874.0', 'message': 'no deps or dev-deps'}
{'statusCode': 0, 'package': '@auto-canary/bot-list_9.26.9-canary.1148.14879.0', 'message': 'no deps or dev-deps'}
{'statusCode': 0, 'package': '@auto-canary/bot-list_9.26.9-canary.1148.14884.0', 'message': 'no deps or dev-deps'}
{'statusCode': 0, 'package': '@auto-canary/bot-list_9.26.9-canary.1148.14889.0', 'message': 'no deps or dev-deps'}
{'statusCode': 0, 'package': '@auto-canary/bot-list_9.26.9-canary.1148.14895.0', 'message': 'no deps or dev-deps'}
{'statusCode': 0, 'package': '@auto-canary/bot-list_9.26.9-canary.1148.14899.0', 'message': 'no deps or dev-deps'}
{'statusCode': 0, 'package': '@auto-canary/bot-list_9.26.9-canary.1148.14908.0', 'message': 'no deps or dev-deps'}
{'statusCode': 0, 'package': '@auto-canary/bot-list_9.26.9-canary.1148.14909.0', 'message': 'no deps or dev-deps'}
{'statusCode': 0, 'package': '@auto-canary/bot-list_9.26.9-canary.1148.14918.0', 'message': 'no deps or dev-deps'}
{'statusCode': 0, 'package': '@auto-canary/bot-list_9.27.1-canary.1149.14930.0', 'message': 'no deps or dev-deps'}
{'statusCode': 0, 'package': '@auto-canary/bot-list_9.27.3-canary.1152.14958.0', 'message': 'no deps or dev-deps'}
{'statusCode': 0, 'package': '@auto-canary/bot-list_9.27.3-canary.1151.14970.0', 'message': 'no deps or dev-deps'}
{'statusCode': 0, 'package': '@auto-canary/bot-list_9.27.4-canary.1151.14979.0', 'message': 'no deps or dev-deps'}
{'statusCode': 0, 'package': '@auto-canary/bot-list_9.27.4-canary.1151.14980.0', 'message': 'no deps or dev-deps'}
{'statusCode': 0, 'package': '@auto-canary/bot-list_9.27.4-canary.1155.14985.0', 'message': 'no deps or dev-deps'}
{'statusCode': 0, 'package': '@auto-canary/bot-list_9.28.1-canary.1159.15007.0', 'message': 'no deps or dev-deps'}
{'statusCode': 0, 'package': '@auto-canary/bot-list_9.28.1-canary.1159.15008.0', 'message': 'no deps or dev-deps'}
{'statusCode': 0, 'package': '@auto-canary/bot-list_9.28.1-canary.1159.15009.0', 'message': 'no deps or dev-deps'}
{'statusCode': 0, 'package': '@auto-canary/bot-list_9.28.2-canary.1160.15021.0', 'message': 'no deps or dev-deps'}
{'statusCode': 0, 'package': '@auto-canary/bot-list_9.28.3-canary.1161.15033.0', 'message': 'no deps or dev-deps'}
{'statusCode': 0, 'package': '@auto-canary/bot-list_9.28.3-canary.1162.15036.0', 'message': 'no deps or dev-deps'}
{'statusCode': 0, 'package': '@auto-canary/bot-list_9.28.4-canary.1163.15061.0', 'message': 'no deps or dev-deps'}
{'statusCode': 0, 'package': '@auto-canary/bot-list_9.28.4-canary.1165.15063.0', 'message': 'no deps or dev-deps'}
{'statusCode': 0, 'package': '@auto-canary/bot-list_9.28.4-canary.1164.15066.0', 'message': 'no deps or dev-deps'}
{'statusCode': 0, 'package': '@auto-canary/bot-list_9.28.4-canary.1168.15076.0', 'message': 'no deps or dev-deps'}
{'statusCode': 0, 'package': '@auto-canary/bot-list_9.28.4-canary.1167.15077.0', 'message': 'no deps or dev-deps'}
{'statusCode': 0, 'package': '@auto-canary/bot-list_9.28.4-canary.1166.15075.0', 'message': 'no deps or dev-deps'}
{'statusCode': 0, 'package': '@auto-canary/bot-list_9.28.4-canary.1169.15078.0', 'message': 'no deps or dev-deps'}
{'statusCode': 0, 'package': '@auto-canary/bot-list_9.28.4-canary.1170.15083.0', 'message': 'no deps or dev-deps'}
{'statusCode': 0, 'package': '@auto-canary/bot-list_9.29.1-canary.1171.15135.0', 'message': 'no deps or dev-deps'}
{'statusCode': 0, 'package': '@auto-canary/bot-list_9.30.2-canary.810ab1405.0', 'message': 'no deps or dev-deps'}
{'statusCode': 0, 'package': '@auto-canary/bot-list_9.30.2-canary.1174.15172.0', 'message': 'no deps or dev-deps'}
{'statusCode': 0, 'package': '@auto-canary/bot-list_9.30.2-canary.1174.15169.0', 'message': 'no deps or dev-deps'}
{'statusCode': 0, 'package': '@auto-canary/bot-list_9.30.2-canary.1174.15173.0', 'message': 'no deps or dev-deps'}
{'statusCode': 0, 'package': '@auto-canary/bot-list_9.30.3-canary.1175.15200.0', 'message': 'no deps or dev-deps'}
{'statusCode': 0, 'package': '@auto-canary/bot-list_9.30.3-canary.1176.15212.0', 'message': 'no deps or dev-deps'}
{'statusCode': 0, 'package': '@auto-canary/bot-list_9.30.3-canary.1177.15214.0', 'message': 'no deps or dev-deps'}
{'statusCode': 0, 'package': '@auto-canary/bot-list_9.30.3-canary.1179.15215.0', 'message': 'no deps or dev-deps'}
{'statusCode': 0, 'package': '@auto-canary/bot-list_9.30.3-canary.1178.15216.0', 'message': 'no deps or dev-deps'}
{'statusCode': 0, 'package': '@auto-canary/bot-list_9.30.3-canary.1180.15223.0', 'message': 'no deps or dev-deps'}
{'statusCode': 0, 'package': '@auto-canary/bot-list_9.30.3-canary.1181.15225.0', 'message': 'no deps or dev-deps'}
{'statusCode': 0, 'package': '@auto-canary/bot-list_9.30.3-canary.1182.15226.0', 'message': 'no deps or dev-deps'}
{'statusCode': 0, 'package': '@auto-canary/bot-list_9.30.3-canary.1183.15227.0', 'message': 'no deps or dev-deps'}
{'statusCode': 0, 'package': '@auto-canary/bot-list_9.30.3-canary.1184.15230.0', 'message': 'no deps or dev-deps'}
{'statusCode': 0, 'package': '@auto-canary/bot-list_9.30.3-canary.1184.15235.0', 'message': 'no deps or dev-deps'}
{'statusCode': 0, 'package': '@auto-canary/bot-list_9.30.4-canary.1185.15302.0', 'message': 'no deps or dev-deps'}
{'statusCode': 0, 'package': '@auto-canary/bot-list_9.30.4-canary.1188.15307.0', 'message': 'no deps or dev-deps'}
{'statusCode': 0, 'package': '@auto-canary/bot-list_9.30.5-canary.04758ff58.0', 'message': 'no deps or dev-deps'}
{'statusCode': 0, 'package': '@auto-canary/bot-list_9.30.5-canary.1191.15319.0', 'message': 'no deps or dev-deps'}
{'statusCode': 0, 'package': '@auto-canary/bot-list_9.30.6-canary.1193.15335.0', 'message': 'no deps or dev-deps'}
{'statusCode': 0, 'package': '@auto-canary/bot-list_9.30.6-canary.15336.e1e7d08f.0', 'message': 'no deps or dev-deps'}
{'statusCode': 0, 'package': '@auto-canary/bot-list_9.31.1-canary.1194.15348.0', 'message': 'no deps or dev-deps'}
{'statusCode': 0, 'package': '@auto-canary/bot-list_9.31.1-canary.1195.15367.0', 'message': 'no deps or dev-deps'}
{'statusCode': 0, 'package': '@auto-canary/bot-list_9.31.1-canary.1196.15373.0', 'message': 'no deps or dev-deps'}
{'statusCode': 0, 'package': '@auto-canary/bot-list_9.31.1-canary.1197.15374.0', 'message': 'no deps or dev-deps'}
{'statusCode': 0, 'package': '@auto-canary/bot-list_9.31.1-canary.1198.15379.0', 'message': 'no deps or dev-deps'}
{'statusCode': 0, 'package': '@auto-canary/bot-list_9.31.1-canary.1199.15381.0', 'message': 'no deps or dev-deps'}
{'statusCode': 0, 'package': '@auto-canary/bot-list_9.31.1-canary.1201.15394.0', 'message': 'no deps or dev-deps'}
{'statusCode': 0, 'package': '@auto-canary/bot-list_9.31.1-canary.1202.15396.0', 'message': 'no deps or dev-deps'}
{'statusCode': 0, 'package': '@auto-canary/bot-list_9.31.1-canary.1203.15397.0', 'message': 'no deps or dev-deps'}
{'statusCode': 0, 'package': '@auto-canary/bot-list_9.31.1-canary.1200.15395.0', 'message': 'no deps or dev-deps'}
{'statusCode': 0, 'package': '@auto-canary/bot-list_9.31.2-canary.1205.15454.0', 'message': 'no deps or dev-deps'}
{'statusCode': 0, 'package': '@auto-canary/bot-list_9.31.2-canary.1207.15473.0', 'message': 'no deps or dev-deps'}
{'statusCode': 0, 'package': '@auto-canary/bot-list_9.31.3-canary.1208.15485.0', 'message': 'no deps or dev-deps'}
{'statusCode': 0, 'package': '@auto-canary/bot-list_9.31.3-canary.1209.15490.0', 'message': 'no deps or dev-deps'}
{'statusCode': 0, 'package': '@auto-canary/bot-list_9.31.3-canary.1210.15495.0', 'message': 'no deps or dev-deps'}
{'statusCode': 0, 'package': '@auto-canary/bot-list_9.32.1-canary.1209.15511.0', 'message': 'no deps or dev-deps'}
{'statusCode': 0, 'package': '@auto-canary/bot-list_9.32.1-canary.1212.15526.0', 'message': 'no deps or dev-deps'}
{'statusCode': 0, 'package': '@auto-canary/bot-list_9.32.1-canary.1213.15531.0', 'message': 'no deps or dev-deps'}
{'statusCode': 0, 'package': '@auto-canary/bot-list_9.32.2-canary.1215.15551.0', 'message': 'no deps or dev-deps'}
{'statusCode': 0, 'package': '@auto-canary/bot-list_9.32.3-canary.1216.15563.0', 'message': 'no deps or dev-deps'}
{'statusCode': 0, 'package': '@auto-canary/bot-list_9.32.3-canary.1216.15568.0', 'message': 'no deps or dev-deps'}
{'statusCode': 0, 'package': '@auto-canary/bot-list_9.32.4-canary.1217.15590.0', 'message': 'no deps or dev-deps'}
{'statusCode': 0, 'package': '@auto-canary/bot-list_9.32.4-canary.1217.15593.0', 'message': 'no deps or dev-deps'}
{'statusCode': 0, 'package': '@auto-canary/bot-list_9.32.4-canary.1217.15598.0', 'message': 'no deps or dev-deps'}
{'statusCode': 0, 'package': '@auto-canary/bot-list_9.32.4-canary.15614.62602179.0', 'message': 'no deps or dev-deps'}
{'statusCode': 0, 'package': '@auto-canary/bot-list_9.32.4-canary.1211.15635.0', 'message': 'no deps or dev-deps'}
{'statusCode': 0, 'package': '@auto-canary/bot-list_9.32.4-canary.1146.15649.0', 'message': 'no deps or dev-deps'}
{'statusCode': 0, 'package': '@auto-canary/bot-list_9.32.4-canary.1146.15654.0', 'message': 'no deps or dev-deps'}
{'statusCode': 0, 'package': '@auto-canary/bot-list_9.32.4-canary.1146.15655.0', 'message': 'no deps or dev-deps'}
{'statusCode': 0, 'package': '@auto-canary/bot-list_9.32.4-canary.1220.15670.0', 'message': 'no deps or dev-deps'}
{'statusCode': 0, 'package': '@auto-canary/bot-list_9.32.4-canary.1217.15688.0', 'message': 'no deps or dev-deps'}
{'statusCode': 0, 'package': '@auto-canary/bot-list_9.32.4-canary.1217.15693.0', 'message': 'no deps or dev-deps'}
{'statusCode': 0, 'package': '@auto-canary/bot-list_9.32.4-canary.1217.15698.0', 'message': 'no deps or dev-deps'}
{'statusCode': 0, 'package': '@auto-canary/bot-list_9.32.4-canary.1217.15703.0', 'message': 'no deps or dev-deps'}
{'statusCode': 0, 'package': '@auto-canary/bot-list_9.32.4-canary.1222.15708.0', 'message': 'no deps or dev-deps'}
{'statusCode': 0, 'package': '@auto-canary/bot-list_9.32.4-canary.1223.15713.0', 'message': 'no deps or dev-deps'}
{'statusCode': 0, 'package': '@auto-canary/bot-list_9.33.1-canary.1225.15736.0', 'message': 'no deps or dev-deps'}
{'statusCode': 0, 'package': '@auto-canary/bot-list_9.33.2-canary.1227.15752.0', 'message': 'no deps or dev-deps'}
{'statusCode': 0, 'package': '@auto-canary/bot-list_9.33.3-canary.1228.15772.0', 'message': 'no deps or dev-deps'}
{'statusCode': 0, 'package': '@auto-canary/bot-list_9.33.3-canary.1226.15777.0', 'message': 'no deps or dev-deps'}
{'statusCode': 0, 'package': '@auto-canary/bot-list_9.33.3-canary.1230.15778.0', 'message': 'no deps or dev-deps'}
{'statusCode': 0, 'package': '@auto-canary/bot-list_9.33.3-canary.1229.15779.0', 'message': 'no deps or dev-deps'}
{'statusCode': 0, 'package': '@auto-canary/bot-list_9.33.3-canary.1231.15788.0', 'message': 'no deps or dev-deps'}
{'statusCode': 0, 'package': '@auto-canary/bot-list_9.33.3-canary.1232.15791.0', 'message': 'no deps or dev-deps'}
{'statusCode': 0, 'package': '@auto-canary/bot-list_9.33.3-canary.1235.15828.0', 'message': 'no deps or dev-deps'}
{'statusCode': 0, 'package': '@auto-canary/bot-list_9.34.1-canary.1236.15840.0', 'message': 'no deps or dev-deps'}
{'statusCode': 0, 'package': '@auto-canary/bot-list_9.34.2-canary.1238.15860.0', 'message': 'no deps or dev-deps'}
{'statusCode': 0, 'package': '@auto-canary/bot-list_9.34.2-canary.1238.15867.0', 'message': 'no deps or dev-deps'}
{'statusCode': 0, 'package': '@auto-canary/bot-list_9.34.2-canary.1238.15871.0', 'message': 'no deps or dev-deps'}
{'statusCode': 0, 'package': '@auto-canary/bot-list_9.34.2-canary.1238.15875.0', 'message': 'no deps or dev-deps'}
{'statusCode': 0, 'package': '@auto-canary/bot-list_9.34.2-canary.1238.15880.0', 'message': 'no deps or dev-deps'}
{'statusCode': 0, 'package': '@auto-canary/bot-list_9.34.2-canary.1241.15885.0', 'message': 'no deps or dev-deps'}
{'statusCode': 0, 'package': '@auto-canary/bot-list_9.35.0-canary.1241.15890.0', 'message': 'no deps or dev-deps'}
{'statusCode': 0, 'package': '@auto-canary/bot-list_9.35.1-canary.1242.15905.0', 'message': 'no deps or dev-deps'}
{'statusCode': 0, 'package': '@auto-canary/bot-list_9.35.1-canary.1243.15909.0', 'message': 'no deps or dev-deps'}
{'statusCode': 0, 'package': '@auto-canary/bot-list_9.35.1-canary.1242.15914.0', 'message': 'no deps or dev-deps'}
{'statusCode': 0, 'package': '@auto-canary/bot-list_9.35.2-canary.1244.15924.0', 'message': 'no deps or dev-deps'}
{'statusCode': 0, 'package': '@auto-canary/bot-list_9.35.2-canary.1206.15947.0', 'message': 'no deps or dev-deps'}
{'statusCode': 0, 'package': '@auto-canary/bot-list_9.35.2-canary.1246.15956.0', 'message': 'no deps or dev-deps'}
{'statusCode': 0, 'package': '@auto-canary/bot-list_9.35.4-canary.1247.15971.0', 'message': 'no deps or dev-deps'}
{'statusCode': 0, 'package': '@auto-canary/bot-list_9.35.4-canary.1248.15976.0', 'message': 'no deps or dev-deps'}
{'statusCode': 0, 'package': '@auto-canary/bot-list_9.36.1-canary.1249.16001.0', 'message': 'no deps or dev-deps'}
{'statusCode': 0, 'package': '@auto-canary/bot-list_9.36.3-canary.1250.16026.0', 'message': 'no deps or dev-deps'}
{'statusCode': 0, 'package': '@auto-canary/bot-list_9.36.3-canary.1251.16029.0', 'message': 'no deps or dev-deps'}
{'statusCode': 0, 'package': '@auto-canary/bot-list_9.36.3-canary.1252.16035.0', 'message': 'no deps or dev-deps'}
{'statusCode': 0, 'package': '@auto-canary/bot-list_9.36.3-canary.1253.16044.0', 'message': 'no deps or dev-deps'}
{'statusCode': 0, 'package': '@auto-canary/bot-list_9.36.3-canary.1254.16052.0', 'message': 'no deps or dev-deps'}
{'statusCode': 0, 'package': '@auto-canary/bot-list_9.36.3-canary.1256.16056.0', 'message': 'no deps or dev-deps'}
{'statusCode': 0, 'package': '@auto-canary/bot-list_9.36.3-canary.1257.16055.0', 'message': 'no deps or dev-deps'}
{'statusCode': 0, 'package': '@auto-canary/bot-list_9.36.3-canary.1258.16057.0', 'message': 'no deps or dev-deps'}
{'statusCode': 0, 'package': '@auto-canary/bot-list_9.36.3-canary.1259.16100.0', 'message': 'no deps or dev-deps'}
{'statusCode': 0, 'package': '@auto-canary/bot-list_9.36.3-canary.1259.16104.0', 'message': 'no deps or dev-deps'}
{'statusCode': 0, 'package': '@auto-canary/bot-list_9.36.3-canary.1238.16122.0', 'message': 'no deps or dev-deps'}
{'statusCode': 0, 'package': '@auto-canary/bot-list_9.36.3-canary.1255.16139.0', 'message': 'no deps or dev-deps'}
{'statusCode': 0, 'package': '@auto-canary/bot-list_9.36.3-canary.1262.16149.0', 'message': 'no deps or dev-deps'}
{'statusCode': 0, 'package': '@auto-canary/bot-list_9.36.3-canary.1264.16154.0', 'message': 'no deps or dev-deps'}
{'statusCode': 0, 'package': '@auto-canary/bot-list_9.36.5-canary.1265.16177.0', 'message': 'no deps or dev-deps'}
{'statusCode': 0, 'package': '@auto-canary/bot-list_9.36.5-canary.1265.16182.0', 'message': 'no deps or dev-deps'}
{'statusCode': 0, 'package': '@auto-canary/bot-list_9.37.1-canary.1268.16194.0', 'message': 'no deps or dev-deps'}
{'statusCode': 0, 'package': '@auto-canary/bot-list_9.38.1-canary.1269.16206.0', 'message': 'no deps or dev-deps'}
{'statusCode': 0, 'package': '@auto-canary/bot-list_9.38.1-canary.1271.16211.0', 'message': 'no deps or dev-deps'}
{'statusCode': 0, 'package': '@auto-canary/bot-list_9.38.1-canary.1273.16223.0', 'message': 'no deps or dev-deps'}
{'statusCode': 0, 'package': '@auto-canary/bot-list_9.38.2-canary.1275.16238.0', 'message': 'no deps or dev-deps'}
{'statusCode': 0, 'package': '@auto-canary/bot-list_9.38.3-canary.1278.16272.0', 'message': 'no deps or dev-deps'}
{'statusCode': 0, 'package': '@auto-canary/bot-list_9.38.3-canary.1278.16275.0', 'message': 'no deps or dev-deps'}
{'statusCode': 0, 'package': '@auto-canary/bot-list_9.39.1-canary.16287.7e1df66a.0', 'message': 'no deps or dev-deps'}
{'statusCode': 0, 'package': '@auto-canary/bot-list_9.39.1-canary.1282.16306.0', 'message': 'no deps or dev-deps'}
{'statusCode': 0, 'package': '@auto-canary/bot-list_9.39.1-canary.1284.16315.0', 'message': 'no deps or dev-deps'}
{'statusCode': 0, 'package': '@auto-canary/bot-list_9.39.1-canary.1283.16314.0', 'message': 'no deps or dev-deps'}
{'statusCode': 0, 'package': '@auto-canary/bot-list_9.39.1-canary.1286.16319.0', 'message': 'no deps or dev-deps'}
{'statusCode': 0, 'package': '@auto-canary/bot-list_9.39.1-canary.1288.16324.0', 'message': 'no deps or dev-deps'}
{'statusCode': 0, 'package': '@auto-canary/bot-list_9.39.1-canary.1289.16335.0', 'message': 'no deps or dev-deps'}
{'statusCode': 0, 'package': '@auto-canary/bot-list_9.39.1-canary.1290.16336.0', 'message': 'no deps or dev-deps'}
{'statusCode': 0, 'package': '@auto-canary/bot-list_9.39.1-canary.1291.16337.0', 'message': 'no deps or dev-deps'}
{'statusCode': 0, 'package': '@auto-canary/bot-list_9.39.1-canary.1293.16394.0', 'message': 'no deps or dev-deps'}
{'statusCode': 0, 'package': '@auto-canary/bot-list_9.39.1-canary.1297.16420.0', 'message': 'no deps or dev-deps'}
{'statusCode': 0, 'package': '@auto-canary/bot-list_9.39.1-canary.16450.d271ce7c.0', 'message': 'no deps or dev-deps'}
{'statusCode': 0, 'package': '@auto-canary/bot-list_9.39.1-canary.1303.16511.0', 'message': 'no deps or dev-deps'}
{'statusCode': 0, 'package': '@auto-canary/bot-list_9.39.1-canary.1305.16520.0', 'message': 'no deps or dev-deps'}
{'statusCode': 0, 'package': '@auto-canary/bot-list_9.39.1-canary.1304.16522.0', 'message': 'no deps or dev-deps'}
{'statusCode': 0, 'package': '@auto-canary/bot-list_9.39.1-canary.1306.16529.0', 'message': 'no deps or dev-deps'}
{'statusCode': 0, 'package': '@auto-canary/bot-list_9.39.1-canary.1308.16530.0', 'message': 'no deps or dev-deps'}
{'statusCode': 0, 'package': '@auto-canary/bot-list_9.39.1-canary.1309.16532.0', 'message': 'no deps or dev-deps'}
{'statusCode': 0, 'package': '@auto-canary/bot-list_9.39.1-canary.1311.16534.0', 'message': 'no deps or dev-deps'}
{'statusCode': 0, 'package': '@auto-canary/bot-list_9.39.1-canary.1310.16533.0', 'message': 'no deps or dev-deps'}
{'statusCode': 0, 'package': '@auto-canary/bot-list_9.39.1-canary.1307.16531.0', 'message': 'no deps or dev-deps'}
{'statusCode': 0, 'package': '@auto-canary/bot-list_9.39.1-canary.1295.16583.0', 'message': 'no deps or dev-deps'}
{'statusCode': 0, 'package': '@auto-canary/bot-list_9.39.1-canary.1314.16588.0', 'message': 'no deps or dev-deps'}
{'statusCode': 0, 'package': '@auto-canary/bot-list_9.39.1-canary.1315.16593.0', 'message': 'no deps or dev-deps'}
{'statusCode': 0, 'package': '@auto-canary/bot-list_9.39.1-canary.1316.16615.0', 'message': 'no deps or dev-deps'}
{'statusCode': 0, 'package': '@auto-canary/bot-list_9.40.0-canary.1295.16618.0', 'message': 'no deps or dev-deps'}
{'statusCode': 0, 'package': '@auto-canary/bot-list_9.39.1-canary.1310.16619.0', 'message': 'no deps or dev-deps'}
{'statusCode': 0, 'package': '@auto-canary/bot-list_9.39.1-canary.1306.16620.0', 'message': 'no deps or dev-deps'}
{'statusCode': 0, 'package': '@auto-canary/bot-list_9.40.2-canary.1319.16688.0', 'message': 'no deps or dev-deps'}
{'statusCode': 0, 'package': '@auto-canary/bot-list_9.40.2-canary.1319.16696.0', 'message': 'no deps or dev-deps'}
{'statusCode': 0, 'package': '@auto-canary/bot-list_9.40.2-canary.1301.16715.0', 'message': 'no deps or dev-deps'}
{'statusCode': 0, 'package': '@auto-canary/bot-list_9.40.2-canary.1320.16720.0', 'message': 'no deps or dev-deps'}
{'statusCode': 0, 'package': '@auto-canary/bot-list_9.40.2-canary.1321.16736.0', 'message': 'no deps or dev-deps'}
{'statusCode': 0, 'package': '@auto-canary/bot-list_9.40.3-canary.1320.16742.0', 'message': 'no deps or dev-deps'}
{'statusCode': 0, 'package': '@auto-canary/bot-list_9.40.3-canary.1322.16743.0', 'message': 'no deps or dev-deps'}
{'statusCode': 0, 'package': '@auto-canary/bot-list_9.40.4-canary.1323.16757.0', 'message': 'no deps or dev-deps'}
{'statusCode': 0, 'package': '@auto-canary/bot-list_9.40.5-canary.1325.16777.0', 'message': 'no deps or dev-deps'}
{'statusCode': 0, 'package': '@auto-canary/bot-list_9.40.5-canary.1324.16779.0', 'message': 'no deps or dev-deps'}
{'statusCode': 0, 'package': '@auto-canary/bot-list_9.40.6-canary.16798.2c46b282.0', 'message': 'no deps or dev-deps'}
{'statusCode': 0, 'package': '@auto-canary/bot-list_9.40.6-canary.1330.16831.0', 'message': 'no deps or dev-deps'}
{'statusCode': 0, 'package': '@auto-canary/bot-list_9.40.6-canary.1329.16832.0', 'message': 'no deps or dev-deps'}
{'statusCode': 0, 'package': '@auto-canary/bot-list_9.40.6-canary.1332.16853.0', 'message': 'no deps or dev-deps'}
{'statusCode': 0, 'package': '@auto-canary/bot-list_9.40.6-canary.1331.16854.0', 'message': 'no deps or dev-deps'}
{'statusCode': 0, 'package': '@auto-canary/bot-list_9.40.6-canary.1333.16857.0', 'message': 'no deps or dev-deps'}
{'statusCode': 0, 'package': '@auto-canary/bot-list_9.40.6-canary.1334.16877.0', 'message': 'no deps or dev-deps'}
{'statusCode': 0, 'package': '@auto-canary/bot-list_9.40.6-canary.1336.16890.0', 'message': 'no deps or dev-deps'}
{'statusCode': 0, 'package': '@auto-canary/bot-list_9.40.6-canary.1336.16893.0', 'message': 'no deps or dev-deps'}
{'statusCode': 0, 'package': '@auto-canary/bot-list_9.40.6-canary.1341.16936.0', 'message': 'no deps or dev-deps'}
{'statusCode': 0, 'package': '@auto-canary/bot-list_9.40.7-canary.16956.e5ebcccb.0', 'message': 'no deps or dev-deps'}
{'statusCode': 0, 'package': '@auto-canary/bot-list_9.40.7-canary.1342.16961.0', 'message': 'no deps or dev-deps'}
{'statusCode': 0, 'package': '@auto-canary/bot-list_9.40.7-canary.16963.12689441.0', 'message': 'no deps or dev-deps'}
{'statusCode': 0, 'package': '@auto-canary/bot-list_9.40.7-canary.1346.17013.0', 'message': 'no deps or dev-deps'}
{'statusCode': 0, 'package': '@auto-canary/bot-list_9.40.7-canary.1349.17050.0', 'message': 'no deps or dev-deps'}
{'statusCode': 0, 'package': '@auto-canary/bot-list_9.40.7-canary.1349.17053.0', 'message': 'no deps or dev-deps'}
{'statusCode': 0, 'package': '@auto-canary/bot-list_9.40.7-canary.1350.17058.0', 'message': 'no deps or dev-deps'}
{'statusCode': 0, 'package': '@auto-canary/bot-list_9.40.7-canary.1350.17065.0', 'message': 'no deps or dev-deps'}
{'statusCode': 0, 'package': '@auto-canary/bot-list_9.40.7-canary.1350.17069.0', 'message': 'no deps or dev-deps'}
{'statusCode': 0, 'package': '@auto-canary/bot-list_9.41.1-canary.1352.17105.0', 'message': 'no deps or dev-deps'}
{'statusCode': 0, 'package': '@auto-canary/bot-list_9.41.1-canary.1351.17106.0', 'message': 'no deps or dev-deps'}
{'statusCode': 0, 'package': '@auto-canary/bot-list_9.41.1-canary.1354.17108.0', 'message': 'no deps or dev-deps'}
{'statusCode': 0, 'package': '@auto-canary/bot-list_9.41.1-canary.1353.17107.0', 'message': 'no deps or dev-deps'}
{'statusCode': 0, 'package': '@auto-canary/bot-list_9.41.1-canary.1357.17120.0', 'message': 'no deps or dev-deps'}
{'statusCode': 0, 'package': '@auto-canary/bot-list_9.41.1-canary.1356.17119.0', 'message': 'no deps or dev-deps'}
{'statusCode': 0, 'package': '@auto-canary/bot-list_9.41.1-canary.1358.17121.0', 'message': 'no deps or dev-deps'}
{'statusCode': 0, 'package': '@auto-canary/bot-list_9.41.1-canary.1359.17122.0', 'message': 'no deps or dev-deps'}
{'statusCode': 0, 'package': '@auto-canary/bot-list_9.41.1-canary.1360.17123.0', 'message': 'no deps or dev-deps'}
{'statusCode': 0, 'package': '@auto-canary/bot-list_9.41.2-canary.f6284247c.0', 'message': 'no deps or dev-deps'}
{'statusCode': 0, 'package': '@auto-canary/bot-list_9.41.2-canary.f6284247c.1', 'message': 'no deps or dev-deps'}
{'statusCode': 0, 'package': '@auto-canary/bot-list_9.41.2-canary.1361.17182.0', 'message': 'no deps or dev-deps'}
{'statusCode': 0, 'package': '@auto-canary/bot-list_9.41.2-canary.1362.17187.0', 'message': 'no deps or dev-deps'}
{'statusCode': 0, 'package': '@auto-canary/bot-list_9.43.1-canary.1363.17210.0', 'message': 'no deps or dev-deps'}
{'statusCode': 0, 'package': '@auto-canary/bot-list_9.43.2-canary.1369.17241.0', 'message': 'no deps or dev-deps'}
{'statusCode': 0, 'package': '@auto-canary/bot-list_9.43.3-canary.1370.17253.0', 'message': 'no deps or dev-deps'}
{'statusCode': 0, 'package': '@auto-canary/bot-list_9.43.3-canary.1370.17258.0', 'message': 'no deps or dev-deps'}
{'statusCode': 0, 'package': '@auto-canary/bot-list_9.44.1-canary.1371.17274.0', 'message': 'no deps or dev-deps'}
{'statusCode': 0, 'package': '@auto-canary/bot-list_9.45.1-canary.1372.17308.0', 'message': 'no deps or dev-deps'}
{'statusCode': 0, 'package': '@auto-canary/bot-list_9.45.1-canary.1373.17313.0', 'message': 'no deps or dev-deps'}
{'statusCode': 0, 'package': '@auto-canary/bot-list_9.45.1-canary.1374.17320.0', 'message': 'no deps or dev-deps'}
{'statusCode': 0, 'package': '@auto-canary/bot-list_9.45.1-canary.1375.17321.0', 'message': 'no deps or dev-deps'}
{'statusCode': 0, 'package': '@auto-canary/bot-list_9.45.1-canary.1376.17322.0', 'message': 'no deps or dev-deps'}
{'statusCode': 0, 'package': '@auto-canary/bot-list_9.45.1-canary.1378.17326.0', 'message': 'no deps or dev-deps'}
{'statusCode': 0, 'package': '@auto-canary/bot-list_9.45.1-canary.1379.17325.0', 'message': 'no deps or dev-deps'}
{'statusCode': 0, 'package': '@auto-canary/bot-list_9.45.1-canary.1377.17327.0', 'message': 'no deps or dev-deps'}
{'statusCode': 0, 'package': '@auto-canary/bot-list_9.45.1-canary.1380.17328.0', 'message': 'no deps or dev-deps'}
{'statusCode': 0, 'package': '@auto-canary/bot-list_9.45.1-canary.1380.17372.0', 'message': 'no deps or dev-deps'}
{'statusCode': 0, 'package': '@auto-canary/bot-list_9.46.0-canary.1382.17384.0', 'message': 'no deps or dev-deps'}
{'statusCode': 0, 'package': '@auto-canary/bot-list_9.45.1-canary.1380.17392.0', 'message': 'no deps or dev-deps'}
{'statusCode': 0, 'package': '@auto-canary/bot-list_9.46.1-canary.1383.17400.0', 'message': 'no deps or dev-deps'}
{'statusCode': 0, 'package': '@auto-canary/bot-list_9.47.1-canary.1386.17435.0', 'message': 'no deps or dev-deps'}
{'statusCode': 0, 'package': '@auto-canary/bot-list_9.47.1-canary.1384.17436.0', 'message': 'no deps or dev-deps'}
{'statusCode': 0, 'package': '@auto-canary/bot-list_9.47.1-canary.1387.17439.0', 'message': 'no deps or dev-deps'}
{'statusCode': 0, 'package': '@auto-canary/bot-list_9.47.1-canary.1388.17440.0', 'message': 'no deps or dev-deps'}
{'statusCode': 0, 'package': '@auto-canary/bot-list_9.47.1-canary.1389.17444.0', 'message': 'no deps or dev-deps'}
{'statusCode': 0, 'package': '@auto-canary/bot-list_9.47.1-canary.1391.17445.0', 'message': 'no deps or dev-deps'}
{'statusCode': 0, 'package': '@auto-canary/bot-list_9.47.1-canary.1392.17448.0', 'message': 'no deps or dev-deps'}
{'statusCode': 0, 'package': '@auto-canary/bot-list_9.47.1-canary.1393.17453.0', 'message': 'no deps or dev-deps'}
{'statusCode': 0, 'package': '@auto-canary/bot-list_9.47.2-canary.1390.17506.0', 'message': 'no deps or dev-deps'}
{'statusCode': 0, 'package': '@auto-canary/bot-list_9.47.2-canary.1395.17526.0', 'message': 'no deps or dev-deps'}
{'statusCode': 0, 'package': '@auto-canary/bot-list_9.47.3-canary.1397.17542.0', 'message': 'no deps or dev-deps'}
{'statusCode': 0, 'package': '@auto-canary/bot-list_9.47.3-canary.1397.17547.0', 'message': 'no deps or dev-deps'}
{'statusCode': 0, 'package': '@auto-canary/bot-list_9.48.1-canary.1399.17559.0', 'message': 'no deps or dev-deps'}
{'statusCode': 0, 'package': '@auto-canary/bot-list_9.48.2-canary.1402.17571.0', 'message': 'no deps or dev-deps'}
{'statusCode': 0, 'package': '@auto-canary/bot-list_9.48.2-canary.1403.17592.0', 'message': 'no deps or dev-deps'}
{'statusCode': 0, 'package': '@auto-canary/bot-list_9.48.2-canary.1404.17593.0', 'message': 'no deps or dev-deps'}
{'statusCode': 0, 'package': '@auto-canary/bot-list_9.48.2-canary.1405.17594.0', 'message': 'no deps or dev-deps'}
{'statusCode': 0, 'package': '@auto-canary/bot-list_9.48.2-canary.1407.17596.0', 'message': 'no deps or dev-deps'}
{'statusCode': 0, 'package': '@auto-canary/bot-list_9.48.2-canary.1406.17595.0', 'message': 'no deps or dev-deps'}
{'statusCode': 0, 'package': '@auto-canary/bot-list_9.48.2-canary.1410.17642.0', 'message': 'no deps or dev-deps'}
{'statusCode': 0, 'package': '@auto-canary/bot-list_9.48.2-canary.1410.17646.0', 'message': 'no deps or dev-deps'}
{'statusCode': 0, 'package': '@auto-canary/bot-list_9.48.2-canary.1412.17656.0', 'message': 'no deps or dev-deps'}
{'statusCode': 0, 'package': '@auto-canary/bot-list_9.48.3-canary.1414.17676.0', 'message': 'no deps or dev-deps'}
{'statusCode': 0, 'package': '@auto-canary/bot-list_9.48.4-canary.1413.17702.0', 'message': 'no deps or dev-deps'}
{'statusCode': 0, 'package': '@auto-canary/bot-list_9.49.1-canary.1417.17714.0', 'message': 'no deps or dev-deps'}
{'statusCode': 0, 'package': '@auto-canary/bot-list_9.49.1-canary.1419.17719.0', 'message': 'no deps or dev-deps'}
{'statusCode': 0, 'package': '@auto-canary/bot-list_9.49.2-canary.1420.17733.0', 'message': 'no deps or dev-deps'}
{'statusCode': 0, 'package': '@auto-canary/bot-list_9.49.2-canary.1420.17736.0', 'message': 'no deps or dev-deps'}
{'statusCode': 0, 'package': '@auto-canary/bot-list_9.49.2-canary.1417.17757.0', 'message': 'no deps or dev-deps'}
{'statusCode': 0, 'package': '@auto-canary/bot-list_9.49.2-canary.1424.17762.0', 'message': 'no deps or dev-deps'}
{'statusCode': 0, 'package': '@auto-canary/bot-list_9.49.2-canary.1424.17767.0', 'message': 'no deps or dev-deps'}
{'statusCode': 0, 'package': '@auto-canary/bot-list_9.49.2-canary.1427.17789.0', 'message': 'no deps or dev-deps'}
{'statusCode': 0, 'package': '@auto-canary/bot-list_9.49.2-canary.1424.17798.0', 'message': 'no deps or dev-deps'}
{'statusCode': 0, 'package': '@auto-canary/bot-list_9.49.3-canary.1424.17806.0', 'message': 'no deps or dev-deps'}
{'statusCode': 0, 'package': '@auto-canary/bot-list_9.49.4-canary.1429.17818.0', 'message': 'no deps or dev-deps'}
{'statusCode': 0, 'package': '@auto-canary/bot-list_9.49.4-canary.1430.17843.0', 'message': 'no deps or dev-deps'}
{'statusCode': 0, 'package': '@auto-canary/bot-list_9.49.4-canary.1432.17848.0', 'message': 'no deps or dev-deps'}
{'statusCode': 0, 'package': '@auto-canary/bot-list_9.49.4-canary.1431.17849.0', 'message': 'no deps or dev-deps'}
{'statusCode': 0, 'package': '@auto-canary/bot-list_9.49.4-canary.1433.17850.0', 'message': 'no deps or dev-deps'}
{'statusCode': 0, 'package': '@auto-canary/bot-list_9.49.4-canary.1434.17851.0', 'message': 'no deps or dev-deps'}
{'statusCode': 0, 'package': '@auto-canary/bot-list_9.49.4-canary.1435.17852.0', 'message': 'no deps or dev-deps'}
{'statusCode': 0, 'package': '@auto-canary/bot-list_9.49.4-canary.1436.17853.0', 'message': 'no deps or dev-deps'}
{'statusCode': 0, 'package': '@auto-canary/bot-list_9.49.4-canary.1431.17893.0', 'message': 'no deps or dev-deps'}
{'statusCode': 0, 'package': '@auto-canary/bot-list_9.49.5-canary.1442.17938.0', 'message': 'no deps or dev-deps'}
{'statusCode': 0, 'package': '@auto-canary/bot-list_9.49.5-canary.1442.17943.0', 'message': 'no deps or dev-deps'}
{'statusCode': 0, 'package': '@auto-canary/bot-list_9.49.6-canary.1445.17967.0', 'message': 'no deps or dev-deps'}
{'statusCode': 0, 'package': '@auto-canary/bot-list_9.50.1-canary.1450.18001.0', 'message': 'no deps or dev-deps'}
{'statusCode': 0, 'package': '@auto-canary/bot-list_9.50.2-canary.1451.18033.0', 'message': 'no deps or dev-deps'}
{'statusCode': 0, 'package': '@auto-canary/bot-list_9.50.2-canary.1453.18034.0', 'message': 'no deps or dev-deps'}
{'statusCode': 0, 'package': '@auto-canary/bot-list_9.50.2-canary.1452.18035.0', 'message': 'no deps or dev-deps'}
{'statusCode': 0, 'package': '@auto-canary/bot-list_9.50.2-canary.1454.18042.0', 'message': 'no deps or dev-deps'}
{'statusCode': 0, 'package': '@auto-canary/bot-list_9.50.2-canary.1457.18048.0', 'message': 'no deps or dev-deps'}
{'statusCode': 0, 'package': '@auto-canary/bot-list_9.50.2-canary.1456.18045.0', 'message': 'no deps or dev-deps'}
{'statusCode': 0, 'package': '@auto-canary/bot-list_9.50.2-canary.1458.18049.0', 'message': 'no deps or dev-deps'}
{'statusCode': 0, 'package': '@auto-canary/bot-list_9.50.2-canary.1459.18050.0', 'message': 'no deps or dev-deps'}
{'statusCode': 0, 'package': '@auto-canary/bot-list_9.50.2-canary.1452.18093.0', 'message': 'no deps or dev-deps'}
{'statusCode': 0, 'package': '@auto-canary/bot-list_9.50.2-canary.1457.18095.0', 'message': 'no deps or dev-deps'}
{'statusCode': 0, 'package': '@auto-canary/bot-list_9.50.2-canary.1460.18098.0', 'message': 'no deps or dev-deps'}
{'statusCode': 0, 'package': '@auto-canary/bot-list_9.50.2-canary.1455.18114.0', 'message': 'no deps or dev-deps'}
{'statusCode': 0, 'package': '@auto-canary/bot-list_9.50.4-canary.1465.18148.0', 'message': 'no deps or dev-deps'}
{'statusCode': 0, 'package': '@auto-canary/bot-list_9.50.4-canary.1465.18154.0', 'message': 'no deps or dev-deps'}
{'statusCode': 0, 'package': '@auto-canary/bot-list_9.50.4-canary.1465.18155.0', 'message': 'no deps or dev-deps'}
{'statusCode': 0, 'package': '@auto-canary/bot-list_9.50.4-canary.1466.18169.0', 'message': 'no deps or dev-deps'}
{'statusCode': 0, 'package': '@auto-canary/bot-list_9.50.4-canary.1466.18171.0', 'message': 'no deps or dev-deps'}
{'statusCode': 0, 'package': '@auto-canary/bot-list_9.50.4-canary.1466.18172.0', 'message': 'no deps or dev-deps'}
{'statusCode': 0, 'package': '@auto-canary/bot-list_9.50.5-canary.1467.18188.0', 'message': 'no deps or dev-deps'}
{'statusCode': 0, 'package': '@auto-canary/bot-list_9.50.7-canary.1468.18205.0', 'message': 'no deps or dev-deps'}
{'statusCode': 0, 'package': '@auto-canary/bot-list_9.50.7-canary.1470.18220.0', 'message': 'no deps or dev-deps'}
{'statusCode': 0, 'package': '@auto-canary/bot-list_9.50.8-canary.1472.18232.0', 'message': 'no deps or dev-deps'}
{'statusCode': 0, 'package': '@auto-canary/bot-list_9.50.8-canary.1472.18237.0', 'message': 'no deps or dev-deps'}
{'statusCode': 0, 'package': '@auto-canary/bot-list_9.50.9-canary.1473.18249.0', 'message': 'no deps or dev-deps'}
{'statusCode': 0, 'package': '@auto-canary/bot-list_9.50.10-canary.1474.18264.0', 'message': 'no deps or dev-deps'}
{'statusCode': 0, 'package': '@auto-canary/bot-list_9.50.11-canary.1476.18286.0', 'message': 'no deps or dev-deps'}
{'statusCode': 0, 'package': '@auto-canary/bot-list_9.50.12-canary.1478.18318.0', 'message': 'no deps or dev-deps'}
{'statusCode': 0, 'package': '@auto-canary/bot-list_9.50.12-canary.1477.18322.0', 'message': 'no deps or dev-deps'}
{'statusCode': 0, 'package': '@auto-canary/bot-list_9.50.12-canary.1479.18327.0', 'message': 'no deps or dev-deps'}
{'statusCode': 0, 'package': '@auto-canary/bot-list_9.50.12-canary.1480.18333.0', 'message': 'no deps or dev-deps'}
{'statusCode': 0, 'package': '@auto-canary/bot-list_9.50.12-canary.1481.18334.0', 'message': 'no deps or dev-deps'}
{'statusCode': 0, 'package': '@auto-canary/bot-list_9.50.12-canary.1483.18337.0', 'message': 'no deps or dev-deps'}
{'statusCode': 0, 'package': '@auto-canary/bot-list_9.50.12-canary.1482.18338.0', 'message': 'no deps or dev-deps'}
{'statusCode': 0, 'package': '@auto-canary/bot-list_9.50.12-canary.1484.18339.0', 'message': 'no deps or dev-deps'}
{'statusCode': 0, 'package': '@auto-canary/bot-list_9.50.12-canary.1485.18340.0', 'message': 'no deps or dev-deps'}
{'statusCode': 0, 'package': '@auto-canary/bot-list_9.50.12-canary.1483.18381.0', 'message': 'no deps or dev-deps'}
{'statusCode': 0, 'package': '@auto-canary/bot-list_9.50.12-canary.1487.18395.0', 'message': 'no deps or dev-deps'}
{'statusCode': 0, 'package': '@auto-canary/bot-list_9.51.1-canary.1489.18418.0', 'message': 'no deps or dev-deps'}
{'statusCode': 0, 'package': '@auto-canary/bot-list_9.52.1-canary.1492.18439.0', 'message': 'no deps or dev-deps'}
{'statusCode': 0, 'package': '@auto-canary/bot-list_9.52.1-canary.1493.18440.0', 'message': 'no deps or dev-deps'}
{'statusCode': 0, 'package': '@auto-canary/bot-list_9.52.1-canary.1494.18442.0', 'message': 'no deps or dev-deps'}
{'statusCode': 0, 'package': '@auto-canary/bot-list_9.52.1-canary.1495.18462.0', 'message': 'no deps or dev-deps'}
{'statusCode': 0, 'package': '@auto-canary/bot-list_9.52.1-canary.1496.18461.0', 'message': 'no deps or dev-deps'}
{'statusCode': 0, 'package': '@auto-canary/bot-list_9.52.1-canary.1497.18463.0', 'message': 'no deps or dev-deps'}
{'statusCode': 0, 'package': '@auto-canary/bot-list_9.52.1-canary.1499.18464.0', 'message': 'no deps or dev-deps'}
{'statusCode': 0, 'package': '@auto-canary/bot-list_9.52.1-canary.1498.18465.0', 'message': 'no deps or dev-deps'}
{'statusCode': 0, 'package': '@auto-canary/bot-list_9.52.1-canary.18473.3831ff2a.0', 'message': 'no deps or dev-deps'}
{'statusCode': 0, 'package': '@auto-canary/bot-list_9.52.1-canary.1500.18487.0', 'message': 'no deps or dev-deps'}
{'statusCode': 0, 'package': '@auto-canary/bot-list_9.52.1-canary.1500.18494.0', 'message': 'no deps or dev-deps'}
{'statusCode': 0, 'package': '@auto-canary/bot-list_9.52.1-canary.1500.18497.0', 'message': 'no deps or dev-deps'}
{'statusCode': 0, 'package': '@auto-canary/bot-list_9.52.1-canary.1500.18505.0', 'message': 'no deps or dev-deps'}
{'statusCode': 0, 'package': '@auto-canary/bot-list_9.52.1-canary.1500.18510.0', 'message': 'no deps or dev-deps'}
{'statusCode': 0, 'package': '@auto-canary/bot-list_9.52.1-canary.1500.18517.0', 'message': 'no deps or dev-deps'}
{'statusCode': 0, 'package': '@auto-canary/bot-list_9.52.1-canary.1500.18520.0', 'message': 'no deps or dev-deps'}
{'statusCode': 0, 'package': '@auto-canary/bot-list_9.52.1-canary.1500.18529.0', 'message': 'no deps or dev-deps'}
{'statusCode': 0, 'package': '@auto-canary/bot-list_9.52.1-canary.1500.18534.0', 'message': 'no deps or dev-deps'}
{'statusCode': 0, 'package': '@auto-canary/bot-list_9.52.1-canary.1502.18553.0', 'message': 'no deps or dev-deps'}
{'statusCode': 0, 'package': '@auto-canary/bot-list_9.52.1-canary.1504.18556.0', 'message': 'no deps or dev-deps'}
{'statusCode': 0, 'package': '@auto-canary/bot-list_9.52.1-canary.1505.18557.0', 'message': 'no deps or dev-deps'}
{'statusCode': 0, 'package': '@auto-canary/bot-list_9.52.1-canary.1506.18560.0', 'message': 'no deps or dev-deps'}
{'statusCode': 0, 'package': '@auto-canary/bot-list_9.52.1-canary.1506.18599.0', 'message': 'no deps or dev-deps'}
{'statusCode': 0, 'package': '@auto-canary/bot-list_9.52.1-canary.1499.18598.0', 'message': 'no deps or dev-deps'}
{'statusCode': 0, 'package': '@auto-canary/bot-list_9.52.1-canary.1502.18600.0', 'message': 'no deps or dev-deps'}
{'statusCode': 0, 'package': '@auto-canary/bot-list_9.52.1-canary.1505.18605.0', 'message': 'no deps or dev-deps'}
{'statusCode': 0, 'package': '@auto-canary/bot-list_9.52.1-canary.1506.18620.0', 'message': 'no deps or dev-deps'}
{'statusCode': 0, 'package': '@auto-canary/bot-list_9.52.1-canary.1512.18659.0', 'message': 'no deps or dev-deps'}
{'statusCode': 0, 'package': '@auto-canary/bot-list_9.52.1-canary.1513.18662.0', 'message': 'no deps or dev-deps'}
{'statusCode': 0, 'package': '@auto-canary/bot-list_9.52.1-canary.1515.18667.0', 'message': 'no deps or dev-deps'}
{'statusCode': 0, 'package': '@auto-canary/bot-list_9.52.1-canary.1517.18670.0', 'message': 'no deps or dev-deps'}
{'statusCode': 0, 'package': '@auto-canary/bot-list_9.52.1-canary.1516.18671.0', 'message': 'no deps or dev-deps'}
{'statusCode': 0, 'package': '@auto-canary/bot-list_9.52.1-canary.1518.18672.0', 'message': 'no deps or dev-deps'}
{'statusCode': 0, 'package': '@auto-canary/bot-list_9.52.1-canary.1516.18721.0', 'message': 'no deps or dev-deps'}
{'statusCode': 0, 'package': '@auto-canary/bot-list_9.52.1-canary.1519.18729.0', 'message': 'no deps or dev-deps'}
{'statusCode': 0, 'package': '@auto-canary/bot-list_9.53.1-canary.1520.18747.0', 'message': 'no deps or dev-deps'}
{'statusCode': 0, 'package': '@auto-canary/bot-list_9.53.2-canary.1522.18758.0', 'message': 'no deps or dev-deps'}
{'statusCode': 0, 'package': '@auto-canary/bot-list_9.53.2-canary.1523.18765.0', 'message': 'no deps or dev-deps'}
{'statusCode': 0, 'package': '@auto-canary/bot-list_9.53.2-canary.1524.18768.0', 'message': 'no deps or dev-deps'}
{'statusCode': 0, 'package': '@auto-canary/bot-list_9.53.2-canary.1526.18788.0', 'message': 'no deps or dev-deps'}
{'statusCode': 0, 'package': '@auto-canary/bot-list_9.53.2-canary.1529.18806.0', 'message': 'no deps or dev-deps'}
{'statusCode': 0, 'package': '@auto-canary/bot-list_9.53.2-canary.1530.18809.0', 'message': 'no deps or dev-deps'}
{'statusCode': 0, 'package': '@auto-canary/bot-list_9.53.2-canary.1531.18810.0', 'message': 'no deps or dev-deps'}
{'statusCode': 0, 'package': '@auto-canary/bot-list_9.53.2-canary.1533.18813.0', 'message': 'no deps or dev-deps'}
{'statusCode': 0, 'package': '@auto-canary/bot-list_9.53.2-canary.1534.18814.0', 'message': 'no deps or dev-deps'}
{'statusCode': 0, 'package': '@auto-canary/bot-list_9.53.2-canary.1522.18867.0', 'message': 'no deps or dev-deps'}
{'statusCode': 0, 'package': '@auto-canary/bot-list_9.53.2-canary.1528.18875.0', 'message': 'no deps or dev-deps'}
{'statusCode': 0, 'package': '@auto-canary/bot-list_9.53.2-canary.1528.18885.0', 'message': 'no deps or dev-deps'}
{'statusCode': 0, 'package': '@auto-canary/bot-list_9.53.2-canary.1532.18901.0', 'message': 'no deps or dev-deps'}
{'statusCode': 0, 'package': '@auto-canary/bot-list_9.53.2-canary.1538.18950.0', 'message': 'no deps or dev-deps'}
{'statusCode': 0, 'package': '@auto-canary/bot-list_9.53.2-canary.1539.18951.0', 'message': 'no deps or dev-deps'}
{'statusCode': 0, 'package': '@auto-canary/bot-list_9.53.2-canary.1540.18952.0', 'message': 'no deps or dev-deps'}
{'statusCode': 0, 'package': '@auto-canary/bot-list_9.53.2-canary.1542.18955.0', 'message': 'no deps or dev-deps'}
{'statusCode': 0, 'package': '@auto-canary/bot-list_9.53.2-canary.1541.18960.0', 'message': 'no deps or dev-deps'}
{'statusCode': 0, 'package': '@auto-canary/bot-list_9.53.2-canary.1545.18962.0', 'message': 'no deps or dev-deps'}
{'statusCode': 0, 'package': '@auto-canary/bot-list_9.53.2-canary.1543.18961.0', 'message': 'no deps or dev-deps'}
{'statusCode': 0, 'package': '@auto-canary/bot-list_9.53.2-canary.1544.18963.0', 'message': 'no deps or dev-deps'}
{'statusCode': 0, 'package': '@auto-canary/bot-list_9.53.2-canary.1546.18964.0', 'message': 'no deps or dev-deps'}
{'statusCode': 0, 'package': '@auto-canary/bot-list_9.53.2-canary.1544.18990.0', 'message': 'no deps or dev-deps'}
{'statusCode': 0, 'package': '@auto-canary/bot-list_9.53.2-canary.1549.19001.0', 'message': 'no deps or dev-deps'}
{'statusCode': 0, 'package': '@auto-canary/bot-list_9.53.2-canary.1550.19002.0', 'message': 'no deps or dev-deps'}
{'statusCode': 0, 'package': '@auto-canary/bot-list_9.53.2-canary.1551.19005.0', 'message': 'no deps or dev-deps'}
{'statusCode': 0, 'package': '@auto-canary/bot-list_9.53.2-canary.1554.19010.0', 'message': 'no deps or dev-deps'}
{'statusCode': 0, 'package': '@auto-canary/bot-list_9.53.2-canary.1554.19015.0', 'message': 'no deps or dev-deps'}
{'statusCode': 0, 'package': '@auto-canary/bot-list_9.53.2-canary.1554.19020.0', 'message': 'no deps or dev-deps'}
{'statusCode': 0, 'package': '@auto-canary/bot-list_9.53.2-canary.1554.19026.0', 'message': 'no deps or dev-deps'}
{'statusCode': 0, 'package': '@auto-canary/bot-list_9.53.2-canary.1554.19032.0', 'message': 'no deps or dev-deps'}
{'statusCode': 0, 'package': '@auto-canary/bot-list_9.53.2-canary.1555.19043.0', 'message': 'no deps or dev-deps'}
{'statusCode': 0, 'package': '@auto-canary/bot-list_9.53.2-canary.1556.19104.0', 'message': 'no deps or dev-deps'}
{'statusCode': 0, 'package': '@auto-canary/bot-list_9.54.1-canary.1559.19135.0', 'message': 'no deps or dev-deps'}
{'statusCode': 0, 'package': '@auto-canary/bot-list_9.54.1-canary.1561.19141.0', 'message': 'no deps or dev-deps'}
{'statusCode': 0, 'package': '@auto-canary/bot-list_9.54.2-canary.1562.19155.0', 'message': 'no deps or dev-deps'}
{'statusCode': 0, 'package': '@auto-canary/bot-list_9.54.3-canary.1563.19179.0', 'message': 'no deps or dev-deps'}
{'statusCode': 0, 'package': '@auto-canary/bot-list_9.54.3-canary.1564.19180.0', 'message': 'no deps or dev-deps'}
{'statusCode': 0, 'package': '@auto-canary/bot-list_9.54.3-canary.1565.19181.0', 'message': 'no deps or dev-deps'}
{'statusCode': 0, 'package': '@auto-canary/bot-list_9.54.3-canary.1566.19194.0', 'message': 'no deps or dev-deps'}
{'statusCode': 0, 'package': '@auto-canary/bot-list_9.54.4-canary.1568.19208.0', 'message': 'no deps or dev-deps'}
{'statusCode': 0, 'package': '@auto-canary/bot-list_9.54.5-canary.1569.19222.0', 'message': 'no deps or dev-deps'}
{'statusCode': 0, 'package': '@auto-canary/bot-list_9.54.6-canary.1570.19251.0', 'message': 'no deps or dev-deps'}
{'statusCode': 0, 'package': '@auto-canary/bot-list_9.54.6-canary.1571.19257.0', 'message': 'no deps or dev-deps'}
{'statusCode': 0, 'package': '@auto-canary/bot-list_9.54.7-canary.1572.19271.0', 'message': 'no deps or dev-deps'}
{'statusCode': 0, 'package': '@auto-canary/bot-list_9.55.1-canary.1575.19293.0', 'message': 'no deps or dev-deps'}
{'statusCode': 0, 'package': '@auto-canary/bot-list_9.55.1-canary.1570.19304.0', 'message': 'no deps or dev-deps'}
{'statusCode': 0, 'package': '@auto-canary/bot-list_9.55.1-canary.1576.19315.0', 'message': 'no deps or dev-deps'}
{'statusCode': 0, 'package': '@auto-canary/bot-list_9.55.1-canary.1575.19322.0', 'message': 'no deps or dev-deps'}
{'statusCode': 0, 'package': '@auto-canary/bot-list_9.56.1-canary.1575.19341.0', 'message': 'no deps or dev-deps'}
{'statusCode': 0, 'package': '@auto-canary/bot-list_9.56.1-canary.1575.19340.0', 'message': 'no deps or dev-deps'}
{'statusCode': 0, 'package': '@auto-canary/bot-list_9.56.1-canary.1575.19347.0', 'message': 'no deps or dev-deps'}
{'statusCode': 0, 'package': '@auto-canary/bot-list_9.57.1-canary.1580.19378.0', 'message': 'no deps or dev-deps'}
{'statusCode': 0, 'package': '@auto-canary/bot-list_9.57.1-canary.1581.19401.0', 'message': 'no deps or dev-deps'}
{'statusCode': 0, 'package': '@auto-canary/bot-list_9.57.1-canary.1583.19405.0', 'message': 'no deps or dev-deps'}
{'statusCode': 0, 'package': '@auto-canary/bot-list_9.57.1-canary.1584.19407.0', 'message': 'no deps or dev-deps'}
{'statusCode': 0, 'package': '@auto-canary/bot-list_9.57.1-canary.1585.19408.0', 'message': 'no deps or dev-deps'}
{'statusCode': 0, 'package': '@auto-canary/bot-list_9.57.1-canary.1582.19406.0', 'message': 'no deps or dev-deps'}
{'statusCode': 0, 'package': '@auto-canary/bot-list_9.58.1-canary.1589.19427.0', 'message': 'no deps or dev-deps'}
{'statusCode': 0, 'package': '@auto-canary/bot-list_9.59.1-canary.1590.19456.0', 'message': 'no deps or dev-deps'}
{'statusCode': 0, 'package': '@auto-canary/bot-list_9.59.1-canary.1591.19467.0', 'message': 'no deps or dev-deps'}
{'statusCode': 0, 'package': '@auto-canary/bot-list_9.59.2-canary.1590.19486.0', 'message': 'no deps or dev-deps'}
{'statusCode': 0, 'package': '@auto-canary/bot-list_9.59.2-canary.1590.19492.0', 'message': 'no deps or dev-deps'}
{'statusCode': 0, 'package': '@auto-canary/bot-list_9.59.2-canary.1594.19499.0', 'message': 'no deps or dev-deps'}
{'statusCode': 0, 'package': '@auto-canary/bot-list_9.59.2-canary.1595.19506.0', 'message': 'no deps or dev-deps'}
{'statusCode': 0, 'package': '@auto-canary/bot-list_9.59.2-canary.1596.19510.0', 'message': 'no deps or dev-deps'}
{'statusCode': 0, 'package': '@auto-canary/bot-list_9.59.2-canary.1596.19559.0', 'message': 'no deps or dev-deps'}
{'statusCode': 0, 'package': '@auto-canary/bot-list_9.59.2-canary.1594.19557.0', 'message': 'no deps or dev-deps'}
{'statusCode': 0, 'package': '@auto-canary/bot-list_9.59.2-canary.1598.19558.0', 'message': 'no deps or dev-deps'}
{'statusCode': 0, 'package': '@auto-canary/bot-list_9.59.2-canary.1585.19560.0', 'message': 'no deps or dev-deps'}
{'statusCode': 0, 'package': '@auto-canary/bot-list_9.59.2-canary.1582.19562.0', 'message': 'no deps or dev-deps'}
{'statusCode': 0, 'package': '@auto-canary/bot-list_9.59.2-canary.1595.19561.0', 'message': 'no deps or dev-deps'}
{'statusCode': 0, 'package': '@auto-canary/bot-list_9.59.2-canary.1583.19563.0', 'message': 'no deps or dev-deps'}
{'statusCode': 0, 'package': '@auto-canary/bot-list_9.59.2-canary.1599.19607.0', 'message': 'no deps or dev-deps'}
{'statusCode': 0, 'package': '@auto-canary/bot-list_9.59.2-canary.1599.19619.0', 'message': 'no deps or dev-deps'}
{'statusCode': 0, 'package': '@auto-canary/bot-list_9.59.2-canary.1599.19625.0', 'message': 'no deps or dev-deps'}
{'statusCode': 0, 'package': '@auto-canary/bot-list_9.59.2-canary.1599.19630.0', 'message': 'no deps or dev-deps'}
{'statusCode': 0, 'package': '@auto-canary/bot-list_9.59.2-canary.1599.19634.0', 'message': 'no deps or dev-deps'}
{'statusCode': 0, 'package': '@auto-canary/bot-list_9.60.1-canary.1603.19671.0', 'message': 'no deps or dev-deps'}
{'statusCode': 0, 'package': '@auto-canary/bot-list_9.60.1-canary.1603.19672.0', 'message': 'no deps or dev-deps'}
{'statusCode': 0, 'package': '@auto-canary/bot-list_9.60.2-canary.3027c8b0a.0', 'message': 'no deps or dev-deps'}
{'statusCode': 0, 'package': '@auto-canary/bot-list_9.60.2-canary.1605.19702.0', 'message': 'no deps or dev-deps'}
{'statusCode': 0, 'package': '@auto-canary/bot-list_9.60.2-canary.1607.19710.0', 'message': 'no deps or dev-deps'}
{'statusCode': 0, 'package': '@auto-canary/bot-list_9.60.2-canary.1604.19722.0', 'message': 'no deps or dev-deps'}
{'statusCode': 0, 'package': '@auto-canary/bot-list_9.60.2-canary.1610.19775.0', 'message': 'no deps or dev-deps'}
{'statusCode': 0, 'package': '@auto-canary/bot-list_9.60.2-canary.1613.19783.0', 'message': 'no deps or dev-deps'}
{'statusCode': 0, 'package': '@auto-canary/bot-list_9.60.2-canary.1612.19785.0', 'message': 'no deps or dev-deps'}
{'statusCode': 0, 'package': '@auto-canary/bot-list_9.60.2-canary.1611.19784.0', 'message': 'no deps or dev-deps'}
{'statusCode': 0, 'package': '@auto-canary/bot-list_9.60.2-canary.1614.19789.0', 'message': 'no deps or dev-deps'}
{'statusCode': 0, 'package': '@auto-canary/bot-list_9.60.2-canary.1615.19790.0', 'message': 'no deps or dev-deps'}
{'statusCode': 0, 'package': '@auto-canary/bot-list_9.60.2-canary.1616.19791.0', 'message': 'no deps or dev-deps'}
{'statusCode': 0, 'package': '@auto-canary/bot-list_9.60.2-canary.1570.19802.0', 'message': 'no deps or dev-deps'}
{'statusCode': 0, 'package': '@auto-canary/bot-list_9.60.2-canary.1609.19803.0', 'message': 'no deps or dev-deps'}
{'statusCode': 0, 'package': '@auto-canary/bot-list_9.61.1-canary.1613.19823.0', 'message': 'no deps or dev-deps'}
{'statusCode': 0, 'package': '@auto-canary/bot-list_9.61.1-canary.1585.19875.0', 'message': 'no deps or dev-deps'}
{'statusCode': 0, 'package': '@auto-canary/bot-list_9.61.1-canary.1615.19885.0', 'message': 'no deps or dev-deps'}
{'statusCode': 0, 'package': '@auto-canary/bot-list_9.61.1-canary.1151.19901.0', 'message': 'no deps or dev-deps'}
{'statusCode': 0, 'package': '@auto-canary/bot-list_10.0.0-canary.1618.19907.0', 'message': 'no deps or dev-deps'}
{'statusCode': 0, 'package': '@auto-canary/bot-list_10.0.1-canary.1619.19927.0', 'message': 'no deps or dev-deps'}
{'statusCode': 0, 'package': '@auto-canary/bot-list_10.0.1-canary.1619.19933.0', 'message': 'no deps or dev-deps'}
{'statusCode': 0, 'package': '@auto-canary/bot-list_10.0.2-canary.1620.19949.0', 'message': 'no deps or dev-deps'}
{'statusCode': 0, 'package': '@auto-canary/bot-list_10.0.3-canary.1590.19966.0', 'message': 'no deps or dev-deps'}
{'statusCode': 0, 'package': '@auto-canary/bot-list_10.0.3-canary.1621.19991.0', 'message': 'no deps or dev-deps'}
{'statusCode': 0, 'package': '@auto-canary/bot-list_10.0.3-canary.1622.19997.0', 'message': 'no deps or dev-deps'}
{'statusCode': 0, 'package': '@auto-canary/bot-list_10.0.3-canary.1624.19998.0', 'message': 'no deps or dev-deps'}
{'statusCode': 0, 'package': '@auto-canary/bot-list_10.0.3-canary.1623.19999.0', 'message': 'no deps or dev-deps'}
{'statusCode': 0, 'package': '@auto-canary/bot-list_10.0.3-canary.1625.20006.0', 'message': 'no deps or dev-deps'}
{'statusCode': 0, 'package': '@auto-canary/bot-list_10.0.3-canary.1626.20007.0', 'message': 'no deps or dev-deps'}
{'statusCode': 0, 'package': '@auto-canary/bot-list_10.0.3-canary.1627.20008.0', 'message': 'no deps or dev-deps'}
{'statusCode': 0, 'package': '@auto-canary/bot-list_10.0.3-canary.1629.20072.0', 'message': 'no deps or dev-deps'}
{'statusCode': 0, 'package': '@auto-canary/bot-list_10.0.3-canary.1629.20078.0', 'message': 'no deps or dev-deps'}
{'statusCode': 0, 'package': '@auto-canary/bot-list_10.1.1-canary.1630.20092.0', 'message': 'no deps or dev-deps'}
{'statusCode': 0, 'package': '@auto-canary/bot-list_10.2.1-canary.1631.20111.0', 'message': 'no deps or dev-deps'}
{'statusCode': 0, 'package': '@auto-canary/bot-list_10.2.2-canary.1633.20142.0', 'message': 'no deps or dev-deps'}
{'statusCode': 0, 'package': '@auto-canary/bot-list_10.2.3-canary.1632.20161.0', 'message': 'no deps or dev-deps'}
{'statusCode': 0, 'package': '@auto-canary/bot-list_10.2.4-canary.1635.20175.0', 'message': 'no deps or dev-deps'}
{'statusCode': 0, 'package': '@auto-canary/bot-list_10.2.5-canary.1636.20189.0', 'message': 'no deps or dev-deps'}
{'statusCode': 0, 'package': '@auto-canary/bot-list_10.2.5-canary.1636.20195.0', 'message': 'no deps or dev-deps'}
{'statusCode': 0, 'package': '@auto-canary/bot-list_10.2.6-canary.1637.20209.0', 'message': 'no deps or dev-deps'}
{'statusCode': 0, 'package': '@auto-canary/bot-list_10.3.1-canary.1639.20247.0', 'message': 'no deps or dev-deps'}
{'statusCode': 0, 'package': '@auto-canary/bot-list_10.3.1-canary.1640.20251.0', 'message': 'no deps or dev-deps'}
{'statusCode': 0, 'package': '@auto-canary/bot-list_10.3.1-canary.1641.20258.0', 'message': 'no deps or dev-deps'}
{'statusCode': 0, 'package': '@auto-canary/bot-list_10.3.1-canary.1642.20262.0', 'message': 'no deps or dev-deps'}
{'statusCode': 0, 'package': '@auto-canary/bot-list_10.3.1-canary.1643.20266.0', 'message': 'no deps or dev-deps'}
{'statusCode': 0, 'package': '@auto-canary/bot-list_10.3.1-canary.1644.20270.0', 'message': 'no deps or dev-deps'}
{'statusCode': 0, 'package': '@auto-canary/bot-list_10.3.1-canary.1646.20273.0', 'message': 'no deps or dev-deps'}
{'statusCode': 0, 'package': '@auto-canary/bot-list_10.3.1-canary.1645.20271.0', 'message': 'no deps or dev-deps'}
{'statusCode': 0, 'package': '@auto-canary/bot-list_10.3.1-canary.1647.20272.0', 'message': 'no deps or dev-deps'}
{'statusCode': 0, 'package': '@auto-canary/bot-list_10.3.1-canary.1643.20328.0', 'message': 'no deps or dev-deps'}
{'statusCode': 0, 'package': '@auto-canary/bot-list_10.3.1-canary.20346.99778c5.0', 'message': 'no deps or dev-deps'}
{'statusCode': 0, 'package': '@auto-canary/bot-list_10.3.1-canary.1650.20345.0', 'message': 'no deps or dev-deps'}
{'statusCode': 0, 'package': '@auto-canary/bot-list_10.3.1-canary.1650.20352.0', 'message': 'no deps or dev-deps'}
{'statusCode': 0, 'package': '@auto-canary/bot-list_10.4.1-canary.1652.20389.0', 'message': 'no deps or dev-deps'}
{'statusCode': 0, 'package': '@auto-canary/bot-list_10.4.1-canary.1653.20401.0', 'message': 'no deps or dev-deps'}
{'statusCode': 0, 'package': '@auto-canary/bot-list_10.4.1-canary.1654.20400.0', 'message': 'no deps or dev-deps'}
{'statusCode': 0, 'package': '@auto-canary/bot-list_10.4.1-canary.1655.20402.0', 'message': 'no deps or dev-deps'}
{'statusCode': 0, 'package': '@auto-canary/bot-list_10.4.1-canary.1656.20409.0', 'message': 'no deps or dev-deps'}
{'statusCode': 0, 'package': '@auto-canary/bot-list_10.4.1-canary.1657.20410.0', 'message': 'no deps or dev-deps'}
{'statusCode': 0, 'package': '@auto-canary/bot-list_10.4.1-canary.1659.20414.0', 'message': 'no deps or dev-deps'}
{'statusCode': 0, 'package': '@auto-canary/bot-list_10.4.1-canary.1658.20415.0', 'message': 'no deps or dev-deps'}
{'statusCode': 0, 'package': '@auto-canary/bot-list_10.4.1-canary.1661.20416.0', 'message': 'no deps or dev-deps'}
{'statusCode': 0, 'package': '@auto-canary/bot-list_10.4.1-canary.1662.20427.0', 'message': 'no deps or dev-deps'}
{'statusCode': 0, 'package': '@auto-canary/bot-list_10.4.2-canary.1663.20441.0', 'message': 'no deps or dev-deps'}
{'statusCode': 0, 'package': '@auto-canary/bot-list_10.4.2-canary.20453.3e6ef8d.0', 'message': 'no deps or dev-deps'}
{'statusCode': 0, 'package': '@auto-canary/bot-list_10.4.2-canary.1664.20459.0', 'message': 'no deps or dev-deps'}
{'statusCode': 0, 'package': '@auto-canary/bot-list_10.4.3-canary.1665.20473.0', 'message': 'no deps or dev-deps'}
{'statusCode': 0, 'package': '@auto-canary/bot-list_10.4.3-canary.1661.20497.0', 'message': 'no deps or dev-deps'}
{'statusCode': 0, 'package': '@auto-canary/bot-list_10.4.3-canary.1659.20501.0', 'message': 'no deps or dev-deps'}
{'statusCode': 0, 'package': '@auto-canary/bot-list_10.4.3-canary.1653.20502.0', 'message': 'no deps or dev-deps'}
{'statusCode': 0, 'package': '@auto-canary/bot-list_10.4.3-canary.1658.20503.0', 'message': 'no deps or dev-deps'}
{'statusCode': 0, 'package': '@auto-canary/bot-list_10.4.3-canary.1666.20536.0', 'message': 'no deps or dev-deps'}
{'statusCode': 0, 'package': '@auto-canary/bot-list_10.4.3-canary.1666.20541.0', 'message': 'no deps or dev-deps'}
{'statusCode': 0, 'package': '@auto-canary/bot-list_10.4.3-canary.1652.20562.0', 'message': 'no deps or dev-deps'}
{'statusCode': 0, 'package': '@auto-canary/bot-list_10.4.3-canary.1667.20563.0', 'message': 'no deps or dev-deps'}
{'statusCode': 0, 'package': '@auto-canary/bot-list_10.4.3-canary.1655.20587.0', 'message': 'no deps or dev-deps'}
{'statusCode': 0, 'package': '@auto-canary/bot-list_10.4.3-canary.1668.20588.0', 'message': 'no deps or dev-deps'}
{'statusCode': 0, 'package': '@auto-canary/bot-list_10.4.3-canary.1670.20608.0', 'message': 'no deps or dev-deps'}
{'statusCode': 0, 'package': '@auto-canary/bot-list_10.4.3-canary.1671.20621.0', 'message': 'no deps or dev-deps'}
{'statusCode': 0, 'package': '@auto-canary/bot-list_10.4.3-canary.1672.20622.0', 'message': 'no deps or dev-deps'}
{'statusCode': 0, 'package': '@auto-canary/bot-list_10.4.3-canary.1674.20630.0', 'message': 'no deps or dev-deps'}
{'statusCode': 0, 'package': '@auto-canary/bot-list_10.4.3-canary.1673.20629.0', 'message': 'no deps or dev-deps'}
{'statusCode': 0, 'package': '@auto-canary/bot-list_10.4.3-canary.1675.20631.0', 'message': 'no deps or dev-deps'}
{'statusCode': 0, 'package': '@auto-canary/bot-list_10.4.3-canary.1681.20709.0', 'message': 'no deps or dev-deps'}
{'statusCode': 0, 'package': '@auto-canary/bot-list_10.4.3-canary.1679.20711.0', 'message': 'no deps or dev-deps'}
{'statusCode': 0, 'package': '@auto-canary/bot-list_10.4.3-canary.1680.20712.0', 'message': 'no deps or dev-deps'}
{'statusCode': 0, 'package': '@auto-canary/bot-list_10.4.3-canary.1683.20722.0', 'message': 'no deps or dev-deps'}
{'statusCode': 0, 'package': '@auto-canary/bot-list_10.4.3-canary.1686.20723.0', 'message': 'no deps or dev-deps'}
{'statusCode': 0, 'package': '@auto-canary/bot-list_10.4.3-canary.1688.20730.0', 'message': 'no deps or dev-deps'}
{'statusCode': 0, 'package': '@auto-canary/bot-list_10.4.3-canary.1689.20738.0', 'message': 'no deps or dev-deps'}
{'statusCode': 0, 'package': '@auto-canary/bot-list_10.4.3-canary.1692.20749.0', 'message': 'no deps or dev-deps'}
{'statusCode': 0, 'package': '@auto-canary/bot-list_10.4.3-canary.1691.20750.0', 'message': 'no deps or dev-deps'}
{'statusCode': 0, 'package': '@auto-canary/bot-list_10.4.3-canary.1693.20757.0', 'message': 'no deps or dev-deps'}
{'statusCode': 0, 'package': '@auto-canary/bot-list_10.4.3-canary.1695.20764.0', 'message': 'no deps or dev-deps'}
{'statusCode': 0, 'package': '@auto-canary/bot-list_10.4.3-canary.1696.20775.0', 'message': 'no deps or dev-deps'}
{'statusCode': 0, 'package': '@auto-canary/bot-list_10.4.3-canary.1696.20776.0', 'message': 'no deps or dev-deps'}
{'statusCode': 0, 'package': '@auto-canary/bot-list_10.4.3-canary.1696.20782.0', 'message': 'no deps or dev-deps'}
{'statusCode': 0, 'package': '@auto-canary/bot-list_10.4.3-canary.1696.20788.0', 'message': 'no deps or dev-deps'}
{'statusCode': 0, 'package': '@auto-canary/bot-list_10.4.3-canary.1686.20812.0', 'message': 'no deps or dev-deps'}
{'statusCode': 0, 'package': '@auto-canary/bot-list_10.4.3-canary.1697.20813.0', 'message': 'no deps or dev-deps'}
{'statusCode': 0, 'package': '@auto-canary/bot-list_10.5.1-canary.1689.20814.0', 'message': 'no deps or dev-deps'}
{'statusCode': 0, 'package': '@auto-canary/bot-list_10.5.1-canary.1700.20822.0', 'message': 'no deps or dev-deps'}
{'statusCode': 0, 'package': '@auto-canary/bot-list_10.5.1-canary.1701.20906.0', 'message': 'no deps or dev-deps'}
{'statusCode': 0, 'package': '@auto-canary/bot-list_10.5.1-canary.1702.20912.0', 'message': 'no deps or dev-deps'}
{'statusCode': 0, 'package': '@auto-canary/bot-list_10.5.1-canary.1702.20920.0', 'message': 'no deps or dev-deps'}
{'statusCode': 0, 'package': '@auto-canary/bot-list_10.5.1-canary.1702.20924.0', 'message': 'no deps or dev-deps'}
{'statusCode': 0, 'package': '@auto-canary/bot-list_10.5.1-canary.1702.20930.0', 'message': 'no deps or dev-deps'}
{'statusCode': 0, 'package': '@auto-canary/bot-list_10.5.1-canary.1702.20936.0', 'message': 'no deps or dev-deps'}
{'statusCode': 0, 'package': '@auto-canary/bot-list_10.5.1-canary.1702.20942.0', 'message': 'no deps or dev-deps'}
{'statusCode': 0, 'package': '@auto-canary/bot-list_10.5.1-canary.1702.20948.0', 'message': 'no deps or dev-deps'}
{'statusCode': 0, 'package': '@auto-canary/bot-list_10.5.1-canary.1702.20954.0', 'message': 'no deps or dev-deps'}
{'statusCode': 0, 'package': '@auto-canary/bot-list_10.5.1-canary.1703.20960.0', 'message': 'no deps or dev-deps'}
{'statusCode': 0, 'package': '@auto-canary/bot-list_10.5.2-canary.1708.20988.0', 'message': 'no deps or dev-deps'}
{'statusCode': 0, 'package': '@auto-canary/bot-list_10.5.2-canary.1707.20992.0', 'message': 'no deps or dev-deps'}
{'statusCode': 0, 'package': '@auto-canary/bot-list_10.5.2-canary.1709.20993.0', 'message': 'no deps or dev-deps'}
{'statusCode': 0, 'package': '@auto-canary/bot-list_10.6.2-canary.1713.21031.0', 'message': 'no deps or dev-deps'}
{'statusCode': 0, 'package': '@auto-canary/bot-list_10.6.2-canary.1713.21037.0', 'message': 'no deps or dev-deps'}
{'statusCode': 0, 'package': '@auto-canary/bot-list_10.6.2-canary.1714.21044.0', 'message': 'no deps or dev-deps'}
{'statusCode': 0, 'package': '@auto-canary/bot-list_10.6.2-canary.1713.21050.0', 'message': 'no deps or dev-deps'}
{'statusCode': 0, 'package': '@auto-canary/bot-list_10.6.2-canary.1708.21071.0', 'message': 'no deps or dev-deps'}
{'statusCode': 0, 'package': '@auto-canary/bot-list_10.6.2-canary.1709.21076.0', 'message': 'no deps or dev-deps'}
{'statusCode': 0, 'package': '@auto-canary/bot-list_10.6.2-canary.1715.21078.0', 'message': 'no deps or dev-deps'}
{'statusCode': 0, 'package': '@auto-canary/bot-list_10.6.2-canary.21083.e109089.0', 'message': 'no deps or dev-deps'}
{'statusCode': 0, 'package': '@auto-canary/bot-list_10.6.2-canary.1716.21089.0', 'message': 'no deps or dev-deps'}
{'statusCode': 0, 'package': '@auto-canary/bot-list_10.6.2-canary.1717.21111.0', 'message': 'no deps or dev-deps'}
{'statusCode': 0, 'package': '@auto-canary/bot-list_10.6.3-canary.1717.21112.0', 'message': 'no deps or dev-deps'}
{'statusCode': 0, 'package': '@auto-canary/bot-list_10.6.3-canary.1717.21114.0', 'message': 'no deps or dev-deps'}
{'statusCode': 0, 'package': '@auto-canary/bot-list_10.9.0-canary.1720.21147.0', 'message': 'no deps or dev-deps'}
{'statusCode': 0, 'package': '@auto-canary/bot-list_10.9.1-canary.1722.21161.0', 'message': 'no deps or dev-deps'}
{'statusCode': 0, 'package': '@auto-canary/bot-list_10.10.0-canary.1722.21167.0', 'message': 'no deps or dev-deps'}
{'statusCode': 0, 'package': '@auto-canary/bot-list_10.10.0-canary.1723.21182.0', 'message': 'no deps or dev-deps'}
{'statusCode': 0, 'package': '@auto-canary/bot-list_10.10.0-canary.1725.21193.0', 'message': 'no deps or dev-deps'}
{'statusCode': 0, 'package': '@auto-canary/bot-list_10.10.0-canary.1725.21215.0', 'message': 'no deps or dev-deps'}
{'statusCode': 0, 'package': '@auto-canary/bot-list_10.10.0-canary.1725.21226.0', 'message': 'no deps or dev-deps'}
{'statusCode': 0, 'package': '@auto-canary/bot-list_10.10.1-canary.1727.21248.0', 'message': 'no deps or dev-deps'}
{'statusCode': 0, 'package': '@auto-canary/bot-list_10.10.1-canary.1729.21255.0', 'message': 'no deps or dev-deps'}
{'statusCode': 0, 'package': '@auto-canary/bot-list_10.10.1-canary.1728.21254.0', 'message': 'no deps or dev-deps'}
{'statusCode': 0, 'package': '@auto-canary/bot-list_10.10.1-canary.1731.21262.0', 'message': 'no deps or dev-deps'}
{'statusCode': 0, 'package': '@auto-canary/bot-list_10.10.1-canary.1730.21263.0', 'message': 'no deps or dev-deps'}
{'statusCode': 0, 'package': '@auto-canary/bot-list_10.10.1-canary.1732.21269.0', 'message': 'no deps or dev-deps'}
{'statusCode': 0, 'package': '@auto-canary/bot-list_10.11.0-canary.1735.21333.0', 'message': 'no deps or dev-deps'}
{'statusCode': 0, 'package': '@auto-canary/bot-list_10.12.0-canary.1736.21358.0', 'message': 'no deps or dev-deps'}
{'statusCode': 0, 'package': '@auto-canary/bot-list_10.12.1-canary.1738.21372.0', 'message': 'no deps or dev-deps'}
{'statusCode': 0, 'package': '@auto-canary/bot-list_10.12.2-canary.1738.21388.0', 'message': 'no deps or dev-deps'}
{'statusCode': 0, 'package': '@auto-canary/bot-list_10.12.2-canary.1739.21392.0', 'message': 'no deps or dev-deps'}
{'statusCode': 0, 'package': '@auto-canary/bot-list_10.12.3-canary.1742.21439.0', 'message': 'no deps or dev-deps'}
{'statusCode': 0, 'package': '@auto-canary/bot-list_10.12.3-canary.1743.21447.0', 'message': 'no deps or dev-deps'}
{'statusCode': 0, 'package': '@auto-canary/bot-list_10.12.3-canary.1744.21460.0', 'message': 'no deps or dev-deps'}
{'statusCode': 0, 'package': '@auto-canary/bot-list_10.12.3-canary.1745.21461.0', 'message': 'no deps or dev-deps'}
{'statusCode': 0, 'package': '@auto-canary/bot-list_10.12.3-canary.1746.21466.0', 'message': 'no deps or dev-deps'}
{'statusCode': 0, 'package': '@auto-canary/bot-list_10.12.3-canary.1747.21465.0', 'message': 'no deps or dev-deps'}
{'statusCode': 0, 'package': '@auto-canary/bot-list_10.12.3-canary.1748.21467.0', 'message': 'no deps or dev-deps'}
{'statusCode': 0, 'package': '@auto-canary/bot-list_10.12.3-canary.1750.21469.0', 'message': 'no deps or dev-deps'}
{'statusCode': 0, 'package': '@auto-canary/bot-list_10.13.1-canary.1751.21538.0', 'message': 'no deps or dev-deps'}
{'statusCode': 0, 'package': '@auto-canary/bot-list_10.13.2-canary.1752.21557.0', 'message': 'no deps or dev-deps'}
{'statusCode': 0, 'package': '@auto-canary/bot-list_10.13.3-canary.1755.21575.0', 'message': 'no deps or dev-deps'}
{'statusCode': 0, 'package': '@auto-canary/bot-list_10.13.3-canary.1755.21580.0', 'message': 'no deps or dev-deps'}
{'statusCode': 0, 'package': '@auto-canary/bot-list_10.13.3-canary.1755.21584.0', 'message': 'no deps or dev-deps'}
{'statusCode': 0, 'package': '@auto-canary/bot-list_10.13.3-canary.1755.21590.0', 'message': 'no deps or dev-deps'}
{'statusCode': 0, 'package': '@auto-canary/bot-list_10.14.0-canary.1758.21631.0', 'message': 'no deps or dev-deps'}
{'statusCode': 0, 'package': '@auto-canary/bot-list_10.13.3-canary.1762.21656.0', 'message': 'no deps or dev-deps'}
{'statusCode': 0, 'package': '@auto-canary/bot-list_10.14.0-canary.1758.21670.0', 'message': 'no deps or dev-deps'}
{'statusCode': 0, 'package': '@auto-canary/bot-list_10.14.0-canary.1758.21676.0', 'message': 'no deps or dev-deps'}
{'statusCode': 0, 'package': '@auto-canary/bot-list_10.13.4-canary.1763.21689.0', 'message': 'no deps or dev-deps'}
{'statusCode': 0, 'package': '@auto-canary/bot-list_10.13.4-canary.1764.21699.0', 'message': 'no deps or dev-deps'}
{'statusCode': 0, 'package': '@auto-canary/bot-list_10.13.4-canary.1765.21715.0', 'message': 'no deps or dev-deps'}
{'statusCode': 0, 'package': '@auto-canary/bot-list_10.13.4-canary.1767.21716.0', 'message': 'no deps or dev-deps'}
{'statusCode': 0, 'package': '@auto-canary/bot-list_10.13.4-canary.1766.21717.0', 'message': 'no deps or dev-deps'}
{'statusCode': 0, 'package': '@auto-canary/bot-list_10.13.4-canary.1768.21721.0', 'message': 'no deps or dev-deps'}
{'statusCode': 0, 'package': '@auto-canary/bot-list_10.13.4-canary.1771.21725.0', 'message': 'no deps or dev-deps'}
{'statusCode': 0, 'package': '@auto-canary/bot-list_10.13.4-canary.1770.21726.0', 'message': 'no deps or dev-deps'}
{'statusCode': 0, 'package': '@auto-canary/bot-list_10.13.4-canary.1772.21732.0', 'message': 'no deps or dev-deps'}
{'statusCode': 0, 'package': '@auto-canary/bot-list_10.13.4-canary.1772.21738.0', 'message': 'no deps or dev-deps'}
{'statusCode': 0, 'package': '@auto-canary/bot-list_10.13.4-canary.21748.c8351c5.0', 'message': 'no deps or dev-deps'}
{'statusCode': 0, 'package': '@auto-canary/bot-list_10.13.4-canary.1773.21755.0', 'message': 'no deps or dev-deps'}
{'statusCode': 0, 'package': '@auto-canary/bot-list_10.13.5-canary.1768.21824.0', 'message': 'no deps or dev-deps'}
{'statusCode': 0, 'package': '@auto-canary/bot-list_10.13.5-canary.1765.21826.0', 'message': 'no deps or dev-deps'}
{'statusCode': 0, 'package': '@auto-canary/bot-list_10.13.5-canary.1769.21844.0', 'message': 'no deps or dev-deps'}
{'statusCode': 0, 'package': '@auto-canary/bot-list_10.14.1-canary.1774.21866.0', 'message': 'no deps or dev-deps'}
{'statusCode': 0, 'package': '@auto-canary/bot-list_10.14.1-canary.1775.21877.0', 'message': 'no deps or dev-deps'}
{'statusCode': 0, 'package': '@auto-canary/bot-list_10.15.0-canary.1776.21894.0', 'message': 'no deps or dev-deps'}
{'statusCode': 0, 'package': '@auto-canary/bot-list_10.16.0-canary.1777.21908.0', 'message': 'no deps or dev-deps'}
{'statusCode': 0, 'package': '@auto-canary/bot-list_10.16.1-canary.1780.21943.0', 'message': 'no deps or dev-deps'}
{'statusCode': 0, 'package': '@auto-canary/bot-list_10.16.1-canary.1779.21945.0', 'message': 'no deps or dev-deps'}
{'statusCode': 0, 'package': '@auto-canary/bot-list_10.16.1-canary.1781.21950.0', 'message': 'no deps or dev-deps'}
{'statusCode': 0, 'package': '@auto-canary/bot-list_10.16.1-canary.1783.21958.0', 'message': 'no deps or dev-deps'}
{'statusCode': 0, 'package': '@auto-canary/bot-list_10.16.1-canary.1785.21965.0', 'message': 'no deps or dev-deps'}
{'statusCode': 0, 'package': '@auto-canary/bot-list_10.16.1-canary.1787.21970.0', 'message': 'no deps or dev-deps'}
{'statusCode': 0, 'package': '@auto-canary/bot-list_10.16.1-canary.1788.21972.0', 'message': 'no deps or dev-deps'}
{'statusCode': 0, 'package': '@auto-canary/bot-list_10.16.1-canary.1784.21969.0', 'message': 'no deps or dev-deps'}
{'statusCode': 0, 'package': '@auto-canary/bot-list_10.16.1-canary.1791.21987.0', 'message': 'no deps or dev-deps'}
{'statusCode': 0, 'package': '@auto-canary/bot-list_10.16.1-canary.1792.21988.0', 'message': 'no deps or dev-deps'}
{'statusCode': 0, 'package': '@auto-canary/bot-list_10.16.1-canary.1793.21993.0', 'message': 'no deps or dev-deps'}
{'statusCode': 0, 'package': '@auto-canary/bot-list_10.16.1-canary.1794.21999.0', 'message': 'no deps or dev-deps'}
{'statusCode': 0, 'package': '@auto-canary/bot-list_10.16.2-canary.1797.22024.0', 'message': 'no deps or dev-deps'}
{'statusCode': 0, 'package': '@auto-canary/bot-list_10.16.3-canary.1798.22039.0', 'message': 'no deps or dev-deps'}
{'statusCode': 0, 'package': '@auto-canary/bot-list_10.16.3-canary.1798.22045.0', 'message': 'no deps or dev-deps'}
{'statusCode': 0, 'package': '@auto-canary/bot-list_10.16.3-canary.1786.22096.0', 'message': 'no deps or dev-deps'}
{'statusCode': 0, 'package': '@auto-canary/bot-list_10.16.3-canary.1787.22101.0', 'message': 'no deps or dev-deps'}
{'statusCode': 0, 'package': '@auto-canary/bot-list_10.16.3-canary.1784.22102.0', 'message': 'no deps or dev-deps'}
{'statusCode': 0, 'package': '@auto-canary/bot-list_10.16.3-canary.1781.22103.0', 'message': 'no deps or dev-deps'}
{'statusCode': 0, 'package': '@auto-canary/bot-list_10.16.3-canary.1785.22105.0', 'message': 'no deps or dev-deps'}
{'statusCode': 0, 'package': '@auto-canary/bot-list_10.16.3-canary.1799.22106.0', 'message': 'no deps or dev-deps'}
{'statusCode': 0, 'package': '@auto-canary/bot-list_10.16.3-canary.1800.22107.0', 'message': 'no deps or dev-deps'}
{'statusCode': 0, 'package': '@auto-canary/bot-list_10.16.3-canary.1779.22108.0', 'message': 'no deps or dev-deps'}
{'statusCode': 0, 'package': '@auto-canary/bot-list_10.16.3-canary.1801.22114.0', 'message': 'no deps or dev-deps'}
{'statusCode': 0, 'package': '@auto-canary/bot-list_10.16.3-canary.1787.22136.0', 'message': 'no deps or dev-deps'}
{'statusCode': 0, 'package': '@auto-canary/bot-list_10.16.3-canary.1779.22137.0', 'message': 'no deps or dev-deps'}
{'statusCode': 0, 'package': '@auto-canary/bot-list_10.16.3-canary.1802.22144.0', 'message': 'no deps or dev-deps'}
{'statusCode': 0, 'package': '@auto-canary/bot-list_10.16.4-canary.1803.22158.0', 'message': 'no deps or dev-deps'}
{'statusCode': 0, 'package': '@auto-canary/bot-list_10.16.5-canary.1804.22172.0', 'message': 'no deps or dev-deps'}
{'statusCode': 0, 'package': '@auto-canary/bot-list_10.16.6-canary.1809.22249.0', 'message': 'no deps or dev-deps'}
{'statusCode': 0, 'package': '@auto-canary/bot-list_10.16.6-canary.1808.22250.0', 'message': 'no deps or dev-deps'}
{'statusCode': 0, 'package': '@auto-canary/bot-list_10.16.6-canary.1810.22254.0', 'message': 'no deps or dev-deps'}
{'statusCode': 0, 'package': '@auto-canary/bot-list_10.16.6-canary.1814.22303.0', 'message': 'no deps or dev-deps'}
{'statusCode': 0, 'package': '@auto-canary/bot-list_10.17.0-canary.1815.22343.0', 'message': 'no deps or dev-deps'}
{'statusCode': 0, 'package': '@auto-canary/bot-list_10.17.0-canary.1815.22349.0', 'message': 'no deps or dev-deps'}
{'statusCode': 0, 'package': '@auto-canary/bot-list_10.17.0-canary.1815.22355.0', 'message': 'no deps or dev-deps'}
{'statusCode': 0, 'package': '@auto-canary/bot-list_10.16.7-canary.1819.22380.0', 'message': 'no deps or dev-deps'}
{'statusCode': 0, 'package': '@auto-canary/bot-list_10.16.8-canary.1824.22428.0', 'message': 'no deps or dev-deps'}
{'statusCode': 0, 'package': '@auto-canary/bot-list_10.16.8-canary.1825.22429.0', 'message': 'no deps or dev-deps'}
{'statusCode': 0, 'package': '@auto-canary/bot-list_10.16.8-canary.1825.22459.0', 'message': 'no deps or dev-deps'}
{'statusCode': 0, 'package': '@auto-canary/bot-list_10.16.8-canary.1824.22460.0', 'message': 'no deps or dev-deps'}
{'statusCode': 0, 'package': '@auto-canary/bot-list_10.16.8-canary.1822.22466.0', 'message': 'no deps or dev-deps'}
{'statusCode': 0, 'package': '@auto-canary/bot-list_10.16.8-canary.1823.22484.0', 'message': 'no deps or dev-deps'}
{'statusCode': 0, 'package': '@auto-canary/bot-list_10.16.8-canary.1824.22488.0', 'message': 'no deps or dev-deps'}
{'statusCode': 0, 'package': '@auto-canary/bot-list_10.16.8-canary.1827.22516.0', 'message': 'no deps or dev-deps'}
{'statusCode': 0, 'package': '@auto-canary/bot-list_10.16.8-canary.1828.22528.0', 'message': 'no deps or dev-deps'}
{'statusCode': 0, 'package': '@auto-canary/bot-list_10.16.8-canary.1829.22540.0', 'message': 'no deps or dev-deps'}
{'statusCode': 0, 'package': '@auto-canary/bot-list_10.16.8-canary.1828.22555.0', 'message': 'no deps or dev-deps'}
{'statusCode': 0, 'package': '@auto-canary/bot-list_10.16.9-canary.1831.22575.0', 'message': 'no deps or dev-deps'}
{'statusCode': 0, 'package': '@auto-canary/bot-list_10.16.9-canary.1832.22592.0', 'message': 'no deps or dev-deps'}
{'statusCode': 0, 'package': '@auto-canary/bot-list_10.16.9-canary.1835.22602.0', 'message': 'no deps or dev-deps'}
{'statusCode': 0, 'package': '@auto-canary/bot-list_10.16.9-canary.1834.22609.0', 'message': 'no deps or dev-deps'}
{'statusCode': 0, 'package': '@auto-canary/bot-list_10.16.9-canary.1836.22613.0', 'message': 'no deps or dev-deps'}
{'statusCode': 0, 'package': '@auto-canary/bot-list_10.16.9-canary.1837.22617.0', 'message': 'no deps or dev-deps'}
{'statusCode': 0, 'package': '@auto-canary/bot-list_10.16.9-canary.1838.22619.0', 'message': 'no deps or dev-deps'}
{'statusCode': 0, 'package': '@auto-canary/bot-list_10.16.9-canary.1840.22626.0', 'message': 'no deps or dev-deps'}
{'statusCode': 0, 'package': '@auto-canary/bot-list_10.16.9-canary.1839.22627.0', 'message': 'no deps or dev-deps'}
{'statusCode': 0, 'package': '@auto-canary/bot-list_10.16.9-canary.1841.22631.0', 'message': 'no deps or dev-deps'}
{'statusCode': 0, 'package': '@auto-canary/bot-list_10.17.1-canary.1844.22649.0', 'message': 'no deps or dev-deps'}
{'statusCode': 0, 'package': '@auto-canary/bot-list_10.17.2-canary.1835.22698.0', 'message': 'no deps or dev-deps'}
{'statusCode': 0, 'package': '@auto-canary/bot-list_10.17.2-canary.1836.22702.0', 'message': 'no deps or dev-deps'}
{'statusCode': 0, 'package': '@auto-canary/bot-list_10.17.2-canary.1834.22704.0', 'message': 'no deps or dev-deps'}
{'statusCode': 0, 'package': '@auto-canary/bot-list_10.17.2-canary.1839.22705.0', 'message': 'no deps or dev-deps'}
{'statusCode': 0, 'package': '@auto-canary/bot-list_10.17.2-canary.1840.22708.0', 'message': 'no deps or dev-deps'}
{'statusCode': 0, 'package': '@auto-canary/bot-list_10.17.2-canary.1832.22711.0', 'message': 'no deps or dev-deps'}
{'statusCode': 0, 'package': '@auto-canary/bot-list_10.18.0-canary.1846.22719.0', 'message': 'no deps or dev-deps'}
{'statusCode': 0, 'package': '@auto-canary/bot-list_10.17.2-canary.1842.22723.0', 'message': 'no deps or dev-deps'}
{'statusCode': 0, 'package': '@auto-canary/bot-list_10.18.1-canary.1847.22737.0', 'message': 'no deps or dev-deps'}
{'statusCode': 0, 'package': '@auto-canary/bot-list_10.18.2-canary.1842.22764.0', 'message': 'no deps or dev-deps'}
{'statusCode': 0, 'package': '@auto-canary/bot-list_10.18.2-canary.1849.22770.0', 'message': 'no deps or dev-deps'}
{'statusCode': 0, 'package': '@auto-canary/bot-list_10.18.3--canary.1851.22784.0', 'message': 'no deps or dev-deps'}
{'statusCode': 0, 'package': '@auto-canary/bot-list_10.18.4-canary.1842.22803.0', 'message': 'no deps or dev-deps'}
{'statusCode': 0, 'package': '@auto-canary/bot-list_10.18.4--canary.22814.624dde5.0', 'message': 'no deps or dev-deps'}
{'statusCode': 0, 'package': '@auto-canary/bot-list_10.18.4--canary.1855.22836.0', 'message': 'no deps or dev-deps'}
{'statusCode': 0, 'package': '@auto-canary/bot-list_10.18.4--canary.1857.22843.0', 'message': 'no deps or dev-deps'}
{'statusCode': 0, 'package': '@auto-canary/bot-list_10.18.4--canary.1858.22844.0', 'message': 'no deps or dev-deps'}
{'statusCode': 0, 'package': '@auto-canary/bot-list_10.18.4--canary.1859.22852.0', 'message': 'no deps or dev-deps'}
{'statusCode': 0, 'package': '@auto-canary/bot-list_10.18.4--canary.1862.22866.0', 'message': 'no deps or dev-deps'}
{'statusCode': 0, 'package': '@auto-canary/bot-list_10.18.5--canary.1864.22880.0', 'message': 'no deps or dev-deps'}
{'statusCode': 0, 'package': '@auto-canary/bot-list_10.18.5--canary.1864.22896.0', 'message': 'no deps or dev-deps'}
{'statusCode': 0, 'package': '@auto-canary/bot-list_10.18.5--canary.1865.22897.0', 'message': 'no deps or dev-deps'}
{'statusCode': 0, 'package': '@auto-canary/bot-list_10.18.5--canary.1864.22906.0', 'message': 'no deps or dev-deps'}
{'statusCode': 0, 'package': '@auto-canary/bot-list_10.18.7--canary.1866.22926.0', 'message': 'no deps or dev-deps'}
{'statusCode': 0, 'package': '@auto-canary/bot-list_10.18.8--canary.1870.22940.0', 'message': 'no deps or dev-deps'}
{'statusCode': 0, 'package': '@auto-canary/bot-list_10.18.9--canary.1871.22954.0', 'message': 'no deps or dev-deps'}
{'statusCode': 0, 'package': '@auto-canary/bot-list_10.19.0--canary.1872.22968.0', 'message': 'no deps or dev-deps'}
{'statusCode': 0, 'package': '@auto-canary/bot-list_10.19.1--canary.1875.23007.0', 'message': 'no deps or dev-deps'}
{'statusCode': 0, 'package': '@auto-canary/bot-list_10.20.0--canary.1875.23013.0', 'message': 'no deps or dev-deps'}
{'statusCode': 0, 'package': '@auto-canary/bot-list_10.20.0--canary.1875.23019.0', 'message': 'no deps or dev-deps'}
{'statusCode': 0, 'package': '@auto-canary/bot-list_10.20.1--canary.be5c068.0', 'message': 'no deps or dev-deps'}
{'statusCode': 0, 'package': '@auto-canary/bot-list_10.20.1--canary.1876.23063.0', 'message': 'no deps or dev-deps'}
{'statusCode': 0, 'package': '@auto-canary/bot-list_10.20.1--canary.1877.23065.0', 'message': 'no deps or dev-deps'}
{'statusCode': 0, 'package': '@auto-canary/bot-list_10.20.2--canary.1878.23084.0', 'message': 'no deps or dev-deps'}
{'statusCode': 0, 'package': '@auto-canary/bot-list_10.20.2--canary.1885.23119.0', 'message': 'no deps or dev-deps'}
{'statusCode': 0, 'package': '@auto-canary/bot-list_10.20.3--canary.1878.23133.0', 'message': 'no deps or dev-deps'}
{'statusCode': 0, 'package': '@auto-canary/bot-list_10.20.4--canary.1887.23147.0', 'message': 'no deps or dev-deps'}
{'statusCode': 0, 'package': '@auto-canary/bot-list_10.20.5--canary.1891.23193.0', 'message': 'no deps or dev-deps'}
{'statusCode': 0, 'package': '@auto-canary/bot-list_10.21.0--canary.1893.23221.0', 'message': 'no deps or dev-deps'}
{'statusCode': 0, 'package': '@auto-canary/bot-list_10.22.0--canary.1911.23448.0', 'message': 'no deps or dev-deps'}
{'statusCode': 0, 'package': '@auto-canary/bot-list_10.22.1--canary.1913.23537.0', 'message': 'no deps or dev-deps'}
{'statusCode': 0, 'package': '@auto-canary/bot-list_10.22.1--canary.1913.23541.0', 'message': 'no deps or dev-deps'}
{'statusCode': 0, 'package': '@auto-canary/bot-list_10.23.0--canary.1723.23574.0', 'message': 'no deps or dev-deps'}
{'statusCode': 0, 'package': '@auto-canary/bot-list_10.23.1--canary.23661.148f8fd.0', 'message': 'no deps or dev-deps'}
{'statusCode': 0, 'package': '@auto-canary/bot-list_10.23.1--canary.23669.650b3f3.0', 'message': 'no deps or dev-deps'}
{'statusCode': 0, 'package': '@auto-canary/bot-list_10.24.0--canary.1929.23680.0', 'message': 'no deps or dev-deps'}
{'statusCode': 0, 'package': '@auto-canary/bot-list_10.24.0--canary.1929.23684.0', 'message': 'no deps or dev-deps'}
{'statusCode': 0, 'package': '@auto-canary/bot-list_10.24.0--canary.1929.23688.0', 'message': 'no deps or dev-deps'}
{'statusCode': 0, 'package': '@auto-canary/bot-list_10.25.0--canary.1916.23701.0', 'message': 'no deps or dev-deps'}
{'statusCode': 0, 'package': '@auto-canary/bot-list_10.24.1--canary.1930.23715.0', 'message': 'no deps or dev-deps'}
{'statusCode': 0, 'package': '@auto-canary/bot-list_10.25.0--canary.1916.23751.0', 'message': 'no deps or dev-deps'}
{'statusCode': 0, 'package': '@auto-canary/bot-list_10.24.2--canary.1936.23773.0', 'message': 'no deps or dev-deps'}
{'statusCode': 0, 'package': '@auto-canary/bot-list_10.26.0--canary.1962.23949.0', 'message': 'no deps or dev-deps'}
{'statusCode': 0, 'package': '@auto-canary/bot-list_10.26.0--canary.1962.23960.0', 'message': 'no deps or dev-deps'}
{'statusCode': 0, 'package': '@auto-canary/bot-list_10.27.1--canary.1947.24201.0', 'message': 'no deps or dev-deps'}
{'statusCode': 0, 'package': '@auto-canary/bot-list_10.28.0--canary.1982.24228.0', 'message': 'no deps or dev-deps'}
{'statusCode': 0, 'package': '@auto-canary/bot-list_10.28.0--canary.1982.24234.0', 'message': 'no deps or dev-deps'}
{'statusCode': 0, 'package': '@auto-canary/bot-list_10.29.0--canary.1914.24254.0', 'message': 'no deps or dev-deps'}
{'statusCode': 0, 'package': '@auto-canary/bot-list_10.29.1-canary.1997.24321.0', 'message': 'no deps or dev-deps'}
{'statusCode': 0, 'package': '@auto-canary/bot-list_10.29.1--canary.1998.24334.0', 'message': 'no deps or dev-deps'}
{'statusCode': 0, 'package': '@auto-canary/bot-list_10.29.2--canary.1998.24350.0', 'message': 'no deps or dev-deps'}
{'statusCode': 0, 'package': '@auto-canary/bot-list_10.29.2--canary.1998.24369.0', 'message': 'no deps or dev-deps'}
{'statusCode': 0, 'package': '@auto-canary/bot-list_10.29.2--canary.24370.a3b5552.0', 'message': 'no deps or dev-deps'}
{'statusCode': 0, 'package': '@auto-canary/bot-list_10.29.3--canary.2010.24434.0', 'message': 'no deps or dev-deps'}
{'statusCode': 0, 'package': '@auto-canary/bot-list_10.30.0--canary.2035.24576.0', 'message': 'no deps or dev-deps'}
{'statusCode': 0, 'package': '@auto-canary/bot-list_10.31.0--canary.2036.24610.0', 'message': 'no deps or dev-deps'}
{'statusCode': 0, 'package': '@auto-canary/bot-list_10.32.1--canary.2086.24840.0', 'message': 'no deps or dev-deps'}
{'statusCode': 0, 'package': '@auto-canary/bot-list_10.32.1--canary.2086.24847.0', 'message': 'no deps or dev-deps'}
{'statusCode': 0, 'package': '@auto-canary/bot-list_10.32.2--canary.2076.24899.0', 'message': 'no deps or dev-deps'}
{'statusCode': 0, 'package': '@auto-canary/bot-list_10.32.2--canary.2076.24905.0', 'message': 'no deps or dev-deps'}
{'statusCode': 0, 'package': '@auto-canary/bot-list_10.32.2--canary.2076.24912.0', 'message': 'no deps or dev-deps'}
{'statusCode': 0, 'package': '@auto-canary/bot-list_10.32.2--canary.2076.24920.0', 'message': 'no deps or dev-deps'}
{'statusCode': 0, 'package': '@auto-canary/bot-list_10.32.2--canary.2076.24924.0', 'message': 'no deps or dev-deps'}
{'statusCode': 0, 'package': '@auto-canary/bot-list_10.32.2--canary.2076.24930.0', 'message': 'no deps or dev-deps'}
{'statusCode': 0, 'package': '@auto-canary/bot-list_10.32.2--canary.2076.24936.0', 'message': 'no deps or dev-deps'}
{'statusCode': 0, 'package': '@auto-canary/bot-list_10.32.2--canary.2076.24942.0', 'message': 'no deps or dev-deps'}
{'statusCode': 0, 'package': '@auto-canary/bot-list_10.32.2--canary.2076.24953.0', 'message': 'no deps or dev-deps'}
{'statusCode': 0, 'package': '@auto-canary/bot-list_10.32.2--canary.2076.24954.0', 'message': 'no deps or dev-deps'}
{'statusCode': 0, 'package': '@auto-canary/bot-list_10.32.2--canary.2076.24962.0', 'message': 'no deps or dev-deps'}
{'statusCode': 0, 'package': '@auto-canary/bot-list_10.32.2--canary.2076.24968.0', 'message': 'no deps or dev-deps'}
{'statusCode': 0, 'package': '@auto-canary/bot-list_10.32.2--canary.2076.24974.0', 'message': 'no deps or dev-deps'}
{'statusCode': 0, 'package': '@auto-canary/bot-list_10.32.2--canary.2076.24986.0', 'message': 'no deps or dev-deps'}
{'statusCode': 0, 'package': '@auto-canary/bot-list_10.32.2--canary.2076.24992.0', 'message': 'no deps or dev-deps'}
{'statusCode': 0, 'package': '@auto-canary/bot-list_10.33.0--canary.2107.25040.0', 'message': 'no deps or dev-deps'}
{'statusCode': 0, 'package': '@auto-canary/bot-list_10.33.0--canary.2107.25048.0', 'message': 'no deps or dev-deps'}
{'statusCode': 0, 'package': '@auto-canary/bot-list_10.33.0--canary.2107.25054.0', 'message': 'no deps or dev-deps'}
{'statusCode': 0, 'package': '@auto-canary/bot-list_10.33.0--canary.2107.25122.0', 'message': 'no deps or dev-deps'}
{'statusCode': 0, 'package': '@auto-canary/bot-list_10.33.0--canary.2107.25128.0', 'message': 'no deps or dev-deps'}
{'statusCode': 0, 'package': '@auto-canary/bot-list_10.32.4--canary.2067.25145.0', 'message': 'no deps or dev-deps'}
{'statusCode': 0, 'package': '@auto-canary/bot-list_10.33.0--canary.2115.25151.0', 'message': 'no deps or dev-deps'}
{'statusCode': 0, 'package': '@auto-canary/bot-list_10.32.4--canary.2116.25162.0', 'message': 'no deps or dev-deps'}
{'statusCode': 0, 'package': '@auto-canary/bot-list_10.32.4--canary.2116.25168.0', 'message': 'no deps or dev-deps'}
{'statusCode': 0, 'package': '@auto-canary/bot-list_10.32.4--canary.2116.25181.0', 'message': 'no deps or dev-deps'}
{'statusCode': 0, 'package': '@auto-canary/bot-list_10.32.4--canary.2116.25187.0', 'message': 'no deps or dev-deps'}
{'statusCode': 0, 'package': '@auto-canary/bot-list_10.32.4--canary.2116.25198.0', 'message': 'no deps or dev-deps'}
{'statusCode': 0, 'package': '@auto-canary/bot-list_10.32.4--canary.2116.25204.0', 'message': 'no deps or dev-deps'}
{'statusCode': 0, 'package': '@auto-canary/bot-list_10.32.5--canary.2118.25223.0', 'message': 'no deps or dev-deps'}
{'statusCode': 0, 'package': '@auto-canary/bot-list_10.33.0--canary.2107.25252.0', 'message': 'no deps or dev-deps'}
{'statusCode': 0, 'package': '@auto-canary/bot-list_10.33.0--canary.2107.25258.0', 'message': 'no deps or dev-deps'}
{'statusCode': 0, 'package': '@auto-canary/bot-list_10.33.0--canary.2064.25284.0', 'message': 'no deps or dev-deps'}
{'statusCode': 0, 'package': '@auto-canary/bot-list_10.33.0--canary.2064.25288.0', 'message': 'no deps or dev-deps'}
{'statusCode': 0, 'package': '@auto-canary/bot-list_10.33.0--canary.2107.25354.0', 'message': 'no deps or dev-deps'}
{'statusCode': 0, 'package': '@auto-canary/bot-list_10.33.0--canary.2107.25360.0', 'message': 'no deps or dev-deps'}
{'statusCode': 0, 'package': '@auto-canary/bot-list_10.33.0--canary.2064.25372.0', 'message': 'no deps or dev-deps'}
{'statusCode': 0, 'package': '@auto-canary/bot-list_10.33.0--canary.2152.25394.0', 'message': 'no deps or dev-deps'}
{'statusCode': 0, 'package': '@auto-canary/bot-list_10.34.0--canary.2152.25615.0', 'message': 'no deps or dev-deps'}
{'statusCode': 0, 'package': '@auto-canary/bot-list_10.34.0--canary.2152.25626.0', 'message': 'no deps or dev-deps'}
{'statusCode': 0, 'package': '@auto-canary/bot-list_10.34.0--canary.2152.25627.0', 'message': 'no deps or dev-deps'}
{'statusCode': 0, 'package': '@auto-canary/bot-list_10.34.1--canary.2160.25661.0', 'message': 'no deps or dev-deps'}
{'statusCode': 0, 'package': '@auto-canary/bot-list_10.34.1--canary.2160.25667.0', 'message': 'no deps or dev-deps'}
{'statusCode': 0, 'package': '@auto-canary/bot-list_10.34.2--canary.2169.25725.0', 'message': 'no deps or dev-deps'}
{'statusCode': 0, 'package': '@auto-canary/bot-list_10.36.1--canary.2172.25820.0', 'message': 'no deps or dev-deps'}
{'statusCode': 0, 'package': '@auto-canary/bot-list_10.36.1--canary.2171.25824.0', 'message': 'no deps or dev-deps'}
{'statusCode': 0, 'package': '@auto-canary/bot-list_10.36.2--canary.2173.25875.0', 'message': 'no deps or dev-deps'}
{'statusCode': 0, 'package': '@auto-canary/bot-list_10.36.4--canary.2174.25983.0', 'message': 'no deps or dev-deps'}
{'statusCode': 0, 'package': '@auto-canary/bot-list_10.36.5--canary.2175.26002.0', 'message': 'no deps or dev-deps'}
{'statusCode': 0, 'package': '@auto-canary/bot-list_10.36.6--canary.2176.26015.0', 'message': 'no deps or dev-deps'}
{'statusCode': 0, 'package': '@auto-canary/bot-list_10.36.6--canary.2184.26077.0', 'message': 'no deps or dev-deps'}
{'statusCode': 0, 'package': '@auto-canary/bot-list_10.37.0--canary.2180.26196.0', 'message': 'no deps or dev-deps'}
{'statusCode': 0, 'package': '@auto-canary/bot-list_10.36.6--canary.2204.26215.0', 'message': 'no deps or dev-deps'}
{'statusCode': 0, 'package': '@auto-canary/bot-list_10.37.1--canary.2205.26254.0', 'message': 'no deps or dev-deps'}
{'statusCode': 0, 'package': '@auto-canary/bot-list_10.37.2--canary.2226.26359.0', 'message': 'no deps or dev-deps'}
{'statusCode': 0, 'package': '@auto-canary/bot-list_10.37.2--canary.2229.26380.0', 'message': 'no deps or dev-deps'}
{'statusCode': 0, 'package': '@auto-canary/bot-list_10.37.4--canary.2240.26465.0', 'message': 'no deps or dev-deps'}
{'statusCode': 0, 'package': '@auto-canary/bot-list_10.37.5--canary.2255.26502.0', 'message': 'no deps or dev-deps'}
{'statusCode': 0, 'package': '@auto-canary/bot-list_10.37.6--canary.2252.26551.0', 'message': 'no deps or dev-deps'}
{'statusCode': 0, 'package': '@auto-canary/bot-list_10.37.7--canary.2272.26620.0', 'message': 'no deps or dev-deps'}
{'statusCode': 0, 'package': '@auto-canary/bot-list_10.38.0--canary.2277.26629.0', 'message': 'no deps or dev-deps'}
{'statusCode': 0, 'package': 'babylonjs-serializers_3.1.0-alpha3.3', 'message': 'no deps or dev-deps'}
{'statusCode': 0, 'package': 'babylonjs-serializers_3.1.0-alpha3.4', 'message': 'no deps or dev-deps'}
{'statusCode': 0, 'package': 'babylonjs-serializers_3.1.0-alpha3.5', 'message': 'no deps or dev-deps'}
{'statusCode': 0, 'package': 'babylonjs-serializers_3.1.0-alpha3.6', 'message': 'no deps or dev-deps'}
{'statusCode': 0, 'package': 'babylonjs-serializers_3.1.0-alpha3.7', 'message': 'no deps or dev-deps'}
{'statusCode': 0, 'package': 'babylonjs-serializers_3.1.0-beta1.0', 'message': 'no deps or dev-deps'}
{'statusCode': 0, 'package': 'babylonjs-serializers_3.1.0-beta1.1', 'message': 'no deps or dev-deps'}
{'statusCode': 0, 'package': 'babylonjs-serializers_3.1.0-beta3', 'message': 'no deps or dev-deps'}
{'statusCode': 0, 'package': 'babylonjs-serializers_3.1.0-beta5', 'message': 'no deps or dev-deps'}
{'statusCode': 0, 'package': 'babylonjs-serializers_3.1.0-beta6', 'message': 'no deps or dev-deps'}
{'statusCode': 0, 'package': 'babylonjs-serializers_3.1.0-rc-0', 'message': 'no deps or dev-deps'}
{'statusCode': 0, 'package': 'babylonjs-serializers_3.1.0', 'message': 'no deps or dev-deps'}
{'statusCode': 0, 'package': 'babylonjs-serializers_3.1.1', 'message': 'no deps or dev-deps'}
{'statusCode': 0, 'package': 'babylonjs-serializers_3.2.0-alpha0', 'message': 'no deps or dev-deps'}
{'statusCode': 0, 'package': 'babylonjs-serializers_3.2.0-alpha2', 'message': 'no deps or dev-deps'}
{'statusCode': 0, 'package': 'babylonjs-serializers_3.2.0-alpha4', 'message': 'no deps or dev-deps'}
{'statusCode': 0, 'package': 'babylonjs-serializers_3.2.0-alpha6', 'message': 'no deps or dev-deps'}
{'statusCode': 0, 'package': 'babylonjs-serializers_3.2.0-alpha7', 'message': 'no deps or dev-deps'}
{'statusCode': 0, 'package': 'babylonjs-serializers_3.2.0-alpha8', 'message': 'no deps or dev-deps'}
{'statusCode': 200, 'package': 'cbre-components', 'message': 'No versions found'}
{'statusCode': 404, 'package': '@cbredev/eslint-config-cbredev', 'message': 'HTTPError'}
{'statusCode': 404, 'package': '@cbredev/listings-storybook', 'message': 'HTTPError'}
{'statusCode': 404, 'package': '@digienttech/digient-node-debug', 'message': 'HTTPError'}
{'statusCode': 0, 'package': '@energyweb/localization_0.0.2-alpha.3546.0', 'message': 'no deps or dev-deps'}
{'statusCode': 0, 'package': '@energyweb/localization_0.0.2-alpha.3556.0', 'message': 'no deps or dev-deps'}
{'statusCode': 0, 'package': '@energyweb/localization_0.0.2-alpha.3555.0', 'message': 'no deps or dev-deps'}
{'statusCode': 0, 'package': '@energyweb/localization_0.0.2-alpha.3558.0', 'message': 'no deps or dev-deps'}
{'statusCode': 0, 'package': '@energyweb/localization_0.0.2-alpha.3567.0', 'message': 'no deps or dev-deps'}
{'statusCode': 0, 'package': '@energyweb/localization_0.0.2-alpha.3570.0', 'message': 'no deps or dev-deps'}
{'statusCode': 0, 'package': '@energyweb/localization_0.0.2-alpha.3582.0', 'message': 'no deps or dev-deps'}
{'statusCode': 0, 'package': '@energyweb/localization_0.0.2-alpha.3587.0', 'message': 'no deps or dev-deps'}
{'statusCode': 0, 'package': '@energyweb/localization_0.0.2-alpha.3597.0', 'message': 'no deps or dev-deps'}
{'statusCode': 0, 'package': '@energyweb/localization_0.0.2-alpha.3602.0', 'message': 'no deps or dev-deps'}
{'statusCode': 0, 'package': '@energyweb/localization_0.0.2-alpha.3610.0', 'message': 'no deps or dev-deps'}
{'statusCode': 0, 'package': '@energyweb/localization_0.0.2-alpha.3645.0', 'message': 'no deps or dev-deps'}
{'statusCode': 0, 'package': '@energyweb/localization_0.0.2-alpha.3646.0', 'message': 'no deps or dev-deps'}
{'statusCode': 0, 'package': '@energyweb/localization_0.0.2-alpha.3647.0', 'message': 'no deps or dev-deps'}
{'statusCode': 0, 'package': '@energyweb/localization_0.0.2-alpha.3661.0', 'message': 'no deps or dev-deps'}
{'statusCode': 0, 'package': '@energyweb/localization_0.0.2-alpha.3664.0', 'message': 'no deps or dev-deps'}
{'statusCode': 0, 'package': '@energyweb/localization_0.0.2-alpha.3667.0', 'message': 'no deps or dev-deps'}
{'statusCode': 0, 'package': '@energyweb/localization_0.0.2-alpha.3675.0', 'message': 'no deps or dev-deps'}
{'statusCode': 0, 'package': '@energyweb/localization_0.0.2-alpha.3680.0', 'message': 'no deps or dev-deps'}
{'statusCode': 0, 'package': '@energyweb/localization_0.0.2-alpha.3683.0', 'message': 'no deps or dev-deps'}
{'statusCode': 0, 'package': '@energyweb/localization_0.0.2-alpha.3688.0', 'message': 'no deps or dev-deps'}
{'statusCode': 0, 'package': '@energyweb/localization_0.0.2-alpha.3700.0', 'message': 'no deps or dev-deps'}
{'statusCode': 0, 'package': '@energyweb/localization_0.0.2-alpha.3725.0', 'message': 'no deps or dev-deps'}
{'statusCode': 0, 'package': '@energyweb/localization_0.0.2-alpha.3728.0', 'message': 'no deps or dev-deps'}
{'statusCode': 0, 'package': '@energyweb/localization_0.0.2-alpha.3734.0', 'message': 'no deps or dev-deps'}
{'statusCode': 0, 'package': '@energyweb/localization_0.0.2-alpha.3747.0', 'message': 'no deps or dev-deps'}
{'statusCode': 0, 'package': '@energyweb/localization_0.0.2-alpha.3758.0', 'message': 'no deps or dev-deps'}
{'statusCode': 0, 'package': '@energyweb/localization_0.0.2-alpha.3762.0', 'message': 'no deps or dev-deps'}
{'statusCode': 0, 'package': '@energyweb/localization_0.0.2-alpha.3764.0', 'message': 'no deps or dev-deps'}
{'statusCode': 0, 'package': '@energyweb/localization_0.0.2-alpha.3770.0', 'message': 'no deps or dev-deps'}
{'statusCode': 0, 'package': '@energyweb/localization_0.0.2-alpha.3776.0', 'message': 'no deps or dev-deps'}
{'statusCode': 0, 'package': '@energyweb/localization_0.0.2-alpha.3782.0', 'message': 'no deps or dev-deps'}
{'statusCode': 0, 'package': '@energyweb/localization_0.0.2-alpha.3793.0', 'message': 'no deps or dev-deps'}
{'statusCode': 0, 'package': '@energyweb/localization_0.0.2-alpha.3803.0', 'message': 'no deps or dev-deps'}
{'statusCode': 0, 'package': '@energyweb/localization_0.0.2-alpha.3804.0', 'message': 'no deps or dev-deps'}
{'statusCode': 0, 'package': '@energyweb/localization_0.0.2-alpha.3805.0', 'message': 'no deps or dev-deps'}
{'statusCode': 0, 'package': '@energyweb/localization_0.0.2-alpha.3807.0', 'message': 'no deps or dev-deps'}
{'statusCode': 0, 'package': '@energyweb/localization_0.0.2', 'message': 'no deps or dev-deps'}
{'statusCode': 0, 'package': '@energyweb/localization_0.0.3-alpha.3812.0', 'message': 'no deps or dev-deps'}
{'statusCode': 0, 'package': '@energyweb/localization_0.0.3-alpha.3823.0', 'message': 'no deps or dev-deps'}
{'statusCode': 0, 'package': '@energyweb/localization_0.0.3-alpha.3829.0', 'message': 'no deps or dev-deps'}
{'statusCode': 0, 'package': '@energyweb/localization_0.0.3-alpha.3830.0', 'message': 'no deps or dev-deps'}
{'statusCode': 0, 'package': '@energyweb/localization_0.0.3-alpha.3833.0', 'message': 'no deps or dev-deps'}
{'statusCode': 0, 'package': '@energyweb/localization_0.0.3-alpha.3840.0', 'message': 'no deps or dev-deps'}
{'statusCode': 0, 'package': '@energyweb/localization_0.0.3-alpha.3847.0', 'message': 'no deps or dev-deps'}
{'statusCode': 0, 'package': '@energyweb/localization_0.0.3-preview.3929.0', 'message': 'no deps or dev-deps'}
{'statusCode': 0, 'package': '@energyweb/localization_0.0.3-alpha.3930.0', 'message': 'no deps or dev-deps'}
{'statusCode': 0, 'package': '@energyweb/localization_0.0.3-alpha.3958.0', 'message': 'no deps or dev-deps'}
{'statusCode': 0, 'package': '@energyweb/localization_0.0.3-alpha.3965.0', 'message': 'no deps or dev-deps'}
{'statusCode': 0, 'package': '@energyweb/localization_0.0.3-alpha.3966.0', 'message': 'no deps or dev-deps'}
{'statusCode': 0, 'package': '@energyweb/localization_0.0.3-alpha.3971.0', 'message': 'no deps or dev-deps'}
{'statusCode': 0, 'package': '@energyweb/localization_0.0.3-alpha.3986.0', 'message': 'no deps or dev-deps'}
{'statusCode': 0, 'package': '@energyweb/localization_0.0.3-alpha.3997.0', 'message': 'no deps or dev-deps'}
{'statusCode': 0, 'package': '@energyweb/localization_0.0.3-alpha.4003.0', 'message': 'no deps or dev-deps'}
{'statusCode': 0, 'package': '@energyweb/localization_0.0.3-alpha.4009.0', 'message': 'no deps or dev-deps'}
{'statusCode': 0, 'package': '@energyweb/localization_0.0.3-alpha.4018.0', 'message': 'no deps or dev-deps'}
{'statusCode': 0, 'package': '@energyweb/localization_0.0.3-alpha.4037.0', 'message': 'no deps or dev-deps'}
{'statusCode': 0, 'package': '@energyweb/localization_0.0.3-alpha.4047.0', 'message': 'no deps or dev-deps'}
{'statusCode': 0, 'package': '@energyweb/localization_0.0.3-preview.4054.0', 'message': 'no deps or dev-deps'}
{'statusCode': 0, 'package': '@energyweb/localization_0.0.3-preview.4057.0', 'message': 'no deps or dev-deps'}
{'statusCode': 0, 'package': '@energyweb/localization_0.0.3-alpha.4070.0', 'message': 'no deps or dev-deps'}
{'statusCode': 0, 'package': '@energyweb/localization_0.0.3-preview.4071.0', 'message': 'no deps or dev-deps'}
{'statusCode': 0, 'package': '@energyweb/localization_0.0.3-preview.4072.0', 'message': 'no deps or dev-deps'}
{'statusCode': 0, 'package': '@energyweb/localization_0.0.3-alpha.4077.0', 'message': 'no deps or dev-deps'}
{'statusCode': 0, 'package': '@energyweb/localization_0.1.0', 'message': 'no deps or dev-deps'}
{'statusCode': 0, 'package': '@energyweb/localization_0.1.1-alpha.4082.0', 'message': 'no deps or dev-deps'}
{'statusCode': 0, 'package': '@energyweb/localization_0.1.1-preview.4091.0', 'message': 'no deps or dev-deps'}
{'statusCode': 0, 'package': '@energyweb/localization_0.1.1-alpha.4124.0', 'message': 'no deps or dev-deps'}
{'statusCode': 0, 'package': '@energyweb/localization_0.1.1-alpha.4163.0', 'message': 'no deps or dev-deps'}
{'statusCode': 0, 'package': '@energyweb/localization_0.1.1-alpha.4185.0', 'message': 'no deps or dev-deps'}
{'statusCode': 0, 'package': '@energyweb/localization_0.1.1-alpha.4198.0', 'message': 'no deps or dev-deps'}
{'statusCode': 0, 'package': '@energyweb/localization_0.1.1-alpha.4213.0', 'message': 'no deps or dev-deps'}
{'statusCode': 0, 'package': '@energyweb/localization_0.1.1-alpha.4246.0', 'message': 'no deps or dev-deps'}
{'statusCode': 0, 'package': '@energyweb/localization_0.1.1-alpha.4268.0', 'message': 'no deps or dev-deps'}
{'statusCode': 0, 'package': '@energyweb/localization_0.1.1-alpha.4366.0', 'message': 'no deps or dev-deps'}
{'statusCode': 0, 'package': '@energyweb/localization_0.1.1-alpha.4373.0', 'message': 'no deps or dev-deps'}
{'statusCode': 0, 'package': '@energyweb/localization_0.1.1-alpha.4380.0', 'message': 'no deps or dev-deps'}
{'statusCode': 0, 'package': '@energyweb/localization_0.1.1-alpha.4381.0', 'message': 'no deps or dev-deps'}
{'statusCode': 0, 'package': '@energyweb/localization_0.1.1-alpha.4382.0', 'message': 'no deps or dev-deps'}
{'statusCode': 0, 'package': '@energyweb/localization_0.1.1-alpha.4383.0', 'message': 'no deps or dev-deps'}
{'statusCode': 0, 'package': '@energyweb/localization_0.1.1-alpha.4390.0', 'message': 'no deps or dev-deps'}
{'statusCode': 0, 'package': '@energyweb/localization_0.1.1-alpha.4395.0', 'message': 'no deps or dev-deps'}
{'statusCode': 0, 'package': '@energyweb/localization_0.1.1-alpha.4396.0', 'message': 'no deps or dev-deps'}
{'statusCode': 0, 'package': '@energyweb/localization_0.1.1-alpha.4403.0', 'message': 'no deps or dev-deps'}
{'statusCode': 0, 'package': '@energyweb/localization_0.1.1-alpha.4424.0', 'message': 'no deps or dev-deps'}
{'statusCode': 0, 'package': '@energyweb/localization_0.1.1-alpha.4431.0', 'message': 'no deps or dev-deps'}
{'statusCode': 0, 'package': '@energyweb/localization_0.1.1-alpha.4438.0', 'message': 'no deps or dev-deps'}
{'statusCode': 0, 'package': '@energyweb/localization_0.1.1-alpha.4446.0', 'message': 'no deps or dev-deps'}
{'statusCode': 0, 'package': '@energyweb/localization_0.1.1-alpha.4459.0', 'message': 'no deps or dev-deps'}
{'statusCode': 0, 'package': '@energyweb/localization_0.1.1-alpha.4468.0', 'message': 'no deps or dev-deps'}
{'statusCode': 0, 'package': '@energyweb/localization_0.1.1-alpha.4539.0', 'message': 'no deps or dev-deps'}
{'statusCode': 0, 'package': '@energyweb/localization_0.1.1-alpha.4562.0', 'message': 'no deps or dev-deps'}
{'statusCode': 0, 'package': '@energyweb/localization_0.1.1-alpha.4569.0', 'message': 'no deps or dev-deps'}
{'statusCode': 0, 'package': '@energyweb/localization_0.1.1-alpha.4570.0', 'message': 'no deps or dev-deps'}
{'statusCode': 0, 'package': '@energyweb/localization_0.1.1-alpha.4571.0', 'message': 'no deps or dev-deps'}
{'statusCode': 0, 'package': '@energyweb/localization_0.1.1-alpha.4576.0', 'message': 'no deps or dev-deps'}
{'statusCode': 0, 'package': '@energyweb/localization_0.1.1-alpha.4581.0', 'message': 'no deps or dev-deps'}
{'statusCode': 0, 'package': '@energyweb/localization_0.1.1-alpha.4592.0', 'message': 'no deps or dev-deps'}
{'statusCode': 0, 'package': '@energyweb/localization_0.1.1-alpha.4593.0', 'message': 'no deps or dev-deps'}
{'statusCode': 0, 'package': '@energyweb/localization_0.1.1-alpha.4596.0', 'message': 'no deps or dev-deps'}
{'statusCode': 0, 'package': '@energyweb/localization_0.1.1-alpha.4601.0', 'message': 'no deps or dev-deps'}
{'statusCode': 0, 'package': '@energyweb/localization_0.1.1-alpha.4613.0', 'message': 'no deps or dev-deps'}
{'statusCode': 0, 'package': '@energyweb/localization_0.1.1-alpha.4616.0', 'message': 'no deps or dev-deps'}
{'statusCode': 0, 'package': '@energyweb/localization_0.1.1-alpha.4617.0', 'message': 'no deps or dev-deps'}
{'statusCode': 0, 'package': '@energyweb/localization_0.1.1-alpha.4622.0', 'message': 'no deps or dev-deps'}
{'statusCode': 0, 'package': '@energyweb/localization_0.1.1-alpha.4625.0', 'message': 'no deps or dev-deps'}
{'statusCode': 0, 'package': '@energyweb/localization_0.1.1-alpha.4630.0', 'message': 'no deps or dev-deps'}
{'statusCode': 0, 'package': '@energyweb/localization_0.1.1-alpha.4631.0', 'message': 'no deps or dev-deps'}
{'statusCode': 0, 'package': '@energyweb/localization_0.1.1-alpha.4637.0', 'message': 'no deps or dev-deps'}
{'statusCode': 0, 'package': '@energyweb/localization_0.1.1-alpha.4650.0', 'message': 'no deps or dev-deps'}
{'statusCode': 0, 'package': '@energyweb/localization_0.1.1-alpha.4655.0', 'message': 'no deps or dev-deps'}
{'statusCode': 0, 'package': '@energyweb/localization_0.1.1-alpha.4656.0', 'message': 'no deps or dev-deps'}
{'statusCode': 0, 'package': '@energyweb/localization_0.1.1-alpha.4657.0', 'message': 'no deps or dev-deps'}
{'statusCode': 0, 'package': '@energyweb/localization_0.1.1-alpha.4676.0', 'message': 'no deps or dev-deps'}
{'statusCode': 0, 'package': '@energyweb/localization_0.1.1-alpha.4679.0', 'message': 'no deps or dev-deps'}
{'statusCode': 0, 'package': '@energyweb/localization_0.1.1-alpha.4699.0', 'message': 'no deps or dev-deps'}
{'statusCode': 0, 'package': '@energyweb/localization_0.1.1-alpha.4705.0', 'message': 'no deps or dev-deps'}
{'statusCode': 0, 'package': '@energyweb/localization_0.1.1-alpha.4707.0', 'message': 'no deps or dev-deps'}
{'statusCode': 0, 'package': '@energyweb/localization_0.1.1-alpha.4710.0', 'message': 'no deps or dev-deps'}
{'statusCode': 0, 'package': '@energyweb/localization_0.1.1-alpha.4717.0', 'message': 'no deps or dev-deps'}
{'statusCode': 0, 'package': '@energyweb/localization_0.1.1-alpha.4726.0', 'message': 'no deps or dev-deps'}
{'statusCode': 0, 'package': '@energyweb/localization_0.1.1-alpha.4737.0', 'message': 'no deps or dev-deps'}
{'statusCode': 0, 'package': '@energyweb/localization_0.1.1-alpha.4744.0', 'message': 'no deps or dev-deps'}
{'statusCode': 0, 'package': '@energyweb/localization_0.1.1-alpha.4752.0', 'message': 'no deps or dev-deps'}
{'statusCode': 0, 'package': '@energyweb/localization_0.1.1-alpha.4757.0', 'message': 'no deps or dev-deps'}
{'statusCode': 0, 'package': '@energyweb/localization_0.1.1-alpha.4760.0', 'message': 'no deps or dev-deps'}
{'statusCode': 0, 'package': '@energyweb/localization_0.1.1-alpha.4761.0', 'message': 'no deps or dev-deps'}
{'statusCode': 0, 'package': '@energyweb/localization_0.1.1-alpha.4762.0', 'message': 'no deps or dev-deps'}
{'statusCode': 0, 'package': '@energyweb/localization_0.1.1-alpha.4769.0', 'message': 'no deps or dev-deps'}
{'statusCode': 0, 'package': '@energyweb/localization_0.1.1-alpha.4778.0', 'message': 'no deps or dev-deps'}
{'statusCode': 0, 'package': '@energyweb/localization_0.1.1-alpha.4781.0', 'message': 'no deps or dev-deps'}
{'statusCode': 0, 'package': '@energyweb/localization_0.1.1-alpha.4784.0', 'message': 'no deps or dev-deps'}
{'statusCode': 0, 'package': '@energyweb/localization_0.1.1-alpha.4787.0', 'message': 'no deps or dev-deps'}
{'statusCode': 0, 'package': '@energyweb/localization_0.1.1-alpha.4790.0', 'message': 'no deps or dev-deps'}
{'statusCode': 0, 'package': '@energyweb/localization_0.1.1-alpha.4793.0', 'message': 'no deps or dev-deps'}
{'statusCode': 0, 'package': '@energyweb/localization_0.1.1-alpha.4811.0', 'message': 'no deps or dev-deps'}
{'statusCode': 0, 'package': '@energyweb/localization_0.1.1-alpha.4818.0', 'message': 'no deps or dev-deps'}
{'statusCode': 0, 'package': '@energyweb/localization_0.1.1-alpha.4821.0', 'message': 'no deps or dev-deps'}
{'statusCode': 0, 'package': '@energyweb/localization_0.2.0', 'message': 'no deps or dev-deps'}
{'statusCode': 0, 'package': '@energyweb/localization_0.2.1-alpha.4837.0', 'message': 'no deps or dev-deps'}
{'statusCode': 0, 'package': '@energyweb/localization_0.2.1-alpha.4848.0', 'message': 'no deps or dev-deps'}
{'statusCode': 0, 'package': '@energyweb/localization_0.2.1-alpha.4855.0', 'message': 'no deps or dev-deps'}
{'statusCode': 0, 'package': '@energyweb/localization_0.2.1-alpha.4862.0', 'message': 'no deps or dev-deps'}
{'statusCode': 0, 'package': '@energyweb/localization_0.2.1-alpha.4869.0', 'message': 'no deps or dev-deps'}
{'statusCode': 0, 'package': '@energyweb/localization_0.2.1-alpha.4874.0', 'message': 'no deps or dev-deps'}
{'statusCode': 0, 'package': '@energyweb/localization_0.2.1-alpha.4891.0', 'message': 'no deps or dev-deps'}
{'statusCode': 0, 'package': '@energyweb/localization_0.2.1-alpha.4903.0', 'message': 'no deps or dev-deps'}
{'statusCode': 0, 'package': '@energyweb/localization_0.2.1-alpha.4910.0', 'message': 'no deps or dev-deps'}
{'statusCode': 0, 'package': '@energyweb/localization_0.2.1-alpha.4916.0', 'message': 'no deps or dev-deps'}
{'statusCode': 0, 'package': '@energyweb/localization_0.2.1-alpha.4921.0', 'message': 'no deps or dev-deps'}
{'statusCode': 0, 'package': '@energyweb/localization_0.2.1-alpha.4926.0', 'message': 'no deps or dev-deps'}
{'statusCode': 0, 'package': '@energyweb/localization_0.2.1-alpha.4932.0', 'message': 'no deps or dev-deps'}
{'statusCode': 0, 'package': '@energyweb/localization_0.2.1-alpha.4938.0', 'message': 'no deps or dev-deps'}
{'statusCode': 0, 'package': '@energyweb/localization_0.2.1-alpha.4948.0', 'message': 'no deps or dev-deps'}
{'statusCode': 0, 'package': '@energyweb/localization_0.2.1-alpha.4947.0', 'message': 'no deps or dev-deps'}
{'statusCode': 0, 'package': '@energyweb/localization_0.2.1-alpha.4953.0', 'message': 'no deps or dev-deps'}
{'statusCode': 0, 'package': '@energyweb/localization_0.2.1-alpha.4954.0', 'message': 'no deps or dev-deps'}
{'statusCode': 0, 'package': '@energyweb/localization_0.2.1-alpha.4959.0', 'message': 'no deps or dev-deps'}
{'statusCode': 0, 'package': '@energyweb/localization_0.2.1-alpha.4967.0', 'message': 'no deps or dev-deps'}
{'statusCode': 0, 'package': '@energyweb/localization_0.2.1-alpha.4972.0', 'message': 'no deps or dev-deps'}
{'statusCode': 0, 'package': '@energyweb/localization_0.2.1-alpha.4973.0', 'message': 'no deps or dev-deps'}
{'statusCode': 0, 'package': '@energyweb/localization_0.2.1-alpha.4976.0', 'message': 'no deps or dev-deps'}
{'statusCode': 0, 'package': '@energyweb/localization_0.2.1-alpha.4981.0', 'message': 'no deps or dev-deps'}
{'statusCode': 0, 'package': '@energyweb/localization_0.2.1-alpha.4986.0', 'message': 'no deps or dev-deps'}
{'statusCode': 0, 'package': '@energyweb/localization_0.2.1-alpha.4987.0', 'message': 'no deps or dev-deps'}
{'statusCode': 0, 'package': '@energyweb/localization_0.2.1-alpha.4991.0', 'message': 'no deps or dev-deps'}
{'statusCode': 0, 'package': '@energyweb/localization_0.2.1-alpha.4993.0', 'message': 'no deps or dev-deps'}
{'statusCode': 0, 'package': '@energyweb/localization_0.2.1-alpha.4998.0', 'message': 'no deps or dev-deps'}
{'statusCode': 0, 'package': '@energyweb/localization_0.2.1-alpha.5005.0', 'message': 'no deps or dev-deps'}
{'statusCode': 0, 'package': '@energyweb/localization_0.2.1-alpha.5011.0', 'message': 'no deps or dev-deps'}
{'statusCode': 0, 'package': '@energyweb/localization_0.2.1-alpha.5019.0', 'message': 'no deps or dev-deps'}
{'statusCode': 0, 'package': '@energyweb/localization_0.2.1-alpha.5022.0', 'message': 'no deps or dev-deps'}
{'statusCode': 0, 'package': '@energyweb/localization_0.2.1-alpha.5026.0', 'message': 'no deps or dev-deps'}
{'statusCode': 0, 'package': '@energyweb/localization_0.2.1-alpha.5042.0', 'message': 'no deps or dev-deps'}
{'statusCode': 0, 'package': '@energyweb/localization_0.2.1-alpha.5047.0', 'message': 'no deps or dev-deps'}
{'statusCode': 0, 'package': '@energyweb/localization_0.2.1-alpha.5048.0', 'message': 'no deps or dev-deps'}
{'statusCode': 0, 'package': '@energyweb/localization_0.2.1-alpha.5055.0', 'message': 'no deps or dev-deps'}
{'statusCode': 0, 'package': '@energyweb/localization_0.2.1-alpha.5068.0', 'message': 'no deps or dev-deps'}
{'statusCode': 0, 'package': '@energyweb/localization_0.2.1-alpha.5073.0', 'message': 'no deps or dev-deps'}
{'statusCode': 0, 'package': '@energyweb/localization_0.2.1-alpha.5076.0', 'message': 'no deps or dev-deps'}
{'statusCode': 0, 'package': '@energyweb/localization_0.2.1-alpha.5077.0', 'message': 'no deps or dev-deps'}
{'statusCode': 0, 'package': '@energyweb/localization_0.2.1-alpha.5084.0', 'message': 'no deps or dev-deps'}
{'statusCode': 0, 'package': '@energyweb/localization_0.2.1-alpha.5085.0', 'message': 'no deps or dev-deps'}
{'statusCode': 0, 'package': '@energyweb/localization_0.2.1-alpha.5088.0', 'message': 'no deps or dev-deps'}
{'statusCode': 0, 'package': '@energyweb/localization_0.2.1-alpha.5093.0', 'message': 'no deps or dev-deps'}
{'statusCode': 0, 'package': '@energyweb/localization_0.2.1-alpha.5096.0', 'message': 'no deps or dev-deps'}
{'statusCode': 0, 'package': '@energyweb/localization_0.2.1-alpha.5099.0', 'message': 'no deps or dev-deps'}
{'statusCode': 0, 'package': '@energyweb/localization_0.2.1-alpha.5102.0', 'message': 'no deps or dev-deps'}
{'statusCode': 0, 'package': '@energyweb/localization_0.2.1-alpha.5108.0', 'message': 'no deps or dev-deps'}
{'statusCode': 0, 'package': '@energyweb/localization_0.2.1-alpha.5113.0', 'message': 'no deps or dev-deps'}
{'statusCode': 0, 'package': '@energyweb/localization_0.2.1-alpha.5114.0', 'message': 'no deps or dev-deps'}
{'statusCode': 0, 'package': '@energyweb/localization_0.2.1-alpha.5119.0', 'message': 'no deps or dev-deps'}
{'statusCode': 0, 'package': '@energyweb/localization_0.2.1-alpha.5120.0', 'message': 'no deps or dev-deps'}
{'statusCode': 0, 'package': '@energyweb/localization_0.2.1-alpha.5125.0', 'message': 'no deps or dev-deps'}
{'statusCode': 0, 'package': '@energyweb/localization_0.2.1-alpha.5126.0', 'message': 'no deps or dev-deps'}
{'statusCode': 0, 'package': '@energyweb/localization_0.2.1-alpha.5134.0', 'message': 'no deps or dev-deps'}
{'statusCode': 0, 'package': '@energyweb/localization_0.2.1-alpha.5133.0', 'message': 'no deps or dev-deps'}
{'statusCode': 0, 'package': '@energyweb/localization_0.2.1-alpha.5139.0', 'message': 'no deps or dev-deps'}
{'statusCode': 0, 'package': '@energyweb/localization_0.2.1-alpha.5152.0', 'message': 'no deps or dev-deps'}
{'statusCode': 0, 'package': '@energyweb/localization_0.2.1-alpha.5164.0', 'message': 'no deps or dev-deps'}
{'statusCode': 0, 'package': '@energyweb/localization_0.2.1-alpha.5175.0', 'message': 'no deps or dev-deps'}
{'statusCode': 0, 'package': '@energyweb/localization_0.2.1-alpha.5178.0', 'message': 'no deps or dev-deps'}
{'statusCode': 0, 'package': '@energyweb/localization_0.2.1-alpha.5182.0', 'message': 'no deps or dev-deps'}
{'statusCode': 0, 'package': '@energyweb/localization_0.2.1-alpha.5189.0', 'message': 'no deps or dev-deps'}
{'statusCode': 0, 'package': '@energyweb/localization_0.2.1-alpha.5194.0', 'message': 'no deps or dev-deps'}
{'statusCode': 0, 'package': '@energyweb/localization_0.2.1-alpha.5201.0', 'message': 'no deps or dev-deps'}
{'statusCode': 0, 'package': '@energyweb/localization_0.2.1-alpha.5205.0', 'message': 'no deps or dev-deps'}
{'statusCode': 0, 'package': '@energyweb/localization_0.2.1-alpha.5213.0', 'message': 'no deps or dev-deps'}
{'statusCode': 0, 'package': '@energyweb/localization_0.2.1-alpha.5214.0', 'message': 'no deps or dev-deps'}
{'statusCode': 0, 'package': '@energyweb/localization_0.2.1-alpha.5217.0', 'message': 'no deps or dev-deps'}
{'statusCode': 0, 'package': '@energyweb/localization_0.2.1-alpha.5224.0', 'message': 'no deps or dev-deps'}
{'statusCode': 0, 'package': '@energyweb/localization_0.2.1-alpha.5225.0', 'message': 'no deps or dev-deps'}
{'statusCode': 0, 'package': '@energyweb/localization_0.2.1-alpha.5231.0', 'message': 'no deps or dev-deps'}
{'statusCode': 0, 'package': '@energyweb/localization_0.2.1-alpha.5237.0', 'message': 'no deps or dev-deps'}
{'statusCode': 0, 'package': '@energyweb/localization_0.2.1-alpha.5242.0', 'message': 'no deps or dev-deps'}
{'statusCode': 0, 'package': '@energyweb/localization_0.2.1-alpha.5249.0', 'message': 'no deps or dev-deps'}
{'statusCode': 0, 'package': '@energyweb/localization_0.2.1-alpha.5253.0', 'message': 'no deps or dev-deps'}
{'statusCode': 0, 'package': '@energyweb/localization_0.2.1-alpha.5261.0', 'message': 'no deps or dev-deps'}
{'statusCode': 0, 'package': '@energyweb/localization_0.2.1-alpha.5267.0', 'message': 'no deps or dev-deps'}
{'statusCode': 0, 'package': '@energyweb/localization_0.2.1-alpha.5271.0', 'message': 'no deps or dev-deps'}
{'statusCode': 0, 'package': '@energyweb/localization_0.2.1-alpha.5277.0', 'message': 'no deps or dev-deps'}
{'statusCode': 0, 'package': '@energyweb/localization_0.2.1-alpha.5281.0', 'message': 'no deps or dev-deps'}
{'statusCode': 0, 'package': '@energyweb/localization_0.2.1-alpha.5287.0', 'message': 'no deps or dev-deps'}
{'statusCode': 0, 'package': '@energyweb/localization_0.2.1-alpha.5289.0', 'message': 'no deps or dev-deps'}
{'statusCode': 0, 'package': '@energyweb/localization_0.2.1-alpha.5293.0', 'message': 'no deps or dev-deps'}
{'statusCode': 0, 'package': '@energyweb/localization_0.2.1-alpha.5297.0', 'message': 'no deps or dev-deps'}
{'statusCode': 0, 'package': '@energyweb/localization_0.2.1-alpha.5299.0', 'message': 'no deps or dev-deps'}
{'statusCode': 0, 'package': '@energyweb/localization_0.2.1-alpha.5303.0', 'message': 'no deps or dev-deps'}
{'statusCode': 0, 'package': '@energyweb/localization_0.2.1-alpha.5307.0', 'message': 'no deps or dev-deps'}
{'statusCode': 0, 'package': '@energyweb/localization_0.2.1-alpha.5311.0', 'message': 'no deps or dev-deps'}
{'statusCode': 0, 'package': '@energyweb/localization_0.2.1-alpha.5313.0', 'message': 'no deps or dev-deps'}
{'statusCode': 0, 'package': '@energyweb/localization_0.2.1-alpha.5317.0', 'message': 'no deps or dev-deps'}
{'statusCode': 0, 'package': '@energyweb/localization_0.2.1-alpha.5321.0', 'message': 'no deps or dev-deps'}
{'statusCode': 0, 'package': '@energyweb/localization_0.3.0', 'message': 'no deps or dev-deps'}
{'statusCode': 0, 'package': '@energyweb/localization_0.3.1-alpha.5332.0', 'message': 'no deps or dev-deps'}
{'statusCode': 0, 'package': '@energyweb/localization_0.3.1-alpha.5339.0', 'message': 'no deps or dev-deps'}
{'statusCode': 0, 'package': '@energyweb/localization_0.3.1-alpha.5349.0', 'message': 'no deps or dev-deps'}
{'statusCode': 0, 'package': '@energyweb/localization_0.3.1-alpha.5367.0', 'message': 'no deps or dev-deps'}
{'statusCode': 0, 'package': '@energyweb/localization_0.3.1-alpha.5366.0', 'message': 'no deps or dev-deps'}
{'statusCode': 0, 'package': '@energyweb/localization_0.3.1-alpha.5372.0', 'message': 'no deps or dev-deps'}
{'statusCode': 0, 'package': '@energyweb/localization_0.3.1-alpha.5380.0', 'message': 'no deps or dev-deps'}
{'statusCode': 0, 'package': '@energyweb/localization_0.3.1-alpha.5385.0', 'message': 'no deps or dev-deps'}
{'statusCode': 0, 'package': '@energyweb/localization_0.3.1-alpha.5396.0', 'message': 'no deps or dev-deps'}
{'statusCode': 0, 'package': '@energyweb/localization_0.3.1-alpha.5400.0', 'message': 'no deps or dev-deps'}
{'statusCode': 0, 'package': '@energyweb/localization_0.3.1-alpha.5415.0', 'message': 'no deps or dev-deps'}
{'statusCode': 0, 'package': '@energyweb/localization_0.3.1-alpha.5420.0', 'message': 'no deps or dev-deps'}
{'statusCode': 0, 'package': '@energyweb/localization_0.3.1-alpha.5425.0', 'message': 'no deps or dev-deps'}
{'statusCode': 0, 'package': '@energyweb/localization_0.3.1-alpha.5427.0', 'message': 'no deps or dev-deps'}
{'statusCode': 0, 'package': '@energyweb/localization_0.3.1-alpha.5434.0', 'message': 'no deps or dev-deps'}
{'statusCode': 0, 'package': '@energyweb/localization_0.3.1-alpha.5440.0', 'message': 'no deps or dev-deps'}
{'statusCode': 0, 'package': '@energyweb/localization_0.3.1-alpha.5443.0', 'message': 'no deps or dev-deps'}
{'statusCode': 0, 'package': '@energyweb/localization_0.3.1-alpha.5456.0', 'message': 'no deps or dev-deps'}
{'statusCode': 0, 'package': '@energyweb/localization_0.3.1-alpha.5465.0', 'message': 'no deps or dev-deps'}
{'statusCode': 0, 'package': '@energyweb/localization_0.3.1-alpha.5468.0', 'message': 'no deps or dev-deps'}
{'statusCode': 0, 'package': '@energyweb/localization_0.3.1-alpha.5473.0', 'message': 'no deps or dev-deps'}
{'statusCode': 0, 'package': '@energyweb/localization_0.3.1-alpha.5474.0', 'message': 'no deps or dev-deps'}
{'statusCode': 0, 'package': '@energyweb/localization_0.3.1-alpha.5492.0', 'message': 'no deps or dev-deps'}
{'statusCode': 0, 'package': '@energyweb/localization_0.3.1-alpha.5497.0', 'message': 'no deps or dev-deps'}
{'statusCode': 0, 'package': '@energyweb/localization_0.3.1-alpha.5502.0', 'message': 'no deps or dev-deps'}
{'statusCode': 0, 'package': '@energyweb/localization_0.3.1-alpha.5514.0', 'message': 'no deps or dev-deps'}
{'statusCode': 0, 'package': '@energyweb/localization_0.3.1-alpha.5521.0', 'message': 'no deps or dev-deps'}
{'statusCode': 0, 'package': '@energyweb/localization_0.3.1-alpha.5522.0', 'message': 'no deps or dev-deps'}
{'statusCode': 0, 'package': '@energyweb/localization_0.3.1-alpha.5535.0', 'message': 'no deps or dev-deps'}
{'statusCode': 0, 'package': '@energyweb/localization_0.3.1-alpha.5550.0', 'message': 'no deps or dev-deps'}
{'statusCode': 0, 'package': '@energyweb/localization_0.3.1-alpha.5553.0', 'message': 'no deps or dev-deps'}
{'statusCode': 0, 'package': '@energyweb/localization_0.3.1-alpha.5556.0', 'message': 'no deps or dev-deps'}
{'statusCode': 0, 'package': '@energyweb/localization_0.3.1-alpha.5558.0', 'message': 'no deps or dev-deps'}
{'statusCode': 0, 'package': '@energyweb/localization_0.3.1-alpha.5563.0', 'message': 'no deps or dev-deps'}
{'statusCode': 0, 'package': '@energyweb/localization_0.3.1-alpha.5566.0', 'message': 'no deps or dev-deps'}
{'statusCode': 0, 'package': '@energyweb/localization_0.3.1-alpha.5571.0', 'message': 'no deps or dev-deps'}
{'statusCode': 0, 'package': '@energyweb/localization_0.3.1-alpha.5574.0', 'message': 'no deps or dev-deps'}
{'statusCode': 0, 'package': '@energyweb/localization_0.3.1-alpha.5576.0', 'message': 'no deps or dev-deps'}
{'statusCode': 0, 'package': '@energyweb/localization_0.3.1-alpha.5611.0', 'message': 'no deps or dev-deps'}
{'statusCode': 0, 'package': '@energyweb/localization_0.3.1-alpha.5616.0', 'message': 'no deps or dev-deps'}
{'statusCode': 0, 'package': '@energyweb/localization_0.3.1-alpha.5632.0', 'message': 'no deps or dev-deps'}
{'statusCode': 0, 'package': '@energyweb/localization_0.3.1-alpha.5644.0', 'message': 'no deps or dev-deps'}
{'statusCode': 0, 'package': '@energyweb/localization_0.3.1-alpha.5645.0', 'message': 'no deps or dev-deps'}
{'statusCode': 0, 'package': '@energyweb/localization_0.3.1-alpha.5650.0', 'message': 'no deps or dev-deps'}
{'statusCode': 0, 'package': '@energyweb/localization_0.3.1-alpha.5661.0', 'message': 'no deps or dev-deps'}
{'statusCode': 0, 'package': '@energyweb/localization_0.3.1-alpha.5662.0', 'message': 'no deps or dev-deps'}
{'statusCode': 0, 'package': '@energyweb/localization_0.3.1-alpha.5676.0', 'message': 'no deps or dev-deps'}
{'statusCode': 0, 'package': '@energyweb/localization_0.3.1-alpha.5683.0', 'message': 'no deps or dev-deps'}
{'statusCode': 0, 'package': '@energyweb/localization_0.3.1-alpha.5690.0', 'message': 'no deps or dev-deps'}
{'statusCode': 0, 'package': '@energyweb/localization_0.3.1-alpha.5699.0', 'message': 'no deps or dev-deps'}
{'statusCode': 0, 'package': '@energyweb/localization_0.3.1-alpha.5702.0', 'message': 'no deps or dev-deps'}
{'statusCode': 0, 'package': '@energyweb/localization_0.3.1-alpha.5703.0', 'message': 'no deps or dev-deps'}
{'statusCode': 0, 'package': '@energyweb/localization_0.3.1-alpha.5706.0', 'message': 'no deps or dev-deps'}
{'statusCode': 0, 'package': '@energyweb/localization_0.3.1-alpha.5711.0', 'message': 'no deps or dev-deps'}
{'statusCode': 0, 'package': '@energyweb/localization_0.3.1-alpha.5720.0', 'message': 'no deps or dev-deps'}
{'statusCode': 0, 'package': '@energyweb/localization_0.3.1-alpha.5721.0', 'message': 'no deps or dev-deps'}
{'statusCode': 0, 'package': '@energyweb/localization_0.3.1-alpha.5730.0', 'message': 'no deps or dev-deps'}
{'statusCode': 0, 'package': '@energyweb/localization_0.3.1-alpha.5738.0', 'message': 'no deps or dev-deps'}
{'statusCode': 0, 'package': '@energyweb/localization_0.3.1-alpha.5747.0', 'message': 'no deps or dev-deps'}
{'statusCode': 0, 'package': '@energyweb/localization_0.3.1-alpha.5754.0', 'message': 'no deps or dev-deps'}
{'statusCode': 0, 'package': '@energyweb/localization_0.3.1-alpha.5761.0', 'message': 'no deps or dev-deps'}
{'statusCode': 0, 'package': '@energyweb/localization_0.3.1-alpha.5762.0', 'message': 'no deps or dev-deps'}
{'statusCode': 0, 'package': '@energyweb/localization_0.3.1-alpha.5763.0', 'message': 'no deps or dev-deps'}
{'statusCode': 0, 'package': '@energyweb/localization_0.3.1-alpha.5765.0', 'message': 'no deps or dev-deps'}
{'statusCode': 0, 'package': '@energyweb/localization_0.3.1-alpha.5769.0', 'message': 'no deps or dev-deps'}
{'statusCode': 0, 'package': '@energyweb/localization_0.3.1-alpha.5776.0', 'message': 'no deps or dev-deps'}
{'statusCode': 0, 'package': '@energyweb/localization_0.3.1-alpha.5800.0', 'message': 'no deps or dev-deps'}
{'statusCode': 0, 'package': '@energyweb/localization_0.3.1-alpha.5815.0', 'message': 'no deps or dev-deps'}
{'statusCode': 0, 'package': '@energyweb/localization_0.3.1-alpha.5816.0', 'message': 'no deps or dev-deps'}
{'statusCode': 0, 'package': '@energyweb/localization_0.3.1-alpha.5817.0', 'message': 'no deps or dev-deps'}
{'statusCode': 0, 'package': '@energyweb/localization_0.3.1-alpha.5820.0', 'message': 'no deps or dev-deps'}
{'statusCode': 0, 'package': '@energyweb/localization_0.3.1-alpha.5827.0', 'message': 'no deps or dev-deps'}
{'statusCode': 0, 'package': '@energyweb/localization_0.3.1-alpha.5836.0', 'message': 'no deps or dev-deps'}
{'statusCode': 0, 'package': '@energyweb/localization_0.3.1-alpha.5850.0', 'message': 'no deps or dev-deps'}
{'statusCode': 0, 'package': '@energyweb/localization_0.3.1-alpha.5851.0', 'message': 'no deps or dev-deps'}
{'statusCode': 0, 'package': '@energyweb/localization_0.3.1-alpha.5860.0', 'message': 'no deps or dev-deps'}
{'statusCode': 0, 'package': '@energyweb/localization_0.3.1-alpha.5867.0', 'message': 'no deps or dev-deps'}
{'statusCode': 0, 'package': '@energyweb/localization_0.3.1-alpha.5874.0', 'message': 'no deps or dev-deps'}
{'statusCode': 0, 'package': '@energyweb/localization_0.3.1-alpha.5877.0', 'message': 'no deps or dev-deps'}
{'statusCode': 0, 'package': '@energyweb/localization_0.3.1-alpha.5880.0', 'message': 'no deps or dev-deps'}
{'statusCode': 0, 'package': '@energyweb/localization_0.3.1-alpha.5883.0', 'message': 'no deps or dev-deps'}
{'statusCode': 0, 'package': '@energyweb/localization_0.3.1-alpha.5890.0', 'message': 'no deps or dev-deps'}
{'statusCode': 0, 'package': '@energyweb/localization_0.3.1-alpha.5894.0', 'message': 'no deps or dev-deps'}
{'statusCode': 0, 'package': '@energyweb/localization_0.3.1-alpha.5895.0', 'message': 'no deps or dev-deps'}
{'statusCode': 0, 'package': '@energyweb/localization_0.3.1-alpha.5900.0', 'message': 'no deps or dev-deps'}
{'statusCode': 0, 'package': '@energyweb/localization_0.3.1', 'message': 'no deps or dev-deps'}
{'statusCode': 0, 'package': '@energyweb/localization_0.3.2-alpha.5909.0', 'message': 'no deps or dev-deps'}
{'statusCode': 0, 'package': '@energyweb/localization_0.3.2-alpha.5925.0', 'message': 'no deps or dev-deps'}
{'statusCode': 0, 'package': '@energyweb/localization_0.3.2-alpha.5931.0', 'message': 'no deps or dev-deps'}
{'statusCode': 0, 'package': '@energyweb/localization_0.3.2-alpha.5936.0', 'message': 'no deps or dev-deps'}
{'statusCode': 0, 'package': '@energyweb/localization_0.3.2-alpha.5941.0', 'message': 'no deps or dev-deps'}
{'statusCode': 0, 'package': '@energyweb/localization_0.3.2-alpha.5946.0', 'message': 'no deps or dev-deps'}
{'statusCode': 0, 'package': '@energyweb/localization_0.3.2-alpha.5969.0', 'message': 'no deps or dev-deps'}
{'statusCode': 0, 'package': '@energyweb/localization_0.3.2-alpha.5980.0', 'message': 'no deps or dev-deps'}
{'statusCode': 0, 'package': '@energyweb/localization_0.3.2-alpha.5993.0', 'message': 'no deps or dev-deps'}
{'statusCode': 0, 'package': '@energyweb/localization_0.3.2-alpha.5996.0', 'message': 'no deps or dev-deps'}
{'statusCode': 0, 'package': '@energyweb/localization_0.3.2-alpha.6002.0', 'message': 'no deps or dev-deps'}
{'statusCode': 0, 'package': '@energyweb/localization_0.3.2-alpha.6008.0', 'message': 'no deps or dev-deps'}
{'statusCode': 0, 'package': '@energyweb/localization_0.3.2-alpha.6009.0', 'message': 'no deps or dev-deps'}
{'statusCode': 0, 'package': '@energyweb/localization_0.3.2-alpha.6022.0', 'message': 'no deps or dev-deps'}
{'statusCode': 0, 'package': '@energyweb/localization_0.3.2-alpha.6031.0', 'message': 'no deps or dev-deps'}
{'statusCode': 0, 'package': '@energyweb/localization_0.3.2-alpha.6034.0', 'message': 'no deps or dev-deps'}
{'statusCode': 0, 'package': '@energyweb/localization_0.3.2-alpha.6037.0', 'message': 'no deps or dev-deps'}
{'statusCode': 0, 'package': '@energyweb/localization_0.3.2-alpha.6038.0', 'message': 'no deps or dev-deps'}
{'statusCode': 0, 'package': '@energyweb/localization_0.3.2-alpha.6040.0', 'message': 'no deps or dev-deps'}
{'statusCode': 0, 'package': '@energyweb/localization_0.3.2-alpha.6043.0', 'message': 'no deps or dev-deps'}
{'statusCode': 0, 'package': '@energyweb/localization_0.3.2-alpha.6046.0', 'message': 'no deps or dev-deps'}
{'statusCode': 0, 'package': '@energyweb/localization_0.3.2-alpha.6051.0', 'message': 'no deps or dev-deps'}
{'statusCode': 0, 'package': '@energyweb/localization_0.3.2-alpha.6058.0', 'message': 'no deps or dev-deps'}
{'statusCode': 0, 'package': '@energyweb/localization_0.3.2-alpha.6063.0', 'message': 'no deps or dev-deps'}
{'statusCode': 0, 'package': '@energyweb/localization_0.3.2-alpha.6067.0', 'message': 'no deps or dev-deps'}
{'statusCode': 0, 'package': '@energyweb/localization_0.3.2-alpha.6086.0', 'message': 'no deps or dev-deps'}
{'statusCode': 0, 'package': '@energyweb/localization_0.3.2-alpha.6093.0', 'message': 'no deps or dev-deps'}
{'statusCode': 0, 'package': '@energyweb/localization_0.3.2-alpha.6096.0', 'message': 'no deps or dev-deps'}
{'statusCode': 0, 'package': '@energyweb/localization_0.3.2-alpha.6110.0', 'message': 'no deps or dev-deps'}
{'statusCode': 0, 'package': '@energyweb/localization_0.3.2-alpha.6121.0', 'message': 'no deps or dev-deps'}
{'statusCode': 0, 'package': '@energyweb/localization_0.3.2-alpha.6128.0', 'message': 'no deps or dev-deps'}
{'statusCode': 0, 'package': '@energyweb/localization_0.3.2-alpha.6131.0', 'message': 'no deps or dev-deps'}
{'statusCode': 0, 'package': '@energyweb/localization_0.3.2-alpha.6135.0', 'message': 'no deps or dev-deps'}
{'statusCode': 0, 'package': '@energyweb/localization_0.3.2-alpha.6157.0', 'message': 'no deps or dev-deps'}
{'statusCode': 0, 'package': '@energyweb/localization_0.3.2-alpha.6158.0', 'message': 'no deps or dev-deps'}
{'statusCode': 0, 'package': '@energyweb/localization_0.3.2-alpha.6165.0', 'message': 'no deps or dev-deps'}
{'statusCode': 0, 'package': '@energyweb/localization_0.3.2-alpha.6172.0', 'message': 'no deps or dev-deps'}
{'statusCode': 0, 'package': '@energyweb/localization_0.3.2-alpha.6179.0', 'message': 'no deps or dev-deps'}
{'statusCode': 0, 'package': '@energyweb/localization_0.3.2-alpha.6186.0', 'message': 'no deps or dev-deps'}
{'statusCode': 0, 'package': '@energyweb/localization_0.3.2-alpha.6198.0', 'message': 'no deps or dev-deps'}
{'statusCode': 0, 'package': '@energyweb/localization_0.3.2-alpha.6206.0', 'message': 'no deps or dev-deps'}
{'statusCode': 0, 'package': '@energyweb/localization_0.3.2-alpha.6223.0', 'message': 'no deps or dev-deps'}
{'statusCode': 0, 'package': '@energyweb/localization_0.3.2-alpha.6224.0', 'message': 'no deps or dev-deps'}
{'statusCode': 0, 'package': '@energyweb/localization_0.3.2-alpha.6233.0', 'message': 'no deps or dev-deps'}
{'statusCode': 0, 'package': '@energyweb/localization_0.3.2-alpha.6240.0', 'message': 'no deps or dev-deps'}
{'statusCode': 0, 'package': '@energyweb/localization_0.3.2-alpha.6253.0', 'message': 'no deps or dev-deps'}
{'statusCode': 0, 'package': '@energyweb/localization_0.3.2', 'message': 'no deps or dev-deps'}
{'statusCode': 0, 'package': '@energyweb/localization_0.3.3-alpha.6258.0', 'message': 'no deps or dev-deps'}
{'statusCode': 0, 'package': '@energyweb/localization_0.3.3-alpha.6271.0', 'message': 'no deps or dev-deps'}
{'statusCode': 0, 'package': '@energyweb/localization_0.3.3-alpha.6281.0', 'message': 'no deps or dev-deps'}
{'statusCode': 0, 'package': '@energyweb/localization_0.3.3-alpha.6310.0', 'message': 'no deps or dev-deps'}
{'statusCode': 0, 'package': '@energyweb/localization_0.3.3-alpha.6330.0', 'message': 'no deps or dev-deps'}
{'statusCode': 0, 'package': '@energyweb/localization_0.3.3-alpha.6332.0', 'message': 'no deps or dev-deps'}
{'statusCode': 0, 'package': '@energyweb/localization_0.3.3-alpha.6331.0', 'message': 'no deps or dev-deps'}
{'statusCode': 0, 'package': '@energyweb/localization_0.3.3-alpha.6352.0', 'message': 'no deps or dev-deps'}
{'statusCode': 0, 'package': '@energyweb/localization_0.3.3-alpha.6372.0', 'message': 'no deps or dev-deps'}
{'statusCode': 0, 'package': '@energyweb/localization_0.3.3-alpha.6378.0', 'message': 'no deps or dev-deps'}
{'statusCode': 0, 'package': '@energyweb/localization_0.3.3-alpha.6385.0', 'message': 'no deps or dev-deps'}
{'statusCode': 0, 'package': '@energyweb/localization_0.3.3-alpha.6386.0', 'message': 'no deps or dev-deps'}
{'statusCode': 0, 'package': '@energyweb/localization_0.3.3-alpha.6391.0', 'message': 'no deps or dev-deps'}
{'statusCode': 0, 'package': '@energyweb/localization_0.3.3-alpha.6396.0', 'message': 'no deps or dev-deps'}
{'statusCode': 0, 'package': '@energyweb/localization_0.3.3-alpha.6397.0', 'message': 'no deps or dev-deps'}
{'statusCode': 0, 'package': '@energyweb/localization_0.3.3-alpha.6405.0', 'message': 'no deps or dev-deps'}
{'statusCode': 0, 'package': '@energyweb/localization_0.3.3-alpha.6412.0', 'message': 'no deps or dev-deps'}
{'statusCode': 0, 'package': '@energyweb/localization_0.3.3-alpha.6416.0', 'message': 'no deps or dev-deps'}
{'statusCode': 0, 'package': '@energyweb/localization_0.3.3-alpha.6420.0', 'message': 'no deps or dev-deps'}
{'statusCode': 0, 'package': '@energyweb/localization_0.3.3-alpha.6423.0', 'message': 'no deps or dev-deps'}
{'statusCode': 0, 'package': '@energyweb/localization_0.3.3-alpha.6432.0', 'message': 'no deps or dev-deps'}
{'statusCode': 0, 'package': '@energyweb/localization_0.3.3-alpha.6441.0', 'message': 'no deps or dev-deps'}
{'statusCode': 0, 'package': '@energyweb/localization_0.3.3-alpha.6447.0', 'message': 'no deps or dev-deps'}
{'statusCode': 0, 'package': '@energyweb/localization_0.3.3-alpha.6457.0', 'message': 'no deps or dev-deps'}
{'statusCode': 0, 'package': '@energyweb/localization_0.3.3-alpha.6462.0', 'message': 'no deps or dev-deps'}
{'statusCode': 0, 'package': '@energyweb/localization_0.3.3-alpha.6463.0', 'message': 'no deps or dev-deps'}
{'statusCode': 0, 'package': '@energyweb/localization_0.3.3-alpha.6471.0', 'message': 'no deps or dev-deps'}
{'statusCode': 0, 'package': '@energyweb/localization_0.3.3-alpha.6477.0', 'message': 'no deps or dev-deps'}
{'statusCode': 0, 'package': '@energyweb/localization_0.3.3-alpha.6482.0', 'message': 'no deps or dev-deps'}
{'statusCode': 0, 'package': '@energyweb/localization_0.3.3-alpha.6483.0', 'message': 'no deps or dev-deps'}
{'statusCode': 0, 'package': '@energyweb/localization_0.3.3-alpha.6486.0', 'message': 'no deps or dev-deps'}
{'statusCode': 0, 'package': '@energyweb/localization_0.3.3-alpha.6489.0', 'message': 'no deps or dev-deps'}
{'statusCode': 0, 'package': '@energyweb/localization_0.3.3-alpha.6520.0', 'message': 'no deps or dev-deps'}
{'statusCode': 0, 'package': '@energyweb/localization_0.3.3-alpha.6525.0', 'message': 'no deps or dev-deps'}
{'statusCode': 0, 'package': '@energyweb/localization_0.3.3-alpha.6538.0', 'message': 'no deps or dev-deps'}
{'statusCode': 0, 'package': '@energyweb/localization_0.3.3-alpha.6541.0', 'message': 'no deps or dev-deps'}
{'statusCode': 0, 'package': '@energyweb/localization_0.3.3-alpha.6544.0', 'message': 'no deps or dev-deps'}
{'statusCode': 0, 'package': '@energyweb/localization_0.3.3-alpha.6549.0', 'message': 'no deps or dev-deps'}
{'statusCode': 0, 'package': '@energyweb/localization_0.3.3-alpha.6556.0', 'message': 'no deps or dev-deps'}
{'statusCode': 0, 'package': '@energyweb/localization_0.3.3-alpha.6561.0', 'message': 'no deps or dev-deps'}
{'statusCode': 0, 'package': '@energyweb/localization_0.3.3-alpha.6571.0', 'message': 'no deps or dev-deps'}
{'statusCode': 0, 'package': '@energyweb/localization_0.3.3-alpha.6578.0', 'message': 'no deps or dev-deps'}
{'statusCode': 0, 'package': '@energyweb/localization_0.3.3-alpha.6585.0', 'message': 'no deps or dev-deps'}
{'statusCode': 0, 'package': '@energyweb/localization_0.3.3-alpha.6595.0', 'message': 'no deps or dev-deps'}
{'statusCode': 0, 'package': '@energyweb/localization_0.3.3-alpha.6604.0', 'message': 'no deps or dev-deps'}
{'statusCode': 0, 'package': '@energyweb/localization_0.3.3-alpha.6620.0', 'message': 'no deps or dev-deps'}
{'statusCode': 0, 'package': '@energyweb/localization_0.3.3-alpha.6630.0', 'message': 'no deps or dev-deps'}
{'statusCode': 0, 'package': '@energyweb/localization_0.3.3-alpha.6635.0', 'message': 'no deps or dev-deps'}
{'statusCode': 0, 'package': '@energyweb/localization_0.3.3-alpha.6642.0', 'message': 'no deps or dev-deps'}
{'statusCode': 0, 'package': '@energyweb/localization_0.3.3-alpha.6650.0', 'message': 'no deps or dev-deps'}
{'statusCode': 0, 'package': '@energyweb/localization_0.3.3-alpha.6655.0', 'message': 'no deps or dev-deps'}
{'statusCode': 0, 'package': '@energyweb/localization_0.3.3-alpha.6666.0', 'message': 'no deps or dev-deps'}
{'statusCode': 0, 'package': '@energyweb/localization_0.3.3-alpha.6676.0', 'message': 'no deps or dev-deps'}
{'statusCode': 0, 'package': '@energyweb/localization_0.3.3-alpha.6683.0', 'message': 'no deps or dev-deps'}
{'statusCode': 0, 'package': '@energyweb/localization_0.3.3-alpha.6690.0', 'message': 'no deps or dev-deps'}
{'statusCode': 0, 'package': '@energyweb/localization_0.3.3-alpha.6691.0', 'message': 'no deps or dev-deps'}
{'statusCode': 0, 'package': '@energyweb/localization_0.3.3-alpha.6700.0', 'message': 'no deps or dev-deps'}
{'statusCode': 0, 'package': '@energyweb/localization_0.3.3-alpha.6704.0', 'message': 'no deps or dev-deps'}
{'statusCode': 0, 'package': '@energyweb/localization_0.3.3-alpha.6707.0', 'message': 'no deps or dev-deps'}
{'statusCode': 0, 'package': '@energyweb/localization_0.4.0', 'message': 'no deps or dev-deps'}
{'statusCode': 0, 'package': '@energyweb/localization_0.4.1-alpha.6716.0', 'message': 'no deps or dev-deps'}
{'statusCode': 0, 'package': '@energyweb/localization_0.4.1-alpha.6731.0', 'message': 'no deps or dev-deps'}
{'statusCode': 0, 'package': '@energyweb/localization_0.4.1', 'message': 'no deps or dev-deps'}
{'statusCode': 0, 'package': '@energyweb/localization_0.4.2-alpha.6737.0', 'message': 'no deps or dev-deps'}
{'statusCode': 0, 'package': '@energyweb/localization_0.4.2-alpha.6753.0', 'message': 'no deps or dev-deps'}
{'statusCode': 0, 'package': '@energyweb/localization_0.4.2-alpha.6761.0', 'message': 'no deps or dev-deps'}
{'statusCode': 0, 'package': '@energyweb/localization_0.4.2-alpha.6770.0', 'message': 'no deps or dev-deps'}
{'statusCode': 0, 'package': '@energyweb/localization_0.4.2-alpha.6782.0', 'message': 'no deps or dev-deps'}
{'statusCode': 0, 'package': '@energyweb/localization_0.4.2-alpha.6795.0', 'message': 'no deps or dev-deps'}
{'statusCode': 0, 'package': '@energyweb/localization_0.4.2-alpha.6806.0', 'message': 'no deps or dev-deps'}
{'statusCode': 0, 'package': '@energyweb/localization_0.4.2-alpha.6809.0', 'message': 'no deps or dev-deps'}
{'statusCode': 0, 'package': '@energyweb/localization_0.4.2-alpha.6816.0', 'message': 'no deps or dev-deps'}
{'statusCode': 0, 'package': '@energyweb/localization_0.4.2-alpha.6821.0', 'message': 'no deps or dev-deps'}
{'statusCode': 0, 'package': '@energyweb/localization_0.4.2-alpha.6824.0', 'message': 'no deps or dev-deps'}
{'statusCode': 0, 'package': '@energyweb/localization_0.4.2-alpha.6839.0', 'message': 'no deps or dev-deps'}
{'statusCode': 0, 'package': '@energyweb/localization_0.4.2-alpha.6844.0', 'message': 'no deps or dev-deps'}
{'statusCode': 0, 'package': '@energyweb/localization_0.4.2-alpha.6848.0', 'message': 'no deps or dev-deps'}
{'statusCode': 0, 'package': '@energyweb/localization_0.4.2-alpha.6861.0', 'message': 'no deps or dev-deps'}
{'statusCode': 0, 'package': '@energyweb/localization_0.4.2-alpha.6883.0', 'message': 'no deps or dev-deps'}
{'statusCode': 0, 'package': '@energyweb/localization_0.4.2-alpha.6892.0', 'message': 'no deps or dev-deps'}
{'statusCode': 0, 'package': '@energyweb/localization_0.4.2-alpha.6897.0', 'message': 'no deps or dev-deps'}
{'statusCode': 0, 'package': '@energyweb/localization_0.4.2-alpha.6899.0', 'message': 'no deps or dev-deps'}
{'statusCode': 0, 'package': '@energyweb/localization_0.4.2-alpha.6901.0', 'message': 'no deps or dev-deps'}
{'statusCode': 0, 'package': '@energyweb/localization_0.4.2-alpha.6912.0', 'message': 'no deps or dev-deps'}
{'statusCode': 0, 'package': '@energyweb/localization_0.4.2-alpha.6917.0', 'message': 'no deps or dev-deps'}
{'statusCode': 0, 'package': '@energyweb/localization_0.4.2-alpha.6924.0', 'message': 'no deps or dev-deps'}
{'statusCode': 0, 'package': '@energyweb/localization_0.4.2-alpha.6936.0', 'message': 'no deps or dev-deps'}
{'statusCode': 0, 'package': '@energyweb/localization_0.4.2-alpha.6947.0', 'message': 'no deps or dev-deps'}
{'statusCode': 0, 'package': '@energyweb/localization_0.4.2-alpha.6960.0', 'message': 'no deps or dev-deps'}
{'statusCode': 0, 'package': '@energyweb/localization_0.4.2-alpha.6968.0', 'message': 'no deps or dev-deps'}
{'statusCode': 0, 'package': '@energyweb/localization_0.4.2-alpha.6978.0', 'message': 'no deps or dev-deps'}
{'statusCode': 0, 'package': '@energyweb/localization_0.4.2-alpha.6983.0', 'message': 'no deps or dev-deps'}
{'statusCode': 0, 'package': '@energyweb/localization_0.4.2-alpha.6984.0', 'message': 'no deps or dev-deps'}
{'statusCode': 0, 'package': '@energyweb/localization_0.4.2-alpha.6987.0', 'message': 'no deps or dev-deps'}
{'statusCode': 0, 'package': '@energyweb/localization_0.4.2-alpha.6988.0', 'message': 'no deps or dev-deps'}
{'statusCode': 0, 'package': '@energyweb/localization_0.4.2-alpha.6992.0', 'message': 'no deps or dev-deps'}
{'statusCode': 0, 'package': '@energyweb/localization_0.4.2-alpha.7000.0', 'message': 'no deps or dev-deps'}
{'statusCode': 0, 'package': '@energyweb/localization_0.4.2-alpha.7005.0', 'message': 'no deps or dev-deps'}
{'statusCode': 0, 'package': '@energyweb/localization_0.4.2-alpha.7027.0', 'message': 'no deps or dev-deps'}
{'statusCode': 0, 'package': '@energyweb/localization_0.4.2-alpha.7037.0', 'message': 'no deps or dev-deps'}
{'statusCode': 0, 'package': '@energyweb/localization_0.4.2-alpha.7050.0', 'message': 'no deps or dev-deps'}
{'statusCode': 0, 'package': '@energyweb/localization_0.4.2-alpha.7051.0', 'message': 'no deps or dev-deps'}
{'statusCode': 0, 'package': '@energyweb/localization_0.4.2-alpha.7056.0', 'message': 'no deps or dev-deps'}
{'statusCode': 0, 'package': '@energyweb/localization_0.4.2-alpha.7061.0', 'message': 'no deps or dev-deps'}
{'statusCode': 0, 'package': '@energyweb/localization_0.4.2-alpha.7070.0', 'message': 'no deps or dev-deps'}
{'statusCode': 0, 'package': '@energyweb/localization_0.4.2-alpha.7079.0', 'message': 'no deps or dev-deps'}
{'statusCode': 0, 'package': '@energyweb/localization_0.4.2-alpha.7082.0', 'message': 'no deps or dev-deps'}
{'statusCode': 0, 'package': '@energyweb/localization_0.4.2-alpha.7083.0', 'message': 'no deps or dev-deps'}
{'statusCode': 0, 'package': '@energyweb/localization_0.4.2-alpha.7084.0', 'message': 'no deps or dev-deps'}
{'statusCode': 0, 'package': '@energyweb/localization_0.4.2-alpha.7087.0', 'message': 'no deps or dev-deps'}
{'statusCode': 0, 'package': '@energyweb/localization_0.4.2-alpha.7094.0', 'message': 'no deps or dev-deps'}
{'statusCode': 0, 'package': '@energyweb/localization_0.4.2-alpha.7104.0', 'message': 'no deps or dev-deps'}
{'statusCode': 0, 'package': '@energyweb/localization_0.4.2-alpha.7109.0', 'message': 'no deps or dev-deps'}
{'statusCode': 0, 'package': '@energyweb/localization_0.4.2-alpha.7110.0', 'message': 'no deps or dev-deps'}
{'statusCode': 0, 'package': '@energyweb/localization_0.4.2-alpha.7116.0', 'message': 'no deps or dev-deps'}
{'statusCode': 0, 'package': '@energyweb/localization_0.4.2-alpha.7124.0', 'message': 'no deps or dev-deps'}
{'statusCode': 0, 'package': '@energyweb/localization_0.4.2-alpha.7129.0', 'message': 'no deps or dev-deps'}
{'statusCode': 0, 'package': '@energyweb/localization_0.4.2-alpha.7130.0', 'message': 'no deps or dev-deps'}
{'statusCode': 0, 'package': '@energyweb/localization_0.4.2-alpha.7135.0', 'message': 'no deps or dev-deps'}
{'statusCode': 0, 'package': '@energyweb/localization_0.4.2-alpha.7136.0', 'message': 'no deps or dev-deps'}
{'statusCode': 0, 'package': '@energyweb/localization_0.4.2-alpha.7143.0', 'message': 'no deps or dev-deps'}
{'statusCode': 0, 'package': '@energyweb/localization_0.4.2-alpha.7149.0', 'message': 'no deps or dev-deps'}
{'statusCode': 0, 'package': '@energyweb/localization_0.4.2-alpha.7157.0', 'message': 'no deps or dev-deps'}
{'statusCode': 0, 'package': '@energyweb/localization_0.4.2-alpha.7160.0', 'message': 'no deps or dev-deps'}
{'statusCode': 0, 'package': '@energyweb/localization_0.4.2-alpha.7179.0', 'message': 'no deps or dev-deps'}
{'statusCode': 0, 'package': '@energyweb/localization_0.4.2-alpha.7190.0', 'message': 'no deps or dev-deps'}
{'statusCode': 0, 'package': '@energyweb/localization_0.4.2-alpha.7191.0', 'message': 'no deps or dev-deps'}
{'statusCode': 0, 'package': '@energyweb/localization_0.4.2-alpha.7196.0', 'message': 'no deps or dev-deps'}
{'statusCode': 0, 'package': '@energyweb/localization_0.4.2-alpha.7227.0', 'message': 'no deps or dev-deps'}
{'statusCode': 0, 'package': '@energyweb/localization_0.4.2-alpha.7228.0', 'message': 'no deps or dev-deps'}
{'statusCode': 0, 'package': '@energyweb/localization_0.5.0', 'message': 'no deps or dev-deps'}
{'statusCode': 0, 'package': '@energyweb/localization_0.5.1-alpha.7235.0', 'message': 'no deps or dev-deps'}
{'statusCode': 0, 'package': '@energyweb/localization_0.5.1-alpha.7250.0', 'message': 'no deps or dev-deps'}
{'statusCode': 0, 'package': '@energyweb/localization_0.5.1-alpha.7255.0', 'message': 'no deps or dev-deps'}
{'statusCode': 0, 'package': '@energyweb/localization_0.5.1-alpha.7260.0', 'message': 'no deps or dev-deps'}
{'statusCode': 0, 'package': '@energyweb/localization_0.5.1-alpha.7271.0', 'message': 'no deps or dev-deps'}
{'statusCode': 0, 'package': '@energyweb/localization_0.5.1-alpha.7278.0', 'message': 'no deps or dev-deps'}
{'statusCode': 0, 'package': '@energyweb/localization_0.5.1-alpha.7279.0', 'message': 'no deps or dev-deps'}
{'statusCode': 0, 'package': '@energyweb/localization_0.5.1-alpha.7285.0', 'message': 'no deps or dev-deps'}
{'statusCode': 0, 'package': '@energyweb/localization_0.5.1-alpha.7291.0', 'message': 'no deps or dev-deps'}
{'statusCode': 0, 'package': '@energyweb/localization_0.5.1-alpha.7300.0', 'message': 'no deps or dev-deps'}
{'statusCode': 0, 'package': '@energyweb/localization_0.5.1-alpha.7308.0', 'message': 'no deps or dev-deps'}
{'statusCode': 0, 'package': '@energyweb/localization_0.5.1-alpha.7313.0', 'message': 'no deps or dev-deps'}
{'statusCode': 0, 'package': '@energyweb/localization_0.5.1-alpha.7316.0', 'message': 'no deps or dev-deps'}
{'statusCode': 0, 'package': '@energyweb/localization_0.5.1-alpha.7323.0', 'message': 'no deps or dev-deps'}
{'statusCode': 0, 'package': '@energyweb/localization_0.5.1-alpha.7327.0', 'message': 'no deps or dev-deps'}
{'statusCode': 0, 'package': '@energyweb/localization_0.5.1-alpha.7328.0', 'message': 'no deps or dev-deps'}
{'statusCode': 0, 'package': '@energyweb/localization_0.5.1-alpha.7329.0', 'message': 'no deps or dev-deps'}
{'statusCode': 0, 'package': '@energyweb/localization_0.5.1-alpha.7335.0', 'message': 'no deps or dev-deps'}
{'statusCode': 0, 'package': '@energyweb/localization_0.5.1-alpha.7344.0', 'message': 'no deps or dev-deps'}
{'statusCode': 0, 'package': '@energyweb/localization_0.5.1-alpha.7345.0', 'message': 'no deps or dev-deps'}
{'statusCode': 0, 'package': '@energyweb/localization_0.5.1-alpha.7348.0', 'message': 'no deps or dev-deps'}
{'statusCode': 0, 'package': '@energyweb/localization_0.5.1-alpha.7355.0', 'message': 'no deps or dev-deps'}
{'statusCode': 0, 'package': '@energyweb/localization_0.5.1-alpha.7356.0', 'message': 'no deps or dev-deps'}
{'statusCode': 0, 'package': '@energyweb/localization_0.5.1-alpha.7362.0', 'message': 'no deps or dev-deps'}
{'statusCode': 0, 'package': '@energyweb/localization_0.5.1-alpha.7381.0', 'message': 'no deps or dev-deps'}
{'statusCode': 0, 'package': '@energyweb/localization_0.5.1-alpha.7382.0', 'message': 'no deps or dev-deps'}
{'statusCode': 0, 'package': '@energyweb/localization_0.5.1-alpha.7387.0', 'message': 'no deps or dev-deps'}
{'statusCode': 0, 'package': '@energyweb/localization_0.5.1-alpha.7399.0', 'message': 'no deps or dev-deps'}
{'statusCode': 0, 'package': '@energyweb/localization_0.5.1-alpha.7400.0', 'message': 'no deps or dev-deps'}
{'statusCode': 0, 'package': '@energyweb/localization_0.5.1-alpha.7416.0', 'message': 'no deps or dev-deps'}
{'statusCode': 0, 'package': '@energyweb/localization_0.5.1-alpha.7420.0', 'message': 'no deps or dev-deps'}
{'statusCode': 0, 'package': '@energyweb/localization_0.6.0', 'message': 'no deps or dev-deps'}
{'statusCode': 0, 'package': '@energyweb/localization_0.5.1-alpha.7429.0', 'message': 'no deps or dev-deps'}
{'statusCode': 0, 'package': '@energyweb/localization_0.6.1-alpha.7430.0', 'message': 'no deps or dev-deps'}
{'statusCode': 0, 'package': '@energyweb/localization_0.6.1-alpha.7439.0', 'message': 'no deps or dev-deps'}
{'statusCode': 0, 'package': '@energyweb/localization_0.6.1-alpha.7456.0', 'message': 'no deps or dev-deps'}
{'statusCode': 0, 'package': '@energyweb/localization_0.6.1-alpha.7462.0', 'message': 'no deps or dev-deps'}
{'statusCode': 0, 'package': '@energyweb/localization_0.6.1-alpha.7468.0', 'message': 'no deps or dev-deps'}
{'statusCode': 0, 'package': '@energyweb/localization_0.6.1-alpha.7476.0', 'message': 'no deps or dev-deps'}
{'statusCode': 0, 'package': '@energyweb/localization_0.6.1-alpha.7480.0', 'message': 'no deps or dev-deps'}
{'statusCode': 0, 'package': '@energyweb/localization_0.6.1-alpha.7481.0', 'message': 'no deps or dev-deps'}
{'statusCode': 0, 'package': '@energyweb/localization_0.6.1-alpha.7489.0', 'message': 'no deps or dev-deps'}
{'statusCode': 0, 'package': '@energyweb/localization_0.6.1-alpha.7514.0', 'message': 'no deps or dev-deps'}
{'statusCode': 0, 'package': '@energyweb/localization_0.6.1-alpha.7517.0', 'message': 'no deps or dev-deps'}
{'statusCode': 0, 'package': '@energyweb/localization_0.6.1-alpha.7522.0', 'message': 'no deps or dev-deps'}
{'statusCode': 0, 'package': '@energyweb/localization_0.6.1-alpha.7541.0', 'message': 'no deps or dev-deps'}
{'statusCode': 0, 'package': '@energyweb/localization_0.6.1-alpha.7542.0', 'message': 'no deps or dev-deps'}
{'statusCode': 0, 'package': '@energyweb/localization_0.6.1-alpha.7563.0', 'message': 'no deps or dev-deps'}
{'statusCode': 0, 'package': '@energyweb/localization_0.6.1-alpha.7564.0', 'message': 'no deps or dev-deps'}
{'statusCode': 0, 'package': '@energyweb/localization_0.6.1-alpha.7565.0', 'message': 'no deps or dev-deps'}
{'statusCode': 0, 'package': '@energyweb/localization_0.6.1-alpha.7581.0', 'message': 'no deps or dev-deps'}
{'statusCode': 0, 'package': '@energyweb/localization_0.6.1-alpha.7596.0', 'message': 'no deps or dev-deps'}
{'statusCode': 0, 'package': '@energyweb/localization_0.6.1-alpha.7601.0', 'message': 'no deps or dev-deps'}
{'statusCode': 0, 'package': '@energyweb/localization_0.6.1-alpha.7611.0', 'message': 'no deps or dev-deps'}
{'statusCode': 0, 'package': '@energyweb/localization_0.6.1-alpha.7623.0', 'message': 'no deps or dev-deps'}
{'statusCode': 0, 'package': '@energyweb/localization_0.6.1-alpha.7625.0', 'message': 'no deps or dev-deps'}
{'statusCode': 0, 'package': '@energyweb/localization_0.6.1-alpha.7628.0', 'message': 'no deps or dev-deps'}
{'statusCode': 0, 'package': '@energyweb/localization_0.6.1-alpha.7637.0', 'message': 'no deps or dev-deps'}
{'statusCode': 0, 'package': '@energyweb/localization_0.6.1-alpha.7642.0', 'message': 'no deps or dev-deps'}
{'statusCode': 0, 'package': '@energyweb/localization_0.6.1-alpha.7649.0', 'message': 'no deps or dev-deps'}
{'statusCode': 0, 'package': '@energyweb/localization_0.6.1-alpha.7664.0', 'message': 'no deps or dev-deps'}
{'statusCode': 0, 'package': '@energyweb/localization_0.6.1-alpha.7667.0', 'message': 'no deps or dev-deps'}
{'statusCode': 0, 'package': '@energyweb/localization_0.6.1-alpha.7670.0', 'message': 'no deps or dev-deps'}
{'statusCode': 0, 'package': '@energyweb/localization_0.6.1-alpha.7677.0', 'message': 'no deps or dev-deps'}
{'statusCode': 0, 'package': '@energyweb/localization_0.6.1-alpha.7685.0', 'message': 'no deps or dev-deps'}
{'statusCode': 0, 'package': '@energyweb/localization_0.6.1-alpha.7719.0', 'message': 'no deps or dev-deps'}
{'statusCode': 0, 'package': '@energyweb/localization_0.6.1-alpha.7720.0', 'message': 'no deps or dev-deps'}
{'statusCode': 0, 'package': '@energyweb/localization_0.6.1-alpha.7730.0', 'message': 'no deps or dev-deps'}
{'statusCode': 0, 'package': '@energyweb/localization_0.6.1-alpha.7741.0', 'message': 'no deps or dev-deps'}
{'statusCode': 0, 'package': '@energyweb/localization_0.6.1-alpha.7748.0', 'message': 'no deps or dev-deps'}
{'statusCode': 0, 'package': '@energyweb/localization_0.6.1-alpha.7757.0', 'message': 'no deps or dev-deps'}
{'statusCode': 0, 'package': '@energyweb/localization_0.6.1-alpha.7763.0', 'message': 'no deps or dev-deps'}
{'statusCode': 0, 'package': '@energyweb/localization_0.6.1-alpha.7782.0', 'message': 'no deps or dev-deps'}
{'statusCode': 0, 'package': '@energyweb/localization_0.6.1-alpha.7789.0', 'message': 'no deps or dev-deps'}
{'statusCode': 0, 'package': '@energyweb/localization_0.6.1-alpha.7795.0', 'message': 'no deps or dev-deps'}
{'statusCode': 0, 'package': '@energyweb/localization_0.6.1-alpha.7803.0', 'message': 'no deps or dev-deps'}
{'statusCode': 0, 'package': '@energyweb/localization_0.6.1-alpha.7812.0', 'message': 'no deps or dev-deps'}
{'statusCode': 0, 'package': '@energyweb/localization_0.6.1-alpha.7813.0', 'message': 'no deps or dev-deps'}
{'statusCode': 0, 'package': '@energyweb/localization_0.6.1-alpha.7819.0', 'message': 'no deps or dev-deps'}
{'statusCode': 0, 'package': '@energyweb/localization_0.6.1-alpha.7825.0', 'message': 'no deps or dev-deps'}
{'statusCode': 0, 'package': '@energyweb/localization_0.6.1-alpha.7828.0', 'message': 'no deps or dev-deps'}
{'statusCode': 0, 'package': '@energyweb/localization_0.6.1-alpha.7837.0', 'message': 'no deps or dev-deps'}
{'statusCode': 0, 'package': '@energyweb/localization_0.6.1-alpha.7859.0', 'message': 'no deps or dev-deps'}
{'statusCode': 0, 'package': '@energyweb/localization_0.6.1-alpha.7875.0', 'message': 'no deps or dev-deps'}
{'statusCode': 0, 'package': '@energyweb/localization_0.7.0', 'message': 'no deps or dev-deps'}
{'statusCode': 0, 'package': '@energyweb/localization_0.7.1-alpha.7882.0', 'message': 'no deps or dev-deps'}
{'statusCode': 0, 'package': '@energyweb/localization_0.7.1-alpha.7893.0', 'message': 'no deps or dev-deps'}
{'statusCode': 0, 'package': '@energyweb/localization_0.7.1-alpha.7907.0', 'message': 'no deps or dev-deps'}
{'statusCode': 0, 'package': '@energyweb/localization_0.7.1-alpha.7915.0', 'message': 'no deps or dev-deps'}
{'statusCode': 0, 'package': '@energyweb/localization_0.7.1-alpha.7921.0', 'message': 'no deps or dev-deps'}
{'statusCode': 0, 'package': '@energyweb/localization_0.7.1-alpha.7929.0', 'message': 'no deps or dev-deps'}
{'statusCode': 0, 'package': '@energyweb/localization_0.7.1-alpha.7936.0', 'message': 'no deps or dev-deps'}
{'statusCode': 0, 'package': '@energyweb/localization_0.7.1-alpha.7937.0', 'message': 'no deps or dev-deps'}
{'statusCode': 0, 'package': '@energyweb/localization_0.7.1-alpha.7942.0', 'message': 'no deps or dev-deps'}
{'statusCode': 0, 'package': '@energyweb/localization_0.7.1-alpha.7945.0', 'message': 'no deps or dev-deps'}
{'statusCode': 0, 'package': '@energyweb/localization_0.7.1-alpha.7950.0', 'message': 'no deps or dev-deps'}
{'statusCode': 0, 'package': '@energyweb/localization_0.7.1-alpha.7959.0', 'message': 'no deps or dev-deps'}
{'statusCode': 0, 'package': '@energyweb/localization_0.7.1-alpha.7962.0', 'message': 'no deps or dev-deps'}
{'statusCode': 0, 'package': '@energyweb/localization_0.7.1-alpha.7965.0', 'message': 'no deps or dev-deps'}
{'statusCode': 0, 'package': '@energyweb/localization_0.7.1-alpha.7974.0', 'message': 'no deps or dev-deps'}
{'statusCode': 0, 'package': '@energyweb/localization_0.7.1-alpha.7977.0', 'message': 'no deps or dev-deps'}
{'statusCode': 0, 'package': '@energyweb/localization_0.7.1-alpha.7978.0', 'message': 'no deps or dev-deps'}
{'statusCode': 0, 'package': '@energyweb/localization_0.7.1-alpha.7981.0', 'message': 'no deps or dev-deps'}
{'statusCode': 0, 'package': '@energyweb/localization_0.7.1-alpha.7986.0', 'message': 'no deps or dev-deps'}
{'statusCode': 0, 'package': '@energyweb/localization_0.7.1-alpha.7989.0', 'message': 'no deps or dev-deps'}
{'statusCode': 0, 'package': '@energyweb/localization_0.7.1-alpha.7990.0', 'message': 'no deps or dev-deps'}
{'statusCode': 0, 'package': '@energyweb/localization_0.7.1-alpha.7993.0', 'message': 'no deps or dev-deps'}
{'statusCode': 0, 'package': '@energyweb/localization_0.7.1-alpha.8005.0', 'message': 'no deps or dev-deps'}
{'statusCode': 0, 'package': '@energyweb/localization_0.7.1-alpha.8011.0', 'message': 'no deps or dev-deps'}
{'statusCode': 0, 'package': '@energyweb/localization_0.7.1-alpha.8016.0', 'message': 'no deps or dev-deps'}
{'statusCode': 0, 'package': '@energyweb/localization_0.7.1-alpha.8017.0', 'message': 'no deps or dev-deps'}
{'statusCode': 0, 'package': '@energyweb/localization_0.7.1-alpha.8027.0', 'message': 'no deps or dev-deps'}
{'statusCode': 0, 'package': '@energyweb/localization_0.7.1-alpha.8034.0', 'message': 'no deps or dev-deps'}
{'statusCode': 0, 'package': '@energyweb/localization_0.7.1-alpha.8049.0', 'message': 'no deps or dev-deps'}
{'statusCode': 0, 'package': '@energyweb/localization_0.7.1-alpha.8056.0', 'message': 'no deps or dev-deps'}
{'statusCode': 0, 'package': '@energyweb/localization_0.7.1-alpha.8064.0', 'message': 'no deps or dev-deps'}
{'statusCode': 0, 'package': '@energyweb/localization_0.7.1-alpha.8096.0', 'message': 'no deps or dev-deps'}
{'statusCode': 0, 'package': '@energyweb/localization_0.7.1-alpha.8097.0', 'message': 'no deps or dev-deps'}
{'statusCode': 0, 'package': '@energyweb/localization_0.7.1-alpha.8098.0', 'message': 'no deps or dev-deps'}
{'statusCode': 0, 'package': '@energyweb/localization_0.7.1-alpha.8103.0', 'message': 'no deps or dev-deps'}
{'statusCode': 0, 'package': '@energyweb/localization_0.7.1-alpha.8117.0', 'message': 'no deps or dev-deps'}
{'statusCode': 0, 'package': '@energyweb/localization_0.7.1-alpha.8122.0', 'message': 'no deps or dev-deps'}
{'statusCode': 0, 'package': '@energyweb/localization_0.7.1-alpha.8123.0', 'message': 'no deps or dev-deps'}
{'statusCode': 0, 'package': '@energyweb/localization_0.7.1-alpha.8124.0', 'message': 'no deps or dev-deps'}
{'statusCode': 0, 'package': '@energyweb/localization_0.7.1-alpha.8129.0', 'message': 'no deps or dev-deps'}
{'statusCode': 0, 'package': '@energyweb/localization_0.7.1-alpha.8130.0', 'message': 'no deps or dev-deps'}
{'statusCode': 0, 'package': '@energyweb/localization_0.7.1-alpha.8138.0', 'message': 'no deps or dev-deps'}
{'statusCode': 0, 'package': '@energyweb/localization_0.7.1-alpha.8144.0', 'message': 'no deps or dev-deps'}
{'statusCode': 0, 'package': '@energyweb/localization_0.7.1-alpha.8153.0', 'message': 'no deps or dev-deps'}
{'statusCode': 0, 'package': '@energyweb/localization_0.7.1-alpha.8164.0', 'message': 'no deps or dev-deps'}
{'statusCode': 0, 'package': '@energyweb/localization_0.7.1-alpha.8167.0', 'message': 'no deps or dev-deps'}
{'statusCode': 0, 'package': '@energyweb/localization_0.7.1-alpha.8176.0', 'message': 'no deps or dev-deps'}
{'statusCode': 0, 'package': '@energyweb/localization_0.7.1-alpha.8183.0', 'message': 'no deps or dev-deps'}
{'statusCode': 0, 'package': '@energyweb/localization_0.7.1-alpha.8190.0', 'message': 'no deps or dev-deps'}
{'statusCode': 0, 'package': '@energyweb/localization_0.8.0', 'message': 'no deps or dev-deps'}
{'statusCode': 0, 'package': '@energyweb/localization_0.8.1-alpha.8209.0', 'message': 'no deps or dev-deps'}
{'statusCode': 0, 'package': '@energyweb/localization_0.8.1-alpha.8214.0', 'message': 'no deps or dev-deps'}
{'statusCode': 0, 'package': '@energyweb/localization_0.8.1-alpha.8240.0', 'message': 'no deps or dev-deps'}
{'statusCode': 0, 'package': '@energyweb/localization_0.8.1-alpha.8243.0', 'message': 'no deps or dev-deps'}
{'statusCode': 0, 'package': '@energyweb/localization_0.8.1-alpha.8244.0', 'message': 'no deps or dev-deps'}
{'statusCode': 0, 'package': '@energyweb/localization_0.8.1-alpha.8245.0', 'message': 'no deps or dev-deps'}
{'statusCode': 0, 'package': '@energyweb/localization_0.8.1-alpha.8246.0', 'message': 'no deps or dev-deps'}
{'statusCode': 0, 'package': '@energyweb/localization_0.8.1-alpha.8259.0', 'message': 'no deps or dev-deps'}
{'statusCode': 0, 'package': '@energyweb/localization_0.8.1-alpha.8269.0', 'message': 'no deps or dev-deps'}
{'statusCode': 0, 'package': '@energyweb/localization_0.8.1-alpha.8276.0', 'message': 'no deps or dev-deps'}
{'statusCode': 0, 'package': '@energyweb/localization_0.8.1-alpha.8285.0', 'message': 'no deps or dev-deps'}
{'statusCode': 0, 'package': '@energyweb/localization_0.8.1-alpha.8300.0', 'message': 'no deps or dev-deps'}
{'statusCode': 0, 'package': '@energyweb/localization_0.8.1-alpha.8305.0', 'message': 'no deps or dev-deps'}
{'statusCode': 0, 'package': '@energyweb/localization_0.8.1-alpha.8313.0', 'message': 'no deps or dev-deps'}
{'statusCode': 0, 'package': '@energyweb/localization_0.8.1-alpha.8318.0', 'message': 'no deps or dev-deps'}
{'statusCode': 0, 'package': '@energyweb/localization_0.8.1-alpha.8321.0', 'message': 'no deps or dev-deps'}
{'statusCode': 0, 'package': '@energyweb/localization_0.8.1-alpha.8327.0', 'message': 'no deps or dev-deps'}
{'statusCode': 0, 'package': '@energyweb/localization_0.8.1-alpha.8333.0', 'message': 'no deps or dev-deps'}
{'statusCode': 0, 'package': '@energyweb/localization_0.8.1-alpha.8344.0', 'message': 'no deps or dev-deps'}
{'statusCode': 0, 'package': '@energyweb/localization_0.8.1-alpha.8347.0', 'message': 'no deps or dev-deps'}
{'statusCode': 0, 'package': '@energyweb/localization_0.8.1-alpha.8366.0', 'message': 'no deps or dev-deps'}
{'statusCode': 0, 'package': '@energyweb/localization_0.8.1-alpha.8373.0', 'message': 'no deps or dev-deps'}
{'statusCode': 0, 'package': '@energyweb/localization_0.8.1-alpha.8378.0', 'message': 'no deps or dev-deps'}
{'statusCode': 0, 'package': '@energyweb/localization_0.8.1-alpha.8381.0', 'message': 'no deps or dev-deps'}
{'statusCode': 0, 'package': '@energyweb/localization_0.8.1-alpha.8403.0', 'message': 'no deps or dev-deps'}
{'statusCode': 0, 'package': '@energyweb/localization_0.8.1-alpha.8406.0', 'message': 'no deps or dev-deps'}
{'statusCode': 0, 'package': '@energyweb/localization_0.8.1-alpha.8409.0', 'message': 'no deps or dev-deps'}
{'statusCode': 0, 'package': '@energyweb/localization_0.8.1-alpha.8423.0', 'message': 'no deps or dev-deps'}
{'statusCode': 0, 'package': '@energyweb/localization_0.8.1-alpha.8434.0', 'message': 'no deps or dev-deps'}
{'statusCode': 0, 'package': '@energyweb/localization_0.8.1-alpha.8447.0', 'message': 'no deps or dev-deps'}
{'statusCode': 0, 'package': '@energyweb/localization_0.8.1-alpha.8459.0', 'message': 'no deps or dev-deps'}
{'statusCode': 0, 'package': '@energyweb/localization_0.8.1-alpha.8468.0', 'message': 'no deps or dev-deps'}
{'statusCode': 0, 'package': '@energyweb/localization_0.8.1-alpha.8471.0', 'message': 'no deps or dev-deps'}
{'statusCode': 0, 'package': '@energyweb/localization_0.8.1-alpha.8474.0', 'message': 'no deps or dev-deps'}
{'statusCode': 0, 'package': '@energyweb/localization_0.8.1-alpha.8480.0', 'message': 'no deps or dev-deps'}
{'statusCode': 0, 'package': '@energyweb/localization_0.8.1-alpha.8487.0', 'message': 'no deps or dev-deps'}
{'statusCode': 0, 'package': '@energyweb/localization_0.8.1-alpha.8488.0', 'message': 'no deps or dev-deps'}
{'statusCode': 0, 'package': '@energyweb/localization_0.8.1-alpha.8494.0', 'message': 'no deps or dev-deps'}
{'statusCode': 0, 'package': '@energyweb/localization_0.8.1-alpha.8499.0', 'message': 'no deps or dev-deps'}
{'statusCode': 0, 'package': '@energyweb/localization_0.8.1-alpha.8502.0', 'message': 'no deps or dev-deps'}
{'statusCode': 0, 'package': '@energyweb/localization_0.8.1-alpha.8515.0', 'message': 'no deps or dev-deps'}
{'statusCode': 0, 'package': '@energyweb/localization_0.8.1-alpha.8520.0', 'message': 'no deps or dev-deps'}
{'statusCode': 0, 'package': '@energyweb/localization_0.8.1-alpha.8527.0', 'message': 'no deps or dev-deps'}
{'statusCode': 0, 'package': '@energyweb/localization_0.8.1-alpha.8541.0', 'message': 'no deps or dev-deps'}
{'statusCode': 0, 'package': '@energyweb/localization_0.8.1-alpha.8544.0', 'message': 'no deps or dev-deps'}
{'statusCode': 0, 'package': '@energyweb/localization_0.8.1-alpha.8574.0', 'message': 'no deps or dev-deps'}
{'statusCode': 0, 'package': '@energyweb/localization_0.8.1-alpha.8593.0', 'message': 'no deps or dev-deps'}
{'statusCode': 0, 'package': '@energyweb/localization_0.8.1-alpha.8607.0', 'message': 'no deps or dev-deps'}
{'statusCode': 0, 'package': '@energyweb/localization_0.8.1-alpha.8611.0', 'message': 'no deps or dev-deps'}
{'statusCode': 0, 'package': '@energyweb/localization_0.8.1-alpha.8619.0', 'message': 'no deps or dev-deps'}
{'statusCode': 0, 'package': '@energyweb/localization_0.8.1-alpha.8634.0', 'message': 'no deps or dev-deps'}
{'statusCode': 0, 'package': '@energyweb/localization_0.8.1-alpha.8643.0', 'message': 'no deps or dev-deps'}
{'statusCode': 0, 'package': '@energyweb/localization_0.8.1-alpha.8693.0', 'message': 'no deps or dev-deps'}
{'statusCode': 0, 'package': '@energyweb/localization_0.8.1-alpha.8700.0', 'message': 'no deps or dev-deps'}
{'statusCode': 0, 'package': '@energyweb/localization_0.8.1-alpha.8701.0', 'message': 'no deps or dev-deps'}
{'statusCode': 0, 'package': '@energyweb/localization_0.8.1-alpha.8708.0', 'message': 'no deps or dev-deps'}
{'statusCode': 0, 'package': '@energyweb/localization_0.8.1-alpha.8716.0', 'message': 'no deps or dev-deps'}
{'statusCode': 0, 'package': '@energyweb/localization_0.8.1-alpha.8721.0', 'message': 'no deps or dev-deps'}
{'statusCode': 0, 'package': '@energyweb/localization_0.8.1-alpha.8722.0', 'message': 'no deps or dev-deps'}
{'statusCode': 0, 'package': '@energyweb/localization_0.8.1-alpha.8732.0', 'message': 'no deps or dev-deps'}
{'statusCode': 0, 'package': '@energyweb/localization_0.8.1-alpha.8733.0', 'message': 'no deps or dev-deps'}
{'statusCode': 0, 'package': '@energyweb/localization_0.8.1-alpha.8741.0', 'message': 'no deps or dev-deps'}
{'statusCode': 0, 'package': '@energyweb/localization_0.8.1-alpha.8750.0', 'message': 'no deps or dev-deps'}
{'statusCode': 0, 'package': '@energyweb/localization_0.8.1-alpha.8759.0', 'message': 'no deps or dev-deps'}
{'statusCode': 0, 'package': '@energyweb/localization_0.8.1-alpha.8769.0', 'message': 'no deps or dev-deps'}
{'statusCode': 0, 'package': '@energyweb/localization_0.8.1-alpha.8777.0', 'message': 'no deps or dev-deps'}
{'statusCode': 0, 'package': '@energyweb/localization_0.8.1-alpha.8784.0', 'message': 'no deps or dev-deps'}
{'statusCode': 0, 'package': '@energyweb/localization_0.8.1-alpha.8789.0', 'message': 'no deps or dev-deps'}
{'statusCode': 0, 'package': '@energyweb/localization_0.8.1-alpha.8790.0', 'message': 'no deps or dev-deps'}
{'statusCode': 0, 'package': '@energyweb/localization_0.8.1-alpha.8799.0', 'message': 'no deps or dev-deps'}
{'statusCode': 0, 'package': '@energyweb/localization_0.8.1-alpha.8804.0', 'message': 'no deps or dev-deps'}
{'statusCode': 0, 'package': '@energyweb/localization_0.8.1-alpha.8808.0', 'message': 'no deps or dev-deps'}
{'statusCode': 0, 'package': '@energyweb/localization_0.8.1-alpha.8822.0', 'message': 'no deps or dev-deps'}
{'statusCode': 0, 'package': '@energyweb/localization_0.8.1-alpha.8839.0', 'message': 'no deps or dev-deps'}
{'statusCode': 0, 'package': '@energyweb/localization_0.8.1-alpha.8842.0', 'message': 'no deps or dev-deps'}
{'statusCode': 0, 'package': '@energyweb/localization_0.8.1-alpha.8845.0', 'message': 'no deps or dev-deps'}
{'statusCode': 0, 'package': '@energyweb/localization_0.8.1-alpha.8846.0', 'message': 'no deps or dev-deps'}
{'statusCode': 0, 'package': '@energyweb/localization_0.8.1-alpha.8855.0', 'message': 'no deps or dev-deps'}
{'statusCode': 0, 'package': '@energyweb/localization_0.8.1-alpha.8856.0', 'message': 'no deps or dev-deps'}
{'statusCode': 0, 'package': '@energyweb/localization_0.8.1-alpha.8864.0', 'message': 'no deps or dev-deps'}
{'statusCode': 0, 'package': '@energyweb/localization_0.8.1-alpha.8865.0', 'message': 'no deps or dev-deps'}
{'statusCode': 0, 'package': '@energyweb/localization_0.8.1-alpha.8868.0', 'message': 'no deps or dev-deps'}
{'statusCode': 0, 'package': '@energyweb/localization_0.8.1-alpha.8871.0', 'message': 'no deps or dev-deps'}
{'statusCode': 0, 'package': '@energyweb/localization_0.8.1-alpha.8872.0', 'message': 'no deps or dev-deps'}
{'statusCode': 0, 'package': '@energyweb/localization_0.8.1-alpha.8875.0', 'message': 'no deps or dev-deps'}
{'statusCode': 0, 'package': '@energyweb/localization_0.8.1-alpha.8878.0', 'message': 'no deps or dev-deps'}
{'statusCode': 0, 'package': '@energyweb/localization_0.8.1-alpha.8881.0', 'message': 'no deps or dev-deps'}
{'statusCode': 0, 'package': '@energyweb/localization_0.8.1-alpha.8885.0', 'message': 'no deps or dev-deps'}
{'statusCode': 0, 'package': '@energyweb/localization_0.8.1-alpha.8895.0', 'message': 'no deps or dev-deps'}
{'statusCode': 0, 'package': '@energyweb/localization_0.8.1-alpha.8896.0', 'message': 'no deps or dev-deps'}
{'statusCode': 0, 'package': '@energyweb/localization_0.8.1-alpha.8909.0', 'message': 'no deps or dev-deps'}
{'statusCode': 0, 'package': '@energyweb/localization_0.8.1-alpha.8915.0', 'message': 'no deps or dev-deps'}
{'statusCode': 0, 'package': '@energyweb/localization_0.8.1-alpha.8914.0', 'message': 'no deps or dev-deps'}
{'statusCode': 0, 'package': '@energyweb/localization_0.8.1-alpha.8922.0', 'message': 'no deps or dev-deps'}
{'statusCode': 0, 'package': '@energyweb/localization_0.8.1-alpha.8925.0', 'message': 'no deps or dev-deps'}
{'statusCode': 0, 'package': '@energyweb/localization_0.8.1-alpha.8940.0', 'message': 'no deps or dev-deps'}
{'statusCode': 0, 'package': '@energyweb/localization_0.8.1-alpha.8947.0', 'message': 'no deps or dev-deps'}
{'statusCode': 0, 'package': '@energyweb/localization_0.8.1-alpha.8950.0', 'message': 'no deps or dev-deps'}
{'statusCode': 0, 'package': '@energyweb/localization_0.8.1-alpha.8961.0', 'message': 'no deps or dev-deps'}
{'statusCode': 0, 'package': '@energyweb/localization_0.8.1-alpha.8962.0', 'message': 'no deps or dev-deps'}
{'statusCode': 0, 'package': '@energyweb/localization_0.8.1-alpha.8975.0', 'message': 'no deps or dev-deps'}
{'statusCode': 0, 'package': '@energyweb/localization_0.8.1-alpha.8980.0', 'message': 'no deps or dev-deps'}
{'statusCode': 0, 'package': '@energyweb/localization_0.8.1-alpha.8983.0', 'message': 'no deps or dev-deps'}
{'statusCode': 0, 'package': '@energyweb/localization_0.8.1-alpha.8994.0', 'message': 'no deps or dev-deps'}
{'statusCode': 0, 'package': '@energyweb/localization_0.8.1-alpha.9000.0', 'message': 'no deps or dev-deps'}
{'statusCode': 0, 'package': '@energyweb/localization_0.8.1-alpha.9002.0', 'message': 'no deps or dev-deps'}
{'statusCode': 0, 'package': '@energyweb/localization_0.8.1-alpha.9006.0', 'message': 'no deps or dev-deps'}
{'statusCode': 0, 'package': '@energyweb/localization_0.8.1-alpha.9010.0', 'message': 'no deps or dev-deps'}
{'statusCode': 0, 'package': '@energyweb/localization_0.8.1-alpha.9014.0', 'message': 'no deps or dev-deps'}
{'statusCode': 0, 'package': '@energyweb/localization_0.8.1-alpha.9020.0', 'message': 'no deps or dev-deps'}
{'statusCode': 0, 'package': '@energyweb/localization_0.8.1-alpha.9026.0', 'message': 'no deps or dev-deps'}
{'statusCode': 0, 'package': '@energyweb/localization_0.8.1-alpha.9030.0', 'message': 'no deps or dev-deps'}
{'statusCode': 0, 'package': '@energyweb/localization_0.8.1-alpha.9038.0', 'message': 'no deps or dev-deps'}
{'statusCode': 0, 'package': '@energyweb/localization_0.9.0', 'message': 'no deps or dev-deps'}
{'statusCode': 0, 'package': '@energyweb/localization_0.9.1-alpha.9045.0', 'message': 'no deps or dev-deps'}
{'statusCode': 0, 'package': '@energyweb/localization_0.9.1-alpha.9063.0', 'message': 'no deps or dev-deps'}
{'statusCode': 0, 'package': '@energyweb/localization_0.9.1-alpha.9068.0', 'message': 'no deps or dev-deps'}
{'statusCode': 0, 'package': '@energyweb/localization_0.9.1-alpha.9069.0', 'message': 'no deps or dev-deps'}
{'statusCode': 0, 'package': '@energyweb/localization_0.9.1-alpha.9076.0', 'message': 'no deps or dev-deps'}
{'statusCode': 0, 'package': '@energyweb/localization_0.9.1-alpha.9077.0', 'message': 'no deps or dev-deps'}
{'statusCode': 0, 'package': '@energyweb/localization_0.9.1-alpha.9085.0', 'message': 'no deps or dev-deps'}
{'statusCode': 0, 'package': '@energyweb/localization_0.9.1-alpha.9095.0', 'message': 'no deps or dev-deps'}
{'statusCode': 0, 'package': '@energyweb/localization_0.9.1-alpha.9094.0', 'message': 'no deps or dev-deps'}
{'statusCode': 0, 'package': '@energyweb/localization_0.9.1-alpha.9104.0', 'message': 'no deps or dev-deps'}
{'statusCode': 0, 'package': '@energyweb/localization_0.9.1-alpha.9114.0', 'message': 'no deps or dev-deps'}
{'statusCode': 0, 'package': '@energyweb/localization_0.9.1-alpha.9123.0', 'message': 'no deps or dev-deps'}
{'statusCode': 0, 'package': '@energyweb/localization_0.9.1-alpha.9142.0', 'message': 'no deps or dev-deps'}
{'statusCode': 0, 'package': '@energyweb/localization_0.9.1-alpha.9147.0', 'message': 'no deps or dev-deps'}
{'statusCode': 0, 'package': '@energyweb/localization_0.9.1-alpha.9150.0', 'message': 'no deps or dev-deps'}
{'statusCode': 0, 'package': '@energyweb/localization_0.9.1-alpha.9184.0', 'message': 'no deps or dev-deps'}
{'statusCode': 0, 'package': '@energyweb/localization_0.9.1-alpha.9194.0', 'message': 'no deps or dev-deps'}
{'statusCode': 0, 'package': '@energyweb/localization_0.9.1-alpha.9191.0', 'message': 'no deps or dev-deps'}
{'statusCode': 0, 'package': '@energyweb/localization_0.9.1-alpha.9201.0', 'message': 'no deps or dev-deps'}
{'statusCode': 0, 'package': '@energyweb/localization_0.9.1-alpha.9202.0', 'message': 'no deps or dev-deps'}
{'statusCode': 0, 'package': '@energyweb/localization_0.9.1-alpha.9212.0', 'message': 'no deps or dev-deps'}
{'statusCode': 0, 'package': '@energyweb/localization_0.9.1-alpha.9213.0', 'message': 'no deps or dev-deps'}
{'statusCode': 0, 'package': '@energyweb/localization_0.9.1-alpha.9226.0', 'message': 'no deps or dev-deps'}
{'statusCode': 0, 'package': '@energyweb/localization_0.9.1-alpha.9229.0', 'message': 'no deps or dev-deps'}
{'statusCode': 0, 'package': '@energyweb/localization_0.9.1-alpha.9234.0', 'message': 'no deps or dev-deps'}
{'statusCode': 0, 'package': '@energyweb/localization_0.9.1-alpha.9242.0', 'message': 'no deps or dev-deps'}
{'statusCode': 0, 'package': '@energyweb/localization_0.9.1-alpha.9251.0', 'message': 'no deps or dev-deps'}
{'statusCode': 0, 'package': '@energyweb/localization_0.9.1-alpha.9256.0', 'message': 'no deps or dev-deps'}
{'statusCode': 0, 'package': '@energyweb/localization_0.9.1-alpha.9261.0', 'message': 'no deps or dev-deps'}
{'statusCode': 0, 'package': '@energyweb/localization_0.9.1-alpha.9268.0', 'message': 'no deps or dev-deps'}
{'statusCode': 0, 'package': '@energyweb/localization_0.9.1-alpha.9279.0', 'message': 'no deps or dev-deps'}
{'statusCode': 0, 'package': '@energyweb/localization_0.9.1-alpha.9286.0', 'message': 'no deps or dev-deps'}
{'statusCode': 0, 'package': '@energyweb/localization_0.9.1-alpha.9289.0', 'message': 'no deps or dev-deps'}
{'statusCode': 0, 'package': '@energyweb/localization_0.9.1-alpha.9301.0', 'message': 'no deps or dev-deps'}
{'statusCode': 0, 'package': '@energyweb/localization_0.9.1-alpha.9304.0', 'message': 'no deps or dev-deps'}
{'statusCode': 0, 'package': '@energyweb/localization_0.9.1-alpha.9330.0', 'message': 'no deps or dev-deps'}
{'statusCode': 0, 'package': '@energyweb/localization_0.9.1-alpha.9339.0', 'message': 'no deps or dev-deps'}
{'statusCode': 0, 'package': '@energyweb/localization_0.9.1-alpha.9350.0', 'message': 'no deps or dev-deps'}
{'statusCode': 0, 'package': '@energyweb/localization_0.9.1-alpha.9351.0', 'message': 'no deps or dev-deps'}
{'statusCode': 0, 'package': '@energyweb/localization_0.9.1-alpha.9360.0', 'message': 'no deps or dev-deps'}
{'statusCode': 0, 'package': '@energyweb/localization_0.9.1-alpha.9361.0', 'message': 'no deps or dev-deps'}
{'statusCode': 0, 'package': '@energyweb/localization_0.9.1-alpha.9364.0', 'message': 'no deps or dev-deps'}
{'statusCode': 0, 'package': '@energyweb/localization_0.9.1-alpha.9372.0', 'message': 'no deps or dev-deps'}
{'statusCode': 0, 'package': '@energyweb/localization_0.9.1-alpha.9379.0', 'message': 'no deps or dev-deps'}
{'statusCode': 0, 'package': '@energyweb/localization_0.9.1-alpha.9382.0', 'message': 'no deps or dev-deps'}
{'statusCode': 0, 'package': '@energyweb/localization_0.9.1-alpha.9390.0', 'message': 'no deps or dev-deps'}
{'statusCode': 0, 'package': '@energyweb/localization_0.9.1-alpha.9395.0', 'message': 'no deps or dev-deps'}
{'statusCode': 0, 'package': '@energyweb/localization_0.9.1-alpha.9396.0', 'message': 'no deps or dev-deps'}
{'statusCode': 0, 'package': '@energyweb/localization_0.9.1-alpha.9405.0', 'message': 'no deps or dev-deps'}
{'statusCode': 0, 'package': '@energyweb/localization_0.9.1-alpha.9412.0', 'message': 'no deps or dev-deps'}
{'statusCode': 0, 'package': '@energyweb/localization_0.9.1-alpha.9415.0', 'message': 'no deps or dev-deps'}
{'statusCode': 0, 'package': '@energyweb/localization_0.9.1-alpha.9424.0', 'message': 'no deps or dev-deps'}
{'statusCode': 0, 'package': '@energyweb/localization_0.9.1-alpha.9427.0', 'message': 'no deps or dev-deps'}
{'statusCode': 0, 'package': '@energyweb/localization_0.9.1-alpha.9441.0', 'message': 'no deps or dev-deps'}
{'statusCode': 0, 'package': '@energyweb/localization_0.9.1-alpha.9448.0', 'message': 'no deps or dev-deps'}
{'statusCode': 0, 'package': '@energyweb/localization_0.9.1-alpha.9483.0', 'message': 'no deps or dev-deps'}
{'statusCode': 0, 'package': '@energyweb/localization_0.9.1-alpha.9486.0', 'message': 'no deps or dev-deps'}
{'statusCode': 0, 'package': '@energyweb/localization_0.9.1-alpha.9496.0', 'message': 'no deps or dev-deps'}
{'statusCode': 0, 'package': '@energyweb/localization_0.9.1-alpha.9503.0', 'message': 'no deps or dev-deps'}
{'statusCode': 0, 'package': '@energyweb/localization_0.9.1-alpha.9509.0', 'message': 'no deps or dev-deps'}
{'statusCode': 0, 'package': '@energyweb/localization_0.9.1-alpha.9520.0', 'message': 'no deps or dev-deps'}
{'statusCode': 0, 'package': '@energyweb/localization_0.9.1-alpha.9521.0', 'message': 'no deps or dev-deps'}
{'statusCode': 0, 'package': '@energyweb/localization_0.9.1-alpha.9532.0', 'message': 'no deps or dev-deps'}
{'statusCode': 0, 'package': '@energyweb/localization_0.9.1-alpha.9535.0', 'message': 'no deps or dev-deps'}
{'statusCode': 0, 'package': '@energyweb/localization_0.9.1-alpha.9547.0', 'message': 'no deps or dev-deps'}
{'statusCode': 0, 'package': '@energyweb/localization_0.9.1-alpha.9562.0', 'message': 'no deps or dev-deps'}
{'statusCode': 0, 'package': '@energyweb/localization_0.9.1-alpha.9563.0', 'message': 'no deps or dev-deps'}
{'statusCode': 0, 'package': '@energyweb/localization_0.9.1-alpha.9583.0', 'message': 'no deps or dev-deps'}
{'statusCode': 0, 'package': '@energyweb/localization_0.9.1-alpha.9596.0', 'message': 'no deps or dev-deps'}
{'statusCode': 0, 'package': '@energyweb/localization_0.9.1-alpha.9603.0', 'message': 'no deps or dev-deps'}
{'statusCode': 0, 'package': '@energyweb/localization_0.9.1-alpha.9616.0', 'message': 'no deps or dev-deps'}
{'statusCode': 0, 'package': '@energyweb/localization_0.9.1-alpha.9637.0', 'message': 'no deps or dev-deps'}
{'statusCode': 0, 'package': '@energyweb/localization_0.9.1-alpha.9640.0', 'message': 'no deps or dev-deps'}
{'statusCode': 0, 'package': '@energyweb/localization_0.9.1-alpha.9648.0', 'message': 'no deps or dev-deps'}
{'statusCode': 0, 'package': '@energyweb/localization_0.9.1-alpha.9656.0', 'message': 'no deps or dev-deps'}
{'statusCode': 0, 'package': '@energyweb/localization_0.9.1-alpha.9661.0', 'message': 'no deps or dev-deps'}
{'statusCode': 0, 'package': '@energyweb/localization_0.9.1-alpha.9667.0', 'message': 'no deps or dev-deps'}
{'statusCode': 0, 'package': '@energyweb/localization_0.9.1-alpha.9674.0', 'message': 'no deps or dev-deps'}
{'statusCode': 0, 'package': '@energyweb/localization_0.9.1-alpha.9677.0', 'message': 'no deps or dev-deps'}
{'statusCode': 0, 'package': '@energyweb/localization_0.9.1-alpha.9690.0', 'message': 'no deps or dev-deps'}
{'statusCode': 0, 'package': '@energyweb/localization_0.9.1-alpha.9691.0', 'message': 'no deps or dev-deps'}
{'statusCode': 0, 'package': '@energyweb/localization_0.9.1-alpha.9703.0', 'message': 'no deps or dev-deps'}
{'statusCode': 0, 'package': '@energyweb/localization_0.9.1-alpha.9714.0', 'message': 'no deps or dev-deps'}
{'statusCode': 0, 'package': '@energyweb/localization_0.9.1-alpha.9749.0', 'message': 'no deps or dev-deps'}
{'statusCode': 0, 'package': '@energyweb/localization_0.9.1-alpha.9762.0', 'message': 'no deps or dev-deps'}
{'statusCode': 0, 'package': '@energyweb/localization_0.9.1-alpha.9781.0', 'message': 'no deps or dev-deps'}
{'statusCode': 0, 'package': '@energyweb/localization_0.9.1-alpha.9794.0', 'message': 'no deps or dev-deps'}
{'statusCode': 0, 'package': '@energyweb/localization_0.9.1-alpha.9795.0', 'message': 'no deps or dev-deps'}
{'statusCode': 0, 'package': '@energyweb/localization_0.9.1-alpha.9800.0', 'message': 'no deps or dev-deps'}
{'statusCode': 0, 'package': '@energyweb/localization_0.9.1-alpha.9807.0', 'message': 'no deps or dev-deps'}
{'statusCode': 0, 'package': '@energyweb/localization_0.9.1-alpha.9808.0', 'message': 'no deps or dev-deps'}
{'statusCode': 0, 'package': '@energyweb/localization_0.9.1-alpha.9809.0', 'message': 'no deps or dev-deps'}
{'statusCode': 0, 'package': '@energyweb/localization_0.9.1-alpha.9815.0', 'message': 'no deps or dev-deps'}
{'statusCode': 0, 'package': '@energyweb/localization_0.9.1-alpha.9816.0', 'message': 'no deps or dev-deps'}
{'statusCode': 0, 'package': '@energyweb/localization_0.9.1-alpha.9837.0', 'message': 'no deps or dev-deps'}
{'statusCode': 0, 'package': '@energyweb/localization_0.9.1-alpha.9846.0', 'message': 'no deps or dev-deps'}
{'statusCode': 0, 'package': '@energyweb/localization_0.9.1-alpha.9851.0', 'message': 'no deps or dev-deps'}
{'statusCode': 0, 'package': '@energyweb/localization_0.9.1-alpha.9852.0', 'message': 'no deps or dev-deps'}
{'statusCode': 0, 'package': '@energyweb/localization_0.9.1-alpha.9861.0', 'message': 'no deps or dev-deps'}
{'statusCode': 0, 'package': '@energyweb/localization_0.9.1-alpha.9862.0', 'message': 'no deps or dev-deps'}
{'statusCode': 0, 'package': '@energyweb/localization_0.9.1-alpha.9871.0', 'message': 'no deps or dev-deps'}
{'statusCode': 0, 'package': '@energyweb/localization_0.9.1-alpha.9872.0', 'message': 'no deps or dev-deps'}
{'statusCode': 0, 'package': '@energyweb/localization_0.9.1-alpha.9909.0', 'message': 'no deps or dev-deps'}
{'statusCode': 0, 'package': '@energyweb/localization_0.9.1-alpha.9945.0', 'message': 'no deps or dev-deps'}
{'statusCode': 0, 'package': '@energyweb/localization_0.9.1-alpha.9949.0', 'message': 'no deps or dev-deps'}
{'statusCode': 0, 'package': '@energyweb/localization_0.9.1-alpha.9950.0', 'message': 'no deps or dev-deps'}
{'statusCode': 0, 'package': '@energyweb/localization_0.9.1-alpha.9955.0', 'message': 'no deps or dev-deps'}
{'statusCode': 0, 'package': '@energyweb/localization_0.9.1-alpha.9956.0', 'message': 'no deps or dev-deps'}
{'statusCode': 0, 'package': '@energyweb/localization_0.9.1-alpha.9961.0', 'message': 'no deps or dev-deps'}
{'statusCode': 0, 'package': '@energyweb/localization_0.9.1-alpha.9962.0', 'message': 'no deps or dev-deps'}
{'statusCode': 0, 'package': '@energyweb/localization_0.9.1-alpha.9965.0', 'message': 'no deps or dev-deps'}
{'statusCode': 0, 'package': '@energyweb/localization_0.9.1-alpha.9987.0', 'message': 'no deps or dev-deps'}
{'statusCode': 0, 'package': '@energyweb/localization_0.9.1-alpha.10004.0', 'message': 'no deps or dev-deps'}
{'statusCode': 0, 'package': '@energyweb/localization_0.9.1-alpha.10005.0', 'message': 'no deps or dev-deps'}
{'statusCode': 0, 'package': '@energyweb/localization_0.9.1-alpha.10019.0', 'message': 'no deps or dev-deps'}
{'statusCode': 0, 'package': '@energyweb/localization_0.9.1-alpha.10020.0', 'message': 'no deps or dev-deps'}
{'statusCode': 0, 'package': '@energyweb/localization_0.9.1-alpha.10027.0', 'message': 'no deps or dev-deps'}
{'statusCode': 0, 'package': '@energyweb/localization_0.9.1-alpha.10034.0', 'message': 'no deps or dev-deps'}
{'statusCode': 0, 'package': '@energyweb/localization_0.9.1-alpha.10037.0', 'message': 'no deps or dev-deps'}
{'statusCode': 0, 'package': '@energyweb/localization_0.9.1-alpha.10038.0', 'message': 'no deps or dev-deps'}
{'statusCode': 0, 'package': '@energyweb/localization_0.9.1-alpha.10045.0', 'message': 'no deps or dev-deps'}
{'statusCode': 0, 'package': '@energyweb/localization_0.9.1-alpha.10046.0', 'message': 'no deps or dev-deps'}
{'statusCode': 0, 'package': '@energyweb/localization_0.9.1-alpha.10055.0', 'message': 'no deps or dev-deps'}
{'statusCode': 0, 'package': '@energyweb/localization_0.9.1-alpha.10056.0', 'message': 'no deps or dev-deps'}
{'statusCode': 0, 'package': '@energyweb/localization_0.9.1-alpha.10063.0', 'message': 'no deps or dev-deps'}
{'statusCode': 0, 'package': '@energyweb/localization_0.9.1-alpha.10064.0', 'message': 'no deps or dev-deps'}
{'statusCode': 0, 'package': '@energyweb/localization_0.9.1-alpha.10077.0', 'message': 'no deps or dev-deps'}
{'statusCode': 0, 'package': '@energyweb/localization_0.9.1-alpha.10095.0', 'message': 'no deps or dev-deps'}
{'statusCode': 0, 'package': '@energyweb/localization_0.9.1-alpha.10113.0', 'message': 'no deps or dev-deps'}
{'statusCode': 0, 'package': '@energyweb/localization_0.9.1-alpha.10120.0', 'message': 'no deps or dev-deps'}
{'statusCode': 0, 'package': '@energyweb/localization_0.9.1-alpha.10131.0', 'message': 'no deps or dev-deps'}
{'statusCode': 0, 'package': '@energyweb/localization_0.9.1-alpha.10178.0', 'message': 'no deps or dev-deps'}
{'statusCode': 0, 'package': '@energyweb/localization_0.9.1-alpha.10199.0', 'message': 'no deps or dev-deps'}
{'statusCode': 0, 'package': '@energyweb/localization_0.9.1-alpha.10216.0', 'message': 'no deps or dev-deps'}
{'statusCode': 0, 'package': '@energyweb/localization_0.9.1-alpha.10222.0', 'message': 'no deps or dev-deps'}
{'statusCode': 0, 'package': '@energyweb/localization_0.10.0', 'message': 'no deps or dev-deps'}
{'statusCode': 0, 'package': '@energyweb/localization_0.10.1-alpha.10230.0', 'message': 'no deps or dev-deps'}
{'statusCode': 0, 'package': '@energyweb/localization_0.10.1-alpha.10251.0', 'message': 'no deps or dev-deps'}
{'statusCode': 0, 'package': '@energyweb/localization_0.10.1-alpha.10258.0', 'message': 'no deps or dev-deps'}
{'statusCode': 0, 'package': '@energyweb/localization_0.10.1-alpha.10269.0', 'message': 'no deps or dev-deps'}
{'statusCode': 0, 'package': '@energyweb/localization_0.10.1-alpha.10272.0', 'message': 'no deps or dev-deps'}
{'statusCode': 0, 'package': '@energyweb/localization_0.10.1-alpha.10279.0', 'message': 'no deps or dev-deps'}
{'statusCode': 0, 'package': '@energyweb/localization_0.10.1-alpha.10288.0', 'message': 'no deps or dev-deps'}
{'statusCode': 0, 'package': '@energyweb/localization_0.10.1-alpha.10311.0', 'message': 'no deps or dev-deps'}
{'statusCode': 0, 'package': '@energyweb/localization_0.10.1-alpha.10324.0', 'message': 'no deps or dev-deps'}
{'statusCode': 0, 'package': '@energyweb/localization_0.10.1-alpha.10336.0', 'message': 'no deps or dev-deps'}
{'statusCode': 0, 'package': '@energyweb/localization_0.10.1-alpha.10349.0', 'message': 'no deps or dev-deps'}
{'statusCode': 0, 'package': '@energyweb/localization_0.10.1-alpha.10352.0', 'message': 'no deps or dev-deps'}
{'statusCode': 0, 'package': '@energyweb/localization_0.10.1-alpha.10358.0', 'message': 'no deps or dev-deps'}
{'statusCode': 0, 'package': '@energyweb/localization_0.10.1-alpha.10363.0', 'message': 'no deps or dev-deps'}
{'statusCode': 0, 'package': '@energyweb/localization_0.10.1-alpha.10375.0', 'message': 'no deps or dev-deps'}
{'statusCode': 0, 'package': '@energyweb/localization_0.10.1-alpha.10388.0', 'message': 'no deps or dev-deps'}
{'statusCode': 0, 'package': '@energyweb/localization_0.10.1-alpha.10389.0', 'message': 'no deps or dev-deps'}
{'statusCode': 0, 'package': '@energyweb/localization_0.10.1-alpha.10405.0', 'message': 'no deps or dev-deps'}
{'statusCode': 0, 'package': '@energyweb/localization_0.10.1-alpha.10408.0', 'message': 'no deps or dev-deps'}
{'statusCode': 0, 'package': '@energyweb/localization_0.10.1-alpha.10413.0', 'message': 'no deps or dev-deps'}
{'statusCode': 0, 'package': '@energyweb/localization_0.10.1-alpha.10419.0', 'message': 'no deps or dev-deps'}
{'statusCode': 0, 'package': '@energyweb/localization_0.10.1-alpha.10426.0', 'message': 'no deps or dev-deps'}
{'statusCode': 0, 'package': '@energyweb/localization_0.10.1-alpha.10430.0', 'message': 'no deps or dev-deps'}
{'statusCode': 0, 'package': '@energyweb/localization_0.10.1-alpha.10447.0', 'message': 'no deps or dev-deps'}
{'statusCode': 0, 'package': '@energyweb/localization_0.10.1-alpha.10454.0', 'message': 'no deps or dev-deps'}
{'statusCode': 0, 'package': '@energyweb/localization_0.10.1-alpha.10465.0', 'message': 'no deps or dev-deps'}
{'statusCode': 0, 'package': '@energyweb/localization_0.10.1-alpha.10494.0', 'message': 'no deps or dev-deps'}
{'statusCode': 0, 'package': '@energyweb/localization_0.10.1-alpha.10499.0', 'message': 'no deps or dev-deps'}
{'statusCode': 0, 'package': '@energyweb/localization_0.10.1-alpha.10502.0', 'message': 'no deps or dev-deps'}
{'statusCode': 0, 'package': '@energyweb/localization_0.11.0', 'message': 'no deps or dev-deps'}
{'statusCode': 0, 'package': '@energyweb/localization_0.11.1-alpha.10510.0', 'message': 'no deps or dev-deps'}
{'statusCode': 0, 'package': '@energyweb/localization_0.11.1-alpha.10527.0', 'message': 'no deps or dev-deps'}
{'statusCode': 0, 'package': '@energyweb/localization_0.11.1-alpha.10532.0', 'message': 'no deps or dev-deps'}
{'statusCode': 0, 'package': '@energyweb/localization_0.11.1-alpha.10541.0', 'message': 'no deps or dev-deps'}
{'statusCode': 0, 'package': '@energyweb/localization_0.11.1-alpha.10552.0', 'message': 'no deps or dev-deps'}
{'statusCode': 0, 'package': '@energyweb/localization_0.11.1-alpha.10560.0', 'message': 'no deps or dev-deps'}
{'statusCode': 0, 'package': '@energyweb/localization_0.11.1-alpha.10585.0', 'message': 'no deps or dev-deps'}
{'statusCode': 0, 'package': '@energyweb/localization_0.11.1-alpha.10587.0', 'message': 'no deps or dev-deps'}
{'statusCode': 0, 'package': '@energyweb/localization_0.11.1-alpha.10593.0', 'message': 'no deps or dev-deps'}
{'statusCode': 0, 'package': '@energyweb/localization_0.12.0', 'message': 'no deps or dev-deps'}
{'statusCode': 0, 'package': '@energyweb/localization_0.12.1-alpha.10602.0', 'message': 'no deps or dev-deps'}
{'statusCode': 0, 'package': '@energyweb/localization_0.12.1-alpha.10603.0', 'message': 'no deps or dev-deps'}
{'statusCode': 0, 'package': '@energyweb/localization_0.12.1-alpha.10608.0', 'message': 'no deps or dev-deps'}
{'statusCode': 0, 'package': '@energyweb/localization_0.12.1-alpha.10613.0', 'message': 'no deps or dev-deps'}
{'statusCode': 0, 'package': '@energyweb/localization_0.12.1-alpha.10624.0', 'message': 'no deps or dev-deps'}
{'statusCode': 0, 'package': '@energyweb/localization_0.12.1-alpha.10631.0', 'message': 'no deps or dev-deps'}
{'statusCode': 0, 'package': '@energyweb/localization_0.12.1-alpha.10636.0', 'message': 'no deps or dev-deps'}
{'statusCode': 0, 'package': '@energyweb/localization_0.12.1-alpha.10639.0', 'message': 'no deps or dev-deps'}
{'statusCode': 0, 'package': '@energyweb/localization_0.12.1-alpha.10642.0', 'message': 'no deps or dev-deps'}
{'statusCode': 0, 'package': '@energyweb/localization_0.12.1-alpha.10645.0', 'message': 'no deps or dev-deps'}
{'statusCode': 0, 'package': '@energyweb/localization_0.12.1-alpha.10648.0', 'message': 'no deps or dev-deps'}
{'statusCode': 0, 'package': '@energyweb/localization_0.12.1-alpha.10662.0', 'message': 'no deps or dev-deps'}
{'statusCode': 0, 'package': '@energyweb/localization_0.12.1-alpha.10677.0', 'message': 'no deps or dev-deps'}
{'statusCode': 0, 'package': '@energyweb/localization_0.12.1-alpha.10684.0', 'message': 'no deps or dev-deps'}
{'statusCode': 0, 'package': '@energyweb/localization_0.12.1-alpha.10696.0', 'message': 'no deps or dev-deps'}
{'statusCode': 0, 'package': '@energyweb/localization_0.12.1-alpha.10714.0', 'message': 'no deps or dev-deps'}
{'statusCode': 0, 'package': '@energyweb/localization_0.12.1-alpha.10749.0', 'message': 'no deps or dev-deps'}
{'statusCode': 0, 'package': '@energyweb/localization_0.12.1-alpha.10772.0', 'message': 'no deps or dev-deps'}
{'statusCode': 0, 'package': '@energyweb/localization_0.12.1-alpha.10823.0', 'message': 'no deps or dev-deps'}
{'statusCode': 0, 'package': '@energyweb/localization_0.12.1-alpha.10842.0', 'message': 'no deps or dev-deps'}
{'statusCode': 0, 'package': '@energyweb/localization_0.12.1-alpha.10851.0', 'message': 'no deps or dev-deps'}
{'statusCode': 0, 'package': '@energyweb/localization_0.12.1-alpha.10860.0', 'message': 'no deps or dev-deps'}
{'statusCode': 0, 'package': '@energyweb/localization_0.12.1-alpha.10865.0', 'message': 'no deps or dev-deps'}
{'statusCode': 0, 'package': '@energyweb/localization_0.12.1-alpha.10925.0', 'message': 'no deps or dev-deps'}
{'statusCode': 0, 'package': '@energyweb/localization_0.12.1-alpha.10944.0', 'message': 'no deps or dev-deps'}
{'statusCode': 0, 'package': '@energyweb/localization_0.12.1-alpha.10951.0', 'message': 'no deps or dev-deps'}
{'statusCode': 0, 'package': '@energyweb/localization_0.12.1-alpha.10952.0', 'message': 'no deps or dev-deps'}
{'statusCode': 0, 'package': '@energyweb/localization_0.12.1-alpha.10959.0', 'message': 'no deps or dev-deps'}
{'statusCode': 0, 'package': '@energyweb/localization_0.12.1-alpha.10962.0', 'message': 'no deps or dev-deps'}
{'statusCode': 0, 'package': '@energyweb/localization_0.12.1-alpha.10971.0', 'message': 'no deps or dev-deps'}
{'statusCode': 0, 'package': '@energyweb/localization_0.12.1-alpha.10972.0', 'message': 'no deps or dev-deps'}
{'statusCode': 0, 'package': '@energyweb/localization_0.12.1-alpha.10981.0', 'message': 'no deps or dev-deps'}
{'statusCode': 0, 'package': '@energyweb/localization_0.12.1-alpha.10984.0', 'message': 'no deps or dev-deps'}
{'statusCode': 0, 'package': '@energyweb/localization_0.12.1-alpha.10989.0', 'message': 'no deps or dev-deps'}
{'statusCode': 0, 'package': '@energyweb/localization_0.12.1-alpha.10992.0', 'message': 'no deps or dev-deps'}
{'statusCode': 0, 'package': '@energyweb/localization_0.12.1-alpha.10997.0', 'message': 'no deps or dev-deps'}
{'statusCode': 0, 'package': '@energyweb/localization_0.12.1-alpha.11004.0', 'message': 'no deps or dev-deps'}
{'statusCode': 0, 'package': '@energyweb/localization_0.12.1-alpha.11015.0', 'message': 'no deps or dev-deps'}
{'statusCode': 0, 'package': '@energyweb/localization_0.12.1-alpha.11032.0', 'message': 'no deps or dev-deps'}
{'statusCode': 0, 'package': '@energyweb/localization_0.12.1-alpha.11035.0', 'message': 'no deps or dev-deps'}
{'statusCode': 0, 'package': '@energyweb/localization_0.12.1-alpha.11038.0', 'message': 'no deps or dev-deps'}
{'statusCode': 0, 'package': '@energyweb/localization_0.12.1-alpha.11041.0', 'message': 'no deps or dev-deps'}
{'statusCode': 0, 'package': '@energyweb/localization_0.12.1-alpha.11050.0', 'message': 'no deps or dev-deps'}
{'statusCode': 0, 'package': '@energyweb/localization_0.12.1-alpha.11053.0', 'message': 'no deps or dev-deps'}
{'statusCode': 0, 'package': '@energyweb/localization_0.12.1-alpha.11056.0', 'message': 'no deps or dev-deps'}
{'statusCode': 0, 'package': '@energyweb/localization_0.12.1-alpha.11063.0', 'message': 'no deps or dev-deps'}
{'statusCode': 0, 'package': '@energyweb/localization_0.12.1-alpha.11068.0', 'message': 'no deps or dev-deps'}
{'statusCode': 0, 'package': '@energyweb/localization_0.12.1-alpha.11075.0', 'message': 'no deps or dev-deps'}
{'statusCode': 0, 'package': '@energyweb/localization_0.12.1-alpha.11080.0', 'message': 'no deps or dev-deps'}
{'statusCode': 0, 'package': '@energyweb/localization_0.12.1-alpha.11087.0', 'message': 'no deps or dev-deps'}
{'statusCode': 0, 'package': '@energyweb/localization_0.12.1-alpha.11090.0', 'message': 'no deps or dev-deps'}
{'statusCode': 0, 'package': '@energyweb/localization_0.12.1-alpha.11093.0', 'message': 'no deps or dev-deps'}
{'statusCode': 0, 'package': '@energyweb/localization_0.12.1-alpha.11106.0', 'message': 'no deps or dev-deps'}
{'statusCode': 0, 'package': '@energyweb/localization_0.12.1-alpha.11136.0', 'message': 'no deps or dev-deps'}
{'statusCode': 0, 'package': '@energyweb/localization_0.12.1-alpha.11149.0', 'message': 'no deps or dev-deps'}
{'statusCode': 0, 'package': '@energyweb/localization_0.12.1-alpha.11153.0', 'message': 'no deps or dev-deps'}
{'statusCode': 0, 'package': '@energyweb/localization_0.12.1-alpha.11172.0', 'message': 'no deps or dev-deps'}
{'statusCode': 0, 'package': '@energyweb/localization_0.12.1-alpha.11177.0', 'message': 'no deps or dev-deps'}
{'statusCode': 0, 'package': '@energyweb/localization_0.12.1-alpha.11188.0', 'message': 'no deps or dev-deps'}
{'statusCode': 0, 'package': '@energyweb/localization_0.12.1-alpha.11195.0', 'message': 'no deps or dev-deps'}
{'statusCode': 0, 'package': '@energyweb/localization_0.12.1-alpha.11214.0', 'message': 'no deps or dev-deps'}
{'statusCode': 0, 'package': '@energyweb/localization_0.12.1-alpha.11215.0', 'message': 'no deps or dev-deps'}
{'statusCode': 0, 'package': '@energyweb/localization_0.12.1-alpha.11224.0', 'message': 'no deps or dev-deps'}
{'statusCode': 0, 'package': '@energyweb/localization_0.12.1-alpha.11228.0', 'message': 'no deps or dev-deps'}
{'statusCode': 0, 'package': '@energyweb/localization_0.12.1-alpha.11233.0', 'message': 'no deps or dev-deps'}
{'statusCode': 0, 'package': '@energyweb/localization_0.12.1-alpha.11250.0', 'message': 'no deps or dev-deps'}
{'statusCode': 0, 'package': '@energyweb/localization_0.12.1-alpha.11251.0', 'message': 'no deps or dev-deps'}
{'statusCode': 0, 'package': '@energyweb/localization_0.12.1-alpha.11258.0', 'message': 'no deps or dev-deps'}
{'statusCode': 0, 'package': '@energyweb/localization_0.12.1-alpha.11265.0', 'message': 'no deps or dev-deps'}
{'statusCode': 0, 'package': '@energyweb/localization_0.12.1-alpha.11266.0', 'message': 'no deps or dev-deps'}
{'statusCode': 0, 'package': '@energyweb/localization_0.12.1-alpha.11271.0', 'message': 'no deps or dev-deps'}
{'statusCode': 0, 'package': '@energyweb/localization_0.12.1-alpha.11276.0', 'message': 'no deps or dev-deps'}
{'statusCode': 0, 'package': '@energyweb/localization_0.12.1-alpha.11279.0', 'message': 'no deps or dev-deps'}
{'statusCode': 0, 'package': '@energyweb/localization_0.12.1-alpha.11282.0', 'message': 'no deps or dev-deps'}
{'statusCode': 0, 'package': '@energyweb/localization_0.12.1-alpha.11289.0', 'message': 'no deps or dev-deps'}
{'statusCode': 0, 'package': '@energyweb/localization_0.12.1-alpha.11305.0', 'message': 'no deps or dev-deps'}
{'statusCode': 0, 'package': '@energyweb/localization_0.12.1-alpha.11318.0', 'message': 'no deps or dev-deps'}
{'statusCode': 0, 'package': '@energyweb/localization_0.12.1-alpha.11319.0', 'message': 'no deps or dev-deps'}
{'statusCode': 0, 'package': '@energyweb/localization_0.12.1-alpha.11324.0', 'message': 'no deps or dev-deps'}
{'statusCode': 0, 'package': '@energyweb/localization_0.12.1-alpha.11332.0', 'message': 'no deps or dev-deps'}
{'statusCode': 0, 'package': '@energyweb/localization_0.12.1-alpha.11337.0', 'message': 'no deps or dev-deps'}
{'statusCode': 0, 'package': '@energyweb/localization_0.12.1-alpha.11338.0', 'message': 'no deps or dev-deps'}
{'statusCode': 0, 'package': '@energyweb/localization_0.12.1-alpha.11343.0', 'message': 'no deps or dev-deps'}
{'statusCode': 0, 'package': '@energyweb/localization_0.12.1-alpha.11346.0', 'message': 'no deps or dev-deps'}
{'statusCode': 0, 'package': '@energyweb/localization_0.12.1-alpha.11349.0', 'message': 'no deps or dev-deps'}
{'statusCode': 0, 'package': '@energyweb/localization_0.12.1-alpha.11356.0', 'message': 'no deps or dev-deps'}
{'statusCode': 0, 'package': '@energyweb/localization_0.12.1-alpha.11370.0', 'message': 'no deps or dev-deps'}
{'statusCode': 0, 'package': '@energyweb/localization_0.12.1-alpha.11375.0', 'message': 'no deps or dev-deps'}
{'statusCode': 0, 'package': '@energyweb/localization_0.12.1-alpha.11378.0', 'message': 'no deps or dev-deps'}
{'statusCode': 0, 'package': '@energyweb/localization_0.12.1-alpha.11383.0', 'message': 'no deps or dev-deps'}
{'statusCode': 0, 'package': '@energyweb/localization_0.12.1-alpha.11384.0', 'message': 'no deps or dev-deps'}
{'statusCode': 0, 'package': '@energyweb/localization_0.12.1-alpha.11389.0', 'message': 'no deps or dev-deps'}
{'statusCode': 0, 'package': '@energyweb/localization_0.12.1-alpha.11392.0', 'message': 'no deps or dev-deps'}
{'statusCode': 0, 'package': '@energyweb/localization_0.12.1-alpha.11395.0', 'message': 'no deps or dev-deps'}
{'statusCode': 0, 'package': '@energyweb/localization_0.12.1-alpha.11398.0', 'message': 'no deps or dev-deps'}
{'statusCode': 0, 'package': '@energyweb/localization_0.12.1-alpha.11409.0', 'message': 'no deps or dev-deps'}
{'statusCode': 0, 'package': '@energyweb/localization_0.12.1-alpha.11416.0', 'message': 'no deps or dev-deps'}
{'statusCode': 0, 'package': '@energyweb/localization_0.12.1-alpha.11425.0', 'message': 'no deps or dev-deps'}
{'statusCode': 0, 'package': '@energyweb/localization_0.12.1-alpha.11426.0', 'message': 'no deps or dev-deps'}
{'statusCode': 0, 'package': '@energyweb/localization_0.12.1-alpha.11431.0', 'message': 'no deps or dev-deps'}
{'statusCode': 0, 'package': '@energyweb/localization_0.12.1-alpha.11442.0', 'message': 'no deps or dev-deps'}
{'statusCode': 0, 'package': '@energyweb/localization_0.12.1-alpha.11449.0', 'message': 'no deps or dev-deps'}
{'statusCode': 0, 'package': '@energyweb/localization_0.12.1-alpha.11468.0', 'message': 'no deps or dev-deps'}
{'statusCode': 0, 'package': '@energyweb/localization_0.12.1-alpha.11484.0', 'message': 'no deps or dev-deps'}
{'statusCode': 0, 'package': '@energyweb/localization_0.12.1-alpha.11495.0', 'message': 'no deps or dev-deps'}
{'statusCode': 0, 'package': '@energyweb/localization_0.12.1-alpha.11498.0', 'message': 'no deps or dev-deps'}
{'statusCode': 0, 'package': '@energyweb/localization_0.12.1-alpha.11515.0', 'message': 'no deps or dev-deps'}
{'statusCode': 0, 'package': '@energyweb/localization_0.12.1-alpha.11516.0', 'message': 'no deps or dev-deps'}
{'statusCode': 0, 'package': '@energyweb/localization_0.12.1-alpha.11522.0', 'message': 'no deps or dev-deps'}
{'statusCode': 0, 'package': '@energyweb/localization_0.12.1-alpha.11526.0', 'message': 'no deps or dev-deps'}
{'statusCode': 0, 'package': '@energyweb/localization_0.12.1-alpha.11528.0', 'message': 'no deps or dev-deps'}
{'statusCode': 0, 'package': '@energyweb/localization_0.12.1-alpha.11540.0', 'message': 'no deps or dev-deps'}
{'statusCode': 0, 'package': '@energyweb/localization_0.12.1-alpha.11549.0', 'message': 'no deps or dev-deps'}
{'statusCode': 0, 'package': '@energyweb/localization_0.12.1-alpha.11564.0', 'message': 'no deps or dev-deps'}
{'statusCode': 0, 'package': '@energyweb/localization_0.12.1-alpha.11568.0', 'message': 'no deps or dev-deps'}
{'statusCode': 0, 'package': '@energyweb/localization_0.12.1-alpha.11571.0', 'message': 'no deps or dev-deps'}
{'statusCode': 0, 'package': '@energyweb/localization_0.12.1-alpha.11575.0', 'message': 'no deps or dev-deps'}
{'statusCode': 0, 'package': '@energyweb/localization_0.12.1-alpha.11576.0', 'message': 'no deps or dev-deps'}
{'statusCode': 0, 'package': '@energyweb/localization_0.12.1-alpha.11581.0', 'message': 'no deps or dev-deps'}
{'statusCode': 0, 'package': '@energyweb/localization_0.12.1-alpha.11588.0', 'message': 'no deps or dev-deps'}
{'statusCode': 0, 'package': '@energyweb/localization_0.12.1-alpha.11625.0', 'message': 'no deps or dev-deps'}
{'statusCode': 0, 'package': '@energyweb/localization_0.12.1-alpha.11640.0', 'message': 'no deps or dev-deps'}
{'statusCode': 0, 'package': '@energyweb/localization_0.12.1-alpha.11662.0', 'message': 'no deps or dev-deps'}
{'statusCode': 0, 'package': '@energyweb/localization_0.12.1-alpha.11678.0', 'message': 'no deps or dev-deps'}
{'statusCode': 0, 'package': '@energyweb/localization_0.12.1-alpha.11697.0', 'message': 'no deps or dev-deps'}
{'statusCode': 0, 'package': '@energyweb/localization_0.12.1-alpha.11702.0', 'message': 'no deps or dev-deps'}
{'statusCode': 0, 'package': '@energyweb/localization_0.12.1-alpha.11705.0', 'message': 'no deps or dev-deps'}
{'statusCode': 0, 'package': '@energyweb/localization_0.12.1-alpha.11708.0', 'message': 'no deps or dev-deps'}
{'statusCode': 0, 'package': '@energyweb/localization_0.12.1-alpha.11715.0', 'message': 'no deps or dev-deps'}
{'statusCode': 0, 'package': '@energyweb/localization_0.12.1-alpha.11720.0', 'message': 'no deps or dev-deps'}
{'statusCode': 0, 'package': '@energyweb/localization_0.12.1-alpha.11741.0', 'message': 'no deps or dev-deps'}
{'statusCode': 0, 'package': '@energyweb/localization_0.12.1-alpha.11746.0', 'message': 'no deps or dev-deps'}
{'statusCode': 0, 'package': '@energyweb/localization_0.12.1-alpha.11765.0', 'message': 'no deps or dev-deps'}
{'statusCode': 0, 'package': '@energyweb/localization_0.12.1-alpha.11766.0', 'message': 'no deps or dev-deps'}
{'statusCode': 0, 'package': '@energyweb/localization_0.12.1-alpha.11777.0', 'message': 'no deps or dev-deps'}
{'statusCode': 0, 'package': '@energyweb/localization_0.12.1-alpha.11782.0', 'message': 'no deps or dev-deps'}
{'statusCode': 0, 'package': '@energyweb/localization_0.12.1-alpha.11785.0', 'message': 'no deps or dev-deps'}
{'statusCode': 0, 'package': '@energyweb/localization_0.12.1-alpha.11802.0', 'message': 'no deps or dev-deps'}
{'statusCode': 0, 'package': '@energyweb/localization_0.12.1-alpha.11805.0', 'message': 'no deps or dev-deps'}
{'statusCode': 0, 'package': '@energyweb/localization_0.12.1-alpha.11826.0', 'message': 'no deps or dev-deps'}
{'statusCode': 0, 'package': '@energyweb/localization_0.12.1-alpha.11834.0', 'message': 'no deps or dev-deps'}
{'statusCode': 0, 'package': '@energyweb/localization_0.12.1-alpha.11838.0', 'message': 'no deps or dev-deps'}
{'statusCode': 0, 'package': '@energyweb/localization_0.12.1-alpha.11839.0', 'message': 'no deps or dev-deps'}
{'statusCode': 0, 'package': '@energyweb/localization_0.12.1-alpha.11844.0', 'message': 'no deps or dev-deps'}
{'statusCode': 0, 'package': '@energyweb/localization_0.12.1-alpha.11847.0', 'message': 'no deps or dev-deps'}
{'statusCode': 0, 'package': '@energyweb/localization_0.12.1-alpha.11852.0', 'message': 'no deps or dev-deps'}
{'statusCode': 0, 'package': '@energyweb/localization_0.12.1-alpha.11853.0', 'message': 'no deps or dev-deps'}
{'statusCode': 0, 'package': '@energyweb/localization_0.12.1-alpha.11889.0', 'message': 'no deps or dev-deps'}
{'statusCode': 0, 'package': '@energyweb/localization_0.12.1-alpha.11902.0', 'message': 'no deps or dev-deps'}
{'statusCode': 0, 'package': '@energyweb/localization_0.12.1-alpha.11907.0', 'message': 'no deps or dev-deps'}
{'statusCode': 0, 'package': '@energyweb/localization_0.12.1-alpha.11933.0', 'message': 'no deps or dev-deps'}
{'statusCode': 0, 'package': '@energyweb/localization_0.12.1-alpha.11940.0', 'message': 'no deps or dev-deps'}
{'statusCode': 0, 'package': '@energyweb/localization_0.12.1-alpha.11945.0', 'message': 'no deps or dev-deps'}
{'statusCode': 0, 'package': '@energyweb/localization_0.12.1-alpha.11951.0', 'message': 'no deps or dev-deps'}
{'statusCode': 0, 'package': '@energyweb/localization_0.12.1-alpha.11972.0', 'message': 'no deps or dev-deps'}
{'statusCode': 0, 'package': '@energyweb/localization_0.12.1-alpha.11982.0', 'message': 'no deps or dev-deps'}
{'statusCode': 0, 'package': '@energyweb/localization_0.12.1-alpha.11995.0', 'message': 'no deps or dev-deps'}
{'statusCode': 0, 'package': '@energyweb/localization_0.12.1-alpha.12000.0', 'message': 'no deps or dev-deps'}
{'statusCode': 0, 'package': '@energyweb/localization_0.12.1-alpha.12003.0', 'message': 'no deps or dev-deps'}
{'statusCode': 0, 'package': '@energyweb/localization_0.12.1-alpha.12009.0', 'message': 'no deps or dev-deps'}
{'statusCode': 0, 'package': '@energyweb/localization_0.12.1-alpha.12033.0', 'message': 'no deps or dev-deps'}
{'statusCode': 0, 'package': '@energyweb/localization_0.12.1-alpha.12043.0', 'message': 'no deps or dev-deps'}
{'statusCode': 0, 'package': '@energyweb/localization_0.12.1-alpha.12061.0', 'message': 'no deps or dev-deps'}
{'statusCode': 0, 'package': '@energyweb/localization_0.12.1-alpha.12069.0', 'message': 'no deps or dev-deps'}
{'statusCode': 0, 'package': '@energyweb/localization_0.12.1-alpha.12080.0', 'message': 'no deps or dev-deps'}
{'statusCode': 0, 'package': '@energyweb/localization_0.12.1-alpha.12091.0', 'message': 'no deps or dev-deps'}
{'statusCode': 0, 'package': '@energyweb/localization_0.12.1-alpha.12100.0', 'message': 'no deps or dev-deps'}
{'statusCode': 0, 'package': '@energyweb/localization_0.12.1-alpha.12103.0', 'message': 'no deps or dev-deps'}
{'statusCode': 0, 'package': '@energyweb/localization_0.12.1-alpha.12112.0', 'message': 'no deps or dev-deps'}
{'statusCode': 0, 'package': '@energyweb/localization_0.12.1-alpha.12129.0', 'message': 'no deps or dev-deps'}
{'statusCode': 0, 'package': '@energyweb/localization_0.12.1-alpha.12147.0', 'message': 'no deps or dev-deps'}
{'statusCode': 0, 'package': '@energyweb/localization_0.12.1-alpha.12177.0', 'message': 'no deps or dev-deps'}
{'statusCode': 0, 'package': '@energyweb/localization_0.12.1-alpha.12179.0', 'message': 'no deps or dev-deps'}
{'statusCode': 0, 'package': '@energyweb/localization_0.12.1-alpha.12202.0', 'message': 'no deps or dev-deps'}
{'statusCode': 0, 'package': '@energyweb/localization_0.12.1-alpha.12213.0', 'message': 'no deps or dev-deps'}
{'statusCode': 0, 'package': '@energyweb/localization_0.12.1-alpha.12222.0', 'message': 'no deps or dev-deps'}
{'statusCode': 0, 'package': '@energyweb/localization_0.12.1-alpha.12238.0', 'message': 'no deps or dev-deps'}
{'statusCode': 0, 'package': '@energyweb/localization_0.12.1-alpha.12247.0', 'message': 'no deps or dev-deps'}
{'statusCode': 0, 'package': '@energyweb/localization_0.12.1-alpha.12265.0', 'message': 'no deps or dev-deps'}
{'statusCode': 0, 'package': '@energyweb/localization_0.12.1-alpha.12305.0', 'message': 'no deps or dev-deps'}
{'statusCode': 0, 'package': '@energyweb/localization_0.12.1-alpha.12313.0', 'message': 'no deps or dev-deps'}
{'statusCode': 0, 'package': '@energyweb/localization_0.12.1-alpha.12330.0', 'message': 'no deps or dev-deps'}
{'statusCode': 0, 'package': '@energyweb/localization_0.12.1-alpha.12337.0', 'message': 'no deps or dev-deps'}
{'statusCode': 0, 'package': '@energyweb/localization_0.12.1-alpha.12349.0', 'message': 'no deps or dev-deps'}
{'statusCode': 0, 'package': '@energyweb/localization_0.12.1-alpha.12362.0', 'message': 'no deps or dev-deps'}
{'statusCode': 0, 'package': '@energyweb/localization_0.12.1-alpha.12376.0', 'message': 'no deps or dev-deps'}
{'statusCode': 0, 'package': '@energyweb/localization_0.12.1-alpha.12385.0', 'message': 'no deps or dev-deps'}
{'statusCode': 0, 'package': '@energyweb/localization_0.12.1-alpha.12388.0', 'message': 'no deps or dev-deps'}
{'statusCode': 0, 'package': '@energyweb/localization_0.12.1-alpha.12389.0', 'message': 'no deps or dev-deps'}
{'statusCode': 0, 'package': '@energyweb/localization_0.12.1-alpha.12392.0', 'message': 'no deps or dev-deps'}
{'statusCode': 0, 'package': '@energyweb/localization_0.12.1-alpha.12394.0', 'message': 'no deps or dev-deps'}
{'statusCode': 0, 'package': '@energyweb/localization_0.12.1-alpha.12403.0', 'message': 'no deps or dev-deps'}
{'statusCode': 0, 'package': '@energyweb/localization_0.12.1-alpha.12410.0', 'message': 'no deps or dev-deps'}
{'statusCode': 0, 'package': '@energyweb/localization_0.13.0', 'message': 'no deps or dev-deps'}
{'statusCode': 0, 'package': '@energyweb/localization_0.13.1-alpha.12415.0', 'message': 'no deps or dev-deps'}
{'statusCode': 0, 'package': '@energyweb/localization_0.13.1-alpha.12439.0', 'message': 'no deps or dev-deps'}
{'statusCode': 0, 'package': '@energyweb/localization_0.13.1-alpha.12462.0', 'message': 'no deps or dev-deps'}
{'statusCode': 0, 'package': '@energyweb/localization_0.13.1-alpha.12486.0', 'message': 'no deps or dev-deps'}
{'statusCode': 0, 'package': '@energyweb/localization_0.13.1-alpha.12512.0', 'message': 'no deps or dev-deps'}
{'statusCode': 0, 'package': '@energyweb/localization_0.13.1-alpha.12539.0', 'message': 'no deps or dev-deps'}
{'statusCode': 0, 'package': '@energyweb/localization_0.13.1-alpha.12567.0', 'message': 'no deps or dev-deps'}
{'statusCode': 0, 'package': '@energyweb/localization_0.13.1-alpha.12597.0', 'message': 'no deps or dev-deps'}
{'statusCode': 0, 'package': '@energyweb/localization_0.13.1-alpha.12626.0', 'message': 'no deps or dev-deps'}
{'statusCode': 0, 'package': '@energyweb/localization_0.13.1-alpha.12655.0', 'message': 'no deps or dev-deps'}
{'statusCode': 0, 'package': '@energyweb/localization_0.13.1-alpha.12680.0', 'message': 'no deps or dev-deps'}
{'statusCode': 0, 'package': '@energyweb/localization_0.13.1-alpha.12703.0', 'message': 'no deps or dev-deps'}
{'statusCode': 0, 'package': '@energyweb/localization_0.13.1-alpha.12724.0', 'message': 'no deps or dev-deps'}
{'statusCode': 0, 'package': '@energyweb/localization_0.13.1-alpha.12743.0', 'message': 'no deps or dev-deps'}
{'statusCode': 0, 'package': '@energyweb/localization_0.13.1-alpha.12760.0', 'message': 'no deps or dev-deps'}
{'statusCode': 0, 'package': '@energyweb/localization_0.13.1-alpha.12774.0', 'message': 'no deps or dev-deps'}
{'statusCode': 0, 'package': '@energyweb/localization_0.13.1-alpha.12789.0', 'message': 'no deps or dev-deps'}
{'statusCode': 0, 'package': '@energyweb/localization_0.13.1-alpha.12802.0', 'message': 'no deps or dev-deps'}
{'statusCode': 0, 'package': '@energyweb/localization_0.13.1-alpha.12813.0', 'message': 'no deps or dev-deps'}
{'statusCode': 0, 'package': '@energyweb/localization_0.13.1-alpha.12828.0', 'message': 'no deps or dev-deps'}
{'statusCode': 0, 'package': '@energyweb/localization_0.13.1-alpha.12841.0', 'message': 'no deps or dev-deps'}
{'statusCode': 0, 'package': '@energyweb/localization_0.13.1-alpha.12852.0', 'message': 'no deps or dev-deps'}
{'statusCode': 0, 'package': '@energyweb/localization_0.13.1-alpha.12889.0', 'message': 'no deps or dev-deps'}
{'statusCode': 0, 'package': '@energyweb/localization_0.13.1-alpha.12906.0', 'message': 'no deps or dev-deps'}
{'statusCode': 0, 'package': '@energyweb/localization_0.13.1-alpha.12922.0', 'message': 'no deps or dev-deps'}
{'statusCode': 0, 'package': '@energyweb/localization_0.13.1-alpha.12936.0', 'message': 'no deps or dev-deps'}
{'statusCode': 0, 'package': '@energyweb/localization_0.13.1-alpha.12949.0', 'message': 'no deps or dev-deps'}
{'statusCode': 0, 'package': '@energyweb/localization_0.13.1-alpha.12959.0', 'message': 'no deps or dev-deps'}
{'statusCode': 0, 'package': '@energyweb/localization_0.13.1-alpha.12975.0', 'message': 'no deps or dev-deps'}
{'statusCode': 0, 'package': '@energyweb/localization_0.13.1-alpha.13001.0', 'message': 'no deps or dev-deps'}
{'statusCode': 0, 'package': '@energyweb/localization_0.13.1-alpha.13024.0', 'message': 'no deps or dev-deps'}
{'statusCode': 0, 'package': '@energyweb/localization_0.13.1-alpha.13050.0', 'message': 'no deps or dev-deps'}
{'statusCode': 0, 'package': '@energyweb/localization_0.13.1-alpha.13077.0', 'message': 'no deps or dev-deps'}
{'statusCode': 0, 'package': '@energyweb/localization_0.13.1-alpha.13105.0', 'message': 'no deps or dev-deps'}
{'statusCode': 0, 'package': '@energyweb/localization_0.13.1-alpha.13134.0', 'message': 'no deps or dev-deps'}
{'statusCode': 0, 'package': '@energyweb/localization_0.13.1-alpha.13163.0', 'message': 'no deps or dev-deps'}
{'statusCode': 0, 'package': '@energyweb/localization_0.13.1-alpha.13191.0', 'message': 'no deps or dev-deps'}
{'statusCode': 0, 'package': '@energyweb/localization_0.13.1-alpha.13217.0', 'message': 'no deps or dev-deps'}
{'statusCode': 0, 'package': '@energyweb/localization_0.13.1-alpha.13240.0', 'message': 'no deps or dev-deps'}
{'statusCode': 0, 'package': '@energyweb/localization_0.13.1-alpha.13263.0', 'message': 'no deps or dev-deps'}
{'statusCode': 0, 'package': '@energyweb/localization_0.13.1-alpha.13284.0', 'message': 'no deps or dev-deps'}
{'statusCode': 0, 'package': '@energyweb/localization_0.13.1-alpha.13303.0', 'message': 'no deps or dev-deps'}
{'statusCode': 0, 'package': '@energyweb/localization_0.13.1-alpha.13320.0', 'message': 'no deps or dev-deps'}
{'statusCode': 0, 'package': '@energyweb/localization_0.13.1-alpha.13335.0', 'message': 'no deps or dev-deps'}
{'statusCode': 0, 'package': '@energyweb/localization_0.13.1-alpha.13350.0', 'message': 'no deps or dev-deps'}
{'statusCode': 0, 'package': '@energyweb/localization_0.13.1-alpha.13361.0', 'message': 'no deps or dev-deps'}
{'statusCode': 0, 'package': '@energyweb/localization_0.13.1-alpha.13378.0', 'message': 'no deps or dev-deps'}
{'statusCode': 0, 'package': '@energyweb/localization_0.13.1-alpha.13398.0', 'message': 'no deps or dev-deps'}
{'statusCode': 0, 'package': '@energyweb/localization_0.13.1-alpha.13410.0', 'message': 'no deps or dev-deps'}
{'statusCode': 0, 'package': '@energyweb/localization_0.13.1-alpha.13419.0', 'message': 'no deps or dev-deps'}
{'statusCode': 0, 'package': '@energyweb/localization_0.13.1-alpha.run5.0', 'message': 'no deps or dev-deps'}
{'statusCode': 0, 'package': '@energyweb/localization_0.13.1-alpha.1614177077.0', 'message': 'no deps or dev-deps'}
{'statusCode': 0, 'package': '@energyweb/localization_0.13.1-alpha.1614247857.0', 'message': 'no deps or dev-deps'}
{'statusCode': 0, 'package': '@energyweb/localization_0.13.1-alpha.1614250414.0', 'message': 'no deps or dev-deps'}
{'statusCode': 0, 'package': '@energyweb/localization_0.13.1-alpha.1614256614.0', 'message': 'no deps or dev-deps'}
{'statusCode': 0, 'package': '@energyweb/localization_0.13.1-alpha.1614334093.0', 'message': 'no deps or dev-deps'}
{'statusCode': 0, 'package': '@energyweb/localization_0.13.1-alpha.1614394992.0', 'message': 'no deps or dev-deps'}
{'statusCode': 0, 'package': '@energyweb/localization_0.13.1-alpha.1614399731.0', 'message': 'no deps or dev-deps'}
{'statusCode': 0, 'package': '@energyweb/localization_0.13.1-alpha.1614414273.0', 'message': 'no deps or dev-deps'}
{'statusCode': 0, 'package': '@energyweb/localization_0.13.1-alpha.1614421250.0', 'message': 'no deps or dev-deps'}
{'statusCode': 0, 'package': '@energyweb/localization_0.13.1-alpha.1614425483.0', 'message': 'no deps or dev-deps'}
{'statusCode': 0, 'package': '@energyweb/localization_0.13.1-alpha.1614429351.0', 'message': 'no deps or dev-deps'}
{'statusCode': 0, 'package': '@energyweb/localization_0.13.1-alpha.1614432717.0', 'message': 'no deps or dev-deps'}
{'statusCode': 0, 'package': '@energyweb/localization_0.13.1-alpha.1614438249.0', 'message': 'no deps or dev-deps'}
{'statusCode': 0, 'package': '@energyweb/localization_0.13.1-alpha.1614441559.0', 'message': 'no deps or dev-deps'}
{'statusCode': 0, 'package': '@energyweb/localization_0.13.1-alpha.1614445444.0', 'message': 'no deps or dev-deps'}
{'statusCode': 0, 'package': '@energyweb/localization_0.13.1-alpha.1614447450.0', 'message': 'no deps or dev-deps'}
{'statusCode': 0, 'package': '@energyweb/localization_0.13.1-alpha.1614451045.0', 'message': 'no deps or dev-deps'}
{'statusCode': 0, 'package': '@energyweb/localization_0.13.1-alpha.1614456300.0', 'message': 'no deps or dev-deps'}
{'statusCode': 0, 'package': '@energyweb/localization_0.13.1-alpha.1614460846.0', 'message': 'no deps or dev-deps'}
{'statusCode': 0, 'package': '@energyweb/localization_0.13.1-alpha.1614467368.0', 'message': 'no deps or dev-deps'}
{'statusCode': 0, 'package': '@energyweb/localization_0.13.1-alpha.1614473654.0', 'message': 'no deps or dev-deps'}
{'statusCode': 0, 'package': '@energyweb/localization_0.13.1-alpha.1614480351.0', 'message': 'no deps or dev-deps'}
{'statusCode': 0, 'package': '@energyweb/localization_0.13.1-alpha.1614484730.0', 'message': 'no deps or dev-deps'}
{'statusCode': 0, 'package': '@energyweb/localization_0.13.1-alpha.1614505253.0', 'message': 'no deps or dev-deps'}
{'statusCode': 0, 'package': '@energyweb/localization_0.13.1-alpha.1614586578.0', 'message': 'no deps or dev-deps'}
{'statusCode': 0, 'package': '@energyweb/localization_0.13.1-alpha.1614678496.0', 'message': 'no deps or dev-deps'}
{'statusCode': 0, 'package': '@energyweb/localization_0.13.1-alpha.1614696513.0', 'message': 'no deps or dev-deps'}
{'statusCode': 0, 'package': '@energyweb/localization_0.13.1-alpha.1614754787.0', 'message': 'no deps or dev-deps'}
{'statusCode': 0, 'package': '@energyweb/localization_0.13.1-alpha.1614762960.0', 'message': 'no deps or dev-deps'}
{'statusCode': 0, 'package': '@energyweb/localization_0.13.1-alpha.1614769373.0', 'message': 'no deps or dev-deps'}
{'statusCode': 0, 'package': '@energyweb/localization_0.13.1-alpha.1614796457.0', 'message': 'no deps or dev-deps'}
{'statusCode': 0, 'package': '@energyweb/localization_0.13.1-alpha.1614807180.0', 'message': 'no deps or dev-deps'}
{'statusCode': 0, 'package': '@energyweb/localization_0.13.1-alpha.1614846632.0', 'message': 'no deps or dev-deps'}
{'statusCode': 0, 'package': '@energyweb/localization_0.13.1-alpha.1614853934.0', 'message': 'no deps or dev-deps'}
{'statusCode': 0, 'package': '@energyweb/localization_0.13.1-alpha.1614872469.0', 'message': 'no deps or dev-deps'}
{'statusCode': 0, 'package': '@energyweb/localization_0.13.1-alpha.1614940330.0', 'message': 'no deps or dev-deps'}
{'statusCode': 0, 'package': '@energyweb/localization_0.13.1-alpha.1615000967.0', 'message': 'no deps or dev-deps'}
{'statusCode': 0, 'package': '@energyweb/localization_0.13.1-alpha.1615009323.0', 'message': 'no deps or dev-deps'}
{'statusCode': 0, 'package': '@energyweb/localization_0.13.1-alpha.1615022514.0', 'message': 'no deps or dev-deps'}
{'statusCode': 0, 'package': '@energyweb/localization_0.13.1-alpha.1615031418.0', 'message': 'no deps or dev-deps'}
{'statusCode': 0, 'package': '@energyweb/localization_0.13.1-alpha.1615035823.0', 'message': 'no deps or dev-deps'}
{'statusCode': 0, 'package': '@energyweb/localization_0.13.1-alpha.1615040875.0', 'message': 'no deps or dev-deps'}
{'statusCode': 0, 'package': '@energyweb/localization_0.13.1-alpha.1615049775.0', 'message': 'no deps or dev-deps'}
{'statusCode': 0, 'package': '@energyweb/localization_0.13.1-alpha.1615058028.0', 'message': 'no deps or dev-deps'}
{'statusCode': 0, 'package': '@energyweb/localization_0.13.1-alpha.1615066487.0', 'message': 'no deps or dev-deps'}
{'statusCode': 0, 'package': '@energyweb/localization_0.13.1-alpha.1615075473.0', 'message': 'no deps or dev-deps'}
{'statusCode': 0, 'package': '@energyweb/localization_0.13.1-alpha.1615081588.0', 'message': 'no deps or dev-deps'}
{'statusCode': 0, 'package': '@energyweb/localization_0.13.1-alpha.1615088220.0', 'message': 'no deps or dev-deps'}
{'statusCode': 0, 'package': '@energyweb/localization_0.13.1-alpha.1615096656.0', 'message': 'no deps or dev-deps'}
{'statusCode': 0, 'package': '@energyweb/localization_0.13.1-alpha.1615106057.0', 'message': 'no deps or dev-deps'}
{'statusCode': 0, 'package': '@energyweb/localization_0.13.1-alpha.1615128697.0', 'message': 'no deps or dev-deps'}
{'statusCode': 0, 'package': '@energyweb/localization_0.13.1-alpha.1615134610.0', 'message': 'no deps or dev-deps'}
{'statusCode': 0, 'package': '@energyweb/localization_0.13.1-alpha.1615148139.0', 'message': 'no deps or dev-deps'}
{'statusCode': 0, 'package': '@energyweb/localization_0.13.1-alpha.1615153627.0', 'message': 'no deps or dev-deps'}
{'statusCode': 0, 'package': '@energyweb/localization_0.13.1-alpha.1615210318.0', 'message': 'no deps or dev-deps'}
{'statusCode': 0, 'package': '@energyweb/localization_0.13.1-alpha.1615223959.0', 'message': 'no deps or dev-deps'}
{'statusCode': 0, 'package': '@energyweb/localization_0.13.1-alpha.1615227897.0', 'message': 'no deps or dev-deps'}
{'statusCode': 0, 'package': '@energyweb/localization_0.13.1-alpha.1615316029.0', 'message': 'no deps or dev-deps'}
{'statusCode': 0, 'package': '@energyweb/localization_0.13.1-alpha.1615404449.0', 'message': 'no deps or dev-deps'}
{'statusCode': 0, 'package': '@energyweb/localization_0.13.1-alpha.1615457332.0', 'message': 'no deps or dev-deps'}
{'statusCode': 0, 'package': '@energyweb/localization_0.13.1-alpha.1615464475.0', 'message': 'no deps or dev-deps'}
{'statusCode': 0, 'package': '@energyweb/localization_0.13.1-alpha.1615471175.0', 'message': 'no deps or dev-deps'}
{'statusCode': 0, 'package': '@energyweb/localization_0.13.1-alpha.1615605482.0', 'message': 'no deps or dev-deps'}
{'statusCode': 0, 'package': '@energyweb/localization_0.13.1-alpha.1615617271.0', 'message': 'no deps or dev-deps'}
{'statusCode': 0, 'package': '@energyweb/localization_0.13.1-alpha.1615626786.0', 'message': 'no deps or dev-deps'}
{'statusCode': 0, 'package': '@energyweb/localization_0.13.1-alpha.1615634831.0', 'message': 'no deps or dev-deps'}
{'statusCode': 0, 'package': '@energyweb/localization_0.13.1-alpha.1615642128.0', 'message': 'no deps or dev-deps'}
{'statusCode': 0, 'package': '@energyweb/localization_0.13.1-alpha.1615650765.0', 'message': 'no deps or dev-deps'}
{'statusCode': 0, 'package': '@energyweb/localization_0.13.1-alpha.1615655248.0', 'message': 'no deps or dev-deps'}
{'statusCode': 0, 'package': '@energyweb/localization_0.13.1-alpha.1615659448.0', 'message': 'no deps or dev-deps'}
{'statusCode': 0, 'package': '@energyweb/localization_0.13.1-alpha.1615667082.0', 'message': 'no deps or dev-deps'}
{'statusCode': 0, 'package': '@energyweb/localization_0.13.1-alpha.1615676457.0', 'message': 'no deps or dev-deps'}
{'statusCode': 0, 'package': '@energyweb/localization_0.13.1-alpha.1615682494.0', 'message': 'no deps or dev-deps'}
{'statusCode': 0, 'package': '@energyweb/localization_0.13.1-alpha.1615688950.0', 'message': 'no deps or dev-deps'}
{'statusCode': 0, 'package': '@energyweb/localization_0.13.1-alpha.1615696525.0', 'message': 'no deps or dev-deps'}
{'statusCode': 0, 'package': '@energyweb/localization_0.13.1-alpha.1615714247.0', 'message': 'no deps or dev-deps'}
{'statusCode': 0, 'package': '@energyweb/localization_0.13.1-alpha.1615723150.0', 'message': 'no deps or dev-deps'}
{'statusCode': 0, 'package': '@energyweb/localization_0.13.1-alpha.1615727779.0', 'message': 'no deps or dev-deps'}
{'statusCode': 0, 'package': '@energyweb/localization_0.13.1-alpha.1615736131.0', 'message': 'no deps or dev-deps'}
{'statusCode': 0, 'package': '@energyweb/localization_0.13.1-alpha.1615742997.0', 'message': 'no deps or dev-deps'}
{'statusCode': 0, 'package': '@energyweb/localization_0.13.1-alpha.1615749869.0', 'message': 'no deps or dev-deps'}
{'statusCode': 0, 'package': '@energyweb/localization_0.13.1-alpha.1615760419.0', 'message': 'no deps or dev-deps'}
{'statusCode': 0, 'package': '@energyweb/localization_0.13.1-alpha.1615769524.0', 'message': 'no deps or dev-deps'}
{'statusCode': 0, 'package': '@energyweb/localization_0.13.1-alpha.1615777085.0', 'message': 'no deps or dev-deps'}
{'statusCode': 0, 'package': '@energyweb/localization_0.13.1-alpha.1615784077.0', 'message': 'no deps or dev-deps'}
{'statusCode': 0, 'package': '@energyweb/localization_0.13.1-alpha.1615792454.0', 'message': 'no deps or dev-deps'}
{'statusCode': 0, 'package': '@energyweb/localization_0.13.1-alpha.1615803094.0', 'message': 'no deps or dev-deps'}
{'statusCode': 0, 'package': '@energyweb/localization_0.13.1-alpha.1615812452.0', 'message': 'no deps or dev-deps'}
{'statusCode': 0, 'package': '@energyweb/localization_0.13.1-alpha.1615815645.0', 'message': 'no deps or dev-deps'}
{'statusCode': 0, 'package': '@energyweb/localization_0.13.1-alpha.1615817314.0', 'message': 'no deps or dev-deps'}
{'statusCode': 0, 'package': '@energyweb/localization_0.13.1-alpha.1615830332.0', 'message': 'no deps or dev-deps'}
{'statusCode': 0, 'package': '@energyweb/localization_0.13.1-alpha.1615906536.0', 'message': 'no deps or dev-deps'}
{'statusCode': 0, 'package': '@energyweb/localization_0.13.1-alpha.1615992217.0', 'message': 'no deps or dev-deps'}
{'statusCode': 0, 'package': '@energyweb/localization_0.13.1-alpha.1616078864.0', 'message': 'no deps or dev-deps'}
{'statusCode': 0, 'package': '@energyweb/localization_0.13.1-alpha.1616081917.0', 'message': 'no deps or dev-deps'}
{'statusCode': 0, 'package': '@energyweb/localization_0.13.1-alpha.1616089562.0', 'message': 'no deps or dev-deps'}
{'statusCode': 0, 'package': '@energyweb/localization_0.13.1-alpha.1616151730.0', 'message': 'no deps or dev-deps'}
{'statusCode': 0, 'package': '@energyweb/localization_0.13.1-alpha.1616156720.0', 'message': 'no deps or dev-deps'}
{'statusCode': 0, 'package': '@energyweb/localization_0.13.1-alpha.1616208888.0', 'message': 'no deps or dev-deps'}
{'statusCode': 0, 'package': '@energyweb/localization_0.13.1-alpha.1616214242.0', 'message': 'no deps or dev-deps'}
{'statusCode': 0, 'package': '@energyweb/localization_0.13.1-alpha.1616230912.0', 'message': 'no deps or dev-deps'}
{'statusCode': 0, 'package': '@energyweb/localization_0.13.1-alpha.1616234561.0', 'message': 'no deps or dev-deps'}
{'statusCode': 0, 'package': '@energyweb/localization_0.13.1-alpha.1616237909.0', 'message': 'no deps or dev-deps'}
{'statusCode': 0, 'package': '@energyweb/localization_0.13.1-alpha.1616242094.0', 'message': 'no deps or dev-deps'}
{'statusCode': 0, 'package': '@energyweb/localization_0.13.1-alpha.1616246159.0', 'message': 'no deps or dev-deps'}
{'statusCode': 0, 'package': '@energyweb/localization_0.13.1-alpha.1616255628.0', 'message': 'no deps or dev-deps'}
{'statusCode': 0, 'package': '@energyweb/localization_0.13.1-alpha.1616261894.0', 'message': 'no deps or dev-deps'}
{'statusCode': 0, 'package': '@energyweb/localization_0.13.1-alpha.1616270728.0', 'message': 'no deps or dev-deps'}
{'statusCode': 0, 'package': '@energyweb/localization_0.13.1-alpha.1616275164.0', 'message': 'no deps or dev-deps'}
{'statusCode': 0, 'package': '@energyweb/localization_0.13.1-alpha.1616280044.0', 'message': 'no deps or dev-deps'}
{'statusCode': 0, 'package': '@energyweb/localization_0.13.1-alpha.1616284362.0', 'message': 'no deps or dev-deps'}
{'statusCode': 0, 'package': '@energyweb/localization_0.13.1-alpha.1616289290.0', 'message': 'no deps or dev-deps'}
{'statusCode': 0, 'package': '@energyweb/localization_0.13.1-alpha.1616398974.0', 'message': 'no deps or dev-deps'}
{'statusCode': 0, 'package': '@energyweb/localization_0.13.1-alpha.1616494791.0', 'message': 'no deps or dev-deps'}
{'statusCode': 0, 'package': '@energyweb/localization_0.14.0', 'message': 'no deps or dev-deps'}
{'statusCode': 0, 'package': '@energyweb/localization_0.14.1-alpha.1616506929.0', 'message': 'no deps or dev-deps'}
{'statusCode': 0, 'package': '@energyweb/localization_0.14.1-alpha.1616510944.0', 'message': 'no deps or dev-deps'}
{'statusCode': 0, 'package': '@energyweb/localization_0.14.1-alpha.1616512712.0', 'message': 'no deps or dev-deps'}
{'statusCode': 0, 'package': '@energyweb/localization_0.14.1-alpha.1616569951.0', 'message': 'no deps or dev-deps'}
{'statusCode': 0, 'package': '@energyweb/localization_0.14.1-alpha.1616571401.0', 'message': 'no deps or dev-deps'}
{'statusCode': 0, 'package': '@energyweb/localization_0.14.1-alpha.1616575982.0', 'message': 'no deps or dev-deps'}
{'statusCode': 0, 'package': '@energyweb/localization_0.14.1-alpha.1616591240.0', 'message': 'no deps or dev-deps'}
{'statusCode': 0, 'package': '@energyweb/localization_0.14.1-alpha.1616687405.0', 'message': 'no deps or dev-deps'}
{'statusCode': 0, 'package': '@energyweb/localization_0.14.1-alpha.1616690130.0', 'message': 'no deps or dev-deps'}
{'statusCode': 0, 'package': '@energyweb/localization_0.14.1-alpha.1616746569.0', 'message': 'no deps or dev-deps'}
{'statusCode': 0, 'package': '@energyweb/localization_0.14.1-alpha.1616755491.0', 'message': 'no deps or dev-deps'}
{'statusCode': 0, 'package': 'interactjs_1.2.7', 'message': 'no deps or dev-deps'}
{'statusCode': 0, 'package': 'interactjs_1.2.8', 'message': 'no deps or dev-deps'}
{'statusCode': 0, 'package': '@knapsack/browserslist-config_3.26.4-canary.706.725cded.0', 'message': 'no deps or dev-deps'}
{'statusCode': 0, 'package': '@knapsack/browserslist-config_3.27.0-canary.720.a190d45.0', 'message': 'no deps or dev-deps'}
{'statusCode': 0, 'package': '@knapsack/browserslist-config_3.26.4-canary.9b68951.0', 'message': 'no deps or dev-deps'}
{'statusCode': 0, 'package': '@knapsack/browserslist-config_3.26.9-canary.4653419.0', 'message': 'no deps or dev-deps'}
{'statusCode': 0, 'package': '@knapsack/browserslist-config_3.27.0-canary.720.1b22e71.0', 'message': 'no deps or dev-deps'}
{'statusCode': 0, 'package': '@knapsack/browserslist-config_3.26.10-canary.736.8c7dff2.0', 'message': 'no deps or dev-deps'}
{'statusCode': 0, 'package': '@knapsack/browserslist-config_3.26.10-canary.07d7295.0', 'message': 'no deps or dev-deps'}
{'statusCode': 0, 'package': '@knapsack/browserslist-config_3.26.10', 'message': 'no deps or dev-deps'}
{'statusCode': 0, 'package': '@knapsack/browserslist-config_3.26.11', 'message': 'no deps or dev-deps'}
{'statusCode': 0, 'package': '@knapsack/browserslist-config_3.26.10-canary.737.a62e478.0', 'message': 'no deps or dev-deps'}
{'statusCode': 0, 'package': '@knapsack/browserslist-config_3.26.10-canary.738.ded9608.0', 'message': 'no deps or dev-deps'}
{'statusCode': 0, 'package': '@knapsack/browserslist-config_3.26.10-canary.738.396bfc2.0', 'message': 'no deps or dev-deps'}
{'statusCode': 0, 'package': '@knapsack/browserslist-config_3.27.1', 'message': 'no deps or dev-deps'}
{'statusCode': 0, 'package': '@knapsack/browserslist-config_3.27.2-canary.f9a3355.0', 'message': 'no deps or dev-deps'}
{'statusCode': 0, 'package': '@knapsack/browserslist-config_3.27.2-canary.739.712c395.0', 'message': 'no deps or dev-deps'}
{'statusCode': 0, 'package': '@knapsack/browserslist-config_3.28.0-canary.740.5c5aa4c.0', 'message': 'no deps or dev-deps'}
{'statusCode': 0, 'package': '@knapsack/browserslist-config_3.28.0-canary.740.832bac7.0', 'message': 'no deps or dev-deps'}
{'statusCode': 0, 'package': '@knapsack/browserslist-config_3.28.0-canary.740.9e41c40.0', 'message': 'no deps or dev-deps'}
{'statusCode': 0, 'package': '@knapsack/browserslist-config_3.28.0-canary.740.4742581.0', 'message': 'no deps or dev-deps'}
{'statusCode': 0, 'package': '@knapsack/browserslist-config_3.27.2-canary.743.bd4857c.0', 'message': 'no deps or dev-deps'}
{'statusCode': 0, 'package': '@knapsack/browserslist-config_3.27.2-canary.742.618582d.0', 'message': 'no deps or dev-deps'}
{'statusCode': 0, 'package': '@knapsack/browserslist-config_3.27.2', 'message': 'no deps or dev-deps'}
{'statusCode': 0, 'package': '@knapsack/browserslist-config_3.27.3-canary.31091c7.0', 'message': 'no deps or dev-deps'}
{'statusCode': 0, 'package': '@knapsack/browserslist-config_3.28.0-canary.746.7c39a49.0', 'message': 'no deps or dev-deps'}
{'statusCode': 0, 'package': '@knapsack/browserslist-config_3.28.0-canary.746.dc2908f.0', 'message': 'no deps or dev-deps'}
{'statusCode': 0, 'package': '@knapsack/browserslist-config_3.28.0', 'message': 'no deps or dev-deps'}
{'statusCode': 0, 'package': '@knapsack/browserslist-config_3.28.1-canary.acb7789.0', 'message': 'no deps or dev-deps'}
{'statusCode': 0, 'package': '@knapsack/browserslist-config_3.29.0-canary.747.a54bd6d.0', 'message': 'no deps or dev-deps'}
{'statusCode': 0, 'package': '@knapsack/browserslist-config_3.29.0-canary.747.a215857.0', 'message': 'no deps or dev-deps'}
{'statusCode': 0, 'package': '@knapsack/browserslist-config_3.28.1-canary.748.f8dd638.0', 'message': 'no deps or dev-deps'}
{'statusCode': 0, 'package': '@knapsack/browserslist-config_3.28.1-canary.748.6fd57af.0', 'message': 'no deps or dev-deps'}
{'statusCode': 0, 'package': '@knapsack/browserslist-config_3.28.1-canary.749.ce7f310.0', 'message': 'no deps or dev-deps'}
{'statusCode': 0, 'package': '@knapsack/browserslist-config_3.28.1-canary.749.4c3c113.0', 'message': 'no deps or dev-deps'}
{'statusCode': 0, 'package': '@knapsack/browserslist-config_3.29.0-canary.749.8f96d79.0', 'message': 'no deps or dev-deps'}
{'statusCode': 0, 'package': '@knapsack/browserslist-config_3.28.1-canary.750.1fad521.0', 'message': 'no deps or dev-deps'}
{'statusCode': 0, 'package': '@knapsack/browserslist-config_3.28.1', 'message': 'no deps or dev-deps'}
{'statusCode': 0, 'package': '@knapsack/browserslist-config_3.28.2-canary.66f91f4.0', 'message': 'no deps or dev-deps'}
{'statusCode': 0, 'package': '@knapsack/browserslist-config_3.28.2-canary.606dc6d.0', 'message': 'no deps or dev-deps'}
{'statusCode': 0, 'package': '@knapsack/browserslist-config_3.28.2-canary.752.33552c8.0', 'message': 'no deps or dev-deps'}
{'statusCode': 0, 'package': '@knapsack/browserslist-config_3.28.2-canary.751.3ab0297.0', 'message': 'no deps or dev-deps'}
{'statusCode': 0, 'package': '@knapsack/browserslist-config_3.28.2-canary.751.fd2bdbf.0', 'message': 'no deps or dev-deps'}
{'statusCode': 0, 'package': '@knapsack/browserslist-config_3.28.2-canary.751.90a4209.0', 'message': 'no deps or dev-deps'}
{'statusCode': 0, 'package': '@knapsack/browserslist-config_3.28.2-canary.751.3f691bd.0', 'message': 'no deps or dev-deps'}
{'statusCode': 0, 'package': '@knapsack/browserslist-config_3.28.2', 'message': 'no deps or dev-deps'}
{'statusCode': 0, 'package': '@knapsack/browserslist-config_3.28.3-canary.2400259.0', 'message': 'no deps or dev-deps'}
{'statusCode': 0, 'package': '@knapsack/browserslist-config_3.29.0-canary.747.d718cb9.0', 'message': 'no deps or dev-deps'}
{'statusCode': 0, 'package': '@knapsack/browserslist-config_3.29.0-canary.747.b88e849.0', 'message': 'no deps or dev-deps'}
{'statusCode': 0, 'package': '@knapsack/browserslist-config_3.28.3-canary.5c6e0e4.0', 'message': 'no deps or dev-deps'}
{'statusCode': 0, 'package': '@knapsack/browserslist-config_3.28.3-canary.757.50a1b31.0', 'message': 'no deps or dev-deps'}
{'statusCode': 0, 'package': '@knapsack/browserslist-config_3.29.0-canary.755.135342b.0', 'message': 'no deps or dev-deps'}
{'statusCode': 0, 'package': '@knapsack/browserslist-config_3.28.3-canary.759.8b82ba4.0', 'message': 'no deps or dev-deps'}
{'statusCode': 0, 'package': '@knapsack/browserslist-config_3.28.3-canary.759.5351939.0', 'message': 'no deps or dev-deps'}
{'statusCode': 0, 'package': '@knapsack/browserslist-config_3.28.3', 'message': 'no deps or dev-deps'}
{'statusCode': 0, 'package': '@knapsack/browserslist-config_3.28.3-canary.761.b1517ba.0', 'message': 'no deps or dev-deps'}
{'statusCode': 0, 'package': '@knapsack/browserslist-config_3.28.4-canary.761.b1517ba.0', 'message': 'no deps or dev-deps'}
{'statusCode': 0, 'package': '@knapsack/browserslist-config_3.28.4-canary.762.0fb8f21.0', 'message': 'no deps or dev-deps'}
{'statusCode': 0, 'package': '@knapsack/browserslist-config_3.28.4-canary.763.db47073.0', 'message': 'no deps or dev-deps'}
{'statusCode': 0, 'package': '@knapsack/browserslist-config_3.28.4', 'message': 'no deps or dev-deps'}
{'statusCode': 0, 'package': '@knapsack/browserslist-config_3.28.5-canary.ff7f53d.0', 'message': 'no deps or dev-deps'}
{'statusCode': 0, 'package': '@knapsack/browserslist-config_3.28.5-canary.767.8b8b509.0', 'message': 'no deps or dev-deps'}
{'statusCode': 0, 'package': '@knapsack/browserslist-config_3.28.5-canary.765.9a159d0.0', 'message': 'no deps or dev-deps'}
{'statusCode': 0, 'package': '@knapsack/browserslist-config_3.28.5-canary.765.c3fe996.0', 'message': 'no deps or dev-deps'}
{'statusCode': 0, 'package': '@knapsack/browserslist-config_3.28.5-canary.757.7c4c1fe.0', 'message': 'no deps or dev-deps'}
{'statusCode': 0, 'package': '@knapsack/browserslist-config_3.28.5-canary.757.96c7f3d.0', 'message': 'no deps or dev-deps'}
{'statusCode': 0, 'package': '@knapsack/browserslist-config_3.28.5-canary.757.7b5f7dc.0', 'message': 'no deps or dev-deps'}
{'statusCode': 0, 'package': '@knapsack/browserslist-config_3.28.5-canary.757.caf3daf.0', 'message': 'no deps or dev-deps'}
{'statusCode': 0, 'package': '@knapsack/browserslist-config_3.28.5-canary.757.f0d677e.0', 'message': 'no deps or dev-deps'}
{'statusCode': 0, 'package': '@knapsack/browserslist-config_3.28.5-canary.757.debd2e7.0', 'message': 'no deps or dev-deps'}
{'statusCode': 0, 'package': '@knapsack/browserslist-config_3.29.0-canary.761.d926868.0', 'message': 'no deps or dev-deps'}
{'statusCode': 0, 'package': '@knapsack/browserslist-config_3.29.0-canary.761.b7128f9.0', 'message': 'no deps or dev-deps'}
{'statusCode': 0, 'package': '@knapsack/browserslist-config_3.29.0-canary.761.c5b320d.0', 'message': 'no deps or dev-deps'}
{'statusCode': 0, 'package': '@knapsack/browserslist-config_3.29.0-canary.761.aab88cc.0', 'message': 'no deps or dev-deps'}
{'statusCode': 0, 'package': '@knapsack/browserslist-config_3.29.0-canary.762.115dd99.0', 'message': 'no deps or dev-deps'}
{'statusCode': 0, 'package': '@knapsack/browserslist-config_3.29.0-canary.768.9d4d047.0', 'message': 'no deps or dev-deps'}
{'statusCode': 0, 'package': '@knapsack/browserslist-config_3.28.5-canary.769.e23b050.0', 'message': 'no deps or dev-deps'}
{'statusCode': 0, 'package': '@knapsack/browserslist-config_3.29.0-canary.762.dd61d74.0', 'message': 'no deps or dev-deps'}
{'statusCode': 0, 'package': '@knapsack/browserslist-config_3.28.5-canary.770.87928d0.0', 'message': 'no deps or dev-deps'}
{'statusCode': 0, 'package': '@knapsack/browserslist-config_3.29.0-canary.768.b3c393d.0', 'message': 'no deps or dev-deps'}
{'statusCode': 0, 'package': '@knapsack/browserslist-config_3.29.0-canary.762.06574a2.0', 'message': 'no deps or dev-deps'}
{'statusCode': 0, 'package': '@knapsack/browserslist-config_3.28.5-canary.760.2691dee.0', 'message': 'no deps or dev-deps'}
{'statusCode': 0, 'package': '@knapsack/browserslist-config_3.29.0-canary.771.48b2067.0', 'message': 'no deps or dev-deps'}
{'statusCode': 0, 'package': '@knapsack/browserslist-config_3.29.0-canary.771.0a2690d.0', 'message': 'no deps or dev-deps'}
{'statusCode': 0, 'package': '@knapsack/browserslist-config_3.28.5-canary.770.05a55ed.0', 'message': 'no deps or dev-deps'}
{'statusCode': 0, 'package': '@knapsack/browserslist-config_3.28.5-canary.769.f45d97b.0', 'message': 'no deps or dev-deps'}
{'statusCode': 0, 'package': '@knapsack/browserslist-config_3.28.5-canary.706.f2d972c.0', 'message': 'no deps or dev-deps'}
{'statusCode': 0, 'package': '@knapsack/browserslist-config_3.28.5-canary.706.994e12b.0', 'message': 'no deps or dev-deps'}
{'statusCode': 0, 'package': '@knapsack/browserslist-config_3.28.5-canary.08d3324.0', 'message': 'no deps or dev-deps'}
{'statusCode': 0, 'package': '@knapsack/browserslist-config_3.28.5-canary.3203559.0', 'message': 'no deps or dev-deps'}
{'statusCode': 0, 'package': '@knapsack/browserslist-config_3.28.5-canary.d595631.0', 'message': 'no deps or dev-deps'}
{'statusCode': 0, 'package': '@knapsack/browserslist-config_3.28.5-canary.d595631.1', 'message': 'no deps or dev-deps'}
{'statusCode': 0, 'package': '@knapsack/browserslist-config_3.28.5', 'message': 'no deps or dev-deps'}
{'statusCode': 0, 'package': '@knapsack/browserslist-config_3.28.6-canary.cec247e.0', 'message': 'no deps or dev-deps'}
{'statusCode': 0, 'package': '@knapsack/browserslist-config_3.28.6-canary.c4f9172.0', 'message': 'no deps or dev-deps'}
{'statusCode': 0, 'package': '@knapsack/browserslist-config_3.28.6-canary.8642cef.0', 'message': 'no deps or dev-deps'}
{'statusCode': 0, 'package': '@knapsack/browserslist-config_3.28.6-canary.94fac89.0', 'message': 'no deps or dev-deps'}
{'statusCode': 0, 'package': '@knapsack/browserslist-config_3.28.6-canary.775.ff7c801.0', 'message': 'no deps or dev-deps'}
{'statusCode': 0, 'package': '@knapsack/browserslist-config_3.28.6', 'message': 'no deps or dev-deps'}
{'statusCode': 0, 'package': '@knapsack/browserslist-config_3.28.6-canary.fc533f2.0', 'message': 'no deps or dev-deps'}
{'statusCode': 0, 'package': '@knapsack/browserslist-config_3.28.7-canary.774.2613b84.0', 'message': 'no deps or dev-deps'}
{'statusCode': 0, 'package': '@knapsack/browserslist-config_3.28.7-canary.774.c7727b6.0', 'message': 'no deps or dev-deps'}
{'statusCode': 0, 'package': '@knapsack/browserslist-config_3.28.7-canary.c360478.0', 'message': 'no deps or dev-deps'}
{'statusCode': 0, 'package': '@knapsack/browserslist-config_3.28.7-canary.dda03c6.0', 'message': 'no deps or dev-deps'}
{'statusCode': 0, 'package': '@knapsack/browserslist-config_3.28.7-canary.776.e0bdf64.0', 'message': 'no deps or dev-deps'}
{'statusCode': 0, 'package': '@knapsack/browserslist-config_3.28.7-canary.774.644e14f.0', 'message': 'no deps or dev-deps'}
{'statusCode': 0, 'package': '@knapsack/browserslist-config_3.28.7-canary.8335040.0', 'message': 'no deps or dev-deps'}
{'statusCode': 0, 'package': '@knapsack/browserslist-config_3.28.7-canary.777.d8fdfd3.0', 'message': 'no deps or dev-deps'}
{'statusCode': 0, 'package': '@knapsack/browserslist-config_3.28.7-canary.773.19c3bb8.0', 'message': 'no deps or dev-deps'}
{'statusCode': 0, 'package': '@knapsack/browserslist-config_3.29.0-canary.772.526a695.0', 'message': 'no deps or dev-deps'}
{'statusCode': 0, 'package': '@knapsack/browserslist-config_3.28.7-canary.776.b0b91bb.0', 'message': 'no deps or dev-deps'}
{'statusCode': 0, 'package': '@knapsack/browserslist-config_3.28.7-canary.776.0028f56.0', 'message': 'no deps or dev-deps'}
{'statusCode': 0, 'package': '@knapsack/browserslist-config_3.29.0-canary.778.e4bf3f6.0', 'message': 'no deps or dev-deps'}
{'statusCode': 0, 'package': '@knapsack/browserslist-config_3.29.0-canary.779.d457721.0', 'message': 'no deps or dev-deps'}
{'statusCode': 0, 'package': '@knapsack/browserslist-config_3.29.0-canary.778.8711b01.0', 'message': 'no deps or dev-deps'}
{'statusCode': 0, 'package': '@knapsack/browserslist-config_3.29.0-canary.781.80125a0.0', 'message': 'no deps or dev-deps'}
{'statusCode': 0, 'package': '@knapsack/browserslist-config_3.29.0', 'message': 'no deps or dev-deps'}
{'statusCode': 0, 'package': '@knapsack/browserslist-config_3.29.1-canary.e54ec9f.0', 'message': 'no deps or dev-deps'}
{'statusCode': 0, 'package': '@knapsack/browserslist-config_3.29.1-canary.782.9e832bc.0', 'message': 'no deps or dev-deps'}
{'statusCode': 0, 'package': '@knapsack/browserslist-config_3.29.1-canary.783.cf80c6b.0', 'message': 'no deps or dev-deps'}
{'statusCode': 0, 'package': '@knapsack/browserslist-config_3.29.1-canary.783.b00b56f.0', 'message': 'no deps or dev-deps'}
{'statusCode': 0, 'package': '@knapsack/browserslist-config_3.29.1-canary.0eaa81d.0', 'message': 'no deps or dev-deps'}
{'statusCode': 0, 'package': '@knapsack/browserslist-config_3.29.1-canary.9af0929.0', 'message': 'no deps or dev-deps'}
{'statusCode': 0, 'package': '@knapsack/browserslist-config_3.30.0-canary.784.4bf51ec.0', 'message': 'no deps or dev-deps'}
{'statusCode': 0, 'package': '@knapsack/browserslist-config_3.29.1', 'message': 'no deps or dev-deps'}
{'statusCode': 0, 'package': '@knapsack/browserslist-config_3.29.2-canary.49c3788.0', 'message': 'no deps or dev-deps'}
{'statusCode': 0, 'package': '@knapsack/browserslist-config_3.29.2-canary.785.8b81911.0', 'message': 'no deps or dev-deps'}
{'statusCode': 0, 'package': '@knapsack/browserslist-config_3.30.0-canary.784.201fa2c.0', 'message': 'no deps or dev-deps'}
{'statusCode': 0, 'package': '@knapsack/browserslist-config_3.29.2-canary.786.d5175de.0', 'message': 'no deps or dev-deps'}
{'statusCode': 0, 'package': '@knapsack/browserslist-config_3.30.0-canary.788.38bb764.0', 'message': 'no deps or dev-deps'}
{'statusCode': 0, 'package': '@knapsack/browserslist-config_3.30.0-canary.784.38bb764.0', 'message': 'no deps or dev-deps'}
{'statusCode': 0, 'package': '@knapsack/browserslist-config_3.30.0-canary.788.3470d29.0', 'message': 'no deps or dev-deps'}
{'statusCode': 0, 'package': '@knapsack/browserslist-config_3.29.2-canary.789.f42e2b0.0', 'message': 'no deps or dev-deps'}
{'statusCode': 0, 'package': '@knapsack/browserslist-config_3.29.2-canary.789.b444561.0', 'message': 'no deps or dev-deps'}
{'statusCode': 0, 'package': '@knapsack/browserslist-config_3.29.2-canary.0d5ab39.0', 'message': 'no deps or dev-deps'}
{'statusCode': 0, 'package': '@knapsack/browserslist-config_3.29.2-canary.db1947d.0', 'message': 'no deps or dev-deps'}
{'statusCode': 0, 'package': '@knapsack/browserslist-config_3.30.0-canary.784.1d42a8a.0', 'message': 'no deps or dev-deps'}
{'statusCode': 0, 'package': '@knapsack/browserslist-config_3.29.2-canary.76f7e65.0', 'message': 'no deps or dev-deps'}
{'statusCode': 0, 'package': '@knapsack/browserslist-config_3.29.2-canary.791.88b3320.0', 'message': 'no deps or dev-deps'}
{'statusCode': 0, 'package': '@knapsack/browserslist-config_3.29.2-canary.790.3473b2a.0', 'message': 'no deps or dev-deps'}
{'statusCode': 0, 'package': '@knapsack/browserslist-config_3.29.2-canary.790.ade4ff8.0', 'message': 'no deps or dev-deps'}
{'statusCode': 0, 'package': '@knapsack/browserslist-config_3.29.2-canary.791.9c98c53.0', 'message': 'no deps or dev-deps'}
{'statusCode': 0, 'package': '@knapsack/browserslist-config_3.29.2-canary.790.e9b8f92.0', 'message': 'no deps or dev-deps'}
{'statusCode': 0, 'package': '@knapsack/browserslist-config_3.29.2-canary.791.fff65f4.0', 'message': 'no deps or dev-deps'}
{'statusCode': 0, 'package': '@knapsack/browserslist-config_3.30.0-canary.788.f20bfee.0', 'message': 'no deps or dev-deps'}
{'statusCode': 0, 'package': '@knapsack/browserslist-config_3.29.2-canary.792.638a8ba.0', 'message': 'no deps or dev-deps'}
{'statusCode': 0, 'package': '@knapsack/browserslist-config_3.29.2', 'message': 'no deps or dev-deps'}
{'statusCode': 0, 'package': '@knapsack/browserslist-config_3.29.3-canary.916dc4c.0', 'message': 'no deps or dev-deps'}
{'statusCode': 0, 'package': '@knapsack/browserslist-config_3.30.0-canary.784.2ae652e.0', 'message': 'no deps or dev-deps'}
{'statusCode': 0, 'package': '@knapsack/browserslist-config_3.29.3-canary.793.ec9e1fb.0', 'message': 'no deps or dev-deps'}
{'statusCode': 0, 'package': '@knapsack/browserslist-config_3.29.3-canary.793.5625cae.0', 'message': 'no deps or dev-deps'}
{'statusCode': 0, 'package': '@knapsack/browserslist-config_3.29.3-canary.794.67cbeef.0', 'message': 'no deps or dev-deps'}
{'statusCode': 0, 'package': '@knapsack/browserslist-config_3.30.0-canary.788.df82901.0', 'message': 'no deps or dev-deps'}
{'statusCode': 0, 'package': '@knapsack/browserslist-config_3.30.0-canary.788.6b611fc.0', 'message': 'no deps or dev-deps'}
{'statusCode': 0, 'package': '@knapsack/browserslist-config_3.30.0-canary.788.d67a72e.0', 'message': 'no deps or dev-deps'}
{'statusCode': 0, 'package': '@knapsack/browserslist-config_3.30.0-canary.784.893f2c5.0', 'message': 'no deps or dev-deps'}
{'statusCode': 0, 'package': '@knapsack/browserslist-config_3.29.3-canary.790.758a9c8.0', 'message': 'no deps or dev-deps'}
{'statusCode': 0, 'package': '@knapsack/browserslist-config_3.29.3-canary.790.528fe7b.0', 'message': 'no deps or dev-deps'}
{'statusCode': 0, 'package': '@knapsack/browserslist-config_3.30.0-canary.790.ca155b8.0', 'message': 'no deps or dev-deps'}
{'statusCode': 0, 'package': '@knapsack/browserslist-config_3.30.0-canary.784.746f64a.0', 'message': 'no deps or dev-deps'}
{'statusCode': 0, 'package': '@knapsack/browserslist-config_3.29.3-canary.786.974b4cf.0', 'message': 'no deps or dev-deps'}
{'statusCode': 0, 'package': '@knapsack/browserslist-config_3.29.3-canary.786.08af93e.0', 'message': 'no deps or dev-deps'}
{'statusCode': 0, 'package': '@knapsack/browserslist-config_3.29.3-canary.786.85cf1f0.0', 'message': 'no deps or dev-deps'}
{'statusCode': 0, 'package': '@knapsack/browserslist-config_3.29.3-canary.786.c35ea63.0', 'message': 'no deps or dev-deps'}
{'statusCode': 0, 'package': '@knapsack/browserslist-config_3.29.3-canary.760.65d895a.0', 'message': 'no deps or dev-deps'}
{'statusCode': 0, 'package': '@knapsack/browserslist-config_3.30.0-canary.790.9066ca4.0', 'message': 'no deps or dev-deps'}
{'statusCode': 0, 'package': '@knapsack/browserslist-config_3.30.0-canary.790.321db68.0', 'message': 'no deps or dev-deps'}
{'statusCode': 0, 'package': '@knapsack/browserslist-config_3.29.3-canary.8b477b6.0', 'message': 'no deps or dev-deps'}
{'statusCode': 0, 'package': '@knapsack/browserslist-config_3.30.0-canary.790.51b1a8a.0', 'message': 'no deps or dev-deps'}
{'statusCode': 0, 'package': '@knapsack/browserslist-config_3.29.3-canary.786.228afd6.0', 'message': 'no deps or dev-deps'}
{'statusCode': 0, 'package': '@knapsack/browserslist-config_3.29.3-canary.786.9db69c9.0', 'message': 'no deps or dev-deps'}
{'statusCode': 0, 'package': '@knapsack/browserslist-config_3.29.3-canary.797.5ce34b8.0', 'message': 'no deps or dev-deps'}
{'statusCode': 0, 'package': '@knapsack/browserslist-config_3.29.3-canary.786.24cab6d.0', 'message': 'no deps or dev-deps'}
{'statusCode': 0, 'package': '@knapsack/browserslist-config_3.29.3-canary.796.6c69618.0', 'message': 'no deps or dev-deps'}
{'statusCode': 0, 'package': '@knapsack/browserslist-config_3.30.0-canary.784.3136d8d.0', 'message': 'no deps or dev-deps'}
{'statusCode': 0, 'package': '@knapsack/browserslist-config_3.30.0-canary.784.c1ac0ab.0', 'message': 'no deps or dev-deps'}
{'statusCode': 0, 'package': '@knapsack/browserslist-config_3.29.3-canary.796.e91a768.0', 'message': 'no deps or dev-deps'}
{'statusCode': 0, 'package': '@knapsack/browserslist-config_3.29.3-canary.db0691c.0', 'message': 'no deps or dev-deps'}
{'statusCode': 0, 'package': '@knapsack/browserslist-config_3.29.3-canary.786.651483b.0', 'message': 'no deps or dev-deps'}
{'statusCode': 0, 'package': '@knapsack/browserslist-config_3.29.3-canary.760.40c6e5b.0', 'message': 'no deps or dev-deps'}
{'statusCode': 0, 'package': '@knapsack/browserslist-config_3.29.3-canary.786.93d454c.0', 'message': 'no deps or dev-deps'}
{'statusCode': 0, 'package': '@knapsack/browserslist-config_3.30.0', 'message': 'no deps or dev-deps'}
{'statusCode': 0, 'package': '@knapsack/browserslist-config_3.30.1-canary.796.58fa446.0', 'message': 'no deps or dev-deps'}
{'statusCode': 0, 'package': '@knapsack/browserslist-config_3.30.1-canary.8411040.0', 'message': 'no deps or dev-deps'}
{'statusCode': 0, 'package': '@knapsack/browserslist-config_3.31.0-canary.786.00ed517.0', 'message': 'no deps or dev-deps'}
{'statusCode': 0, 'package': '@knapsack/browserslist-config_3.30.1-canary.796.6ffd32c.0', 'message': 'no deps or dev-deps'}
{'statusCode': 0, 'package': '@knapsack/browserslist-config_3.31.0-canary.786.3394e88.0', 'message': 'no deps or dev-deps'}
{'statusCode': 0, 'package': '@knapsack/browserslist-config_3.30.1-canary.86315ec.0', 'message': 'no deps or dev-deps'}
{'statusCode': 0, 'package': '@knapsack/browserslist-config_3.30.1-canary.796.37b07f6.0', 'message': 'no deps or dev-deps'}
{'statusCode': 0, 'package': '@knapsack/browserslist-config_3.30.1-canary.796.e237ce6.0', 'message': 'no deps or dev-deps'}
{'statusCode': 0, 'package': '@knapsack/browserslist-config_3.30.1-canary.760.483dacd.0', 'message': 'no deps or dev-deps'}
{'statusCode': 0, 'package': '@knapsack/browserslist-config_3.31.0-canary.800.98499a3.0', 'message': 'no deps or dev-deps'}
{'statusCode': 0, 'package': '@knapsack/browserslist-config_3.30.1-canary.796.e74ec67.0', 'message': 'no deps or dev-deps'}
{'statusCode': 0, 'package': '@knapsack/browserslist-config_3.30.1-canary.801.8324241.0', 'message': 'no deps or dev-deps'}
{'statusCode': 0, 'package': '@knapsack/browserslist-config_3.31.0-canary.798.8c4d487.0', 'message': 'no deps or dev-deps'}
{'statusCode': 0, 'package': '@knapsack/browserslist-config_3.31.0-canary.798.55cf90f.0', 'message': 'no deps or dev-deps'}
{'statusCode': 0, 'package': '@knapsack/browserslist-config_3.30.1-canary.803.f88ef94.0', 'message': 'no deps or dev-deps'}
{'statusCode': 0, 'package': '@knapsack/browserslist-config_3.30.1-canary.805.d0018b3.0', 'message': 'no deps or dev-deps'}
{'statusCode': 0, 'package': '@knapsack/browserslist-config_3.31.0-canary.798.55cf90f.1', 'message': 'no deps or dev-deps'}
{'statusCode': 0, 'package': '@knapsack/browserslist-config_3.30.1-canary.805.d0018b3.1', 'message': 'no deps or dev-deps'}
{'statusCode': 0, 'package': '@knapsack/browserslist-config_3.31.0-canary.798.ef06c78.0', 'message': 'no deps or dev-deps'}
{'statusCode': 0, 'package': '@knapsack/browserslist-config_3.31.0-canary.798.33ac4ce.0', 'message': 'no deps or dev-deps'}
{'statusCode': 0, 'package': '@knapsack/browserslist-config_3.30.1-canary.801.8ed9e06.0', 'message': 'no deps or dev-deps'}
{'statusCode': 0, 'package': '@knapsack/browserslist-config_3.30.1-canary.29dd10c.0', 'message': 'no deps or dev-deps'}
{'statusCode': 0, 'package': '@knapsack/browserslist-config_3.30.1-canary.760.4c3bc41.0', 'message': 'no deps or dev-deps'}
{'statusCode': 0, 'package': '@knapsack/browserslist-config_3.30.1-canary.78c5da3.0', 'message': 'no deps or dev-deps'}
{'statusCode': 0, 'package': '@knapsack/browserslist-config_3.30.1-canary.9862464.0', 'message': 'no deps or dev-deps'}
{'statusCode': 0, 'package': '@knapsack/browserslist-config_3.30.1', 'message': 'no deps or dev-deps'}
{'statusCode': 0, 'package': '@knapsack/browserslist-config_3.30.2-canary.e49e97f.0', 'message': 'no deps or dev-deps'}
{'statusCode': 0, 'package': '@knapsack/browserslist-config_3.30.2-canary.803.ced55f0.0', 'message': 'no deps or dev-deps'}
{'statusCode': 0, 'package': '@knapsack/browserslist-config_3.30.2-canary.799.c39376d.0', 'message': 'no deps or dev-deps'}
{'statusCode': 0, 'package': '@knapsack/browserslist-config_3.30.2-canary.799.58cec83.0', 'message': 'no deps or dev-deps'}
{'statusCode': 0, 'package': '@knapsack/browserslist-config_3.30.2-canary.803.11a0563.0', 'message': 'no deps or dev-deps'}
{'statusCode': 0, 'package': '@knapsack/browserslist-config_3.31.0-canary.786.bacf421.0', 'message': 'no deps or dev-deps'}
{'statusCode': 0, 'package': '@knapsack/browserslist-config_3.30.2-canary.807.a5f35c1.0', 'message': 'no deps or dev-deps'}
{'statusCode': 0, 'package': '@knapsack/browserslist-config_3.30.2-canary.803.6b75f23.0', 'message': 'no deps or dev-deps'}
{'statusCode': 0, 'package': '@knapsack/browserslist-config_3.30.2', 'message': 'no deps or dev-deps'}
{'statusCode': 0, 'package': '@knapsack/browserslist-config_3.30.3-canary.12bc502.0', 'message': 'no deps or dev-deps'}
{'statusCode': 0, 'package': '@knapsack/browserslist-config_3.30.3-canary.808.d6a3427.0', 'message': 'no deps or dev-deps'}
{'statusCode': 0, 'package': '@knapsack/browserslist-config_3.30.3-canary.804.21ca63b.0', 'message': 'no deps or dev-deps'}
{'statusCode': 0, 'package': '@knapsack/browserslist-config_3.30.3-canary.810.ea4b64f.0', 'message': 'no deps or dev-deps'}
{'statusCode': 0, 'package': '@knapsack/browserslist-config_3.30.3-canary.812.3660fe8.0', 'message': 'no deps or dev-deps'}
{'statusCode': 0, 'package': '@knapsack/browserslist-config_3.30.3-canary.bd2130f.0', 'message': 'no deps or dev-deps'}
{'statusCode': 0, 'package': '@knapsack/browserslist-config_3.30.3-canary.813.3f829ff.0', 'message': 'no deps or dev-deps'}
{'statusCode': 0, 'package': '@knapsack/browserslist-config_3.30.3-canary.813.aaa0158.0', 'message': 'no deps or dev-deps'}
{'statusCode': 0, 'package': '@knapsack/browserslist-config_3.30.3-canary.805.3848c48.0', 'message': 'no deps or dev-deps'}
{'statusCode': 0, 'package': '@knapsack/browserslist-config_3.30.3-canary.812.3660fe8.1', 'message': 'no deps or dev-deps'}
{'statusCode': 0, 'package': '@knapsack/browserslist-config_3.30.3', 'message': 'no deps or dev-deps'}
{'statusCode': 0, 'package': '@knapsack/browserslist-config_3.30.4-canary.5b1d54a.0', 'message': 'no deps or dev-deps'}
{'statusCode': 0, 'package': '@knapsack/browserslist-config_3.30.4-canary.797.fe52a9b.0', 'message': 'no deps or dev-deps'}
{'statusCode': 0, 'package': '@knapsack/browserslist-config_3.30.4-canary.804.1a3ad55.0', 'message': 'no deps or dev-deps'}
{'statusCode': 0, 'package': '@knapsack/browserslist-config_3.30.4-canary.816.83eb080.0', 'message': 'no deps or dev-deps'}
{'statusCode': 0, 'package': '@knapsack/browserslist-config_3.30.4-canary.816.aac7ba5.0', 'message': 'no deps or dev-deps'}
{'statusCode': 0, 'package': '@knapsack/browserslist-config_3.30.4-canary.19fe3b2.0', 'message': 'no deps or dev-deps'}
{'statusCode': 0, 'package': '@knapsack/browserslist-config_3.30.4', 'message': 'no deps or dev-deps'}
{'statusCode': 0, 'package': '@knapsack/browserslist-config_3.30.4-canary.760.2200d59.0', 'message': 'no deps or dev-deps'}
{'statusCode': 0, 'package': '@knapsack/browserslist-config_3.30.5-canary.818.36b6a61.0', 'message': 'no deps or dev-deps'}
{'statusCode': 0, 'package': '@knapsack/browserslist-config_3.30.5-canary.808.afcd91d.0', 'message': 'no deps or dev-deps'}
{'statusCode': 0, 'package': '@knapsack/browserslist-config_3.30.5-canary.820.6549f32.0', 'message': 'no deps or dev-deps'}
{'statusCode': 0, 'package': '@knapsack/browserslist-config_3.30.5-canary.808.eae0cc7.0', 'message': 'no deps or dev-deps'}
{'statusCode': 0, 'package': '@knapsack/browserslist-config_3.30.5-canary.808.3d4cea9.0', 'message': 'no deps or dev-deps'}
{'statusCode': 0, 'package': '@knapsack/browserslist-config_3.30.5-canary.818.b117c26.0', 'message': 'no deps or dev-deps'}
{'statusCode': 0, 'package': '@knapsack/browserslist-config_3.30.5-canary.818.8f6d1bf.0', 'message': 'no deps or dev-deps'}
{'statusCode': 0, 'package': '@knapsack/browserslist-config_3.30.5-canary.808.5e982cd.0', 'message': 'no deps or dev-deps'}
{'statusCode': 0, 'package': '@knapsack/browserslist-config_3.30.5-canary.808.5fe6202.0', 'message': 'no deps or dev-deps'}
{'statusCode': 0, 'package': '@knapsack/browserslist-config_3.30.5-canary.820.5d15b62.0', 'message': 'no deps or dev-deps'}
{'statusCode': 0, 'package': '@knapsack/browserslist-config_3.31.0-canary.821.9c55251.0', 'message': 'no deps or dev-deps'}
{'statusCode': 0, 'package': '@knapsack/browserslist-config_3.31.0-canary.821.555573e.0', 'message': 'no deps or dev-deps'}
{'statusCode': 0, 'package': '@knapsack/browserslist-config_3.31.0', 'message': 'no deps or dev-deps'}
{'statusCode': 0, 'package': '@knapsack/browserslist-config_3.31.0-canary.821.31a3c4f.0', 'message': 'no deps or dev-deps'}
{'statusCode': 0, 'package': '@knapsack/browserslist-config_3.32.0-canary.821.bef33d9.0', 'message': 'no deps or dev-deps'}
{'statusCode': 0, 'package': '@knapsack/browserslist-config_3.31.1-canary.7573778.0', 'message': 'no deps or dev-deps'}
{'statusCode': 0, 'package': '@knapsack/browserslist-config_3.32.0', 'message': 'no deps or dev-deps'}
{'statusCode': 0, 'package': '@knapsack/browserslist-config_3.32.1-canary.540c49d.0', 'message': 'no deps or dev-deps'}
{'statusCode': 0, 'package': '@knapsack/browserslist-config_3.32.1-canary.822.1099c5c.0', 'message': 'no deps or dev-deps'}
{'statusCode': 0, 'package': '@knapsack/browserslist-config_3.32.1', 'message': 'no deps or dev-deps'}
{'statusCode': 0, 'package': '@knapsack/browserslist-config_3.32.2-canary.669e9a1.0', 'message': 'no deps or dev-deps'}
{'statusCode': 0, 'package': '@knapsack/browserslist-config_3.32.2-canary.760.87ad096.0', 'message': 'no deps or dev-deps'}
{'statusCode': 0, 'package': '@knapsack/browserslist-config_3.32.2-canary.804.d6e63f0.0', 'message': 'no deps or dev-deps'}
{'statusCode': 0, 'package': '@knapsack/browserslist-config_3.32.2-canary.827.14a85a4.0', 'message': 'no deps or dev-deps'}
{'statusCode': 0, 'package': '@knapsack/browserslist-config_3.32.2-canary.760.5fd1142.0', 'message': 'no deps or dev-deps'}
{'statusCode': 0, 'package': '@knapsack/browserslist-config_3.32.2-canary.808.37f0d33.0', 'message': 'no deps or dev-deps'}
{'statusCode': 0, 'package': '@knapsack/browserslist-config_3.32.2-canary.808.3256822.0', 'message': 'no deps or dev-deps'}
{'statusCode': 0, 'package': '@knapsack/browserslist-config_3.32.2-canary.828.c2b2db0.0', 'message': 'no deps or dev-deps'}
{'statusCode': 0, 'package': '@knapsack/browserslist-config_3.32.2-canary.828.846f29c.0', 'message': 'no deps or dev-deps'}
{'statusCode': 0, 'package': '@knapsack/browserslist-config_3.32.2-canary.808.f7986f2.0', 'message': 'no deps or dev-deps'}
{'statusCode': 0, 'package': '@knapsack/browserslist-config_3.32.2-canary.829.1117934.0', 'message': 'no deps or dev-deps'}
{'statusCode': 0, 'package': '@knapsack/browserslist-config_3.32.2-canary.830.733eebb.0', 'message': 'no deps or dev-deps'}
{'statusCode': 0, 'package': '@knapsack/browserslist-config_3.32.2-canary.830.71c0683.0', 'message': 'no deps or dev-deps'}
{'statusCode': 0, 'package': '@knapsack/browserslist-config_3.32.2-canary.831.422299c.0', 'message': 'no deps or dev-deps'}
{'statusCode': 0, 'package': '@knapsack/browserslist-config_3.32.2-canary.831.85de194.0', 'message': 'no deps or dev-deps'}
{'statusCode': 0, 'package': '@knapsack/browserslist-config_3.32.2-canary.832.2d24e84.0', 'message': 'no deps or dev-deps'}
{'statusCode': 0, 'package': '@knapsack/browserslist-config_3.32.2-canary.834.bbfb30f.0', 'message': 'no deps or dev-deps'}
{'statusCode': 0, 'package': '@knapsack/browserslist-config_3.32.2-canary.832.9927fc8.0', 'message': 'no deps or dev-deps'}
{'statusCode': 0, 'package': '@knapsack/browserslist-config_3.33.0-canary.835.b015320.0', 'message': 'no deps or dev-deps'}
{'statusCode': 0, 'package': '@knapsack/browserslist-config_3.32.2-canary.834.be28a64.0', 'message': 'no deps or dev-deps'}
{'statusCode': 0, 'package': '@knapsack/browserslist-config_3.32.2-canary.829.2a10fd8.0', 'message': 'no deps or dev-deps'}
{'statusCode': 0, 'package': '@knapsack/browserslist-config_3.32.2-canary.760.ba84236.0', 'message': 'no deps or dev-deps'}
{'statusCode': 0, 'package': '@knapsack/browserslist-config_3.33.0-canary.833.af8f009.0', 'message': 'no deps or dev-deps'}
{'statusCode': 0, 'package': '@knapsack/browserslist-config_3.33.0-canary.835.6d83697.0', 'message': 'no deps or dev-deps'}
{'statusCode': 0, 'package': '@knapsack/browserslist-config_3.32.2-canary.837.7eeb80a.0', 'message': 'no deps or dev-deps'}
{'statusCode': 0, 'package': '@knapsack/browserslist-config_3.33.0-canary.760.8c3dd02.0', 'message': 'no deps or dev-deps'}
{'statusCode': 0, 'package': '@knapsack/browserslist-config_3.33.0-canary.760.16f275f.0', 'message': 'no deps or dev-deps'}
{'statusCode': 0, 'package': '@knapsack/browserslist-config_3.32.2-canary.837.ccf64f5.0', 'message': 'no deps or dev-deps'}
{'statusCode': 0, 'package': '@knapsack/browserslist-config_3.32.2-canary.ab23318.0', 'message': 'no deps or dev-deps'}
{'statusCode': 0, 'package': '@knapsack/browserslist-config_3.32.2-canary.760.c56ebe0.0', 'message': 'no deps or dev-deps'}
{'statusCode': 0, 'package': '@knapsack/browserslist-config_3.32.2-canary.840.a9ea727.0', 'message': 'no deps or dev-deps'}
{'statusCode': 0, 'package': '@knapsack/browserslist-config_3.32.2-canary.ddf7e0c.0', 'message': 'no deps or dev-deps'}
{'statusCode': 0, 'package': '@knapsack/browserslist-config_3.32.2-canary.caa8a8c.0', 'message': 'no deps or dev-deps'}
{'statusCode': 0, 'package': '@knapsack/browserslist-config_3.32.2-canary.760.7fbed52.0', 'message': 'no deps or dev-deps'}
{'statusCode': 0, 'package': '@knapsack/browserslist-config_3.33.0', 'message': 'no deps or dev-deps'}
{'statusCode': 0, 'package': '@knapsack/browserslist-config_3.33.1-canary.ed76694.0', 'message': 'no deps or dev-deps'}
{'statusCode': 0, 'package': '@knapsack/browserslist-config_3.34.0-canary.829.6e0f4f2.0', 'message': 'no deps or dev-deps'}
{'statusCode': 0, 'package': '@knapsack/browserslist-config_3.34.0', 'message': 'no deps or dev-deps'}
{'statusCode': 0, 'package': '@knapsack/browserslist-config_3.34.1-canary.ea68942.0', 'message': 'no deps or dev-deps'}
{'statusCode': 0, 'package': '@knapsack/browserslist-config_3.34.1-canary.17d0308.0', 'message': 'no deps or dev-deps'}
{'statusCode': 0, 'package': '@knapsack/browserslist-config_3.34.1-canary.846.0cbea97.0', 'message': 'no deps or dev-deps'}
{'statusCode': 0, 'package': '@knapsack/browserslist-config_3.34.1', 'message': 'no deps or dev-deps'}
{'statusCode': 0, 'package': '@knapsack/browserslist-config_3.34.2-canary.3cc4ee7.0', 'message': 'no deps or dev-deps'}
{'statusCode': 0, 'package': '@knapsack/browserslist-config_3.35.0-canary.847.cc4eca7.0', 'message': 'no deps or dev-deps'}
{'statusCode': 0, 'package': '@knapsack/browserslist-config_3.34.2-canary.831.5d0e707.0', 'message': 'no deps or dev-deps'}
{'statusCode': 0, 'package': '@knapsack/browserslist-config_3.35.0-canary.847.0d90ff0.0', 'message': 'no deps or dev-deps'}
{'statusCode': 0, 'package': '@knapsack/browserslist-config_3.35.0-canary.831.d0e8985.0', 'message': 'no deps or dev-deps'}
{'statusCode': 0, 'package': '@knapsack/browserslist-config_3.34.2-canary.b43bd79.0', 'message': 'no deps or dev-deps'}
{'statusCode': 0, 'package': '@knapsack/browserslist-config_3.34.2-canary.848.8857b29.0', 'message': 'no deps or dev-deps'}
{'statusCode': 0, 'package': '@knapsack/browserslist-config_3.34.2-canary.849.8fdfc28.0', 'message': 'no deps or dev-deps'}
{'statusCode': 0, 'package': '@knapsack/browserslist-config_3.34.2-canary.849.afa2126.0', 'message': 'no deps or dev-deps'}
{'statusCode': 0, 'package': '@knapsack/browserslist-config_3.34.2-canary.1863506.0', 'message': 'no deps or dev-deps'}
{'statusCode': 0, 'package': '@knapsack/browserslist-config_3.34.2-canary.849.b52cb2c.0', 'message': 'no deps or dev-deps'}
{'statusCode': 0, 'package': '@knapsack/browserslist-config_3.34.2', 'message': 'no deps or dev-deps'}
{'statusCode': 0, 'package': '@knapsack/browserslist-config_3.34.3-canary.c9b5547.0', 'message': 'no deps or dev-deps'}
{'statusCode': 0, 'package': '@knapsack/browserslist-config_3.34.3', 'message': 'no deps or dev-deps'}
{'statusCode': 0, 'package': '@knapsack/browserslist-config_3.34.4-canary.448a913.0', 'message': 'no deps or dev-deps'}
{'statusCode': 0, 'package': '@knapsack/browserslist-config_3.34.4-canary.851.4553dd0.0', 'message': 'no deps or dev-deps'}
{'statusCode': 0, 'package': '@knapsack/browserslist-config_3.34.4', 'message': 'no deps or dev-deps'}
{'statusCode': 0, 'package': '@knapsack/browserslist-config_3.34.5-canary.8a8750d.0', 'message': 'no deps or dev-deps'}
{'statusCode': 0, 'package': '@knapsack/browserslist-config_3.34.5-canary.843.0d9ff61.0', 'message': 'no deps or dev-deps'}
{'statusCode': 0, 'package': '@knapsack/browserslist-config_3.34.5-canary.848.8f0c872.0', 'message': 'no deps or dev-deps'}
{'statusCode': 0, 'package': '@knapsack/browserslist-config_3.35.0-canary.848.78d04c3.0', 'message': 'no deps or dev-deps'}
{'statusCode': 0, 'package': '@knapsack/browserslist-config_3.35.0-canary.848.de62865.0', 'message': 'no deps or dev-deps'}
{'statusCode': 0, 'package': '@knapsack/browserslist-config_3.35.0-canary.852.f6b1606.0', 'message': 'no deps or dev-deps'}
{'statusCode': 0, 'package': '@knapsack/browserslist-config_3.35.0-canary.847.e0d5a31.0', 'message': 'no deps or dev-deps'}
{'statusCode': 0, 'package': '@knapsack/browserslist-config_3.35.0-canary.852.e9e0e2e.0', 'message': 'no deps or dev-deps'}
{'statusCode': 0, 'package': '@knapsack/browserslist-config_3.35.0-canary.847.44599a0.0', 'message': 'no deps or dev-deps'}
{'statusCode': 0, 'package': '@knapsack/browserslist-config_3.35.0-canary.848.3e4a056.0', 'message': 'no deps or dev-deps'}
{'statusCode': 0, 'package': '@knapsack/browserslist-config_3.35.0-canary.852.832264a.0', 'message': 'no deps or dev-deps'}
{'statusCode': 0, 'package': '@knapsack/browserslist-config_3.34.5-canary.9017cbb.0', 'message': 'no deps or dev-deps'}
{'statusCode': 0, 'package': '@knapsack/browserslist-config_3.35.0', 'message': 'no deps or dev-deps'}
{'statusCode': 0, 'package': '@knapsack/browserslist-config_3.35.1-canary.6739eda.0', 'message': 'no deps or dev-deps'}
{'statusCode': 0, 'package': '@knapsack/browserslist-config_3.36.0-canary.853.55cd6ca.0', 'message': 'no deps or dev-deps'}
{'statusCode': 0, 'package': '@knapsack/browserslist-config_3.36.0-canary.853.fe1cc1b.0', 'message': 'no deps or dev-deps'}
{'statusCode': 0, 'package': '@knapsack/browserslist-config_3.36.0-canary.853.fe1cc1b.1', 'message': 'no deps or dev-deps'}
{'statusCode': 0, 'package': '@knapsack/browserslist-config_3.35.1-canary.854.69a3139.0', 'message': 'no deps or dev-deps'}
{'statusCode': 0, 'package': '@knapsack/browserslist-config_3.35.1-canary.854.dfd1821.0', 'message': 'no deps or dev-deps'}
{'statusCode': 0, 'package': '@knapsack/browserslist-config_3.35.1-canary.51b066a.0', 'message': 'no deps or dev-deps'}
{'statusCode': 0, 'package': '@knapsack/browserslist-config_3.36.0-canary.853.2375206.0', 'message': 'no deps or dev-deps'}
{'statusCode': 0, 'package': '@knapsack/browserslist-config_3.35.1-canary.9ca62ba.0', 'message': 'no deps or dev-deps'}
{'statusCode': 0, 'package': '@knapsack/browserslist-config_3.35.1-canary.419e9d7.0', 'message': 'no deps or dev-deps'}
{'statusCode': 0, 'package': '@knapsack/browserslist-config_3.35.1-canary.17e1611.0', 'message': 'no deps or dev-deps'}
{'statusCode': 0, 'package': '@knapsack/browserslist-config_3.35.1-canary.855.623f30b.0', 'message': 'no deps or dev-deps'}
{'statusCode': 0, 'package': '@knapsack/browserslist-config_3.35.1-canary.856.1357f35.0', 'message': 'no deps or dev-deps'}
{'statusCode': 0, 'package': '@knapsack/browserslist-config_3.35.1-canary.857.f892578.0', 'message': 'no deps or dev-deps'}
{'statusCode': 0, 'package': '@knapsack/browserslist-config_3.35.1-canary.857.219098f.0', 'message': 'no deps or dev-deps'}
{'statusCode': 0, 'package': '@knapsack/browserslist-config_3.35.1-canary.859.a16e338.0', 'message': 'no deps or dev-deps'}
{'statusCode': 0, 'package': '@knapsack/browserslist-config_3.35.1-canary.862.a667946.0', 'message': 'no deps or dev-deps'}
{'statusCode': 0, 'package': '@knapsack/browserslist-config_3.35.1-canary.854.a90cd7b.0', 'message': 'no deps or dev-deps'}
{'statusCode': 0, 'package': '@knapsack/browserslist-config_3.35.1-canary.857.f1b9d7c.0', 'message': 'no deps or dev-deps'}
{'statusCode': 0, 'package': '@knapsack/browserslist-config_3.36.0-canary.859.73558a5.0', 'message': 'no deps or dev-deps'}
{'statusCode': 0, 'package': '@knapsack/browserslist-config_3.36.0-canary.858.f9c356a.0', 'message': 'no deps or dev-deps'}
{'statusCode': 0, 'package': '@knapsack/browserslist-config_3.35.1-canary.861.03db2e7.0', 'message': 'no deps or dev-deps'}
{'statusCode': 0, 'package': '@knapsack/browserslist-config_3.35.1-canary.860.b90024f.0', 'message': 'no deps or dev-deps'}
{'statusCode': 0, 'package': '@knapsack/browserslist-config_3.35.1-canary.863.32d1ee6.0', 'message': 'no deps or dev-deps'}
{'statusCode': 0, 'package': '@knapsack/browserslist-config_3.35.1-canary.854.a3ab343.0', 'message': 'no deps or dev-deps'}
{'statusCode': 0, 'package': '@knapsack/browserslist-config_3.35.1-canary.854.6111579.0', 'message': 'no deps or dev-deps'}
{'statusCode': 0, 'package': '@knapsack/browserslist-config_3.35.1-canary.854.454d9f4.0', 'message': 'no deps or dev-deps'}
{'statusCode': 0, 'package': '@knapsack/browserslist-config_3.36.0-canary.864.edbb9f8.0', 'message': 'no deps or dev-deps'}
{'statusCode': 0, 'package': '@knapsack/browserslist-config_3.35.1-canary.870.a8a8af1.0', 'message': 'no deps or dev-deps'}
{'statusCode': 0, 'package': '@knapsack/browserslist-config_3.35.1-canary.870.e81ab65.0', 'message': 'no deps or dev-deps'}
{'statusCode': 0, 'package': '@knapsack/browserslist-config_3.35.1-canary.870.b8ffee1.0', 'message': 'no deps or dev-deps'}
{'statusCode': 0, 'package': '@knapsack/browserslist-config_3.35.1-canary.e634ed1.0', 'message': 'no deps or dev-deps'}
{'statusCode': 0, 'package': '@knapsack/browserslist-config_3.36.0', 'message': 'no deps or dev-deps'}
{'statusCode': 0, 'package': '@knapsack/browserslist-config_3.36.1-canary.862.bc99bc2.0', 'message': 'no deps or dev-deps'}
{'statusCode': 0, 'package': '@knapsack/browserslist-config_3.36.1-canary.27d9161.0', 'message': 'no deps or dev-deps'}
{'statusCode': 0, 'package': '@knapsack/browserslist-config_3.36.1-canary.862.5178a7c.0', 'message': 'no deps or dev-deps'}
{'statusCode': 0, 'package': '@knapsack/browserslist-config_3.36.1-canary.870.a354f9f.0', 'message': 'no deps or dev-deps'}
{'statusCode': 0, 'package': '@knapsack/browserslist-config_3.36.1-canary.872.39242de.0', 'message': 'no deps or dev-deps'}
{'statusCode': 0, 'package': '@knapsack/browserslist-config_3.36.1-canary.870.97cd6c7.0', 'message': 'no deps or dev-deps'}
{'statusCode': 0, 'package': '@knapsack/browserslist-config_3.36.1', 'message': 'no deps or dev-deps'}
{'statusCode': 0, 'package': '@knapsack/browserslist-config_3.36.2-canary.4664315.0', 'message': 'no deps or dev-deps'}
{'statusCode': 0, 'package': '@knapsack/browserslist-config_3.37.0-canary.874.3b1a1e0.0', 'message': 'no deps or dev-deps'}
{'statusCode': 0, 'package': '@knapsack/browserslist-config_3.37.0-canary.874.d10f503.0', 'message': 'no deps or dev-deps'}
{'statusCode': 0, 'package': '@knapsack/browserslist-config_3.37.0', 'message': 'no deps or dev-deps'}
{'statusCode': 0, 'package': '@knapsack/browserslist-config_3.37.1-canary.c45efb1.0', 'message': 'no deps or dev-deps'}
{'statusCode': 0, 'package': '@knapsack/browserslist-config_3.38.0-canary.875.0a2869f.0', 'message': 'no deps or dev-deps'}
{'statusCode': 0, 'package': '@knapsack/browserslist-config_3.37.1-canary.876.8917471.0', 'message': 'no deps or dev-deps'}
{'statusCode': 0, 'package': '@knapsack/browserslist-config_3.37.1-canary.878.491c827.0', 'message': 'no deps or dev-deps'}
{'statusCode': 0, 'package': '@knapsack/browserslist-config_3.37.1-canary.881.8a046e0.0', 'message': 'no deps or dev-deps'}
{'statusCode': 0, 'package': '@knapsack/browserslist-config_3.37.1-canary.883.1fe5006.0', 'message': 'no deps or dev-deps'}
{'statusCode': 0, 'package': '@knapsack/browserslist-config_3.37.1-canary.877.c9835d6.0', 'message': 'no deps or dev-deps'}
{'statusCode': 0, 'package': '@knapsack/browserslist-config_3.37.1-canary.879.f8981cb.0', 'message': 'no deps or dev-deps'}
{'statusCode': 0, 'package': '@knapsack/browserslist-config_3.37.1-canary.880.ec3b2a0.0', 'message': 'no deps or dev-deps'}
{'statusCode': 0, 'package': '@knapsack/browserslist-config_3.37.1-canary.882.80f303f.0', 'message': 'no deps or dev-deps'}
{'statusCode': 0, 'package': '@knapsack/browserslist-config_3.37.1-canary.885.67a165a.0', 'message': 'no deps or dev-deps'}
{'statusCode': 0, 'package': '@knapsack/browserslist-config_3.37.1-canary.885.1554424.0', 'message': 'no deps or dev-deps'}
{'statusCode': 0, 'package': '@knapsack/browserslist-config_3.37.1-canary.863.135c4ac.0', 'message': 'no deps or dev-deps'}
{'statusCode': 0, 'package': '@knapsack/browserslist-config_3.38.0-canary.875.7594209.0', 'message': 'no deps or dev-deps'}
{'statusCode': 0, 'package': '@knapsack/browserslist-config_3.38.0-canary.885.06b6d13.0', 'message': 'no deps or dev-deps'}
{'statusCode': 0, 'package': '@knapsack/browserslist-config_3.37.1-canary.887.c27f2ba.0', 'message': 'no deps or dev-deps'}
{'statusCode': 0, 'package': '@knapsack/browserslist-config_3.38.0-canary.885.4cd3840.0', 'message': 'no deps or dev-deps'}
{'statusCode': 0, 'package': '@knapsack/browserslist-config_3.37.1-canary.865.e8127f0.0', 'message': 'no deps or dev-deps'}
{'statusCode': 0, 'package': '@knapsack/browserslist-config_3.37.1-canary.886.e58ee8e.0', 'message': 'no deps or dev-deps'}
{'statusCode': 0, 'package': '@knapsack/browserslist-config_3.37.1-canary.886.e58ee8e.1', 'message': 'no deps or dev-deps'}
{'statusCode': 0, 'package': '@knapsack/browserslist-config_3.38.0-canary.876.deda67c.0', 'message': 'no deps or dev-deps'}
{'statusCode': 0, 'package': '@knapsack/browserslist-config_3.38.0-canary.887.b90fd2e.0', 'message': 'no deps or dev-deps'}
{'statusCode': 0, 'package': '@knapsack/browserslist-config_3.38.0-canary.883.34b075b.0', 'message': 'no deps or dev-deps'}
{'statusCode': 0, 'package': '@knapsack/browserslist-config_3.38.0-canary.881.8bf03c5.0', 'message': 'no deps or dev-deps'}
{'statusCode': 0, 'package': '@knapsack/browserslist-config_3.38.0-canary.879.c7f2f46.0', 'message': 'no deps or dev-deps'}
{'statusCode': 0, 'package': '@knapsack/browserslist-config_3.38.0-canary.877.2cb8601.0', 'message': 'no deps or dev-deps'}
{'statusCode': 0, 'package': '@knapsack/browserslist-config_3.38.0-canary.878.72a4425.0', 'message': 'no deps or dev-deps'}
{'statusCode': 0, 'package': '@knapsack/browserslist-config_3.38.0-canary.885.33b3092.0', 'message': 'no deps or dev-deps'}
{'statusCode': 0, 'package': '@knapsack/browserslist-config_3.38.0-canary.885.33937ef.0', 'message': 'no deps or dev-deps'}
{'statusCode': 0, 'package': '@knapsack/browserslist-config_3.38.0-canary.877.cdc2a55.0', 'message': 'no deps or dev-deps'}
{'statusCode': 0, 'package': '@knapsack/browserslist-config_3.38.0-canary.878.9814627.0', 'message': 'no deps or dev-deps'}
{'statusCode': 0, 'package': '@knapsack/browserslist-config_3.38.0-canary.882.c30ec8e.0', 'message': 'no deps or dev-deps'}
{'statusCode': 0, 'package': '@knapsack/browserslist-config_3.38.0-canary.884.7eff071.0', 'message': 'no deps or dev-deps'}
{'statusCode': 0, 'package': '@knapsack/browserslist-config_3.38.0-canary.877.e444908.0', 'message': 'no deps or dev-deps'}
{'statusCode': 0, 'package': '@knapsack/browserslist-config_3.38.0-canary.885.f6788b4.0', 'message': 'no deps or dev-deps'}
{'statusCode': 0, 'package': '@knapsack/browserslist-config_3.38.0-canary.885.3102533.0', 'message': 'no deps or dev-deps'}
{'statusCode': 0, 'package': '@knapsack/browserslist-config_3.38.0-canary.864.a05613d.0', 'message': 'no deps or dev-deps'}
{'statusCode': 0, 'package': '@knapsack/browserslist-config_3.37.1-canary.865.33a74df.0', 'message': 'no deps or dev-deps'}
{'statusCode': 0, 'package': '@knapsack/browserslist-config_3.38.0-canary.888.04c3c43.0', 'message': 'no deps or dev-deps'}
{'statusCode': 0, 'package': '@knapsack/browserslist-config_3.38.0-canary.869.6452060.0', 'message': 'no deps or dev-deps'}
{'statusCode': 0, 'package': '@knapsack/browserslist-config_3.38.0-canary.869.9f60667.0', 'message': 'no deps or dev-deps'}
{'statusCode': 0, 'package': '@knapsack/browserslist-config_3.38.0-canary.888.2c6d362.0', 'message': 'no deps or dev-deps'}
{'statusCode': 0, 'package': '@knapsack/browserslist-config_3.38.0-canary.885.01a8a40.0', 'message': 'no deps or dev-deps'}
{'statusCode': 0, 'package': '@knapsack/browserslist-config_3.38.0-canary.885.80a6f24.0', 'message': 'no deps or dev-deps'}
{'statusCode': 0, 'package': '@knapsack/browserslist-config_3.37.1-canary.89b5f4c.0', 'message': 'no deps or dev-deps'}
{'statusCode': 0, 'package': '@knapsack/browserslist-config_3.38.0-canary.888.788030a.0', 'message': 'no deps or dev-deps'}
{'statusCode': 0, 'package': '@knapsack/browserslist-config_3.38.0-canary.864.2818340.0', 'message': 'no deps or dev-deps'}
{'statusCode': 0, 'package': '@knapsack/browserslist-config_3.37.1-canary.886.82ba585.0', 'message': 'no deps or dev-deps'}
{'statusCode': 0, 'package': '@knapsack/browserslist-config_3.37.1-canary.886.82ba585.1', 'message': 'no deps or dev-deps'}
{'statusCode': 0, 'package': '@knapsack/browserslist-config_3.37.1-canary.886.5c18515.0', 'message': 'no deps or dev-deps'}
{'statusCode': 0, 'package': '@knapsack/browserslist-config_3.38.0-canary.864.50313fc.0', 'message': 'no deps or dev-deps'}
{'statusCode': 0, 'package': '@knapsack/browserslist-config_3.37.1-canary.895.9fd5eba.0', 'message': 'no deps or dev-deps'}
{'statusCode': 0, 'package': '@knapsack/browserslist-config_3.38.0-canary.897.9d455fe.0', 'message': 'no deps or dev-deps'}
{'statusCode': 0, 'package': '@knapsack/browserslist-config_3.38.0-canary.897.13fd73e.0', 'message': 'no deps or dev-deps'}
{'statusCode': 0, 'package': '@knapsack/browserslist-config_3.38.0-canary.897.5ba258c.0', 'message': 'no deps or dev-deps'}
{'statusCode': 0, 'package': '@knapsack/browserslist-config_3.37.1-canary.896.a8263ea.0', 'message': 'no deps or dev-deps'}
{'statusCode': 0, 'package': '@knapsack/browserslist-config_3.37.1-canary.899.8a680af.0', 'message': 'no deps or dev-deps'}
{'statusCode': 0, 'package': '@knapsack/browserslist-config_3.37.1-canary.895.89055c0.0', 'message': 'no deps or dev-deps'}
{'statusCode': 0, 'package': '@knapsack/browserslist-config_3.37.1-canary.3d07961.0', 'message': 'no deps or dev-deps'}
{'statusCode': 0, 'package': '@knapsack/browserslist-config_3.37.1-canary.870.c6dc7cf.0', 'message': 'no deps or dev-deps'}
{'statusCode': 0, 'package': '@knapsack/browserslist-config_3.37.1-canary.895.029218b.0', 'message': 'no deps or dev-deps'}
{'statusCode': 0, 'package': '@knapsack/browserslist-config_3.37.1-canary.895.ee8166f.0', 'message': 'no deps or dev-deps'}
{'statusCode': 0, 'package': '@knapsack/browserslist-config_3.38.0-canary.888.227d9e7.0', 'message': 'no deps or dev-deps'}
{'statusCode': 0, 'package': '@knapsack/browserslist-config_3.38.0-canary.888.b5c2e0d.0', 'message': 'no deps or dev-deps'}
{'statusCode': 0, 'package': '@knapsack/browserslist-config_3.37.1-canary.899.346f0fd.0', 'message': 'no deps or dev-deps'}
{'statusCode': 0, 'package': '@knapsack/browserslist-config_3.37.1-canary.901.535142b.0', 'message': 'no deps or dev-deps'}
{'statusCode': 0, 'package': '@knapsack/browserslist-config_3.37.1-canary.899.84dd1bf.0', 'message': 'no deps or dev-deps'}
{'statusCode': 0, 'package': '@knapsack/browserslist-config_3.37.1-canary.804.ff36d9e.0', 'message': 'no deps or dev-deps'}
{'statusCode': 0, 'package': '@knapsack/browserslist-config_3.37.1-canary.904.43b778b.0', 'message': 'no deps or dev-deps'}
{'statusCode': 0, 'package': '@knapsack/browserslist-config_3.37.1-canary.907.11a5c5a.0', 'message': 'no deps or dev-deps'}
{'statusCode': 0, 'package': '@knapsack/browserslist-config_3.37.1-canary.909.004d4dc.0', 'message': 'no deps or dev-deps'}
{'statusCode': 0, 'package': '@knapsack/browserslist-config_3.37.1-canary.907.3a04249.0', 'message': 'no deps or dev-deps'}
{'statusCode': 0, 'package': '@knapsack/browserslist-config_3.37.1-canary.7443350.0', 'message': 'no deps or dev-deps'}
{'statusCode': 0, 'package': '@knapsack/browserslist-config_3.37.1-canary.902.9b361a9.0', 'message': 'no deps or dev-deps'}
{'statusCode': 0, 'package': '@knapsack/browserslist-config_3.37.1-canary.901.64c7239.0', 'message': 'no deps or dev-deps'}
{'statusCode': 0, 'package': '@knapsack/browserslist-config_3.37.1-canary.862.a0bd7df.0', 'message': 'no deps or dev-deps'}
{'statusCode': 0, 'package': '@knapsack/browserslist-config_3.37.1-canary.908.ca9ed9a.0', 'message': 'no deps or dev-deps'}
{'statusCode': 0, 'package': '@knapsack/browserslist-config_3.37.1-canary.908.960968d.0', 'message': 'no deps or dev-deps'}
{'statusCode': 0, 'package': '@knapsack/browserslist-config_3.38.0-canary.908.7ff9f9c.0', 'message': 'no deps or dev-deps'}
{'statusCode': 0, 'package': '@knapsack/browserslist-config_3.37.1-canary.909.76f471a.0', 'message': 'no deps or dev-deps'}
{'statusCode': 0, 'package': '@knapsack/browserslist-config_3.37.1-canary.912.43b6993.0', 'message': 'no deps or dev-deps'}
{'statusCode': 0, 'package': '@knapsack/browserslist-config_3.37.1-canary.870.73e1a19.0', 'message': 'no deps or dev-deps'}
{'statusCode': 0, 'package': '@knapsack/browserslist-config_3.37.1-canary.909.6cfec77.0', 'message': 'no deps or dev-deps'}
{'statusCode': 0, 'package': '@knapsack/browserslist-config_3.37.1-canary.912.419e6ad.0', 'message': 'no deps or dev-deps'}
{'statusCode': 0, 'package': '@knapsack/browserslist-config_3.37.1-canary.a7bc35d.0', 'message': 'no deps or dev-deps'}
{'statusCode': 0, 'package': '@knapsack/browserslist-config_3.37.1-canary.914.95c88cb.0', 'message': 'no deps or dev-deps'}
{'statusCode': 0, 'package': '@knapsack/browserslist-config_3.37.1-canary.914.62120ec.0', 'message': 'no deps or dev-deps'}
{'statusCode': 0, 'package': '@knapsack/browserslist-config_3.37.1-canary.95cc236.0', 'message': 'no deps or dev-deps'}
{'statusCode': 0, 'package': '@knapsack/browserslist-config_3.37.1-canary.31ad7f3.0', 'message': 'no deps or dev-deps'}
{'statusCode': 0, 'package': '@knapsack/browserslist-config_3.37.1-canary.862.35d63ea.0', 'message': 'no deps or dev-deps'}
{'statusCode': 0, 'package': '@knapsack/browserslist-config_3.37.1-canary.916.9caa5ad.0', 'message': 'no deps or dev-deps'}
{'statusCode': 0, 'package': '@knapsack/browserslist-config_3.37.1-canary.916.1fa4fc3.0', 'message': 'no deps or dev-deps'}
{'statusCode': 0, 'package': '@knapsack/browserslist-config_3.37.1-canary.917.c810d14.0', 'message': 'no deps or dev-deps'}
{'statusCode': 0, 'package': '@knapsack/browserslist-config_3.37.1-canary.917.fec0331.0', 'message': 'no deps or dev-deps'}
{'statusCode': 0, 'package': '@knapsack/browserslist-config_3.38.0', 'message': 'no deps or dev-deps'}
{'statusCode': 0, 'package': '@knapsack/browserslist-config_3.38.1-canary.633851b.0', 'message': 'no deps or dev-deps'}
{'statusCode': 0, 'package': '@knapsack/browserslist-config_3.38.1-canary.870.de0a958.0', 'message': 'no deps or dev-deps'}
{'statusCode': 0, 'package': '@knapsack/browserslist-config_3.38.1-canary.870.f64e44b.0', 'message': 'no deps or dev-deps'}
{'statusCode': 0, 'package': '@knapsack/browserslist-config_3.38.1-canary.865.fd50e13.0', 'message': 'no deps or dev-deps'}
{'statusCode': 0, 'package': '@knapsack/browserslist-config_3.38.1-canary.918.ed91215.0', 'message': 'no deps or dev-deps'}
{'statusCode': 0, 'package': '@knapsack/browserslist-config_3.38.1-canary.919.c113cbc.0', 'message': 'no deps or dev-deps'}
{'statusCode': 0, 'package': '@knapsack/browserslist-config_3.39.0-canary.920.0e869e7.0', 'message': 'no deps or dev-deps'}
{'statusCode': 0, 'package': '@knapsack/browserslist-config_3.38.1-canary.921.b9951c6.0', 'message': 'no deps or dev-deps'}
{'statusCode': 0, 'package': '@knapsack/browserslist-config_3.38.1-canary.862.706a832.0', 'message': 'no deps or dev-deps'}
{'statusCode': 0, 'package': '@knapsack/browserslist-config_3.38.1-canary.862.aa6e6f5.0', 'message': 'no deps or dev-deps'}
{'statusCode': 0, 'package': '@knapsack/browserslist-config_3.38.1-canary.e0df8b2.0', 'message': 'no deps or dev-deps'}
{'statusCode': 0, 'package': '@knapsack/browserslist-config_3.38.1-canary.296bd5a.0', 'message': 'no deps or dev-deps'}
{'statusCode': 0, 'package': '@knapsack/browserslist-config_3.38.1-canary.924.0fea774.0', 'message': 'no deps or dev-deps'}
{'statusCode': 0, 'package': '@knapsack/browserslist-config_3.38.1-canary.94a7f9a.0', 'message': 'no deps or dev-deps'}
{'statusCode': 0, 'package': '@knapsack/browserslist-config_3.38.1-canary.926.84aced7.0', 'message': 'no deps or dev-deps'}
{'statusCode': 0, 'package': '@knapsack/browserslist-config_3.38.1-canary.928.b0b0652.0', 'message': 'no deps or dev-deps'}
{'statusCode': 0, 'package': '@knapsack/browserslist-config_3.38.1-canary.929.da3bf56.0', 'message': 'no deps or dev-deps'}
{'statusCode': 0, 'package': '@knapsack/browserslist-config_3.38.1', 'message': 'no deps or dev-deps'}
{'statusCode': 0, 'package': '@knapsack/browserslist-config_3.38.2-canary.930.afdc7e4.0', 'message': 'no deps or dev-deps'}
{'statusCode': 0, 'package': '@knapsack/browserslist-config_3.38.2-canary.926.7c4a69f.0', 'message': 'no deps or dev-deps'}
{'statusCode': 0, 'package': '@knapsack/browserslist-config_3.38.2', 'message': 'no deps or dev-deps'}
{'statusCode': 0, 'package': '@knapsack/browserslist-config_3.39.0-canary.924.b6d43a1.0', 'message': 'no deps or dev-deps'}
{'statusCode': 0, 'package': '@knapsack/browserslist-config_3.38.3-canary.918.f7cd612.0', 'message': 'no deps or dev-deps'}
{'statusCode': 0, 'package': '@knapsack/browserslist-config_3.38.3-canary.4ec0059.0', 'message': 'no deps or dev-deps'}
{'statusCode': 0, 'package': '@knapsack/browserslist-config_3.38.3-canary.e5e3768.0', 'message': 'no deps or dev-deps'}
{'statusCode': 0, 'package': '@knapsack/browserslist-config_3.38.3-canary.922.b8d3db8.0', 'message': 'no deps or dev-deps'}
{'statusCode': 0, 'package': '@knapsack/browserslist-config_3.38.3-canary.862.83b288e.0', 'message': 'no deps or dev-deps'}
{'statusCode': 0, 'package': '@knapsack/browserslist-config_3.38.3-canary.933.819adf6.0', 'message': 'no deps or dev-deps'}
{'statusCode': 0, 'package': '@knapsack/browserslist-config_3.38.3-canary.935.24fd672.0', 'message': 'no deps or dev-deps'}
{'statusCode': 0, 'package': '@knapsack/browserslist-config_3.38.3-canary.901.8c85ce8.0', 'message': 'no deps or dev-deps'}
{'statusCode': 0, 'package': '@knapsack/browserslist-config_3.38.3-canary.899.dc65eee.0', 'message': 'no deps or dev-deps'}
{'statusCode': 0, 'package': '@knapsack/browserslist-config_3.38.3-canary.899.1e4433d.0', 'message': 'no deps or dev-deps'}
{'statusCode': 0, 'package': '@knapsack/browserslist-config_3.38.3-canary.935.810fb52.0', 'message': 'no deps or dev-deps'}
{'statusCode': 0, 'package': '@knapsack/browserslist-config_3.38.3-canary.935.99a2e69.0', 'message': 'no deps or dev-deps'}
{'statusCode': 0, 'package': '@knapsack/browserslist-config_3.38.3-canary.899.54ece3a.0', 'message': 'no deps or dev-deps'}
{'statusCode': 0, 'package': '@knapsack/browserslist-config_3.38.3-canary.936.26d6a0c.0', 'message': 'no deps or dev-deps'}
{'statusCode': 0, 'package': '@knapsack/browserslist-config_3.38.3-canary.936.68cf3e1.0', 'message': 'no deps or dev-deps'}
{'statusCode': 0, 'package': '@knapsack/browserslist-config_3.38.3-canary.697041c.0', 'message': 'no deps or dev-deps'}
{'statusCode': 0, 'package': '@knapsack/browserslist-config_3.38.3-canary.927.3d873b4.0', 'message': 'no deps or dev-deps'}
{'statusCode': 0, 'package': '@knapsack/browserslist-config_3.38.3-canary.927.65abcb0.0', 'message': 'no deps or dev-deps'}
{'statusCode': 0, 'package': '@knapsack/browserslist-config_3.38.3-canary.60084b5.0', 'message': 'no deps or dev-deps'}
{'statusCode': 0, 'package': '@knapsack/browserslist-config_3.39.0-canary.937.fbdb91d.0', 'message': 'no deps or dev-deps'}
{'statusCode': 0, 'package': '@knapsack/browserslist-config_3.38.3-canary.938.a09bf52.0', 'message': 'no deps or dev-deps'}
{'statusCode': 0, 'package': '@knapsack/browserslist-config_3.38.3-canary.927.aa18578.0', 'message': 'no deps or dev-deps'}
{'statusCode': 0, 'package': '@knapsack/browserslist-config_3.38.3-canary.927.7c6b4ec.0', 'message': 'no deps or dev-deps'}
{'statusCode': 0, 'package': '@knapsack/browserslist-config_3.38.3-canary.927.f5fcf99.0', 'message': 'no deps or dev-deps'}
{'statusCode': 0, 'package': '@knapsack/browserslist-config_3.38.3-canary.927.2803dcf.0', 'message': 'no deps or dev-deps'}
{'statusCode': 0, 'package': '@knapsack/browserslist-config_3.38.3-canary.927.8648e88.0', 'message': 'no deps or dev-deps'}
{'statusCode': 0, 'package': '@knapsack/browserslist-config_3.38.3-canary.927.395f17d.0', 'message': 'no deps or dev-deps'}
{'statusCode': 0, 'package': '@knapsack/browserslist-config_3.38.3-canary.927.395f17d.1', 'message': 'no deps or dev-deps'}
{'statusCode': 0, 'package': '@knapsack/browserslist-config_3.38.3-canary.927.8d34f66.0', 'message': 'no deps or dev-deps'}
{'statusCode': 0, 'package': '@knapsack/browserslist-config_3.38.3-canary.927.288e40e.0', 'message': 'no deps or dev-deps'}
{'statusCode': 0, 'package': '@knapsack/browserslist-config_3.39.0-canary.927.2e8b582.0', 'message': 'no deps or dev-deps'}
{'statusCode': 0, 'package': '@knapsack/browserslist-config_3.38.3-canary.5239c4e.0', 'message': 'no deps or dev-deps'}
{'statusCode': 0, 'package': '@knapsack/browserslist-config_3.38.3-canary.940.f6ebdcc.0', 'message': 'no deps or dev-deps'}
{'statusCode': 0, 'package': '@knapsack/browserslist-config_3.38.3-canary.940.61ef56d.0', 'message': 'no deps or dev-deps'}
{'statusCode': 0, 'package': '@knapsack/browserslist-config_3.38.3-canary.e7b427e.0', 'message': 'no deps or dev-deps'}
{'statusCode': 0, 'package': '@knapsack/browserslist-config_3.39.0-canary.942.5f72b84.0', 'message': 'no deps or dev-deps'}
{'statusCode': 0, 'package': '@knapsack/browserslist-config_3.38.3-canary.943.8e84a12.0', 'message': 'no deps or dev-deps'}
{'statusCode': 0, 'package': '@knapsack/browserslist-config_3.38.3-canary.945.678e5dd.0', 'message': 'no deps or dev-deps'}
{'statusCode': 0, 'package': '@knapsack/browserslist-config_3.38.3-canary.919.83a21fd.0', 'message': 'no deps or dev-deps'}
{'statusCode': 0, 'package': '@knapsack/browserslist-config_3.38.3-canary.940.0a307fd.0', 'message': 'no deps or dev-deps'}
{'statusCode': 0, 'package': '@knapsack/browserslist-config_3.38.3-canary.938.4deba57.0', 'message': 'no deps or dev-deps'}
{'statusCode': 0, 'package': '@knapsack/browserslist-config_3.38.3-canary.921.87b6085.0', 'message': 'no deps or dev-deps'}
{'statusCode': 0, 'package': '@knapsack/browserslist-config_3.39.0-canary.865.01898e0.0', 'message': 'no deps or dev-deps'}
{'statusCode': 0, 'package': '@knapsack/browserslist-config_3.39.0-canary.920.6db5993.0', 'message': 'no deps or dev-deps'}
{'statusCode': 0, 'package': '@knapsack/browserslist-config_3.39.0-canary.933.a4e097f.0', 'message': 'no deps or dev-deps'}
{'statusCode': 0, 'package': '@knapsack/browserslist-config_3.38.3-canary.922.a0b210a.0', 'message': 'no deps or dev-deps'}
{'statusCode': 0, 'package': '@knapsack/browserslist-config_3.39.0-canary.935.223dd7d.0', 'message': 'no deps or dev-deps'}
{'statusCode': 0, 'package': '@knapsack/browserslist-config_3.39.0-canary.937.8d3784a.0', 'message': 'no deps or dev-deps'}
{'statusCode': 0, 'package': '@knapsack/browserslist-config_3.38.3-canary.938.4c63f15.0', 'message': 'no deps or dev-deps'}
{'statusCode': 0, 'package': '@knapsack/browserslist-config_3.38.3-canary.921.0c88a02.0', 'message': 'no deps or dev-deps'}
{'statusCode': 0, 'package': '@knapsack/browserslist-config_3.38.3', 'message': 'no deps or dev-deps'}
{'statusCode': 0, 'package': '@knapsack/browserslist-config_3.38.4-canary.e5518d4.0', 'message': 'no deps or dev-deps'}
{'statusCode': 0, 'package': '@knapsack/browserslist-config_3.38.4-canary.946.3864809.0', 'message': 'no deps or dev-deps'}
{'statusCode': 0, 'package': '@knapsack/browserslist-config_3.38.4-canary.defc783.0', 'message': 'no deps or dev-deps'}
{'statusCode': 0, 'package': '@knapsack/browserslist-config_3.38.4-canary.946.640c5bc.0', 'message': 'no deps or dev-deps'}
{'statusCode': 0, 'package': '@knapsack/browserslist-config_3.38.4-canary.950.2c4f1af.0', 'message': 'no deps or dev-deps'}
{'statusCode': 0, 'package': '@knapsack/browserslist-config_3.38.4-canary.945.76a0f46.0', 'message': 'no deps or dev-deps'}
{'statusCode': 0, 'package': '@knapsack/browserslist-config_3.38.4-canary.947.e1b350b.0', 'message': 'no deps or dev-deps'}
{'statusCode': 0, 'package': '@knapsack/browserslist-config_3.38.4-canary.947.e02c00e.0', 'message': 'no deps or dev-deps'}
{'statusCode': 0, 'package': '@knapsack/browserslist-config_3.39.0-canary.935.a844469.0', 'message': 'no deps or dev-deps'}
{'statusCode': 0, 'package': '@knapsack/browserslist-config_3.38.4-canary.953.5bf1928.0', 'message': 'no deps or dev-deps'}
{'statusCode': 0, 'package': '@knapsack/browserslist-config_3.39.0-canary.954.d39145f.0', 'message': 'no deps or dev-deps'}
{'statusCode': 0, 'package': '@knapsack/browserslist-config_3.38.4-canary.955.28f7b39.0', 'message': 'no deps or dev-deps'}
{'statusCode': 0, 'package': '@knapsack/browserslist-config_3.38.4-canary.9cb6a05.0', 'message': 'no deps or dev-deps'}
{'statusCode': 0, 'package': '@knapsack/browserslist-config_3.38.4-canary.09cf536.0', 'message': 'no deps or dev-deps'}
{'statusCode': 0, 'package': '@knapsack/browserslist-config_3.38.4-canary.957.c314840.0', 'message': 'no deps or dev-deps'}
{'statusCode': 0, 'package': '@knapsack/browserslist-config_3.38.4-canary.957.8efe7a3.0', 'message': 'no deps or dev-deps'}
{'statusCode': 0, 'package': '@knapsack/browserslist-config_3.38.4-canary.956.fe70dad.0', 'message': 'no deps or dev-deps'}
{'statusCode': 0, 'package': '@knapsack/browserslist-config_3.38.4-canary.953.e6d87b1.0', 'message': 'no deps or dev-deps'}
{'statusCode': 0, 'package': '@knapsack/browserslist-config_3.38.4-canary.959.a1b1cef.0', 'message': 'no deps or dev-deps'}
{'statusCode': 0, 'package': '@knapsack/browserslist-config_3.39.0-canary.937.7796ef8.0', 'message': 'no deps or dev-deps'}
{'statusCode': 0, 'package': '@knapsack/browserslist-config_3.39.0-canary.937.ca764ab.0', 'message': 'no deps or dev-deps'}
{'statusCode': 0, 'package': '@knapsack/browserslist-config_3.39.0-canary.933.7d3a5c5.0', 'message': 'no deps or dev-deps'}
{'statusCode': 0, 'package': '@knapsack/browserslist-config_3.39.0-canary.956.97e5ef3.0', 'message': 'no deps or dev-deps'}
{'statusCode': 0, 'package': '@knapsack/browserslist-config_3.39.0-canary.937.04bb16c.0', 'message': 'no deps or dev-deps'}
{'statusCode': 0, 'package': '@knapsack/browserslist-config_3.39.0-canary.937.8070691.0', 'message': 'no deps or dev-deps'}
{'statusCode': 0, 'package': '@knapsack/browserslist-config_3.39.0-canary.956.9380cd4.0', 'message': 'no deps or dev-deps'}
{'statusCode': 0, 'package': '@knapsack/browserslist-config_3.39.0-canary.956.1a3b5a4.0', 'message': 'no deps or dev-deps'}
{'statusCode': 0, 'package': '@knapsack/browserslist-config_3.39.0-canary.956.527fb0a.0', 'message': 'no deps or dev-deps'}
{'statusCode': 0, 'package': '@knapsack/browserslist-config_3.39.0-canary.956.e9ee320.0', 'message': 'no deps or dev-deps'}
{'statusCode': 0, 'package': '@knapsack/browserslist-config_3.39.0-canary.956.d61ce14.0', 'message': 'no deps or dev-deps'}
{'statusCode': 0, 'package': '@knapsack/browserslist-config_3.39.0-canary.957.ddb5e79.0', 'message': 'no deps or dev-deps'}
{'statusCode': 0, 'package': '@knapsack/browserslist-config_3.39.0-canary.935.84c72ce.0', 'message': 'no deps or dev-deps'}
{'statusCode': 0, 'package': '@knapsack/browserslist-config_3.39.0-canary.957.6bb2291.0', 'message': 'no deps or dev-deps'}
{'statusCode': 0, 'package': '@knapsack/browserslist-config_3.38.4-canary.5420503.0', 'message': 'no deps or dev-deps'}
{'statusCode': 0, 'package': '@knapsack/browserslist-config_3.38.4-canary.960.42b6b7e.0', 'message': 'no deps or dev-deps'}
{'statusCode': 0, 'package': '@knapsack/browserslist-config_3.38.4-canary.946.bed72c5.0', 'message': 'no deps or dev-deps'}
{'statusCode': 0, 'package': '@knapsack/browserslist-config_3.39.0-canary.920.48a7144.0', 'message': 'no deps or dev-deps'}
{'statusCode': 0, 'package': '@knapsack/browserslist-config_3.39.0-canary.865.45efc56.0', 'message': 'no deps or dev-deps'}
{'statusCode': 0, 'package': '@knapsack/browserslist-config_3.38.4-canary.950.1f92a0e.0', 'message': 'no deps or dev-deps'}
{'statusCode': 0, 'package': '@knapsack/browserslist-config_3.39.0-canary.957.3061756.0', 'message': 'no deps or dev-deps'}
{'statusCode': 0, 'package': '@knapsack/browserslist-config_3.38.4-canary.922.ddbf15e.0', 'message': 'no deps or dev-deps'}
{'statusCode': 0, 'package': '@knapsack/browserslist-config_3.38.4-canary.2937f6e.0', 'message': 'no deps or dev-deps'}
{'statusCode': 0, 'package': '@knapsack/browserslist-config_3.39.0-canary.962.1cd2bc8.0', 'message': 'no deps or dev-deps'}
{'statusCode': 0, 'package': '@knapsack/browserslist-config_3.39.0-canary.957.2ac7e9a.0', 'message': 'no deps or dev-deps'}
{'statusCode': 0, 'package': '@knapsack/browserslist-config_3.39.0-canary.962.fa038d8.0', 'message': 'no deps or dev-deps'}
{'statusCode': 0, 'package': '@knapsack/browserslist-config_3.38.4-canary.abc05a5.0', 'message': 'no deps or dev-deps'}
{'statusCode': 0, 'package': '@knapsack/browserslist-config_3.38.4-canary.964.e8b90b7.0', 'message': 'no deps or dev-deps'}
{'statusCode': 0, 'package': '@knapsack/browserslist-config_3.39.0-canary.965.dc8d8c9.0', 'message': 'no deps or dev-deps'}
{'statusCode': 0, 'package': '@knapsack/browserslist-config_3.38.4-canary.964.db967d8.0', 'message': 'no deps or dev-deps'}
{'statusCode': 0, 'package': '@knapsack/browserslist-config_3.38.4-canary.967.5f9e08d.0', 'message': 'no deps or dev-deps'}
{'statusCode': 0, 'package': '@knapsack/browserslist-config_3.38.4-canary.946.6d26122.0', 'message': 'no deps or dev-deps'}
{'statusCode': 0, 'package': '@knapsack/browserslist-config_3.38.4-canary.946.de56cfe.0', 'message': 'no deps or dev-deps'}
{'statusCode': 0, 'package': '@knapsack/browserslist-config_3.38.4-canary.968.25da83b.0', 'message': 'no deps or dev-deps'}
{'statusCode': 0, 'package': '@knapsack/browserslist-config_3.38.4-canary.946.73af03e.0', 'message': 'no deps or dev-deps'}
{'statusCode': 0, 'package': '@knapsack/browserslist-config_3.39.0-canary.865.6461d64.0', 'message': 'no deps or dev-deps'}
{'statusCode': 0, 'package': '@knapsack/browserslist-config_3.38.4-canary.960.bef17ae.0', 'message': 'no deps or dev-deps'}
{'statusCode': 0, 'package': '@knapsack/browserslist-config_3.39.0-canary.865.74ebced.0', 'message': 'no deps or dev-deps'}
{'statusCode': 0, 'package': '@knapsack/browserslist-config_3.38.4-canary.950.6e4cc55.0', 'message': 'no deps or dev-deps'}
{'statusCode': 0, 'package': '@knapsack/browserslist-config_3.38.4-canary.968.442d7e4.0', 'message': 'no deps or dev-deps'}
{'statusCode': 0, 'package': '@knapsack/browserslist-config_3.38.4-canary.968.4b98f04.0', 'message': 'no deps or dev-deps'}
{'statusCode': 0, 'package': '@knapsack/browserslist-config_3.38.4-canary.968.e1ab6bc.0', 'message': 'no deps or dev-deps'}
{'statusCode': 0, 'package': '@knapsack/browserslist-config_3.38.4-canary.967.84ab8af.0', 'message': 'no deps or dev-deps'}
{'statusCode': 0, 'package': '@knapsack/browserslist-config_3.38.4-canary.969.1e92a4e.0', 'message': 'no deps or dev-deps'}
{'statusCode': 0, 'package': '@knapsack/browserslist-config_3.39.0-canary.922.7eca484.0', 'message': 'no deps or dev-deps'}
{'statusCode': 0, 'package': '@knapsack/browserslist-config_3.38.4-canary.968.e1ab6bc.1', 'message': 'no deps or dev-deps'}
{'statusCode': 0, 'package': '@knapsack/browserslist-config_3.38.4-canary.967.7fbccfa.0', 'message': 'no deps or dev-deps'}
{'statusCode': 0, 'package': '@knapsack/browserslist-config_3.39.0-canary.922.37b813d.0', 'message': 'no deps or dev-deps'}
{'statusCode': 0, 'package': '@knapsack/browserslist-config_3.39.0-canary.965.55d2175.0', 'message': 'no deps or dev-deps'}
{'statusCode': 0, 'package': '@knapsack/browserslist-config_3.39.0-canary.957.6b5e769.0', 'message': 'no deps or dev-deps'}
{'statusCode': 0, 'package': '@knapsack/browserslist-config_3.39.0-canary.965.980ef0d.0', 'message': 'no deps or dev-deps'}
{'statusCode': 0, 'package': '@knapsack/browserslist-config_3.39.0-canary.922.bb60c42.0', 'message': 'no deps or dev-deps'}
{'statusCode': 0, 'package': '@knapsack/browserslist-config_3.39.0-canary.922.a29d95c.0', 'message': 'no deps or dev-deps'}
{'statusCode': 0, 'package': '@knapsack/browserslist-config_3.39.0-canary.920.fb1fe14.0', 'message': 'no deps or dev-deps'}
{'statusCode': 0, 'package': '@knapsack/browserslist-config_3.38.4-canary.969.250562b.0', 'message': 'no deps or dev-deps'}
{'statusCode': 0, 'package': '@knapsack/browserslist-config_3.38.4-canary.906.9260a66.0', 'message': 'no deps or dev-deps'}
{'statusCode': 0, 'package': '@knapsack/browserslist-config_3.38.4-canary.946.db8ae47.0', 'message': 'no deps or dev-deps'}
{'statusCode': 0, 'package': '@knapsack/browserslist-config_3.38.4-canary.946.8cabf16.0', 'message': 'no deps or dev-deps'}
{'statusCode': 0, 'package': '@knapsack/browserslist-config_3.38.4-canary.906.5a921ec.0', 'message': 'no deps or dev-deps'}
{'statusCode': 0, 'package': '@knapsack/browserslist-config_3.38.4-canary.906.bc3b1cd.0', 'message': 'no deps or dev-deps'}
{'statusCode': 0, 'package': '@knapsack/browserslist-config_3.38.4-canary.906.22783b4.0', 'message': 'no deps or dev-deps'}
{'statusCode': 0, 'package': '@knapsack/browserslist-config_3.38.4', 'message': 'no deps or dev-deps'}
{'statusCode': 0, 'package': '@knapsack/browserslist-config_3.38.5-canary.950.ef70a28.0', 'message': 'no deps or dev-deps'}
{'statusCode': 0, 'package': '@knapsack/browserslist-config_3.38.5-canary.946.122a9d6.0', 'message': 'no deps or dev-deps'}
{'statusCode': 0, 'package': '@knapsack/browserslist-config_3.38.5-canary.960.8e22fef.0', 'message': 'no deps or dev-deps'}
{'statusCode': 0, 'package': '@knapsack/browserslist-config_3.38.5-canary.972.b4b1e24.0', 'message': 'no deps or dev-deps'}
{'statusCode': 0, 'package': '@knapsack/browserslist-config_3.38.5-canary.939.30adf89.0', 'message': 'no deps or dev-deps'}
{'statusCode': 0, 'package': '@knapsack/browserslist-config_3.38.5-canary.db2264a.0', 'message': 'no deps or dev-deps'}
{'statusCode': 0, 'package': '@knapsack/browserslist-config_3.38.5-canary.946.fb3a684.0', 'message': 'no deps or dev-deps'}
{'statusCode': 0, 'package': '@knapsack/browserslist-config_3.38.5-canary.aa7e69b.0', 'message': 'no deps or dev-deps'}
{'statusCode': 0, 'package': '@knapsack/browserslist-config_3.38.5-canary.946.268c91e.0', 'message': 'no deps or dev-deps'}
{'statusCode': 0, 'package': '@knapsack/browserslist-config_3.38.5-canary.973.3846ca0.0', 'message': 'no deps or dev-deps'}
{'statusCode': 0, 'package': '@knapsack/browserslist-config_3.38.5-canary.973.9762193.0', 'message': 'no deps or dev-deps'}
{'statusCode': 0, 'package': '@knapsack/browserslist-config_3.38.5-canary.973.e2b4143.0', 'message': 'no deps or dev-deps'}
{'statusCode': 0, 'package': '@knapsack/browserslist-config_3.38.5-canary.5d02d0a.0', 'message': 'no deps or dev-deps'}
{'statusCode': 0, 'package': '@knapsack/browserslist-config_3.38.5-canary.18cb839.0', 'message': 'no deps or dev-deps'}
{'statusCode': 0, 'package': '@knapsack/browserslist-config_3.38.5-canary.d13fd2c.0', 'message': 'no deps or dev-deps'}
{'statusCode': 0, 'package': '@knapsack/browserslist-config_3.38.5-canary.85c5a71.0', 'message': 'no deps or dev-deps'}
{'statusCode': 0, 'package': '@knapsack/browserslist-config_3.38.5-canary.976.b8943ea.0', 'message': 'no deps or dev-deps'}
{'statusCode': 0, 'package': '@knapsack/browserslist-config_3.38.5-canary.976.1e3c99f.0', 'message': 'no deps or dev-deps'}
{'statusCode': 0, 'package': '@knapsack/browserslist-config_3.38.5-canary.978.dfe4ee4.0', 'message': 'no deps or dev-deps'}
{'statusCode': 0, 'package': '@knapsack/browserslist-config_3.38.5-canary.972.8a73ea6.0', 'message': 'no deps or dev-deps'}
{'statusCode': 0, 'package': '@knapsack/browserslist-config_3.38.5-canary.978.e2ac470.0', 'message': 'no deps or dev-deps'}
{'statusCode': 0, 'package': '@knapsack/browserslist-config_3.38.5-canary.978.f99a60c.0', 'message': 'no deps or dev-deps'}
{'statusCode': 0, 'package': '@knapsack/browserslist-config_3.39.0-canary.965.3f7f415.0', 'message': 'no deps or dev-deps'}
{'statusCode': 0, 'package': '@knapsack/browserslist-config_3.38.5-canary.978.b4e3f07.0', 'message': 'no deps or dev-deps'}
{'statusCode': 0, 'package': '@knapsack/browserslist-config_3.38.5-canary.978.53e6f52.0', 'message': 'no deps or dev-deps'}
{'statusCode': 0, 'package': '@knapsack/browserslist-config_3.38.5-canary.625abc2.0', 'message': 'no deps or dev-deps'}
{'statusCode': 0, 'package': '@knapsack/browserslist-config_3.38.5-canary.980.45315f6.0', 'message': 'no deps or dev-deps'}
{'statusCode': 0, 'package': '@knapsack/browserslist-config_3.38.5-canary.978.e7841ea.0', 'message': 'no deps or dev-deps'}
{'statusCode': 0, 'package': '@knapsack/browserslist-config_3.38.5-canary.978.b52008f.0', 'message': 'no deps or dev-deps'}
{'statusCode': 0, 'package': '@knapsack/browserslist-config_3.38.5-canary.a153465.0', 'message': 'no deps or dev-deps'}
{'statusCode': 0, 'package': '@knapsack/browserslist-config_3.39.0-canary.962.e75491c.0', 'message': 'no deps or dev-deps'}
{'statusCode': 0, 'package': '@knapsack/browserslist-config_3.38.5-canary.978.3de6bc2.0', 'message': 'no deps or dev-deps'}
{'statusCode': 0, 'package': '@knapsack/browserslist-config_3.38.5-canary.978.3217b92.0', 'message': 'no deps or dev-deps'}
{'statusCode': 0, 'package': '@knapsack/browserslist-config_3.38.5-canary.978.df26fe0.0', 'message': 'no deps or dev-deps'}
{'statusCode': 0, 'package': '@knapsack/browserslist-config_3.38.5-canary.967.02ac7ef.0', 'message': 'no deps or dev-deps'}
{'statusCode': 0, 'package': '@knapsack/browserslist-config_3.38.5-canary.967.8d69968.0', 'message': 'no deps or dev-deps'}
{'statusCode': 0, 'package': '@knapsack/browserslist-config_3.38.5-canary.967.89ed751.0', 'message': 'no deps or dev-deps'}
{'statusCode': 0, 'package': '@knapsack/browserslist-config_3.38.5-canary.a303955.0', 'message': 'no deps or dev-deps'}
{'statusCode': 0, 'package': '@knapsack/browserslist-config_3.38.5-canary.964.caa894b.0', 'message': 'no deps or dev-deps'}
{'statusCode': 0, 'package': '@knapsack/browserslist-config_3.38.5-canary.964.adec366.0', 'message': 'no deps or dev-deps'}
{'statusCode': 0, 'package': '@knapsack/browserslist-config_3.38.5-canary.983.3134d0d.0', 'message': 'no deps or dev-deps'}
{'statusCode': 0, 'package': '@knapsack/browserslist-config_3.38.5-canary.978.c0ccf85.0', 'message': 'no deps or dev-deps'}
{'statusCode': 0, 'package': '@knapsack/browserslist-config_3.39.0-canary.965.700ddfb.0', 'message': 'no deps or dev-deps'}
{'statusCode': 0, 'package': '@knapsack/browserslist-config_3.38.5-canary.964.3e9d0d6.0', 'message': 'no deps or dev-deps'}
{'statusCode': 0, 'package': '@knapsack/browserslist-config_3.39.0-canary.978.4985995.0', 'message': 'no deps or dev-deps'}
{'statusCode': 0, 'package': '@knapsack/browserslist-config_3.39.0-canary.978.7c6ebe3.0', 'message': 'no deps or dev-deps'}
{'statusCode': 0, 'package': '@knapsack/browserslist-config_3.38.5-canary.3461e6c.0', 'message': 'no deps or dev-deps'}
{'statusCode': 0, 'package': '@knapsack/browserslist-config_3.39.0', 'message': 'no deps or dev-deps'}
{'statusCode': 0, 'package': '@knapsack/browserslist-config_3.39.1-canary.7f6ead7.0', 'message': 'no deps or dev-deps'}
{'statusCode': 0, 'package': '@knapsack/browserslist-config_3.39.1-canary.4a7e79c.0', 'message': 'no deps or dev-deps'}
{'statusCode': 0, 'package': '@knapsack/browserslist-config_3.39.1-canary.0c91ae6.0', 'message': 'no deps or dev-deps'}
{'statusCode': 0, 'package': '@knapsack/browserslist-config_3.39.1-canary.6324939.0', 'message': 'no deps or dev-deps'}
{'statusCode': 0, 'package': '@knapsack/browserslist-config_3.39.1-canary.964.2e67875.0', 'message': 'no deps or dev-deps'}
{'statusCode': 0, 'package': '@knapsack/browserslist-config_3.39.1-canary.986.5f3e33a.0', 'message': 'no deps or dev-deps'}
{'statusCode': 0, 'package': '@knapsack/browserslist-config_3.39.1', 'message': 'no deps or dev-deps'}
{'statusCode': 0, 'package': '@knapsack/browserslist-config_3.39.2-canary.988.7e53bcb.0', 'message': 'no deps or dev-deps'}
{'statusCode': 0, 'package': '@knapsack/browserslist-config_3.39.2-canary.950.cf3a99a.0', 'message': 'no deps or dev-deps'}
{'statusCode': 0, 'package': '@knapsack/browserslist-config_3.39.2-canary.989.ef715bd.0', 'message': 'no deps or dev-deps'}
{'statusCode': 0, 'package': '@knapsack/browserslist-config_3.39.2-canary.989.ef715bd.1', 'message': 'no deps or dev-deps'}
{'statusCode': 0, 'package': '@knapsack/browserslist-config_3.39.2-canary.6008a63.0', 'message': 'no deps or dev-deps'}
{'statusCode': 0, 'package': '@knapsack/browserslist-config_3.39.2-canary.967.aab141f.0', 'message': 'no deps or dev-deps'}
{'statusCode': 0, 'package': '@knapsack/browserslist-config_3.39.2-canary.16ccf67.0', 'message': 'no deps or dev-deps'}
{'statusCode': 0, 'package': '@knapsack/browserslist-config_3.39.2-canary.939.8415db8.0', 'message': 'no deps or dev-deps'}
{'statusCode': 0, 'package': '@knapsack/browserslist-config_3.39.2-canary.990.a57f300.0', 'message': 'no deps or dev-deps'}
{'statusCode': 0, 'package': '@knapsack/browserslist-config_3.39.2-canary.b70ef0c.0', 'message': 'no deps or dev-deps'}
{'statusCode': 0, 'package': '@knapsack/browserslist-config_3.39.2-canary.991.67dc86e.0', 'message': 'no deps or dev-deps'}
{'statusCode': 0, 'package': '@knapsack/browserslist-config_3.39.2-canary.991.a57836f.0', 'message': 'no deps or dev-deps'}
{'statusCode': 0, 'package': '@knapsack/browserslist-config_3.39.2-canary.991.4aa006b.0', 'message': 'no deps or dev-deps'}
{'statusCode': 0, 'package': '@knapsack/browserslist-config_3.39.2-canary.ccdc959.0', 'message': 'no deps or dev-deps'}
{'statusCode': 0, 'package': '@knapsack/browserslist-config_3.39.2-canary.988.3e69064.0', 'message': 'no deps or dev-deps'}
{'statusCode': 0, 'package': '@knapsack/browserslist-config_3.39.2--canary.994.bace962.0', 'message': 'no deps or dev-deps'}
{'statusCode': 0, 'package': '@knapsack/browserslist-config_3.39.2-canary.992.112f6d9.0', 'message': 'no deps or dev-deps'}
{'statusCode': 0, 'package': '@knapsack/browserslist-config_3.39.2-canary.992.9519413.0', 'message': 'no deps or dev-deps'}
{'statusCode': 0, 'package': '@knapsack/browserslist-config_3.39.2-canary.992.24d059e.0', 'message': 'no deps or dev-deps'}
{'statusCode': 0, 'package': '@knapsack/browserslist-config_3.39.2-canary.992.3ec97cd.0', 'message': 'no deps or dev-deps'}
{'statusCode': 0, 'package': '@knapsack/browserslist-config_3.39.2--canary.995.5a6c11d.0', 'message': 'no deps or dev-deps'}
{'statusCode': 0, 'package': '@knapsack/browserslist-config_3.39.2--canary.988.207396f.0', 'message': 'no deps or dev-deps'}
{'statusCode': 0, 'package': '@knapsack/browserslist-config_3.39.2--canary.996.cb66aff.0', 'message': 'no deps or dev-deps'}
{'statusCode': 0, 'package': '@knapsack/browserslist-config_3.39.2--canary.964.447a741.0', 'message': 'no deps or dev-deps'}
{'statusCode': 0, 'package': '@knapsack/browserslist-config_3.39.2--canary.950.2336e78.0', 'message': 'no deps or dev-deps'}
{'statusCode': 0, 'package': '@knapsack/browserslist-config_3.39.2--canary.997.d7475a7.0', 'message': 'no deps or dev-deps'}
{'statusCode': 0, 'package': '@knapsack/browserslist-config_3.39.2--canary.997.a8d9ec4.0', 'message': 'no deps or dev-deps'}
{'statusCode': 0, 'package': '@knapsack/browserslist-config_3.39.2--canary.999.3b8c96e.0', 'message': 'no deps or dev-deps'}
{'statusCode': 0, 'package': '@knapsack/browserslist-config_3.39.2--canary.995.bbeefe7.0', 'message': 'no deps or dev-deps'}
{'statusCode': 0, 'package': '@knapsack/browserslist-config_3.39.2--canary.995.58bacc4.0', 'message': 'no deps or dev-deps'}
{'statusCode': 0, 'package': '@knapsack/browserslist-config_3.39.2--canary.995.cf37d65.0', 'message': 'no deps or dev-deps'}
{'statusCode': 0, 'package': '@knapsack/browserslist-config_3.39.2--canary.997.7808f2a.0', 'message': 'no deps or dev-deps'}
{'statusCode': 0, 'package': '@knapsack/browserslist-config_3.40.0--canary.995.4a3eefd.0', 'message': 'no deps or dev-deps'}
{'statusCode': 0, 'package': '@knapsack/browserslist-config_3.40.0-canary.967.5ffad2a.0', 'message': 'no deps or dev-deps'}
{'statusCode': 0, 'package': '@knapsack/browserslist-config_3.40.0-canary.967.b3dd4bc.0', 'message': 'no deps or dev-deps'}
{'statusCode': 0, 'package': '@knapsack/browserslist-config_3.39.2--canary.1001.9188c02.0', 'message': 'no deps or dev-deps'}
{'statusCode': 0, 'package': '@knapsack/browserslist-config_3.40.0-canary.967.500cd22.0', 'message': 'no deps or dev-deps'}
{'statusCode': 0, 'package': '@knapsack/browserslist-config_3.39.2--canary.eec17df.0', 'message': 'no deps or dev-deps'}
{'statusCode': 0, 'package': '@knapsack/browserslist-config_3.39.2--canary.997.9d57967.0', 'message': 'no deps or dev-deps'}
{'statusCode': 0, 'package': '@knapsack/browserslist-config_3.40.0-canary.1004.7f58ef5.0', 'message': 'no deps or dev-deps'}
{'statusCode': 0, 'package': '@knapsack/browserslist-config_3.40.0--canary.995.593129a.0', 'message': 'no deps or dev-deps'}
{'statusCode': 0, 'package': '@knapsack/browserslist-config_3.40.0--canary.1002.012b985.0', 'message': 'no deps or dev-deps'}
{'statusCode': 0, 'package': '@knapsack/browserslist-config_3.39.2-canary.989.6945aaa.0', 'message': 'no deps or dev-deps'}
{'statusCode': 0, 'package': '@knapsack/browserslist-config_3.39.2--canary.3c10333.0', 'message': 'no deps or dev-deps'}
{'statusCode': 0, 'package': '@knapsack/browserslist-config_3.39.2-canary.989.c4e7222.0', 'message': 'no deps or dev-deps'}
{'statusCode': 0, 'package': '@knapsack/browserslist-config_3.40.0--canary.995.2dfdded.0', 'message': 'no deps or dev-deps'}
{'statusCode': 0, 'package': '@knapsack/browserslist-config_3.40.0--canary.995.c94882d.0', 'message': 'no deps or dev-deps'}
{'statusCode': 0, 'package': '@knapsack/browserslist-config_3.40.0--canary.995.cebc00b.0', 'message': 'no deps or dev-deps'}
{'statusCode': 0, 'package': '@knapsack/browserslist-config_3.39.2-canary.1005.d98ec79.0', 'message': 'no deps or dev-deps'}
{'statusCode': 0, 'package': '@knapsack/browserslist-config_3.39.2-canary.1005.18670d3.0', 'message': 'no deps or dev-deps'}
{'statusCode': 0, 'package': '@knapsack/browserslist-config_3.39.2', 'message': 'no deps or dev-deps'}
{'statusCode': 0, 'package': '@knapsack/browserslist-config_3.39.3--canary.1001.f1e97ad.0', 'message': 'no deps or dev-deps'}
{'statusCode': 0, 'package': '@knapsack/browserslist-config_3.39.3-canary.1006.a4ef615.0', 'message': 'no deps or dev-deps'}
{'statusCode': 0, 'package': '@knapsack/browserslist-config_3.39.3--canary.1006.94a6a92.0', 'message': 'no deps or dev-deps'}
{'statusCode': 0, 'package': '@knapsack/browserslist-config_3.39.3--canary.b299609.0', 'message': 'no deps or dev-deps'}
{'statusCode': 0, 'package': '@knapsack/browserslist-config_3.39.3--canary.964.7a2ac2e.0', 'message': 'no deps or dev-deps'}
{'statusCode': 0, 'package': '@knapsack/browserslist-config_3.40.0-canary.990.38cb264.0', 'message': 'no deps or dev-deps'}
{'statusCode': 0, 'package': '@knapsack/browserslist-config_3.39.3-canary.991.1a833bd.0', 'message': 'no deps or dev-deps'}
{'statusCode': 0, 'package': '@knapsack/browserslist-config_3.40.0--canary.995.ec5115a.0', 'message': 'no deps or dev-deps'}
{'statusCode': 0, 'package': '@knapsack/browserslist-config_3.39.3-canary.939.03c9812.0', 'message': 'no deps or dev-deps'}
{'statusCode': 0, 'package': '@knapsack/browserslist-config_3.39.3-canary.939.68e9f82.0', 'message': 'no deps or dev-deps'}
{'statusCode': 0, 'package': '@knapsack/browserslist-config_3.40.0-canary.967.412f63b.0', 'message': 'no deps or dev-deps'}
{'statusCode': 0, 'package': '@knapsack/browserslist-config_3.39.3-canary.939.12ed532.0', 'message': 'no deps or dev-deps'}
{'statusCode': 0, 'package': '@knapsack/browserslist-config_3.40.0-canary.967.c59b359.0', 'message': 'no deps or dev-deps'}
{'statusCode': 0, 'package': '@knapsack/browserslist-config_3.40.0-canary.990.12b49fb.0', 'message': 'no deps or dev-deps'}
{'statusCode': 0, 'package': '@knapsack/browserslist-config_3.40.0--canary.995.566b74e.0', 'message': 'no deps or dev-deps'}
{'statusCode': 0, 'package': '@knapsack/browserslist-config_3.39.3--canary.1001.6a4fc17.0', 'message': 'no deps or dev-deps'}
{'statusCode': 0, 'package': '@knapsack/browserslist-config_3.40.0-canary.995.c970068.0', 'message': 'no deps or dev-deps'}
{'statusCode': 0, 'package': '@knapsack/browserslist-config_3.40.0', 'message': 'no deps or dev-deps'}
{'statusCode': 0, 'package': '@knapsack/browserslist-config_3.40.1-canary.939.7ec5b42.0', 'message': 'no deps or dev-deps'}
{'statusCode': 0, 'package': '@knapsack/browserslist-config_3.41.0-canary.1007.e08aaea.0', 'message': 'no deps or dev-deps'}
{'statusCode': 0, 'package': '@knapsack/browserslist-config_3.40.1--canary.f74abcd.0', 'message': 'no deps or dev-deps'}
{'statusCode': 0, 'package': '@knapsack/browserslist-config_3.41.0--canary.990.6dfb7ae.0', 'message': 'no deps or dev-deps'}
{'statusCode': 0, 'package': '@knapsack/browserslist-config_3.41.0', 'message': 'no deps or dev-deps'}
{'statusCode': 0, 'package': '@knapsack/browserslist-config_3.42.0-canary.1008.26e2a0c.0', 'message': 'no deps or dev-deps'}
{'statusCode': 0, 'package': '@knapsack/browserslist-config_3.42.0', 'message': 'no deps or dev-deps'}
{'statusCode': 0, 'package': '@knapsack/browserslist-config_3.42.1-canary.939.3fda4ae.0', 'message': 'no deps or dev-deps'}
{'statusCode': 0, 'package': '@knapsack/browserslist-config_3.43.0--canary.1002.5d95014.0', 'message': 'no deps or dev-deps'}
{'statusCode': 0, 'package': '@knapsack/browserslist-config_3.42.1-canary.989.74bf163.0', 'message': 'no deps or dev-deps'}
{'statusCode': 0, 'package': '@knapsack/browserslist-config_3.43.0--canary.1002.3143260.0', 'message': 'no deps or dev-deps'}
{'statusCode': 0, 'package': '@knapsack/browserslist-config_3.42.1-canary.989.9c69982.0', 'message': 'no deps or dev-deps'}
{'statusCode': 0, 'package': '@knapsack/browserslist-config_3.42.1-canary.989.74bf163.1', 'message': 'no deps or dev-deps'}
{'statusCode': 0, 'package': '@knapsack/browserslist-config_3.42.1-canary.989.9c71666.0', 'message': 'no deps or dev-deps'}
{'statusCode': 0, 'package': '@knapsack/browserslist-config_3.42.1-canary.901f1e2.0', 'message': 'no deps or dev-deps'}
{'statusCode': 0, 'package': '@knapsack/browserslist-config_3.42.1-canary.939.55d90cc.0', 'message': 'no deps or dev-deps'}
{'statusCode': 0, 'package': '@knapsack/browserslist-config_3.42.1-canary.b9b0b4b.0', 'message': 'no deps or dev-deps'}
{'statusCode': 0, 'package': '@knapsack/browserslist-config_3.42.1--canary.1010.d2c1b03.0', 'message': 'no deps or dev-deps'}
{'statusCode': 0, 'package': '@knapsack/browserslist-config_3.42.1-canary.939.a08de91.0', 'message': 'no deps or dev-deps'}
{'statusCode': 0, 'package': '@knapsack/browserslist-config_3.42.1-canary.ae73de1.0', 'message': 'no deps or dev-deps'}
{'statusCode': 0, 'package': '@knapsack/browserslist-config_3.43.0-canary.1009.b8a8019.0', 'message': 'no deps or dev-deps'}
{'statusCode': 0, 'package': '@knapsack/browserslist-config_3.42.1-canary.1010.15ba008.0', 'message': 'no deps or dev-deps'}
{'statusCode': 0, 'package': '@knapsack/browserslist-config_3.43.0--canary.990.f45f701.0', 'message': 'no deps or dev-deps'}
{'statusCode': 0, 'package': '@knapsack/browserslist-config_3.43.0-canary.1009.f39cb3e.0', 'message': 'no deps or dev-deps'}
{'statusCode': 0, 'package': '@knapsack/browserslist-config_3.43.0-canary.1009.9bfd23f.0', 'message': 'no deps or dev-deps'}
{'statusCode': 0, 'package': '@knapsack/browserslist-config_3.42.1--canary.1001.a19e43e.0', 'message': 'no deps or dev-deps'}
{'statusCode': 0, 'package': '@knapsack/browserslist-config_3.42.1-canary.1001.9e9fda6.0', 'message': 'no deps or dev-deps'}
{'statusCode': 0, 'package': '@knapsack/browserslist-config_3.43.0', 'message': 'no deps or dev-deps'}
{'statusCode': 0, 'package': '@knapsack/browserslist-config_3.43.1--canary.1015.78de906.0', 'message': 'no deps or dev-deps'}
{'statusCode': 0, 'package': '@knapsack/browserslist-config_3.43.1-canary.1015.69f6471.0', 'message': 'no deps or dev-deps'}
{'statusCode': 0, 'package': '@knapsack/browserslist-config_3.43.1-canary.1001.452ab9f.0', 'message': 'no deps or dev-deps'}
{'statusCode': 0, 'package': '@knapsack/browserslist-config_3.43.1-canary.1001.bcdb2e7.0', 'message': 'no deps or dev-deps'}
{'statusCode': 0, 'package': '@knapsack/browserslist-config_3.43.1-canary.1001.3d9961f.0', 'message': 'no deps or dev-deps'}
{'statusCode': 0, 'package': '@knapsack/browserslist-config_3.43.1-canary.1001.9f9ad2f.0', 'message': 'no deps or dev-deps'}
{'statusCode': 0, 'package': '@knapsack/browserslist-config_3.43.1-canary.1001.0f14876.0', 'message': 'no deps or dev-deps'}
{'statusCode': 0, 'package': '@knapsack/browserslist-config_3.43.1-canary.1001.13bbf90.0', 'message': 'no deps or dev-deps'}
{'statusCode': 0, 'package': '@knapsack/browserslist-config_3.43.1-canary.1017.c137b9b.0', 'message': 'no deps or dev-deps'}
{'statusCode': 0, 'package': '@knapsack/browserslist-config_3.43.1-canary.1018.6bec7d5.0', 'message': 'no deps or dev-deps'}
{'statusCode': 0, 'package': '@knapsack/browserslist-config_3.43.1-canary.964.1550438.0', 'message': 'no deps or dev-deps'}
{'statusCode': 0, 'package': '@knapsack/browserslist-config_3.44.0--canary.990.a4ca1fa.0', 'message': 'no deps or dev-deps'}
{'statusCode': 0, 'package': '@knapsack/browserslist-config_3.43.1-canary.939.af3c195.0', 'message': 'no deps or dev-deps'}
{'statusCode': 0, 'package': '@knapsack/browserslist-config_3.43.1-canary.1001.0e349a1.0', 'message': 'no deps or dev-deps'}
{'statusCode': 0, 'package': '@knapsack/browserslist-config_3.43.1--canary.939.5653c86.0', 'message': 'no deps or dev-deps'}
{'statusCode': 0, 'package': '@knapsack/browserslist-config_3.43.1--canary.939.a1105a2.0', 'message': 'no deps or dev-deps'}
{'statusCode': 0, 'package': '@knapsack/browserslist-config_3.44.0--canary.990.f46f045.0', 'message': 'no deps or dev-deps'}
{'statusCode': 0, 'package': '@knapsack/browserslist-config_3.43.1--canary.939.a1105a2.1', 'message': 'no deps or dev-deps'}
{'statusCode': 0, 'package': '@knapsack/browserslist-config_3.43.1-canary.155803f.0', 'message': 'no deps or dev-deps'}
{'statusCode': 0, 'package': '@knapsack/browserslist-config_3.43.1--canary.939.74c528e.0', 'message': 'no deps or dev-deps'}
{'statusCode': 0, 'package': '@knapsack/browserslist-config_3.43.1', 'message': 'no deps or dev-deps'}
{'statusCode': 0, 'package': '@knapsack/browserslist-config_3.43.2-canary.0c5eb5d.0', 'message': 'no deps or dev-deps'}
{'statusCode': 0, 'package': '@knapsack/browserslist-config_3.43.2--canary.939.74c528e.0', 'message': 'no deps or dev-deps'}
{'statusCode': 0, 'package': '@knapsack/browserslist-config_3.43.2-canary.988.7bfaa8e.0', 'message': 'no deps or dev-deps'}
{'statusCode': 0, 'package': '@knapsack/browserslist-config_3.43.2--canary.939.0d2f0ad.0', 'message': 'no deps or dev-deps'}
{'statusCode': 0, 'package': '@knapsack/browserslist-config_3.43.2--canary.939.124bf95.0', 'message': 'no deps or dev-deps'}
{'statusCode': 0, 'package': '@knapsack/browserslist-config_3.43.2--canary.939.7886418.0', 'message': 'no deps or dev-deps'}
{'statusCode': 0, 'package': '@knapsack/browserslist-config_3.43.2-canary.1024.7791801.0', 'message': 'no deps or dev-deps'}
{'statusCode': 0, 'package': '@knapsack/browserslist-config_3.43.2--canary.939.8a1f6e6.0', 'message': 'no deps or dev-deps'}
{'statusCode': 0, 'package': '@knapsack/browserslist-config_3.43.2-canary.1025.b3129c3.0', 'message': 'no deps or dev-deps'}
{'statusCode': 0, 'package': '@knapsack/browserslist-config_3.43.2-canary.1025.e74d007.0', 'message': 'no deps or dev-deps'}
{'statusCode': 0, 'package': '@knapsack/browserslist-config_3.43.2-canary.1026.5115b5c.0', 'message': 'no deps or dev-deps'}
{'statusCode': 0, 'package': '@knapsack/browserslist-config_3.43.2-canary.1026.754ae6d.0', 'message': 'no deps or dev-deps'}
{'statusCode': 0, 'package': '@knapsack/browserslist-config_3.43.2-canary.1026.d645860.0', 'message': 'no deps or dev-deps'}
{'statusCode': 0, 'package': '@knapsack/browserslist-config_3.43.2-canary.7f8bfc9.0', 'message': 'no deps or dev-deps'}
{'statusCode': 0, 'package': '@knapsack/browserslist-config_3.43.2-canary.1028.7f8bfc9.0', 'message': 'no deps or dev-deps'}
{'statusCode': 0, 'package': '@knapsack/browserslist-config_3.43.2-canary.1028.4bcd591.0', 'message': 'no deps or dev-deps'}
{'statusCode': 0, 'package': '@knapsack/browserslist-config_3.43.2-canary.1026.1ea2e30.0', 'message': 'no deps or dev-deps'}
{'statusCode': 0, 'package': '@knapsack/browserslist-config_3.43.2-canary.1026.3bcb399.0', 'message': 'no deps or dev-deps'}
{'statusCode': 0, 'package': '@knapsack/browserslist-config_3.43.2-canary.1024.175c038.0', 'message': 'no deps or dev-deps'}
{'statusCode': 0, 'package': '@knapsack/browserslist-config_3.43.2-canary.1015.dbf74ec.0', 'message': 'no deps or dev-deps'}
{'statusCode': 0, 'package': '@knapsack/browserslist-config_3.43.2-canary.e297cf8.0', 'message': 'no deps or dev-deps'}
{'statusCode': 0, 'package': '@knapsack/browserslist-config_3.43.2-canary.1029.6104ef6.0', 'message': 'no deps or dev-deps'}
{'statusCode': 0, 'package': '@knapsack/browserslist-config_3.43.2-canary.1029.4844e63.0', 'message': 'no deps or dev-deps'}
{'statusCode': 0, 'package': '@knapsack/browserslist-config_3.43.2-canary.1001.75edbb1.0', 'message': 'no deps or dev-deps'}
{'statusCode': 0, 'package': '@knapsack/browserslist-config_3.43.2-canary.1026.f0fc396.0', 'message': 'no deps or dev-deps'}
{'statusCode': 0, 'package': '@knapsack/browserslist-config_3.43.2-canary.1001.7404fb7.0', 'message': 'no deps or dev-deps'}
{'statusCode': 0, 'package': '@knapsack/browserslist-config_3.43.2-canary.1001.57a7266.0', 'message': 'no deps or dev-deps'}
{'statusCode': 0, 'package': '@knapsack/browserslist-config_3.43.2-canary.950.5b247fd.0', 'message': 'no deps or dev-deps'}
{'statusCode': 0, 'package': '@knapsack/browserslist-config_3.43.2-canary.1025.2325f24.0', 'message': 'no deps or dev-deps'}
{'statusCode': 0, 'package': '@knapsack/browserslist-config_3.43.2-canary.1025.43fbbf9.0', 'message': 'no deps or dev-deps'}
{'statusCode': 0, 'package': '@knapsack/browserslist-config_3.43.2-canary.1025.6c73cdd.0', 'message': 'no deps or dev-deps'}
{'statusCode': 0, 'package': '@knapsack/browserslist-config_3.43.2-canary.1028.99094cb.0', 'message': 'no deps or dev-deps'}
{'statusCode': 0, 'package': '@knapsack/browserslist-config_3.43.2-canary.1030.4d21c45.0', 'message': 'no deps or dev-deps'}
{'statusCode': 0, 'package': '@knapsack/browserslist-config_3.43.2', 'message': 'no deps or dev-deps'}
{'statusCode': 0, 'package': '@knapsack/browserslist-config_3.43.3-canary.1030.a4508af.0', 'message': 'no deps or dev-deps'}
{'statusCode': 0, 'package': '@knapsack/browserslist-config_3.43.3-canary.c04499a.0', 'message': 'no deps or dev-deps'}
{'statusCode': 0, 'package': '@knapsack/browserslist-config_3.43.3-canary.a1f285e.0', 'message': 'no deps or dev-deps'}
{'statusCode': 0, 'package': '@knapsack/browserslist-config_3.43.3-canary.1029.87fa9cd.0', 'message': 'no deps or dev-deps'}
{'statusCode': 0, 'package': '@knapsack/browserslist-config_3.43.3-canary.1028.907e5cd.0', 'message': 'no deps or dev-deps'}
{'statusCode': 0, 'package': '@knapsack/browserslist-config_3.43.3-canary.950.e62e191.0', 'message': 'no deps or dev-deps'}
{'statusCode': 0, 'package': '@knapsack/browserslist-config_3.43.3-canary.950.a0fa516.0', 'message': 'no deps or dev-deps'}
{'statusCode': 0, 'package': '@knapsack/browserslist-config_3.43.3-canary.1026.4089ff8.0', 'message': 'no deps or dev-deps'}
{'statusCode': 0, 'package': '@knapsack/browserslist-config_3.43.3-canary.28841dd.0', 'message': 'no deps or dev-deps'}
{'statusCode': 0, 'package': '@knapsack/browserslist-config_3.43.3-canary.f4c3e60.0', 'message': 'no deps or dev-deps'}
{'statusCode': 0, 'package': '@knapsack/browserslist-config_3.43.3-canary.0eeab39.0', 'message': 'no deps or dev-deps'}
{'statusCode': 0, 'package': '@knapsack/browserslist-config_3.44.0-canary.1031.9b2f138.0', 'message': 'no deps or dev-deps'}
{'statusCode': 0, 'package': '@knapsack/browserslist-config_3.43.3-canary.1028.907e5cd.1', 'message': 'no deps or dev-deps'}
{'statusCode': 0, 'package': '@knapsack/browserslist-config_3.43.3-canary.950.b800b8d.0', 'message': 'no deps or dev-deps'}
{'statusCode': 0, 'package': '@knapsack/browserslist-config_3.44.0-canary.1031.5c30e5e.0', 'message': 'no deps or dev-deps'}
{'statusCode': 0, 'package': '@knapsack/browserslist-config_3.43.3-canary.1033.76d677e.0', 'message': 'no deps or dev-deps'}
{'statusCode': 0, 'package': '@knapsack/browserslist-config_3.43.3-canary.1028.0fd3cad.0', 'message': 'no deps or dev-deps'}
{'statusCode': 0, 'package': '@knapsack/browserslist-config_3.43.3-canary.950.b800b8d.1', 'message': 'no deps or dev-deps'}
{'statusCode': 0, 'package': '@knapsack/browserslist-config_3.43.3-canary.1033.48ed61c.0', 'message': 'no deps or dev-deps'}
{'statusCode': 0, 'package': '@knapsack/browserslist-config_3.43.3-canary.1028.3ac60a6.0', 'message': 'no deps or dev-deps'}
{'statusCode': 0, 'package': '@knapsack/browserslist-config_3.43.3-canary.950.580769e.0', 'message': 'no deps or dev-deps'}
{'statusCode': 0, 'package': '@knapsack/browserslist-config_3.43.3-canary.950.7cecd2b.0', 'message': 'no deps or dev-deps'}
{'statusCode': 0, 'package': '@knapsack/browserslist-config_3.44.0-canary.1032.b47a7b0.0', 'message': 'no deps or dev-deps'}
{'statusCode': 0, 'package': '@knapsack/browserslist-config_3.43.3-canary.1026.56488ac.0', 'message': 'no deps or dev-deps'}
{'statusCode': 0, 'package': '@knapsack/browserslist-config_3.43.3-canary.1025.5cadfca.0', 'message': 'no deps or dev-deps'}
{'statusCode': 0, 'package': '@knapsack/browserslist-config_3.43.3-canary.2c24f4e.0', 'message': 'no deps or dev-deps'}
{'statusCode': 0, 'package': '@knapsack/browserslist-config_3.43.3-canary.1026.db09d77.0', 'message': 'no deps or dev-deps'}
{'statusCode': 0, 'package': '@knapsack/browserslist-config_3.44.0-canary.1032.9a4e830.0', 'message': 'no deps or dev-deps'}
{'statusCode': 0, 'package': '@knapsack/browserslist-config_3.43.3-canary.1035.47ac4f8.0', 'message': 'no deps or dev-deps'}
{'statusCode': 0, 'package': '@knapsack/browserslist-config_3.43.3-canary.1036.fedd2de.0', 'message': 'no deps or dev-deps'}
{'statusCode': 0, 'package': '@knapsack/browserslist-config_3.44.0-canary.1032.17ad8e5.0', 'message': 'no deps or dev-deps'}
{'statusCode': 0, 'package': '@knapsack/browserslist-config_3.43.3-canary.d7761cb.0', 'message': 'no deps or dev-deps'}
{'statusCode': 0, 'package': '@knapsack/browserslist-config_3.44.0-canary.1032.681409d.0', 'message': 'no deps or dev-deps'}
{'statusCode': 0, 'package': '@knapsack/browserslist-config_3.43.3-canary.1037.45cefff.0', 'message': 'no deps or dev-deps'}
{'statusCode': 0, 'package': '@knapsack/browserslist-config_3.43.3-canary.1036.d76c4f5.0', 'message': 'no deps or dev-deps'}
{'statusCode': 0, 'package': '@knapsack/browserslist-config_3.43.3-canary.1036.c9b8f56.0', 'message': 'no deps or dev-deps'}
{'statusCode': 0, 'package': '@knapsack/browserslist-config_3.43.3-canary.1036.bd2ba92.0', 'message': 'no deps or dev-deps'}
{'statusCode': 0, 'package': '@knapsack/browserslist-config_3.43.3-canary.1037.939e3ba.0', 'message': 'no deps or dev-deps'}
{'statusCode': 0, 'package': '@knapsack/browserslist-config_3.43.3-canary.1036.a5af8ed.0', 'message': 'no deps or dev-deps'}
{'statusCode': 0, 'package': '@knapsack/browserslist-config_3.43.3-canary.1038.353f5e7.0', 'message': 'no deps or dev-deps'}
{'statusCode': 0, 'package': '@knapsack/browserslist-config_3.43.3-canary.1036.e5cebc4.0', 'message': 'no deps or dev-deps'}
{'statusCode': 0, 'package': '@knapsack/browserslist-config_3.44.0', 'message': 'no deps or dev-deps'}
{'statusCode': 0, 'package': '@knapsack/browserslist-config_3.44.1-canary.1025.14039fa.0', 'message': 'no deps or dev-deps'}
{'statusCode': 0, 'package': '@knapsack/browserslist-config_3.44.1-canary.1025.52179e0.0', 'message': 'no deps or dev-deps'}
{'statusCode': 0, 'package': '@knapsack/browserslist-config_3.44.1-canary.1039.e5d4bbb.0', 'message': 'no deps or dev-deps'}
{'statusCode': 0, 'package': '@knapsack/browserslist-config_3.45.0-canary.1026.f5a2a43.0', 'message': 'no deps or dev-deps'}
{'statusCode': 0, 'package': '@knapsack/browserslist-config_3.44.1-canary.1040.28a13bd.0', 'message': 'no deps or dev-deps'}
{'statusCode': 0, 'package': '@knapsack/browserslist-config_3.44.1', 'message': 'no deps or dev-deps'}
{'statusCode': 0, 'package': '@knapsack/browserslist-config_3.44.2-canary.1041.c19929f.0', 'message': 'no deps or dev-deps'}
{'statusCode': 0, 'package': '@knapsack/browserslist-config_3.44.2-canary.1041.c19929f.1', 'message': 'no deps or dev-deps'}
{'statusCode': 0, 'package': '@knapsack/browserslist-config_3.44.2-canary.1041.4c3fcc6.0', 'message': 'no deps or dev-deps'}
{'statusCode': 0, 'package': '@knapsack/browserslist-config_3.45.0-canary.1041.a3a65d9.0', 'message': 'no deps or dev-deps'}
{'statusCode': 0, 'package': '@knapsack/browserslist-config_3.44.2-canary.1034.68599e6.0', 'message': 'no deps or dev-deps'}
{'statusCode': 0, 'package': '@knapsack/browserslist-config_3.45.0-canary.1026.399dabf.0', 'message': 'no deps or dev-deps'}
{'statusCode': 0, 'package': '@knapsack/browserslist-config_3.44.2-canary.1034.e4490c4.0', 'message': 'no deps or dev-deps'}
{'statusCode': 0, 'package': '@knapsack/browserslist-config_3.44.2-canary.1034.47f2220.0', 'message': 'no deps or dev-deps'}
{'statusCode': 0, 'package': '@knapsack/browserslist-config_3.44.2-canary.1034.821f385.0', 'message': 'no deps or dev-deps'}
{'statusCode': 0, 'package': '@knapsack/browserslist-config_3.44.2-canary.1034.84e23fd.0', 'message': 'no deps or dev-deps'}
{'statusCode': 0, 'package': '@knapsack/browserslist-config_3.44.2-canary.1034.312e08f.0', 'message': 'no deps or dev-deps'}
{'statusCode': 0, 'package': '@knapsack/browserslist-config_3.44.2-canary.1034.94ca88d.0', 'message': 'no deps or dev-deps'}
{'statusCode': 0, 'package': '@knapsack/browserslist-config_3.44.2-canary.1042.39a6110.0', 'message': 'no deps or dev-deps'}
{'statusCode': 0, 'package': '@knapsack/browserslist-config_3.44.2--canary.939.2223ea4.0', 'message': 'no deps or dev-deps'}
{'statusCode': 0, 'package': '@knapsack/browserslist-config_3.44.2-canary.1029.72e063c.0', 'message': 'no deps or dev-deps'}
{'statusCode': 0, 'package': '@knapsack/browserslist-config_3.44.2-canary.1035.a732814.0', 'message': 'no deps or dev-deps'}
{'statusCode': 0, 'package': '@knapsack/browserslist-config_3.44.2-canary.1035.64a60a7.0', 'message': 'no deps or dev-deps'}
{'statusCode': 0, 'package': '@knapsack/browserslist-config_3.44.2-canary.9bdfde2.0', 'message': 'no deps or dev-deps'}
{'statusCode': 0, 'package': '@knapsack/browserslist-config_3.44.2-canary.1029.dfe2447.0', 'message': 'no deps or dev-deps'}
{'statusCode': 0, 'package': '@knapsack/browserslist-config_3.44.2-canary.1043.2781ec3.0', 'message': 'no deps or dev-deps'}
{'statusCode': 0, 'package': '@knapsack/browserslist-config_3.45.0--canary.990.b011754.0', 'message': 'no deps or dev-deps'}
{'statusCode': 0, 'package': '@knapsack/browserslist-config_3.45.0--canary.1013.9de0389.0', 'message': 'no deps or dev-deps'}
{'statusCode': 0, 'package': '@knapsack/browserslist-config_3.44.2--canary.939.ed75fe5.0', 'message': 'no deps or dev-deps'}
{'statusCode': 0, 'package': '@knapsack/browserslist-config_3.45.0', 'message': 'no deps or dev-deps'}
{'statusCode': 0, 'package': '@knapsack/browserslist-config_3.45.1--canary.16f6d02.0', 'message': 'no deps or dev-deps'}
{'statusCode': 0, 'package': '@knapsack/browserslist-config_3.46.0', 'message': 'no deps or dev-deps'}
{'statusCode': 0, 'package': '@knapsack/browserslist-config_3.46.1', 'message': 'no deps or dev-deps'}
{'statusCode': 0, 'package': '@knapsack/browserslist-config_3.46.2--canary.ad2e52a.0', 'message': 'no deps or dev-deps'}
{'statusCode': 0, 'package': '@knapsack/browserslist-config_3.46.2--canary.56ebb32.0', 'message': 'no deps or dev-deps'}
{'statusCode': 0, 'package': '@knapsack/browserslist-config_3.46.2--canary.1047.691b631.0', 'message': 'no deps or dev-deps'}
{'statusCode': 0, 'package': '@knapsack/browserslist-config_3.46.2--canary.1047.ae5493f.0', 'message': 'no deps or dev-deps'}
{'statusCode': 0, 'package': '@knapsack/browserslist-config_3.46.2--canary.1048.1584338.0', 'message': 'no deps or dev-deps'}
{'statusCode': 0, 'package': '@knapsack/browserslist-config_3.46.2--canary.1048.9907f29.0', 'message': 'no deps or dev-deps'}
{'statusCode': 0, 'package': '@knapsack/browserslist-config_3.46.2--canary.1049.0e6f012.0', 'message': 'no deps or dev-deps'}
{'statusCode': 0, 'package': '@knapsack/browserslist-config_3.46.2--canary.939.475aa11.0', 'message': 'no deps or dev-deps'}
{'statusCode': 0, 'package': '@knapsack/browserslist-config_3.46.2--canary.939.25e46d2.0', 'message': 'no deps or dev-deps'}
{'statusCode': 0, 'package': '@knapsack/browserslist-config_3.46.2--canary.939.82657a0.0', 'message': 'no deps or dev-deps'}
{'statusCode': 0, 'package': '@knapsack/browserslist-config_3.46.2--canary.4eab602.0', 'message': 'no deps or dev-deps'}
{'statusCode': 0, 'package': '@knapsack/browserslist-config_3.46.2--canary.3353831.0', 'message': 'no deps or dev-deps'}
{'statusCode': 0, 'package': '@knapsack/browserslist-config_3.46.2--canary.1053.8e0a232.0', 'message': 'no deps or dev-deps'}
{'statusCode': 0, 'package': '@knapsack/browserslist-config_3.46.2--canary.1053.61d2371.0', 'message': 'no deps or dev-deps'}
{'statusCode': 0, 'package': '@knapsack/browserslist-config_3.46.2--canary.1054.f6b9629.0', 'message': 'no deps or dev-deps'}
{'statusCode': 0, 'package': '@knapsack/browserslist-config_3.46.2--canary.1054.724d173.0', 'message': 'no deps or dev-deps'}
{'statusCode': 0, 'package': '@knapsack/browserslist-config_3.46.2', 'message': 'no deps or dev-deps'}
{'statusCode': 0, 'package': '@knapsack/browserslist-config_3.46.3--canary.1054.a729f13.0', 'message': 'no deps or dev-deps'}
{'statusCode': 0, 'package': '@knapsack/browserslist-config_3.46.3--canary.1054.0fb8b0b.0', 'message': 'no deps or dev-deps'}
{'statusCode': 0, 'package': '@knapsack/browserslist-config_3.46.3--canary.1054.6c0712b.0', 'message': 'no deps or dev-deps'}
{'statusCode': 0, 'package': '@knapsack/browserslist-config_3.47.0--canary.1054.085d5f1.0', 'message': 'no deps or dev-deps'}
{'statusCode': 0, 'package': '@knapsack/browserslist-config_3.46.3--canary.1055.62a52e2.0', 'message': 'no deps or dev-deps'}
{'statusCode': 0, 'package': '@knapsack/browserslist-config_3.46.3--canary.1055.9380fbe.0', 'message': 'no deps or dev-deps'}
{'statusCode': 0, 'package': '@knapsack/browserslist-config_3.46.3--canary.939.fa3e88a.0', 'message': 'no deps or dev-deps'}
{'statusCode': 0, 'package': '@knapsack/browserslist-config_3.46.3--canary.939.e5bccfc.0', 'message': 'no deps or dev-deps'}
{'statusCode': 0, 'package': '@knapsack/browserslist-config_3.46.3--canary.939.c00ecc0.0', 'message': 'no deps or dev-deps'}
{'statusCode': 0, 'package': '@knapsack/browserslist-config_3.46.3--canary.939.4ab5ec7.0', 'message': 'no deps or dev-deps'}
{'statusCode': 0, 'package': '@knapsack/browserslist-config_3.46.3--canary.1055.41961d4.0', 'message': 'no deps or dev-deps'}
{'statusCode': 0, 'package': '@knapsack/browserslist-config_3.46.3--canary.1056.ae69399.0', 'message': 'no deps or dev-deps'}
{'statusCode': 0, 'package': '@knapsack/browserslist-config_3.46.3--canary.1056.333488a.0', 'message': 'no deps or dev-deps'}
{'statusCode': 0, 'package': '@knapsack/browserslist-config_3.46.3--canary.1057.4c75014.0', 'message': 'no deps or dev-deps'}
{'statusCode': 0, 'package': '@knapsack/browserslist-config_3.46.3', 'message': 'no deps or dev-deps'}
{'statusCode': 0, 'package': '@knapsack/browserslist-config_3.46.4--canary.939.2ef0edd.0', 'message': 'no deps or dev-deps'}
{'statusCode': 0, 'package': '@knapsack/browserslist-config_3.47.0--canary.1026.806f27e.0', 'message': 'no deps or dev-deps'}
{'statusCode': 0, 'package': '@knapsack/browserslist-config_3.46.4--canary.1059.19b1404.0', 'message': 'no deps or dev-deps'}
{'statusCode': 0, 'package': '@knapsack/browserslist-config_3.46.4--canary.1056.63c4ecd.0', 'message': 'no deps or dev-deps'}
{'statusCode': 0, 'package': '@knapsack/browserslist-config_3.47.0--canary.1060.8055fd1.0', 'message': 'no deps or dev-deps'}
{'statusCode': 0, 'package': '@knapsack/browserslist-config_3.46.4--canary.1061.328fe65.0', 'message': 'no deps or dev-deps'}
{'statusCode': 0, 'package': '@knapsack/browserslist-config_3.47.0', 'message': 'no deps or dev-deps'}
{'statusCode': 0, 'package': '@knapsack/browserslist-config_3.46.4--canary.1055.b98b251.0', 'message': 'no deps or dev-deps'}
{'statusCode': 0, 'package': '@knapsack/browserslist-config_3.47.1--canary.1061.8ff5ffe.0', 'message': 'no deps or dev-deps'}
{'statusCode': 0, 'package': '@knapsack/browserslist-config_3.47.1--canary.1055.c399f3d.0', 'message': 'no deps or dev-deps'}
{'statusCode': 0, 'package': '@knapsack/browserslist-config_3.47.1--canary.1055.8468801.0', 'message': 'no deps or dev-deps'}
{'statusCode': 0, 'package': '@knapsack/browserslist-config_3.47.1--canary.1056.6898bf8.0', 'message': 'no deps or dev-deps'}
{'statusCode': 0, 'package': '@knapsack/browserslist-config_3.47.1--canary.1056.2cc5db5.0', 'message': 'no deps or dev-deps'}
{'statusCode': 0, 'package': '@knapsack/browserslist-config_3.47.1--canary.1056.8e7dba2.0', 'message': 'no deps or dev-deps'}
{'statusCode': 0, 'package': '@knapsack/browserslist-config_3.47.1--canary.1056.9cf1c56.0', 'message': 'no deps or dev-deps'}
{'statusCode': 0, 'package': '@knapsack/browserslist-config_3.47.1--canary.1056.64b81ad.0', 'message': 'no deps or dev-deps'}
{'statusCode': 0, 'package': '@knapsack/browserslist-config_3.47.1--canary.1062.ddfc1f7.0', 'message': 'no deps or dev-deps'}
{'statusCode': 0, 'package': '@knapsack/browserslist-config_3.47.1--canary.1061.2755d69.0', 'message': 'no deps or dev-deps'}
{'statusCode': 0, 'package': '@knapsack/browserslist-config_3.47.1--canary.1056.a16663e.0', 'message': 'no deps or dev-deps'}
{'statusCode': 0, 'package': '@knapsack/browserslist-config_3.47.1--canary.56363b8.0', 'message': 'no deps or dev-deps'}
{'statusCode': 0, 'package': '@knapsack/browserslist-config_3.48.0--canary.1062.a883e26.0', 'message': 'no deps or dev-deps'}
{'statusCode': 0, 'package': '@knapsack/browserslist-config_3.48.0--canary.1062.7a1f27d.0', 'message': 'no deps or dev-deps'}
{'statusCode': 0, 'package': '@knapsack/browserslist-config_3.48.0--canary.1062.c5c24ad.0', 'message': 'no deps or dev-deps'}
{'statusCode': 0, 'package': '@knapsack/browserslist-config_3.47.1--canary.1064.d1a12d4.0', 'message': 'no deps or dev-deps'}
{'statusCode': 0, 'package': '@knapsack/browserslist-config_3.47.1--canary.1065.8e9ba25.0', 'message': 'no deps or dev-deps'}
{'statusCode': 0, 'package': '@knapsack/browserslist-config_3.47.1--canary.1064.bf6eb1f.0', 'message': 'no deps or dev-deps'}
{'statusCode': 0, 'package': '@knapsack/browserslist-config_3.47.1--canary.1056.63f3ee7.0', 'message': 'no deps or dev-deps'}
{'statusCode': 0, 'package': '@knapsack/browserslist-config_3.47.1--canary.1065.7afd21d.0', 'message': 'no deps or dev-deps'}
{'statusCode': 0, 'package': '@knapsack/browserslist-config_3.48.0--canary.1062.640e848.0', 'message': 'no deps or dev-deps'}
{'statusCode': 0, 'package': '@knapsack/browserslist-config_3.47.1--canary.1064.07a50ee.0', 'message': 'no deps or dev-deps'}
{'statusCode': 0, 'package': '@knapsack/browserslist-config_3.48.0--canary.1062.5b7877e.0', 'message': 'no deps or dev-deps'}
{'statusCode': 0, 'package': '@knapsack/browserslist-config_3.47.1--canary.1056.8118a3f.0', 'message': 'no deps or dev-deps'}
{'statusCode': 0, 'package': '@knapsack/browserslist-config_3.47.1--canary.1067.ae33832.0', 'message': 'no deps or dev-deps'}
{'statusCode': 0, 'package': '@knapsack/browserslist-config_3.48.0--canary.1062.5b7877e.1', 'message': 'no deps or dev-deps'}
{'statusCode': 0, 'package': '@knapsack/browserslist-config_3.48.0--canary.1062.72803a1.0', 'message': 'no deps or dev-deps'}
{'statusCode': 0, 'package': '@knapsack/browserslist-config_3.47.1--canary.c5101a0.0', 'message': 'no deps or dev-deps'}
{'statusCode': 0, 'package': '@knapsack/browserslist-config_3.47.1--canary.1069.9dc2131.0', 'message': 'no deps or dev-deps'}
{'statusCode': 0, 'package': '@knapsack/browserslist-config_3.47.1--canary.1055.1c88da8.0', 'message': 'no deps or dev-deps'}
{'statusCode': 0, 'package': '@knapsack/browserslist-config_3.47.1--canary.1055.79d136e.0', 'message': 'no deps or dev-deps'}
{'statusCode': 0, 'package': '@knapsack/browserslist-config_3.48.0--canary.1062.77f0acf.0', 'message': 'no deps or dev-deps'}
{'statusCode': 0, 'package': '@knapsack/browserslist-config_3.47.1--canary.1070.19c10ed.0', 'message': 'no deps or dev-deps'}
{'statusCode': 0, 'package': '@knapsack/browserslist-config_3.47.1--canary.1067.6ca38b3.0', 'message': 'no deps or dev-deps'}
{'statusCode': 0, 'package': '@knapsack/browserslist-config_3.47.1--canary.1073.6ad676f.0', 'message': 'no deps or dev-deps'}
{'statusCode': 0, 'package': '@knapsack/browserslist-config_3.47.1--canary.1072.ec4dea6.0', 'message': 'no deps or dev-deps'}
{'statusCode': 0, 'package': '@knapsack/browserslist-config_3.47.1--canary.1072.ec4dea6.1', 'message': 'no deps or dev-deps'}
{'statusCode': 0, 'package': '@knapsack/browserslist-config_3.47.1--canary.1072.7240554.0', 'message': 'no deps or dev-deps'}
{'statusCode': 0, 'package': '@knapsack/browserslist-config_3.47.1--canary.1070.6364a41.0', 'message': 'no deps or dev-deps'}
{'statusCode': 0, 'package': '@knapsack/browserslist-config_3.47.1--canary.1059.02ebc13.0', 'message': 'no deps or dev-deps'}
{'statusCode': 0, 'package': '@knapsack/browserslist-config_3.47.1--canary.1067.b13afcc.0', 'message': 'no deps or dev-deps'}
{'statusCode': 0, 'package': '@knapsack/browserslist-config_3.47.1--canary.1067.01ba4e1.0', 'message': 'no deps or dev-deps'}
{'statusCode': 0, 'package': '@knapsack/browserslist-config_3.47.1--canary.1067.3ce792e.0', 'message': 'no deps or dev-deps'}
{'statusCode': 0, 'package': '@knapsack/browserslist-config_3.47.1--canary.1075.dad68ef.0', 'message': 'no deps or dev-deps'}
{'statusCode': 0, 'package': '@knapsack/browserslist-config_3.47.1--canary.1077.f2bcc13.0', 'message': 'no deps or dev-deps'}
{'statusCode': 0, 'package': '@knapsack/browserslist-config_3.47.1--canary.1077.f2bcc13.1', 'message': 'no deps or dev-deps'}
{'statusCode': 0, 'package': '@knapsack/browserslist-config_3.47.1--canary.1077.18f1aaf.0', 'message': 'no deps or dev-deps'}
{'statusCode': 0, 'package': '@knapsack/browserslist-config_3.48.0--canary.1078.eeae633.0', 'message': 'no deps or dev-deps'}
{'statusCode': 0, 'package': '@knapsack/browserslist-config_3.48.0--canary.1079.f1d450b.0', 'message': 'no deps or dev-deps'}
{'statusCode': 0, 'package': '@knapsack/browserslist-config_3.48.0--canary.1078.6e75578.0', 'message': 'no deps or dev-deps'}
{'statusCode': 0, 'package': '@knapsack/browserslist-config_3.48.0--canary.1078.30d02b0.0', 'message': 'no deps or dev-deps'}
{'statusCode': 0, 'package': '@knapsack/browserslist-config_3.47.1', 'message': 'no deps or dev-deps'}
{'statusCode': 0, 'package': '@knapsack/browserslist-config_3.47.2--canary.4db9e0e.0', 'message': 'no deps or dev-deps'}
{'statusCode': 0, 'package': '@knapsack/browserslist-config_3.48.0--canary.1078.f4263f5.0', 'message': 'no deps or dev-deps'}
{'statusCode': 0, 'package': '@knapsack/browserslist-config_3.47.2--canary.1055.756c65a.0', 'message': 'no deps or dev-deps'}
{'statusCode': 0, 'package': '@knapsack/browserslist-config_3.47.2--canary.1072.310ded9.0', 'message': 'no deps or dev-deps'}
{'statusCode': 0, 'package': '@knapsack/browserslist-config_3.48.0--canary.1079.0549df3.0', 'message': 'no deps or dev-deps'}
{'statusCode': 0, 'package': '@knapsack/browserslist-config_3.47.2--canary.1070.04953a6.0', 'message': 'no deps or dev-deps'}
{'statusCode': 0, 'package': '@knapsack/browserslist-config_3.47.2--canary.1077.00dfb02.0', 'message': 'no deps or dev-deps'}
{'statusCode': 0, 'package': '@knapsack/browserslist-config_3.47.2--canary.1080.499c6d2.0', 'message': 'no deps or dev-deps'}
{'statusCode': 0, 'package': '@knapsack/browserslist-config_3.47.2--canary.1073.132c838.0', 'message': 'no deps or dev-deps'}
{'statusCode': 0, 'package': '@knapsack/browserslist-config_3.48.0--canary.1078.a0646ef.0', 'message': 'no deps or dev-deps'}
{'statusCode': 0, 'package': '@knapsack/browserslist-config_3.48.0--canary.1079.c9a6786.0', 'message': 'no deps or dev-deps'}
{'statusCode': 0, 'package': '@knapsack/browserslist-config_3.47.2--canary.1076.156dd2b.0', 'message': 'no deps or dev-deps'}
{'statusCode': 0, 'package': '@knapsack/browserslist-config_3.47.2--canary.1072.533d096.0', 'message': 'no deps or dev-deps'}
{'statusCode': 0, 'package': '@knapsack/browserslist-config_3.47.2', 'message': 'no deps or dev-deps'}
{'statusCode': 0, 'package': '@knapsack/browserslist-config_3.47.3--canary.1082.661e651.0', 'message': 'no deps or dev-deps'}
{'statusCode': 0, 'package': '@knapsack/browserslist-config_3.47.3--canary.1055.e3b13e4.0', 'message': 'no deps or dev-deps'}
{'statusCode': 0, 'package': '@knapsack/browserslist-config_3.47.3--canary.1083.5c128ec.0', 'message': 'no deps or dev-deps'}
{'statusCode': 0, 'package': '@knapsack/browserslist-config_3.47.3--canary.1070.ad4fff0.0', 'message': 'no deps or dev-deps'}
{'statusCode': 0, 'package': '@knapsack/browserslist-config_3.47.3--canary.1070.929f91c.0', 'message': 'no deps or dev-deps'}
{'statusCode': 0, 'package': '@knapsack/browserslist-config_3.47.3--canary.1080.27bad73.0', 'message': 'no deps or dev-deps'}
{'statusCode': 0, 'package': '@knapsack/browserslist-config_3.47.3--canary.1086.7742db1.0', 'message': 'no deps or dev-deps'}
{'statusCode': 0, 'package': '@knapsack/browserslist-config_3.47.3--canary.1055.cfdf953.0', 'message': 'no deps or dev-deps'}
{'statusCode': 0, 'package': '@knapsack/browserslist-config_3.47.3--canary.1055.79eaf01.0', 'message': 'no deps or dev-deps'}
{'statusCode': 0, 'package': '@knapsack/browserslist-config_3.47.3--canary.1055.bd8304b.0', 'message': 'no deps or dev-deps'}
{'statusCode': 0, 'package': '@knapsack/browserslist-config_3.48.0--canary.1055.cc3dbdf.0', 'message': 'no deps or dev-deps'}
{'statusCode': 0, 'package': '@knapsack/browserslist-config_3.48.0--canary.1055.6798e36.0', 'message': 'no deps or dev-deps'}
{'statusCode': 0, 'package': '@knapsack/browserslist-config_3.47.3--canary.9e264bd.0', 'message': 'no deps or dev-deps'}
{'statusCode': 0, 'package': '@knapsack/browserslist-config_3.47.3--canary.1088.ba93197.0', 'message': 'no deps or dev-deps'}
{'statusCode': 0, 'package': '@knapsack/browserslist-config_3.47.3--canary.1088.c8d3a69.0', 'message': 'no deps or dev-deps'}
{'statusCode': 0, 'package': '@knapsack/browserslist-config_3.47.3--canary.1070.7eab4a7.0', 'message': 'no deps or dev-deps'}
{'statusCode': 0, 'package': '@knapsack/browserslist-config_3.47.3--canary.1073.1eb135d.0', 'message': 'no deps or dev-deps'}
{'statusCode': 0, 'package': '@knapsack/browserslist-config_3.47.3--canary.1090.d14ad61.0', 'message': 'no deps or dev-deps'}
{'statusCode': 0, 'package': '@knapsack/browserslist-config_3.47.3--canary.107b0c5.0', 'message': 'no deps or dev-deps'}
{'statusCode': 0, 'package': '@knapsack/browserslist-config_3.47.3--canary.0b1309b.0', 'message': 'no deps or dev-deps'}
{'statusCode': 0, 'package': '@knapsack/browserslist-config_3.47.3--canary.1b8b06b.0', 'message': 'no deps or dev-deps'}
{'statusCode': 0, 'package': '@knapsack/browserslist-config_3.47.3--canary.212a86a.0', 'message': 'no deps or dev-deps'}
{'statusCode': 0, 'package': '@knapsack/browserslist-config_3.47.3--canary.1bea60e.0', 'message': 'no deps or dev-deps'}
{'statusCode': 0, 'package': '@knapsack/browserslist-config_3.47.3--canary.c24c01d.0', 'message': 'no deps or dev-deps'}
{'statusCode': 0, 'package': '@knapsack/browserslist-config_3.47.3--canary.1093.9b63a0c.0', 'message': 'no deps or dev-deps'}
{'statusCode': 0, 'package': '@knapsack/browserslist-config_3.47.3--canary.1093.627f217.0', 'message': 'no deps or dev-deps'}
{'statusCode': 0, 'package': '@knapsack/browserslist-config_3.47.3--canary.c301647.0', 'message': 'no deps or dev-deps'}
{'statusCode': 0, 'package': '@knapsack/browserslist-config_3.47.3--canary.99b8480.0', 'message': 'no deps or dev-deps'}
{'statusCode': 0, 'package': '@knapsack/browserslist-config_3.47.3--canary.1a1396d.0', 'message': 'no deps or dev-deps'}
{'statusCode': 0, 'package': '@knapsack/browserslist-config_3.47.3--canary.1099.a0297c0.0', 'message': 'no deps or dev-deps'}
{'statusCode': 0, 'package': '@knapsack/browserslist-config_3.47.3--canary.1090.1ff809a.0', 'message': 'no deps or dev-deps'}
{'statusCode': 0, 'package': '@knapsack/browserslist-config_3.47.3--canary.1090.f59d8f4.0', 'message': 'no deps or dev-deps'}
{'statusCode': 0, 'package': '@knapsack/browserslist-config_3.47.3--canary.0ea05ed.0', 'message': 'no deps or dev-deps'}
{'statusCode': 0, 'package': '@knapsack/browserslist-config_3.47.3--canary.2d963ba.0', 'message': 'no deps or dev-deps'}
{'statusCode': 0, 'package': '@knapsack/browserslist-config_3.48.0--canary.1090.44fa25c.0', 'message': 'no deps or dev-deps'}
{'statusCode': 0, 'package': '@knapsack/browserslist-config_3.47.3--canary.1082.d47df7e.0', 'message': 'no deps or dev-deps'}
{'statusCode': 0, 'package': '@knapsack/browserslist-config_3.47.3--canary.0ac90c1.0', 'message': 'no deps or dev-deps'}
{'statusCode': 0, 'package': '@knapsack/browserslist-config_3.47.3--canary.1101.7fbb298.0', 'message': 'no deps or dev-deps'}
{'statusCode': 0, 'package': '@knapsack/browserslist-config_3.47.3--canary.1101.f754932.0', 'message': 'no deps or dev-deps'}
{'statusCode': 0, 'package': '@knapsack/browserslist-config_3.47.3--canary.8424a21.0', 'message': 'no deps or dev-deps'}
{'statusCode': 0, 'package': '@knapsack/browserslist-config_3.48.0', 'message': 'no deps or dev-deps'}
{'statusCode': 0, 'package': '@knapsack/browserslist-config_3.48.1--canary.1101.6c9f51c.0', 'message': 'no deps or dev-deps'}
{'statusCode': 0, 'package': '@knapsack/browserslist-config_3.48.1--canary.1101.d2376f9.0', 'message': 'no deps or dev-deps'}
{'statusCode': 0, 'package': '@knapsack/browserslist-config_3.48.1--canary.1104.1182ab1.0', 'message': 'no deps or dev-deps'}
{'statusCode': 0, 'package': '@knapsack/browserslist-config_3.48.1--canary.1043.c058f50.0', 'message': 'no deps or dev-deps'}
{'statusCode': 0, 'package': '@knapsack/browserslist-config_3.48.1--canary.1104.8a49a37.0', 'message': 'no deps or dev-deps'}
{'statusCode': 0, 'package': '@knapsack/browserslist-config_3.48.1--canary.1096.3ec89f1.0', 'message': 'no deps or dev-deps'}
{'statusCode': 0, 'package': '@knapsack/browserslist-config_3.48.1', 'message': 'no deps or dev-deps'}
{'statusCode': 0, 'package': '@knapsack/browserslist-config_3.48.2--canary.3e503ee.0', 'message': 'no deps or dev-deps'}
{'statusCode': 0, 'package': '@knapsack/browserslist-config_3.49.0--canary.1070.3e9a8f7.0', 'message': 'no deps or dev-deps'}
{'statusCode': 0, 'package': '@knapsack/browserslist-config_3.48.2--canary.1107.65ae236.0', 'message': 'no deps or dev-deps'}
{'statusCode': 0, 'package': '@knapsack/browserslist-config_3.48.2--canary.1073.c4bca1b.0', 'message': 'no deps or dev-deps'}
{'statusCode': 0, 'package': '@knapsack/browserslist-config_3.48.2--canary.2781ee6.0', 'message': 'no deps or dev-deps'}
{'statusCode': 0, 'package': '@knapsack/browserslist-config_3.49.0--canary.1108.1beba17.0', 'message': 'no deps or dev-deps'}
{'statusCode': 0, 'package': '@knapsack/browserslist-config_3.48.2--canary.1110.79c9c13.0', 'message': 'no deps or dev-deps'}
{'statusCode': 0, 'package': '@knapsack/browserslist-config_3.49.0--canary.1108.a6afb1d.0', 'message': 'no deps or dev-deps'}
{'statusCode': 0, 'package': '@knapsack/browserslist-config_3.48.2--canary.b7382d0.0', 'message': 'no deps or dev-deps'}
{'statusCode': 0, 'package': '@knapsack/browserslist-config_3.48.2--canary.1113.1937a06.0', 'message': 'no deps or dev-deps'}
{'statusCode': 0, 'package': '@knapsack/browserslist-config_3.48.2--canary.1113.2dcafa6.0', 'message': 'no deps or dev-deps'}
{'statusCode': 0, 'package': '@knapsack/browserslist-config_3.48.2--canary.1110.8047d02.0', 'message': 'no deps or dev-deps'}
{'statusCode': 0, 'package': '@knapsack/browserslist-config_3.48.2--canary.1113.f6ddf27.0', 'message': 'no deps or dev-deps'}
{'statusCode': 0, 'package': '@knapsack/browserslist-config_3.48.2--canary.1113.63cf65d.0', 'message': 'no deps or dev-deps'}
{'statusCode': 0, 'package': '@knapsack/browserslist-config_3.48.2--canary.1113.3143efd.0', 'message': 'no deps or dev-deps'}
{'statusCode': 0, 'package': '@knapsack/browserslist-config_3.49.0--canary.1113.c14b451.0', 'message': 'no deps or dev-deps'}
{'statusCode': 0, 'package': '@knapsack/browserslist-config_3.48.2--canary.1114.1d58f42.0', 'message': 'no deps or dev-deps'}
{'statusCode': 0, 'package': '@knapsack/browserslist-config_3.48.2--canary.1110.fb14fab.0', 'message': 'no deps or dev-deps'}
{'statusCode': 0, 'package': '@knapsack/browserslist-config_3.48.2--canary.1110.e64226e.0', 'message': 'no deps or dev-deps'}
{'statusCode': 0, 'package': '@knapsack/browserslist-config_3.48.2--canary.8bbc650.0', 'message': 'no deps or dev-deps'}
{'statusCode': 0, 'package': '@knapsack/browserslist-config_3.48.2--canary.bff1c7f.0', 'message': 'no deps or dev-deps'}
{'statusCode': 0, 'package': '@knapsack/browserslist-config_3.48.2', 'message': 'no deps or dev-deps'}
{'statusCode': 0, 'package': '@knapsack/browserslist-config_3.48.3--canary.937b87e.0', 'message': 'no deps or dev-deps'}
{'statusCode': 0, 'package': '@knapsack/browserslist-config_3.48.3--canary.1110.414c79d.0', 'message': 'no deps or dev-deps'}
{'statusCode': 0, 'package': '@knapsack/browserslist-config_3.48.3--canary.1110.6456a41.0', 'message': 'no deps or dev-deps'}
{'statusCode': 0, 'package': '@knapsack/browserslist-config_3.48.3--canary.1117.24eee10.0', 'message': 'no deps or dev-deps'}
{'statusCode': 0, 'package': '@knapsack/browserslist-config_3.48.3--canary.1117.7265694.0', 'message': 'no deps or dev-deps'}
{'statusCode': 0, 'package': '@knapsack/browserslist-config_3.48.3--canary.1110.67f8e0c.0', 'message': 'no deps or dev-deps'}
{'statusCode': 0, 'package': '@knapsack/browserslist-config_3.48.3--canary.1110.4a2883f.0', 'message': 'no deps or dev-deps'}
{'statusCode': 0, 'package': '@knapsack/browserslist-config_3.48.3--canary.1110.0fcd9ed.0', 'message': 'no deps or dev-deps'}
{'statusCode': 0, 'package': '@knapsack/browserslist-config_3.48.3--canary.1117.0c4ed32.0', 'message': 'no deps or dev-deps'}
{'statusCode': 0, 'package': '@knapsack/browserslist-config_3.48.3--canary.61e81f2.0', 'message': 'no deps or dev-deps'}
{'statusCode': 0, 'package': '@knapsack/browserslist-config_3.48.3--canary.1118.686f66d.0', 'message': 'no deps or dev-deps'}
{'statusCode': 0, 'package': '@knapsack/browserslist-config_3.48.3--canary.1118.f53da40.0', 'message': 'no deps or dev-deps'}
{'statusCode': 0, 'package': '@knapsack/browserslist-config_3.48.3--canary.1119.80c8b18.0', 'message': 'no deps or dev-deps'}
{'statusCode': 0, 'package': '@knapsack/browserslist-config_3.48.3--canary.1118.e4b3533.0', 'message': 'no deps or dev-deps'}
{'statusCode': 0, 'package': '@knapsack/browserslist-config_3.48.3--canary.1118.b5c818c.0', 'message': 'no deps or dev-deps'}
{'statusCode': 0, 'package': '@knapsack/browserslist-config_3.48.3--canary.d07134e.0', 'message': 'no deps or dev-deps'}
{'statusCode': 0, 'package': '@knapsack/browserslist-config_3.48.3--canary.1117.ec1b994.0', 'message': 'no deps or dev-deps'}
{'statusCode': 0, 'package': '@knapsack/browserslist-config_3.48.3--canary.1118.caddb47.0', 'message': 'no deps or dev-deps'}
{'statusCode': 0, 'package': '@knapsack/browserslist-config_3.49.0', 'message': 'no deps or dev-deps'}
{'statusCode': 0, 'package': '@knapsack/browserslist-config_3.49.1--canary.1119.bacc5af.0', 'message': 'no deps or dev-deps'}
{'statusCode': 0, 'package': '@knapsack/browserslist-config_3.49.1--canary.1122.16d8388.0', 'message': 'no deps or dev-deps'}
{'statusCode': 0, 'package': '@knapsack/browserslist-config_3.49.1--canary.1122.d8ce77d.0', 'message': 'no deps or dev-deps'}
{'statusCode': 0, 'package': '@knapsack/browserslist-config_3.49.1--canary.1119.618a8e7.0', 'message': 'no deps or dev-deps'}
{'statusCode': 0, 'package': '@knapsack/browserslist-config_3.50.0--canary.1026.da943a6.0', 'message': 'no deps or dev-deps'}
{'statusCode': 0, 'package': '@knapsack/browserslist-config_3.49.1--canary.1123.e62e18b.0', 'message': 'no deps or dev-deps'}
{'statusCode': 0, 'package': '@knapsack/browserslist-config_3.49.1--canary.1119.618a8e7.1', 'message': 'no deps or dev-deps'}
{'statusCode': 0, 'package': '@knapsack/browserslist-config_3.49.1--canary.1122.e2303af.0', 'message': 'no deps or dev-deps'}
{'statusCode': 0, 'package': '@knapsack/browserslist-config_3.49.1--canary.1122.56dae29.0', 'message': 'no deps or dev-deps'}
{'statusCode': 0, 'package': '@knapsack/browserslist-config_3.49.1--canary.1124.2cb1e53.0', 'message': 'no deps or dev-deps'}
{'statusCode': 0, 'package': '@knapsack/browserslist-config_3.49.1', 'message': 'no deps or dev-deps'}
{'statusCode': 0, 'package': '@knapsack/browserslist-config_3.49.2--canary.bc88746.0', 'message': 'no deps or dev-deps'}
{'statusCode': 0, 'package': '@knapsack/browserslist-config_3.50.0--canary.1122.a126ebb.0', 'message': 'no deps or dev-deps'}
{'statusCode': 0, 'package': '@knapsack/browserslist-config_3.50.0--canary.1122.a126ebb.1', 'message': 'no deps or dev-deps'}
{'statusCode': 0, 'package': '@knapsack/browserslist-config_3.50.0--canary.1116.536f3e1.0', 'message': 'no deps or dev-deps'}
{'statusCode': 0, 'package': '@knapsack/browserslist-config_3.49.2--canary.1126.58c38a8.0', 'message': 'no deps or dev-deps'}
{'statusCode': 0, 'package': '@knapsack/browserslist-config_3.49.2--canary.407cd84.0', 'message': 'no deps or dev-deps'}
{'statusCode': 0, 'package': '@knapsack/browserslist-config_3.49.2--canary.1127.e9d90b6.0', 'message': 'no deps or dev-deps'}
{'statusCode': 0, 'package': '@knapsack/browserslist-config_3.50.0--canary.1116.c5dbe56.0', 'message': 'no deps or dev-deps'}
{'statusCode': 0, 'package': '@knapsack/browserslist-config_3.50.0--canary.1116.56cd4c2.0', 'message': 'no deps or dev-deps'}
{'statusCode': 0, 'package': '@knapsack/browserslist-config_3.50.0--canary.1116.8d1a394.0', 'message': 'no deps or dev-deps'}
{'statusCode': 0, 'package': '@knapsack/browserslist-config_3.49.2--canary.d919f08.0', 'message': 'no deps or dev-deps'}
{'statusCode': 0, 'package': '@knapsack/browserslist-config_3.50.0--canary.1131.bfdaa83.0', 'message': 'no deps or dev-deps'}
{'statusCode': 0, 'package': '@knapsack/browserslist-config_3.49.2--canary.5819df0.0', 'message': 'no deps or dev-deps'}
{'statusCode': 0, 'package': '@knapsack/browserslist-config_3.50.0--canary.1116.2294fa9.0', 'message': 'no deps or dev-deps'}
{'statusCode': 0, 'package': '@knapsack/browserslist-config_3.50.0--canary.1116.7ad250e.0', 'message': 'no deps or dev-deps'}
{'statusCode': 0, 'package': '@knapsack/browserslist-config_3.50.0--canary.1116.be744ba.0', 'message': 'no deps or dev-deps'}
{'statusCode': 0, 'package': '@knapsack/browserslist-config_3.50.0--canary.1116.5dd64b5.0', 'message': 'no deps or dev-deps'}
{'statusCode': 0, 'package': '@knapsack/browserslist-config_3.50.0--canary.1131.5cbb97a.0', 'message': 'no deps or dev-deps'}
{'statusCode': 0, 'package': '@knapsack/browserslist-config_3.50.0', 'message': 'no deps or dev-deps'}
{'statusCode': 0, 'package': '@knapsack/browserslist-config_3.50.1--canary.acea794.0', 'message': 'no deps or dev-deps'}
{'statusCode': 0, 'package': '@knapsack/browserslist-config_3.51.0--canary.1122.a126ebb.0', 'message': 'no deps or dev-deps'}
{'statusCode': 0, 'package': '@knapsack/browserslist-config_3.51.0--canary.1108.fda6d8c.0', 'message': 'no deps or dev-deps'}
{'statusCode': 0, 'package': '@knapsack/browserslist-config_3.50.1', 'message': 'no deps or dev-deps'}
{'statusCode': 0, 'package': '@knapsack/browserslist-config_3.50.2--canary.29ca772.0', 'message': 'no deps or dev-deps'}
{'statusCode': 0, 'package': '@knapsack/browserslist-config_3.50.2--canary.1123.b855c65.0', 'message': 'no deps or dev-deps'}
{'statusCode': 0, 'package': '@knapsack/browserslist-config_3.50.2--canary.1123.4b6b82e.0', 'message': 'no deps or dev-deps'}
{'statusCode': 0, 'package': '@knapsack/browserslist-config_3.51.0--canary.1108.d5e0d08.0', 'message': 'no deps or dev-deps'}
{'statusCode': 0, 'package': '@knapsack/browserslist-config_3.51.0--canary.1108.d45239c.0', 'message': 'no deps or dev-deps'}
{'statusCode': 0, 'package': '@knapsack/browserslist-config_3.50.2--canary.1123.e4211fd.0', 'message': 'no deps or dev-deps'}
{'statusCode': 0, 'package': '@knapsack/browserslist-config_3.51.0--canary.1108.6411093.0', 'message': 'no deps or dev-deps'}
{'statusCode': 0, 'package': '@knapsack/browserslist-config_3.50.2--canary.1134.f2fae00.0', 'message': 'no deps or dev-deps'}
{'statusCode': 0, 'package': '@knapsack/browserslist-config_3.50.2--canary.1123.1d9a0be.0', 'message': 'no deps or dev-deps'}
{'statusCode': 0, 'package': '@knapsack/browserslist-config_3.50.2', 'message': 'no deps or dev-deps'}
{'statusCode': 0, 'package': '@knapsack/browserslist-config_3.51.0--canary.1131.3bb76ed.0', 'message': 'no deps or dev-deps'}
{'statusCode': 0, 'package': '@knapsack/browserslist-config_3.50.3--canary.1123.a416b9b.0', 'message': 'no deps or dev-deps'}
{'statusCode': 0, 'package': '@knapsack/browserslist-config_3.51.0--canary.1131.327f423.0', 'message': 'no deps or dev-deps'}
{'statusCode': 0, 'package': '@knapsack/browserslist-config_3.50.3--canary.1123.a13f643.0', 'message': 'no deps or dev-deps'}
{'statusCode': 0, 'package': '@knapsack/browserslist-config_3.51.0--canary.1131.f1e9ab1.0', 'message': 'no deps or dev-deps'}
{'statusCode': 0, 'package': '@knapsack/browserslist-config_3.51.0--canary.1131.5a44090.0', 'message': 'no deps or dev-deps'}
{'statusCode': 0, 'package': '@knapsack/browserslist-config_3.50.3--canary.1136.6818f11.0', 'message': 'no deps or dev-deps'}
{'statusCode': 0, 'package': '@knapsack/browserslist-config_3.51.0--canary.1131.5a44090.1', 'message': 'no deps or dev-deps'}
{'statusCode': 0, 'package': '@knapsack/browserslist-config_3.51.0--canary.1131.c741524.0', 'message': 'no deps or dev-deps'}
{'statusCode': 0, 'package': '@knapsack/browserslist-config_3.51.0--canary.1131.9c28f76.0', 'message': 'no deps or dev-deps'}
{'statusCode': 0, 'package': '@knapsack/browserslist-config_3.51.0--canary.1122.edfcfcb.0', 'message': 'no deps or dev-deps'}
{'statusCode': 0, 'package': '@knapsack/browserslist-config_3.50.3--canary.1137.3ede0cd.0', 'message': 'no deps or dev-deps'}
{'statusCode': 0, 'package': '@knapsack/browserslist-config_3.50.3--canary.1123.30a209e.0', 'message': 'no deps or dev-deps'}
{'statusCode': 0, 'package': '@knapsack/browserslist-config_3.50.3--canary.d4240b0.0', 'message': 'no deps or dev-deps'}
{'statusCode': 0, 'package': '@knapsack/browserslist-config_3.50.3--canary.1139.230d823.0', 'message': 'no deps or dev-deps'}
{'statusCode': 0, 'package': '@knapsack/browserslist-config_3.50.3--canary.1136.071b26b.0', 'message': 'no deps or dev-deps'}
{'statusCode': 0, 'package': '@knapsack/browserslist-config_3.50.3--canary.1139.8b59669.0', 'message': 'no deps or dev-deps'}
{'statusCode': 0, 'package': '@knapsack/browserslist-config_3.50.3--canary.1136.aabcf18.0', 'message': 'no deps or dev-deps'}
{'statusCode': 0, 'package': '@knapsack/browserslist-config_3.50.3--canary.1139.4e1cb37.0', 'message': 'no deps or dev-deps'}
{'statusCode': 0, 'package': '@knapsack/browserslist-config_3.50.3--canary.1123.d881cad.0', 'message': 'no deps or dev-deps'}
{'statusCode': 0, 'package': '@knapsack/browserslist-config_3.50.3--canary.1123.48b5c10.0', 'message': 'no deps or dev-deps'}
{'statusCode': 0, 'package': '@knapsack/browserslist-config_3.50.3--canary.d5e75e0.0', 'message': 'no deps or dev-deps'}
{'statusCode': 0, 'package': '@knapsack/browserslist-config_3.51.0--canary.1122.064e07d.0', 'message': 'no deps or dev-deps'}
{'statusCode': 0, 'package': '@knapsack/browserslist-config_3.50.3--canary.1136.a492ca5.0', 'message': 'no deps or dev-deps'}
{'statusCode': 0, 'package': '@knapsack/browserslist-config_3.50.3--canary.1137.03d0dc2.0', 'message': 'no deps or dev-deps'}
{'statusCode': 0, 'package': '@knapsack/browserslist-config_3.50.3--canary.73fb813.0', 'message': 'no deps or dev-deps'}
{'statusCode': 0, 'package': '@knapsack/browserslist-config_3.50.3--canary.1123.42dae66.0', 'message': 'no deps or dev-deps'}
{'statusCode': 0, 'package': '@knapsack/browserslist-config_3.50.3--canary.1123.d680053.0', 'message': 'no deps or dev-deps'}
{'statusCode': 0, 'package': '@knapsack/browserslist-config_3.51.0', 'message': 'no deps or dev-deps'}
{'statusCode': 0, 'package': '@knapsack/browserslist-config_3.51.1--canary.7e73dfd.0', 'message': 'no deps or dev-deps'}
{'statusCode': 0, 'package': '@knapsack/browserslist-config_3.51.1--canary.1142.1b31bec.0', 'message': 'no deps or dev-deps'}
{'statusCode': 0, 'package': '@knapsack/browserslist-config_3.51.1--canary.1136.233f036.0', 'message': 'no deps or dev-deps'}
{'statusCode': 0, 'package': '@knapsack/browserslist-config_3.51.1--canary.1136.d33537e.0', 'message': 'no deps or dev-deps'}
{'statusCode': 0, 'package': '@knapsack/browserslist-config_3.51.1--canary.3dd0c02.0', 'message': 'no deps or dev-deps'}
{'statusCode': 0, 'package': '@knapsack/browserslist-config_3.51.1--canary.0a353c4.0', 'message': 'no deps or dev-deps'}
{'statusCode': 0, 'package': '@knapsack/browserslist-config_3.52.0--canary.1143.c84c399.0', 'message': 'no deps or dev-deps'}
{'statusCode': 0, 'package': '@knapsack/browserslist-config_3.51.1--canary.1144.ec01539.0', 'message': 'no deps or dev-deps'}
{'statusCode': 0, 'package': '@knapsack/browserslist-config_3.52.0--canary.1143.a19e058.0', 'message': 'no deps or dev-deps'}
{'statusCode': 0, 'package': '@knapsack/browserslist-config_3.52.0--canary.1143.f0fa139.0', 'message': 'no deps or dev-deps'}
{'statusCode': 0, 'package': '@knapsack/browserslist-config_3.51.1', 'message': 'no deps or dev-deps'}
{'statusCode': 0, 'package': '@knapsack/browserslist-config_3.52.0--canary.1143.556d903.0', 'message': 'no deps or dev-deps'}
{'statusCode': 0, 'package': '@knapsack/browserslist-config_3.51.2--canary.e6f9e97.0', 'message': 'no deps or dev-deps'}
{'statusCode': 0, 'package': '@knapsack/browserslist-config_3.52.0--canary.1143.a4fd3d4.0', 'message': 'no deps or dev-deps'}
{'statusCode': 0, 'package': '@knapsack/browserslist-config_3.51.2--canary.1146.032dfcb.0', 'message': 'no deps or dev-deps'}
{'statusCode': 0, 'package': '@knapsack/browserslist-config_3.51.2--canary.1144.e740b87.0', 'message': 'no deps or dev-deps'}
{'statusCode': 0, 'package': '@knapsack/browserslist-config_3.51.2--canary.1146.c00494e.0', 'message': 'no deps or dev-deps'}
{'statusCode': 0, 'package': '@knapsack/browserslist-config_3.51.2--canary.1146.d10d5e6.0', 'message': 'no deps or dev-deps'}
{'statusCode': 0, 'package': '@knapsack/browserslist-config_3.51.2--canary.1139.c2fd1fb.0', 'message': 'no deps or dev-deps'}
{'statusCode': 0, 'package': '@knapsack/browserslist-config_3.51.2--canary.1146.70fedda.0', 'message': 'no deps or dev-deps'}
{'statusCode': 0, 'package': '@knapsack/browserslist-config_3.51.2--canary.1139.7bda8fe.0', 'message': 'no deps or dev-deps'}
{'statusCode': 0, 'package': '@knapsack/browserslist-config_3.51.2--canary.1145.fd297f8.0', 'message': 'no deps or dev-deps'}
{'statusCode': 0, 'package': '@knapsack/browserslist-config_3.51.2--canary.1146.7e966aa.0', 'message': 'no deps or dev-deps'}
{'statusCode': 0, 'package': '@knapsack/browserslist-config_3.51.2--canary.1139.7dc2616.0', 'message': 'no deps or dev-deps'}
{'statusCode': 0, 'package': '@knapsack/browserslist-config_3.52.0--canary.1146.4f41fad.0', 'message': 'no deps or dev-deps'}
{'statusCode': 0, 'package': '@knapsack/browserslist-config_3.52.0--canary.1146.fda80b1.0', 'message': 'no deps or dev-deps'}
{'statusCode': 0, 'package': '@knapsack/browserslist-config_3.51.2--canary.f7aef37.0', 'message': 'no deps or dev-deps'}
{'statusCode': 0, 'package': '@knapsack/browserslist-config_3.51.2--canary.1148.67688dd.0', 'message': 'no deps or dev-deps'}
{'statusCode': 0, 'package': '@knapsack/browserslist-config_3.51.2--canary.1148.d99166a.0', 'message': 'no deps or dev-deps'}
{'statusCode': 0, 'package': '@knapsack/browserslist-config_3.51.2--canary.1148.aec2aca.0', 'message': 'no deps or dev-deps'}
{'statusCode': 0, 'package': '@knapsack/browserslist-config_3.51.2--canary.1148.7a1f418.0', 'message': 'no deps or dev-deps'}
{'statusCode': 0, 'package': '@knapsack/browserslist-config_3.51.2--canary.e88e3b3.0', 'message': 'no deps or dev-deps'}
{'statusCode': 0, 'package': '@knapsack/browserslist-config_3.51.2--canary.1149.2dbe444.0', 'message': 'no deps or dev-deps'}
{'statusCode': 0, 'package': '@knapsack/browserslist-config_3.51.2--canary.1152.dec079f.0', 'message': 'no deps or dev-deps'}
{'statusCode': 0, 'package': '@knapsack/browserslist-config_3.51.2--canary.1152.8a71deb.0', 'message': 'no deps or dev-deps'}
{'statusCode': 0, 'package': '@knapsack/browserslist-config_3.51.2--canary.1152.a5681d8.0', 'message': 'no deps or dev-deps'}
{'statusCode': 0, 'package': '@knapsack/browserslist-config_3.51.2--canary.1153.c7e676a.0', 'message': 'no deps or dev-deps'}
{'statusCode': 0, 'package': '@knapsack/browserslist-config_3.51.2--canary.1153.599609d.0', 'message': 'no deps or dev-deps'}
{'statusCode': 0, 'package': '@knapsack/browserslist-config_3.51.2--canary.1154.ed08d5d.0', 'message': 'no deps or dev-deps'}
{'statusCode': 0, 'package': '@knapsack/browserslist-config_3.51.2--canary.1155.23f8da3.0', 'message': 'no deps or dev-deps'}
{'statusCode': 0, 'package': '@knapsack/browserslist-config_3.51.2--canary.1154.0d5f9f2.0', 'message': 'no deps or dev-deps'}
{'statusCode': 0, 'package': '@knapsack/browserslist-config_3.51.2--canary.1154.3e45cf3.0', 'message': 'no deps or dev-deps'}
{'statusCode': 0, 'package': '@knapsack/browserslist-config_3.51.2--canary.1153.9cb85bd.0', 'message': 'no deps or dev-deps'}
{'statusCode': 0, 'package': '@knapsack/browserslist-config_3.51.2--canary.1157.c05d0d2.0', 'message': 'no deps or dev-deps'}
{'statusCode': 0, 'package': '@knapsack/browserslist-config_3.51.2--canary.2d79f87.0', 'message': 'no deps or dev-deps'}
{'statusCode': 0, 'package': '@knapsack/browserslist-config_3.51.2', 'message': 'no deps or dev-deps'}
{'statusCode': 0, 'package': '@knapsack/browserslist-config_3.51.3--canary.247f2c6.0', 'message': 'no deps or dev-deps'}
{'statusCode': 0, 'package': '@knapsack/browserslist-config_3.51.3--canary.3972777.0', 'message': 'no deps or dev-deps'}
{'statusCode': 0, 'package': '@knapsack/browserslist-config_3.52.0--canary.1158.3972777.0', 'message': 'no deps or dev-deps'}
{'statusCode': 0, 'package': '@knapsack/browserslist-config_3.51.3--canary.1161.751e0c8.0', 'message': 'no deps or dev-deps'}
{'statusCode': 0, 'package': '@knapsack/browserslist-config_3.51.3--canary.1162.12f3d76.0', 'message': 'no deps or dev-deps'}
{'statusCode': 0, 'package': '@knapsack/browserslist-config_3.51.3--canary.1163.4133a20.0', 'message': 'no deps or dev-deps'}
{'statusCode': 0, 'package': '@knapsack/browserslist-config_3.51.3--canary.1154.30d6e29.0', 'message': 'no deps or dev-deps'}
{'statusCode': 0, 'package': '@knapsack/browserslist-config_3.51.3--canary.1161.ee60e66.0', 'message': 'no deps or dev-deps'}
{'statusCode': 0, 'package': '@knapsack/browserslist-config_3.51.3--canary.1155.e753d22.0', 'message': 'no deps or dev-deps'}
{'statusCode': 0, 'package': '@knapsack/browserslist-config_3.51.3--canary.1163.19825e2.0', 'message': 'no deps or dev-deps'}
{'statusCode': 0, 'package': '@knapsack/browserslist-config_3.52.0--canary.1158.a2efdbe.0', 'message': 'no deps or dev-deps'}
{'statusCode': 0, 'package': '@knapsack/browserslist-config_3.51.3--canary.1155.e753d22.1', 'message': 'no deps or dev-deps'}
{'statusCode': 0, 'package': '@knapsack/browserslist-config_3.51.3--canary.1161.64c8a39.0', 'message': 'no deps or dev-deps'}
{'statusCode': 0, 'package': '@knapsack/browserslist-config_3.52.0--canary.1162.9ccb0b5.0', 'message': 'no deps or dev-deps'}
{'statusCode': 0, 'package': '@knapsack/browserslist-config_3.52.0--canary.1152.d14982a.0', 'message': 'no deps or dev-deps'}
{'statusCode': 0, 'package': '@knapsack/browserslist-config_3.51.3--canary.1166.65107b6.0', 'message': 'no deps or dev-deps'}
{'statusCode': 0, 'package': '@knapsack/browserslist-config_3.51.3--canary.1155.e753d22.2', 'message': 'no deps or dev-deps'}
{'statusCode': 0, 'package': '@knapsack/browserslist-config_3.51.3--canary.1155.441ee02.0', 'message': 'no deps or dev-deps'}
{'statusCode': 0, 'package': '@knapsack/browserslist-config_3.51.3--canary.1167.e0becef.0', 'message': 'no deps or dev-deps'}
{'statusCode': 0, 'package': '@knapsack/browserslist-config_3.52.0--canary.1166.bc70c14.0', 'message': 'no deps or dev-deps'}
{'statusCode': 0, 'package': '@knapsack/browserslist-config_3.51.3--canary.1169.9ac1c7c.0', 'message': 'no deps or dev-deps'}
{'statusCode': 0, 'package': '@knapsack/browserslist-config_3.51.3--canary.1172.2372a66.0', 'message': 'no deps or dev-deps'}
{'statusCode': 0, 'package': '@knapsack/browserslist-config_3.52.0--canary.1144.14dd2a8.0', 'message': 'no deps or dev-deps'}
{'statusCode': 0, 'package': '@knapsack/browserslist-config_3.51.3--canary.1172.2372a66.1', 'message': 'no deps or dev-deps'}
{'statusCode': 0, 'package': '@knapsack/browserslist-config_3.52.0--canary.1158.b7d9157.0', 'message': 'no deps or dev-deps'}
{'statusCode': 0, 'package': '@knapsack/browserslist-config_3.52.0--canary.1158.b7d9157.1', 'message': 'no deps or dev-deps'}
{'statusCode': 0, 'package': '@knapsack/browserslist-config_3.51.3--canary.1173.da5e331.0', 'message': 'no deps or dev-deps'}
{'statusCode': 0, 'package': '@knapsack/browserslist-config_3.51.3--canary.1167.e0becef.1', 'message': 'no deps or dev-deps'}
{'statusCode': 0, 'package': '@knapsack/browserslist-config_3.51.3--canary.1173.da5e331.1', 'message': 'no deps or dev-deps'}
{'statusCode': 0, 'package': '@knapsack/browserslist-config_3.51.3--canary.9e8fc6f.0', 'message': 'no deps or dev-deps'}
{'statusCode': 0, 'package': '@knapsack/browserslist-config_3.51.3--canary.1169.a7c5ba1.0', 'message': 'no deps or dev-deps'}
{'statusCode': 0, 'package': '@knapsack/browserslist-config_3.51.3--canary.65239ac.0', 'message': 'no deps or dev-deps'}
{'statusCode': 0, 'package': '@knapsack/browserslist-config_3.51.3--canary.1154.18af9a7.0', 'message': 'no deps or dev-deps'}
{'statusCode': 0, 'package': '@knapsack/browserslist-config_3.51.3--canary.452d7dd.0', 'message': 'no deps or dev-deps'}
{'statusCode': 0, 'package': '@knapsack/browserslist-config_3.51.3--canary.1174.9c31811.0', 'message': 'no deps or dev-deps'}
{'statusCode': 0, 'package': '@knapsack/browserslist-config_3.51.3--canary.1174.da2cf11.0', 'message': 'no deps or dev-deps'}
{'statusCode': 0, 'package': '@knapsack/browserslist-config_3.51.3', 'message': 'no deps or dev-deps'}
{'statusCode': 0, 'package': '@knapsack/browserslist-config_3.51.4--canary.1154.b53c183.0', 'message': 'no deps or dev-deps'}
{'statusCode': 0, 'package': '@knapsack/browserslist-config_3.52.0--canary.1158.52835a7.0', 'message': 'no deps or dev-deps'}
{'statusCode': 0, 'package': '@knapsack/browserslist-config_3.52.0--canary.1158.d3d1cce.0', 'message': 'no deps or dev-deps'}
{'statusCode': 0, 'package': '@knapsack/browserslist-config_3.51.4--canary.1178.ba8a540.0', 'message': 'no deps or dev-deps'}
{'statusCode': 0, 'package': '@knapsack/browserslist-config_3.51.4--canary.1179.b384f01.0', 'message': 'no deps or dev-deps'}
{'statusCode': 0, 'package': '@knapsack/browserslist-config_3.51.4--canary.1167.c7496df.0', 'message': 'no deps or dev-deps'}
{'statusCode': 0, 'package': '@knapsack/browserslist-config_3.51.4--canary.1180.f85f65f.0', 'message': 'no deps or dev-deps'}
{'statusCode': 0, 'package': '@knapsack/browserslist-config_3.51.4--canary.1179.f0df7c3.0', 'message': 'no deps or dev-deps'}
{'statusCode': 0, 'package': '@knapsack/browserslist-config_3.51.4--canary.1179.44c6a77.0', 'message': 'no deps or dev-deps'}
{'statusCode': 0, 'package': '@knapsack/browserslist-config_3.51.4--canary.1179.e53cdad.0', 'message': 'no deps or dev-deps'}
{'statusCode': 0, 'package': '@knapsack/browserslist-config_3.51.4--canary.1179.1cc9f7e.0', 'message': 'no deps or dev-deps'}
{'statusCode': 0, 'package': '@knapsack/browserslist-config_3.51.4--canary.1179.0d48332.0', 'message': 'no deps or dev-deps'}
{'statusCode': 0, 'package': '@knapsack/browserslist-config_3.51.4--canary.1109.bee0769.0', 'message': 'no deps or dev-deps'}
{'statusCode': 0, 'package': '@knapsack/browserslist-config_3.52.0', 'message': 'no deps or dev-deps'}
{'statusCode': 0, 'package': '@knapsack/browserslist-config_3.52.1--canary.1173.1359168.0', 'message': 'no deps or dev-deps'}
{'statusCode': 0, 'package': '@knapsack/browserslist-config_3.52.1--canary.1173.98c6959.0', 'message': 'no deps or dev-deps'}
{'statusCode': 0, 'package': '@knapsack/browserslist-config_3.52.1--canary.1173.7aa73a6.0', 'message': 'no deps or dev-deps'}
{'statusCode': 0, 'package': '@knapsack/browserslist-config_3.52.1--canary.1173.0d80e46.0', 'message': 'no deps or dev-deps'}
{'statusCode': 0, 'package': '@knapsack/browserslist-config_3.52.1--canary.9a16d7a.0', 'message': 'no deps or dev-deps'}
{'statusCode': 0, 'package': '@knapsack/browserslist-config_3.52.1--canary.1173.1f485bf.0', 'message': 'no deps or dev-deps'}
{'statusCode': 0, 'package': '@knapsack/browserslist-config_3.52.1--canary.1173.743e8e6.0', 'message': 'no deps or dev-deps'}
{'statusCode': 0, 'package': '@knapsack/browserslist-config_3.52.1--canary.1182.b522b0b.0', 'message': 'no deps or dev-deps'}
{'statusCode': 0, 'package': '@knapsack/browserslist-config_3.52.1--canary.1183.82c064f.0', 'message': 'no deps or dev-deps'}
{'statusCode': 0, 'package': '@knapsack/browserslist-config_3.52.1--canary.dd5b925.0', 'message': 'no deps or dev-deps'}
{'statusCode': 0, 'package': '@knapsack/browserslist-config_3.52.1--canary.1154.4bd6149.0', 'message': 'no deps or dev-deps'}
{'statusCode': 0, 'package': '@knapsack/browserslist-config_3.52.1', 'message': 'no deps or dev-deps'}
{'statusCode': 0, 'package': '@knapsack/browserslist-config_3.53.0--canary.1184.c4bae11.0', 'message': 'no deps or dev-deps'}
{'statusCode': 0, 'package': '@knapsack/browserslist-config_3.52.1--canary.1185.e669523.0', 'message': 'no deps or dev-deps'}
{'statusCode': 0, 'package': '@knapsack/browserslist-config_3.52.1--canary.1154.76b15c3.0', 'message': 'no deps or dev-deps'}
{'statusCode': 0, 'package': '@knapsack/browserslist-config_3.52.1--canary.3a1df7c.0', 'message': 'no deps or dev-deps'}
{'statusCode': 0, 'package': '@knapsack/browserslist-config_3.52.1--canary.0fd7a5d.0', 'message': 'no deps or dev-deps'}
{'statusCode': 0, 'package': '@knapsack/browserslist-config_3.52.1--canary.32392f7.0', 'message': 'no deps or dev-deps'}
{'statusCode': 0, 'package': '@knapsack/browserslist-config_3.52.1--canary.1173.1ca87bd.0', 'message': 'no deps or dev-deps'}
{'statusCode': 0, 'package': '@knapsack/browserslist-config_3.53.0--canary.1187.b260758.0', 'message': 'no deps or dev-deps'}
{'statusCode': 0, 'package': '@knapsack/browserslist-config_3.52.1--canary.1188.85b036e.0', 'message': 'no deps or dev-deps'}
{'statusCode': 0, 'package': '@knapsack/browserslist-config_3.52.1--canary.1189.298e199.0', 'message': 'no deps or dev-deps'}
{'statusCode': 0, 'package': '@knapsack/browserslist-config_3.52.1--canary.1188.5cd0a88.0', 'message': 'no deps or dev-deps'}
{'statusCode': 0, 'package': '@knapsack/browserslist-config_3.52.1--canary.1191.7d62a2e.0', 'message': 'no deps or dev-deps'}
{'statusCode': 0, 'package': '@knapsack/browserslist-config_3.52.1--canary.1178.d0d8582.0', 'message': 'no deps or dev-deps'}
{'statusCode': 0, 'package': '@knapsack/browserslist-config_3.52.1--canary.1190.29dc567.0', 'message': 'no deps or dev-deps'}
{'statusCode': 0, 'package': '@knapsack/browserslist-config_3.52.1--canary.1190.2938f4c.0', 'message': 'no deps or dev-deps'}
{'statusCode': 0, 'package': '@knapsack/browserslist-config_3.52.1--canary.1109.4d9b0bd.0', 'message': 'no deps or dev-deps'}
{'statusCode': 0, 'package': '@knapsack/browserslist-config_3.52.1--canary.1154.0897d34.0', 'message': 'no deps or dev-deps'}
{'statusCode': 0, 'package': '@knapsack/browserslist-config_3.52.1--canary.1179.a511bc9.0', 'message': 'no deps or dev-deps'}
{'statusCode': 0, 'package': '@knapsack/browserslist-config_3.52.2', 'message': 'no deps or dev-deps'}
{'statusCode': 0, 'package': '@knapsack/browserslist-config_3.52.3--canary.f13cb6d.0', 'message': 'no deps or dev-deps'}
{'statusCode': 0, 'package': '@knapsack/browserslist-config_3.52.3--canary.87f70b3.0', 'message': 'no deps or dev-deps'}
{'statusCode': 0, 'package': '@knapsack/browserslist-config_3.52.3--canary.1154.4858b0a.0', 'message': 'no deps or dev-deps'}
{'statusCode': 0, 'package': '@knapsack/browserslist-config_3.52.3--canary.1154.a6a17ce.0', 'message': 'no deps or dev-deps'}
{'statusCode': 0, 'package': '@knapsack/browserslist-config_3.52.3--canary.1154.6b3531f.0', 'message': 'no deps or dev-deps'}
{'statusCode': 0, 'package': '@knapsack/browserslist-config_3.52.3--canary.1154.114fd79.0', 'message': 'no deps or dev-deps'}
{'statusCode': 0, 'package': '@knapsack/browserslist-config_3.52.3--canary.1154.97e08ea.0', 'message': 'no deps or dev-deps'}
{'statusCode': 0, 'package': '@knapsack/browserslist-config_3.52.3--canary.1154.d0e2006.0', 'message': 'no deps or dev-deps'}
{'statusCode': 0, 'package': '@knapsack/browserslist-config_3.52.3--canary.1173.2d2d78d.0', 'message': 'no deps or dev-deps'}
{'statusCode': 0, 'package': '@knapsack/browserslist-config_3.52.3--canary.1109.4d9b0bd.0', 'message': 'no deps or dev-deps'}
{'statusCode': 0, 'package': '@knapsack/browserslist-config_3.52.3--canary.1154.0ce2815.0', 'message': 'no deps or dev-deps'}
{'statusCode': 0, 'package': '@knapsack/browserslist-config_3.52.3--canary.1154.398c3b7.0', 'message': 'no deps or dev-deps'}
{'statusCode': 0, 'package': '@knapsack/browserslist-config_3.52.3--canary.1154.398c3b7.1', 'message': 'no deps or dev-deps'}
{'statusCode': 0, 'package': '@knapsack/browserslist-config_3.52.3--canary.1194.2978f02.0', 'message': 'no deps or dev-deps'}
{'statusCode': 0, 'package': '@knapsack/browserslist-config_3.52.3--canary.1154.4ce4695.0', 'message': 'no deps or dev-deps'}
{'statusCode': 0, 'package': '@knapsack/browserslist-config_3.52.3--canary.1173.a94b20f.0', 'message': 'no deps or dev-deps'}
{'statusCode': 0, 'package': '@knapsack/browserslist-config_3.53.0--canary.1154.abbf29d.0', 'message': 'no deps or dev-deps'}
{'statusCode': 0, 'package': '@knapsack/browserslist-config_3.53.0--canary.1154.99cd9d2.0', 'message': 'no deps or dev-deps'}
{'statusCode': 0, 'package': '@knapsack/browserslist-config_3.52.3', 'message': 'no deps or dev-deps'}
{'statusCode': 0, 'package': '@knapsack/browserslist-config_3.52.4--canary.9acea2d.0', 'message': 'no deps or dev-deps'}
{'statusCode': 0, 'package': '@knapsack/browserslist-config_3.52.4--canary.1188.c2ee37d.0', 'message': 'no deps or dev-deps'}
{'statusCode': 0, 'package': '@knapsack/browserslist-config_3.52.4--canary.1196.c854ccf.0', 'message': 'no deps or dev-deps'}
{'statusCode': 0, 'package': '@knapsack/browserslist-config_3.53.0--canary.1194.214c196.0', 'message': 'no deps or dev-deps'}
{'statusCode': 0, 'package': '@knapsack/browserslist-config_3.53.0--canary.1154.7531f20.0', 'message': 'no deps or dev-deps'}
{'statusCode': 0, 'package': '@knapsack/browserslist-config_3.53.0--canary.1154.aace372.0', 'message': 'no deps or dev-deps'}
{'statusCode': 0, 'package': '@knapsack/browserslist-config_3.52.4--canary.1197.4034d0a.0', 'message': 'no deps or dev-deps'}
{'statusCode': 0, 'package': '@knapsack/browserslist-config_3.53.0--canary.1154.db316d3.0', 'message': 'no deps or dev-deps'}
{'statusCode': 0, 'package': '@knapsack/browserslist-config_3.53.0--canary.1154.34a7e11.0', 'message': 'no deps or dev-deps'}
{'statusCode': 0, 'package': '@knapsack/browserslist-config_3.53.0--canary.1154.2b420f5.0', 'message': 'no deps or dev-deps'}
{'statusCode': 0, 'package': '@knapsack/browserslist-config_3.52.4--canary.1198.3706cb9.0', 'message': 'no deps or dev-deps'}
{'statusCode': 0, 'package': '@knapsack/browserslist-config_3.52.4--canary.1189.201697b.0', 'message': 'no deps or dev-deps'}
{'statusCode': 0, 'package': '@knapsack/browserslist-config_3.53.0--canary.1154.cd0c335.0', 'message': 'no deps or dev-deps'}
{'statusCode': 0, 'package': '@knapsack/browserslist-config_3.52.4--canary.1197.4034d0a.1', 'message': 'no deps or dev-deps'}
{'statusCode': 0, 'package': '@knapsack/browserslist-config_3.52.4--canary.1179.0c61cc2.0', 'message': 'no deps or dev-deps'}
{'statusCode': 0, 'package': '@knapsack/browserslist-config_3.52.4--canary.1199.d1a60cf.0', 'message': 'no deps or dev-deps'}
{'statusCode': 0, 'package': '@knapsack/browserslist-config_3.52.4--canary.1179.3249191.0', 'message': 'no deps or dev-deps'}
{'statusCode': 0, 'package': '@knapsack/browserslist-config_3.52.4--canary.1179.2942599.0', 'message': 'no deps or dev-deps'}
{'statusCode': 0, 'package': '@knapsack/browserslist-config_3.52.4--canary.3f50a49.0', 'message': 'no deps or dev-deps'}
{'statusCode': 0, 'package': '@knapsack/browserslist-config_3.53.0--canary.1200.8dfbe7c.0', 'message': 'no deps or dev-deps'}
{'statusCode': 0, 'package': '@knapsack/browserslist-config_3.52.4--canary.1179.e3b6ff2.0', 'message': 'no deps or dev-deps'}
{'statusCode': 0, 'package': '@knapsack/browserslist-config_3.52.4--canary.1201.56b7c72.0', 'message': 'no deps or dev-deps'}
{'statusCode': 0, 'package': '@knapsack/browserslist-config_3.52.4--canary.1179.ad42d7b.0', 'message': 'no deps or dev-deps'}
{'statusCode': 0, 'package': '@knapsack/browserslist-config_3.52.4--canary.1179.3428a44.0', 'message': 'no deps or dev-deps'}
{'statusCode': 0, 'package': '@knapsack/browserslist-config_3.52.4--canary.1179.131c439.0', 'message': 'no deps or dev-deps'}
{'statusCode': 0, 'package': '@knapsack/browserslist-config_3.52.4--canary.1202.85e4d46.0', 'message': 'no deps or dev-deps'}
{'statusCode': 0, 'package': '@knapsack/browserslist-config_3.52.4--canary.1202.b69867f.0', 'message': 'no deps or dev-deps'}
{'statusCode': 0, 'package': '@knapsack/browserslist-config_3.53.0--canary.1187.67f3255.0', 'message': 'no deps or dev-deps'}
{'statusCode': 0, 'package': '@knapsack/browserslist-config_3.53.0--canary.1178.d946568.0', 'message': 'no deps or dev-deps'}
{'statusCode': 0, 'package': '@knapsack/browserslist-config_3.53.0--canary.1154.4b1bb8a.0', 'message': 'no deps or dev-deps'}
{'statusCode': 0, 'package': '@knapsack/browserslist-config_3.53.0--canary.1178.ed99665.0', 'message': 'no deps or dev-deps'}
{'statusCode': 0, 'package': '@knapsack/browserslist-config_3.53.0--canary.1187.67f3255.1', 'message': 'no deps or dev-deps'}
{'statusCode': 0, 'package': '@knapsack/browserslist-config_3.52.4--canary.1196.3763fd0.0', 'message': 'no deps or dev-deps'}
{'statusCode': 0, 'package': '@knapsack/browserslist-config_3.52.4--canary.1201.2d1177e.0', 'message': 'no deps or dev-deps'}
{'statusCode': 0, 'package': '@knapsack/browserslist-config_3.53.0--canary.1178.216fea3.0', 'message': 'no deps or dev-deps'}
{'statusCode': 0, 'package': '@knapsack/browserslist-config_3.52.4--canary.1167.db3e649.0', 'message': 'no deps or dev-deps'}
{'statusCode': 0, 'package': '@knapsack/browserslist-config_3.53.0--canary.1187.7520c9a.0', 'message': 'no deps or dev-deps'}
{'statusCode': 0, 'package': '@knapsack/browserslist-config_3.52.4--canary.1201.a3ef039.0', 'message': 'no deps or dev-deps'}
{'statusCode': 0, 'package': '@knapsack/browserslist-config_3.53.0--canary.1178.b8910f5.0', 'message': 'no deps or dev-deps'}
{'statusCode': 0, 'package': '@knapsack/browserslist-config_3.52.4--canary.1203.e3d9f7c.0', 'message': 'no deps or dev-deps'}
{'statusCode': 0, 'package': '@knapsack/browserslist-config_3.53.0--canary.1178.27e6b30.0', 'message': 'no deps or dev-deps'}
{'statusCode': 0, 'package': '@knapsack/browserslist-config_3.52.4--canary.1203.33f71f8.0', 'message': 'no deps or dev-deps'}
{'statusCode': 0, 'package': '@knapsack/browserslist-config_3.52.4--canary.1196.20ad495.0', 'message': 'no deps or dev-deps'}
{'statusCode': 0, 'package': '@knapsack/browserslist-config_3.53.0--canary.1204.b5086ea.0', 'message': 'no deps or dev-deps'}
{'statusCode': 0, 'package': '@knapsack/browserslist-config_3.53.0--canary.1204.d80b8bc.0', 'message': 'no deps or dev-deps'}
{'statusCode': 0, 'package': '@knapsack/browserslist-config_3.52.4--canary.1203.ebc26de.0', 'message': 'no deps or dev-deps'}
{'statusCode': 0, 'package': '@knapsack/browserslist-config_3.52.4--canary.1199.aecf1c9.0', 'message': 'no deps or dev-deps'}
{'statusCode': 0, 'package': '@knapsack/browserslist-config_3.52.4--canary.1203.d1b1ad3.0', 'message': 'no deps or dev-deps'}
{'statusCode': 0, 'package': '@knapsack/browserslist-config_3.52.4--canary.1199.ba1bd49.0', 'message': 'no deps or dev-deps'}
{'statusCode': 0, 'package': '@knapsack/browserslist-config_3.53.0--canary.1205.a1efc86.0', 'message': 'no deps or dev-deps'}
{'statusCode': 0, 'package': '@knapsack/browserslist-config_3.52.4--canary.1196.8655e1b.0', 'message': 'no deps or dev-deps'}
{'statusCode': 0, 'package': '@knapsack/browserslist-config_3.52.4--canary.1203.70f634c.0', 'message': 'no deps or dev-deps'}
{'statusCode': 0, 'package': '@knapsack/browserslist-config_3.53.0--canary.1205.8b14b50.0', 'message': 'no deps or dev-deps'}
{'statusCode': 0, 'package': '@knapsack/browserslist-config_3.52.4--canary.1206.95f1099.0', 'message': 'no deps or dev-deps'}
{'statusCode': 0, 'package': '@knapsack/browserslist-config_3.52.4--canary.1207.7dc4285.0', 'message': 'no deps or dev-deps'}
{'statusCode': 0, 'package': '@knapsack/browserslist-config_3.52.4--canary.1207.d903c2d.0', 'message': 'no deps or dev-deps'}
{'statusCode': 0, 'package': '@knapsack/browserslist-config_3.53.0--canary.1204.f3f5bcc.0', 'message': 'no deps or dev-deps'}
{'statusCode': 0, 'package': '@knapsack/browserslist-config_3.52.4--canary.1208.e6c01f5.0', 'message': 'no deps or dev-deps'}
{'statusCode': 0, 'package': '@knapsack/browserslist-config_3.52.4--canary.1207.914b74f.0', 'message': 'no deps or dev-deps'}
{'statusCode': 0, 'package': '@knapsack/browserslist-config_3.53.0--canary.1204.f2ba636.0', 'message': 'no deps or dev-deps'}
{'statusCode': 0, 'package': '@knapsack/browserslist-config_3.53.0--canary.1204.cfbc4a9.0', 'message': 'no deps or dev-deps'}
{'statusCode': 0, 'package': '@knapsack/browserslist-config_3.53.0--canary.1209.522f086.0', 'message': 'no deps or dev-deps'}
{'statusCode': 0, 'package': '@knapsack/browserslist-config_3.53.0--canary.1202.0d3a15b.0', 'message': 'no deps or dev-deps'}
{'statusCode': 0, 'package': '@knapsack/browserslist-config_3.52.4--canary.1207.91bde17.0', 'message': 'no deps or dev-deps'}
{'statusCode': 0, 'package': '@knapsack/browserslist-config_3.52.4--canary.1203.a8af518.0', 'message': 'no deps or dev-deps'}
{'statusCode': 0, 'package': '@knapsack/browserslist-config_3.52.4--canary.1210.0857aef.0', 'message': 'no deps or dev-deps'}
{'statusCode': 0, 'package': '@knapsack/browserslist-config_3.52.4--canary.1208.61c8a02.0', 'message': 'no deps or dev-deps'}
{'statusCode': 0, 'package': '@knapsack/browserslist-config_3.52.4--canary.1199.736144b.0', 'message': 'no deps or dev-deps'}
{'statusCode': 0, 'package': '@knapsack/browserslist-config_3.52.4--canary.1199.7a6cd16.0', 'message': 'no deps or dev-deps'}
{'statusCode': 0, 'package': '@knapsack/browserslist-config_3.53.0--canary.1209.6d80633.0', 'message': 'no deps or dev-deps'}
{'statusCode': 0, 'package': '@knapsack/browserslist-config_3.53.0--canary.1202.b521ed5.0', 'message': 'no deps or dev-deps'}
{'statusCode': 0, 'package': '@knapsack/browserslist-config_3.53.0--canary.1204.7dfbe39.0', 'message': 'no deps or dev-deps'}
{'statusCode': 0, 'package': '@knapsack/browserslist-config_3.53.0--canary.1200.9cdab3f.0', 'message': 'no deps or dev-deps'}
{'statusCode': 0, 'package': '@knapsack/browserslist-config_3.53.0--canary.1204.05690b7.0', 'message': 'no deps or dev-deps'}
{'statusCode': 0, 'package': '@knapsack/browserslist-config_3.53.0', 'message': 'no deps or dev-deps'}
{'statusCode': 0, 'package': '@knapsack/browserslist-config_3.54.0--canary.1209.b283f86.0', 'message': 'no deps or dev-deps'}
{'statusCode': 0, 'package': '@knapsack/browserslist-config_3.53.1--canary.52e9c7a.0', 'message': 'no deps or dev-deps'}
{'statusCode': 0, 'package': '@knapsack/browserslist-config_3.53.1--canary.1211.021f192.0', 'message': 'no deps or dev-deps'}
{'statusCode': 0, 'package': '@knapsack/browserslist-config_3.54.0--canary.1178.153bf79.0', 'message': 'no deps or dev-deps'}
{'statusCode': 0, 'package': '@knapsack/browserslist-config_3.54.0--canary.1178.0008a83.0', 'message': 'no deps or dev-deps'}
{'statusCode': 0, 'package': '@knapsack/browserslist-config_3.54.0--canary.1178.1b74691.0', 'message': 'no deps or dev-deps'}
{'statusCode': 0, 'package': '@knapsack/browserslist-config_3.54.0--canary.1178.5b0b26b.0', 'message': 'no deps or dev-deps'}
{'statusCode': 0, 'package': '@knapsack/browserslist-config_3.54.0--canary.1026.8ecd698.0', 'message': 'no deps or dev-deps'}
{'statusCode': 0, 'package': '@knapsack/browserslist-config_3.53.1--canary.1212.39ae6b4.0', 'message': 'no deps or dev-deps'}
{'statusCode': 0, 'package': '@knapsack/browserslist-config_3.53.1--canary.1214.3995576.0', 'message': 'no deps or dev-deps'}
{'statusCode': 0, 'package': '@knapsack/browserslist-config_3.53.1--canary.439dc23.0', 'message': 'no deps or dev-deps'}
{'statusCode': 0, 'package': '@knapsack/browserslist-config_3.53.1--canary.1215.80f69ad.0', 'message': 'no deps or dev-deps'}
{'statusCode': 0, 'package': '@knapsack/browserslist-config_3.53.1--canary.1215.80f69ad.1', 'message': 'no deps or dev-deps'}
{'statusCode': 0, 'package': '@knapsack/browserslist-config_3.53.1--canary.1217.d7884cf.0', 'message': 'no deps or dev-deps'}
{'statusCode': 0, 'package': '@knapsack/browserslist-config_3.53.1--canary.1219.0734c0c.0', 'message': 'no deps or dev-deps'}
{'statusCode': 0, 'package': '@knapsack/browserslist-config_3.53.1--canary.1215.080b808.0', 'message': 'no deps or dev-deps'}
{'statusCode': 0, 'package': '@knapsack/browserslist-config_3.53.1--canary.1220.73eab50.0', 'message': 'no deps or dev-deps'}
{'statusCode': 0, 'package': '@knapsack/browserslist-config_3.53.1--canary.1217.0012d4c.0', 'message': 'no deps or dev-deps'}
{'statusCode': 0, 'package': '@knapsack/browserslist-config_3.54.0--canary.1222.52a759c.0', 'message': 'no deps or dev-deps'}
{'statusCode': 0, 'package': '@knapsack/browserslist-config_3.53.1--canary.1224.f74c74d.0', 'message': 'no deps or dev-deps'}
{'statusCode': 0, 'package': '@knapsack/browserslist-config_3.53.1--canary.1224.c6e8455.0', 'message': 'no deps or dev-deps'}
{'statusCode': 0, 'package': '@knapsack/browserslist-config_3.53.1--canary.1217.42df9bb.0', 'message': 'no deps or dev-deps'}
{'statusCode': 0, 'package': '@knapsack/browserslist-config_3.53.1--canary.1225.9092dbe.0', 'message': 'no deps or dev-deps'}
{'statusCode': 0, 'package': '@knapsack/browserslist-config_3.53.1--canary.1225.8689a6b.0', 'message': 'no deps or dev-deps'}
{'statusCode': 0, 'package': '@knapsack/browserslist-config_3.53.1--canary.1199.d9e0421.0', 'message': 'no deps or dev-deps'}
{'statusCode': 0, 'package': '@knapsack/browserslist-config_3.53.1--canary.1199.9db63e0.0', 'message': 'no deps or dev-deps'}
{'statusCode': 0, 'package': '@knapsack/browserslist-config_3.53.1--canary.1212.703a6e6.0', 'message': 'no deps or dev-deps'}
{'statusCode': 0, 'package': '@knapsack/browserslist-config_3.53.1--canary.1226.1b221a2.0', 'message': 'no deps or dev-deps'}
{'statusCode': 0, 'package': '@knapsack/browserslist-config_3.53.1--canary.1199.d97b9b9.0', 'message': 'no deps or dev-deps'}
{'statusCode': 0, 'package': '@knapsack/browserslist-config_3.53.1--canary.1217.d9f2274.0', 'message': 'no deps or dev-deps'}
{'statusCode': 0, 'package': '@knapsack/browserslist-config_3.53.1--canary.1227.94dd163.0', 'message': 'no deps or dev-deps'}
{'statusCode': 0, 'package': '@knapsack/browserslist-config_3.54.0', 'message': 'no deps or dev-deps'}
{'statusCode': 0, 'package': '@knapsack/browserslist-config_3.53.1--canary.484c9b6.0', 'message': 'no deps or dev-deps'}
{'statusCode': 0, 'package': '@knapsack/browserslist-config_3.54.1--canary.b976e33.0', 'message': 'no deps or dev-deps'}
{'statusCode': 0, 'package': '@knapsack/browserslist-config_3.55.0', 'message': 'no deps or dev-deps'}
{'statusCode': 0, 'package': '@knapsack/browserslist-config_3.55.1--canary.74c8b18.0', 'message': 'no deps or dev-deps'}
{'statusCode': 0, 'package': '@knapsack/browserslist-config_3.55.1--canary.1199.081b2b8.0', 'message': 'no deps or dev-deps'}
{'statusCode': 0, 'package': '@knapsack/browserslist-config_3.55.1--canary.1214.64f9315.0', 'message': 'no deps or dev-deps'}
{'statusCode': 0, 'package': '@knapsack/browserslist-config_3.55.1--canary.1199.d241f40.0', 'message': 'no deps or dev-deps'}
{'statusCode': 0, 'package': '@knapsack/browserslist-config_3.55.1--canary.1199.d241f40.1', 'message': 'no deps or dev-deps'}
{'statusCode': 0, 'package': '@knapsack/browserslist-config_3.55.1--canary.1199.d241f40.2', 'message': 'no deps or dev-deps'}
{'statusCode': 0, 'package': '@knapsack/browserslist-config_3.55.1--canary.1199.4983780.0', 'message': 'no deps or dev-deps'}
{'statusCode': 0, 'package': '@knapsack/browserslist-config_3.55.1--canary.1199.3e988ff.0', 'message': 'no deps or dev-deps'}
{'statusCode': 0, 'package': '@knapsack/browserslist-config_3.55.1--canary.1199.139e4f7.0', 'message': 'no deps or dev-deps'}
{'statusCode': 0, 'package': '@knapsack/browserslist-config_3.55.1--canary.1228.e237c89.0', 'message': 'no deps or dev-deps'}
{'statusCode': 0, 'package': '@knapsack/browserslist-config_3.55.1--canary.1229.fa8a047.0', 'message': 'no deps or dev-deps'}
{'statusCode': 0, 'package': '@knapsack/browserslist-config_3.55.1--canary.1229.f100246.0', 'message': 'no deps or dev-deps'}
{'statusCode': 0, 'package': '@knapsack/browserslist-config_3.55.1--canary.1199.139e4f7.1', 'message': 'no deps or dev-deps'}
{'statusCode': 0, 'package': '@knapsack/browserslist-config_3.55.1--canary.1199.139e4f7.2', 'message': 'no deps or dev-deps'}
{'statusCode': 0, 'package': '@knapsack/browserslist-config_3.55.1--canary.1230.28073dd.0', 'message': 'no deps or dev-deps'}
{'statusCode': 0, 'package': '@knapsack/browserslist-config_3.55.1--canary.1231.132de75.0', 'message': 'no deps or dev-deps'}
{'statusCode': 0, 'package': '@knapsack/browserslist-config_3.55.1--canary.1231.132de75.1', 'message': 'no deps or dev-deps'}
{'statusCode': 0, 'package': '@knapsack/browserslist-config_3.55.1--canary.1232.fcdb690.0', 'message': 'no deps or dev-deps'}
{'statusCode': 0, 'package': '@knapsack/browserslist-config_3.55.1--canary.1232.d1f1fbe.0', 'message': 'no deps or dev-deps'}
{'statusCode': 0, 'package': '@knapsack/browserslist-config_3.55.1--canary.1233.1101186.0', 'message': 'no deps or dev-deps'}
{'statusCode': 0, 'package': '@knapsack/browserslist-config_3.55.1--canary.1231.132de75.2', 'message': 'no deps or dev-deps'}
{'statusCode': 0, 'package': '@knapsack/browserslist-config_3.55.1--canary.1231.5f651d0.0', 'message': 'no deps or dev-deps'}
{'statusCode': 0, 'package': '@knapsack/browserslist-config_3.55.1--canary.1236.cda451a.0', 'message': 'no deps or dev-deps'}
{'statusCode': 0, 'package': '@knapsack/browserslist-config_3.55.1--canary.1236.deeb497.0', 'message': 'no deps or dev-deps'}
{'statusCode': 0, 'package': '@knapsack/browserslist-config_3.55.1--canary.1236.5c34816.0', 'message': 'no deps or dev-deps'}
{'statusCode': 0, 'package': '@knapsack/browserslist-config_3.55.1--canary.1236.408aee8.0', 'message': 'no deps or dev-deps'}
{'statusCode': 0, 'package': '@knapsack/browserslist-config_3.55.1--canary.1228.5768ba7.0', 'message': 'no deps or dev-deps'}
{'statusCode': 0, 'package': '@knapsack/browserslist-config_3.55.1--canary.1236.2eb938f.0', 'message': 'no deps or dev-deps'}
{'statusCode': 0, 'package': '@knapsack/browserslist-config_3.55.1--canary.1211.dd1f56a.0', 'message': 'no deps or dev-deps'}
{'statusCode': 0, 'package': '@knapsack/browserslist-config_3.55.1--canary.1236.2eb938f.1', 'message': 'no deps or dev-deps'}
{'statusCode': 0, 'package': '@knapsack/browserslist-config_3.55.1--canary.1228.18b4c72.0', 'message': 'no deps or dev-deps'}
{'statusCode': 0, 'package': '@knapsack/browserslist-config_3.55.1--canary.de6ca56.0', 'message': 'no deps or dev-deps'}
{'statusCode': 0, 'package': '@knapsack/browserslist-config_3.55.1--canary.1212.9442046.0', 'message': 'no deps or dev-deps'}
{'statusCode': 0, 'package': '@knapsack/browserslist-config_3.55.1--canary.1226.e6a9a23.0', 'message': 'no deps or dev-deps'}
{'statusCode': 0, 'package': '@knapsack/browserslist-config_3.55.1', 'message': 'no deps or dev-deps'}
{'statusCode': 0, 'package': '@knapsack/browserslist-config_3.55.2--canary.9abd78d.0', 'message': 'no deps or dev-deps'}
{'statusCode': 0, 'package': '@knapsack/browserslist-config_3.55.2--canary.1229.7f54dc4.0', 'message': 'no deps or dev-deps'}
{'statusCode': 0, 'package': '@knapsack/browserslist-config_3.55.2--canary.1229.dbab6b0.0', 'message': 'no deps or dev-deps'}
{'statusCode': 0, 'package': '@knapsack/browserslist-config_3.55.2--canary.1229.daa6066.0', 'message': 'no deps or dev-deps'}
{'statusCode': 0, 'package': '@knapsack/browserslist-config_3.55.2--canary.1237.7aacca7.0', 'message': 'no deps or dev-deps'}
{'statusCode': 0, 'package': '@knapsack/browserslist-config_3.55.2--canary.1232.ee34c79.0', 'message': 'no deps or dev-deps'}
{'statusCode': 0, 'package': '@knapsack/browserslist-config_3.55.2--canary.1238.4f05a65.0', 'message': 'no deps or dev-deps'}
{'statusCode': 0, 'package': '@knapsack/browserslist-config_3.55.2--canary.1238.4f05a65.1', 'message': 'no deps or dev-deps'}
{'statusCode': 0, 'package': '@knapsack/browserslist-config_3.55.2--canary.1199.8bcb1d6.0', 'message': 'no deps or dev-deps'}
{'statusCode': 0, 'package': '@knapsack/browserslist-config_3.55.2--canary.1232.7bf7162.0', 'message': 'no deps or dev-deps'}
{'statusCode': 0, 'package': '@knapsack/browserslist-config_3.55.2--canary.1238.434d890.0', 'message': 'no deps or dev-deps'}
{'statusCode': 0, 'package': '@knapsack/browserslist-config_3.55.2--canary.1199.ff192d4.0', 'message': 'no deps or dev-deps'}
{'statusCode': 0, 'package': '@knapsack/browserslist-config_3.55.2--canary.1238.e0ad6be.0', 'message': 'no deps or dev-deps'}
{'statusCode': 0, 'package': '@knapsack/browserslist-config_3.55.2--canary.1238.1d6b48a.0', 'message': 'no deps or dev-deps'}
{'statusCode': 0, 'package': '@knapsack/browserslist-config_3.55.2--canary.1239.0b784eb.0', 'message': 'no deps or dev-deps'}
{'statusCode': 0, 'package': '@knapsack/browserslist-config_3.55.2--canary.1238.1d6b48a.1', 'message': 'no deps or dev-deps'}
{'statusCode': 0, 'package': '@knapsack/browserslist-config_3.55.2', 'message': 'no deps or dev-deps'}
{'statusCode': 0, 'package': '@knapsack/browserslist-config_3.55.3--canary.6433c80.0', 'message': 'no deps or dev-deps'}
{'statusCode': 0, 'package': '@knapsack/browserslist-config_3.55.3--canary.1240.1950a5a.0', 'message': 'no deps or dev-deps'}
{'statusCode': 0, 'package': '@knapsack/browserslist-config_3.55.3--canary.1241.4e60074.0', 'message': 'no deps or dev-deps'}
{'statusCode': 0, 'package': '@knapsack/browserslist-config_3.55.3--canary.1242.5b69ab6.0', 'message': 'no deps or dev-deps'}
{'statusCode': 0, 'package': '@knapsack/browserslist-config_3.55.3--canary.1243.947b58e.0', 'message': 'no deps or dev-deps'}
{'statusCode': 0, 'package': '@knapsack/browserslist-config_3.55.3--canary.1243.784f5d1.0', 'message': 'no deps or dev-deps'}
{'statusCode': 0, 'package': '@knapsack/browserslist-config_3.55.3--canary.1238.ec99d54.0', 'message': 'no deps or dev-deps'}
{'statusCode': 0, 'package': '@knapsack/browserslist-config_3.55.3--canary.1199.890c871.0', 'message': 'no deps or dev-deps'}
{'statusCode': 0, 'package': '@knapsack/browserslist-config_3.55.3--canary.1238.f3d3a40.0', 'message': 'no deps or dev-deps'}
{'statusCode': 0, 'package': '@knapsack/browserslist-config_3.55.3--canary.1243.71bee07.0', 'message': 'no deps or dev-deps'}
{'statusCode': 0, 'package': '@knapsack/browserslist-config_3.55.3--canary.1229.76a7050.0', 'message': 'no deps or dev-deps'}
{'statusCode': 0, 'package': '@knapsack/browserslist-config_3.55.3--canary.1238.383f30c.0', 'message': 'no deps or dev-deps'}
{'statusCode': 0, 'package': '@knapsack/browserslist-config_3.55.3--canary.1229.076d429.0', 'message': 'no deps or dev-deps'}
{'statusCode': 0, 'package': '@knapsack/browserslist-config_3.55.3--canary.1244.e72cc62.0', 'message': 'no deps or dev-deps'}
{'statusCode': 0, 'package': '@knapsack/browserslist-config_3.55.3--canary.1240.0eae410.0', 'message': 'no deps or dev-deps'}
{'statusCode': 0, 'package': '@knapsack/browserslist-config_3.55.3--canary.1241.4b58106.0', 'message': 'no deps or dev-deps'}
{'statusCode': 0, 'package': '@knapsack/browserslist-config_3.55.3--canary.1239.47db6d9.0', 'message': 'no deps or dev-deps'}
{'statusCode': 0, 'package': '@knapsack/browserslist-config_3.55.3--canary.1244.a16b479.0', 'message': 'no deps or dev-deps'}
{'statusCode': 0, 'package': '@knapsack/browserslist-config_3.55.3--canary.91589d8.0', 'message': 'no deps or dev-deps'}
{'statusCode': 0, 'package': '@knapsack/browserslist-config_3.55.3--canary.1245.04f6f64.0', 'message': 'no deps or dev-deps'}
{'statusCode': 0, 'package': '@knapsack/browserslist-config_3.55.3--canary.1242.db8a23a.0', 'message': 'no deps or dev-deps'}
{'statusCode': 0, 'package': '@knapsack/browserslist-config_3.55.3--canary.1242.dd2f6c8.0', 'message': 'no deps or dev-deps'}
{'statusCode': 0, 'package': '@knapsack/browserslist-config_3.55.3--canary.1245.0095de1.0', 'message': 'no deps or dev-deps'}
{'statusCode': 0, 'package': '@knapsack/browserslist-config_3.55.3--canary.1240.a5f851f.0', 'message': 'no deps or dev-deps'}
{'statusCode': 0, 'package': '@knapsack/browserslist-config_3.55.3--canary.1240.96b0d93.0', 'message': 'no deps or dev-deps'}
{'statusCode': 0, 'package': '@knapsack/browserslist-config_3.55.3--canary.1240.1ea82e5.0', 'message': 'no deps or dev-deps'}
{'statusCode': 0, 'package': '@knapsack/browserslist-config_3.55.3--canary.1240.8e6ca8a.0', 'message': 'no deps or dev-deps'}
{'statusCode': 0, 'package': '@knapsack/browserslist-config_3.56.0--canary.1026.8d66ea6.0', 'message': 'no deps or dev-deps'}
{'statusCode': 0, 'package': '@knapsack/browserslist-config_3.55.3--canary.7340b88.0', 'message': 'no deps or dev-deps'}
{'statusCode': 0, 'package': '@knapsack/browserslist-config_3.55.3--canary.004b339.0', 'message': 'no deps or dev-deps'}
{'statusCode': 0, 'package': '@knapsack/browserslist-config_3.55.3--canary.491050c.0', 'message': 'no deps or dev-deps'}
{'statusCode': 0, 'package': '@knapsack/browserslist-config_3.56.0--canary.1247.a2e2123.0', 'message': 'no deps or dev-deps'}
{'statusCode': 0, 'package': '@knapsack/browserslist-config_3.56.0--canary.1247.2483b0c.0', 'message': 'no deps or dev-deps'}
{'statusCode': 0, 'package': '@knapsack/browserslist-config_3.55.3--canary.1250.e757b56.0', 'message': 'no deps or dev-deps'}
{'statusCode': 0, 'package': '@knapsack/browserslist-config_3.55.3--canary.1250.b5104cf.0', 'message': 'no deps or dev-deps'}
{'statusCode': 0, 'package': '@knapsack/browserslist-config_3.55.3--canary.1250.ed789f7.0', 'message': 'no deps or dev-deps'}
{'statusCode': 0, 'package': '@knapsack/browserslist-config_3.55.3--canary.1250.471bb5c.0', 'message': 'no deps or dev-deps'}
{'statusCode': 0, 'package': '@knapsack/browserslist-config_3.55.3--canary.1251.e60c8ba.0', 'message': 'no deps or dev-deps'}
{'statusCode': 0, 'package': '@knapsack/browserslist-config_3.56.0--canary.1222.e72b387.0', 'message': 'no deps or dev-deps'}
{'statusCode': 0, 'package': '@knapsack/browserslist-config_3.55.3--canary.1251.ad2920d.0', 'message': 'no deps or dev-deps'}
{'statusCode': 0, 'package': '@knapsack/browserslist-config_3.55.3--canary.1251.a909055.0', 'message': 'no deps or dev-deps'}
{'statusCode': 0, 'package': '@knapsack/browserslist-config_3.55.3--canary.1251.54635da.0', 'message': 'no deps or dev-deps'}
{'statusCode': 0, 'package': '@knapsack/browserslist-config_3.56.0--canary.1247.83b58a3.0', 'message': 'no deps or dev-deps'}
{'statusCode': 0, 'package': '@knapsack/browserslist-config_3.56.0--canary.1247.8e1850a.0', 'message': 'no deps or dev-deps'}
{'statusCode': 0, 'package': '@knapsack/browserslist-config_3.56.0--canary.1247.a2284d1.0', 'message': 'no deps or dev-deps'}
{'statusCode': 0, 'package': '@knapsack/browserslist-config_3.56.0--canary.1247.e4ad6a3.0', 'message': 'no deps or dev-deps'}
{'statusCode': 0, 'package': '@knapsack/browserslist-config_3.55.3--canary.1251.a0bc07e.0', 'message': 'no deps or dev-deps'}
{'statusCode': 0, 'package': '@knapsack/browserslist-config_3.55.3--canary.1252.2cf0d55.0', 'message': 'no deps or dev-deps'}
{'statusCode': 0, 'package': '@knapsack/browserslist-config_3.56.0--canary.1247.676ebf7.0', 'message': 'no deps or dev-deps'}
{'statusCode': 0, 'package': '@knapsack/browserslist-config_3.55.3--canary.1255.825afff.0', 'message': 'no deps or dev-deps'}
{'statusCode': 0, 'package': '@knapsack/browserslist-config_3.56.0--canary.1247.6bcd29b.0', 'message': 'no deps or dev-deps'}
{'statusCode': 0, 'package': '@knapsack/browserslist-config_3.55.3--canary.1256.42144af.0', 'message': 'no deps or dev-deps'}
{'statusCode': 0, 'package': '@knapsack/browserslist-config_3.55.3--canary.1256.42144af.1', 'message': 'no deps or dev-deps'}
{'statusCode': 0, 'package': '@knapsack/browserslist-config_3.55.3--canary.1257.1a36997.0', 'message': 'no deps or dev-deps'}
{'statusCode': 0, 'package': '@knapsack/browserslist-config_3.55.3--canary.1257.1a36997.1', 'message': 'no deps or dev-deps'}
{'statusCode': 0, 'package': '@knapsack/browserslist-config_3.55.3--canary.1255.e0f6b7b.0', 'message': 'no deps or dev-deps'}
{'statusCode': 0, 'package': '@knapsack/browserslist-config_3.55.3--canary.1259.2f74e4a.0', 'message': 'no deps or dev-deps'}
{'statusCode': 0, 'package': '@knapsack/browserslist-config_3.55.3--canary.1259.97b5d92.0', 'message': 'no deps or dev-deps'}
{'statusCode': 0, 'package': '@knapsack/browserslist-config_3.55.3--canary.1256.95cd883.0', 'message': 'no deps or dev-deps'}
{'statusCode': 0, 'package': '@knapsack/browserslist-config_3.55.3--canary.1257.bcb6830.0', 'message': 'no deps or dev-deps'}
{'statusCode': 0, 'package': '@knapsack/browserslist-config_3.55.3--canary.1259.e7679ab.0', 'message': 'no deps or dev-deps'}
{'statusCode': 0, 'package': '@knapsack/browserslist-config_3.55.3--canary.1258.b72175e.0', 'message': 'no deps or dev-deps'}
{'statusCode': 0, 'package': '@knapsack/browserslist-config_3.55.3--canary.1260.44a8266.0', 'message': 'no deps or dev-deps'}
{'statusCode': 0, 'package': '@knapsack/browserslist-config_3.55.3--canary.1259.e7679ab.1', 'message': 'no deps or dev-deps'}
{'statusCode': 0, 'package': '@knapsack/browserslist-config_3.55.3--canary.1250.f8560c4.0', 'message': 'no deps or dev-deps'}
{'statusCode': 0, 'package': '@knapsack/browserslist-config_3.56.0--canary.1222.6536003.0', 'message': 'no deps or dev-deps'}
{'statusCode': 0, 'package': '@knapsack/browserslist-config_3.55.3--canary.1257.ecbf4a0.0', 'message': 'no deps or dev-deps'}
{'statusCode': 0, 'package': '@knapsack/browserslist-config_3.55.3--canary.1250.5da396e.0', 'message': 'no deps or dev-deps'}
{'statusCode': 0, 'package': '@knapsack/browserslist-config_3.55.3--canary.1260.8f320e5.0', 'message': 'no deps or dev-deps'}
{'statusCode': 0, 'package': '@knapsack/browserslist-config_3.55.3--canary.1260.8f320e5.1', 'message': 'no deps or dev-deps'}
{'statusCode': 0, 'package': '@knapsack/browserslist-config_3.55.3--canary.1261.c59852f.0', 'message': 'no deps or dev-deps'}
{'statusCode': 0, 'package': '@knapsack/browserslist-config_3.55.3--canary.1250.4ba501a.0', 'message': 'no deps or dev-deps'}
{'statusCode': 0, 'package': '@knapsack/browserslist-config_3.56.0--canary.1262.e66b100.0', 'message': 'no deps or dev-deps'}
{'statusCode': 0, 'package': '@knapsack/browserslist-config_3.56.0--canary.1262.3d5bca7.0', 'message': 'no deps or dev-deps'}
{'statusCode': 0, 'package': '@knapsack/browserslist-config_3.56.0--canary.1263.e1952fe.0', 'message': 'no deps or dev-deps'}
{'statusCode': 0, 'package': '@knapsack/browserslist-config_3.55.3', 'message': 'no deps or dev-deps'}
{'statusCode': 0, 'package': '@knapsack/browserslist-config_3.55.4--canary.b25ba0a.0', 'message': 'no deps or dev-deps'}
{'statusCode': 0, 'package': '@knapsack/browserslist-config_3.55.4--canary.1260.8f320e5.0', 'message': 'no deps or dev-deps'}
{'statusCode': 0, 'package': '@knapsack/browserslist-config_3.55.4--canary.1260.e8cbf45.0', 'message': 'no deps or dev-deps'}
{'statusCode': 0, 'package': '@knapsack/browserslist-config_3.55.4--canary.1264.4096889.0', 'message': 'no deps or dev-deps'}
{'statusCode': 0, 'package': '@knapsack/browserslist-config_3.56.0--canary.1262.03f758d.0', 'message': 'no deps or dev-deps'}
{'statusCode': 0, 'package': '@knapsack/browserslist-config_3.55.4--canary.433767b.0', 'message': 'no deps or dev-deps'}
{'statusCode': 0, 'package': '@knapsack/browserslist-config_3.55.4--canary.1266.9cf80e5.0', 'message': 'no deps or dev-deps'}
{'statusCode': 0, 'package': '@knapsack/browserslist-config_3.55.4--canary.1264.f921ce4.0', 'message': 'no deps or dev-deps'}
{'statusCode': 0, 'package': '@knapsack/browserslist-config_3.55.4--canary.1266.2929a55.0', 'message': 'no deps or dev-deps'}
{'statusCode': 0, 'package': '@knapsack/browserslist-config_3.55.4--canary.1258.9fcb9fd.0', 'message': 'no deps or dev-deps'}
{'statusCode': 0, 'package': '@knapsack/browserslist-config_3.55.4--canary.1258.c97834e.0', 'message': 'no deps or dev-deps'}
{'statusCode': 0, 'package': '@knapsack/browserslist-config_3.55.4--canary.1258.d3d0ed3.0', 'message': 'no deps or dev-deps'}
{'statusCode': 0, 'package': '@knapsack/browserslist-config_3.55.4--canary.1258.651e000.0', 'message': 'no deps or dev-deps'}
{'statusCode': 0, 'package': '@knapsack/browserslist-config_3.55.4--canary.1266.d6d49c6.0', 'message': 'no deps or dev-deps'}
{'statusCode': 0, 'package': '@knapsack/browserslist-config_3.56.0--canary.1265.e109b9e.0', 'message': 'no deps or dev-deps'}
{'statusCode': 0, 'package': '@knapsack/browserslist-config_3.55.4--canary.b3139bc.0', 'message': 'no deps or dev-deps'}
{'statusCode': 0, 'package': '@knapsack/browserslist-config_3.55.4--canary.1268.28a3a1a.0', 'message': 'no deps or dev-deps'}
{'statusCode': 0, 'package': '@knapsack/browserslist-config_3.55.4--canary.1256.a52ad84.0', 'message': 'no deps or dev-deps'}
{'statusCode': 0, 'package': '@knapsack/browserslist-config_3.55.4--canary.1257.b2db22c.0', 'message': 'no deps or dev-deps'}
{'statusCode': 0, 'package': '@knapsack/browserslist-config_3.55.4--canary.1260.51b1ea4.0', 'message': 'no deps or dev-deps'}
{'statusCode': 0, 'package': '@knapsack/browserslist-config_3.56.0--canary.1268.a6da187.0', 'message': 'no deps or dev-deps'}
{'statusCode': 0, 'package': '@knapsack/browserslist-config_3.56.0--canary.1222.b3aa446.0', 'message': 'no deps or dev-deps'}
{'statusCode': 0, 'package': '@knapsack/browserslist-config_3.56.0--canary.1247.28055ec.0', 'message': 'no deps or dev-deps'}
{'statusCode': 0, 'package': '@knapsack/browserslist-config_3.55.4--canary.1257.4635193.0', 'message': 'no deps or dev-deps'}
{'statusCode': 0, 'package': '@knapsack/browserslist-config_3.55.4--canary.1264.355ae5a.0', 'message': 'no deps or dev-deps'}
{'statusCode': 0, 'package': '@knapsack/browserslist-config_3.55.4--canary.1264.fc819ef.0', 'message': 'no deps or dev-deps'}
{'statusCode': 0, 'package': '@knapsack/browserslist-config_3.56.0--canary.1268.be267b8.0', 'message': 'no deps or dev-deps'}
{'statusCode': 0, 'package': '@knapsack/browserslist-config_3.56.0--canary.1268.29b0dbb.0', 'message': 'no deps or dev-deps'}
{'statusCode': 0, 'package': '@knapsack/browserslist-config_3.55.4--canary.1269.b395647.0', 'message': 'no deps or dev-deps'}
{'statusCode': 0, 'package': '@knapsack/browserslist-config_3.56.0--canary.1268.eed9c96.0', 'message': 'no deps or dev-deps'}
{'statusCode': 0, 'package': '@knapsack/browserslist-config_3.56.0--canary.1268.2b03cdc.0', 'message': 'no deps or dev-deps'}
{'statusCode': 0, 'package': '@knapsack/browserslist-config_3.55.4--canary.1270.61f9cdf.0', 'message': 'no deps or dev-deps'}
{'statusCode': 0, 'package': '@knapsack/browserslist-config_3.55.4--canary.1260.51b1ea4.1', 'message': 'no deps or dev-deps'}
{'statusCode': 0, 'package': '@knapsack/browserslist-config_3.55.4--canary.1260.52e70b7.0', 'message': 'no deps or dev-deps'}
{'statusCode': 0, 'package': '@knapsack/browserslist-config_3.55.4--canary.1271.9ffc617.0', 'message': 'no deps or dev-deps'}
{'statusCode': 0, 'package': '@knapsack/browserslist-config_3.56.0--canary.1268.c1a0dac.0', 'message': 'no deps or dev-deps'}
{'statusCode': 0, 'package': '@knapsack/browserslist-config_3.55.4--canary.1264.dcbdcc4.0', 'message': 'no deps or dev-deps'}
{'statusCode': 0, 'package': '@knapsack/browserslist-config_3.55.4--canary.1271.a53385c.0', 'message': 'no deps or dev-deps'}
{'statusCode': 0, 'package': '@knapsack/browserslist-config_3.56.0--canary.1263.b7d318a.0', 'message': 'no deps or dev-deps'}
{'statusCode': 0, 'package': '@knapsack/browserslist-config_3.55.4--canary.1261.266efd7.0', 'message': 'no deps or dev-deps'}
{'statusCode': 0, 'package': '@knapsack/browserslist-config_3.55.4--canary.1271.9454b83.0', 'message': 'no deps or dev-deps'}
{'statusCode': 0, 'package': '@knapsack/browserslist-config_3.55.4--canary.1270.21af288.0', 'message': 'no deps or dev-deps'}
{'statusCode': 0, 'package': '@knapsack/browserslist-config_3.56.0', 'message': 'no deps or dev-deps'}
{'statusCode': 0, 'package': '@knapsack/browserslist-config_3.56.1--canary.1264.f8a0d72.0', 'message': 'no deps or dev-deps'}
{'statusCode': 0, 'package': '@knapsack/browserslist-config_3.56.1--canary.1275.f52ddca.0', 'message': 'no deps or dev-deps'}
{'statusCode': 0, 'package': '@knapsack/browserslist-config_3.56.1--canary.1275.da5bd63.0', 'message': 'no deps or dev-deps'}
{'statusCode': 0, 'package': '@knapsack/browserslist-config_3.57.0--canary.1276.f7ab395.0', 'message': 'no deps or dev-deps'}
{'statusCode': 0, 'package': '@knapsack/browserslist-config_3.56.1--canary.1277.a99d7ab.0', 'message': 'no deps or dev-deps'}
{'statusCode': 0, 'package': '@knapsack/browserslist-config_3.56.1--canary.1277.85453fa.0', 'message': 'no deps or dev-deps'}
{'statusCode': 0, 'package': '@knapsack/browserslist-config_3.56.1--canary.1277.7a34d9b.0', 'message': 'no deps or dev-deps'}
{'statusCode': 0, 'package': '@knapsack/browserslist-config_3.56.1--canary.1278.c162069.0', 'message': 'no deps or dev-deps'}
{'statusCode': 0, 'package': '@knapsack/browserslist-config_3.56.1--canary.1278.abb1ad8.0', 'message': 'no deps or dev-deps'}
{'statusCode': 0, 'package': '@knapsack/browserslist-config_3.56.1--canary.1277.c22e297.0', 'message': 'no deps or dev-deps'}
{'statusCode': 0, 'package': '@knapsack/browserslist-config_3.56.1--canary.1277.7d94734.0', 'message': 'no deps or dev-deps'}
{'statusCode': 0, 'package': '@knapsack/browserslist-config_3.56.1--canary.1277.68fc4f0.0', 'message': 'no deps or dev-deps'}
{'statusCode': 0, 'package': '@knapsack/browserslist-config_3.56.1--canary.1279.f4a6fb8.0', 'message': 'no deps or dev-deps'}
{'statusCode': 0, 'package': '@knapsack/browserslist-config_3.56.1--canary.1279.fadbd0b.0', 'message': 'no deps or dev-deps'}
{'statusCode': 0, 'package': '@knapsack/browserslist-config_3.57.0--canary.1279.7d37d66.0', 'message': 'no deps or dev-deps'}
{'statusCode': 0, 'package': '@knapsack/browserslist-config_3.56.1--canary.1280.5abed90.0', 'message': 'no deps or dev-deps'}
{'statusCode': 0, 'package': '@knapsack/browserslist-config_3.57.0--canary.1279.63fd499.0', 'message': 'no deps or dev-deps'}
{'statusCode': 0, 'package': '@knapsack/browserslist-config_3.57.0--canary.1281.5562e89.0', 'message': 'no deps or dev-deps'}
{'statusCode': 0, 'package': '@knapsack/browserslist-config_3.57.0--canary.1281.af663c5.0', 'message': 'no deps or dev-deps'}
{'statusCode': 0, 'package': '@knapsack/browserslist-config_3.57.0--canary.1281.779491d.0', 'message': 'no deps or dev-deps'}
{'statusCode': 0, 'package': '@knapsack/browserslist-config_3.57.0--canary.1281.13bb037.0', 'message': 'no deps or dev-deps'}
{'statusCode': 0, 'package': '@knapsack/browserslist-config_3.57.0', 'message': 'no deps or dev-deps'}
{'statusCode': 0, 'package': '@knapsack/browserslist-config_3.57.1--canary.ac4082c.0', 'message': 'no deps or dev-deps'}
{'statusCode': 0, 'package': '@knapsack/browserslist-config_3.57.1--canary.1277.c5719fb.0', 'message': 'no deps or dev-deps'}
{'statusCode': 0, 'package': '@knapsack/browserslist-config_3.57.1', 'message': 'no deps or dev-deps'}
{'statusCode': 0, 'package': '@knapsack/browserslist-config_3.57.2--canary.c0cdf9b.0', 'message': 'no deps or dev-deps'}
{'statusCode': 0, 'package': '@knapsack/browserslist-config_3.57.2--canary.1277.571a702.0', 'message': 'no deps or dev-deps'}
{'statusCode': 0, 'package': '@knapsack/browserslist-config_3.57.2--canary.1277.eb41892.0', 'message': 'no deps or dev-deps'}
{'statusCode': 0, 'package': '@knapsack/browserslist-config_3.58.0--canary.1277.1689daf.0', 'message': 'no deps or dev-deps'}
{'statusCode': 0, 'package': '@knapsack/browserslist-config_3.58.0--canary.1286.b7d8d66.0', 'message': 'no deps or dev-deps'}
{'statusCode': 0, 'package': '@knapsack/browserslist-config_3.57.2--canary.1277.1689daf.0', 'message': 'no deps or dev-deps'}
{'statusCode': 0, 'package': '@knapsack/browserslist-config_3.58.0--canary.1287.2bf3574.0', 'message': 'no deps or dev-deps'}
{'statusCode': 0, 'package': '@knapsack/browserslist-config_3.57.2--canary.1288.6038968.0', 'message': 'no deps or dev-deps'}
{'statusCode': 0, 'package': '@knapsack/browserslist-config_3.57.2--canary.1289.d2bf54e.0', 'message': 'no deps or dev-deps'}
{'statusCode': 0, 'package': '@knapsack/browserslist-config_3.57.2--canary.1289.220da20.0', 'message': 'no deps or dev-deps'}
{'statusCode': 0, 'package': '@knapsack/browserslist-config_3.57.2--canary.a910334.0', 'message': 'no deps or dev-deps'}
{'statusCode': 0, 'package': '@knapsack/browserslist-config_3.58.0--canary.1291.f1c6b7a.0', 'message': 'no deps or dev-deps'}
{'statusCode': 0, 'package': '@knapsack/browserslist-config_3.57.2--canary.1293.ee35765.0', 'message': 'no deps or dev-deps'}
{'statusCode': 0, 'package': '@knapsack/browserslist-config_3.57.2--canary.1293.cf919af.0', 'message': 'no deps or dev-deps'}
{'statusCode': 0, 'package': '@knapsack/browserslist-config_3.57.2--canary.1293.5d3f952.0', 'message': 'no deps or dev-deps'}
{'statusCode': 0, 'package': '@knapsack/browserslist-config_3.58.0--canary.1296.9c31747.0', 'message': 'no deps or dev-deps'}
{'statusCode': 0, 'package': '@knapsack/browserslist-config_3.57.2--canary.1269.9d79056.0', 'message': 'no deps or dev-deps'}
{'statusCode': 0, 'package': '@knapsack/browserslist-config_3.58.0--canary.1296.7ea3b38.0', 'message': 'no deps or dev-deps'}
{'statusCode': 0, 'package': '@knapsack/browserslist-config_3.57.2--canary.1293.5d3f952.1', 'message': 'no deps or dev-deps'}
{'statusCode': 0, 'package': '@knapsack/browserslist-config_3.57.2--canary.1293.1a8ed73.0', 'message': 'no deps or dev-deps'}
{'statusCode': 0, 'package': '@knapsack/browserslist-config_3.57.2--canary.1288.6038968.1', 'message': 'no deps or dev-deps'}
{'statusCode': 0, 'package': '@knapsack/browserslist-config_3.58.0--canary.1287.d08b2f8.0', 'message': 'no deps or dev-deps'}
{'statusCode': 0, 'package': '@knapsack/browserslist-config_3.58.0--canary.1291.cf10f39.0', 'message': 'no deps or dev-deps'}
{'statusCode': 0, 'package': '@knapsack/browserslist-config_3.57.2--canary.1288.07d1b75.0', 'message': 'no deps or dev-deps'}
{'statusCode': 0, 'package': '@knapsack/browserslist-config_3.58.0--canary.1292.bf4c557.0', 'message': 'no deps or dev-deps'}
{'statusCode': 0, 'package': '@knapsack/browserslist-config_3.58.0--canary.1296.63b8fa4.0', 'message': 'no deps or dev-deps'}
{'statusCode': 0, 'package': '@knapsack/browserslist-config_3.57.2--canary.1297.3655210.0', 'message': 'no deps or dev-deps'}
{'statusCode': 0, 'package': '@knapsack/browserslist-config_3.58.0--canary.1296.07175c1.0', 'message': 'no deps or dev-deps'}
{'statusCode': 0, 'package': '@knapsack/browserslist-config_3.58.0--canary.1296.f46d4f0.0', 'message': 'no deps or dev-deps'}
{'statusCode': 0, 'package': '@knapsack/browserslist-config_3.57.2--canary.1299.f940108.0', 'message': 'no deps or dev-deps'}
{'statusCode': 0, 'package': '@knapsack/browserslist-config_3.57.2--canary.1298.3ecc349.0', 'message': 'no deps or dev-deps'}
{'statusCode': 0, 'package': '@knapsack/browserslist-config_3.58.0', 'message': 'no deps or dev-deps'}
{'statusCode': 0, 'package': '@knapsack/browserslist-config_3.58.1--canary.0be7c3e.0', 'message': 'no deps or dev-deps'}
{'statusCode': 0, 'package': '@knapsack/browserslist-config_3.58.1--canary.1298.1ff0d5e.0', 'message': 'no deps or dev-deps'}
{'statusCode': 0, 'package': '@knapsack/browserslist-config_3.58.1--canary.1298.45b49b9.0', 'message': 'no deps or dev-deps'}
{'statusCode': 0, 'package': '@knapsack/browserslist-config_3.58.1--canary.c58955d.0', 'message': 'no deps or dev-deps'}
{'statusCode': 0, 'package': '@knapsack/browserslist-config_3.58.1--canary.1300.4cd86bc.0', 'message': 'no deps or dev-deps'}
{'statusCode': 0, 'package': '@knapsack/browserslist-config_3.58.1--canary.1301.b281715.0', 'message': 'no deps or dev-deps'}
{'statusCode': 0, 'package': '@knapsack/browserslist-config_3.58.1', 'message': 'no deps or dev-deps'}
{'statusCode': 0, 'package': '@knapsack/browserslist-config_3.58.2--canary.f5a1539.0', 'message': 'no deps or dev-deps'}
{'statusCode': 0, 'package': '@knapsack/browserslist-config_3.59.0--canary.1297.487110d.0', 'message': 'no deps or dev-deps'}
{'statusCode': 0, 'package': '@knapsack/browserslist-config_3.58.2--canary.1302.273c964.0', 'message': 'no deps or dev-deps'}
{'statusCode': 0, 'package': '@knapsack/browserslist-config_3.58.2--canary.1298.d0d9f37.0', 'message': 'no deps or dev-deps'}
{'statusCode': 0, 'package': '@knapsack/browserslist-config_3.58.2--canary.1293.f1dd2c5.0', 'message': 'no deps or dev-deps'}
{'statusCode': 0, 'package': '@knapsack/browserslist-config_3.58.2--canary.1302.c283450.0', 'message': 'no deps or dev-deps'}
{'statusCode': 0, 'package': '@knapsack/browserslist-config_3.59.0--canary.1287.93b473c.0', 'message': 'no deps or dev-deps'}
{'statusCode': 0, 'package': '@knapsack/browserslist-config_3.58.2--canary.1299.953184e.0', 'message': 'no deps or dev-deps'}
{'statusCode': 0, 'package': '@knapsack/browserslist-config_3.58.2--canary.1299.54ead64.0', 'message': 'no deps or dev-deps'}
{'statusCode': 0, 'package': '@knapsack/browserslist-config_3.58.2--canary.1293.8ac9726.0', 'message': 'no deps or dev-deps'}
{'statusCode': 0, 'package': '@knapsack/browserslist-config_3.59.0--canary.1297.877db15.0', 'message': 'no deps or dev-deps'}
{'statusCode': 0, 'package': '@knapsack/browserslist-config_3.58.2--canary.1293.10d4aba.0', 'message': 'no deps or dev-deps'}
{'statusCode': 0, 'package': '@knapsack/browserslist-config_3.59.0--canary.1292.bf4c557.0', 'message': 'no deps or dev-deps'}
{'statusCode': 0, 'package': '@knapsack/browserslist-config_3.58.2--canary.1293.94a1c22.0', 'message': 'no deps or dev-deps'}
{'statusCode': 0, 'package': '@knapsack/browserslist-config_3.58.2--canary.1305.f51f310.0', 'message': 'no deps or dev-deps'}
{'statusCode': 0, 'package': '@knapsack/browserslist-config_3.59.0--canary.1292.30013bf.0', 'message': 'no deps or dev-deps'}
{'statusCode': 0, 'package': '@knapsack/browserslist-config_3.58.2--canary.1269.c462fcf.0', 'message': 'no deps or dev-deps'}
{'statusCode': 0, 'package': '@knapsack/browserslist-config_3.59.0--canary.1292.118ab75.0', 'message': 'no deps or dev-deps'}
{'statusCode': 0, 'package': '@knapsack/browserslist-config_3.59.0--canary.1289.35be4a5.0', 'message': 'no deps or dev-deps'}
{'statusCode': 0, 'package': '@knapsack/browserslist-config_3.58.2--canary.1299.00ff85f.0', 'message': 'no deps or dev-deps'}
{'statusCode': 0, 'package': '@knapsack/browserslist-config_3.59.0--canary.1289.4ba3b89.0', 'message': 'no deps or dev-deps'}
{'statusCode': 0, 'package': '@knapsack/browserslist-config_3.58.2--canary.1299.1265dc0.0', 'message': 'no deps or dev-deps'}
{'statusCode': 0, 'package': '@knapsack/browserslist-config_3.59.0--canary.1269.2b08b4f.0', 'message': 'no deps or dev-deps'}
{'statusCode': 0, 'package': '@knapsack/browserslist-config_3.59.0--canary.1297.5db94d7.0', 'message': 'no deps or dev-deps'}
{'statusCode': 0, 'package': '@knapsack/browserslist-config_3.59.0--canary.1297.43d3a77.0', 'message': 'no deps or dev-deps'}
{'statusCode': 0, 'package': '@knapsack/browserslist-config_3.59.0--canary.1297.dfb36a6.0', 'message': 'no deps or dev-deps'}
{'statusCode': 0, 'package': '@knapsack/browserslist-config_3.59.0--canary.1297.d429c67.0', 'message': 'no deps or dev-deps'}
{'statusCode': 0, 'package': '@knapsack/browserslist-config_3.59.0--canary.1297.80360b8.0', 'message': 'no deps or dev-deps'}
{'statusCode': 0, 'package': '@knapsack/browserslist-config_3.59.0--canary.1291.b1f3649.0', 'message': 'no deps or dev-deps'}
{'statusCode': 0, 'package': '@knapsack/browserslist-config_3.59.0--canary.1297.e1b5f71.0', 'message': 'no deps or dev-deps'}
{'statusCode': 0, 'package': '@knapsack/browserslist-config_3.58.2--canary.1310.8a9e1b8.0', 'message': 'no deps or dev-deps'}
{'statusCode': 0, 'package': '@knapsack/browserslist-config_3.58.2--canary.1311.127fc73.0', 'message': 'no deps or dev-deps'}
{'statusCode': 0, 'package': '@knapsack/browserslist-config_3.58.2--canary.1311.5ed646b.0', 'message': 'no deps or dev-deps'}
{'statusCode': 0, 'package': '@knapsack/browserslist-config_3.58.2', 'message': 'no deps or dev-deps'}
{'statusCode': 0, 'package': '@knapsack/browserslist-config_3.58.3--canary.e545037.0', 'message': 'no deps or dev-deps'}
{'statusCode': 0, 'package': '@knapsack/browserslist-config_3.58.3--canary.1305.efe35ff.0', 'message': 'no deps or dev-deps'}
{'statusCode': 0, 'package': '@knapsack/browserslist-config_3.58.3--canary.1312.10e075d.0', 'message': 'no deps or dev-deps'}
{'statusCode': 0, 'package': '@knapsack/browserslist-config_3.58.3--canary.cd76fba.0', 'message': 'no deps or dev-deps'}
{'statusCode': 0, 'package': '@knapsack/browserslist-config_3.58.3--canary.1313.4f0ce19.0', 'message': 'no deps or dev-deps'}
{'statusCode': 0, 'package': '@knapsack/browserslist-config_3.58.3--canary.cd76fba.1', 'message': 'no deps or dev-deps'}
{'statusCode': 0, 'package': '@knapsack/browserslist-config_3.58.3--canary.1312.e9c03cc.0', 'message': 'no deps or dev-deps'}
{'statusCode': 0, 'package': '@knapsack/browserslist-config_3.58.3--canary.1312.3e4a396.0', 'message': 'no deps or dev-deps'}
{'statusCode': 0, 'package': '@knapsack/browserslist-config_3.59.0--canary.1297.efc691a.0', 'message': 'no deps or dev-deps'}
{'statusCode': 0, 'package': '@knapsack/browserslist-config_3.59.0--canary.1297.0714d30.0', 'message': 'no deps or dev-deps'}
{'statusCode': 0, 'package': '@knapsack/browserslist-config_3.59.0--canary.1297.850f52e.0', 'message': 'no deps or dev-deps'}
{'statusCode': 0, 'package': '@knapsack/browserslist-config_3.59.0--canary.1297.36018ce.0', 'message': 'no deps or dev-deps'}
{'statusCode': 0, 'package': '@knapsack/browserslist-config_3.58.3--canary.1298.50bbbfa.0', 'message': 'no deps or dev-deps'}
{'statusCode': 0, 'package': '@knapsack/browserslist-config_3.58.3--canary.1312.a6ab4a6.0', 'message': 'no deps or dev-deps'}
{'statusCode': 0, 'package': '@knapsack/browserslist-config_3.58.3--canary.1312.6c71c2a.0', 'message': 'no deps or dev-deps'}
{'statusCode': 0, 'package': '@knapsack/browserslist-config_3.58.3--canary.1314.2a49ad2.0', 'message': 'no deps or dev-deps'}
{'statusCode': 0, 'package': '@knapsack/browserslist-config_3.58.3', 'message': 'no deps or dev-deps'}
{'statusCode': 0, 'package': '@knapsack/browserslist-config_3.58.4--canary.058c8f0.0', 'message': 'no deps or dev-deps'}
{'statusCode': 0, 'package': '@knapsack/browserslist-config_3.58.4--canary.1312.d969b02.0', 'message': 'no deps or dev-deps'}
{'statusCode': 0, 'package': '@knapsack/browserslist-config_3.58.4--canary.1319.e3dad06.0', 'message': 'no deps or dev-deps'}
{'statusCode': 0, 'package': '@knapsack/browserslist-config_3.58.4--canary.1312.60f0257.0', 'message': 'no deps or dev-deps'}
{'statusCode': 0, 'package': '@knapsack/browserslist-config_3.58.4--canary.1299.5fbff75.0', 'message': 'no deps or dev-deps'}
{'statusCode': 0, 'package': '@knapsack/browserslist-config_3.58.4--canary.1299.e73e916.0', 'message': 'no deps or dev-deps'}
{'statusCode': 0, 'package': '@knapsack/browserslist-config_3.58.4--canary.1330.7d2f46c.0', 'message': 'no deps or dev-deps'}
{'statusCode': 0, 'package': '@knapsack/browserslist-config_3.58.4--canary.1330.95ad3de.0', 'message': 'no deps or dev-deps'}
{'statusCode': 0, 'package': '@knapsack/browserslist-config_3.58.4--canary.1333.c4cae03.0', 'message': 'no deps or dev-deps'}
{'statusCode': 0, 'package': '@knapsack/browserslist-config_3.59.0--canary.1334.0b30783.0', 'message': 'no deps or dev-deps'}
{'statusCode': 0, 'package': '@knapsack/browserslist-config_3.59.0--canary.1334.df90968.0', 'message': 'no deps or dev-deps'}
{'statusCode': 0, 'package': '@knapsack/browserslist-config_3.58.4--canary.1335.d626a6e.0', 'message': 'no deps or dev-deps'}
{'statusCode': 0, 'package': '@knapsack/browserslist-config_3.58.4--canary.1330.385d1c4.0', 'message': 'no deps or dev-deps'}
{'statusCode': 0, 'package': '@knapsack/browserslist-config_3.59.0--canary.1336.a98a1dc.0', 'message': 'no deps or dev-deps'}
{'statusCode': 0, 'package': '@knapsack/browserslist-config_3.58.4--canary.c5f70d3.0', 'message': 'no deps or dev-deps'}
{'statusCode': 0, 'package': '@knapsack/browserslist-config_3.58.4--canary.1337.18742a6.0', 'message': 'no deps or dev-deps'}
{'statusCode': 0, 'package': '@knapsack/browserslist-config_3.59.0--canary.1338.dbfb8b1.0', 'message': 'no deps or dev-deps'}
{'statusCode': 0, 'package': '@knapsack/browserslist-config_3.58.4--canary.1340.e9e4b96.0', 'message': 'no deps or dev-deps'}
{'statusCode': 0, 'package': '@knapsack/browserslist-config_3.59.0--canary.1334.9e5d5b1.0', 'message': 'no deps or dev-deps'}
{'statusCode': 0, 'package': '@knapsack/browserslist-config_3.58.4--canary.1340.8619c53.0', 'message': 'no deps or dev-deps'}
{'statusCode': 0, 'package': '@knapsack/browserslist-config_3.58.4--canary.1340.723665e.0', 'message': 'no deps or dev-deps'}
{'statusCode': 0, 'package': '@knapsack/browserslist-config_3.58.4--canary.1341.5b55859.0', 'message': 'no deps or dev-deps'}
{'statusCode': 0, 'package': '@knapsack/browserslist-config_3.59.0--canary.1336.20ee830.0', 'message': 'no deps or dev-deps'}
{'statusCode': 0, 'package': '@knapsack/browserslist-config_3.58.4--canary.1343.7dff3e2.0', 'message': 'no deps or dev-deps'}
{'statusCode': 0, 'package': '@knapsack/browserslist-config_3.59.0--canary.1338.171d2e6.0', 'message': 'no deps or dev-deps'}
{'statusCode': 0, 'package': '@knapsack/browserslist-config_3.58.4--canary.1330.a7816ba.0', 'message': 'no deps or dev-deps'}
{'statusCode': 0, 'package': '@knapsack/browserslist-config_3.58.4--canary.1330.a7816ba.1', 'message': 'no deps or dev-deps'}
{'statusCode': 0, 'package': '@knapsack/browserslist-config_3.59.0', 'message': 'no deps or dev-deps'}
{'statusCode': 0, 'package': '@knapsack/browserslist-config_3.59.1--canary.1315.379b292.0', 'message': 'no deps or dev-deps'}
{'statusCode': 0, 'package': '@knapsack/browserslist-config_3.59.1--canary.6e10802.0', 'message': 'no deps or dev-deps'}
{'statusCode': 0, 'package': '@knapsack/browserslist-config_3.59.1--canary.6986a67.0', 'message': 'no deps or dev-deps'}
{'statusCode': 0, 'package': '@knapsack/browserslist-config_3.59.1--canary.1316.d5625a1.0', 'message': 'no deps or dev-deps'}
{'statusCode': 0, 'package': '@knapsack/browserslist-config_3.60.0--canary.1334.fdcde60.0', 'message': 'no deps or dev-deps'}
{'statusCode': 0, 'package': '@knapsack/browserslist-config_3.59.1--canary.8e5cfa8.0', 'message': 'no deps or dev-deps'}
{'statusCode': 0, 'package': '@knapsack/browserslist-config_3.60.0--canary.1338.ddaa83e.0', 'message': 'no deps or dev-deps'}
{'statusCode': 0, 'package': '@knapsack/browserslist-config_3.59.1--canary.1340.48e52be.0', 'message': 'no deps or dev-deps'}
{'statusCode': 0, 'package': '@knapsack/browserslist-config_3.60.0--canary.1333.7af6e3f.0', 'message': 'no deps or dev-deps'}
{'statusCode': 0, 'package': '@knapsack/browserslist-config_3.59.1--canary.1312.d02b66b.0', 'message': 'no deps or dev-deps'}
{'statusCode': 0, 'package': '@knapsack/browserslist-config_3.60.0--canary.1340.6492e9f.0', 'message': 'no deps or dev-deps'}
{'statusCode': 0, 'package': '@knapsack/browserslist-config_3.59.1--canary.1346.6ba24ac.0', 'message': 'no deps or dev-deps'}
{'statusCode': 0, 'package': '@knapsack/browserslist-config_3.60.0--canary.1338.f8672b5.0', 'message': 'no deps or dev-deps'}
{'statusCode': 0, 'package': '@knapsack/browserslist-config_3.59.1--canary.1316.b3452bb.0', 'message': 'no deps or dev-deps'}
{'statusCode': 0, 'package': '@knapsack/browserslist-config_3.60.0--canary.1316.4cad855.0', 'message': 'no deps or dev-deps'}
{'statusCode': 0, 'package': '@knapsack/browserslist-config_3.60.0--canary.1316.d3f9cbb.0', 'message': 'no deps or dev-deps'}
{'statusCode': 0, 'package': '@knapsack/browserslist-config_3.60.0--canary.1316.7c05a44.0', 'message': 'no deps or dev-deps'}
{'statusCode': 0, 'package': '@knapsack/browserslist-config_3.60.0--canary.1316.6818d48.0', 'message': 'no deps or dev-deps'}
{'statusCode': 0, 'package': '@knapsack/browserslist-config_3.60.0--canary.1316.7b9129f.0', 'message': 'no deps or dev-deps'}
{'statusCode': 0, 'package': '@knapsack/browserslist-config_3.60.0--canary.1316.ca19bfd.0', 'message': 'no deps or dev-deps'}
{'statusCode': 0, 'package': '@knapsack/browserslist-config_3.59.1--canary.1317.7d79b34.0', 'message': 'no deps or dev-deps'}
{'statusCode': 0, 'package': '@knapsack/browserslist-config_3.59.1--canary.1318.2028b28.0', 'message': 'no deps or dev-deps'}
{'statusCode': 0, 'package': '@knapsack/browserslist-config_3.59.1--canary.1319.f11a167.0', 'message': 'no deps or dev-deps'}
{'statusCode': 0, 'package': '@knapsack/browserslist-config_3.59.1--canary.1320.89ba664.0', 'message': 'no deps or dev-deps'}
{'statusCode': 0, 'package': '@knapsack/browserslist-config_3.59.1--canary.1321.3f653bc.0', 'message': 'no deps or dev-deps'}
{'statusCode': 0, 'package': '@knapsack/browserslist-config_3.59.1--canary.1324.c7b8ec8.0', 'message': 'no deps or dev-deps'}
{'statusCode': 0, 'package': '@knapsack/browserslist-config_3.59.1--canary.1322.7b3f8d0.0', 'message': 'no deps or dev-deps'}
{'statusCode': 0, 'package': '@knapsack/browserslist-config_3.59.1--canary.1323.4ff709d.0', 'message': 'no deps or dev-deps'}
{'statusCode': 0, 'package': '@knapsack/browserslist-config_3.59.1--canary.1344.3397484.0', 'message': 'no deps or dev-deps'}
{'statusCode': 0, 'package': '@knapsack/browserslist-config_3.59.1--canary.1347.b155590.0', 'message': 'no deps or dev-deps'}
{'statusCode': 0, 'package': '@knapsack/browserslist-config_3.59.1--canary.1317.0c6c331.0', 'message': 'no deps or dev-deps'}
{'statusCode': 0, 'package': '@knapsack/browserslist-config_3.59.1--canary.1317.c7d1457.0', 'message': 'no deps or dev-deps'}
{'statusCode': 0, 'package': '@knapsack/browserslist-config_3.59.1--canary.1317.7406b27.0', 'message': 'no deps or dev-deps'}
{'statusCode': 0, 'package': '@knapsack/browserslist-config_3.59.1--canary.1317.11e91a9.0', 'message': 'no deps or dev-deps'}
{'statusCode': 0, 'package': '@knapsack/browserslist-config_3.59.1--canary.1317.ffb70b4.0', 'message': 'no deps or dev-deps'}
{'statusCode': 0, 'package': '@knapsack/browserslist-config_3.59.1--canary.1317.b72d3bd.0', 'message': 'no deps or dev-deps'}
{'statusCode': 0, 'package': '@knapsack/browserslist-config_3.59.1--canary.1317.0f072d8.0', 'message': 'no deps or dev-deps'}
{'statusCode': 0, 'package': '@knapsack/browserslist-config_3.59.1--canary.1317.9aa2721.0', 'message': 'no deps or dev-deps'}
{'statusCode': 0, 'package': '@knapsack/browserslist-config_3.59.1--canary.1349.5c809c5.0', 'message': 'no deps or dev-deps'}
{'statusCode': 0, 'package': '@knapsack/browserslist-config_3.59.1--canary.1350.f052cdd.0', 'message': 'no deps or dev-deps'}
{'statusCode': 0, 'package': '@knapsack/browserslist-config_3.59.1--canary.1352.e48dd42.0', 'message': 'no deps or dev-deps'}
{'statusCode': 0, 'package': '@knapsack/browserslist-config_3.59.1--canary.1351.33f7abc.0', 'message': 'no deps or dev-deps'}
{'statusCode': 0, 'package': '@knapsack/browserslist-config_3.59.1--canary.1344.d5a2f73.0', 'message': 'no deps or dev-deps'}
{'statusCode': 0, 'package': '@knapsack/browserslist-config_3.59.1--canary.1354.81e46fe.0', 'message': 'no deps or dev-deps'}
{'statusCode': 0, 'package': '@knapsack/browserslist-config_3.59.1--canary.1344.6a96bb7.0', 'message': 'no deps or dev-deps'}
{'statusCode': 0, 'package': '@knapsack/browserslist-config_3.59.1--canary.1355.780a981.0', 'message': 'no deps or dev-deps'}
{'statusCode': 0, 'package': '@knapsack/browserslist-config_3.60.0--canary.1340.af2a999.0', 'message': 'no deps or dev-deps'}
{'statusCode': 0, 'package': '@knapsack/browserslist-config_3.60.0--canary.1340.8bd9d42.0', 'message': 'no deps or dev-deps'}
{'statusCode': 0, 'package': '@knapsack/browserslist-config_3.59.1--canary.1358.e7663a4.0', 'message': 'no deps or dev-deps'}
{'statusCode': 0, 'package': '@knapsack/browserslist-config_3.60.0--canary.1333.afc19cb.0', 'message': 'no deps or dev-deps'}
{'statusCode': 0, 'package': '@knapsack/browserslist-config_3.59.1--canary.1335.7d54a2d.0', 'message': 'no deps or dev-deps'}
{'statusCode': 0, 'package': '@knapsack/browserslist-config_3.59.1--canary.1359.4222569.0', 'message': 'no deps or dev-deps'}
{'statusCode': 0, 'package': '@knapsack/browserslist-config_3.59.1--canary.1361.72967dd.0', 'message': 'no deps or dev-deps'}
{'statusCode': 0, 'package': '@knapsack/browserslist-config_3.59.1--canary.1355.780a981.1', 'message': 'no deps or dev-deps'}
{'statusCode': 0, 'package': '@knapsack/browserslist-config_3.59.1--canary.1362.7b17890.0', 'message': 'no deps or dev-deps'}
{'statusCode': 0, 'package': '@knapsack/browserslist-config_3.59.1--canary.1362.333046f.0', 'message': 'no deps or dev-deps'}
{'statusCode': 0, 'package': '@knapsack/browserslist-config_3.60.0--canary.1364.f4fd476.0', 'message': 'no deps or dev-deps'}
{'statusCode': 0, 'package': '@knapsack/browserslist-config_3.59.1--canary.1365.fe0d016.0', 'message': 'no deps or dev-deps'}
{'statusCode': 0, 'package': '@knapsack/browserslist-config_3.59.1--canary.1355.e1abcae.0', 'message': 'no deps or dev-deps'}
{'statusCode': 0, 'package': '@knapsack/browserslist-config_3.59.1--canary.1366.05027ad.0', 'message': 'no deps or dev-deps'}
{'statusCode': 0, 'package': '@knapsack/browserslist-config_3.59.1--canary.1367.1d265cb.0', 'message': 'no deps or dev-deps'}
{'statusCode': 0, 'package': '@knapsack/browserslist-config_3.59.1--canary.1355.2b7bfd7.0', 'message': 'no deps or dev-deps'}
{'statusCode': 0, 'package': '@knapsack/browserslist-config_3.59.1--canary.1369.bc1055e.0', 'message': 'no deps or dev-deps'}
{'statusCode': 0, 'package': '@knapsack/browserslist-config_3.59.1--canary.1365.7970356.0', 'message': 'no deps or dev-deps'}
{'statusCode': 0, 'package': '@knapsack/browserslist-config_3.59.1--canary.1369.51b3db0.0', 'message': 'no deps or dev-deps'}
{'statusCode': 0, 'package': '@knapsack/browserslist-config_3.59.1--canary.1365.a294d89.0', 'message': 'no deps or dev-deps'}
{'statusCode': 0, 'package': '@knapsack/browserslist-config_3.59.1--canary.1371.2a59126.0', 'message': 'no deps or dev-deps'}
{'statusCode': 0, 'package': '@knapsack/browserslist-config_3.59.1--canary.1370.d819911.0', 'message': 'no deps or dev-deps'}
{'statusCode': 0, 'package': '@knapsack/browserslist-config_3.59.1--canary.1365.0763a90.0', 'message': 'no deps or dev-deps'}
{'statusCode': 0, 'package': '@knapsack/browserslist-config_3.59.1--canary.1372.8795d57.0', 'message': 'no deps or dev-deps'}
{'statusCode': 0, 'package': '@knapsack/browserslist-config_3.59.1--canary.1374.4d7d4e2.0', 'message': 'no deps or dev-deps'}
{'statusCode': 0, 'package': '@knapsack/browserslist-config_3.59.1--canary.1374.4d7d4e2.1', 'message': 'no deps or dev-deps'}
{'statusCode': 0, 'package': '@knapsack/browserslist-config_3.59.1--canary.1374.4d7d4e2.2', 'message': 'no deps or dev-deps'}
{'statusCode': 0, 'package': '@knapsack/browserslist-config_3.59.1--canary.1356.0c9c046.0', 'message': 'no deps or dev-deps'}
{'statusCode': 0, 'package': '@knapsack/browserslist-config_3.59.1--canary.1374.ca78723.0', 'message': 'no deps or dev-deps'}
{'statusCode': 0, 'package': '@knapsack/browserslist-config_3.60.0--canary.1364.6349ddb.0', 'message': 'no deps or dev-deps'}
{'statusCode': 0, 'package': '@knapsack/browserslist-config_3.59.1--canary.1375.d5ab81c.0', 'message': 'no deps or dev-deps'}
{'statusCode': 0, 'package': '@knapsack/browserslist-config_3.59.1--canary.1377.d168aae.0', 'message': 'no deps or dev-deps'}
{'statusCode': 0, 'package': '@knapsack/browserslist-config_3.59.1--canary.1378.e4b60aa.0', 'message': 'no deps or dev-deps'}
{'statusCode': 0, 'package': '@knapsack/browserslist-config_3.59.1--canary.1378.47a1216.0', 'message': 'no deps or dev-deps'}
{'statusCode': 0, 'package': '@knapsack/browserslist-config_3.59.1', 'message': 'no deps or dev-deps'}
{'statusCode': 0, 'package': '@knapsack/browserslist-config_3.59.2--canary.1379.677b58f.0', 'message': 'no deps or dev-deps'}
{'statusCode': 0, 'package': '@knapsack/browserslist-config_3.59.2--canary.1379.2469043.0', 'message': 'no deps or dev-deps'}
{'statusCode': 0, 'package': '@knapsack/browserslist-config_3.59.2--canary.1379.16d9110.0', 'message': 'no deps or dev-deps'}
{'statusCode': 0, 'package': '@knapsack/browserslist-config_3.59.2--canary.1380.9bf9d9e.0', 'message': 'no deps or dev-deps'}
{'statusCode': 0, 'package': '@knapsack/browserslist-config_3.59.2--canary.1381.3106e24.0', 'message': 'no deps or dev-deps'}
{'statusCode': 0, 'package': '@knapsack/browserslist-config_3.60.0--canary.1382.1b15d36.0', 'message': 'no deps or dev-deps'}
{'statusCode': 0, 'package': '@knapsack/browserslist-config_3.60.0--canary.1364.13a4970.0', 'message': 'no deps or dev-deps'}
{'statusCode': 0, 'package': '@knapsack/browserslist-config_3.60.0--canary.1382.e31fa32.0', 'message': 'no deps or dev-deps'}
{'statusCode': 0, 'package': '@knapsack/browserslist-config_3.60.0--canary.1364.5492b9f.0', 'message': 'no deps or dev-deps'}
{'statusCode': 0, 'package': '@knapsack/browserslist-config_3.60.0--canary.1382.a3b18b5.0', 'message': 'no deps or dev-deps'}
{'statusCode': 0, 'package': '@knapsack/browserslist-config_3.60.0--canary.1364.fce5761.0', 'message': 'no deps or dev-deps'}
{'statusCode': 0, 'package': '@knapsack/browserslist-config_3.59.2--canary.1385.2056096.0', 'message': 'no deps or dev-deps'}
{'statusCode': 0, 'package': '@knapsack/browserslist-config_3.59.2--canary.1384.2713c49.0', 'message': 'no deps or dev-deps'}
{'statusCode': 0, 'package': '@knapsack/browserslist-config_3.59.2--canary.1385.6e7d839.0', 'message': 'no deps or dev-deps'}
{'statusCode': 0, 'package': '@knapsack/browserslist-config_3.59.2--canary.1386.56428ef.0', 'message': 'no deps or dev-deps'}
{'statusCode': 0, 'package': '@knapsack/browserslist-config_3.60.0--canary.1382.ae47c13.0', 'message': 'no deps or dev-deps'}
{'statusCode': 0, 'package': '@knapsack/browserslist-config_3.59.2--canary.1384.ac4e01d.0', 'message': 'no deps or dev-deps'}
{'statusCode': 0, 'package': '@knapsack/browserslist-config_3.59.2--canary.1387.f817964.0', 'message': 'no deps or dev-deps'}
{'statusCode': 0, 'package': '@knapsack/browserslist-config_3.59.2--canary.1388.6af2a1a.0', 'message': 'no deps or dev-deps'}
{'statusCode': 0, 'package': '@knapsack/browserslist-config_3.59.2--canary.1389.2f57bc3.0', 'message': 'no deps or dev-deps'}
{'statusCode': 0, 'package': '@knapsack/browserslist-config_3.60.0--canary.1384.b445ef9.0', 'message': 'no deps or dev-deps'}
{'statusCode': 0, 'package': '@knapsack/browserslist-config_3.59.2--canary.1389.a6a695b.0', 'message': 'no deps or dev-deps'}
{'statusCode': 0, 'package': '@knapsack/browserslist-config_3.59.2--canary.1390.9f719fa.0', 'message': 'no deps or dev-deps'}
{'statusCode': 0, 'package': '@knapsack/browserslist-config_3.59.2--canary.1391.76e65db.0', 'message': 'no deps or dev-deps'}
{'statusCode': 0, 'package': '@knapsack/browserslist-config_3.59.2--canary.1392.027a37f.0', 'message': 'no deps or dev-deps'}
{'statusCode': 0, 'package': '@knapsack/browserslist-config_3.59.2--canary.1354.2286742.0', 'message': 'no deps or dev-deps'}
{'statusCode': 0, 'package': '@knapsack/browserslist-config_3.59.2', 'message': 'no deps or dev-deps'}
{'statusCode': 0, 'package': '@knapsack/browserslist-config_3.59.3--canary.1390.a48cac4.0', 'message': 'no deps or dev-deps'}
{'statusCode': 0, 'package': '@knapsack/browserslist-config_3.59.3--canary.1391.c4e3eaf.0', 'message': 'no deps or dev-deps'}
{'statusCode': 0, 'package': '@knapsack/browserslist-config_3.60.0', 'message': 'no deps or dev-deps'}
{'statusCode': 0, 'package': '@knapsack/browserslist-config_3.60.1--canary.1393.d156b5f.0', 'message': 'no deps or dev-deps'}
{'statusCode': 0, 'package': '@knapsack/browserslist-config_3.60.1--canary.1394.e5be198.0', 'message': 'no deps or dev-deps'}
{'statusCode': 0, 'package': '@knapsack/browserslist-config_3.60.1--canary.5b841f2.0', 'message': 'no deps or dev-deps'}
{'statusCode': 0, 'package': '@knapsack/browserslist-config_3.60.1--canary.2c0ac5c.0', 'message': 'no deps or dev-deps'}
{'statusCode': 0, 'package': '@knapsack/browserslist-config_3.60.1--canary.1396.af00fb2.0', 'message': 'no deps or dev-deps'}
{'statusCode': 0, 'package': '@knapsack/browserslist-config_3.60.1--canary.1397.f79728d.0', 'message': 'no deps or dev-deps'}
{'statusCode': 0, 'package': '@knapsack/browserslist-config_3.60.1--canary.1398.0ff5185.0', 'message': 'no deps or dev-deps'}
{'statusCode': 0, 'package': '@knapsack/browserslist-config_3.60.1--canary.1399.eae99cf.0', 'message': 'no deps or dev-deps'}
{'statusCode': 0, 'package': '@knapsack/browserslist-config_3.60.1--canary.1400.15ce036.0', 'message': 'no deps or dev-deps'}
{'statusCode': 0, 'package': '@knapsack/browserslist-config_3.60.1--canary.1400.a927d05.0', 'message': 'no deps or dev-deps'}
{'statusCode': 0, 'package': '@knapsack/browserslist-config_3.60.1--canary.1390.6b5def3.0', 'message': 'no deps or dev-deps'}
{'statusCode': 0, 'package': '@knapsack/browserslist-config_3.60.1--canary.1401.6ae0e99.0', 'message': 'no deps or dev-deps'}
{'statusCode': 0, 'package': '@knapsack/browserslist-config_3.60.1--canary.1402.e126c9a.0', 'message': 'no deps or dev-deps'}
{'statusCode': 0, 'package': '@knapsack/browserslist-config_3.60.1--canary.1403.21934e9.0', 'message': 'no deps or dev-deps'}
{'statusCode': 0, 'package': '@knapsack/browserslist-config_3.60.1--canary.1404.962902a.0', 'message': 'no deps or dev-deps'}
{'statusCode': 0, 'package': '@knapsack/browserslist-config_3.60.1--canary.1406.8408a10.0', 'message': 'no deps or dev-deps'}
{'statusCode': 0, 'package': '@knapsack/browserslist-config_3.60.1--canary.854e27d.0', 'message': 'no deps or dev-deps'}
{'statusCode': 0, 'package': '@knapsack/browserslist-config_3.60.1--canary.1408.62a218a.0', 'message': 'no deps or dev-deps'}
{'statusCode': 0, 'package': '@knapsack/browserslist-config_3.60.1--canary.1407.79295f3.0', 'message': 'no deps or dev-deps'}
{'statusCode': 0, 'package': '@knapsack/browserslist-config_3.60.1--canary.1409.0dd6f00.0', 'message': 'no deps or dev-deps'}
{'statusCode': 0, 'package': '@knapsack/browserslist-config_3.60.1--canary.1410.d70ab26.0', 'message': 'no deps or dev-deps'}
{'statusCode': 0, 'package': '@knapsack/browserslist-config_3.60.1--canary.1411.c593c60.0', 'message': 'no deps or dev-deps'}
{'statusCode': 0, 'package': '@knapsack/browserslist-config_3.60.1', 'message': 'no deps or dev-deps'}
{'statusCode': 0, 'package': '@knapsack/browserslist-config_3.60.2--canary.1396.497e69d.0', 'message': 'no deps or dev-deps'}
{'statusCode': 0, 'package': '@knapsack/browserslist-config_3.60.2--canary.bbac1e0.0', 'message': 'no deps or dev-deps'}
{'statusCode': 0, 'package': '@knapsack/browserslist-config_3.60.2--canary.8c669a4.0', 'message': 'no deps or dev-deps'}
{'statusCode': 0, 'package': '@knapsack/browserslist-config_3.60.2--canary.1412.3359bdc.0', 'message': 'no deps or dev-deps'}
{'statusCode': 0, 'package': '@knapsack/browserslist-config_3.60.2--canary.1413.f98dab2.0', 'message': 'no deps or dev-deps'}
{'statusCode': 0, 'package': '@knapsack/browserslist-config_3.61.0--canary.1384.d8f2c32.0', 'message': 'no deps or dev-deps'}
{'statusCode': 0, 'package': '@knapsack/browserslist-config_3.61.0--canary.1384.b6df951.0', 'message': 'no deps or dev-deps'}
{'statusCode': 0, 'package': '@knapsack/browserslist-config_3.60.2--canary.1414.57bdb0c.0', 'message': 'no deps or dev-deps'}
{'statusCode': 0, 'package': '@knapsack/browserslist-config_3.61.0--canary.1384.c99c855.0', 'message': 'no deps or dev-deps'}
{'statusCode': 0, 'package': '@knapsack/browserslist-config_3.60.2--canary.1395.424f46b.0', 'message': 'no deps or dev-deps'}
{'statusCode': 0, 'package': '@knapsack/browserslist-config_3.61.0--canary.1384.8154796.0', 'message': 'no deps or dev-deps'}
{'statusCode': 0, 'package': '@knapsack/browserslist-config_3.60.2--canary.1415.f030dc5.0', 'message': 'no deps or dev-deps'}
{'statusCode': 0, 'package': '@knapsack/browserslist-config_3.60.2--canary.1416.7c0bc97.0', 'message': 'no deps or dev-deps'}
{'statusCode': 0, 'package': '@knapsack/browserslist-config_3.60.2--canary.1417.cd9b22c.0', 'message': 'no deps or dev-deps'}
{'statusCode': 0, 'package': '@knapsack/browserslist-config_3.60.2--canary.1418.b416217.0', 'message': 'no deps or dev-deps'}
{'statusCode': 0, 'package': '@knapsack/browserslist-config_3.60.2--canary.1420.328567f.0', 'message': 'no deps or dev-deps'}
{'statusCode': 0, 'package': '@knapsack/browserslist-config_3.60.2--canary.1421.4581542.0', 'message': 'no deps or dev-deps'}
{'statusCode': 0, 'package': '@knapsack/browserslist-config_3.60.2--canary.1422.3f70287.0', 'message': 'no deps or dev-deps'}
{'statusCode': 0, 'package': '@knapsack/browserslist-config_3.61.0--canary.1356.4d3a268.0', 'message': 'no deps or dev-deps'}
{'statusCode': 0, 'package': '@knapsack/browserslist-config_3.60.2--canary.1423.1a3147a.0', 'message': 'no deps or dev-deps'}
{'statusCode': 0, 'package': '@knapsack/browserslist-config_3.61.0--canary.1356.fbdc632.0', 'message': 'no deps or dev-deps'}
{'statusCode': 0, 'package': '@knapsack/browserslist-config_3.61.0--canary.1356.7409da4.0', 'message': 'no deps or dev-deps'}
{'statusCode': 0, 'package': '@knapsack/browserslist-config_3.60.2', 'message': 'no deps or dev-deps'}
{'statusCode': 0, 'package': '@knapsack/browserslist-config_3.60.3--canary.1395.a4afe00.0', 'message': 'no deps or dev-deps'}
{'statusCode': 0, 'package': '@knapsack/browserslist-config_3.60.3--canary.1414.09f289f.0', 'message': 'no deps or dev-deps'}
{'statusCode': 0, 'package': '@knapsack/browserslist-config_3.60.3--canary.1424.19d4728.0', 'message': 'no deps or dev-deps'}
{'statusCode': 0, 'package': '@knapsack/browserslist-config_3.61.0--canary.1356.d79f7ad.0', 'message': 'no deps or dev-deps'}
{'statusCode': 0, 'package': '@knapsack/browserslist-config_3.60.3--canary.1424.3d3d631.0', 'message': 'no deps or dev-deps'}
{'statusCode': 0, 'package': '@knapsack/browserslist-config_3.61.0--canary.1356.fa9fde1.0', 'message': 'no deps or dev-deps'}
{'statusCode': 0, 'package': '@knapsack/browserslist-config_3.60.3--canary.1425.6d448de.0', 'message': 'no deps or dev-deps'}
{'statusCode': 0, 'package': '@knapsack/browserslist-config_3.60.3--canary.1426.864686f.0', 'message': 'no deps or dev-deps'}
{'statusCode': 0, 'package': '@knapsack/browserslist-config_3.60.3--canary.1427.a42dde7.0', 'message': 'no deps or dev-deps'}
{'statusCode': 0, 'package': '@knapsack/browserslist-config_3.60.3--canary.1428.f197572.0', 'message': 'no deps or dev-deps'}
{'statusCode': 0, 'package': '@knapsack/browserslist-config_3.60.3--canary.1424.e55c89e.0', 'message': 'no deps or dev-deps'}
{'statusCode': 0, 'package': '@knapsack/browserslist-config_3.61.0--canary.1429.5ab1ba8.0', 'message': 'no deps or dev-deps'}
{'statusCode': 0, 'package': '@knapsack/browserslist-config_3.60.3--canary.1430.e4bdbb5.0', 'message': 'no deps or dev-deps'}
{'statusCode': 0, 'package': '@knapsack/browserslist-config_3.60.3--canary.1431.3b92221.0', 'message': 'no deps or dev-deps'}
{'statusCode': 0, 'package': '@knapsack/browserslist-config_3.61.0--canary.1429.cd508b4.0', 'message': 'no deps or dev-deps'}
{'statusCode': 0, 'package': '@knapsack/browserslist-config_3.60.3--canary.1432.3b55a49.0', 'message': 'no deps or dev-deps'}
{'statusCode': 0, 'package': '@knapsack/browserslist-config_3.60.3--canary.1433.fc6803d.0', 'message': 'no deps or dev-deps'}
{'statusCode': 0, 'package': '@knapsack/browserslist-config_3.61.0--canary.1429.9077b56.0', 'message': 'no deps or dev-deps'}
{'statusCode': 0, 'package': '@knapsack/browserslist-config_3.60.3--canary.5d810fb.0', 'message': 'no deps or dev-deps'}
{'statusCode': 0, 'package': '@knapsack/browserslist-config_3.61.0--canary.1429.8ae65d2.0', 'message': 'no deps or dev-deps'}
{'statusCode': 0, 'package': '@knapsack/browserslist-config_3.61.0--canary.1429.13cf6b7.0', 'message': 'no deps or dev-deps'}
{'statusCode': 0, 'package': '@knapsack/browserslist-config_3.60.3--canary.46848e4.0', 'message': 'no deps or dev-deps'}
{'statusCode': 0, 'package': '@knapsack/browserslist-config_3.60.3--canary.1436.c5aa85f.0', 'message': 'no deps or dev-deps'}
{'statusCode': 0, 'package': '@knapsack/browserslist-config_3.61.0--canary.1429.5dee073.0', 'message': 'no deps or dev-deps'}
{'statusCode': 0, 'package': '@knapsack/browserslist-config_3.60.3--canary.1424.037bae7.0', 'message': 'no deps or dev-deps'}
{'statusCode': 0, 'package': '@knapsack/browserslist-config_3.60.3--canary.1433.4c13578.0', 'message': 'no deps or dev-deps'}
{'statusCode': 0, 'package': '@knapsack/browserslist-config_3.60.3--canary.7c4be02.0', 'message': 'no deps or dev-deps'}
{'statusCode': 0, 'package': '@knapsack/browserslist-config_3.60.3--canary.1438.b982001.0', 'message': 'no deps or dev-deps'}
{'statusCode': 0, 'package': '@knapsack/browserslist-config_3.60.3--canary.1437.822105c.0', 'message': 'no deps or dev-deps'}
{'statusCode': 0, 'package': '@knapsack/browserslist-config_3.60.3--canary.1424.b36c17a.0', 'message': 'no deps or dev-deps'}
{'statusCode': 0, 'package': '@knapsack/browserslist-config_3.60.3', 'message': 'no deps or dev-deps'}
{'statusCode': 0, 'package': '@knapsack/browserslist-config_3.60.4--canary.e8df802.0', 'message': 'no deps or dev-deps'}
{'statusCode': 0, 'package': '@knapsack/browserslist-config_3.60.4--canary.1440.1c27583.0', 'message': 'no deps or dev-deps'}
{'statusCode': 0, 'package': '@knapsack/browserslist-config_3.60.4--canary.1441.d864b27.0', 'message': 'no deps or dev-deps'}
{'statusCode': 0, 'package': '@knapsack/browserslist-config_3.60.4--canary.1442.4205552.0', 'message': 'no deps or dev-deps'}
{'statusCode': 0, 'package': '@knapsack/browserslist-config_3.60.4--canary.1444.dc2aa4d.0', 'message': 'no deps or dev-deps'}
{'statusCode': 0, 'package': '@knapsack/browserslist-config_3.60.4--canary.1445.b192808.0', 'message': 'no deps or dev-deps'}
{'statusCode': 0, 'package': '@knapsack/browserslist-config_3.60.4--canary.1446.f554d23.0', 'message': 'no deps or dev-deps'}
{'statusCode': 0, 'package': '@knapsack/browserslist-config_3.60.4--canary.1440.bc97b31.0', 'message': 'no deps or dev-deps'}
{'statusCode': 0, 'package': '@knapsack/browserslist-config_3.60.4--canary.1447.43ae4ab.0', 'message': 'no deps or dev-deps'}
{'statusCode': 0, 'package': '@knapsack/browserslist-config_3.61.0--canary.1395.105bbd1.0', 'message': 'no deps or dev-deps'}
{'statusCode': 0, 'package': '@knapsack/browserslist-config_3.60.4--canary.1440.883b6f6.0', 'message': 'no deps or dev-deps'}
{'statusCode': 0, 'package': '@knapsack/browserslist-config_3.61.0--canary.1429.1265198.0', 'message': 'no deps or dev-deps'}
{'statusCode': 0, 'package': '@knapsack/browserslist-config_3.60.4--canary.1440.f42eefa.0', 'message': 'no deps or dev-deps'}
{'statusCode': 0, 'package': '@knapsack/browserslist-config_3.60.4--canary.1448.0496fe4.0', 'message': 'no deps or dev-deps'}
{'statusCode': 0, 'package': '@knapsack/browserslist-config_3.60.4', 'message': 'no deps or dev-deps'}
{'statusCode': 0, 'package': '@knapsack/browserslist-config_3.60.5--canary.152103b.0', 'message': 'no deps or dev-deps'}
{'statusCode': 0, 'package': '@knapsack/browserslist-config_3.60.5--canary.4b62478.0', 'message': 'no deps or dev-deps'}
{'statusCode': 0, 'package': '@knapsack/browserslist-config_3.60.5--canary.d945a16.0', 'message': 'no deps or dev-deps'}
{'statusCode': 0, 'package': '@knapsack/browserslist-config_3.61.0--canary.1449.13717eb.0', 'message': 'no deps or dev-deps'}
{'statusCode': 0, 'package': '@knapsack/browserslist-config_3.60.5--canary.1450.bb3b9da.0', 'message': 'no deps or dev-deps'}
{'statusCode': 0, 'package': '@knapsack/browserslist-config_3.60.5--canary.1451.0e3cf02.0', 'message': 'no deps or dev-deps'}
{'statusCode': 0, 'package': '@knapsack/browserslist-config_3.60.5--canary.1396.b1d4dec.0', 'message': 'no deps or dev-deps'}
{'statusCode': 0, 'package': '@knapsack/browserslist-config_3.61.0--canary.1449.c87da26.0', 'message': 'no deps or dev-deps'}
{'statusCode': 0, 'package': '@knapsack/browserslist-config_3.60.5--canary.1454.6e75e62.0', 'message': 'no deps or dev-deps'}
{'statusCode': 0, 'package': '@knapsack/browserslist-config_3.60.5--canary.1450.9fd699c.0', 'message': 'no deps or dev-deps'}
{'statusCode': 0, 'package': '@knapsack/browserslist-config_3.60.5--canary.1396.3353330.0', 'message': 'no deps or dev-deps'}
{'statusCode': 0, 'package': '@knapsack/browserslist-config_3.60.5--canary.1396.88ad43a.0', 'message': 'no deps or dev-deps'}
{'statusCode': 0, 'package': '@knapsack/browserslist-config_3.60.5--canary.1396.e2d823c.0', 'message': 'no deps or dev-deps'}
{'statusCode': 0, 'package': '@knapsack/browserslist-config_3.60.5--canary.1396.603df12.0', 'message': 'no deps or dev-deps'}
{'statusCode': 0, 'package': '@knapsack/browserslist-config_3.60.5--canary.1458.79d470e.0', 'message': 'no deps or dev-deps'}
{'statusCode': 0, 'package': '@knapsack/browserslist-config_3.60.5--canary.1459.a83ebba.0', 'message': 'no deps or dev-deps'}
{'statusCode': 0, 'package': '@knapsack/browserslist-config_3.61.0--canary.1449.7449eb0.0', 'message': 'no deps or dev-deps'}
{'statusCode': 0, 'package': '@knapsack/browserslist-config_3.61.0--canary.1395.7e0edd8.0', 'message': 'no deps or dev-deps'}
{'statusCode': 0, 'package': '@knapsack/browserslist-config_3.61.0--canary.1395.e224dbd.0', 'message': 'no deps or dev-deps'}
{'statusCode': 0, 'package': '@knapsack/browserslist-config_3.61.0--canary.1395.21dab2c.0', 'message': 'no deps or dev-deps'}
{'statusCode': 0, 'package': '@knapsack/browserslist-config_3.61.0--canary.1449.5ae6af0.0', 'message': 'no deps or dev-deps'}
{'statusCode': 0, 'package': '@knapsack/browserslist-config_3.61.0--canary.1395.6f01b58.0', 'message': 'no deps or dev-deps'}
{'statusCode': 0, 'package': '@knapsack/browserslist-config_3.60.5--canary.1396.8024d1a.0', 'message': 'no deps or dev-deps'}
{'statusCode': 0, 'package': '@knapsack/browserslist-config_3.60.5--canary.1460.5596d8a.0', 'message': 'no deps or dev-deps'}
{'statusCode': 0, 'package': '@knapsack/browserslist-config_3.60.5--canary.1461.67aa712.0', 'message': 'no deps or dev-deps'}
{'statusCode': 0, 'package': '@knapsack/browserslist-config_3.60.5', 'message': 'no deps or dev-deps'}
{'statusCode': 0, 'package': '@knapsack/browserslist-config_3.60.6--canary.1448.d173981.0', 'message': 'no deps or dev-deps'}
{'statusCode': 0, 'package': '@knapsack/browserslist-config_3.61.0--canary.1449.0f04ceb.0', 'message': 'no deps or dev-deps'}
{'statusCode': 0, 'package': '@knapsack/browserslist-config_3.61.0--canary.1449.f82501a.0', 'message': 'no deps or dev-deps'}
{'statusCode': 0, 'package': '@knapsack/browserslist-config_3.60.6--canary.1462.9a79407.0', 'message': 'no deps or dev-deps'}
{'statusCode': 0, 'package': '@knapsack/browserslist-config_3.60.6--canary.1463.147172a.0', 'message': 'no deps or dev-deps'}
{'statusCode': 0, 'package': '@knapsack/browserslist-config_3.60.6--canary.1464.359a7ae.0', 'message': 'no deps or dev-deps'}
{'statusCode': 0, 'package': '@knapsack/browserslist-config_3.60.6--canary.1463.167855d.0', 'message': 'no deps or dev-deps'}
{'statusCode': 0, 'package': '@knapsack/browserslist-config_3.60.6', 'message': 'no deps or dev-deps'}
{'statusCode': 0, 'package': '@knapsack/browserslist-config_3.60.7--canary.1465.12ddc7e.0', 'message': 'no deps or dev-deps'}
{'statusCode': 0, 'package': '@knapsack/browserslist-config_3.61.0--canary.1465.ac77bd6.0', 'message': 'no deps or dev-deps'}
{'statusCode': 0, 'package': '@knapsack/browserslist-config_3.61.0--canary.1467.f1b3552.0', 'message': 'no deps or dev-deps'}
{'statusCode': 0, 'package': '@knapsack/browserslist-config_3.61.0--canary.1466.b3596c8.0', 'message': 'no deps or dev-deps'}
{'statusCode': 0, 'package': '@knapsack/browserslist-config_3.61.0--canary.1466.60a2d4d.0', 'message': 'no deps or dev-deps'}
{'statusCode': 0, 'package': '@knapsack/browserslist-config_3.61.0--canary.1466.bce1726.0', 'message': 'no deps or dev-deps'}
{'statusCode': 0, 'package': '@knapsack/browserslist-config_3.61.0--canary.1467.27c7821.0', 'message': 'no deps or dev-deps'}
{'statusCode': 0, 'package': '@knapsack/browserslist-config_3.60.7--canary.848c4fe.0', 'message': 'no deps or dev-deps'}
{'statusCode': 0, 'package': '@knapsack/browserslist-config_3.60.7--canary.e07b84d.0', 'message': 'no deps or dev-deps'}
{'statusCode': 0, 'package': '@knapsack/browserslist-config_3.61.0--canary.1465.b868900.0', 'message': 'no deps or dev-deps'}
{'statusCode': 0, 'package': '@knapsack/browserslist-config_3.61.0--canary.1466.8f157bb.0', 'message': 'no deps or dev-deps'}
{'statusCode': 0, 'package': '@knapsack/browserslist-config_3.61.0--canary.1467.c4bd3f0.0', 'message': 'no deps or dev-deps'}
{'statusCode': 0, 'package': '@knapsack/browserslist-config_3.61.0--canary.1465.46d2049.0', 'message': 'no deps or dev-deps'}
{'statusCode': 0, 'package': '@knapsack/browserslist-config_3.61.0--canary.1465.80189e9.0', 'message': 'no deps or dev-deps'}
{'statusCode': 0, 'package': '@knapsack/browserslist-config_3.60.7--canary.02d16a2.0', 'message': 'no deps or dev-deps'}
{'statusCode': 0, 'package': '@knapsack/browserslist-config_3.60.7--canary.83b75c6.0', 'message': 'no deps or dev-deps'}
{'statusCode': 0, 'package': '@knapsack/browserslist-config_3.61.0--canary.1465.80189e9.1', 'message': 'no deps or dev-deps'}
{'statusCode': 0, 'package': '@knapsack/browserslist-config_3.61.0', 'message': 'no deps or dev-deps'}
{'statusCode': 0, 'package': '@knapsack/browserslist-config_3.61.1--canary.4cfb47a.0', 'message': 'no deps or dev-deps'}
{'statusCode': 0, 'package': '@knapsack/browserslist-config_3.62.0--canary.1468.5382f28.0', 'message': 'no deps or dev-deps'}
{'statusCode': 0, 'package': '@knapsack/browserslist-config_3.61.1--canary.1461.173a03c.0', 'message': 'no deps or dev-deps'}
{'statusCode': 0, 'package': '@knapsack/browserslist-config_3.61.1--canary.afe74eb.0', 'message': 'no deps or dev-deps'}
{'statusCode': 0, 'package': '@knapsack/browserslist-config_3.62.0--canary.1470.ef2ec75.0', 'message': 'no deps or dev-deps'}
{'statusCode': 0, 'package': '@knapsack/browserslist-config_3.61.1--canary.1471.3b9fcf0.0', 'message': 'no deps or dev-deps'}
{'statusCode': 0, 'package': '@knapsack/browserslist-config_3.61.1--canary.1472.05a726b.0', 'message': 'no deps or dev-deps'}
{'statusCode': 0, 'package': '@knapsack/browserslist-config_3.61.1--canary.1473.4ad87df.0', 'message': 'no deps or dev-deps'}
{'statusCode': 0, 'package': '@knapsack/browserslist-config_3.61.1--canary.1473.d8f779e.0', 'message': 'no deps or dev-deps'}
{'statusCode': 0, 'package': '@knapsack/browserslist-config_3.61.1--canary.1475.612d9ae.0', 'message': 'no deps or dev-deps'}
{'statusCode': 0, 'package': '@knapsack/browserslist-config_3.61.1--canary.1475.6806c24.0', 'message': 'no deps or dev-deps'}
{'statusCode': 0, 'package': '@knapsack/browserslist-config_3.61.1--canary.1476.a518c0c.0', 'message': 'no deps or dev-deps'}
{'statusCode': 0, 'package': '@knapsack/browserslist-config_3.61.1--canary.1478.f40e063.0', 'message': 'no deps or dev-deps'}
{'statusCode': 0, 'package': '@knapsack/browserslist-config_3.61.1--canary.1476.1de3f50.0', 'message': 'no deps or dev-deps'}
{'statusCode': 0, 'package': '@knapsack/browserslist-config_3.62.0--canary.1479.e6bdd72.0', 'message': 'no deps or dev-deps'}
{'statusCode': 0, 'package': '@knapsack/browserslist-config_3.62.0--canary.1470.5a1315d.0', 'message': 'no deps or dev-deps'}
{'statusCode': 0, 'package': '@knapsack/browserslist-config_3.62.0--canary.1470.b220b27.0', 'message': 'no deps or dev-deps'}
{'statusCode': 0, 'package': '@knapsack/browserslist-config_3.62.0--canary.1470.1a07d3e.0', 'message': 'no deps or dev-deps'}
{'statusCode': 0, 'package': '@knapsack/browserslist-config_3.62.0--canary.1474.82566aa.0', 'message': 'no deps or dev-deps'}
{'statusCode': 0, 'package': '@knapsack/browserslist-config_3.61.1--canary.1473.2f6a250.0', 'message': 'no deps or dev-deps'}
{'statusCode': 0, 'package': '@knapsack/browserslist-config_3.62.0--canary.1475.80e97e1.0', 'message': 'no deps or dev-deps'}
{'statusCode': 0, 'package': '@knapsack/browserslist-config_3.62.0--canary.1477.b90bcb4.0', 'message': 'no deps or dev-deps'}
{'statusCode': 0, 'package': '@knapsack/browserslist-config_3.62.0--canary.1478.cf1f63f.0', 'message': 'no deps or dev-deps'}
{'statusCode': 0, 'package': '@knapsack/browserslist-config_3.62.0--canary.1478.fa377d1.0', 'message': 'no deps or dev-deps'}
{'statusCode': 0, 'package': '@knapsack/browserslist-config_3.62.0--canary.1478.10fc96f.0', 'message': 'no deps or dev-deps'}
{'statusCode': 0, 'package': '@knapsack/browserslist-config_3.61.1--canary.1480.de691c4.0', 'message': 'no deps or dev-deps'}
{'statusCode': 0, 'package': '@knapsack/browserslist-config_3.61.1--canary.1480.083f935.0', 'message': 'no deps or dev-deps'}
{'statusCode': 0, 'package': '@knapsack/browserslist-config_3.61.1--canary.1481.eacce83.0', 'message': 'no deps or dev-deps'}
{'statusCode': 0, 'package': '@knapsack/browserslist-config_3.61.1--canary.a195715.0', 'message': 'no deps or dev-deps'}
{'statusCode': 0, 'package': '@knapsack/browserslist-config_3.61.1--canary.906c055.0', 'message': 'no deps or dev-deps'}
{'statusCode': 0, 'package': '@knapsack/browserslist-config_3.62.0--canary.1470.9f7cc55.0', 'message': 'no deps or dev-deps'}
{'statusCode': 0, 'package': '@knapsack/browserslist-config_3.61.1--canary.1483.ca1534b.0', 'message': 'no deps or dev-deps'}
{'statusCode': 0, 'package': '@knapsack/browserslist-config_3.61.1--canary.d26d636.0', 'message': 'no deps or dev-deps'}
{'statusCode': 0, 'package': '@knapsack/browserslist-config_3.62.0--canary.1470.e513a72.0', 'message': 'no deps or dev-deps'}
{'statusCode': 0, 'package': '@knapsack/browserslist-config_3.61.1--canary.1484.9a77662.0', 'message': 'no deps or dev-deps'}
{'statusCode': 0, 'package': '@knapsack/browserslist-config_3.61.1--canary.1484.a8a182a.0', 'message': 'no deps or dev-deps'}
{'statusCode': 0, 'package': '@knapsack/browserslist-config_3.61.1--canary.1484.2f0b846.0', 'message': 'no deps or dev-deps'}
{'statusCode': 0, 'package': '@knapsack/browserslist-config_3.61.1--canary.1483.8bee2c1.0', 'message': 'no deps or dev-deps'}
{'statusCode': 0, 'package': '@knapsack/browserslist-config_3.61.1--canary.1483.8bee2c1.1', 'message': 'no deps or dev-deps'}
{'statusCode': 0, 'package': '@knapsack/browserslist-config_3.62.0--canary.1470.026b813.0', 'message': 'no deps or dev-deps'}
{'statusCode': 0, 'package': '@knapsack/browserslist-config_3.61.1--canary.1483.294ced0.0', 'message': 'no deps or dev-deps'}
{'statusCode': 0, 'package': '@knapsack/browserslist-config_3.61.1--canary.1483.a125ccc.0', 'message': 'no deps or dev-deps'}
{'statusCode': 0, 'package': '@knapsack/browserslist-config_3.62.0--canary.1470.b45912b.0', 'message': 'no deps or dev-deps'}
{'statusCode': 0, 'package': '@knapsack/browserslist-config_3.61.1--canary.1484.f8f7aad.0', 'message': 'no deps or dev-deps'}
{'statusCode': 0, 'package': '@knapsack/browserslist-config_3.62.0--canary.1470.83ad634.0', 'message': 'no deps or dev-deps'}
{'statusCode': 0, 'package': '@knapsack/browserslist-config_3.61.1--canary.1484.4db2a10.0', 'message': 'no deps or dev-deps'}
{'statusCode': 0, 'package': '@knapsack/browserslist-config_3.62.0--canary.1483.ccfd33b.0', 'message': 'no deps or dev-deps'}
{'statusCode': 0, 'package': '@knapsack/browserslist-config_3.62.0--canary.1484.b0139a1.0', 'message': 'no deps or dev-deps'}
{'statusCode': 0, 'package': '@knapsack/browserslist-config_3.61.1--canary.c68e51e.0', 'message': 'no deps or dev-deps'}
{'statusCode': 0, 'package': '@knapsack/browserslist-config_3.61.1--canary.217043c.0', 'message': 'no deps or dev-deps'}
{'statusCode': 0, 'package': '@knapsack/browserslist-config_3.62.0--canary.eb847c4.0', 'message': 'no deps or dev-deps'}
{'statusCode': 0, 'package': '@knapsack/browserslist-config_3.62.0', 'message': 'no deps or dev-deps'}
{'statusCode': 0, 'package': '@knapsack/browserslist-config_3.62.1--canary.e5d376e.0', 'message': 'no deps or dev-deps'}
{'statusCode': 0, 'package': '@knapsack/browserslist-config_3.62.1--canary.525f6fd.0', 'message': 'no deps or dev-deps'}
{'statusCode': 0, 'package': '@knapsack/browserslist-config_3.63.0--canary.1481.fa3f23d.0', 'message': 'no deps or dev-deps'}
{'statusCode': 0, 'package': '@knapsack/browserslist-config_3.62.1--canary.1488.ad8b048.0', 'message': 'no deps or dev-deps'}
{'statusCode': 0, 'package': '@knapsack/browserslist-config_3.62.1--canary.1488.91d597f.0', 'message': 'no deps or dev-deps'}
{'statusCode': 0, 'package': '@knapsack/browserslist-config_3.62.1--canary.1489.362de16.0', 'message': 'no deps or dev-deps'}
{'statusCode': 0, 'package': '@knapsack/browserslist-config_3.62.1--canary.e5eb4aa.0', 'message': 'no deps or dev-deps'}
{'statusCode': 0, 'package': '@knapsack/browserslist-config_3.62.1--canary.009466e.0', 'message': 'no deps or dev-deps'}
{'statusCode': 0, 'package': '@knapsack/browserslist-config_3.62.1--canary.1e1464e.0', 'message': 'no deps or dev-deps'}
{'statusCode': 0, 'package': '@knapsack/browserslist-config_3.62.1', 'message': 'no deps or dev-deps'}
{'statusCode': 0, 'package': '@knapsack/browserslist-config_3.62.2--canary.2e59001.0', 'message': 'no deps or dev-deps'}
{'statusCode': 0, 'package': '@knapsack/browserslist-config_3.63.0--canary.1481.455263f.0', 'message': 'no deps or dev-deps'}
{'statusCode': 0, 'package': '@knapsack/browserslist-config_3.62.2--canary.1480.a4c22aa.0', 'message': 'no deps or dev-deps'}
{'statusCode': 0, 'package': '@knapsack/browserslist-config_3.62.2--canary.1493.527a329.0', 'message': 'no deps or dev-deps'}
{'statusCode': 0, 'package': '@knapsack/browserslist-config_3.62.2--canary.1495.8a53d67.0', 'message': 'no deps or dev-deps'}
{'statusCode': 0, 'package': '@knapsack/browserslist-config_3.62.2--canary.1495.411d119.0', 'message': 'no deps or dev-deps'}
{'statusCode': 0, 'package': '@knapsack/browserslist-config_3.63.0--canary.1468.6bb6454.0', 'message': 'no deps or dev-deps'}
{'statusCode': 0, 'package': '@knapsack/browserslist-config_3.63.0--canary.1468.f765807.0', 'message': 'no deps or dev-deps'}
{'statusCode': 0, 'package': '@knapsack/browserslist-config_3.63.0--canary.1481.0c62908.0', 'message': 'no deps or dev-deps'}
{'statusCode': 0, 'package': '@knapsack/browserslist-config_3.62.2--canary.66c06a2.0', 'message': 'no deps or dev-deps'}
{'statusCode': 0, 'package': '@knapsack/browserslist-config_3.63.0--canary.1481.4ccd879.0', 'message': 'no deps or dev-deps'}
{'statusCode': 0, 'package': '@knapsack/browserslist-config_3.62.2--canary.1495.18fbcb4.0', 'message': 'no deps or dev-deps'}
{'statusCode': 0, 'package': '@knapsack/browserslist-config_3.63.0--canary.1481.50e2c2a.0', 'message': 'no deps or dev-deps'}
{'statusCode': 0, 'package': '@knapsack/browserslist-config_3.63.0--canary.1497.441f9d8.0', 'message': 'no deps or dev-deps'}
{'statusCode': 0, 'package': '@knapsack/browserslist-config_3.63.0--canary.1498.3467b5d.0', 'message': 'no deps or dev-deps'}
{'statusCode': 0, 'package': '@knapsack/browserslist-config_3.63.0--canary.1499.16e2a17.0', 'message': 'no deps or dev-deps'}
{'statusCode': 0, 'package': '@knapsack/browserslist-config_3.62.2--canary.c6ebea1.0', 'message': 'no deps or dev-deps'}
{'statusCode': 0, 'package': '@knapsack/browserslist-config_3.62.2--canary.335715c.0', 'message': 'no deps or dev-deps'}
{'statusCode': 0, 'package': '@knapsack/browserslist-config_3.62.2--canary.06dd683.0', 'message': 'no deps or dev-deps'}
{'statusCode': 0, 'package': '@knapsack/browserslist-config_3.62.2--canary.1495.6123ea3.0', 'message': 'no deps or dev-deps'}
{'statusCode': 0, 'package': '@knapsack/browserslist-config_3.62.2--canary.940672d.0', 'message': 'no deps or dev-deps'}
{'statusCode': 0, 'package': '@knapsack/browserslist-config_3.62.2--canary.38d4b41.0', 'message': 'no deps or dev-deps'}
{'statusCode': 0, 'package': '@knapsack/browserslist-config_3.62.2--canary.dbe9b1a.0', 'message': 'no deps or dev-deps'}
{'statusCode': 0, 'package': '@knapsack/browserslist-config_3.62.2--canary.c3bc617.0', 'message': 'no deps or dev-deps'}
{'statusCode': 0, 'package': '@knapsack/browserslist-config_3.62.2--canary.b511d34.0', 'message': 'no deps or dev-deps'}
{'statusCode': 0, 'package': '@knapsack/browserslist-config_3.63.0--canary.1501.5cb6e41.0', 'message': 'no deps or dev-deps'}
{'statusCode': 0, 'package': '@knapsack/browserslist-config_3.63.0--canary.1497.25a4916.0', 'message': 'no deps or dev-deps'}
{'statusCode': 0, 'package': '@knapsack/browserslist-config_3.63.0--canary.1497.95e3163.0', 'message': 'no deps or dev-deps'}
{'statusCode': 0, 'package': '@knapsack/browserslist-config_3.62.2--canary.40ce82a.0', 'message': 'no deps or dev-deps'}
{'statusCode': 0, 'package': '@knapsack/browserslist-config_3.62.2--canary.f7c8f6a.0', 'message': 'no deps or dev-deps'}
{'statusCode': 0, 'package': '@knapsack/browserslist-config_3.63.0--canary.1497.a78f229.0', 'message': 'no deps or dev-deps'}
{'statusCode': 0, 'package': '@knapsack/browserslist-config_3.62.2--canary.1495.6b54569.0', 'message': 'no deps or dev-deps'}
{'statusCode': 0, 'package': '@knapsack/browserslist-config_3.63.0--canary.1498.2615500.0', 'message': 'no deps or dev-deps'}
{'statusCode': 0, 'package': '@knapsack/browserslist-config_3.63.0--canary.1499.ef67dda.0', 'message': 'no deps or dev-deps'}
{'statusCode': 0, 'package': '@knapsack/browserslist-config_3.63.0--canary.1502.9ec961b.0', 'message': 'no deps or dev-deps'}
{'statusCode': 0, 'package': '@knapsack/browserslist-config_3.62.2--canary.1495.b89eb46.0', 'message': 'no deps or dev-deps'}
{'statusCode': 0, 'package': '@knapsack/browserslist-config_3.63.0--canary.1495.943c3c6.0', 'message': 'no deps or dev-deps'}
{'statusCode': 0, 'package': '@knapsack/browserslist-config_3.63.0--canary.1481.79d3acc.0', 'message': 'no deps or dev-deps'}
{'statusCode': 0, 'package': '@knapsack/browserslist-config_3.63.0--canary.1504.cfcdf8e.0', 'message': 'no deps or dev-deps'}
{'statusCode': 0, 'package': '@knapsack/browserslist-config_3.63.0--canary.1504.d3d9d69.0', 'message': 'no deps or dev-deps'}
{'statusCode': 0, 'package': '@knapsack/browserslist-config_3.63.0--canary.1504.0e7e32e.0', 'message': 'no deps or dev-deps'}
{'statusCode': 0, 'package': '@knapsack/browserslist-config_3.62.2--canary.dc585b4.0', 'message': 'no deps or dev-deps'}
{'statusCode': 0, 'package': '@knapsack/browserslist-config_3.62.2--canary.1505.fd20b5c.0', 'message': 'no deps or dev-deps'}
{'statusCode': 0, 'package': '@knapsack/browserslist-config_3.62.2--canary.1505.118a62b.0', 'message': 'no deps or dev-deps'}
{'statusCode': 0, 'package': '@knapsack/browserslist-config_3.62.2--canary.1507.e8871b2.0', 'message': 'no deps or dev-deps'}
{'statusCode': 0, 'package': '@knapsack/browserslist-config_3.62.2--canary.1507.ed36b90.0', 'message': 'no deps or dev-deps'}
{'statusCode': 0, 'package': '@knapsack/browserslist-config_3.63.0--canary.1503.4603a01.0', 'message': 'no deps or dev-deps'}
{'statusCode': 0, 'package': '@knapsack/browserslist-config_3.63.0--canary.1503.c1f1a8c.0', 'message': 'no deps or dev-deps'}
{'statusCode': 0, 'package': '@knapsack/browserslist-config_3.63.0--canary.1503.a4ede32.0', 'message': 'no deps or dev-deps'}
{'statusCode': 0, 'package': '@knapsack/browserslist-config_3.63.0--canary.1503.dc2e27d.0', 'message': 'no deps or dev-deps'}
{'statusCode': 0, 'package': '@knapsack/browserslist-config_3.62.2--canary.1508.e80e78a.0', 'message': 'no deps or dev-deps'}
{'statusCode': 0, 'package': '@knapsack/browserslist-config_3.63.0--canary.1503.e8a1843.0', 'message': 'no deps or dev-deps'}
{'statusCode': 0, 'package': '@knapsack/browserslist-config_3.63.0--canary.1503.04251a3.0', 'message': 'no deps or dev-deps'}
{'statusCode': 0, 'package': '@knapsack/browserslist-config_3.63.0--canary.1503.0766db4.0', 'message': 'no deps or dev-deps'}
{'statusCode': 0, 'package': '@knapsack/browserslist-config_3.63.0--canary.1503.8a4c4bd.0', 'message': 'no deps or dev-deps'}
{'statusCode': 0, 'package': '@knapsack/browserslist-config_3.63.0--canary.1503.9cceed2.0', 'message': 'no deps or dev-deps'}
{'statusCode': 0, 'package': '@knapsack/browserslist-config_3.63.0--canary.1503.9cbf35d.0', 'message': 'no deps or dev-deps'}
{'statusCode': 0, 'package': '@knapsack/browserslist-config_3.62.2--canary.1509.0e0309a.0', 'message': 'no deps or dev-deps'}
{'statusCode': 0, 'package': '@knapsack/browserslist-config_3.62.2--canary.1506.c6bab0c.0', 'message': 'no deps or dev-deps'}
{'statusCode': 0, 'package': '@knapsack/browserslist-config_3.62.2--canary.1506.307fc4e.0', 'message': 'no deps or dev-deps'}
{'statusCode': 0, 'package': '@knapsack/browserslist-config_3.63.0--canary.1509.9e7d6b5.0', 'message': 'no deps or dev-deps'}
{'statusCode': 0, 'package': '@knapsack/browserslist-config_3.62.2--canary.1510.0a43d0b.0', 'message': 'no deps or dev-deps'}
{'statusCode': 0, 'package': '@knapsack/browserslist-config_3.63.0--canary.1503.91cf5ff.0', 'message': 'no deps or dev-deps'}
{'statusCode': 0, 'package': '@knapsack/browserslist-config_3.62.2--canary.1511.87d79b4.0', 'message': 'no deps or dev-deps'}
{'statusCode': 0, 'package': '@knapsack/browserslist-config_3.62.2--canary.619b12d.0', 'message': 'no deps or dev-deps'}
{'statusCode': 0, 'package': '@knapsack/browserslist-config_3.62.2--canary.1512.15a0365.0', 'message': 'no deps or dev-deps'}
{'statusCode': 0, 'package': '@knapsack/browserslist-config_3.63.0--canary.1481.374c41d.0', 'message': 'no deps or dev-deps'}
{'statusCode': 0, 'package': '@knapsack/browserslist-config_3.62.2--canary.1511.402a916.0', 'message': 'no deps or dev-deps'}
{'statusCode': 0, 'package': '@knapsack/browserslist-config_3.62.2--canary.96f2490.0', 'message': 'no deps or dev-deps'}
{'statusCode': 0, 'package': '@knapsack/browserslist-config_3.62.2--canary.1506.fe56695.0', 'message': 'no deps or dev-deps'}
{'statusCode': 0, 'package': '@knapsack/browserslist-config_3.63.0', 'message': 'no deps or dev-deps'}
{'statusCode': 0, 'package': '@knapsack/browserslist-config_3.62.2--canary.1514.40f36fd.0', 'message': 'no deps or dev-deps'}
{'statusCode': 0, 'package': '@knapsack/browserslist-config_3.64.0', 'message': 'no deps or dev-deps'}
{'statusCode': 0, 'package': '@knapsack/browserslist-config_3.63.0--canary.1481.efe821e.0', 'message': 'no deps or dev-deps'}
{'statusCode': 0, 'package': '@knapsack/browserslist-config_3.62.2--canary.1512.3b5d2c7.0', 'message': 'no deps or dev-deps'}
{'statusCode': 0, 'package': '@knapsack/browserslist-config_3.62.2--canary.1515.0351e12.0', 'message': 'no deps or dev-deps'}
{'statusCode': 0, 'package': '@knapsack/browserslist-config_3.62.2--canary.1516.0570fba.0', 'message': 'no deps or dev-deps'}
{'statusCode': 0, 'package': '@knapsack/browserslist-config_3.65.0', 'message': 'no deps or dev-deps'}
{'statusCode': 0, 'package': '@knapsack/browserslist-config_3.62.2--canary.1517.d04bd62.0', 'message': 'no deps or dev-deps'}
{'statusCode': 0, 'package': '@knapsack/browserslist-config_3.66.0', 'message': 'no deps or dev-deps'}
{'statusCode': 0, 'package': '@knapsack/browserslist-config_3.66.1--canary.1508.23fbfe4.0', 'message': 'no deps or dev-deps'}
{'statusCode': 0, 'package': '@knapsack/browserslist-config_3.66.1--canary.1508.a322a16.0', 'message': 'no deps or dev-deps'}
{'statusCode': 0, 'package': '@knapsack/browserslist-config_3.66.1--canary.1508.bce9243.0', 'message': 'no deps or dev-deps'}
{'statusCode': 0, 'package': '@knapsack/browserslist-config_3.66.1--canary.1512.1ab61d1.0', 'message': 'no deps or dev-deps'}
{'statusCode': 0, 'package': '@knapsack/browserslist-config_3.66.1--canary.1515.519506f.0', 'message': 'no deps or dev-deps'}
{'statusCode': 0, 'package': '@knapsack/browserslist-config_3.66.1--canary.1515.f48941e.0', 'message': 'no deps or dev-deps'}
{'statusCode': 0, 'package': '@knapsack/browserslist-config_3.66.1--canary.1515.d628a19.0', 'message': 'no deps or dev-deps'}
{'statusCode': 0, 'package': '@knapsack/browserslist-config_3.66.1--canary.1515.2099fde.0', 'message': 'no deps or dev-deps'}
{'statusCode': 0, 'package': '@knapsack/browserslist-config_3.66.1--canary.1515.9292c6e.0', 'message': 'no deps or dev-deps'}
{'statusCode': 0, 'package': '@knapsack/browserslist-config_3.66.1--canary.1508.f005e70.0', 'message': 'no deps or dev-deps'}
{'statusCode': 0, 'package': '@knapsack/browserslist-config_3.66.1--canary.1515.4d54294.0', 'message': 'no deps or dev-deps'}
{'statusCode': 0, 'package': '@knapsack/browserslist-config_3.66.1--canary.1480.f6793a0.0', 'message': 'no deps or dev-deps'}
{'statusCode': 0, 'package': '@knapsack/browserslist-config_3.66.1--canary.1515.094e1a3.0', 'message': 'no deps or dev-deps'}
{'statusCode': 0, 'package': '@knapsack/browserslist-config_3.67.0--canary.1481.43ddcea.0', 'message': 'no deps or dev-deps'}
{'statusCode': 0, 'package': '@knapsack/browserslist-config_3.66.1--canary.1519.0d98ac5.0', 'message': 'no deps or dev-deps'}
{'statusCode': 0, 'package': '@knapsack/browserslist-config_3.66.1--canary.1519.1b3eea1.0', 'message': 'no deps or dev-deps'}
{'statusCode': 0, 'package': '@knapsack/browserslist-config_3.66.1--canary.1519.26955d1.0', 'message': 'no deps or dev-deps'}
{'statusCode': 0, 'package': '@knapsack/browserslist-config_3.66.1--canary.ae9cc17.0', 'message': 'no deps or dev-deps'}
{'statusCode': 0, 'package': '@knapsack/browserslist-config_3.66.1--canary.1519.26955d1.1', 'message': 'no deps or dev-deps'}
{'statusCode': 0, 'package': '@knapsack/browserslist-config_3.66.1--canary.1519.25337e1.0', 'message': 'no deps or dev-deps'}
{'statusCode': 0, 'package': '@knapsack/browserslist-config_3.66.1--canary.1519.19b3c17.0', 'message': 'no deps or dev-deps'}
{'statusCode': 0, 'package': '@knapsack/browserslist-config_3.66.1--canary.1519.19667f3.0', 'message': 'no deps or dev-deps'}
{'statusCode': 0, 'package': '@knapsack/browserslist-config_3.66.1--canary.1520.c601b43.0', 'message': 'no deps or dev-deps'}
{'statusCode': 0, 'package': '@knapsack/browserslist-config_3.66.1--canary.1521.5c16dc7.0', 'message': 'no deps or dev-deps'}
{'statusCode': 0, 'package': '@knapsack/browserslist-config_3.66.1--canary.1521.db1b49d.0', 'message': 'no deps or dev-deps'}
{'statusCode': 0, 'package': '@knapsack/browserslist-config_3.67.0--canary.1481.1f4d4c5.0', 'message': 'no deps or dev-deps'}
{'statusCode': 0, 'package': '@knapsack/browserslist-config_3.67.0--canary.1522.639214f.0', 'message': 'no deps or dev-deps'}
{'statusCode': 0, 'package': '@knapsack/browserslist-config_3.67.0--canary.1481.d9cf1eb.0', 'message': 'no deps or dev-deps'}
{'statusCode': 0, 'package': '@knapsack/browserslist-config_3.66.1', 'message': 'no deps or dev-deps'}
{'statusCode': 0, 'package': '@knapsack/browserslist-config_3.66.2--canary.1523.28b9605.0', 'message': 'no deps or dev-deps'}
{'statusCode': 0, 'package': '@knapsack/browserslist-config_3.67.0--canary.1522.8b8b602.0', 'message': 'no deps or dev-deps'}
{'statusCode': 0, 'package': '@knapsack/browserslist-config_3.66.2', 'message': 'no deps or dev-deps'}
{'statusCode': 0, 'package': '@knapsack/browserslist-config_3.67.0--canary.1481.0fda133.0', 'message': 'no deps or dev-deps'}
{'statusCode': 0, 'package': '@knapsack/browserslist-config_3.66.3--canary.1525.b0fb0d8.0', 'message': 'no deps or dev-deps'}
{'statusCode': 0, 'package': '@knapsack/browserslist-config_3.66.3', 'message': 'no deps or dev-deps'}
{'statusCode': 0, 'package': '@knapsack/browserslist-config_3.66.3--canary.1526.cb23c17.0', 'message': 'no deps or dev-deps'}
{'statusCode': 0, 'package': '@knapsack/browserslist-config_3.66.3--canary.1526.868292f.0', 'message': 'no deps or dev-deps'}
{'statusCode': 0, 'package': '@knapsack/browserslist-config_3.66.3--canary.1526.bfd5a52.0', 'message': 'no deps or dev-deps'}
{'statusCode': 0, 'package': '@knapsack/browserslist-config_3.67.0--canary.1481.bd94480.0', 'message': 'no deps or dev-deps'}
{'statusCode': 0, 'package': '@knapsack/browserslist-config_3.66.3--canary.1528.c1e71d4.0', 'message': 'no deps or dev-deps'}
{'statusCode': 0, 'package': '@knapsack/browserslist-config_3.66.3--canary.1528.f34dac4.0', 'message': 'no deps or dev-deps'}
{'statusCode': 0, 'package': '@knapsack/browserslist-config_3.66.4--canary.1529.7c8d454.0', 'message': 'no deps or dev-deps'}
{'statusCode': 0, 'package': '@knapsack/browserslist-config_3.66.4--canary.1531.1676ae0.0', 'message': 'no deps or dev-deps'}
{'statusCode': 0, 'package': '@knapsack/browserslist-config_3.66.4--canary.1532.b33ff90.0', 'message': 'no deps or dev-deps'}
{'statusCode': 0, 'package': '@knapsack/browserslist-config_3.66.4--canary.1531.37778ae.0', 'message': 'no deps or dev-deps'}
{'statusCode': 0, 'package': '@knapsack/browserslist-config_3.66.4--canary.1532.4f3e77c.0', 'message': 'no deps or dev-deps'}
{'statusCode': 0, 'package': '@knapsack/browserslist-config_3.66.4', 'message': 'no deps or dev-deps'}
{'statusCode': 0, 'package': '@knapsack/browserslist-config_3.66.5--canary.1530.3efdd35.0', 'message': 'no deps or dev-deps'}
{'statusCode': 0, 'package': '@knapsack/browserslist-config_3.66.5--canary.1531.2852950.0', 'message': 'no deps or dev-deps'}
{'statusCode': 0, 'package': '@knapsack/browserslist-config_3.66.5--canary.1530.1f6fcb4.0', 'message': 'no deps or dev-deps'}
{'statusCode': 0, 'package': '@knapsack/browserslist-config_3.66.5--canary.1534.5109b5e.0', 'message': 'no deps or dev-deps'}
{'statusCode': 0, 'package': '@knapsack/browserslist-config_3.66.5--canary.1530.734483e.0', 'message': 'no deps or dev-deps'}
{'statusCode': 0, 'package': '@knapsack/browserslist-config_3.66.5--canary.1531.1b51b8d.0', 'message': 'no deps or dev-deps'}
{'statusCode': 0, 'package': '@knapsack/browserslist-config_3.66.5--canary.1531.e2740c9.0', 'message': 'no deps or dev-deps'}
{'statusCode': 0, 'package': '@knapsack/browserslist-config_3.66.5--canary.1531.504c5f3.0', 'message': 'no deps or dev-deps'}
{'statusCode': 0, 'package': '@knapsack/browserslist-config_3.67.0--canary.1538.d4a6387.0', 'message': 'no deps or dev-deps'}
{'statusCode': 0, 'package': '@knapsack/browserslist-config_3.67.0--canary.1538.7ca685f.0', 'message': 'no deps or dev-deps'}
{'statusCode': 0, 'package': '@knapsack/browserslist-config_3.67.0--canary.1481.b8f7ead.0', 'message': 'no deps or dev-deps'}
{'statusCode': 0, 'package': '@knapsack/browserslist-config_3.67.0--canary.1481.1adf76b.0', 'message': 'no deps or dev-deps'}
{'statusCode': 0, 'package': '@knapsack/browserslist-config_3.66.5--canary.1518.df6b245.0', 'message': 'no deps or dev-deps'}
{'statusCode': 0, 'package': '@knapsack/browserslist-config_3.66.5--canary.1528.c3c2624.0', 'message': 'no deps or dev-deps'}
{'statusCode': 0, 'package': '@knapsack/browserslist-config_3.66.5--canary.e742e3f.0', 'message': 'no deps or dev-deps'}
{'statusCode': 0, 'package': '@knapsack/browserslist-config_3.67.0--canary.1542.bf073ab.0', 'message': 'no deps or dev-deps'}
{'statusCode': 0, 'package': '@knapsack/browserslist-config_3.66.5--canary.1528.b009eb1.0', 'message': 'no deps or dev-deps'}
{'statusCode': 0, 'package': '@knapsack/browserslist-config_3.67.0--canary.1542.39ac1cf.0', 'message': 'no deps or dev-deps'}
{'statusCode': 0, 'package': '@knapsack/browserslist-config_3.67.0--canary.1542.fcf99d7.0', 'message': 'no deps or dev-deps'}
{'statusCode': 0, 'package': '@knapsack/browserslist-config_3.67.0--canary.1542.16b5483.0', 'message': 'no deps or dev-deps'}
{'statusCode': 0, 'package': '@knapsack/browserslist-config_3.67.0--canary.1542.33067b1.0', 'message': 'no deps or dev-deps'}
{'statusCode': 0, 'package': '@knapsack/browserslist-config_3.66.5', 'message': 'no deps or dev-deps'}
{'statusCode': 0, 'package': '@knapsack/browserslist-config_3.66.6--canary.1529.488c672.0', 'message': 'no deps or dev-deps'}
{'statusCode': 0, 'package': '@knapsack/browserslist-config_3.66.6--canary.1529.d07fca2.0', 'message': 'no deps or dev-deps'}
{'statusCode': 0, 'package': '@knapsack/browserslist-config_3.67.0--canary.1542.7878e63.0', 'message': 'no deps or dev-deps'}
{'statusCode': 0, 'package': '@knapsack/browserslist-config_3.67.0--canary.1542.79415bd.0', 'message': 'no deps or dev-deps'}
{'statusCode': 0, 'package': '@knapsack/browserslist-config_3.67.0--canary.1542.f89de28.0', 'message': 'no deps or dev-deps'}
{'statusCode': 0, 'package': '@knapsack/browserslist-config_3.67.0--canary.1542.bced1ae.0', 'message': 'no deps or dev-deps'}
{'statusCode': 0, 'package': '@knapsack/browserslist-config_3.66.6--canary.1544.9b2565c.0', 'message': 'no deps or dev-deps'}
{'statusCode': 0, 'package': '@knapsack/browserslist-config_3.66.6--canary.1545.f8a06ac.0', 'message': 'no deps or dev-deps'}
{'statusCode': 0, 'package': '@knapsack/browserslist-config_3.66.6--canary.1544.52a7954.0', 'message': 'no deps or dev-deps'}
{'statusCode': 0, 'package': '@knapsack/browserslist-config_3.66.6--canary.1544.06ce205.0', 'message': 'no deps or dev-deps'}
{'statusCode': 0, 'package': '@knapsack/browserslist-config_3.67.0--canary.1546.654d040.0', 'message': 'no deps or dev-deps'}
{'statusCode': 0, 'package': '@knapsack/browserslist-config_3.66.6--canary.1545.18a39cb.0', 'message': 'no deps or dev-deps'}
{'statusCode': 0, 'package': '@knapsack/browserslist-config_3.66.6--canary.1545.3ff3ad3.0', 'message': 'no deps or dev-deps'}
{'statusCode': 0, 'package': '@knapsack/browserslist-config_3.66.6', 'message': 'no deps or dev-deps'}
{'statusCode': 0, 'package': '@knapsack/browserslist-config_3.67.0--canary.1546.4e2ece5.0', 'message': 'no deps or dev-deps'}
{'statusCode': 0, 'package': '@knapsack/browserslist-config_3.67.0--canary.1546.be6b248.0', 'message': 'no deps or dev-deps'}
{'statusCode': 0, 'package': '@knapsack/browserslist-config_3.67.0--canary.1481.e8c2845.0', 'message': 'no deps or dev-deps'}
{'statusCode': 0, 'package': '@knapsack/browserslist-config_3.67.0--canary.1481.1df391e.0', 'message': 'no deps or dev-deps'}
{'statusCode': 0, 'package': '@knapsack/browserslist-config_3.66.7--canary.1549.0c9831b.0', 'message': 'no deps or dev-deps'}
{'statusCode': 0, 'package': '@knapsack/browserslist-config_3.66.7--canary.1550.ae6cd50.0', 'message': 'no deps or dev-deps'}
{'statusCode': 0, 'package': '@knapsack/browserslist-config_3.66.7--canary.1551.ed59c65.0', 'message': 'no deps or dev-deps'}
{'statusCode': 0, 'package': '@knapsack/browserslist-config_3.66.7--canary.1551.dc6ed74.0', 'message': 'no deps or dev-deps'}
{'statusCode': 0, 'package': '@knapsack/browserslist-config_3.66.7--canary.1549.b3b191c.0', 'message': 'no deps or dev-deps'}
{'statusCode': 0, 'package': '@knapsack/browserslist-config_3.66.7--canary.1550.018958c.0', 'message': 'no deps or dev-deps'}
{'statusCode': 0, 'package': '@knapsack/browserslist-config_3.66.7--canary.9e47d94.0', 'message': 'no deps or dev-deps'}
{'statusCode': 0, 'package': '@knapsack/browserslist-config_3.66.7--canary.1555.3030101.0', 'message': 'no deps or dev-deps'}
{'statusCode': 0, 'package': '@knapsack/browserslist-config_3.66.7--canary.1553.6e65eec.0', 'message': 'no deps or dev-deps'}
{'statusCode': 0, 'package': '@knapsack/browserslist-config_3.66.7--canary.1556.ae98269.0', 'message': 'no deps or dev-deps'}
{'statusCode': 0, 'package': '@knapsack/browserslist-config_3.66.7--canary.1557.060235d.0', 'message': 'no deps or dev-deps'}
{'statusCode': 0, 'package': '@knapsack/browserslist-config_3.66.7--canary.1555.8827810.0', 'message': 'no deps or dev-deps'}
{'statusCode': 0, 'package': '@knapsack/browserslist-config_3.66.7', 'message': 'no deps or dev-deps'}
{'statusCode': 0, 'package': '@knapsack/browserslist-config_3.66.8--canary.1557.ba1f8b5.0', 'message': 'no deps or dev-deps'}
{'statusCode': 0, 'package': '@knapsack/browserslist-config_3.66.8--canary.474a2d7.0', 'message': 'no deps or dev-deps'}
{'statusCode': 0, 'package': '@knapsack/browserslist-config_3.66.8--canary.ce7386c.0', 'message': 'no deps or dev-deps'}
{'statusCode': 0, 'package': '@knapsack/browserslist-config_3.67.0--canary.1558.bac57ac.0', 'message': 'no deps or dev-deps'}
{'statusCode': 0, 'package': '@knapsack/browserslist-config_3.66.8--canary.1559.56845dc.0', 'message': 'no deps or dev-deps'}
{'statusCode': 0, 'package': '@knapsack/browserslist-config_3.67.0--canary.1559.f1f9153.0', 'message': 'no deps or dev-deps'}
{'statusCode': 0, 'package': '@knapsack/browserslist-config_3.67.0--canary.1558.2a05c53.0', 'message': 'no deps or dev-deps'}
{'statusCode': 0, 'package': '@knapsack/browserslist-config_3.66.8--canary.1560.44ee162.0', 'message': 'no deps or dev-deps'}
{'statusCode': 0, 'package': '@knapsack/browserslist-config_3.66.8--canary.1561.ea353fb.0', 'message': 'no deps or dev-deps'}
{'statusCode': 0, 'package': '@knapsack/browserslist-config_3.66.8--canary.1561.4788a61.0', 'message': 'no deps or dev-deps'}
{'statusCode': 0, 'package': '@knapsack/browserslist-config_3.67.0--canary.1558.5e2178f.0', 'message': 'no deps or dev-deps'}
{'statusCode': 0, 'package': '@knapsack/browserslist-config_3.67.0--canary.1559.e510fe3.0', 'message': 'no deps or dev-deps'}
{'statusCode': 0, 'package': '@knapsack/browserslist-config_3.67.0--canary.1481.42381ee.0', 'message': 'no deps or dev-deps'}
{'statusCode': 0, 'package': '@knapsack/browserslist-config_3.66.8--canary.1562.70b4677.0', 'message': 'no deps or dev-deps'}
{'statusCode': 0, 'package': '@knapsack/browserslist-config_3.66.8--canary.1561.bbbbbdb.0', 'message': 'no deps or dev-deps'}
{'statusCode': 0, 'package': '@knapsack/browserslist-config_3.66.8--canary.1562.b1bfaaa.0', 'message': 'no deps or dev-deps'}
{'statusCode': 0, 'package': '@knapsack/browserslist-config_3.67.0--canary.1481.d00ec4c.0', 'message': 'no deps or dev-deps'}
{'statusCode': 0, 'package': '@knapsack/browserslist-config_3.66.8--canary.1563.d4ce4f8.0', 'message': 'no deps or dev-deps'}
{'statusCode': 0, 'package': '@knapsack/browserslist-config_3.67.0--canary.1481.7b47af2.0', 'message': 'no deps or dev-deps'}
{'statusCode': 0, 'package': '@knapsack/browserslist-config_3.66.8--canary.1563.e839d37.0', 'message': 'no deps or dev-deps'}
{'statusCode': 0, 'package': '@knapsack/browserslist-config_3.67.0--canary.1481.d587b1d.0', 'message': 'no deps or dev-deps'}
{'statusCode': 0, 'package': '@knapsack/browserslist-config_3.66.8--canary.1563.a49066c.0', 'message': 'no deps or dev-deps'}
{'statusCode': 0, 'package': '@knapsack/browserslist-config_3.67.0--canary.1481.4858442.0', 'message': 'no deps or dev-deps'}
{'statusCode': 0, 'package': '@knapsack/browserslist-config_3.66.8--canary.1564.8546f45.0', 'message': 'no deps or dev-deps'}
{'statusCode': 0, 'package': '@knapsack/browserslist-config_3.67.0', 'message': 'no deps or dev-deps'}
{'statusCode': 0, 'package': '@knapsack/browserslist-config_3.67.1--canary.28be347.0', 'message': 'no deps or dev-deps'}
{'statusCode': 0, 'package': '@knapsack/browserslist-config_3.67.1--canary.1565.a7368aa.0', 'message': 'no deps or dev-deps'}
{'statusCode': 0, 'package': '@knapsack/browserslist-config_3.67.1', 'message': 'no deps or dev-deps'}
{'statusCode': 0, 'package': '@knapsack/browserslist-config_3.67.2--canary.1566.34004c9.0', 'message': 'no deps or dev-deps'}
{'statusCode': 0, 'package': '@knapsack/browserslist-config_3.67.2--canary.1567.c191f90.0', 'message': 'no deps or dev-deps'}
{'statusCode': 0, 'package': '@knapsack/browserslist-config_3.67.2', 'message': 'no deps or dev-deps'}
{'statusCode': 0, 'package': '@knapsack/browserslist-config_3.67.3--canary.1569.b5fbcf1.0', 'message': 'no deps or dev-deps'}
{'statusCode': 0, 'package': '@knapsack/browserslist-config_3.67.3--canary.1570.bfaa0e3.0', 'message': 'no deps or dev-deps'}
{'statusCode': 0, 'package': '@knapsack/browserslist-config_3.67.3--canary.1570.6c0cd03.0', 'message': 'no deps or dev-deps'}
{'statusCode': 0, 'package': '@knapsack/browserslist-config_3.67.3--canary.1571.348543a.0', 'message': 'no deps or dev-deps'}
{'statusCode': 0, 'package': '@knapsack/browserslist-config_3.67.3--canary.1572.65b135c.0', 'message': 'no deps or dev-deps'}
{'statusCode': 0, 'package': '@knapsack/browserslist-config_3.67.3--canary.0deb814.0', 'message': 'no deps or dev-deps'}
{'statusCode': 0, 'package': '@knapsack/browserslist-config_3.67.3', 'message': 'no deps or dev-deps'}
{'statusCode': 0, 'package': '@knapsack/browserslist-config_3.67.4--canary.1573.ac54f1d.0', 'message': 'no deps or dev-deps'}
{'statusCode': 0, 'package': '@knapsack/browserslist-config_3.67.4', 'message': 'no deps or dev-deps'}
{'statusCode': 0, 'package': '@knapsack/browserslist-config_3.67.5--canary.1569.4a6b8e1.0', 'message': 'no deps or dev-deps'}
{'statusCode': 0, 'package': '@knapsack/browserslist-config_3.67.5--canary.1573.ccc5bcd.0', 'message': 'no deps or dev-deps'}
{'statusCode': 0, 'package': '@knapsack/browserslist-config_3.67.5--canary.1570.fc2b3c3.0', 'message': 'no deps or dev-deps'}
{'statusCode': 0, 'package': '@knapsack/browserslist-config_3.67.5--canary.1576.9f63c8c.0', 'message': 'no deps or dev-deps'}
{'statusCode': 0, 'package': '@knapsack/browserslist-config_3.67.5--canary.1576.d9a6b92.0', 'message': 'no deps or dev-deps'}
{'statusCode': 0, 'package': '@knapsack/browserslist-config_3.67.5', 'message': 'no deps or dev-deps'}
{'statusCode': 0, 'package': '@knapsack/browserslist-config_3.67.6', 'message': 'no deps or dev-deps'}
{'statusCode': 0, 'package': '@knapsack/browserslist-config_3.68.0--canary.1578.95f9fe0.0', 'message': 'no deps or dev-deps'}
{'statusCode': 0, 'package': '@knapsack/browserslist-config_3.67.7--canary.1570.b1851d7.0', 'message': 'no deps or dev-deps'}
{'statusCode': 0, 'package': '@knapsack/browserslist-config_3.67.7--canary.1570.f45e331.0', 'message': 'no deps or dev-deps'}
{'statusCode': 0, 'package': '@knapsack/browserslist-config_3.67.7--canary.1580.19d4c06.0', 'message': 'no deps or dev-deps'}
{'statusCode': 0, 'package': '@knapsack/browserslist-config_3.67.7--canary.1581.4afed27.0', 'message': 'no deps or dev-deps'}
{'statusCode': 0, 'package': '@knapsack/browserslist-config_3.67.7--canary.1582.54912f8.0', 'message': 'no deps or dev-deps'}
{'statusCode': 0, 'package': '@knapsack/browserslist-config_3.67.7', 'message': 'no deps or dev-deps'}
{'statusCode': 0, 'package': '@knapsack/browserslist-config_3.67.8--canary.1584.5eb6ca7.0', 'message': 'no deps or dev-deps'}
{'statusCode': 0, 'package': '@knapsack/browserslist-config_3.67.8--canary.1584.a6c7f77.0', 'message': 'no deps or dev-deps'}
{'statusCode': 0, 'package': '@knapsack/browserslist-config_3.67.8--canary.1584.fd95eec.0', 'message': 'no deps or dev-deps'}
{'statusCode': 0, 'package': '@knapsack/browserslist-config_3.67.8--canary.1584.da0fbdc.0', 'message': 'no deps or dev-deps'}
{'statusCode': 0, 'package': '@knapsack/browserslist-config_3.67.8--canary.1585.2f2f467.0', 'message': 'no deps or dev-deps'}
{'statusCode': 0, 'package': '@knapsack/browserslist-config_3.67.8--canary.1586.e8e3119.0', 'message': 'no deps or dev-deps'}
{'statusCode': 0, 'package': '@knapsack/browserslist-config_3.67.8', 'message': 'no deps or dev-deps'}
{'statusCode': 0, 'package': '@knapsack/browserslist-config_3.67.9--canary.1591.cc3cf2f.0', 'message': 'no deps or dev-deps'}
{'statusCode': 0, 'package': '@knapsack/browserslist-config_3.67.9--canary.1591.9db5064.0', 'message': 'no deps or dev-deps'}
{'statusCode': 0, 'package': '@knapsack/browserslist-config_3.67.9--canary.1592.cc54182.0', 'message': 'no deps or dev-deps'}
{'statusCode': 0, 'package': '@knapsack/browserslist-config_3.67.9', 'message': 'no deps or dev-deps'}
{'statusCode': 0, 'package': '@knapsack/browserslist-config_3.67.10--canary.1586.c43164d.0', 'message': 'no deps or dev-deps'}
{'statusCode': 0, 'package': '@knapsack/browserslist-config_3.67.10--canary.1584.62282c2.0', 'message': 'no deps or dev-deps'}
{'statusCode': 0, 'package': '@knapsack/browserslist-config_3.67.10--canary.1584.bef3abc.0', 'message': 'no deps or dev-deps'}
{'statusCode': 0, 'package': '@knapsack/browserslist-config_3.67.10--canary.1584.cb7445e.0', 'message': 'no deps or dev-deps'}
{'statusCode': 0, 'package': '@knapsack/browserslist-config_3.67.10--canary.1584.81a1b28.0', 'message': 'no deps or dev-deps'}
{'statusCode': 0, 'package': '@knapsack/browserslist-config_3.67.10--canary.1569.432ae51.0', 'message': 'no deps or dev-deps'}
{'statusCode': 0, 'package': '@knapsack/browserslist-config_3.67.10--canary.1584.d3afb54.0', 'message': 'no deps or dev-deps'}
{'statusCode': 0, 'package': '@knapsack/browserslist-config_3.67.10', 'message': 'no deps or dev-deps'}
{'statusCode': 0, 'package': '@knapsack/browserslist-config_3.67.11--canary.1597.f361c0b.0', 'message': 'no deps or dev-deps'}
{'statusCode': 0, 'package': '@knapsack/browserslist-config_3.67.11', 'message': 'no deps or dev-deps'}
{'statusCode': 0, 'package': '@knapsack/browserslist-config_3.67.12', 'message': 'no deps or dev-deps'}
{'statusCode': 0, 'package': '@knapsack/browserslist-config_3.67.13--canary.1592.90af13b.0', 'message': 'no deps or dev-deps'}
{'statusCode': 0, 'package': '@knapsack/browserslist-config_3.67.13', 'message': 'no deps or dev-deps'}
{'statusCode': 0, 'package': '@knapsack/browserslist-config_3.67.14--canary.3c12efb.0', 'message': 'no deps or dev-deps'}
{'statusCode': 0, 'package': '@knapsack/browserslist-config_3.68.0--canary.1602.5ae6477.0', 'message': 'no deps or dev-deps'}
{'statusCode': 0, 'package': '@knapsack/browserslist-config_3.68.0--canary.1602.6c49c01.0', 'message': 'no deps or dev-deps'}
{'statusCode': 0, 'package': '@knapsack/browserslist-config_3.67.14--canary.1603.ab2bdfb.0', 'message': 'no deps or dev-deps'}
{'statusCode': 0, 'package': '@knapsack/browserslist-config_3.67.14--canary.1604.cb5e89c.0', 'message': 'no deps or dev-deps'}
{'statusCode': 0, 'package': '@knapsack/browserslist-config_3.67.14', 'message': 'no deps or dev-deps'}
{'statusCode': 0, 'package': '@knapsack/browserslist-config_3.67.15', 'message': 'no deps or dev-deps'}
{'statusCode': 0, 'package': '@knapsack/browserslist-config_3.67.16--canary.f9f4937.0', 'message': 'no deps or dev-deps'}
{'statusCode': 0, 'package': '@knapsack/browserslist-config_3.67.16--canary.1606.d19b653.0', 'message': 'no deps or dev-deps'}
{'statusCode': 0, 'package': '@knapsack/browserslist-config_3.67.16--canary.a361e2d.0', 'message': 'no deps or dev-deps'}
{'statusCode': 0, 'package': '@knapsack/browserslist-config_3.67.16--canary.1606.d980b9c.0', 'message': 'no deps or dev-deps'}
{'statusCode': 0, 'package': '@knapsack/browserslist-config_3.67.16--canary.1606.a4fe612.0', 'message': 'no deps or dev-deps'}
{'statusCode': 0, 'package': '@knapsack/browserslist-config_3.67.16', 'message': 'no deps or dev-deps'}
{'statusCode': 0, 'package': '@knapsack/browserslist-config_3.67.17--canary.1612.a81ad4f.0', 'message': 'no deps or dev-deps'}
{'statusCode': 0, 'package': '@knapsack/browserslist-config_3.67.17--canary.1614.ee50b61.0', 'message': 'no deps or dev-deps'}
{'statusCode': 0, 'package': '@knapsack/browserslist-config_3.67.17--canary.1612.fd1186b.0', 'message': 'no deps or dev-deps'}
{'statusCode': 0, 'package': '@knapsack/browserslist-config_3.67.17--canary.1612.3e81761.0', 'message': 'no deps or dev-deps'}
{'statusCode': 0, 'package': '@knapsack/browserslist-config_3.67.17', 'message': 'no deps or dev-deps'}
{'statusCode': 0, 'package': '@knapsack/browserslist-config_3.67.18--canary.1612.5d3be3e.0', 'message': 'no deps or dev-deps'}
{'statusCode': 0, 'package': '@knapsack/browserslist-config_3.67.18--canary.8b3bab9.0', 'message': 'no deps or dev-deps'}
{'statusCode': 0, 'package': '@knapsack/browserslist-config_3.67.18--canary.1569.558e80e.0', 'message': 'no deps or dev-deps'}
{'statusCode': 0, 'package': '@knapsack/browserslist-config_3.67.18--canary.1569.fc09a53.0', 'message': 'no deps or dev-deps'}
{'statusCode': 0, 'package': '@knapsack/browserslist-config_3.67.18--canary.1569.9ee67d8.0', 'message': 'no deps or dev-deps'}
{'statusCode': 0, 'package': '@knapsack/browserslist-config_3.68.0--canary.1578.2e1b77b.0', 'message': 'no deps or dev-deps'}
{'statusCode': 0, 'package': '@knapsack/browserslist-config_3.67.18--canary.1622.29c4ffa.0', 'message': 'no deps or dev-deps'}
{'statusCode': 0, 'package': '@knapsack/browserslist-config_3.67.18--canary.1624.2c15325.0', 'message': 'no deps or dev-deps'}
{'statusCode': 0, 'package': '@knapsack/browserslist-config_3.67.18--canary.1624.09e94f4.0', 'message': 'no deps or dev-deps'}
{'statusCode': 0, 'package': '@knapsack/browserslist-config_3.67.18--canary.1625.5415696.0', 'message': 'no deps or dev-deps'}
{'statusCode': 0, 'package': '@knapsack/browserslist-config_3.67.18', 'message': 'no deps or dev-deps'}
{'statusCode': 0, 'package': '@knapsack/browserslist-config_3.67.19', 'message': 'no deps or dev-deps'}
{'statusCode': 0, 'package': '@knapsack/browserslist-config_3.67.20--canary.1622.57b0995.0', 'message': 'no deps or dev-deps'}
{'statusCode': 0, 'package': '@knapsack/browserslist-config_3.67.20--canary.1622.fb32854.0', 'message': 'no deps or dev-deps'}
{'statusCode': 0, 'package': '@knapsack/browserslist-config_3.67.20--canary.1622.0518d43.0', 'message': 'no deps or dev-deps'}
{'statusCode': 0, 'package': '@knapsack/browserslist-config_3.67.20--canary.1628.cd28294.0', 'message': 'no deps or dev-deps'}
{'statusCode': 0, 'package': '@knapsack/browserslist-config_3.67.20--canary.1629.b46ec30.0', 'message': 'no deps or dev-deps'}
{'statusCode': 0, 'package': '@knapsack/browserslist-config_3.67.20', 'message': 'no deps or dev-deps'}
{'statusCode': 0, 'package': '@knapsack/browserslist-config_3.68.0', 'message': 'no deps or dev-deps'}
{'statusCode': 0, 'package': '@knapsack/browserslist-config_3.68.1--canary.1632.4a6cc49.0', 'message': 'no deps or dev-deps'}
{'statusCode': 0, 'package': '@knapsack/browserslist-config_3.68.1--canary.1632.4012e0f.0', 'message': 'no deps or dev-deps'}
{'statusCode': 0, 'package': '@knapsack/browserslist-config_3.68.1--canary.7c04590.0', 'message': 'no deps or dev-deps'}
{'statusCode': 0, 'package': '@knapsack/browserslist-config_3.68.1--canary.1612.ea8b7ea.0', 'message': 'no deps or dev-deps'}
{'statusCode': 0, 'package': '@knapsack/browserslist-config_3.68.1--canary.1632.8feb649.0', 'message': 'no deps or dev-deps'}
{'statusCode': 0, 'package': '@knapsack/browserslist-config_3.68.1--canary.1640.039a4c6.0', 'message': 'no deps or dev-deps'}
{'statusCode': 0, 'package': '@knapsack/browserslist-config_3.68.1--canary.1612.dbcb9fe.0', 'message': 'no deps or dev-deps'}
{'statusCode': 0, 'package': '@knapsack/browserslist-config_3.68.1--canary.1642.93de055.0', 'message': 'no deps or dev-deps'}
{'statusCode': 0, 'package': '@knapsack/browserslist-config_3.68.1--canary.1644.473166b.0', 'message': 'no deps or dev-deps'}
{'statusCode': 0, 'package': '@knapsack/browserslist-config_3.68.1--canary.1632.2c01382.0', 'message': 'no deps or dev-deps'}
{'statusCode': 0, 'package': '@knapsack/browserslist-config_3.68.1--canary.1632.e367b2c.0', 'message': 'no deps or dev-deps'}
{'statusCode': 0, 'package': '@knapsack/browserslist-config_3.68.1--canary.1646.475f9d5.0', 'message': 'no deps or dev-deps'}
{'statusCode': 0, 'package': '@knapsack/browserslist-config_3.68.1--canary.a48c9a1.0', 'message': 'no deps or dev-deps'}
{'statusCode': 0, 'package': '@knapsack/browserslist-config_3.68.1--canary.1647.da4c60f.0', 'message': 'no deps or dev-deps'}
{'statusCode': 0, 'package': '@knapsack/browserslist-config_3.68.1--canary.1632.c12972b.0', 'message': 'no deps or dev-deps'}
{'statusCode': 0, 'package': '@knapsack/browserslist-config_3.68.1--canary.1648.b41d531.0', 'message': 'no deps or dev-deps'}
{'statusCode': 0, 'package': '@knapsack/browserslist-config_3.68.1--canary.1648.337b5d9.0', 'message': 'no deps or dev-deps'}
{'statusCode': 0, 'package': '@knapsack/browserslist-config_3.68.1--canary.1648.d99c866.0', 'message': 'no deps or dev-deps'}
{'statusCode': 0, 'package': '@knapsack/browserslist-config_3.68.1', 'message': 'no deps or dev-deps'}
{'statusCode': 0, 'package': '@knapsack/browserslist-config_3.68.2--canary.1632.0ebcf0f.0', 'message': 'no deps or dev-deps'}
{'statusCode': 0, 'package': '@knapsack/browserslist-config_3.68.2--canary.1647.3b5ecc0.0', 'message': 'no deps or dev-deps'}
{'statusCode': 0, 'package': '@knapsack/browserslist-config_3.68.2--canary.1647.79ae417.0', 'message': 'no deps or dev-deps'}
{'statusCode': 0, 'package': '@knapsack/browserslist-config_3.68.2--canary.1647.684a0e0.0', 'message': 'no deps or dev-deps'}
{'statusCode': 0, 'package': '@knapsack/browserslist-config_3.68.2--canary.1650.9cb641d.0', 'message': 'no deps or dev-deps'}
{'statusCode': 0, 'package': '@knapsack/browserslist-config_3.68.2', 'message': 'no deps or dev-deps'}
{'statusCode': 0, 'package': '@knapsack/browserslist-config_3.68.2--canary.1632.d53be23.0', 'message': 'no deps or dev-deps'}
{'statusCode': 0, 'package': '@knapsack/browserslist-config_3.68.3', 'message': 'no deps or dev-deps'}
{'statusCode': 0, 'package': '@knapsack/browserslist-config_3.68.4', 'message': 'no deps or dev-deps'}
{'statusCode': 0, 'package': '@knapsack/browserslist-config_3.68.5--canary.1643.ca1afbf.0', 'message': 'no deps or dev-deps'}
{'statusCode': 0, 'package': '@knapsack/browserslist-config_3.68.5--canary.1647.0f9db8e.0', 'message': 'no deps or dev-deps'}
{'statusCode': 0, 'package': '@knapsack/browserslist-config_3.68.5', 'message': 'no deps or dev-deps'}
{'statusCode': 0, 'package': '@knapsack/browserslist-config_3.68.6--canary.1647.03d7244.0', 'message': 'no deps or dev-deps'}
{'statusCode': 0, 'package': '@knapsack/browserslist-config_3.68.6--canary.1647.8ef9dcb.0', 'message': 'no deps or dev-deps'}
{'statusCode': 0, 'package': '@knapsack/browserslist-config_3.68.6--canary.1647.ea73f6c.0', 'message': 'no deps or dev-deps'}
{'statusCode': 0, 'package': '@knapsack/browserslist-config_3.68.6--canary.1647.b1b01df.0', 'message': 'no deps or dev-deps'}
{'statusCode': 0, 'package': '@knapsack/browserslist-config_3.68.6--canary.1647.d9a2e8f.0', 'message': 'no deps or dev-deps'}
{'statusCode': 0, 'package': '@knapsack/browserslist-config_3.69.0--canary.1656.c569edd.0', 'message': 'no deps or dev-deps'}
{'statusCode': 0, 'package': '@knapsack/browserslist-config_3.68.6--canary.1612.006bb50.0', 'message': 'no deps or dev-deps'}
{'statusCode': 0, 'package': '@knapsack/browserslist-config_3.69.0--canary.1647.e06ddcb.0', 'message': 'no deps or dev-deps'}
{'statusCode': 0, 'package': '@knapsack/browserslist-config_3.69.0', 'message': 'no deps or dev-deps'}
{'statusCode': 0, 'package': '@knapsack/browserslist-config_3.70.0', 'message': 'no deps or dev-deps'}
{'statusCode': 0, 'package': '@knapsack/browserslist-config_3.70.1--canary.1660.50a0d88.0', 'message': 'no deps or dev-deps'}
{'statusCode': 0, 'package': '@knapsack/browserslist-config_3.70.1', 'message': 'no deps or dev-deps'}
{'statusCode': 0, 'package': '@knapsack/browserslist-config_3.70.1--canary.1661.e366b6e.0', 'message': 'no deps or dev-deps'}
{'statusCode': 0, 'package': '@knapsack/browserslist-config_3.70.2', 'message': 'no deps or dev-deps'}
{'statusCode': 0, 'package': '@knapsack/browserslist-config_3.70.3--canary.1664.50358e4.0', 'message': 'no deps or dev-deps'}
{'statusCode': 0, 'package': '@knapsack/browserslist-config_3.70.3--canary.1665.3e69ab3.0', 'message': 'no deps or dev-deps'}
{'statusCode': 0, 'package': '@knapsack/browserslist-config_3.70.3--canary.1666.7a72b21.0', 'message': 'no deps or dev-deps'}
{'statusCode': 0, 'package': '@knapsack/browserslist-config_3.70.3--canary.1667.7a5ef27.0', 'message': 'no deps or dev-deps'}
{'statusCode': 0, 'package': '@knapsack/browserslist-config_3.70.3--canary.1664.cd09035.0', 'message': 'no deps or dev-deps'}
{'statusCode': 0, 'package': '@knapsack/browserslist-config_3.70.3--canary.1667.805a7d7.0', 'message': 'no deps or dev-deps'}
{'statusCode': 0, 'package': '@knapsack/browserslist-config_3.70.3--canary.1665.28bfc30.0', 'message': 'no deps or dev-deps'}
{'statusCode': 0, 'package': '@knapsack/browserslist-config_3.70.3', 'message': 'no deps or dev-deps'}
{'statusCode': 0, 'package': '@knapsack/browserslist-config_3.70.4', 'message': 'no deps or dev-deps'}
{'statusCode': 0, 'package': '@knapsack/browserslist-config_3.70.5', 'message': 'no deps or dev-deps'}
{'statusCode': 0, 'package': '@knapsack/browserslist-config_3.70.6--canary.1674.f6b8b6f.0', 'message': 'no deps or dev-deps'}
{'statusCode': 0, 'package': '@knapsack/browserslist-config_3.70.6--canary.1675.9033f01.0', 'message': 'no deps or dev-deps'}
{'statusCode': 0, 'package': '@knapsack/browserslist-config_3.70.6--canary.1676.076a44e.0', 'message': 'no deps or dev-deps'}
{'statusCode': 0, 'package': '@knapsack/browserslist-config_3.70.6', 'message': 'no deps or dev-deps'}
{'statusCode': 0, 'package': '@knapsack/browserslist-config_3.70.7--canary.1681.8869427.0', 'message': 'no deps or dev-deps'}
{'statusCode': 0, 'package': '@knapsack/browserslist-config_3.70.7--canary.1681.64f29a4.0', 'message': 'no deps or dev-deps'}
{'statusCode': 0, 'package': '@knapsack/browserslist-config_3.70.7--canary.1684.f71602c.0', 'message': 'no deps or dev-deps'}
{'statusCode': 0, 'package': '@knapsack/browserslist-config_3.70.7--canary.1685.36271be.0', 'message': 'no deps or dev-deps'}
{'statusCode': 0, 'package': '@knapsack/browserslist-config_3.70.7--canary.1684.db5ea38.0', 'message': 'no deps or dev-deps'}
{'statusCode': 0, 'package': '@knapsack/browserslist-config_3.70.7', 'message': 'no deps or dev-deps'}
{'statusCode': 0, 'package': '@knapsack/browserslist-config_3.70.8--canary.f3d19d9.0', 'message': 'no deps or dev-deps'}
{'statusCode': 0, 'package': '@knapsack/browserslist-config_3.70.8--canary.f566014.0', 'message': 'no deps or dev-deps'}
{'statusCode': 0, 'package': '@knapsack/browserslist-config_3.70.8--canary.5dd0da2.0', 'message': 'no deps or dev-deps'}
{'statusCode': 0, 'package': '@knapsack/browserslist-config_3.71.0', 'message': 'no deps or dev-deps'}
{'statusCode': 0, 'package': '@knapsack/browserslist-config_3.71.1--canary.3a88c41.0', 'message': 'no deps or dev-deps'}
{'statusCode': 0, 'package': '@knapsack/browserslist-config_3.71.1--canary.ddea2a9.0', 'message': 'no deps or dev-deps'}
{'statusCode': 0, 'package': '@knapsack/browserslist-config_3.71.1--canary.7521944.0', 'message': 'no deps or dev-deps'}
{'statusCode': 0, 'package': '@knapsack/browserslist-config_3.71.1--canary.1699.8822d08.0', 'message': 'no deps or dev-deps'}
{'statusCode': 0, 'package': '@knapsack/browserslist-config_3.72.0--canary.1700.059b91d.0', 'message': 'no deps or dev-deps'}
{'statusCode': 0, 'package': '@knapsack/browserslist-config_3.72.0--canary.1693.13e30bb.0', 'message': 'no deps or dev-deps'}
{'statusCode': 0, 'package': '@knapsack/browserslist-config_3.72.0--canary.1700.f6d00bc.0', 'message': 'no deps or dev-deps'}
{'statusCode': 0, 'package': '@knapsack/browserslist-config_3.72.0--canary.1693.0bd8da4.0', 'message': 'no deps or dev-deps'}
{'statusCode': 0, 'package': '@knapsack/browserslist-config_3.72.0--canary.1700.08eb1bc.0', 'message': 'no deps or dev-deps'}
{'statusCode': 0, 'package': '@knapsack/browserslist-config_3.71.1--canary.9064600.0', 'message': 'no deps or dev-deps'}
{'statusCode': 0, 'package': '@knapsack/browserslist-config_3.71.1--canary.1709.76d261b.0', 'message': 'no deps or dev-deps'}
{'statusCode': 0, 'package': '@knapsack/browserslist-config_3.71.1--canary.1709.c60e40c.0', 'message': 'no deps or dev-deps'}
{'statusCode': 0, 'package': '@knapsack/browserslist-config_3.71.1--canary.1717.abf83fb.0', 'message': 'no deps or dev-deps'}
{'statusCode': 0, 'package': '@knapsack/browserslist-config_3.71.1--canary.d9a3f10.0', 'message': 'no deps or dev-deps'}
{'statusCode': 0, 'package': '@knapsack/browserslist-config_3.71.1--canary.1725.db90196.0', 'message': 'no deps or dev-deps'}
{'statusCode': 0, 'package': '@knapsack/browserslist-config_3.71.1', 'message': 'no deps or dev-deps'}
{'statusCode': 0, 'package': '@knapsack/browserslist-config_3.72.0--canary.1716.bfc8748.0', 'message': 'no deps or dev-deps'}
{'statusCode': 0, 'package': '@knapsack/browserslist-config_3.72.0', 'message': 'no deps or dev-deps'}
{'statusCode': 0, 'package': '@knapsack/browserslist-config_3.72.1--canary.97f2ab1.0', 'message': 'no deps or dev-deps'}
{'statusCode': 0, 'package': '@knapsack/browserslist-config_3.72.1--canary.1730.0eb8401.0', 'message': 'no deps or dev-deps'}
{'statusCode': 0, 'package': '@knapsack/browserslist-config_3.73.0--canary.1731.e04c4bf.0', 'message': 'no deps or dev-deps'}
{'statusCode': 0, 'package': '@knapsack/browserslist-config_3.72.1', 'message': 'no deps or dev-deps'}
{'statusCode': 0, 'package': '@knapsack/browserslist-config_3.72.2--canary.45f6948.0', 'message': 'no deps or dev-deps'}
{'statusCode': 0, 'package': '@knapsack/browserslist-config_3.73.0', 'message': 'no deps or dev-deps'}
{'statusCode': 0, 'package': '@knapsack/browserslist-config_3.74.0--canary.1735.6c4debf.0', 'message': 'no deps or dev-deps'}
{'statusCode': 0, 'package': '@knapsack/browserslist-config_3.74.0--canary.1735.d3a7363.0', 'message': 'no deps or dev-deps'}
{'statusCode': 0, 'package': '@knapsack/browserslist-config_3.73.1--canary.1730.beb1d29.0', 'message': 'no deps or dev-deps'}
{'statusCode': 0, 'package': '@knapsack/browserslist-config_3.74.0--canary.1735.9b83740.0', 'message': 'no deps or dev-deps'}
{'statusCode': 0, 'package': '@knapsack/browserslist-config_3.74.0--canary.1735.5785816.0', 'message': 'no deps or dev-deps'}
{'statusCode': 0, 'package': '@knapsack/browserslist-config_3.74.0', 'message': 'no deps or dev-deps'}
{'statusCode': 0, 'package': '@knapsack/browserslist-config_3.74.1--canary.1739.2146d80.0', 'message': 'no deps or dev-deps'}
{'statusCode': 0, 'package': '@knapsack/browserslist-config_3.74.1', 'message': 'no deps or dev-deps'}
{'statusCode': 0, 'package': '@knapsack/browserslist-config_3.74.2--canary.1747.9a81e65.0', 'message': 'no deps or dev-deps'}
{'statusCode': 0, 'package': '@knapsack/browserslist-config_3.75.0--canary.1734.c6e7322.0', 'message': 'no deps or dev-deps'}
{'statusCode': 0, 'package': '@knapsack/browserslist-config_3.74.2--canary.1751.86299b6.0', 'message': 'no deps or dev-deps'}
{'statusCode': 0, 'package': '@knapsack/browserslist-config_3.74.2--canary.1751.d2e49ef.0', 'message': 'no deps or dev-deps'}
{'statusCode': 0, 'package': '@knapsack/browserslist-config_3.74.2--canary.1751.feab486.0', 'message': 'no deps or dev-deps'}
{'statusCode': 0, 'package': '@knapsack/browserslist-config_3.74.2--canary.1751.e8b0cfe.0', 'message': 'no deps or dev-deps'}
{'statusCode': 0, 'package': '@knapsack/browserslist-config_3.74.2--canary.1751.cac49f5.0', 'message': 'no deps or dev-deps'}
{'statusCode': 0, 'package': '@knapsack/browserslist-config_3.75.0--canary.1731.3268cf5.0', 'message': 'no deps or dev-deps'}
{'statusCode': 0, 'package': '@knapsack/browserslist-config_3.74.2', 'message': 'no deps or dev-deps'}
{'statusCode': 0, 'package': '@knapsack/browserslist-config_3.74.3--canary.1757.c5aa42d.0', 'message': 'no deps or dev-deps'}
{'statusCode': 0, 'package': '@knapsack/browserslist-config_3.74.3--canary.1755.d48ff5e.0', 'message': 'no deps or dev-deps'}
{'statusCode': 0, 'package': '@knapsack/browserslist-config_3.75.0--canary.1731.1c2779f.0', 'message': 'no deps or dev-deps'}
{'statusCode': 0, 'package': '@knapsack/browserslist-config_3.74.3', 'message': 'no deps or dev-deps'}
{'statusCode': 0, 'package': '@knapsack/browserslist-config_3.74.4--canary.1760.7fc7363.0', 'message': 'no deps or dev-deps'}
{'statusCode': 0, 'package': '@knapsack/browserslist-config_3.74.4--canary.5ccfa25.0', 'message': 'no deps or dev-deps'}
{'statusCode': 0, 'package': '@knapsack/browserslist-config_3.74.4--canary.1763.4fb57e9.0', 'message': 'no deps or dev-deps'}
{'statusCode': 0, 'package': '@knapsack/browserslist-config_3.74.4', 'message': 'no deps or dev-deps'}
{'statusCode': 0, 'package': '@knapsack/browserslist-config_3.74.5--canary.1764.9fbc49f.0', 'message': 'no deps or dev-deps'}
{'statusCode': 0, 'package': '@knapsack/browserslist-config_3.74.5--canary.1766.3532f8b.0', 'message': 'no deps or dev-deps'}
{'statusCode': 0, 'package': '@knapsack/browserslist-config_3.74.5--canary.1768.d244601.0', 'message': 'no deps or dev-deps'}
{'statusCode': 0, 'package': '@knapsack/browserslist-config_3.74.5', 'message': 'no deps or dev-deps'}
{'statusCode': 0, 'package': '@knapsack/browserslist-config_3.74.5--canary.711dcc3.0', 'message': 'no deps or dev-deps'}
{'statusCode': 0, 'package': '@knapsack/browserslist-config_3.74.6--canary.1770.f331bd1.0', 'message': 'no deps or dev-deps'}
{'statusCode': 0, 'package': '@knapsack/browserslist-config_3.74.6--canary.1772.7180ff2.0', 'message': 'no deps or dev-deps'}
{'statusCode': 0, 'package': '@knapsack/browserslist-config_3.74.6--canary.1772.7180ff2.1', 'message': 'no deps or dev-deps'}
{'statusCode': 0, 'package': '@knapsack/browserslist-config_3.74.6--canary.1770.4ec65b3.0', 'message': 'no deps or dev-deps'}
{'statusCode': 0, 'package': '@knapsack/browserslist-config_3.74.6--canary.1768.78b73ce.0', 'message': 'no deps or dev-deps'}
{'statusCode': 0, 'package': '@knapsack/browserslist-config_3.74.6--canary.1772.fe03f88.0', 'message': 'no deps or dev-deps'}
{'statusCode': 0, 'package': '@knapsack/browserslist-config_3.74.6--canary.1775.1a7cdc7.0', 'message': 'no deps or dev-deps'}
{'statusCode': 0, 'package': '@knapsack/browserslist-config_3.75.0--canary.1734.c245031.0', 'message': 'no deps or dev-deps'}
{'statusCode': 0, 'package': '@knapsack/browserslist-config_3.74.6--canary.1768.072630d.0', 'message': 'no deps or dev-deps'}
{'statusCode': 0, 'package': '@knapsack/browserslist-config_3.75.0--canary.1731.ed72151.0', 'message': 'no deps or dev-deps'}
{'statusCode': 0, 'package': '@knapsack/browserslist-config_3.75.0--canary.1731.b1912f9.0', 'message': 'no deps or dev-deps'}
{'statusCode': 0, 'package': '@knapsack/browserslist-config_3.74.6--canary.1778.b9056f0.0', 'message': 'no deps or dev-deps'}
{'statusCode': 0, 'package': '@knapsack/browserslist-config_3.75.0--canary.1731.8ed1707.0', 'message': 'no deps or dev-deps'}
{'statusCode': 0, 'package': '@knapsack/browserslist-config_3.75.0--canary.1731.ce5f39d.0', 'message': 'no deps or dev-deps'}
{'statusCode': 0, 'package': '@knapsack/browserslist-config_3.74.6', 'message': 'no deps or dev-deps'}
{'statusCode': 0, 'package': '@knapsack/browserslist-config_3.75.0--canary.1731.8ea99a4.0', 'message': 'no deps or dev-deps'}
{'statusCode': 0, 'package': '@knapsack/browserslist-config_3.74.7', 'message': 'no deps or dev-deps'}
{'statusCode': 0, 'package': '@knapsack/browserslist-config_3.75.0--canary.1731.151a1d9.0', 'message': 'no deps or dev-deps'}
{'statusCode': 0, 'package': '@knapsack/browserslist-config_3.75.0--canary.1731.598cf3d.0', 'message': 'no deps or dev-deps'}
{'statusCode': 0, 'package': '@knapsack/browserslist-config_3.75.0--canary.1784.d87c164.0', 'message': 'no deps or dev-deps'}
{'statusCode': 0, 'package': '@knapsack/browserslist-config_3.75.0', 'message': 'no deps or dev-deps'}
{'statusCode': 0, 'package': '@knapsack/browserslist-config_3.76.0--canary.1731.330ef75.0', 'message': 'no deps or dev-deps'}
{'statusCode': 0, 'package': '@knapsack/browserslist-config_3.76.0--canary.1731.b018fa4.0', 'message': 'no deps or dev-deps'}
{'statusCode': 0, 'package': '@knapsack/browserslist-config_3.75.1--canary.1787.e4af52c.0', 'message': 'no deps or dev-deps'}
{'statusCode': 0, 'package': '@knapsack/browserslist-config_3.75.1--canary.1787.b93e56d.0', 'message': 'no deps or dev-deps'}
{'statusCode': 0, 'package': '@knapsack/browserslist-config_3.76.0--canary.1731.4fd67f9.0', 'message': 'no deps or dev-deps'}
{'statusCode': 0, 'package': '@knapsack/browserslist-config_3.76.0--canary.1731.0f8a8dc.0', 'message': 'no deps or dev-deps'}
{'statusCode': 0, 'package': '@knapsack/browserslist-config_3.76.0--canary.1731.a02f70d.0', 'message': 'no deps or dev-deps'}
{'statusCode': 0, 'package': '@knapsack/browserslist-config_3.76.0--canary.1731.4844179.0', 'message': 'no deps or dev-deps'}
{'statusCode': 0, 'package': '@knapsack/browserslist-config_3.75.1', 'message': 'no deps or dev-deps'}
{'statusCode': 0, 'package': '@knapsack/browserslist-config_3.75.2', 'message': 'no deps or dev-deps'}
{'statusCode': 0, 'package': '@knapsack/browserslist-config_3.75.3--canary.1790.a945e91.0', 'message': 'no deps or dev-deps'}
{'statusCode': 0, 'package': '@knapsack/browserslist-config_3.75.3--canary.1791.33e3398.0', 'message': 'no deps or dev-deps'}
{'statusCode': 0, 'package': '@knapsack/browserslist-config_3.75.3--canary.882d073.0', 'message': 'no deps or dev-deps'}
{'statusCode': 0, 'package': '@knapsack/browserslist-config_3.75.3', 'message': 'no deps or dev-deps'}
{'statusCode': 0, 'package': '@knapsack/browserslist-config_3.75.4--canary.1795.87692a4.0', 'message': 'no deps or dev-deps'}
{'statusCode': 0, 'package': '@knapsack/browserslist-config_3.75.4--canary.1795.be31a74.0', 'message': 'no deps or dev-deps'}
{'statusCode': 0, 'package': '@knapsack/browserslist-config_3.75.4--canary.1792.085b840.0', 'message': 'no deps or dev-deps'}
{'statusCode': 0, 'package': '@knapsack/browserslist-config_3.75.4--canary.1797.240561a.0', 'message': 'no deps or dev-deps'}
{'statusCode': 0, 'package': '@knapsack/browserslist-config_3.75.4--canary.1797.16ad5eb.0', 'message': 'no deps or dev-deps'}
{'statusCode': 0, 'package': '@knapsack/browserslist-config_3.75.4--canary.1795.c2aa788.0', 'message': 'no deps or dev-deps'}
{'statusCode': 0, 'package': '@knapsack/browserslist-config_3.75.4--canary.1778.8fa7441.0', 'message': 'no deps or dev-deps'}
{'statusCode': 0, 'package': '@knapsack/browserslist-config_3.75.4--canary.1795.f63e357.0', 'message': 'no deps or dev-deps'}
{'statusCode': 0, 'package': '@knapsack/browserslist-config_3.75.4--canary.a435905.0', 'message': 'no deps or dev-deps'}
{'statusCode': 0, 'package': '@knapsack/browserslist-config_3.75.4--canary.7a1457e.0', 'message': 'no deps or dev-deps'}
{'statusCode': 0, 'package': '@knapsack/browserslist-config_3.75.4--canary.1795.3856bf4.0', 'message': 'no deps or dev-deps'}
{'statusCode': 0, 'package': '@knapsack/browserslist-config_3.75.4--canary.1795.a7dc656.0', 'message': 'no deps or dev-deps'}
{'statusCode': 0, 'package': '@knapsack/browserslist-config_3.75.4', 'message': 'no deps or dev-deps'}
{'statusCode': 0, 'package': '@knapsack/browserslist-config_3.75.5--canary.1792.b82e29b.0', 'message': 'no deps or dev-deps'}
{'statusCode': 0, 'package': '@knapsack/browserslist-config_3.75.5--canary.a206d16.0', 'message': 'no deps or dev-deps'}
{'statusCode': 0, 'package': '@knapsack/browserslist-config_3.75.5--canary.1803.580f49e.0', 'message': 'no deps or dev-deps'}
{'statusCode': 0, 'package': '@knapsack/browserslist-config_3.75.5--canary.1795.62919f3.0', 'message': 'no deps or dev-deps'}
{'statusCode': 0, 'package': '@knapsack/browserslist-config_3.75.5--canary.1806.c2e3be9.0', 'message': 'no deps or dev-deps'}
{'statusCode': 0, 'package': '@knapsack/browserslist-config_3.75.5', 'message': 'no deps or dev-deps'}
{'statusCode': 0, 'package': '@knapsack/browserslist-config_3.76.0--canary.1731.0be6b92.0', 'message': 'no deps or dev-deps'}
{'statusCode': 0, 'package': '@knapsack/browserslist-config_3.76.0--canary.1731.2b9e027.0', 'message': 'no deps or dev-deps'}
{'statusCode': 0, 'package': '@knapsack/browserslist-config_3.75.6--canary.1807.d72a02c.0', 'message': 'no deps or dev-deps'}
{'statusCode': 0, 'package': '@knapsack/browserslist-config_3.75.6', 'message': 'no deps or dev-deps'}
{'statusCode': 0, 'package': '@knapsack/browserslist-config_3.75.7--canary.1808.93ad695.0', 'message': 'no deps or dev-deps'}
{'statusCode': 0, 'package': '@knapsack/browserslist-config_3.75.7', 'message': 'no deps or dev-deps'}
{'statusCode': 0, 'package': '@knapsack/browserslist-config_3.76.0--canary.1731.e98d596.0', 'message': 'no deps or dev-deps'}
{'statusCode': 0, 'package': '@knapsack/browserslist-config_3.75.8--canary.1809.47a9ad9.0', 'message': 'no deps or dev-deps'}
{'statusCode': 0, 'package': '@knapsack/browserslist-config_3.75.8', 'message': 'no deps or dev-deps'}
{'statusCode': 0, 'package': '@knapsack/browserslist-config_3.75.8--canary.1810.71f008c.0', 'message': 'no deps or dev-deps'}
{'statusCode': 0, 'package': '@knapsack/browserslist-config_3.75.8--canary.1812.11a1a64.0', 'message': 'no deps or dev-deps'}
{'statusCode': 0, 'package': '@knapsack/browserslist-config_3.75.9', 'message': 'no deps or dev-deps'}
{'statusCode': 0, 'package': '@knapsack/browserslist-config_3.75.10', 'message': 'no deps or dev-deps'}
{'statusCode': 0, 'package': '@knapsack/browserslist-config_3.75.11--canary.1818.3643ef9.0', 'message': 'no deps or dev-deps'}
{'statusCode': 0, 'package': '@knapsack/browserslist-config_3.75.11--canary.1821.cf301d4.0', 'message': 'no deps or dev-deps'}
{'statusCode': 0, 'package': '@knapsack/browserslist-config_3.75.11--canary.1821.08140e9.0', 'message': 'no deps or dev-deps'}
{'statusCode': 0, 'package': '@knapsack/browserslist-config_3.75.11--canary.1821.71099c1.0', 'message': 'no deps or dev-deps'}
{'statusCode': 0, 'package': '@knapsack/browserslist-config_3.75.11--canary.1823.845be00.0', 'message': 'no deps or dev-deps'}
{'statusCode': 0, 'package': '@knapsack/browserslist-config_3.76.0--canary.1822.ab5df1e.0', 'message': 'no deps or dev-deps'}
{'statusCode': 0, 'package': '@knapsack/browserslist-config_3.76.0--canary.1822.4320d09.0', 'message': 'no deps or dev-deps'}
{'statusCode': 0, 'package': '@knapsack/browserslist-config_3.75.11', 'message': 'no deps or dev-deps'}
{'statusCode': 0, 'package': '@knapsack/browserslist-config_3.75.12--canary.1824.b86eeb5.0', 'message': 'no deps or dev-deps'}
{'statusCode': 0, 'package': '@knapsack/browserslist-config_3.75.12--canary.1824.beddc3b.0', 'message': 'no deps or dev-deps'}
{'statusCode': 0, 'package': '@knapsack/browserslist-config_3.75.12--canary.1824.97bca09.0', 'message': 'no deps or dev-deps'}
{'statusCode': 0, 'package': '@knapsack/browserslist-config_3.75.12', 'message': 'no deps or dev-deps'}
{'statusCode': 0, 'package': '@knapsack/browserslist-config_3.75.13--canary.1825.347a8f6.0', 'message': 'no deps or dev-deps'}
{'statusCode': 0, 'package': '@knapsack/browserslist-config_3.75.13--canary.1825.50a2eef.0', 'message': 'no deps or dev-deps'}
{'statusCode': 0, 'package': '@knapsack/browserslist-config_3.75.13--canary.1827.2a03dce.0', 'message': 'no deps or dev-deps'}
{'statusCode': 0, 'package': '@knapsack/browserslist-config_3.76.0--canary.1828.e5642ae.0', 'message': 'no deps or dev-deps'}
{'statusCode': 0, 'package': '@knapsack/browserslist-config_3.76.0--canary.1828.2451e0b.0', 'message': 'no deps or dev-deps'}
{'statusCode': 0, 'package': '@knapsack/browserslist-config_3.76.0--canary.1828.5f75b7a.0', 'message': 'no deps or dev-deps'}
{'statusCode': 0, 'package': '@knapsack/browserslist-config_3.76.0--canary.1828.44ef239.0', 'message': 'no deps or dev-deps'}
{'statusCode': 0, 'package': '@knapsack/browserslist-config_3.75.13--canary.57e4940.0', 'message': 'no deps or dev-deps'}
{'statusCode': 0, 'package': '@knapsack/browserslist-config_3.75.13--canary.1c5d549.0', 'message': 'no deps or dev-deps'}
{'statusCode': 0, 'package': '@knapsack/browserslist-config_3.76.0--canary.1822.bf73c71.0', 'message': 'no deps or dev-deps'}
{'statusCode': 0, 'package': '@knapsack/browserslist-config_3.75.13--canary.1830.9192bc7.0', 'message': 'no deps or dev-deps'}
{'statusCode': 0, 'package': '@knapsack/browserslist-config_3.76.0--canary.1828.ac0280a.0', 'message': 'no deps or dev-deps'}
{'statusCode': 0, 'package': '@knapsack/browserslist-config_3.76.0--canary.1828.80f2920.0', 'message': 'no deps or dev-deps'}
{'statusCode': 0, 'package': '@knapsack/browserslist-config_3.76.0--canary.1731.0800afc.0', 'message': 'no deps or dev-deps'}
{'statusCode': 0, 'package': '@knapsack/browserslist-config_3.76.0', 'message': 'no deps or dev-deps'}
{'statusCode': 0, 'package': '@knapsack/browserslist-config_3.76.1', 'message': 'no deps or dev-deps'}
{'statusCode': 0, 'package': '@knapsack/browserslist-config_3.77.0--canary.1731.71978f5.0', 'message': 'no deps or dev-deps'}
{'statusCode': 0, 'package': '@knapsack/browserslist-config_3.77.0--canary.1731.1df67e4.0', 'message': 'no deps or dev-deps'}
{'statusCode': 0, 'package': '@knapsack/browserslist-config_3.77.0--canary.1731.86e1917.0', 'message': 'no deps or dev-deps'}
{'statusCode': 0, 'package': '@knapsack/browserslist-config_3.77.0--canary.1731.86e1917.1', 'message': 'no deps or dev-deps'}
{'statusCode': 0, 'package': '@knapsack/browserslist-config_3.77.0--canary.1828.e8754fc.0', 'message': 'no deps or dev-deps'}
{'statusCode': 0, 'package': '@knapsack/browserslist-config_3.77.0', 'message': 'no deps or dev-deps'}
{'statusCode': 0, 'package': '@knapsack/browserslist-config_3.76.2--canary.1832.a101aa2.0', 'message': 'no deps or dev-deps'}
{'statusCode': 0, 'package': '@knapsack/browserslist-config_3.77.1', 'message': 'no deps or dev-deps'}
{'statusCode': 0, 'package': '@knapsack/browserslist-config_3.78.0--canary.1828.dd93ce9.0', 'message': 'no deps or dev-deps'}
{'statusCode': 0, 'package': '@knapsack/browserslist-config_3.78.0', 'message': 'no deps or dev-deps'}
{'statusCode': 0, 'package': '@knapsack/browserslist-config_3.78.1--canary.1823.b90f3bb.0', 'message': 'no deps or dev-deps'}
{'statusCode': 0, 'package': '@knapsack/browserslist-config_3.78.1--canary.1827.a282173.0', 'message': 'no deps or dev-deps'}
{'statusCode': 0, 'package': '@knapsack/browserslist-config_3.78.1--canary.1836.caa8315.0', 'message': 'no deps or dev-deps'}
{'statusCode': 0, 'package': '@knapsack/browserslist-config_3.78.1--canary.1836.e48af61.0', 'message': 'no deps or dev-deps'}
{'statusCode': 0, 'package': '@knapsack/browserslist-config_3.78.1--canary.1836.558558d.0', 'message': 'no deps or dev-deps'}
{'statusCode': 0, 'package': '@knapsack/browserslist-config_3.78.1--canary.1836.53b6b86.0', 'message': 'no deps or dev-deps'}
{'statusCode': 0, 'package': '@knapsack/browserslist-config_3.78.1--canary.1810.7990a3b.0', 'message': 'no deps or dev-deps'}
{'statusCode': 0, 'package': '@knapsack/browserslist-config_3.78.1--canary.1838.0f7d621.0', 'message': 'no deps or dev-deps'}
{'statusCode': 0, 'package': '@knapsack/browserslist-config_3.78.1--canary.1818.ef102c9.0', 'message': 'no deps or dev-deps'}
{'statusCode': 0, 'package': '@knapsack/browserslist-config_3.78.1', 'message': 'no deps or dev-deps'}
{'statusCode': 0, 'package': '@knapsack/browserslist-config_3.78.2--canary.1830.02f96be.0', 'message': 'no deps or dev-deps'}
{'statusCode': 0, 'package': '@knapsack/browserslist-config_3.78.2--canary.1836.dc538b0.0', 'message': 'no deps or dev-deps'}
{'statusCode': 0, 'package': '@knapsack/browserslist-config_3.78.2--canary.1830.e68686f.0', 'message': 'no deps or dev-deps'}
{'statusCode': 0, 'package': '@knapsack/browserslist-config_3.78.2--canary.1830.89404aa.0', 'message': 'no deps or dev-deps'}
{'statusCode': 0, 'package': '@knapsack/browserslist-config_3.78.2', 'message': 'no deps or dev-deps'}
{'statusCode': 0, 'package': '@knapsack/browserslist-config_3.78.3--canary.1839.a35edf6.0', 'message': 'no deps or dev-deps'}
{'statusCode': 0, 'package': '@knapsack/browserslist-config_3.78.3--canary.1827.42bdedc.0', 'message': 'no deps or dev-deps'}
{'statusCode': 0, 'package': '@knapsack/browserslist-config_3.78.3', 'message': 'no deps or dev-deps'}
{'statusCode': 0, 'package': '@knapsack/browserslist-config_3.78.4--canary.1827.3ff9323.0', 'message': 'no deps or dev-deps'}
{'statusCode': 0, 'package': '@knapsack/browserslist-config_3.78.4--canary.1823.685b6c0.0', 'message': 'no deps or dev-deps'}
{'statusCode': 0, 'package': '@knapsack/browserslist-config_3.78.4--canary.1823.11e2ba3.0', 'message': 'no deps or dev-deps'}
{'statusCode': 0, 'package': '@knapsack/browserslist-config_3.78.4--canary.1840.664c892.0', 'message': 'no deps or dev-deps'}
{'statusCode': 0, 'package': '@knapsack/browserslist-config_3.78.4--canary.1827.013fecc.0', 'message': 'no deps or dev-deps'}
{'statusCode': 0, 'package': '@knapsack/browserslist-config_3.78.4--canary.1841.c2c8359.0', 'message': 'no deps or dev-deps'}
{'statusCode': 0, 'package': '@knapsack/browserslist-config_3.78.4', 'message': 'no deps or dev-deps'}
{'statusCode': 0, 'package': '@knapsack/browserslist-config_3.78.5--canary.1830.1629e10.0', 'message': 'no deps or dev-deps'}
{'statusCode': 0, 'package': '@knapsack/browserslist-config_3.79.0--canary.1836.a21b59d.0', 'message': 'no deps or dev-deps'}
{'statusCode': 0, 'package': '@knapsack/browserslist-config_3.78.5--canary.1827.6cf9f88.0', 'message': 'no deps or dev-deps'}
{'statusCode': 0, 'package': '@knapsack/browserslist-config_3.78.5--canary.1827.984644d.0', 'message': 'no deps or dev-deps'}
{'statusCode': 0, 'package': '@knapsack/browserslist-config_3.79.0--canary.1836.8f67f01.0', 'message': 'no deps or dev-deps'}
{'statusCode': 0, 'package': '@knapsack/browserslist-config_3.78.5--canary.1842.5d87fdb.0', 'message': 'no deps or dev-deps'}
{'statusCode': 0, 'package': '@knapsack/browserslist-config_3.78.5--canary.1842.81672fa.0', 'message': 'no deps or dev-deps'}
{'statusCode': 0, 'package': '@knapsack/browserslist-config_3.78.5--canary.1843.479f386.0', 'message': 'no deps or dev-deps'}
{'statusCode': 0, 'package': '@knapsack/browserslist-config_3.79.0--canary.1845.53bc5ad.0', 'message': 'no deps or dev-deps'}
{'statusCode': 0, 'package': '@knapsack/browserslist-config_3.78.5--canary.1846.f3c910a.0', 'message': 'no deps or dev-deps'}
{'statusCode': 0, 'package': '@knapsack/browserslist-config_3.78.5', 'message': 'no deps or dev-deps'}
{'statusCode': 0, 'package': '@knapsack/browserslist-config_3.79.0--canary.1836.f5652ce.0', 'message': 'no deps or dev-deps'}
{'statusCode': 0, 'package': '@knapsack/browserslist-config_3.78.6--canary.1847.4d2377c.0', 'message': 'no deps or dev-deps'}
{'statusCode': 0, 'package': '@knapsack/browserslist-config_3.78.6--canary.1848.ac2487c.0', 'message': 'no deps or dev-deps'}
{'statusCode': 0, 'package': '@knapsack/browserslist-config_3.78.6--canary.1849.ff8dd21.0', 'message': 'no deps or dev-deps'}
{'statusCode': 0, 'package': '@knapsack/browserslist-config_3.78.6--canary.1850.2c618db.0', 'message': 'no deps or dev-deps'}
{'statusCode': 0, 'package': '@knapsack/browserslist-config_3.78.6', 'message': 'no deps or dev-deps'}
{'statusCode': 0, 'package': '@knapsack/browserslist-config_3.78.7--canary.1827.5401d59.0', 'message': 'no deps or dev-deps'}
{'statusCode': 0, 'package': '@knapsack/browserslist-config_3.78.7--canary.1851.05f9856.0', 'message': 'no deps or dev-deps'}
{'statusCode': 0, 'package': '@knapsack/browserslist-config_3.78.7--canary.1851.05f9856.1', 'message': 'no deps or dev-deps'}
{'statusCode': 0, 'package': '@knapsack/browserslist-config_3.78.7--canary.1832.a101aa2.0', 'message': 'no deps or dev-deps'}
{'statusCode': 0, 'package': '@knapsack/browserslist-config_3.78.7--canary.1852.23ccd8a.0', 'message': 'no deps or dev-deps'}
{'statusCode': 0, 'package': '@knapsack/browserslist-config_3.78.7--canary.655885f.0', 'message': 'no deps or dev-deps'}
{'statusCode': 0, 'package': '@knapsack/browserslist-config_3.78.7--canary.1827.29500b2.0', 'message': 'no deps or dev-deps'}
{'statusCode': 0, 'package': '@knapsack/browserslist-config_3.78.7', 'message': 'no deps or dev-deps'}
{'statusCode': 0, 'package': '@knapsack/browserslist-config_3.78.8--canary.1855.4b191f8.0', 'message': 'no deps or dev-deps'}
{'statusCode': 0, 'package': '@knapsack/browserslist-config_3.78.8', 'message': 'no deps or dev-deps'}
{'statusCode': 0, 'package': '@knapsack/browserslist-config_3.78.9--canary.1830.4159566.0', 'message': 'no deps or dev-deps'}
{'statusCode': 0, 'package': '@knapsack/browserslist-config_3.78.9--canary.1823.a9db726.0', 'message': 'no deps or dev-deps'}
{'statusCode': 0, 'package': '@knapsack/browserslist-config_3.78.9--canary.1823.b4e2154.0', 'message': 'no deps or dev-deps'}
{'statusCode': 0, 'package': '@knapsack/browserslist-config_3.78.9--canary.1823.d1659af.0', 'message': 'no deps or dev-deps'}
{'statusCode': 0, 'package': '@knapsack/browserslist-config_3.78.9', 'message': 'no deps or dev-deps'}
{'statusCode': 0, 'package': '@knapsack/browserslist-config_3.78.10--canary.1858.9934c0b.0', 'message': 'no deps or dev-deps'}
{'statusCode': 0, 'package': '@knapsack/browserslist-config_3.78.10--canary.1859.85c14a1.0', 'message': 'no deps or dev-deps'}
{'statusCode': 0, 'package': '@knapsack/browserslist-config_3.78.10--canary.1823.320d6e7.0', 'message': 'no deps or dev-deps'}
{'statusCode': 0, 'package': '@knapsack/browserslist-config_3.78.10', 'message': 'no deps or dev-deps'}
{'statusCode': 0, 'package': '@knapsack/browserslist-config_3.78.11--canary.1861.a35927b.0', 'message': 'no deps or dev-deps'}
{'statusCode': 0, 'package': '@knapsack/browserslist-config_3.78.11--canary.1861.6603d8a.0', 'message': 'no deps or dev-deps'}
{'statusCode': 0, 'package': '@knapsack/browserslist-config_3.78.11', 'message': 'no deps or dev-deps'}
{'statusCode': 0, 'package': '@knapsack/browserslist-config_3.78.12--canary.1830.5382359.0', 'message': 'no deps or dev-deps'}
{'statusCode': 0, 'package': '@knapsack/browserslist-config_3.78.12', 'message': 'no deps or dev-deps'}
{'statusCode': 0, 'package': '@knapsack/browserslist-config_3.78.13', 'message': 'no deps or dev-deps'}
{'statusCode': 0, 'package': '@knapsack/browserslist-config_3.78.14--canary.1806.d450569.0', 'message': 'no deps or dev-deps'}
{'statusCode': 0, 'package': '@knapsack/browserslist-config_3.78.14', 'message': 'no deps or dev-deps'}
{'statusCode': 0, 'package': '@knapsack/browserslist-config_3.79.0--canary.1845.f8521c7.0', 'message': 'no deps or dev-deps'}
{'statusCode': 0, 'package': '@knapsack/browserslist-config_3.79.0--canary.1845.0d9e011.0', 'message': 'no deps or dev-deps'}
{'statusCode': 0, 'package': '@knapsack/browserslist-config_3.78.15--canary.1864.a9227df.0', 'message': 'no deps or dev-deps'}
{'statusCode': 0, 'package': '@knapsack/browserslist-config_3.78.15--canary.1864.d888e88.0', 'message': 'no deps or dev-deps'}
{'statusCode': 0, 'package': '@knapsack/browserslist-config_3.78.15--canary.1864.d888e88.1', 'message': 'no deps or dev-deps'}
{'statusCode': 0, 'package': '@knapsack/browserslist-config_3.79.0', 'message': 'no deps or dev-deps'}
{'statusCode': 0, 'package': '@knapsack/browserslist-config_3.79.1', 'message': 'no deps or dev-deps'}
{'statusCode': 0, 'package': '@knapsack/browserslist-config_3.79.2', 'message': 'no deps or dev-deps'}
{'statusCode': 0, 'package': '@knapsack/browserslist-config_3.79.2--canary.1865.d122a5e.0', 'message': 'no deps or dev-deps'}
{'statusCode': 0, 'package': '@knapsack/browserslist-config_3.79.3', 'message': 'no deps or dev-deps'}
{'statusCode': 0, 'package': '@knapsack/browserslist-config_3.79.4--canary.49643cd.0', 'message': 'no deps or dev-deps'}
{'statusCode': 0, 'package': '@knapsack/browserslist-config_3.79.4--canary.1866.26fed33.0', 'message': 'no deps or dev-deps'}
{'statusCode': 0, 'package': '@knapsack/browserslist-config_3.79.4--canary.1864.7020516.0', 'message': 'no deps or dev-deps'}
{'statusCode': 0, 'package': '@knapsack/browserslist-config_3.79.4--canary.1864.54667e4.0', 'message': 'no deps or dev-deps'}
{'statusCode': 0, 'package': '@knapsack/browserslist-config_3.79.4', 'message': 'no deps or dev-deps'}
{'statusCode': 0, 'package': '@knapsack/browserslist-config_3.79.5--canary.1866.a1da921.0', 'message': 'no deps or dev-deps'}
{'statusCode': 0, 'package': '@knapsack/browserslist-config_3.79.5--canary.1866.c231ff8.0', 'message': 'no deps or dev-deps'}
{'statusCode': 0, 'package': '@knapsack/browserslist-config_3.79.5--canary.1866.82f11d9.0', 'message': 'no deps or dev-deps'}
{'statusCode': 0, 'package': '@knapsack/browserslist-config_3.79.5--canary.1867.6d8c6c2.0', 'message': 'no deps or dev-deps'}
{'statusCode': 0, 'package': '@knapsack/browserslist-config_3.79.5--canary.1809.5896aa2.0', 'message': 'no deps or dev-deps'}
{'statusCode': 0, 'package': '@knapsack/browserslist-config_3.79.5--canary.1809.ded97a1.0', 'message': 'no deps or dev-deps'}
{'statusCode': 0, 'package': '@knapsack/browserslist-config_3.79.5--canary.1868.dda85ee.0', 'message': 'no deps or dev-deps'}
{'statusCode': 0, 'package': '@knapsack/browserslist-config_3.80.0--canary.1734.d94170b.0', 'message': 'no deps or dev-deps'}
{'statusCode': 0, 'package': '@knapsack/browserslist-config_3.79.5', 'message': 'no deps or dev-deps'}
{'statusCode': 0, 'package': '@knapsack/browserslist-config_3.79.6--canary.1868.1a2ed90.0', 'message': 'no deps or dev-deps'}
{'statusCode': 0, 'package': '@knapsack/browserslist-config_3.79.6--canary.1869.e8630d2.0', 'message': 'no deps or dev-deps'}
{'statusCode': 0, 'package': '@knapsack/browserslist-config_3.79.6--canary.1868.7a27cfe.0', 'message': 'no deps or dev-deps'}
{'statusCode': 0, 'package': '@knapsack/browserslist-config_3.79.6--canary.1870.8bdf56b.0', 'message': 'no deps or dev-deps'}
{'statusCode': 0, 'package': '@knapsack/browserslist-config_3.79.6--canary.1872.50c73cd.0', 'message': 'no deps or dev-deps'}
{'statusCode': 0, 'package': '@knapsack/browserslist-config_3.80.0', 'message': 'no deps or dev-deps'}
{'statusCode': 0, 'package': '@knapsack/browserslist-config_3.80.1--canary.1873.3d7d3e9.0', 'message': 'no deps or dev-deps'}
{'statusCode': 0, 'package': '@knapsack/browserslist-config_3.80.1', 'message': 'no deps or dev-deps'}
{'statusCode': 0, 'package': '@knapsack/browserslist-config_3.80.2--canary.1874.d0f1f77.0', 'message': 'no deps or dev-deps'}
{'statusCode': 0, 'package': '@knapsack/browserslist-config_3.80.2--canary.1875.85eb278.0', 'message': 'no deps or dev-deps'}
{'statusCode': 0, 'package': '@knapsack/browserslist-config_3.80.2--canary.1875.7c9703a.0', 'message': 'no deps or dev-deps'}
{'statusCode': 0, 'package': '@knapsack/browserslist-config_3.80.2--canary.1876.9be829e.0', 'message': 'no deps or dev-deps'}
{'statusCode': 0, 'package': '@knapsack/browserslist-config_3.80.2--canary.1877.5d587f3.0', 'message': 'no deps or dev-deps'}
{'statusCode': 0, 'package': '@knapsack/browserslist-config_3.80.2--canary.a5c87e9.0', 'message': 'no deps or dev-deps'}
{'statusCode': 0, 'package': '@knapsack/browserslist-config_3.80.2--canary.1873.33e98da.0', 'message': 'no deps or dev-deps'}
{'statusCode': 0, 'package': '@knapsack/browserslist-config_3.80.2--canary.1873.3f4a8c2.0', 'message': 'no deps or dev-deps'}
{'statusCode': 0, 'package': '@knapsack/browserslist-config_3.80.2--canary.1873.47c6ceb.0', 'message': 'no deps or dev-deps'}
{'statusCode': 0, 'package': '@knapsack/browserslist-config_3.80.2--canary.1873.90b7d85.0', 'message': 'no deps or dev-deps'}
{'statusCode': 0, 'package': '@knapsack/browserslist-config_3.81.0--canary.1880.62ce2af.0', 'message': 'no deps or dev-deps'}
{'statusCode': 0, 'package': '@knapsack/browserslist-config_3.80.2--canary.3f004fb.0', 'message': 'no deps or dev-deps'}
{'statusCode': 0, 'package': '@knapsack/browserslist-config_3.80.2', 'message': 'no deps or dev-deps'}
{'statusCode': 0, 'package': '@knapsack/browserslist-config_3.81.0--canary.1880.d975d24.0', 'message': 'no deps or dev-deps'}
{'statusCode': 0, 'package': '@knapsack/browserslist-config_3.80.3--canary.9b6392c.0', 'message': 'no deps or dev-deps'}
{'statusCode': 0, 'package': '@knapsack/browserslist-config_3.80.3', 'message': 'no deps or dev-deps'}
{'statusCode': 0, 'package': '@knapsack/browserslist-config_3.80.4--canary.1867.8b2d1d6.0', 'message': 'no deps or dev-deps'}
{'statusCode': 0, 'package': '@knapsack/browserslist-config_3.80.4--canary.1883.a1cfc15.0', 'message': 'no deps or dev-deps'}
{'statusCode': 0, 'package': '@knapsack/browserslist-config_3.80.4--canary.1883.25d3e09.0', 'message': 'no deps or dev-deps'}
{'statusCode': 0, 'package': '@knapsack/browserslist-config_3.80.4', 'message': 'no deps or dev-deps'}
{'statusCode': 0, 'package': '@knapsack/browserslist-config_3.81.0--canary.1734.87e2d1c.0', 'message': 'no deps or dev-deps'}
{'statusCode': 0, 'package': '@knapsack/browserslist-config_3.81.0--canary.1734.b5522ce.0', 'message': 'no deps or dev-deps'}
{'statusCode': 0, 'package': '@knapsack/browserslist-config_3.81.0--canary.1734.3f914c2.0', 'message': 'no deps or dev-deps'}
{'statusCode': 0, 'package': '@knapsack/browserslist-config_3.80.5', 'message': 'no deps or dev-deps'}
{'statusCode': 0, 'package': '@knapsack/browserslist-config_3.81.0--canary.1734.bd9d1d0.0', 'message': 'no deps or dev-deps'}
{'statusCode': 0, 'package': '@knapsack/browserslist-config_3.81.0--canary.1734.8e89a3c.0', 'message': 'no deps or dev-deps'}
{'statusCode': 0, 'package': '@knapsack/browserslist-config_3.80.6--canary.1884.a11b0f1.0', 'message': 'no deps or dev-deps'}
{'statusCode': 0, 'package': '@knapsack/browserslist-config_3.81.0--canary.1734.73ac9c1.0', 'message': 'no deps or dev-deps'}
{'statusCode': 0, 'package': '@knapsack/browserslist-config_3.81.0--canary.1734.a3e6b2d.0', 'message': 'no deps or dev-deps'}
{'statusCode': 0, 'package': '@knapsack/browserslist-config_3.81.0--canary.1734.eff8f9f.0', 'message': 'no deps or dev-deps'}
{'statusCode': 0, 'package': '@knapsack/browserslist-config_3.81.0--canary.1734.3c93179.0', 'message': 'no deps or dev-deps'}
{'statusCode': 0, 'package': '@knapsack/browserslist-config_3.80.6--canary.1886.7724131.0', 'message': 'no deps or dev-deps'}
{'statusCode': 0, 'package': '@knapsack/browserslist-config_3.81.0--canary.1734.41b2aa4.0', 'message': 'no deps or dev-deps'}
{'statusCode': 0, 'package': '@knapsack/browserslist-config_3.81.0--canary.1734.721eb0c.0', 'message': 'no deps or dev-deps'}
{'statusCode': 0, 'package': '@knapsack/browserslist-config_3.81.0--canary.1880.ab94b13.0', 'message': 'no deps or dev-deps'}
{'statusCode': 0, 'package': '@knapsack/browserslist-config_3.81.0--canary.1880.684f5ec.0', 'message': 'no deps or dev-deps'}
{'statusCode': 0, 'package': '@knapsack/browserslist-config_3.81.0--canary.1734.a009b0b.0', 'message': 'no deps or dev-deps'}
{'statusCode': 0, 'package': '@knapsack/browserslist-config_3.81.0--canary.1880.3feb286.0', 'message': 'no deps or dev-deps'}
{'statusCode': 0, 'package': '@knapsack/browserslist-config_3.80.6--canary.9c545e8.0', 'message': 'no deps or dev-deps'}
{'statusCode': 0, 'package': '@knapsack/browserslist-config_3.80.6--canary.d749137.0', 'message': 'no deps or dev-deps'}
{'statusCode': 0, 'package': '@knapsack/browserslist-config_3.81.0--canary.1888.d80149d.0', 'message': 'no deps or dev-deps'}
{'statusCode': 0, 'package': '@knapsack/browserslist-config_3.80.6--canary.1867.21a41ec.0', 'message': 'no deps or dev-deps'}
{'statusCode': 0, 'package': '@knapsack/browserslist-config_3.81.0--canary.1880.5288ae1.0', 'message': 'no deps or dev-deps'}
{'statusCode': 0, 'package': '@knapsack/browserslist-config_3.81.0--canary.1880.806688f.0', 'message': 'no deps or dev-deps'}
{'statusCode': 0, 'package': '@knapsack/browserslist-config_3.81.0--canary.1880.317c1ae.0', 'message': 'no deps or dev-deps'}
{'statusCode': 0, 'package': '@knapsack/browserslist-config_3.80.6', 'message': 'no deps or dev-deps'}
{'statusCode': 0, 'package': '@knapsack/browserslist-config_3.80.7--canary.1880.394c5a9.0', 'message': 'no deps or dev-deps'}
{'statusCode': 0, 'package': '@knapsack/browserslist-config_3.80.7--canary.1880.9471058.0', 'message': 'no deps or dev-deps'}
{'statusCode': 0, 'package': '@knapsack/browserslist-config_3.80.7--canary.1890.1ba2afe.0', 'message': 'no deps or dev-deps'}
{'statusCode': 0, 'package': '@knapsack/browserslist-config_3.80.7--canary.1884.401fd0d.0', 'message': 'no deps or dev-deps'}
{'statusCode': 0, 'package': '@knapsack/browserslist-config_3.80.7--canary.1884.f6deb88.0', 'message': 'no deps or dev-deps'}
{'statusCode': 0, 'package': '@knapsack/browserslist-config_3.80.7', 'message': 'no deps or dev-deps'}
{'statusCode': 0, 'package': '@knapsack/browserslist-config_3.80.8--canary.1884.c2c4737.0', 'message': 'no deps or dev-deps'}
{'statusCode': 0, 'package': '@knapsack/browserslist-config_3.80.8--canary.1884.b9cadb4.0', 'message': 'no deps or dev-deps'}
{'statusCode': 0, 'package': '@knapsack/browserslist-config_3.80.8--canary.1884.34ab3db.0', 'message': 'no deps or dev-deps'}
{'statusCode': 0, 'package': '@knapsack/browserslist-config_3.80.8', 'message': 'no deps or dev-deps'}
{'statusCode': 0, 'package': '@knapsack/browserslist-config_3.81.0--canary.1888.422345c.0', 'message': 'no deps or dev-deps'}
{'statusCode': 0, 'package': '@knapsack/browserslist-config_3.81.0--canary.1888.4d831e0.0', 'message': 'no deps or dev-deps'}
{'statusCode': 0, 'package': '@knapsack/browserslist-config_3.80.9--canary.1892.da7500c.0', 'message': 'no deps or dev-deps'}
{'statusCode': 0, 'package': '@knapsack/browserslist-config_3.81.0--canary.1888.760e723.0', 'message': 'no deps or dev-deps'}
{'statusCode': 0, 'package': '@knapsack/browserslist-config_3.80.9--canary.1884.740ece5.0', 'message': 'no deps or dev-deps'}
{'statusCode': 0, 'package': '@knapsack/browserslist-config_3.80.9--canary.1884.72dbf79.0', 'message': 'no deps or dev-deps'}
{'statusCode': 0, 'package': '@knapsack/browserslist-config_3.80.9--canary.1884.d83ec0d.0', 'message': 'no deps or dev-deps'}
{'statusCode': 0, 'package': '@knapsack/browserslist-config_3.80.9--canary.1893.e279d57.0', 'message': 'no deps or dev-deps'}
{'statusCode': 0, 'package': '@knapsack/browserslist-config_3.80.9--canary.1893.94bf936.0', 'message': 'no deps or dev-deps'}
{'statusCode': 0, 'package': '@knapsack/browserslist-config_3.80.9--canary.1894.140ea03.0', 'message': 'no deps or dev-deps'}
{'statusCode': 0, 'package': '@knapsack/browserslist-config_3.80.9--canary.1809.337b211.0', 'message': 'no deps or dev-deps'}
{'statusCode': 0, 'package': '@knapsack/browserslist-config_3.80.9', 'message': 'no deps or dev-deps'}
{'statusCode': 0, 'package': '@knapsack/browserslist-config_3.80.10--canary.1809.e5b80fa.0', 'message': 'no deps or dev-deps'}
{'statusCode': 0, 'package': '@knapsack/browserslist-config_3.80.10--canary.1809.141d561.0', 'message': 'no deps or dev-deps'}
{'statusCode': 0, 'package': '@knapsack/browserslist-config_3.81.0--canary.1898.c9bbd8b.0', 'message': 'no deps or dev-deps'}
{'statusCode': 0, 'package': '@knapsack/browserslist-config_3.80.10--canary.1892.d8711af.0', 'message': 'no deps or dev-deps'}
{'statusCode': 0, 'package': '@knapsack/browserslist-config_3.80.10', 'message': 'no deps or dev-deps'}
{'statusCode': 0, 'package': '@knapsack/browserslist-config_3.80.11--canary.1899.91831a8.0', 'message': 'no deps or dev-deps'}
{'statusCode': 0, 'package': '@knapsack/browserslist-config_3.80.11--canary.1896.e28dcb6.0', 'message': 'no deps or dev-deps'}
{'statusCode': 0, 'package': '@knapsack/browserslist-config_3.80.11', 'message': 'no deps or dev-deps'}
{'statusCode': 0, 'package': '@knapsack/browserslist-config_3.80.12--canary.1893.4196ab0.0', 'message': 'no deps or dev-deps'}
{'statusCode': 0, 'package': '@knapsack/browserslist-config_3.81.0--canary.1888.15d7151.0', 'message': 'no deps or dev-deps'}
{'statusCode': 0, 'package': '@knapsack/browserslist-config_3.81.0--canary.1888.616d627.0', 'message': 'no deps or dev-deps'}
{'statusCode': 0, 'package': '@knapsack/browserslist-config_3.81.0--canary.1888.b8e8c02.0', 'message': 'no deps or dev-deps'}
{'statusCode': 0, 'package': '@knapsack/browserslist-config_3.80.12--canary.1896.da038e8.0', 'message': 'no deps or dev-deps'}
{'statusCode': 0, 'package': '@knapsack/browserslist-config_3.81.0--canary.1888.381ddc5.0', 'message': 'no deps or dev-deps'}
{'statusCode': 0, 'package': '@knapsack/browserslist-config_3.80.12--canary.1896.0709d58.0', 'message': 'no deps or dev-deps'}
{'statusCode': 0, 'package': '@knapsack/browserslist-config_3.81.0--canary.1888.92cd6d6.0', 'message': 'no deps or dev-deps'}
{'statusCode': 0, 'package': '@knapsack/browserslist-config_3.81.0--canary.1888.d5d6185.0', 'message': 'no deps or dev-deps'}
{'statusCode': 0, 'package': '@knapsack/browserslist-config_3.81.0--canary.1888.e6646b4.0', 'message': 'no deps or dev-deps'}
{'statusCode': 0, 'package': '@knapsack/browserslist-config_3.81.0--canary.1888.700d535.0', 'message': 'no deps or dev-deps'}
{'statusCode': 0, 'package': '@knapsack/browserslist-config_3.80.12--canary.1893.9048e4a.0', 'message': 'no deps or dev-deps'}
{'statusCode': 0, 'package': '@knapsack/browserslist-config_3.80.12--canary.1893.c34aea7.0', 'message': 'no deps or dev-deps'}
{'statusCode': 0, 'package': '@knapsack/browserslist-config_3.81.0--canary.1888.fced140.0', 'message': 'no deps or dev-deps'}
{'statusCode': 0, 'package': '@knapsack/browserslist-config_3.81.0', 'message': 'no deps or dev-deps'}
{'statusCode': 0, 'package': '@knapsack/browserslist-config_3.81.1', 'message': 'no deps or dev-deps'}
{'statusCode': 0, 'package': '@knapsack/browserslist-config_3.81.2--canary.1905.d029729.0', 'message': 'no deps or dev-deps'}
{'statusCode': 0, 'package': '@knapsack/browserslist-config_3.81.2--canary.1906.c5f0de9.0', 'message': 'no deps or dev-deps'}
{'statusCode': 0, 'package': '@knapsack/browserslist-config_3.81.2--canary.1911.350774d.0', 'message': 'no deps or dev-deps'}
{'statusCode': 0, 'package': '@knapsack/browserslist-config_3.81.2--canary.1911.586d599.0', 'message': 'no deps or dev-deps'}
{'statusCode': 0, 'package': '@knapsack/browserslist-config_3.81.2--canary.1912.d43013a.0', 'message': 'no deps or dev-deps'}
{'statusCode': 0, 'package': '@knapsack/browserslist-config_3.82.0--canary.1898.24cbe67.0', 'message': 'no deps or dev-deps'}
{'statusCode': 0, 'package': '@knapsack/browserslist-config_3.81.2--canary.1905.a770f64.0', 'message': 'no deps or dev-deps'}
{'statusCode': 0, 'package': '@knapsack/browserslist-config_3.81.2--canary.3f7234b.0', 'message': 'no deps or dev-deps'}
{'statusCode': 0, 'package': '@knapsack/browserslist-config_3.81.2--canary.1915.4b8eea0.0', 'message': 'no deps or dev-deps'}
{'statusCode': 0, 'package': '@knapsack/browserslist-config_3.82.0--canary.1914.1b4925e.0', 'message': 'no deps or dev-deps'}
{'statusCode': 0, 'package': '@knapsack/browserslist-config_3.81.2--canary.1911.0af8cf7.0', 'message': 'no deps or dev-deps'}
{'statusCode': 0, 'package': '@knapsack/browserslist-config_3.82.0--canary.1914.d0a0ed6.0', 'message': 'no deps or dev-deps'}
{'statusCode': 0, 'package': '@knapsack/browserslist-config_3.81.2', 'message': 'no deps or dev-deps'}
{'statusCode': 0, 'package': '@knapsack/browserslist-config_3.82.0--canary.1914.d0a0ed6.1', 'message': 'no deps or dev-deps'}
{'statusCode': 0, 'package': '@knapsack/browserslist-config_3.81.3--canary.1911.7bd82e0.0', 'message': 'no deps or dev-deps'}
{'statusCode': 0, 'package': '@knapsack/browserslist-config_3.81.3--canary.1916.e795870.0', 'message': 'no deps or dev-deps'}
{'statusCode': 0, 'package': '@knapsack/browserslist-config_3.82.0--canary.1914.28e55e6.0', 'message': 'no deps or dev-deps'}
{'statusCode': 0, 'package': '@knapsack/browserslist-config_3.81.3--canary.1917.f46d131.0', 'message': 'no deps or dev-deps'}
{'statusCode': 0, 'package': '@knapsack/browserslist-config_3.81.3--canary.1916.393ced9.0', 'message': 'no deps or dev-deps'}
{'statusCode': 0, 'package': '@knapsack/browserslist-config_3.81.3', 'message': 'no deps or dev-deps'}
{'statusCode': 0, 'package': '@knapsack/browserslist-config_3.81.4--canary.1912.da4434d.0', 'message': 'no deps or dev-deps'}
{'statusCode': 0, 'package': '@knapsack/browserslist-config_3.81.4--canary.1912.26cf1fa.0', 'message': 'no deps or dev-deps'}
{'statusCode': 0, 'package': '@knapsack/browserslist-config_3.81.4--canary.1911.1fdfdae.0', 'message': 'no deps or dev-deps'}
{'statusCode': 0, 'package': '@knapsack/browserslist-config_3.81.4--canary.1911.4756e14.0', 'message': 'no deps or dev-deps'}
{'statusCode': 0, 'package': '@knapsack/browserslist-config_3.82.0--canary.1898.e0eff45.0', 'message': 'no deps or dev-deps'}
{'statusCode': 0, 'package': '@knapsack/browserslist-config_3.82.0--canary.1914.ae3e6e6.0', 'message': 'no deps or dev-deps'}
{'statusCode': 0, 'package': '@knapsack/browserslist-config_3.82.0--canary.1914.b784bb6.0', 'message': 'no deps or dev-deps'}
{'statusCode': 0, 'package': '@knapsack/browserslist-config_3.82.0--canary.1914.aba881e.0', 'message': 'no deps or dev-deps'}
{'statusCode': 0, 'package': '@knapsack/browserslist-config_3.82.0', 'message': 'no deps or dev-deps'}
{'statusCode': 0, 'package': '@knapsack/browserslist-config_3.82.1--canary.1918.b37111d.0', 'message': 'no deps or dev-deps'}
{'statusCode': 0, 'package': '@knapsack/browserslist-config_3.82.1--canary.1919.a705c86.0', 'message': 'no deps or dev-deps'}
{'statusCode': 0, 'package': '@knapsack/browserslist-config_3.82.1--canary.1911.65aeca6.0', 'message': 'no deps or dev-deps'}
{'statusCode': 0, 'package': '@knapsack/browserslist-config_3.82.1--canary.1921.4508bae.0', 'message': 'no deps or dev-deps'}
{'statusCode': 0, 'package': '@knapsack/browserslist-config_3.82.1--canary.1924.8511ba7.0', 'message': 'no deps or dev-deps'}
{'statusCode': 0, 'package': '@knapsack/browserslist-config_3.82.1--canary.1925.09f1d39.0', 'message': 'no deps or dev-deps'}
{'statusCode': 0, 'package': '@knapsack/browserslist-config_3.82.1', 'message': 'no deps or dev-deps'}
{'statusCode': 0, 'package': '@knapsack/browserslist-config_3.82.2--canary.1926.41d7e98.0', 'message': 'no deps or dev-deps'}
{'statusCode': 0, 'package': '@knapsack/browserslist-config_3.82.2', 'message': 'no deps or dev-deps'}
{'statusCode': 0, 'package': '@knapsack/browserslist-config_3.82.2--canary.1926.856b0ac.0', 'message': 'no deps or dev-deps'}
{'statusCode': 0, 'package': '@knapsack/browserslist-config_3.82.3--canary.1927.3655c8c.0', 'message': 'no deps or dev-deps'}
{'statusCode': 0, 'package': '@knapsack/browserslist-config_3.82.3--canary.1927.f6e6666.0', 'message': 'no deps or dev-deps'}
{'statusCode': 0, 'package': '@knapsack/browserslist-config_3.83.0--canary.1898.13ae4d2.0', 'message': 'no deps or dev-deps'}
{'statusCode': 0, 'package': '@knapsack/browserslist-config_3.82.3', 'message': 'no deps or dev-deps'}
{'statusCode': 0, 'package': '@knapsack/browserslist-config_3.82.3--canary.1906.403e087.0', 'message': 'no deps or dev-deps'}
{'statusCode': 0, 'package': '@knapsack/browserslist-config_3.82.4', 'message': 'no deps or dev-deps'}
{'statusCode': 0, 'package': '@knapsack/browserslist-config_3.82.5--canary.1926.47470ae.0', 'message': 'no deps or dev-deps'}
{'statusCode': 0, 'package': '@knapsack/browserslist-config_3.82.5--canary.1931.1dee463.0', 'message': 'no deps or dev-deps'}
{'statusCode': 404, 'package': '@linkexchange/add-link', 'message': 'HTTPError'}
{'statusCode': 404, 'package': '@linkexchange/add-link', 'message': 'HTTPError'}
{'statusCode': 404, 'package': '@linkexchange/add-link', 'message': 'HTTPError'}
{'statusCode': 404, 'package': '@linkexchange/add-link', 'message': 'HTTPError'}
{'statusCode': 404, 'package': '@linkexchange/add-link', 'message': 'HTTPError'}
{'statusCode': 404, 'package': '@linkexchange/add-link', 'message': 'HTTPError'}
{'statusCode': 404, 'package': '@linkexchange/add-link', 'message': 'HTTPError'}
{'statusCode': 404, 'package': '@linkexchange/add-link', 'message': 'HTTPError'}
{'statusCode': 404, 'package': '@linkexchange/add-link', 'message': 'HTTPError'}
{'statusCode': 404, 'package': '@linkexchange/add-link', 'message': 'HTTPError'}
{'statusCode': 404, 'package': '@linkexchange/add-link', 'message': 'HTTPError'}
{'statusCode': 404, 'package': '@linkexchange/add-link', 'message': 'HTTPError'}
{'statusCode': 404, 'package': '@linkexchange/add-link', 'message': 'HTTPError'}
{'statusCode': 404, 'package': '@linkexchange/add-link', 'message': 'HTTPError'}
{'statusCode': 404, 'package': '@linkexchange/add-link', 'message': 'HTTPError'}
{'statusCode': 404, 'package': '@linkexchange/add-link', 'message': 'HTTPError'}
{'statusCode': 404, 'package': '@linkexchange/add-link', 'message': 'HTTPError'}
{'statusCode': 404, 'package': '@linkexchange/add-link', 'message': 'HTTPError'}
{'statusCode': 404, 'package': '@linkexchange/add-link', 'message': 'HTTPError'}
{'statusCode': 404, 'package': '@linkexchange/add-link', 'message': 'HTTPError'}
{'statusCode': 404, 'package': '@linkexchange/add-link', 'message': 'HTTPError'}
{'statusCode': 404, 'package': '@linkexchange/add-link', 'message': 'HTTPError'}
{'statusCode': 404, 'package': '@linkexchange/add-link', 'message': 'HTTPError'}
{'statusCode': 404, 'package': '@linkexchange/add-link', 'message': 'HTTPError'}
{'statusCode': 404, 'package': '@linkexchange/add-link', 'message': 'HTTPError'}
{'statusCode': 404, 'package': '@linkexchange/add-link', 'message': 'HTTPError'}
{'statusCode': 404, 'package': '@linkexchange/add-link', 'message': 'HTTPError'}
{'statusCode': 404, 'package': '@linkexchange/add-link', 'message': 'HTTPError'}
{'statusCode': 404, 'package': '@linkexchange/add-link', 'message': 'HTTPError'}
{'statusCode': 404, 'package': '@linkexchange/add-link', 'message': 'HTTPError'}
{'statusCode': 404, 'package': '@linkexchange/add-link', 'message': 'HTTPError'}
{'statusCode': 404, 'package': '@linkexchange/add-link', 'message': 'HTTPError'}
{'statusCode': 404, 'package': '@linkexchange/add-link', 'message': 'HTTPError'}
{'statusCode': 404, 'package': '@linkexchange/add-link', 'message': 'HTTPError'}
{'statusCode': 404, 'package': '@linkexchange/add-link', 'message': 'HTTPError'}
{'statusCode': 404, 'package': '@linkexchange/add-link', 'message': 'HTTPError'}
{'statusCode': 404, 'package': '@linkexchange/add-link', 'message': 'HTTPError'}
{'statusCode': 404, 'package': '@linkexchange/add-link', 'message': 'HTTPError'}
{'statusCode': 404, 'package': '@linkexchange/components', 'message': 'HTTPError'}
{'statusCode': 404, 'package': '@linkexchange/components', 'message': 'HTTPError'}
{'statusCode': 404, 'package': '@linkexchange/components', 'message': 'HTTPError'}
{'statusCode': 404, 'package': '@linkexchange/components', 'message': 'HTTPError'}
{'statusCode': 404, 'package': '@linkexchange/components', 'message': 'HTTPError'}
{'statusCode': 404, 'package': '@linkexchange/components', 'message': 'HTTPError'}
{'statusCode': 404, 'package': '@linkexchange/components', 'message': 'HTTPError'}
{'statusCode': 404, 'package': '@linkexchange/components', 'message': 'HTTPError'}
{'statusCode': 404, 'package': '@linkexchange/components', 'message': 'HTTPError'}
{'statusCode': 404, 'package': '@linkexchange/components', 'message': 'HTTPError'}
{'statusCode': 404, 'package': '@linkexchange/components', 'message': 'HTTPError'}
{'statusCode': 404, 'package': '@linkexchange/components', 'message': 'HTTPError'}
{'statusCode': 404, 'package': '@linkexchange/components', 'message': 'HTTPError'}
{'statusCode': 404, 'package': '@linkexchange/components', 'message': 'HTTPError'}
{'statusCode': 404, 'package': '@linkexchange/components', 'message': 'HTTPError'}
{'statusCode': 404, 'package': '@linkexchange/components', 'message': 'HTTPError'}
{'statusCode': 404, 'package': '@linkexchange/components', 'message': 'HTTPError'}
{'statusCode': 404, 'package': '@linkexchange/components', 'message': 'HTTPError'}
{'statusCode': 404, 'package': '@linkexchange/components', 'message': 'HTTPError'}
{'statusCode': 404, 'package': '@linkexchange/components', 'message': 'HTTPError'}
{'statusCode': 404, 'package': '@linkexchange/components', 'message': 'HTTPError'}
{'statusCode': 404, 'package': '@linkexchange/components', 'message': 'HTTPError'}
{'statusCode': 404, 'package': '@linkexchange/components', 'message': 'HTTPError'}
{'statusCode': 404, 'package': '@linkexchange/components', 'message': 'HTTPError'}
{'statusCode': 404, 'package': '@linkexchange/components', 'message': 'HTTPError'}
{'statusCode': 404, 'package': '@linkexchange/components', 'message': 'HTTPError'}
{'statusCode': 404, 'package': '@linkexchange/components', 'message': 'HTTPError'}
{'statusCode': 404, 'package': '@linkexchange/components', 'message': 'HTTPError'}
{'statusCode': 404, 'package': '@linkexchange/components', 'message': 'HTTPError'}
{'statusCode': 404, 'package': '@linkexchange/components', 'message': 'HTTPError'}
{'statusCode': 404, 'package': '@linkexchange/components', 'message': 'HTTPError'}
{'statusCode': 404, 'package': '@linkexchange/components', 'message': 'HTTPError'}
{'statusCode': 404, 'package': '@linkexchange/components', 'message': 'HTTPError'}
{'statusCode': 404, 'package': '@linkexchange/components', 'message': 'HTTPError'}
{'statusCode': 404, 'package': '@linkexchange/components', 'message': 'HTTPError'}
{'statusCode': 404, 'package': '@linkexchange/components', 'message': 'HTTPError'}
{'statusCode': 404, 'package': '@linkexchange/components', 'message': 'HTTPError'}
{'statusCode': 404, 'package': '@linkexchange/components', 'message': 'HTTPError'}
{'statusCode': 404, 'package': '@linkexchange/components', 'message': 'HTTPError'}
{'statusCode': 404, 'package': '@linkexchange/components', 'message': 'HTTPError'}
{'statusCode': 404, 'package': '@linkexchange/components', 'message': 'HTTPError'}
{'statusCode': 404, 'package': '@linkexchange/components', 'message': 'HTTPError'}
{'statusCode': 404, 'package': '@linkexchange/components', 'message': 'HTTPError'}
{'statusCode': 404, 'package': '@linkexchange/components', 'message': 'HTTPError'}
{'statusCode': 404, 'package': '@linkexchange/components', 'message': 'HTTPError'}
{'statusCode': 404, 'package': '@linkexchange/components', 'message': 'HTTPError'}
{'statusCode': 404, 'package': '@linkexchange/components', 'message': 'HTTPError'}
{'statusCode': 404, 'package': '@linkexchange/components', 'message': 'HTTPError'}
{'statusCode': 404, 'package': '@linkexchange/components', 'message': 'HTTPError'}
{'statusCode': 404, 'package': '@linkexchange/components', 'message': 'HTTPError'}
{'statusCode': 404, 'package': '@linkexchange/components', 'message': 'HTTPError'}
{'statusCode': 404, 'package': '@linkexchange/components', 'message': 'HTTPError'}
{'statusCode': 404, 'package': '@linkexchange/components', 'message': 'HTTPError'}
{'statusCode': 404, 'package': '@linkexchange/components', 'message': 'HTTPError'}
{'statusCode': 404, 'package': '@linkexchange/components', 'message': 'HTTPError'}
{'statusCode': 404, 'package': '@linkexchange/components', 'message': 'HTTPError'}
{'statusCode': 404, 'package': '@linkexchange/components', 'message': 'HTTPError'}
{'statusCode': 404, 'package': '@linkexchange/components', 'message': 'HTTPError'}
{'statusCode': 404, 'package': '@linkexchange/components', 'message': 'HTTPError'}
{'statusCode': 404, 'package': '@linkexchange/components', 'message': 'HTTPError'}
{'statusCode': 404, 'package': '@linkexchange/components', 'message': 'HTTPError'}
{'statusCode': 404, 'package': '@linkexchange/components', 'message': 'HTTPError'}
{'statusCode': 404, 'package': '@linkexchange/components', 'message': 'HTTPError'}
{'statusCode': 404, 'package': '@linkexchange/components', 'message': 'HTTPError'}
{'statusCode': 404, 'package': '@linkexchange/components', 'message': 'HTTPError'}
{'statusCode': 404, 'package': '@linkexchange/components', 'message': 'HTTPError'}
{'statusCode': 404, 'package': '@linkexchange/components', 'message': 'HTTPError'}
{'statusCode': 404, 'package': '@linkexchange/components', 'message': 'HTTPError'}
{'statusCode': 404, 'package': '@linkexchange/components', 'message': 'HTTPError'}
{'statusCode': 404, 'package': '@linkexchange/components', 'message': 'HTTPError'}
{'statusCode': 404, 'package': '@linkexchange/components', 'message': 'HTTPError'}
{'statusCode': 404, 'package': '@linkexchange/components', 'message': 'HTTPError'}
{'statusCode': 404, 'package': '@linkexchange/details', 'message': 'HTTPError'}
{'statusCode': 404, 'package': '@linkexchange/details', 'message': 'HTTPError'}
{'statusCode': 404, 'package': '@linkexchange/details', 'message': 'HTTPError'}
{'statusCode': 404, 'package': '@linkexchange/details', 'message': 'HTTPError'}
{'statusCode': 404, 'package': '@linkexchange/details', 'message': 'HTTPError'}
{'statusCode': 404, 'package': '@linkexchange/details', 'message': 'HTTPError'}
{'statusCode': 404, 'package': '@linkexchange/details', 'message': 'HTTPError'}
{'statusCode': 404, 'package': '@linkexchange/details', 'message': 'HTTPError'}
{'statusCode': 404, 'package': '@linkexchange/details', 'message': 'HTTPError'}
{'statusCode': 404, 'package': '@linkexchange/details', 'message': 'HTTPError'}
{'statusCode': 404, 'package': '@linkexchange/details', 'message': 'HTTPError'}
{'statusCode': 404, 'package': '@linkexchange/details', 'message': 'HTTPError'}
{'statusCode': 404, 'package': '@linkexchange/details', 'message': 'HTTPError'}
{'statusCode': 404, 'package': '@linkexchange/details', 'message': 'HTTPError'}
{'statusCode': 404, 'package': '@linkexchange/details', 'message': 'HTTPError'}
{'statusCode': 404, 'package': '@linkexchange/details', 'message': 'HTTPError'}
{'statusCode': 404, 'package': '@linkexchange/details', 'message': 'HTTPError'}
{'statusCode': 404, 'package': '@linkexchange/details', 'message': 'HTTPError'}
{'statusCode': 404, 'package': '@linkexchange/details', 'message': 'HTTPError'}
{'statusCode': 404, 'package': '@linkexchange/details', 'message': 'HTTPError'}
{'statusCode': 404, 'package': '@linkexchange/details', 'message': 'HTTPError'}
{'statusCode': 404, 'package': '@linkexchange/details', 'message': 'HTTPError'}
{'statusCode': 404, 'package': '@linkexchange/details', 'message': 'HTTPError'}
{'statusCode': 404, 'package': '@linkexchange/details', 'message': 'HTTPError'}
{'statusCode': 404, 'package': '@linkexchange/details', 'message': 'HTTPError'}
{'statusCode': 404, 'package': '@linkexchange/details', 'message': 'HTTPError'}
{'statusCode': 404, 'package': '@linkexchange/details', 'message': 'HTTPError'}
{'statusCode': 404, 'package': '@linkexchange/details', 'message': 'HTTPError'}
{'statusCode': 404, 'package': '@linkexchange/details', 'message': 'HTTPError'}
{'statusCode': 404, 'package': '@linkexchange/details', 'message': 'HTTPError'}
{'statusCode': 404, 'package': '@linkexchange/details', 'message': 'HTTPError'}
{'statusCode': 404, 'package': '@linkexchange/details', 'message': 'HTTPError'}
{'statusCode': 404, 'package': '@linkexchange/details', 'message': 'HTTPError'}
{'statusCode': 404, 'package': '@linkexchange/details', 'message': 'HTTPError'}
{'statusCode': 404, 'package': '@linkexchange/details', 'message': 'HTTPError'}
{'statusCode': 404, 'package': '@linkexchange/details', 'message': 'HTTPError'}
{'statusCode': 404, 'package': '@linkexchange/details', 'message': 'HTTPError'}
{'statusCode': 404, 'package': '@linkexchange/details', 'message': 'HTTPError'}
{'statusCode': 404, 'package': '@linkexchange/details', 'message': 'HTTPError'}
{'statusCode': 404, 'package': '@linkexchange/details', 'message': 'HTTPError'}
{'statusCode': 404, 'package': '@linkexchange/details', 'message': 'HTTPError'}
{'statusCode': 404, 'package': '@linkexchange/details', 'message': 'HTTPError'}
{'statusCode': 404, 'package': '@linkexchange/details', 'message': 'HTTPError'}
{'statusCode': 404, 'package': '@linkexchange/details', 'message': 'HTTPError'}
{'statusCode': 404, 'package': '@linkexchange/details', 'message': 'HTTPError'}
{'statusCode': 404, 'package': '@linkexchange/details', 'message': 'HTTPError'}
{'statusCode': 404, 'package': '@linkexchange/details', 'message': 'HTTPError'}
{'statusCode': 404, 'package': '@linkexchange/details', 'message': 'HTTPError'}
{'statusCode': 404, 'package': '@linkexchange/details', 'message': 'HTTPError'}
{'statusCode': 404, 'package': '@linkexchange/details', 'message': 'HTTPError'}
{'statusCode': 404, 'package': '@linkexchange/details', 'message': 'HTTPError'}
{'statusCode': 404, 'package': '@linkexchange/details', 'message': 'HTTPError'}
{'statusCode': 404, 'package': '@linkexchange/ducks', 'message': 'HTTPError'}
{'statusCode': 404, 'package': '@linkexchange/ducks', 'message': 'HTTPError'}
{'statusCode': 404, 'package': '@linkexchange/ducks', 'message': 'HTTPError'}
{'statusCode': 404, 'package': '@linkexchange/ducks', 'message': 'HTTPError'}
{'statusCode': 404, 'package': '@linkexchange/ducks', 'message': 'HTTPError'}
{'statusCode': 404, 'package': '@linkexchange/ducks', 'message': 'HTTPError'}
{'statusCode': 404, 'package': '@linkexchange/ducks', 'message': 'HTTPError'}
{'statusCode': 404, 'package': '@linkexchange/ducks', 'message': 'HTTPError'}
{'statusCode': 404, 'package': '@linkexchange/ducks', 'message': 'HTTPError'}
{'statusCode': 404, 'package': '@linkexchange/ducks', 'message': 'HTTPError'}
{'statusCode': 404, 'package': '@linkexchange/ducks', 'message': 'HTTPError'}
{'statusCode': 404, 'package': '@linkexchange/ducks', 'message': 'HTTPError'}
{'statusCode': 404, 'package': '@linkexchange/ducks', 'message': 'HTTPError'}
{'statusCode': 404, 'package': '@linkexchange/ducks', 'message': 'HTTPError'}
{'statusCode': 404, 'package': '@linkexchange/modal', 'message': 'HTTPError'}
{'statusCode': 404, 'package': '@linkexchange/modal', 'message': 'HTTPError'}
{'statusCode': 404, 'package': '@linkexchange/modal', 'message': 'HTTPError'}
{'statusCode': 404, 'package': '@linkexchange/modal', 'message': 'HTTPError'}
{'statusCode': 404, 'package': '@linkexchange/modal', 'message': 'HTTPError'}
{'statusCode': 404, 'package': '@linkexchange/modal', 'message': 'HTTPError'}
{'statusCode': 404, 'package': '@linkexchange/modal', 'message': 'HTTPError'}
{'statusCode': 404, 'package': '@linkexchange/modal', 'message': 'HTTPError'}
{'statusCode': 404, 'package': '@linkexchange/modal', 'message': 'HTTPError'}
{'statusCode': 404, 'package': '@linkexchange/modal', 'message': 'HTTPError'}
{'statusCode': 404, 'package': '@linkexchange/modal', 'message': 'HTTPError'}
{'statusCode': 404, 'package': '@linkexchange/modal', 'message': 'HTTPError'}
{'statusCode': 404, 'package': '@linkexchange/modal', 'message': 'HTTPError'}
{'statusCode': 404, 'package': '@linkexchange/modal', 'message': 'HTTPError'}
{'statusCode': 404, 'package': '@linkexchange/modal', 'message': 'HTTPError'}
{'statusCode': 404, 'package': '@linkexchange/modal', 'message': 'HTTPError'}
{'statusCode': 404, 'package': '@linkexchange/modal', 'message': 'HTTPError'}
{'statusCode': 404, 'package': '@linkexchange/modal', 'message': 'HTTPError'}
{'statusCode': 404, 'package': '@linkexchange/modal', 'message': 'HTTPError'}
{'statusCode': 404, 'package': '@linkexchange/modal', 'message': 'HTTPError'}
{'statusCode': 404, 'package': '@linkexchange/modal', 'message': 'HTTPError'}
{'statusCode': 404, 'package': '@linkexchange/modal', 'message': 'HTTPError'}
{'statusCode': 404, 'package': '@linkexchange/modal', 'message': 'HTTPError'}
{'statusCode': 404, 'package': '@linkexchange/modal', 'message': 'HTTPError'}
{'statusCode': 404, 'package': '@linkexchange/modal', 'message': 'HTTPError'}
{'statusCode': 404, 'package': '@linkexchange/new-add-link', 'message': 'HTTPError'}
{'statusCode': 404, 'package': '@linkexchange/new-add-link', 'message': 'HTTPError'}
{'statusCode': 404, 'package': '@linkexchange/new-add-link', 'message': 'HTTPError'}
{'statusCode': 404, 'package': '@linkexchange/new-add-link', 'message': 'HTTPError'}
{'statusCode': 404, 'package': '@linkexchange/new-add-link', 'message': 'HTTPError'}
{'statusCode': 404, 'package': '@linkexchange/new-add-link', 'message': 'HTTPError'}
{'statusCode': 404, 'package': '@linkexchange/new-add-link', 'message': 'HTTPError'}
{'statusCode': 404, 'package': '@linkexchange/new-add-link', 'message': 'HTTPError'}
{'statusCode': 404, 'package': '@linkexchange/new-add-link', 'message': 'HTTPError'}
{'statusCode': 404, 'package': '@linkexchange/new-add-link', 'message': 'HTTPError'}
{'statusCode': 404, 'package': '@linkexchange/new-add-link', 'message': 'HTTPError'}
{'statusCode': 404, 'package': '@linkexchange/new-add-link', 'message': 'HTTPError'}
{'statusCode': 404, 'package': '@linkexchange/new-add-link', 'message': 'HTTPError'}
{'statusCode': 404, 'package': '@linkexchange/new-add-link', 'message': 'HTTPError'}
{'statusCode': 404, 'package': '@linkexchange/new-add-link', 'message': 'HTTPError'}
{'statusCode': 404, 'package': '@linkexchange/new-add-link', 'message': 'HTTPError'}
{'statusCode': 404, 'package': '@linkexchange/new-add-link', 'message': 'HTTPError'}
{'statusCode': 404, 'package': '@linkexchange/new-add-link', 'message': 'HTTPError'}
{'statusCode': 404, 'package': '@linkexchange/new-add-link', 'message': 'HTTPError'}
{'statusCode': 404, 'package': '@linkexchange/new-add-link', 'message': 'HTTPError'}
{'statusCode': 404, 'package': '@linkexchange/new-add-link', 'message': 'HTTPError'}
{'statusCode': 404, 'package': '@linkexchange/new-add-link', 'message': 'HTTPError'}
{'statusCode': 404, 'package': '@linkexchange/new-add-link', 'message': 'HTTPError'}
{'statusCode': 404, 'package': '@linkexchange/new-add-link', 'message': 'HTTPError'}
{'statusCode': 404, 'package': '@linkexchange/new-add-link', 'message': 'HTTPError'}
{'statusCode': 404, 'package': '@linkexchange/new-add-link', 'message': 'HTTPError'}
{'statusCode': 404, 'package': '@linkexchange/new-add-link', 'message': 'HTTPError'}
{'statusCode': 404, 'package': '@linkexchange/new-add-link', 'message': 'HTTPError'}
{'statusCode': 404, 'package': '@linkexchange/new-add-link', 'message': 'HTTPError'}
{'statusCode': 404, 'package': '@linkexchange/new-add-link', 'message': 'HTTPError'}
{'statusCode': 404, 'package': '@linkexchange/new-add-link', 'message': 'HTTPError'}
{'statusCode': 404, 'package': '@linkexchange/new-add-link', 'message': 'HTTPError'}
{'statusCode': 404, 'package': '@linkexchange/new-add-link', 'message': 'HTTPError'}
{'statusCode': 404, 'package': '@linkexchange/new-add-link', 'message': 'HTTPError'}
{'statusCode': 404, 'package': '@linkexchange/new-details', 'message': 'HTTPError'}
{'statusCode': 404, 'package': '@linkexchange/new-details', 'message': 'HTTPError'}
{'statusCode': 404, 'package': '@linkexchange/new-details', 'message': 'HTTPError'}
{'statusCode': 404, 'package': '@linkexchange/new-details', 'message': 'HTTPError'}
{'statusCode': 404, 'package': '@linkexchange/new-details', 'message': 'HTTPError'}
{'statusCode': 404, 'package': '@linkexchange/new-details', 'message': 'HTTPError'}
{'statusCode': 404, 'package': '@linkexchange/new-details', 'message': 'HTTPError'}
{'statusCode': 404, 'package': '@linkexchange/new-details', 'message': 'HTTPError'}
{'statusCode': 404, 'package': '@linkexchange/new-details', 'message': 'HTTPError'}
{'statusCode': 404, 'package': '@linkexchange/new-details', 'message': 'HTTPError'}
{'statusCode': 404, 'package': '@linkexchange/new-details', 'message': 'HTTPError'}
{'statusCode': 404, 'package': '@linkexchange/new-details', 'message': 'HTTPError'}
{'statusCode': 404, 'package': '@linkexchange/new-details', 'message': 'HTTPError'}
{'statusCode': 404, 'package': '@linkexchange/new-details', 'message': 'HTTPError'}
{'statusCode': 404, 'package': '@linkexchange/new-details', 'message': 'HTTPError'}
{'statusCode': 404, 'package': '@linkexchange/new-details', 'message': 'HTTPError'}
{'statusCode': 404, 'package': '@linkexchange/new-details', 'message': 'HTTPError'}
{'statusCode': 404, 'package': '@linkexchange/new-details', 'message': 'HTTPError'}
{'statusCode': 404, 'package': '@linkexchange/new-details', 'message': 'HTTPError'}
{'statusCode': 404, 'package': '@linkexchange/new-details', 'message': 'HTTPError'}
{'statusCode': 404, 'package': '@linkexchange/new-details', 'message': 'HTTPError'}
{'statusCode': 404, 'package': '@linkexchange/new-details', 'message': 'HTTPError'}
{'statusCode': 404, 'package': '@linkexchange/new-details', 'message': 'HTTPError'}
{'statusCode': 404, 'package': '@linkexchange/new-details', 'message': 'HTTPError'}
{'statusCode': 404, 'package': '@linkexchange/new-details', 'message': 'HTTPError'}
{'statusCode': 404, 'package': '@linkexchange/new-details', 'message': 'HTTPError'}
{'statusCode': 404, 'package': '@linkexchange/new-details', 'message': 'HTTPError'}
{'statusCode': 404, 'package': '@linkexchange/new-details', 'message': 'HTTPError'}
{'statusCode': 404, 'package': '@linkexchange/new-details', 'message': 'HTTPError'}
{'statusCode': 404, 'package': '@linkexchange/new-details', 'message': 'HTTPError'}
{'statusCode': 404, 'package': '@linkexchange/new-details', 'message': 'HTTPError'}
{'statusCode': 404, 'package': '@linkexchange/new-details', 'message': 'HTTPError'}
{'statusCode': 404, 'package': '@linkexchange/new-details', 'message': 'HTTPError'}
{'statusCode': 404, 'package': '@linkexchange/new-details', 'message': 'HTTPError'}
{'statusCode': 404, 'package': '@linkexchange/new-details', 'message': 'HTTPError'}
{'statusCode': 404, 'package': '@linkexchange/new-details', 'message': 'HTTPError'}
{'statusCode': 404, 'package': '@linkexchange/new-details', 'message': 'HTTPError'}
{'statusCode': 404, 'package': '@linkexchange/new-details', 'message': 'HTTPError'}
{'statusCode': 404, 'package': '@linkexchange/new-details', 'message': 'HTTPError'}
{'statusCode': 404, 'package': '@linkexchange/ranking-request-builder', 'message': 'HTTPError'}
{'statusCode': 404, 'package': '@linkexchange/ranking-request-builder', 'message': 'HTTPError'}
{'statusCode': 404, 'package': '@linkexchange/ranking-request-builder', 'message': 'HTTPError'}
{'statusCode': 404, 'package': '@linkexchange/ranking-request-builder', 'message': 'HTTPError'}
{'statusCode': 404, 'package': '@linkexchange/ranking-request-builder', 'message': 'HTTPError'}
{'statusCode': 404, 'package': '@linkexchange/ranking-request-builder', 'message': 'HTTPError'}
{'statusCode': 404, 'package': '@linkexchange/ranking-request-builder', 'message': 'HTTPError'}
{'statusCode': 404, 'package': '@linkexchange/ranking-request-builder', 'message': 'HTTPError'}
{'statusCode': 404, 'package': '@linkexchange/ranking-request-builder', 'message': 'HTTPError'}
{'statusCode': 404, 'package': '@linkexchange/ranking-request-builder', 'message': 'HTTPError'}
{'statusCode': 404, 'package': '@linkexchange/ranking-request-builder', 'message': 'HTTPError'}
{'statusCode': 404, 'package': '@linkexchange/ranking-request-builder', 'message': 'HTTPError'}
{'statusCode': 404, 'package': '@linkexchange/ranking-request-builder', 'message': 'HTTPError'}
{'statusCode': 404, 'package': '@linkexchange/ranking-request-builder', 'message': 'HTTPError'}
{'statusCode': 404, 'package': '@linkexchange/ranking-request-builder', 'message': 'HTTPError'}
{'statusCode': 404, 'package': '@linkexchange/ranking-request-builder', 'message': 'HTTPError'}
{'statusCode': 404, 'package': '@linkexchange/ranking-request-builder', 'message': 'HTTPError'}
{'statusCode': 404, 'package': '@linkexchange/ranking-request-builder', 'message': 'HTTPError'}
{'statusCode': 404, 'package': '@linkexchange/root-provider', 'message': 'HTTPError'}
{'statusCode': 404, 'package': '@linkexchange/root-provider', 'message': 'HTTPError'}
{'statusCode': 404, 'package': '@linkexchange/root-provider', 'message': 'HTTPError'}
{'statusCode': 404, 'package': '@linkexchange/root-provider', 'message': 'HTTPError'}
{'statusCode': 404, 'package': '@linkexchange/root-provider', 'message': 'HTTPError'}
{'statusCode': 404, 'package': '@linkexchange/root-provider', 'message': 'HTTPError'}
{'statusCode': 404, 'package': '@linkexchange/root-provider', 'message': 'HTTPError'}
{'statusCode': 404, 'package': '@linkexchange/root-provider', 'message': 'HTTPError'}
{'statusCode': 404, 'package': '@linkexchange/root-provider', 'message': 'HTTPError'}
{'statusCode': 404, 'package': '@linkexchange/root-provider', 'message': 'HTTPError'}
{'statusCode': 404, 'package': '@linkexchange/root-provider', 'message': 'HTTPError'}
{'statusCode': 404, 'package': '@linkexchange/root-provider', 'message': 'HTTPError'}
{'statusCode': 404, 'package': '@linkexchange/root-provider', 'message': 'HTTPError'}
{'statusCode': 404, 'package': '@linkexchange/root-provider', 'message': 'HTTPError'}
{'statusCode': 404, 'package': '@linkexchange/root-provider', 'message': 'HTTPError'}
{'statusCode': 404, 'package': '@linkexchange/root-provider', 'message': 'HTTPError'}
{'statusCode': 404, 'package': '@linkexchange/root-provider', 'message': 'HTTPError'}
{'statusCode': 404, 'package': '@linkexchange/root-provider', 'message': 'HTTPError'}
{'statusCode': 404, 'package': '@linkexchange/root-provider', 'message': 'HTTPError'}
{'statusCode': 404, 'package': '@linkexchange/root-provider', 'message': 'HTTPError'}
{'statusCode': 404, 'package': '@linkexchange/root-provider', 'message': 'HTTPError'}
{'statusCode': 404, 'package': '@linkexchange/root-provider', 'message': 'HTTPError'}
{'statusCode': 404, 'package': '@linkexchange/root-provider', 'message': 'HTTPError'}
{'statusCode': 404, 'package': '@linkexchange/root-provider', 'message': 'HTTPError'}
{'statusCode': 404, 'package': '@linkexchange/root-provider', 'message': 'HTTPError'}
{'statusCode': 404, 'package': '@linkexchange/root-provider', 'message': 'HTTPError'}
{'statusCode': 404, 'package': '@linkexchange/root-provider', 'message': 'HTTPError'}
{'statusCode': 404, 'package': '@linkexchange/root-provider', 'message': 'HTTPError'}
{'statusCode': 404, 'package': '@linkexchange/root-provider', 'message': 'HTTPError'}
{'statusCode': 404, 'package': '@linkexchange/root-provider', 'message': 'HTTPError'}
{'statusCode': 404, 'package': '@linkexchange/root-provider', 'message': 'HTTPError'}
{'statusCode': 404, 'package': '@linkexchange/root-provider', 'message': 'HTTPError'}
{'statusCode': 404, 'package': '@linkexchange/root-provider', 'message': 'HTTPError'}
{'statusCode': 404, 'package': '@linkexchange/root-provider', 'message': 'HTTPError'}
{'statusCode': 404, 'package': '@linkexchange/root-provider', 'message': 'HTTPError'}
{'statusCode': 404, 'package': '@linkexchange/root-provider', 'message': 'HTTPError'}
{'statusCode': 404, 'package': '@linkexchange/root-provider', 'message': 'HTTPError'}
{'statusCode': 404, 'package': '@linkexchange/root-provider', 'message': 'HTTPError'}
{'statusCode': 404, 'package': '@linkexchange/root-provider', 'message': 'HTTPError'}
{'statusCode': 404, 'package': '@linkexchange/root-provider', 'message': 'HTTPError'}
{'statusCode': 404, 'package': '@linkexchange/root-provider', 'message': 'HTTPError'}
{'statusCode': 404, 'package': '@linkexchange/root-provider', 'message': 'HTTPError'}
{'statusCode': 404, 'package': '@linkexchange/root-provider', 'message': 'HTTPError'}
{'statusCode': 404, 'package': '@linkexchange/root-provider', 'message': 'HTTPError'}
{'statusCode': 404, 'package': '@linkexchange/root-provider', 'message': 'HTTPError'}
{'statusCode': 404, 'package': '@linkexchange/root-provider', 'message': 'HTTPError'}
{'statusCode': 404, 'package': '@linkexchange/root-provider', 'message': 'HTTPError'}
{'statusCode': 404, 'package': '@linkexchange/root-provider', 'message': 'HTTPError'}
{'statusCode': 404, 'package': '@linkexchange/root-provider', 'message': 'HTTPError'}
{'statusCode': 404, 'package': '@linkexchange/root-provider', 'message': 'HTTPError'}
{'statusCode': 404, 'package': '@linkexchange/root-provider', 'message': 'HTTPError'}
{'statusCode': 404, 'package': '@linkexchange/root-provider', 'message': 'HTTPError'}
{'statusCode': 404, 'package': '@linkexchange/root-provider', 'message': 'HTTPError'}
{'statusCode': 404, 'package': '@linkexchange/root-provider', 'message': 'HTTPError'}
{'statusCode': 404, 'package': '@linkexchange/root-provider', 'message': 'HTTPError'}
{'statusCode': 404, 'package': '@linkexchange/scss-unset', 'message': 'HTTPError'}
{'statusCode': 404, 'package': '@linkexchange/scss-unset', 'message': 'HTTPError'}
{'statusCode': 404, 'package': '@linkexchange/scss-unset', 'message': 'HTTPError'}
{'statusCode': 404, 'package': '@linkexchange/scss-unset', 'message': 'HTTPError'}
{'statusCode': 404, 'package': '@linkexchange/scss-unset', 'message': 'HTTPError'}
{'statusCode': 404, 'package': '@linkexchange/scss-unset', 'message': 'HTTPError'}
{'statusCode': 404, 'package': '@linkexchange/scss-unset', 'message': 'HTTPError'}
{'statusCode': 404, 'package': '@linkexchange/scss-unset', 'message': 'HTTPError'}
{'statusCode': 404, 'package': '@linkexchange/scss-unset', 'message': 'HTTPError'}
{'statusCode': 404, 'package': '@linkexchange/scss-unset', 'message': 'HTTPError'}
{'statusCode': 404, 'package': '@linkexchange/scss-unset', 'message': 'HTTPError'}
{'statusCode': 404, 'package': '@linkexchange/scss-unset', 'message': 'HTTPError'}
{'statusCode': 404, 'package': '@linkexchange/scss-unset', 'message': 'HTTPError'}
{'statusCode': 404, 'package': '@linkexchange/scss-unset', 'message': 'HTTPError'}
{'statusCode': 404, 'package': '@linkexchange/scss-unset', 'message': 'HTTPError'}
{'statusCode': 404, 'package': '@linkexchange/scss-unset', 'message': 'HTTPError'}
{'statusCode': 404, 'package': '@linkexchange/scss-unset', 'message': 'HTTPError'}
{'statusCode': 404, 'package': '@linkexchange/scss-unset', 'message': 'HTTPError'}
{'statusCode': 404, 'package': '@linkexchange/scss-unset', 'message': 'HTTPError'}
{'statusCode': 404, 'package': '@linkexchange/scss-unset', 'message': 'HTTPError'}
{'statusCode': 404, 'package': '@linkexchange/scss-unset', 'message': 'HTTPError'}
{'statusCode': 404, 'package': '@linkexchange/scss-unset', 'message': 'HTTPError'}
{'statusCode': 404, 'package': '@linkexchange/scss-unset', 'message': 'HTTPError'}
{'statusCode': 404, 'package': '@linkexchange/scss-unset', 'message': 'HTTPError'}
{'statusCode': 404, 'package': '@linkexchange/scss-unset', 'message': 'HTTPError'}
{'statusCode': 404, 'package': '@linkexchange/scss-unset', 'message': 'HTTPError'}
{'statusCode': 404, 'package': '@linkexchange/scss-unset', 'message': 'HTTPError'}
{'statusCode': 404, 'package': '@linkexchange/scss-unset', 'message': 'HTTPError'}
{'statusCode': 404, 'package': '@linkexchange/scss-unset', 'message': 'HTTPError'}
{'statusCode': 404, 'package': '@linkexchange/scss-unset', 'message': 'HTTPError'}
{'statusCode': 404, 'package': '@linkexchange/scss-unset', 'message': 'HTTPError'}
{'statusCode': 404, 'package': '@linkexchange/scss-unset', 'message': 'HTTPError'}
{'statusCode': 404, 'package': '@linkexchange/scss-unset', 'message': 'HTTPError'}
{'statusCode': 404, 'package': '@linkexchange/scss-unset', 'message': 'HTTPError'}
{'statusCode': 404, 'package': '@linkexchange/scss-unset', 'message': 'HTTPError'}
{'statusCode': 404, 'package': '@linkexchange/scss-unset', 'message': 'HTTPError'}
{'statusCode': 404, 'package': '@linkexchange/scss-unset', 'message': 'HTTPError'}
{'statusCode': 404, 'package': '@linkexchange/scss-unset', 'message': 'HTTPError'}
{'statusCode': 404, 'package': '@linkexchange/scss-unset', 'message': 'HTTPError'}
{'statusCode': 404, 'package': '@linkexchange/scss-unset', 'message': 'HTTPError'}
{'statusCode': 404, 'package': '@linkexchange/scss-unset', 'message': 'HTTPError'}
{'statusCode': 404, 'package': '@linkexchange/scss-unset', 'message': 'HTTPError'}
{'statusCode': 404, 'package': '@linkexchange/scss-unset', 'message': 'HTTPError'}
{'statusCode': 404, 'package': '@linkexchange/scss-unset', 'message': 'HTTPError'}
{'statusCode': 404, 'package': '@linkexchange/scss-unset', 'message': 'HTTPError'}
{'statusCode': 404, 'package': '@linkexchange/scss-unset', 'message': 'HTTPError'}
{'statusCode': 404, 'package': '@linkexchange/scss-unset', 'message': 'HTTPError'}
{'statusCode': 404, 'package': '@linkexchange/scss-unset', 'message': 'HTTPError'}
{'statusCode': 404, 'package': '@linkexchange/scss-unset', 'message': 'HTTPError'}
{'statusCode': 404, 'package': '@linkexchange/scss-unset', 'message': 'HTTPError'}
{'statusCode': 404, 'package': '@linkexchange/scss-unset', 'message': 'HTTPError'}
{'statusCode': 404, 'package': '@linkexchange/scss-unset', 'message': 'HTTPError'}
{'statusCode': 404, 'package': '@linkexchange/scss-unset', 'message': 'HTTPError'}
{'statusCode': 404, 'package': '@linkexchange/scss-unset', 'message': 'HTTPError'}
{'statusCode': 404, 'package': '@linkexchange/scss-unset', 'message': 'HTTPError'}
{'statusCode': 404, 'package': '@linkexchange/scss-unset', 'message': 'HTTPError'}
{'statusCode': 404, 'package': '@linkexchange/scss-unset', 'message': 'HTTPError'}
{'statusCode': 404, 'package': '@linkexchange/scss-unset', 'message': 'HTTPError'}
{'statusCode': 404, 'package': '@linkexchange/scss-unset', 'message': 'HTTPError'}
{'statusCode': 404, 'package': '@linkexchange/toast', 'message': 'HTTPError'}
{'statusCode': 404, 'package': '@linkexchange/toast', 'message': 'HTTPError'}
{'statusCode': 404, 'package': '@linkexchange/toast', 'message': 'HTTPError'}
{'statusCode': 404, 'package': '@linkexchange/toast', 'message': 'HTTPError'}
{'statusCode': 404, 'package': '@linkexchange/toast', 'message': 'HTTPError'}
{'statusCode': 404, 'package': '@linkexchange/toast', 'message': 'HTTPError'}
{'statusCode': 404, 'package': '@linkexchange/toast', 'message': 'HTTPError'}
{'statusCode': 404, 'package': '@linkexchange/toast', 'message': 'HTTPError'}
{'statusCode': 404, 'package': '@linkexchange/toast', 'message': 'HTTPError'}
{'statusCode': 404, 'package': '@linkexchange/toast', 'message': 'HTTPError'}
{'statusCode': 404, 'package': '@linkexchange/toast', 'message': 'HTTPError'}
{'statusCode': 404, 'package': '@linkexchange/toast', 'message': 'HTTPError'}
{'statusCode': 404, 'package': '@linkexchange/toast', 'message': 'HTTPError'}
{'statusCode': 404, 'package': '@linkexchange/toast', 'message': 'HTTPError'}
{'statusCode': 404, 'package': '@linkexchange/toast', 'message': 'HTTPError'}
{'statusCode': 404, 'package': '@linkexchange/toast', 'message': 'HTTPError'}
{'statusCode': 404, 'package': '@linkexchange/toast', 'message': 'HTTPError'}
{'statusCode': 404, 'package': '@linkexchange/toast', 'message': 'HTTPError'}
{'statusCode': 404, 'package': '@linkexchange/toast', 'message': 'HTTPError'}
{'statusCode': 404, 'package': '@linkexchange/toast', 'message': 'HTTPError'}
{'statusCode': 404, 'package': '@linkexchange/toast', 'message': 'HTTPError'}
{'statusCode': 404, 'package': '@linkexchange/toast', 'message': 'HTTPError'}
{'statusCode': 404, 'package': '@linkexchange/toast', 'message': 'HTTPError'}
{'statusCode': 404, 'package': '@linkexchange/toast', 'message': 'HTTPError'}
{'statusCode': 404, 'package': '@linkexchange/toast', 'message': 'HTTPError'}
{'statusCode': 404, 'package': '@linkexchange/toast', 'message': 'HTTPError'}
{'statusCode': 404, 'package': '@linkexchange/toast', 'message': 'HTTPError'}
{'statusCode': 404, 'package': '@linkexchange/toast', 'message': 'HTTPError'}
{'statusCode': 404, 'package': '@linkexchange/toast', 'message': 'HTTPError'}
{'statusCode': 404, 'package': '@linkexchange/toast', 'message': 'HTTPError'}
{'statusCode': 404, 'package': '@linkexchange/toast', 'message': 'HTTPError'}
{'statusCode': 404, 'package': '@linkexchange/toast', 'message': 'HTTPError'}
{'statusCode': 404, 'package': '@linkexchange/toast', 'message': 'HTTPError'}
{'statusCode': 404, 'package': '@linkexchange/toast', 'message': 'HTTPError'}
{'statusCode': 404, 'package': '@linkexchange/toast', 'message': 'HTTPError'}
{'statusCode': 404, 'package': '@linkexchange/toast', 'message': 'HTTPError'}
{'statusCode': 404, 'package': '@linkexchange/toast', 'message': 'HTTPError'}
{'statusCode': 404, 'package': '@linkexchange/toast', 'message': 'HTTPError'}
{'statusCode': 404, 'package': '@linkexchange/toast', 'message': 'HTTPError'}
{'statusCode': 404, 'package': '@linkexchange/toast', 'message': 'HTTPError'}
{'statusCode': 404, 'package': '@linkexchange/toast', 'message': 'HTTPError'}
{'statusCode': 404, 'package': '@linkexchange/toast', 'message': 'HTTPError'}
{'statusCode': 404, 'package': '@linkexchange/toast', 'message': 'HTTPError'}
{'statusCode': 404, 'package': '@linkexchange/toast', 'message': 'HTTPError'}
{'statusCode': 404, 'package': '@linkexchange/toast', 'message': 'HTTPError'}
{'statusCode': 404, 'package': '@linkexchange/toast', 'message': 'HTTPError'}
{'statusCode': 404, 'package': '@linkexchange/toast', 'message': 'HTTPError'}
{'statusCode': 404, 'package': '@linkexchange/toast', 'message': 'HTTPError'}
{'statusCode': 404, 'package': '@linkexchange/toast', 'message': 'HTTPError'}
{'statusCode': 404, 'package': '@linkexchange/toast', 'message': 'HTTPError'}
{'statusCode': 404, 'package': '@linkexchange/toast', 'message': 'HTTPError'}
{'statusCode': 404, 'package': '@linkexchange/toast', 'message': 'HTTPError'}
{'statusCode': 404, 'package': '@linkexchange/toast', 'message': 'HTTPError'}
{'statusCode': 404, 'package': '@linkexchange/toast', 'message': 'HTTPError'}
{'statusCode': 404, 'package': '@linkexchange/toast', 'message': 'HTTPError'}
{'statusCode': 404, 'package': '@linkexchange/toast', 'message': 'HTTPError'}
{'statusCode': 404, 'package': '@linkexchange/toast', 'message': 'HTTPError'}
{'statusCode': 404, 'package': '@linkexchange/toast', 'message': 'HTTPError'}
{'statusCode': 404, 'package': '@linkexchange/toast', 'message': 'HTTPError'}
{'statusCode': 404, 'package': '@linkexchange/toast', 'message': 'HTTPError'}
{'statusCode': 404, 'package': '@linkexchange/toast', 'message': 'HTTPError'}
{'statusCode': 404, 'package': '@linkexchange/toast', 'message': 'HTTPError'}
{'statusCode': 404, 'package': '@linkexchange/toast', 'message': 'HTTPError'}
{'statusCode': 404, 'package': '@linkexchange/toast', 'message': 'HTTPError'}
{'statusCode': 404, 'package': '@linkexchange/toast', 'message': 'HTTPError'}
{'statusCode': 404, 'package': '@linkexchange/toast', 'message': 'HTTPError'}
{'statusCode': 404, 'package': '@linkexchange/toast', 'message': 'HTTPError'}
{'statusCode': 404, 'package': '@linkexchange/toast', 'message': 'HTTPError'}
{'statusCode': 404, 'package': '@linkexchange/toast', 'message': 'HTTPError'}
{'statusCode': 404, 'package': '@linkexchange/toast', 'message': 'HTTPError'}
{'statusCode': 404, 'package': '@linkexchange/toast', 'message': 'HTTPError'}
{'statusCode': 404, 'package': '@linkexchange/toast', 'message': 'HTTPError'}
{'statusCode': 404, 'package': '@linkexchange/token-details-provider', 'message': 'HTTPError'}
{'statusCode': 404, 'package': '@linkexchange/token-details-provider', 'message': 'HTTPError'}
{'statusCode': 404, 'package': '@linkexchange/token-details-provider', 'message': 'HTTPError'}
{'statusCode': 404, 'package': '@linkexchange/token-details-provider', 'message': 'HTTPError'}
{'statusCode': 404, 'package': '@linkexchange/token-details-provider', 'message': 'HTTPError'}
{'statusCode': 404, 'package': '@linkexchange/token-details-provider', 'message': 'HTTPError'}
{'statusCode': 404, 'package': '@linkexchange/token-details-provider', 'message': 'HTTPError'}
{'statusCode': 404, 'package': '@linkexchange/token-details-provider', 'message': 'HTTPError'}
{'statusCode': 404, 'package': '@linkexchange/token-details-provider', 'message': 'HTTPError'}
{'statusCode': 404, 'package': '@linkexchange/token-details-provider', 'message': 'HTTPError'}
{'statusCode': 404, 'package': '@linkexchange/token-details-provider', 'message': 'HTTPError'}
{'statusCode': 404, 'package': '@linkexchange/token-details-provider', 'message': 'HTTPError'}
{'statusCode': 404, 'package': '@linkexchange/token-details-provider', 'message': 'HTTPError'}
{'statusCode': 404, 'package': '@linkexchange/token-details-provider', 'message': 'HTTPError'}
{'statusCode': 404, 'package': '@linkexchange/token-details-provider', 'message': 'HTTPError'}
{'statusCode': 404, 'package': '@linkexchange/token-details-provider', 'message': 'HTTPError'}
{'statusCode': 404, 'package': '@linkexchange/token-details-provider', 'message': 'HTTPError'}
{'statusCode': 404, 'package': '@linkexchange/token-details-provider', 'message': 'HTTPError'}
{'statusCode': 404, 'package': '@linkexchange/token-details-provider', 'message': 'HTTPError'}
{'statusCode': 404, 'package': '@linkexchange/token-details-provider', 'message': 'HTTPError'}
{'statusCode': 404, 'package': '@linkexchange/token-details-provider', 'message': 'HTTPError'}
{'statusCode': 404, 'package': '@linkexchange/token-details-provider', 'message': 'HTTPError'}
{'statusCode': 404, 'package': '@linkexchange/token-details-provider', 'message': 'HTTPError'}
{'statusCode': 404, 'package': '@linkexchange/token-details-provider', 'message': 'HTTPError'}
{'statusCode': 404, 'package': '@linkexchange/token-details-provider', 'message': 'HTTPError'}
{'statusCode': 404, 'package': '@linkexchange/token-details-provider', 'message': 'HTTPError'}
{'statusCode': 404, 'package': '@linkexchange/token-details-provider', 'message': 'HTTPError'}
{'statusCode': 404, 'package': '@linkexchange/token-details-provider', 'message': 'HTTPError'}
{'statusCode': 404, 'package': '@linkexchange/token-details-provider', 'message': 'HTTPError'}
{'statusCode': 404, 'package': '@linkexchange/token-details-provider', 'message': 'HTTPError'}
{'statusCode': 404, 'package': '@linkexchange/token-details-provider', 'message': 'HTTPError'}
{'statusCode': 404, 'package': '@linkexchange/token-details-provider', 'message': 'HTTPError'}
{'statusCode': 404, 'package': '@linkexchange/token-details-provider', 'message': 'HTTPError'}
{'statusCode': 404, 'package': '@linkexchange/token-details-provider', 'message': 'HTTPError'}
{'statusCode': 404, 'package': '@linkexchange/token-details-provider', 'message': 'HTTPError'}
{'statusCode': 404, 'package': '@linkexchange/token-details-provider', 'message': 'HTTPError'}
{'statusCode': 404, 'package': '@linkexchange/token-details-provider', 'message': 'HTTPError'}
{'statusCode': 404, 'package': '@linkexchange/token-details-provider', 'message': 'HTTPError'}
{'statusCode': 404, 'package': '@linkexchange/token-details-provider', 'message': 'HTTPError'}
{'statusCode': 404, 'package': '@linkexchange/types', 'message': 'HTTPError'}
{'statusCode': 404, 'package': '@linkexchange/types', 'message': 'HTTPError'}
{'statusCode': 404, 'package': '@linkexchange/types', 'message': 'HTTPError'}
{'statusCode': 404, 'package': '@linkexchange/types', 'message': 'HTTPError'}
{'statusCode': 404, 'package': '@linkexchange/types', 'message': 'HTTPError'}
{'statusCode': 404, 'package': '@linkexchange/types', 'message': 'HTTPError'}
{'statusCode': 404, 'package': '@linkexchange/types', 'message': 'HTTPError'}
{'statusCode': 404, 'package': '@linkexchange/types', 'message': 'HTTPError'}
{'statusCode': 404, 'package': '@linkexchange/types', 'message': 'HTTPError'}
{'statusCode': 404, 'package': '@linkexchange/types', 'message': 'HTTPError'}
{'statusCode': 404, 'package': '@linkexchange/types', 'message': 'HTTPError'}
{'statusCode': 404, 'package': '@linkexchange/types', 'message': 'HTTPError'}
{'statusCode': 404, 'package': '@linkexchange/types', 'message': 'HTTPError'}
{'statusCode': 404, 'package': '@linkexchange/types', 'message': 'HTTPError'}
{'statusCode': 404, 'package': '@linkexchange/types', 'message': 'HTTPError'}
{'statusCode': 404, 'package': '@linkexchange/types', 'message': 'HTTPError'}
{'statusCode': 404, 'package': '@linkexchange/types', 'message': 'HTTPError'}
{'statusCode': 404, 'package': '@linkexchange/types', 'message': 'HTTPError'}
{'statusCode': 404, 'package': '@linkexchange/types', 'message': 'HTTPError'}
{'statusCode': 404, 'package': '@linkexchange/types', 'message': 'HTTPError'}
{'statusCode': 404, 'package': '@linkexchange/types', 'message': 'HTTPError'}
{'statusCode': 404, 'package': '@linkexchange/types', 'message': 'HTTPError'}
{'statusCode': 404, 'package': '@linkexchange/types', 'message': 'HTTPError'}
{'statusCode': 404, 'package': '@linkexchange/types', 'message': 'HTTPError'}
{'statusCode': 404, 'package': '@linkexchange/types', 'message': 'HTTPError'}
{'statusCode': 404, 'package': '@linkexchange/types', 'message': 'HTTPError'}
{'statusCode': 404, 'package': '@linkexchange/types', 'message': 'HTTPError'}
{'statusCode': 404, 'package': '@linkexchange/types', 'message': 'HTTPError'}
{'statusCode': 404, 'package': '@linkexchange/types', 'message': 'HTTPError'}
{'statusCode': 404, 'package': '@linkexchange/types', 'message': 'HTTPError'}
{'statusCode': 404, 'package': '@linkexchange/types', 'message': 'HTTPError'}
{'statusCode': 404, 'package': '@linkexchange/types', 'message': 'HTTPError'}
{'statusCode': 404, 'package': '@linkexchange/types', 'message': 'HTTPError'}
{'statusCode': 404, 'package': '@linkexchange/types', 'message': 'HTTPError'}
{'statusCode': 404, 'package': '@linkexchange/types', 'message': 'HTTPError'}
{'statusCode': 404, 'package': '@linkexchange/types', 'message': 'HTTPError'}
{'statusCode': 404, 'package': '@linkexchange/types', 'message': 'HTTPError'}
{'statusCode': 404, 'package': '@linkexchange/types', 'message': 'HTTPError'}
{'statusCode': 404, 'package': '@linkexchange/types', 'message': 'HTTPError'}
{'statusCode': 404, 'package': '@linkexchange/types', 'message': 'HTTPError'}
{'statusCode': 404, 'package': '@linkexchange/types', 'message': 'HTTPError'}
{'statusCode': 404, 'package': '@linkexchange/types', 'message': 'HTTPError'}
{'statusCode': 404, 'package': '@linkexchange/types', 'message': 'HTTPError'}
{'statusCode': 404, 'package': '@linkexchange/types', 'message': 'HTTPError'}
{'statusCode': 404, 'package': '@linkexchange/types', 'message': 'HTTPError'}
{'statusCode': 404, 'package': '@linkexchange/types', 'message': 'HTTPError'}
{'statusCode': 404, 'package': '@linkexchange/types', 'message': 'HTTPError'}
{'statusCode': 404, 'package': '@linkexchange/types', 'message': 'HTTPError'}
{'statusCode': 404, 'package': '@linkexchange/types', 'message': 'HTTPError'}
{'statusCode': 404, 'package': '@linkexchange/types', 'message': 'HTTPError'}
{'statusCode': 404, 'package': '@linkexchange/types', 'message': 'HTTPError'}
{'statusCode': 404, 'package': '@linkexchange/types', 'message': 'HTTPError'}
{'statusCode': 404, 'package': '@linkexchange/types', 'message': 'HTTPError'}
{'statusCode': 404, 'package': '@linkexchange/types', 'message': 'HTTPError'}
{'statusCode': 404, 'package': '@linkexchange/types', 'message': 'HTTPError'}
{'statusCode': 404, 'package': '@linkexchange/types', 'message': 'HTTPError'}
{'statusCode': 404, 'package': '@linkexchange/types', 'message': 'HTTPError'}
{'statusCode': 404, 'package': '@linkexchange/types', 'message': 'HTTPError'}
{'statusCode': 404, 'package': '@linkexchange/types', 'message': 'HTTPError'}
{'statusCode': 404, 'package': '@linkexchange/utils', 'message': 'HTTPError'}
{'statusCode': 404, 'package': '@linkexchange/utils', 'message': 'HTTPError'}
{'statusCode': 404, 'package': '@linkexchange/utils', 'message': 'HTTPError'}
{'statusCode': 404, 'package': '@linkexchange/utils', 'message': 'HTTPError'}
{'statusCode': 404, 'package': '@linkexchange/utils', 'message': 'HTTPError'}
{'statusCode': 404, 'package': '@linkexchange/utils', 'message': 'HTTPError'}
{'statusCode': 404, 'package': '@linkexchange/utils', 'message': 'HTTPError'}
{'statusCode': 404, 'package': '@linkexchange/utils', 'message': 'HTTPError'}
{'statusCode': 404, 'package': '@linkexchange/utils', 'message': 'HTTPError'}
{'statusCode': 404, 'package': '@linkexchange/utils', 'message': 'HTTPError'}
{'statusCode': 404, 'package': '@linkexchange/utils', 'message': 'HTTPError'}
{'statusCode': 404, 'package': '@linkexchange/utils', 'message': 'HTTPError'}
{'statusCode': 404, 'package': '@linkexchange/utils', 'message': 'HTTPError'}
{'statusCode': 404, 'package': '@linkexchange/utils', 'message': 'HTTPError'}
{'statusCode': 404, 'package': '@linkexchange/utils', 'message': 'HTTPError'}
{'statusCode': 404, 'package': '@linkexchange/utils', 'message': 'HTTPError'}
{'statusCode': 404, 'package': '@linkexchange/utils', 'message': 'HTTPError'}
{'statusCode': 404, 'package': '@linkexchange/utils', 'message': 'HTTPError'}
{'statusCode': 404, 'package': '@linkexchange/utils', 'message': 'HTTPError'}
{'statusCode': 404, 'package': '@linkexchange/utils', 'message': 'HTTPError'}
{'statusCode': 404, 'package': '@linkexchange/utils', 'message': 'HTTPError'}
{'statusCode': 404, 'package': '@linkexchange/utils', 'message': 'HTTPError'}
{'statusCode': 404, 'package': '@linkexchange/utils', 'message': 'HTTPError'}
{'statusCode': 404, 'package': '@linkexchange/utils', 'message': 'HTTPError'}
{'statusCode': 404, 'package': '@linkexchange/utils', 'message': 'HTTPError'}
{'statusCode': 404, 'package': '@linkexchange/utils', 'message': 'HTTPError'}
{'statusCode': 404, 'package': '@linkexchange/utils', 'message': 'HTTPError'}
{'statusCode': 404, 'package': '@linkexchange/utils', 'message': 'HTTPError'}
{'statusCode': 404, 'package': '@linkexchange/utils', 'message': 'HTTPError'}
{'statusCode': 404, 'package': '@linkexchange/utils', 'message': 'HTTPError'}
{'statusCode': 404, 'package': '@linkexchange/utils', 'message': 'HTTPError'}
{'statusCode': 404, 'package': '@linkexchange/utils', 'message': 'HTTPError'}
{'statusCode': 404, 'package': '@linkexchange/utils', 'message': 'HTTPError'}
{'statusCode': 404, 'package': '@linkexchange/utils', 'message': 'HTTPError'}
{'statusCode': 404, 'package': '@linkexchange/utils', 'message': 'HTTPError'}
{'statusCode': 404, 'package': '@linkexchange/utils', 'message': 'HTTPError'}
{'statusCode': 404, 'package': '@linkexchange/utils', 'message': 'HTTPError'}
{'statusCode': 404, 'package': '@linkexchange/utils', 'message': 'HTTPError'}
{'statusCode': 404, 'package': '@linkexchange/utils', 'message': 'HTTPError'}
{'statusCode': 404, 'package': '@linkexchange/utils', 'message': 'HTTPError'}
{'statusCode': 404, 'package': '@linkexchange/utils', 'message': 'HTTPError'}
{'statusCode': 404, 'package': '@linkexchange/utils', 'message': 'HTTPError'}
{'statusCode': 404, 'package': '@linkexchange/utils', 'message': 'HTTPError'}
{'statusCode': 404, 'package': '@linkexchange/utils', 'message': 'HTTPError'}
{'statusCode': 404, 'package': '@linkexchange/utils', 'message': 'HTTPError'}
{'statusCode': 404, 'package': '@linkexchange/utils', 'message': 'HTTPError'}
{'statusCode': 404, 'package': '@linkexchange/utils', 'message': 'HTTPError'}
{'statusCode': 404, 'package': '@linkexchange/utils', 'message': 'HTTPError'}
{'statusCode': 404, 'package': '@linkexchange/utils', 'message': 'HTTPError'}
{'statusCode': 404, 'package': '@linkexchange/utils', 'message': 'HTTPError'}
{'statusCode': 404, 'package': '@linkexchange/utils', 'message': 'HTTPError'}
{'statusCode': 404, 'package': '@linkexchange/utils', 'message': 'HTTPError'}
{'statusCode': 404, 'package': '@linkexchange/utils', 'message': 'HTTPError'}
{'statusCode': 404, 'package': '@linkexchange/utils', 'message': 'HTTPError'}
{'statusCode': 404, 'package': '@linkexchange/utils', 'message': 'HTTPError'}
{'statusCode': 404, 'package': '@linkexchange/utils', 'message': 'HTTPError'}
{'statusCode': 404, 'package': '@linkexchange/utils', 'message': 'HTTPError'}
{'statusCode': 404, 'package': '@linkexchange/utils', 'message': 'HTTPError'}
{'statusCode': 404, 'package': '@linkexchange/utils', 'message': 'HTTPError'}
{'statusCode': 404, 'package': '@linkexchange/utils', 'message': 'HTTPError'}
{'statusCode': 404, 'package': '@linkexchange/utils', 'message': 'HTTPError'}
{'statusCode': 404, 'package': '@linkexchange/utils', 'message': 'HTTPError'}
{'statusCode': 404, 'package': '@linkexchange/utils', 'message': 'HTTPError'}
{'statusCode': 404, 'package': '@linkexchange/utils', 'message': 'HTTPError'}
{'statusCode': 404, 'package': '@linkexchange/utils', 'message': 'HTTPError'}
{'statusCode': 404, 'package': '@linkexchange/web3-state-provider', 'message': 'HTTPError'}
{'statusCode': 404, 'package': '@linkexchange/web3-state-provider', 'message': 'HTTPError'}
{'statusCode': 404, 'package': '@linkexchange/web3-state-provider', 'message': 'HTTPError'}
{'statusCode': 404, 'package': '@linkexchange/web3-state-provider', 'message': 'HTTPError'}
{'statusCode': 404, 'package': '@linkexchange/web3-state-provider', 'message': 'HTTPError'}
{'statusCode': 404, 'package': '@linkexchange/web3-state-provider', 'message': 'HTTPError'}
{'statusCode': 404, 'package': '@linkexchange/web3-state-provider', 'message': 'HTTPError'}
{'statusCode': 404, 'package': '@linkexchange/web3-state-provider', 'message': 'HTTPError'}
{'statusCode': 404, 'package': '@linkexchange/web3-state-provider', 'message': 'HTTPError'}
{'statusCode': 404, 'package': '@linkexchange/web3-state-provider', 'message': 'HTTPError'}
{'statusCode': 404, 'package': '@linkexchange/web3-state-provider', 'message': 'HTTPError'}
{'statusCode': 404, 'package': '@linkexchange/web3-state-provider', 'message': 'HTTPError'}
{'statusCode': 404, 'package': '@linkexchange/web3-state-provider', 'message': 'HTTPError'}
{'statusCode': 404, 'package': '@linkexchange/web3-state-provider', 'message': 'HTTPError'}
{'statusCode': 404, 'package': '@linkexchange/web3-state-provider', 'message': 'HTTPError'}
{'statusCode': 404, 'package': '@linkexchange/web3-state-provider', 'message': 'HTTPError'}
{'statusCode': 404, 'package': '@linkexchange/web3-state-provider', 'message': 'HTTPError'}
{'statusCode': 404, 'package': '@linkexchange/web3-state-provider', 'message': 'HTTPError'}
{'statusCode': 404, 'package': '@linkexchange/web3-state-provider', 'message': 'HTTPError'}
{'statusCode': 404, 'package': '@linkexchange/web3-state-provider', 'message': 'HTTPError'}
{'statusCode': 404, 'package': '@linkexchange/web3-state-provider', 'message': 'HTTPError'}
{'statusCode': 404, 'package': '@linkexchange/web3-state-provider', 'message': 'HTTPError'}
{'statusCode': 404, 'package': '@linkexchange/web3-state-provider', 'message': 'HTTPError'}
{'statusCode': 404, 'package': '@linkexchange/web3-state-provider', 'message': 'HTTPError'}
{'statusCode': 404, 'package': '@linkexchange/web3-state-provider', 'message': 'HTTPError'}
{'statusCode': 404, 'package': '@linkexchange/web3-state-provider', 'message': 'HTTPError'}
{'statusCode': 404, 'package': '@linkexchange/web3-state-provider', 'message': 'HTTPError'}
{'statusCode': 404, 'package': '@linkexchange/web3-state-provider', 'message': 'HTTPError'}
{'statusCode': 404, 'package': '@linkexchange/web3-state-provider', 'message': 'HTTPError'}
{'statusCode': 404, 'package': '@linkexchange/web3-state-provider', 'message': 'HTTPError'}
{'statusCode': 404, 'package': '@linkexchange/web3-state-provider', 'message': 'HTTPError'}
{'statusCode': 404, 'package': '@linkexchange/web3-state-provider', 'message': 'HTTPError'}
{'statusCode': 404, 'package': '@linkexchange/web3-state-provider', 'message': 'HTTPError'}
{'statusCode': 404, 'package': '@linkexchange/web3-state-provider', 'message': 'HTTPError'}
{'statusCode': 404, 'package': '@linkexchange/web3-state-provider', 'message': 'HTTPError'}
{'statusCode': 404, 'package': '@linkexchange/web3-state-provider', 'message': 'HTTPError'}
{'statusCode': 404, 'package': '@linkexchange/web3-state-provider', 'message': 'HTTPError'}
{'statusCode': 404, 'package': '@linkexchange/web3-state-provider', 'message': 'HTTPError'}
{'statusCode': 404, 'package': '@linkexchange/web3-state-provider', 'message': 'HTTPError'}
{'statusCode': 404, 'package': '@linkexchange/web3-state-provider', 'message': 'HTTPError'}
{'statusCode': 404, 'package': '@linkexchange/web3-state-provider', 'message': 'HTTPError'}
{'statusCode': 404, 'package': '@linkexchange/web3-store', 'message': 'HTTPError'}
{'statusCode': 404, 'package': '@linkexchange/web3-store', 'message': 'HTTPError'}
{'statusCode': 404, 'package': '@linkexchange/web3-store', 'message': 'HTTPError'}
{'statusCode': 404, 'package': '@linkexchange/web3-store', 'message': 'HTTPError'}
{'statusCode': 404, 'package': '@linkexchange/web3-store', 'message': 'HTTPError'}
{'statusCode': 404, 'package': '@linkexchange/web3-store', 'message': 'HTTPError'}
{'statusCode': 404, 'package': '@linkexchange/web3-store', 'message': 'HTTPError'}
{'statusCode': 404, 'package': '@linkexchange/web3-store', 'message': 'HTTPError'}
{'statusCode': 404, 'package': '@linkexchange/web3-store', 'message': 'HTTPError'}
{'statusCode': 404, 'package': '@linkexchange/web3-store', 'message': 'HTTPError'}
{'statusCode': 404, 'package': '@linkexchange/web3-store', 'message': 'HTTPError'}
{'statusCode': 404, 'package': '@linkexchange/web3-store', 'message': 'HTTPError'}
{'statusCode': 404, 'package': '@linkexchange/web3-store', 'message': 'HTTPError'}
{'statusCode': 404, 'package': '@linkexchange/web3-store', 'message': 'HTTPError'}
{'statusCode': 404, 'package': '@linkexchange/web3-store', 'message': 'HTTPError'}
{'statusCode': 404, 'package': '@linkexchange/web3-store', 'message': 'HTTPError'}
{'statusCode': 404, 'package': '@linkexchange/web3-store', 'message': 'HTTPError'}
{'statusCode': 404, 'package': '@linkexchange/web3-store', 'message': 'HTTPError'}
{'statusCode': 404, 'package': '@linkexchange/web3-store', 'message': 'HTTPError'}
{'statusCode': 404, 'package': '@linkexchange/web3-store', 'message': 'HTTPError'}
{'statusCode': 404, 'package': '@linkexchange/web3-store', 'message': 'HTTPError'}
{'statusCode': 404, 'package': '@linkexchange/web3-store', 'message': 'HTTPError'}
{'statusCode': 404, 'package': '@linkexchange/web3-store', 'message': 'HTTPError'}
{'statusCode': 404, 'package': '@linkexchange/web3-store', 'message': 'HTTPError'}
{'statusCode': 404, 'package': '@linkexchange/web3-store', 'message': 'HTTPError'}
{'statusCode': 404, 'package': '@linkexchange/web3-store', 'message': 'HTTPError'}
{'statusCode': 404, 'package': '@linkexchange/web3-store', 'message': 'HTTPError'}
{'statusCode': 404, 'package': '@linkexchange/web3-store', 'message': 'HTTPError'}
{'statusCode': 404, 'package': '@linkexchange/web3-store', 'message': 'HTTPError'}
{'statusCode': 404, 'package': '@linkexchange/web3-store', 'message': 'HTTPError'}
{'statusCode': 404, 'package': '@linkexchange/web3-store', 'message': 'HTTPError'}
{'statusCode': 404, 'package': '@linkexchange/web3-store', 'message': 'HTTPError'}
{'statusCode': 404, 'package': '@linkexchange/web3-store', 'message': 'HTTPError'}
{'statusCode': 404, 'package': '@linkexchange/web3-store', 'message': 'HTTPError'}
{'statusCode': 404, 'package': '@linkexchange/web3-store', 'message': 'HTTPError'}
{'statusCode': 404, 'package': '@linkexchange/web3-store', 'message': 'HTTPError'}
{'statusCode': 404, 'package': '@linkexchange/widget-settings', 'message': 'HTTPError'}
{'statusCode': 404, 'package': '@linkexchange/widget-settings', 'message': 'HTTPError'}
{'statusCode': 404, 'package': '@linkexchange/widget-settings', 'message': 'HTTPError'}
{'statusCode': 404, 'package': '@linkexchange/widget-settings', 'message': 'HTTPError'}
{'statusCode': 404, 'package': '@linkexchange/widget-settings', 'message': 'HTTPError'}
{'statusCode': 404, 'package': '@linkexchange/widget-settings', 'message': 'HTTPError'}
{'statusCode': 404, 'package': '@linkexchange/widget-settings', 'message': 'HTTPError'}
{'statusCode': 404, 'package': '@linkexchange/widget-settings', 'message': 'HTTPError'}
{'statusCode': 404, 'package': '@linkexchange/widget-settings', 'message': 'HTTPError'}
{'statusCode': 404, 'package': '@linkexchange/widget-settings', 'message': 'HTTPError'}
{'statusCode': 404, 'package': '@linkexchange/widget-settings', 'message': 'HTTPError'}
{'statusCode': 404, 'package': '@linkexchange/widget-settings', 'message': 'HTTPError'}
{'statusCode': 404, 'package': '@linkexchange/widget-settings', 'message': 'HTTPError'}
{'statusCode': 404, 'package': '@linkexchange/widget-settings', 'message': 'HTTPError'}
{'statusCode': 404, 'package': '@linkexchange/widget-settings', 'message': 'HTTPError'}
{'statusCode': 404, 'package': '@linkexchange/widget-settings', 'message': 'HTTPError'}
{'statusCode': 404, 'package': '@linkexchange/widget-settings', 'message': 'HTTPError'}
{'statusCode': 404, 'package': '@linkexchange/widget-settings', 'message': 'HTTPError'}
{'statusCode': 404, 'package': '@linkexchange/widget-settings', 'message': 'HTTPError'}
{'statusCode': 404, 'package': '@linkexchange/widget-settings', 'message': 'HTTPError'}
{'statusCode': 404, 'package': '@linkexchange/widget-settings', 'message': 'HTTPError'}
{'statusCode': 404, 'package': '@linkexchange/widget-settings', 'message': 'HTTPError'}
{'statusCode': 404, 'package': '@linkexchange/widget-settings', 'message': 'HTTPError'}
{'statusCode': 404, 'package': '@linkexchange/widget-settings', 'message': 'HTTPError'}
{'statusCode': 404, 'package': '@linkexchange/widget-settings', 'message': 'HTTPError'}
{'statusCode': 404, 'package': '@linkexchange/widget-settings', 'message': 'HTTPError'}
{'statusCode': 404, 'package': '@linkexchange/widget-settings', 'message': 'HTTPError'}
{'statusCode': 404, 'package': '@linkexchange/widget-settings', 'message': 'HTTPError'}
{'statusCode': 404, 'package': '@linkexchange/widget-settings', 'message': 'HTTPError'}
{'statusCode': 404, 'package': '@linkexchange/widget-settings', 'message': 'HTTPError'}
{'statusCode': 404, 'package': '@linkexchange/widget-settings', 'message': 'HTTPError'}
{'statusCode': 404, 'package': '@linkexchange/widget-settings', 'message': 'HTTPError'}
{'statusCode': 404, 'package': '@linkexchange/widget-settings', 'message': 'HTTPError'}
{'statusCode': 404, 'package': '@linkexchange/widget-settings', 'message': 'HTTPError'}
{'statusCode': 404, 'package': '@linkexchange/widget-settings', 'message': 'HTTPError'}
{'statusCode': 404, 'package': '@linkexchange/widget-settings', 'message': 'HTTPError'}
{'statusCode': 404, 'package': '@linkexchange/widget-settings', 'message': 'HTTPError'}
{'statusCode': 404, 'package': '@linkexchange/widget-settings', 'message': 'HTTPError'}
{'statusCode': 404, 'package': '@linkexchange/widget-settings', 'message': 'HTTPError'}
{'statusCode': 404, 'package': '@linkexchange/widget-settings', 'message': 'HTTPError'}
{'statusCode': 404, 'package': '@linkexchange/widget-settings', 'message': 'HTTPError'}
{'statusCode': 404, 'package': '@linkexchange/widget-settings', 'message': 'HTTPError'}
{'statusCode': 404, 'package': '@linkexchange/widget-settings', 'message': 'HTTPError'}
{'statusCode': 404, 'package': '@linkexchange/widget-settings', 'message': 'HTTPError'}
{'statusCode': 404, 'package': '@linkexchange/widget-settings', 'message': 'HTTPError'}
{'statusCode': 404, 'package': '@linkexchange/widget-settings', 'message': 'HTTPError'}
{'statusCode': 404, 'package': '@neos-project/jest-preset-neos-ui', 'message': 'HTTPError'}
{'statusCode': 404, 'package': '@neos-project/jest-preset-neos-ui', 'message': 'HTTPError'}
{'statusCode': 404, 'package': '@neos-project/jest-preset-neos-ui', 'message': 'HTTPError'}
{'statusCode': 404, 'package': '@neos-project/jest-preset-neos-ui', 'message': 'HTTPError'}
{'statusCode': 404, 'package': '@neos-project/jest-preset-neos-ui', 'message': 'HTTPError'}
{'statusCode': 404, 'package': '@neos-project/jest-preset-neos-ui', 'message': 'HTTPError'}
{'statusCode': 404, 'package': '@neos-project/jest-preset-neos-ui', 'message': 'HTTPError'}
{'statusCode': 404, 'package': '@neos-project/jest-preset-neos-ui', 'message': 'HTTPError'}
{'statusCode': 404, 'package': '@neos-project/jest-preset-neos-ui', 'message': 'HTTPError'}
{'statusCode': 404, 'package': '@neos-project/jest-preset-neos-ui', 'message': 'HTTPError'}
{'statusCode': 404, 'package': '@neos-project/jest-preset-neos-ui', 'message': 'HTTPError'}
{'statusCode': 404, 'package': '@neos-project/jest-preset-neos-ui', 'message': 'HTTPError'}
{'statusCode': 404, 'package': '@neos-project/jest-preset-neos-ui', 'message': 'HTTPError'}
{'statusCode': 404, 'package': '@neos-project/jest-preset-neos-ui', 'message': 'HTTPError'}
{'statusCode': 404, 'package': '@neos-project/jest-preset-neos-ui', 'message': 'HTTPError'}
{'statusCode': 404, 'package': '@neos-project/jest-preset-neos-ui', 'message': 'HTTPError'}
{'statusCode': 404, 'package': '@neos-project/jest-preset-neos-ui', 'message': 'HTTPError'}
{'statusCode': 404, 'package': '@neos-project/jest-preset-neos-ui', 'message': 'HTTPError'}
{'statusCode': 404, 'package': '@neos-project/jest-preset-neos-ui', 'message': 'HTTPError'}
{'statusCode': 404, 'package': '@neos-project/jest-preset-neos-ui', 'message': 'HTTPError'}
{'statusCode': 404, 'package': '@neos-project/jest-preset-neos-ui', 'message': 'HTTPError'}
{'statusCode': 404, 'package': '@neos-project/jest-preset-neos-ui', 'message': 'HTTPError'}
{'statusCode': 404, 'package': '@neos-project/jest-preset-neos-ui', 'message': 'HTTPError'}
{'statusCode': 404, 'package': '@neos-project/jest-preset-neos-ui', 'message': 'HTTPError'}
{'statusCode': 404, 'package': '@neos-project/jest-preset-neos-ui', 'message': 'HTTPError'}
{'statusCode': 404, 'package': '@neos-project/jest-preset-neos-ui', 'message': 'HTTPError'}
{'statusCode': 404, 'package': '@neos-project/jest-preset-neos-ui', 'message': 'HTTPError'}
{'statusCode': 404, 'package': '@neos-project/jest-preset-neos-ui', 'message': 'HTTPError'}
{'statusCode': 404, 'package': '@neos-project/jest-preset-neos-ui', 'message': 'HTTPError'}
{'statusCode': 404, 'package': '@neos-project/jest-preset-neos-ui', 'message': 'HTTPError'}
{'statusCode': 404, 'package': '@neos-project/jest-preset-neos-ui', 'message': 'HTTPError'}
{'statusCode': 404, 'package': '@neos-project/jest-preset-neos-ui', 'message': 'HTTPError'}
{'statusCode': 404, 'package': '@neos-project/jest-preset-neos-ui', 'message': 'HTTPError'}
{'statusCode': 404, 'package': '@neos-project/jest-preset-neos-ui', 'message': 'HTTPError'}
{'statusCode': 404, 'package': '@neos-project/jest-preset-neos-ui', 'message': 'HTTPError'}
{'statusCode': 404, 'package': '@neos-project/jest-preset-neos-ui', 'message': 'HTTPError'}
{'statusCode': 404, 'package': '@neos-project/jest-preset-neos-ui', 'message': 'HTTPError'}
{'statusCode': 404, 'package': '@neos-project/jest-preset-neos-ui', 'message': 'HTTPError'}
{'statusCode': 404, 'package': '@neos-project/jest-preset-neos-ui', 'message': 'HTTPError'}
{'statusCode': 404, 'package': '@neos-project/jest-preset-neos-ui', 'message': 'HTTPError'}
{'statusCode': 404, 'package': '@neos-project/jest-preset-neos-ui', 'message': 'HTTPError'}
{'statusCode': 404, 'package': '@neos-project/jest-preset-neos-ui', 'message': 'HTTPError'}
{'statusCode': 404, 'package': '@neos-project/jest-preset-neos-ui', 'message': 'HTTPError'}
{'statusCode': 404, 'package': '@neos-project/jest-preset-neos-ui', 'message': 'HTTPError'}
{'statusCode': 404, 'package': '@neos-project/jest-preset-neos-ui', 'message': 'HTTPError'}
{'statusCode': 404, 'package': '@neos-project/jest-preset-neos-ui', 'message': 'HTTPError'}
{'statusCode': 404, 'package': '@neos-project/jest-preset-neos-ui', 'message': 'HTTPError'}
{'statusCode': 404, 'package': '@neos-project/jest-preset-neos-ui', 'message': 'HTTPError'}
{'statusCode': 404, 'package': '@neos-project/jest-preset-neos-ui', 'message': 'HTTPError'}
{'statusCode': 404, 'package': '@neos-project/jest-preset-neos-ui', 'message': 'HTTPError'}
{'statusCode': 404, 'package': '@neos-project/jest-preset-neos-ui', 'message': 'HTTPError'}
{'statusCode': 404, 'package': '@neos-project/jest-preset-neos-ui', 'message': 'HTTPError'}
{'statusCode': 404, 'package': '@neos-project/jest-preset-neos-ui', 'message': 'HTTPError'}
{'statusCode': 404, 'package': '@neos-project/jest-preset-neos-ui', 'message': 'HTTPError'}
{'statusCode': 404, 'package': '@neos-project/jest-preset-neos-ui', 'message': 'HTTPError'}
{'statusCode': 404, 'package': '@neos-project/jest-preset-neos-ui', 'message': 'HTTPError'}
{'statusCode': 404, 'package': '@neos-project/jest-preset-neos-ui', 'message': 'HTTPError'}
{'statusCode': 404, 'package': '@neos-project/jest-preset-neos-ui', 'message': 'HTTPError'}
{'statusCode': 404, 'package': '@neos-project/jest-preset-neos-ui', 'message': 'HTTPError'}
{'statusCode': 404, 'package': '@neos-project/jest-preset-neos-ui', 'message': 'HTTPError'}
{'statusCode': 404, 'package': '@neos-project/jest-preset-neos-ui', 'message': 'HTTPError'}
{'statusCode': 404, 'package': '@neos-project/jest-preset-neos-ui', 'message': 'HTTPError'}
{'statusCode': 404, 'package': '@neos-project/jest-preset-neos-ui', 'message': 'HTTPError'}
{'statusCode': 404, 'package': '@neos-project/jest-preset-neos-ui', 'message': 'HTTPError'}
{'statusCode': 404, 'package': '@neos-project/jest-preset-neos-ui', 'message': 'HTTPError'}
{'statusCode': 404, 'package': '@neos-project/jest-preset-neos-ui', 'message': 'HTTPError'}
{'statusCode': 404, 'package': '@neos-project/jest-preset-neos-ui', 'message': 'HTTPError'}
{'statusCode': 404, 'package': '@neos-project/jest-preset-neos-ui', 'message': 'HTTPError'}
{'statusCode': 404, 'package': '@neos-project/jest-preset-neos-ui', 'message': 'HTTPError'}
{'statusCode': 404, 'package': '@neos-project/jest-preset-neos-ui', 'message': 'HTTPError'}
{'statusCode': 404, 'package': '@neos-project/jest-preset-neos-ui', 'message': 'HTTPError'}
{'statusCode': 404, 'package': '@neos-project/jest-preset-neos-ui', 'message': 'HTTPError'}
{'statusCode': 404, 'package': '@neos-project/jest-preset-neos-ui', 'message': 'HTTPError'}
{'statusCode': 404, 'package': '@neos-project/jest-preset-neos-ui', 'message': 'HTTPError'}
{'statusCode': 404, 'package': '@neos-project/jest-preset-neos-ui', 'message': 'HTTPError'}
{'statusCode': 404, 'package': '@neos-project/jest-preset-neos-ui', 'message': 'HTTPError'}
{'statusCode': 404, 'package': '@neos-project/jest-preset-neos-ui', 'message': 'HTTPError'}
{'statusCode': 404, 'package': '@neos-project/jest-preset-neos-ui', 'message': 'HTTPError'}
{'statusCode': 404, 'package': '@neos-project/jest-preset-neos-ui', 'message': 'HTTPError'}
{'statusCode': 404, 'package': '@neos-project/jest-preset-neos-ui', 'message': 'HTTPError'}
{'statusCode': 404, 'package': '@neos-project/jest-preset-neos-ui', 'message': 'HTTPError'}
{'statusCode': 404, 'package': '@neos-project/jest-preset-neos-ui', 'message': 'HTTPError'}
{'statusCode': 404, 'package': '@neos-project/jest-preset-neos-ui', 'message': 'HTTPError'}
{'statusCode': 404, 'package': '@neos-project/jest-preset-neos-ui', 'message': 'HTTPError'}
{'statusCode': 404, 'package': '@neos-project/jest-preset-neos-ui', 'message': 'HTTPError'}
{'statusCode': 404, 'package': '@neos-project/jest-preset-neos-ui', 'message': 'HTTPError'}
{'statusCode': 404, 'package': '@neos-project/jest-preset-neos-ui', 'message': 'HTTPError'}
{'statusCode': 404, 'package': '@neos-project/jest-preset-neos-ui', 'message': 'HTTPError'}
{'statusCode': 404, 'package': '@neos-project/jest-preset-neos-ui', 'message': 'HTTPError'}
{'statusCode': 404, 'package': '@neos-project/jest-preset-neos-ui', 'message': 'HTTPError'}
{'statusCode': 404, 'package': '@neos-project/jest-preset-neos-ui', 'message': 'HTTPError'}
{'statusCode': 404, 'package': '@neos-project/jest-preset-neos-ui', 'message': 'HTTPError'}
{'statusCode': 404, 'package': '@neos-project/jest-preset-neos-ui', 'message': 'HTTPError'}
{'statusCode': 404, 'package': '@neos-project/jest-preset-neos-ui', 'message': 'HTTPError'}
{'statusCode': 404, 'package': '@neos-project/jest-preset-neos-ui', 'message': 'HTTPError'}
{'statusCode': 404, 'package': '@neos-project/jest-preset-neos-ui', 'message': 'HTTPError'}
{'statusCode': 404, 'package': '@neos-project/jest-preset-neos-ui', 'message': 'HTTPError'}
{'statusCode': 404, 'package': '@neos-project/jest-preset-neos-ui', 'message': 'HTTPError'}
{'statusCode': 404, 'package': '@neos-project/jest-preset-neos-ui', 'message': 'HTTPError'}
{'statusCode': 404, 'package': '@neos-project/jest-preset-neos-ui', 'message': 'HTTPError'}
{'statusCode': 404, 'package': '@neos-project/jest-preset-neos-ui', 'message': 'HTTPError'}
{'statusCode': 404, 'package': '@neos-project/jest-preset-neos-ui', 'message': 'HTTPError'}
{'statusCode': 404, 'package': '@neos-project/jest-preset-neos-ui', 'message': 'HTTPError'}
{'statusCode': 404, 'package': '@neos-project/jest-preset-neos-ui', 'message': 'HTTPError'}
{'statusCode': 404, 'package': '@neos-project/jest-preset-neos-ui', 'message': 'HTTPError'}
{'statusCode': 404, 'package': '@neos-project/jest-preset-neos-ui', 'message': 'HTTPError'}
{'statusCode': 404, 'package': '@neos-project/jest-preset-neos-ui', 'message': 'HTTPError'}
{'statusCode': 404, 'package': '@neos-project/jest-preset-neos-ui', 'message': 'HTTPError'}
{'statusCode': 404, 'package': '@neos-project/jest-preset-neos-ui', 'message': 'HTTPError'}
{'statusCode': 404, 'package': '@neos-project/jest-preset-neos-ui', 'message': 'HTTPError'}
{'statusCode': 404, 'package': '@neos-project/jest-preset-neos-ui', 'message': 'HTTPError'}
{'statusCode': 404, 'package': '@neos-project/jest-preset-neos-ui', 'message': 'HTTPError'}
{'statusCode': 404, 'package': '@neos-project/jest-preset-neos-ui', 'message': 'HTTPError'}
{'statusCode': 404, 'package': '@neos-project/jest-preset-neos-ui', 'message': 'HTTPError'}
{'statusCode': 404, 'package': '@neos-project/jest-preset-neos-ui', 'message': 'HTTPError'}
{'statusCode': 404, 'package': '@neos-project/jest-preset-neos-ui', 'message': 'HTTPError'}
{'statusCode': 404, 'package': '@neos-project/jest-preset-neos-ui', 'message': 'HTTPError'}
{'statusCode': 404, 'package': '@neos-project/jest-preset-neos-ui', 'message': 'HTTPError'}
{'statusCode': 404, 'package': '@neos-project/jest-preset-neos-ui', 'message': 'HTTPError'}
{'statusCode': 404, 'package': '@neos-project/jest-preset-neos-ui', 'message': 'HTTPError'}
{'statusCode': 404, 'package': '@neos-project/jest-preset-neos-ui', 'message': 'HTTPError'}
{'statusCode': 404, 'package': '@neos-project/jest-preset-neos-ui', 'message': 'HTTPError'}
{'statusCode': 404, 'package': '@neos-project/jest-preset-neos-ui', 'message': 'HTTPError'}
{'statusCode': 404, 'package': '@neos-project/jest-preset-neos-ui', 'message': 'HTTPError'}
{'statusCode': 404, 'package': '@neos-project/jest-preset-neos-ui', 'message': 'HTTPError'}
{'statusCode': 404, 'package': '@neos-project/jest-preset-neos-ui', 'message': 'HTTPError'}
{'statusCode': 404, 'package': '@neos-project/jest-preset-neos-ui', 'message': 'HTTPError'}
{'statusCode': 404, 'package': '@neos-project/jest-preset-neos-ui', 'message': 'HTTPError'}
{'statusCode': 404, 'package': '@neos-project/jest-preset-neos-ui', 'message': 'HTTPError'}
{'statusCode': 404, 'package': '@neos-project/jest-preset-neos-ui', 'message': 'HTTPError'}
{'statusCode': 404, 'package': '@neos-project/jest-preset-neos-ui', 'message': 'HTTPError'}
{'statusCode': 404, 'package': '@neos-project/jest-preset-neos-ui', 'message': 'HTTPError'}
{'statusCode': 404, 'package': '@neos-project/jest-preset-neos-ui', 'message': 'HTTPError'}
{'statusCode': 404, 'package': '@neos-project/jest-preset-neos-ui', 'message': 'HTTPError'}
{'statusCode': 404, 'package': '@neos-project/jest-preset-neos-ui', 'message': 'HTTPError'}
{'statusCode': 404, 'package': '@neos-project/jest-preset-neos-ui', 'message': 'HTTPError'}
{'statusCode': 404, 'package': '@neos-project/jest-preset-neos-ui', 'message': 'HTTPError'}
{'statusCode': 404, 'package': '@neos-project/jest-preset-neos-ui', 'message': 'HTTPError'}
{'statusCode': 404, 'package': '@neos-project/jest-preset-neos-ui', 'message': 'HTTPError'}
{'statusCode': 404, 'package': '@neos-project/jest-preset-neos-ui', 'message': 'HTTPError'}
{'statusCode': 404, 'package': '@neos-project/jest-preset-neos-ui', 'message': 'HTTPError'}
{'statusCode': 404, 'package': '@neos-project/jest-preset-neos-ui', 'message': 'HTTPError'}
{'statusCode': 404, 'package': '@neos-project/jest-preset-neos-ui', 'message': 'HTTPError'}
{'statusCode': 404, 'package': '@neos-project/jest-preset-neos-ui', 'message': 'HTTPError'}
{'statusCode': 404, 'package': '@neos-project/jest-preset-neos-ui', 'message': 'HTTPError'}
{'statusCode': 404, 'package': '@neos-project/jest-preset-neos-ui', 'message': 'HTTPError'}
{'statusCode': 404, 'package': '@neos-project/jest-preset-neos-ui', 'message': 'HTTPError'}
{'statusCode': 404, 'package': '@neos-project/jest-preset-neos-ui', 'message': 'HTTPError'}
{'statusCode': 404, 'package': '@neos-project/jest-preset-neos-ui', 'message': 'HTTPError'}
{'statusCode': 404, 'package': '@neos-project/jest-preset-neos-ui', 'message': 'HTTPError'}
{'statusCode': 404, 'package': '@neos-project/jest-preset-neos-ui', 'message': 'HTTPError'}
{'statusCode': 404, 'package': '@neos-project/jest-preset-neos-ui', 'message': 'HTTPError'}
{'statusCode': 404, 'package': '@neos-project/jest-preset-neos-ui', 'message': 'HTTPError'}
{'statusCode': 404, 'package': '@neos-project/jest-preset-neos-ui', 'message': 'HTTPError'}
{'statusCode': 404, 'package': '@neos-project/jest-preset-neos-ui', 'message': 'HTTPError'}
{'statusCode': 404, 'package': '@neos-project/jest-preset-neos-ui', 'message': 'HTTPError'}
{'statusCode': 404, 'package': '@neos-project/jest-preset-neos-ui', 'message': 'HTTPError'}
{'statusCode': 0, 'package': 'nuke-env_0.0.1', 'message': 'no deps or dev-deps'}
{'statusCode': 0, 'package': 'nuke-env_0.1.1', 'message': 'no deps or dev-deps'}
{'statusCode': 0, 'package': 'nuke-env_0.1.2', 'message': 'no deps or dev-deps'}
{'statusCode': 0, 'package': 'nuke-env_0.1.3', 'message': 'no deps or dev-deps'}
{'statusCode': 0, 'package': 'nuke-env_0.1.4', 'message': 'no deps or dev-deps'}
{'statusCode': 0, 'package': 'nuke-env_0.1.5', 'message': 'no deps or dev-deps'}
{'statusCode': 0, 'package': 'nuke-env_0.1.6', 'message': 'no deps or dev-deps'}
{'statusCode': 0, 'package': 'nuke-env_0.1.7', 'message': 'no deps or dev-deps'}
{'statusCode': 0, 'package': 'nuke-env_0.2.0', 'message': 'no deps or dev-deps'}
{'statusCode': 0, 'package': 'nuke-env_0.2.1', 'message': 'no deps or dev-deps'}
{'statusCode': 0, 'package': 'nuke-env_0.2.2', 'message': 'no deps or dev-deps'}
{'statusCode': 0, 'package': 'nuke-env_0.2.3', 'message': 'no deps or dev-deps'}
{'statusCode': 0, 'package': '@parcel/events_2.0.0-alpha.1', 'message': 'no deps or dev-deps'}
{'statusCode': 0, 'package': '@parcel/events_2.0.0-alpha.1.1', 'message': 'no deps or dev-deps'}
{'statusCode': 0, 'package': '@parcel/events_2.0.0-alpha.2', 'message': 'no deps or dev-deps'}
{'statusCode': 0, 'package': '@parcel/events_2.0.0-alpha.2.1', 'message': 'no deps or dev-deps'}
{'statusCode': 0, 'package': '@parcel/events_2.0.0-alpha.3', 'message': 'no deps or dev-deps'}
{'statusCode': 0, 'package': '@parcel/events_2.0.0-alpha.3.1', 'message': 'no deps or dev-deps'}
{'statusCode': 0, 'package': '@parcel/events_2.0.0-nightly.65', 'message': 'no deps or dev-deps'}
{'statusCode': 0, 'package': '@parcel/events_2.0.0-nightly.66', 'message': 'no deps or dev-deps'}
{'statusCode': 0, 'package': '@parcel/events_2.0.0-nightly.67', 'message': 'no deps or dev-deps'}
{'statusCode': 0, 'package': '@parcel/events_2.0.0-nightly.68', 'message': 'no deps or dev-deps'}
{'statusCode': 0, 'package': '@parcel/events_2.0.0-nightly.69', 'message': 'no deps or dev-deps'}
{'statusCode': 0, 'package': '@parcel/events_2.0.0-nightly.72', 'message': 'no deps or dev-deps'}
{'statusCode': 0, 'package': '@parcel/events_2.0.0-nightly.79', 'message': 'no deps or dev-deps'}
{'statusCode': 0, 'package': '@parcel/events_2.0.0-nightly.85', 'message': 'no deps or dev-deps'}
{'statusCode': 0, 'package': '@parcel/events_2.0.0-nightly.87', 'message': 'no deps or dev-deps'}
{'statusCode': 0, 'package': '@parcel/events_2.0.0-nightly.88', 'message': 'no deps or dev-deps'}
{'statusCode': 0, 'package': '@parcel/events_2.0.0-nightly.92', 'message': 'no deps or dev-deps'}
{'statusCode': 0, 'package': '@parcel/events_2.0.0-nightly.97', 'message': 'no deps or dev-deps'}
{'statusCode': 0, 'package': '@parcel/events_2.0.0-nightly.101', 'message': 'no deps or dev-deps'}
{'statusCode': 0, 'package': '@parcel/events_2.0.0-nightly.102', 'message': 'no deps or dev-deps'}
{'statusCode': 0, 'package': '@parcel/events_2.0.0-nightly.107', 'message': 'no deps or dev-deps'}
{'statusCode': 0, 'package': '@parcel/events_2.0.0-nightly.112', 'message': 'no deps or dev-deps'}
{'statusCode': 0, 'package': '@parcel/events_2.0.0-nightly.115', 'message': 'no deps or dev-deps'}
{'statusCode': 0, 'package': '@parcel/events_2.0.0-nightly.116', 'message': 'no deps or dev-deps'}
{'statusCode': 0, 'package': '@parcel/events_2.0.0-nightly.117', 'message': 'no deps or dev-deps'}
{'statusCode': 0, 'package': '@parcel/events_2.0.0-nightly.118', 'message': 'no deps or dev-deps'}
{'statusCode': 0, 'package': '@parcel/events_2.0.0-nightly.119', 'message': 'no deps or dev-deps'}
{'statusCode': 0, 'package': '@parcel/events_2.0.0-nightly.120', 'message': 'no deps or dev-deps'}
{'statusCode': 0, 'package': '@parcel/events_2.0.0-nightly.121', 'message': 'no deps or dev-deps'}
{'statusCode': 0, 'package': '@parcel/events_2.0.0-nightly.122', 'message': 'no deps or dev-deps'}
{'statusCode': 0, 'package': '@parcel/events_2.0.0-nightly.127', 'message': 'no deps or dev-deps'}
{'statusCode': 0, 'package': '@parcel/events_2.0.0-nightly.130', 'message': 'no deps or dev-deps'}
{'statusCode': 0, 'package': '@parcel/events_2.0.0-nightly.132', 'message': 'no deps or dev-deps'}
{'statusCode': 0, 'package': '@parcel/events_2.0.0-nightly.133', 'message': 'no deps or dev-deps'}
{'statusCode': 0, 'package': '@parcel/events_2.0.0-nightly.135', 'message': 'no deps or dev-deps'}
{'statusCode': 0, 'package': '@parcel/events_2.0.0-nightly.137', 'message': 'no deps or dev-deps'}
{'statusCode': 0, 'package': '@parcel/events_2.0.0-nightly.140', 'message': 'no deps or dev-deps'}
{'statusCode': 0, 'package': '@parcel/events_2.0.0-nightly.142', 'message': 'no deps or dev-deps'}
{'statusCode': 0, 'package': '@parcel/events_2.0.0-nightly.143', 'message': 'no deps or dev-deps'}
{'statusCode': 0, 'package': '@parcel/events_2.0.0-nightly.144', 'message': 'no deps or dev-deps'}
{'statusCode': 0, 'package': '@parcel/events_2.0.0-nightly.146', 'message': 'no deps or dev-deps'}
{'statusCode': 0, 'package': '@parcel/events_2.0.0-nightly.148', 'message': 'no deps or dev-deps'}
{'statusCode': 0, 'package': '@parcel/events_2.0.0-nightly.149', 'message': 'no deps or dev-deps'}
{'statusCode': 0, 'package': '@parcel/events_2.0.0-nightly.150', 'message': 'no deps or dev-deps'}
{'statusCode': 0, 'package': '@parcel/events_2.0.0-nightly.151', 'message': 'no deps or dev-deps'}
{'statusCode': 0, 'package': '@parcel/events_2.0.0-nightly.155', 'message': 'no deps or dev-deps'}
{'statusCode': 0, 'package': '@parcel/events_2.0.0-nightly.156', 'message': 'no deps or dev-deps'}
{'statusCode': 0, 'package': '@parcel/events_2.0.0-nightly.159', 'message': 'no deps or dev-deps'}
{'statusCode': 0, 'package': '@parcel/events_2.0.0-nightly.165', 'message': 'no deps or dev-deps'}
{'statusCode': 0, 'package': '@parcel/events_2.0.0-nightly.166', 'message': 'no deps or dev-deps'}
{'statusCode': 0, 'package': '@parcel/events_2.0.0-nightly.167', 'message': 'no deps or dev-deps'}
{'statusCode': 0, 'package': '@parcel/events_2.0.0-nightly.173', 'message': 'no deps or dev-deps'}
{'statusCode': 0, 'package': '@parcel/events_2.0.0-nightly.177', 'message': 'no deps or dev-deps'}
{'statusCode': 0, 'package': '@parcel/events_2.0.0-nightly.182', 'message': 'no deps or dev-deps'}
{'statusCode': 0, 'package': '@parcel/events_2.0.0-nightly.185', 'message': 'no deps or dev-deps'}
{'statusCode': 0, 'package': '@parcel/events_2.0.0-nightly.186', 'message': 'no deps or dev-deps'}
{'statusCode': 0, 'package': '@parcel/events_2.0.0-nightly.187', 'message': 'no deps or dev-deps'}
{'statusCode': 0, 'package': '@parcel/events_2.0.0-nightly.191', 'message': 'no deps or dev-deps'}
{'statusCode': 0, 'package': '@parcel/events_2.0.0-nightly.195', 'message': 'no deps or dev-deps'}
{'statusCode': 0, 'package': '@parcel/events_2.0.0-nightly.196', 'message': 'no deps or dev-deps'}
{'statusCode': 0, 'package': '@parcel/events_2.0.0-nightly.198', 'message': 'no deps or dev-deps'}
{'statusCode': 0, 'package': '@parcel/events_2.0.0-nightly.200', 'message': 'no deps or dev-deps'}
{'statusCode': 0, 'package': '@parcel/events_2.0.0-nightly.201', 'message': 'no deps or dev-deps'}
{'statusCode': 0, 'package': '@parcel/events_2.0.0-nightly.203', 'message': 'no deps or dev-deps'}
{'statusCode': 0, 'package': '@parcel/events_2.0.0-nightly.205', 'message': 'no deps or dev-deps'}
{'statusCode': 0, 'package': '@parcel/events_2.0.0-nightly.207', 'message': 'no deps or dev-deps'}
{'statusCode': 0, 'package': '@parcel/events_2.0.0-nightly.209', 'message': 'no deps or dev-deps'}
{'statusCode': 0, 'package': '@parcel/events_2.0.0-nightly.210', 'message': 'no deps or dev-deps'}
{'statusCode': 0, 'package': '@parcel/events_2.0.0-nightly.214', 'message': 'no deps or dev-deps'}
{'statusCode': 0, 'package': '@parcel/events_2.0.0-nightly.219', 'message': 'no deps or dev-deps'}
{'statusCode': 0, 'package': '@parcel/events_2.0.0-nightly.222', 'message': 'no deps or dev-deps'}
{'statusCode': 0, 'package': '@parcel/events_2.0.0-nightly.223', 'message': 'no deps or dev-deps'}
{'statusCode': 0, 'package': '@parcel/events_2.0.0-nightly.225', 'message': 'no deps or dev-deps'}
{'statusCode': 0, 'package': '@parcel/events_2.0.0-nightly.227', 'message': 'no deps or dev-deps'}
{'statusCode': 0, 'package': '@parcel/events_2.0.0-nightly.228', 'message': 'no deps or dev-deps'}
{'statusCode': 0, 'package': '@parcel/events_2.0.0-nightly.229', 'message': 'no deps or dev-deps'}
{'statusCode': 0, 'package': '@parcel/events_2.0.0-nightly.230', 'message': 'no deps or dev-deps'}
{'statusCode': 0, 'package': '@parcel/events_2.0.0-nightly.232', 'message': 'no deps or dev-deps'}
{'statusCode': 0, 'package': '@parcel/events_2.0.0-nightly.236', 'message': 'no deps or dev-deps'}
{'statusCode': 0, 'package': '@parcel/events_2.0.0-nightly.239', 'message': 'no deps or dev-deps'}
{'statusCode': 0, 'package': '@parcel/events_2.0.0-nightly.242', 'message': 'no deps or dev-deps'}
{'statusCode': 0, 'package': '@parcel/events_2.0.0-nightly.249', 'message': 'no deps or dev-deps'}
{'statusCode': 0, 'package': '@parcel/events_2.0.0-nightly.250', 'message': 'no deps or dev-deps'}
{'statusCode': 0, 'package': '@parcel/events_2.0.0-nightly.252', 'message': 'no deps or dev-deps'}
{'statusCode': 0, 'package': '@parcel/events_2.0.0-nightly.253', 'message': 'no deps or dev-deps'}
{'statusCode': 0, 'package': '@parcel/events_2.0.0-nightly.257', 'message': 'no deps or dev-deps'}
{'statusCode': 0, 'package': '@parcel/events_2.0.0-nightly.258', 'message': 'no deps or dev-deps'}
{'statusCode': 0, 'package': '@parcel/events_2.0.0-nightly.261', 'message': 'no deps or dev-deps'}
{'statusCode': 0, 'package': '@parcel/events_2.0.0-nightly.263', 'message': 'no deps or dev-deps'}
{'statusCode': 0, 'package': '@parcel/events_2.0.0-nightly.266', 'message': 'no deps or dev-deps'}
{'statusCode': 0, 'package': '@parcel/events_2.0.0-nightly.268', 'message': 'no deps or dev-deps'}
{'statusCode': 0, 'package': '@parcel/events_2.0.0-nightly.272', 'message': 'no deps or dev-deps'}
{'statusCode': 0, 'package': '@parcel/events_2.0.0-nightly.275', 'message': 'no deps or dev-deps'}
{'statusCode': 0, 'package': '@parcel/events_2.0.0-nightly.277', 'message': 'no deps or dev-deps'}
{'statusCode': 0, 'package': '@parcel/events_2.0.0-nightly.278', 'message': 'no deps or dev-deps'}
{'statusCode': 0, 'package': '@parcel/events_2.0.0-nightly.279', 'message': 'no deps or dev-deps'}
{'statusCode': 0, 'package': '@parcel/events_2.0.0-nightly.280', 'message': 'no deps or dev-deps'}
{'statusCode': 0, 'package': '@parcel/events_2.0.0-nightly.282', 'message': 'no deps or dev-deps'}
{'statusCode': 0, 'package': '@parcel/events_2.0.0-nightly.284', 'message': 'no deps or dev-deps'}
{'statusCode': 0, 'package': '@parcel/events_2.0.0-nightly.286', 'message': 'no deps or dev-deps'}
{'statusCode': 0, 'package': '@parcel/events_2.0.0-nightly.288', 'message': 'no deps or dev-deps'}
{'statusCode': 0, 'package': '@parcel/events_2.0.0-nightly.289', 'message': 'no deps or dev-deps'}
{'statusCode': 0, 'package': '@parcel/events_2.0.0-nightly.290', 'message': 'no deps or dev-deps'}
{'statusCode': 0, 'package': '@parcel/events_2.0.0-nightly.291', 'message': 'no deps or dev-deps'}
{'statusCode': 0, 'package': '@parcel/events_2.0.0-nightly.293', 'message': 'no deps or dev-deps'}
{'statusCode': 0, 'package': '@parcel/events_2.0.0-nightly.295', 'message': 'no deps or dev-deps'}
{'statusCode': 0, 'package': '@parcel/events_2.0.0-nightly.298', 'message': 'no deps or dev-deps'}
{'statusCode': 0, 'package': '@parcel/events_2.0.0-nightly.299', 'message': 'no deps or dev-deps'}
{'statusCode': 0, 'package': '@parcel/events_2.0.0-beta.1', 'message': 'no deps or dev-deps'}
{'statusCode': 0, 'package': '@parcel/events_2.0.0-nightly.302', 'message': 'no deps or dev-deps'}
{'statusCode': 0, 'package': '@parcel/events_2.0.0-nightly.304', 'message': 'no deps or dev-deps'}
{'statusCode': 0, 'package': '@parcel/events_2.0.0-nightly.307', 'message': 'no deps or dev-deps'}
{'statusCode': 0, 'package': '@parcel/events_2.0.0-nightly.313', 'message': 'no deps or dev-deps'}
{'statusCode': 0, 'package': '@parcel/events_2.0.0-nightly.315', 'message': 'no deps or dev-deps'}
{'statusCode': 0, 'package': '@parcel/events_2.0.0-nightly.316', 'message': 'no deps or dev-deps'}
{'statusCode': 0, 'package': '@parcel/events_2.0.0-nightly.317', 'message': 'no deps or dev-deps'}
{'statusCode': 0, 'package': '@parcel/events_2.0.0-nightly.320', 'message': 'no deps or dev-deps'}
{'statusCode': 0, 'package': '@parcel/events_2.0.0-nightly.321', 'message': 'no deps or dev-deps'}
{'statusCode': 0, 'package': '@parcel/events_2.0.0-nightly.322', 'message': 'no deps or dev-deps'}
{'statusCode': 0, 'package': '@parcel/events_2.0.0-nightly.324', 'message': 'no deps or dev-deps'}
{'statusCode': 0, 'package': '@parcel/events_2.0.0-nightly.327', 'message': 'no deps or dev-deps'}
{'statusCode': 0, 'package': '@parcel/events_2.0.0-nightly.330', 'message': 'no deps or dev-deps'}
{'statusCode': 0, 'package': '@parcel/events_2.0.0-nightly.331', 'message': 'no deps or dev-deps'}
{'statusCode': 0, 'package': '@parcel/events_2.0.0-nightly.332', 'message': 'no deps or dev-deps'}
{'statusCode': 0, 'package': '@parcel/events_2.0.0-nightly.335', 'message': 'no deps or dev-deps'}
{'statusCode': 0, 'package': '@parcel/events_2.0.0-nightly.339', 'message': 'no deps or dev-deps'}
{'statusCode': 0, 'package': '@parcel/events_2.0.0-nightly.340', 'message': 'no deps or dev-deps'}
{'statusCode': 0, 'package': '@parcel/events_2.0.0-nightly.341', 'message': 'no deps or dev-deps'}
{'statusCode': 0, 'package': '@parcel/events_2.0.0-nightly.343', 'message': 'no deps or dev-deps'}
{'statusCode': 0, 'package': '@parcel/events_2.0.0-nightly.346', 'message': 'no deps or dev-deps'}
{'statusCode': 0, 'package': '@parcel/events_2.0.0-nightly.349', 'message': 'no deps or dev-deps'}
{'statusCode': 0, 'package': '@parcel/events_2.0.0-nightly.351', 'message': 'no deps or dev-deps'}
{'statusCode': 0, 'package': '@parcel/events_2.0.0-nightly.352', 'message': 'no deps or dev-deps'}
{'statusCode': 0, 'package': '@parcel/events_2.0.0-nightly.354', 'message': 'no deps or dev-deps'}
{'statusCode': 0, 'package': '@parcel/events_2.0.0-nightly.355', 'message': 'no deps or dev-deps'}
{'statusCode': 0, 'package': '@parcel/events_2.0.0-nightly.356', 'message': 'no deps or dev-deps'}
{'statusCode': 0, 'package': '@parcel/events_2.0.0-nightly.357', 'message': 'no deps or dev-deps'}
{'statusCode': 0, 'package': '@parcel/events_2.0.0-nightly.359', 'message': 'no deps or dev-deps'}
{'statusCode': 0, 'package': '@parcel/events_2.0.0-nightly.360', 'message': 'no deps or dev-deps'}
{'statusCode': 0, 'package': '@parcel/events_2.0.0-nightly.362', 'message': 'no deps or dev-deps'}
{'statusCode': 0, 'package': '@parcel/events_2.0.0-nightly.366', 'message': 'no deps or dev-deps'}
{'statusCode': 0, 'package': '@parcel/events_2.0.0-nightly.368', 'message': 'no deps or dev-deps'}
{'statusCode': 0, 'package': '@parcel/events_2.0.0-nightly.370', 'message': 'no deps or dev-deps'}
{'statusCode': 0, 'package': '@parcel/events_2.0.0-nightly.372', 'message': 'no deps or dev-deps'}
{'statusCode': 0, 'package': '@parcel/events_2.0.0-nightly.374', 'message': 'no deps or dev-deps'}
{'statusCode': 0, 'package': '@parcel/events_2.0.0-nightly.378', 'message': 'no deps or dev-deps'}
{'statusCode': 0, 'package': '@parcel/events_2.0.0-nightly.379', 'message': 'no deps or dev-deps'}
{'statusCode': 0, 'package': '@parcel/events_2.0.0-nightly.380', 'message': 'no deps or dev-deps'}
{'statusCode': 0, 'package': '@parcel/events_2.0.0-nightly.382', 'message': 'no deps or dev-deps'}
{'statusCode': 0, 'package': '@parcel/events_2.0.0-nightly.386', 'message': 'no deps or dev-deps'}
{'statusCode': 0, 'package': '@parcel/events_2.0.0-nightly.387', 'message': 'no deps or dev-deps'}
{'statusCode': 0, 'package': '@parcel/events_2.0.0-nightly.388', 'message': 'no deps or dev-deps'}
{'statusCode': 0, 'package': '@parcel/events_2.0.0-nightly.389', 'message': 'no deps or dev-deps'}
{'statusCode': 0, 'package': '@parcel/events_2.0.0-nightly.390', 'message': 'no deps or dev-deps'}
{'statusCode': 0, 'package': '@parcel/events_2.0.0-nightly.391', 'message': 'no deps or dev-deps'}
{'statusCode': 0, 'package': '@parcel/events_2.0.0-nightly.397', 'message': 'no deps or dev-deps'}
{'statusCode': 0, 'package': '@parcel/events_2.0.0-nightly.398', 'message': 'no deps or dev-deps'}
{'statusCode': 0, 'package': '@parcel/events_2.0.0-nightly.399', 'message': 'no deps or dev-deps'}
{'statusCode': 0, 'package': '@parcel/events_2.0.0-nightly.400', 'message': 'no deps or dev-deps'}
{'statusCode': 0, 'package': '@parcel/events_2.0.0-nightly.401', 'message': 'no deps or dev-deps'}
{'statusCode': 0, 'package': '@parcel/events_2.0.0-nightly.402', 'message': 'no deps or dev-deps'}
{'statusCode': 0, 'package': '@parcel/events_2.0.0-nightly.403', 'message': 'no deps or dev-deps'}
{'statusCode': 0, 'package': '@parcel/events_2.0.0-nightly.405', 'message': 'no deps or dev-deps'}
{'statusCode': 0, 'package': '@parcel/events_2.0.0-nightly.409', 'message': 'no deps or dev-deps'}
{'statusCode': 0, 'package': '@parcel/events_2.0.0-nightly.410', 'message': 'no deps or dev-deps'}
{'statusCode': 0, 'package': '@parcel/events_2.0.0-nightly.411', 'message': 'no deps or dev-deps'}
{'statusCode': 0, 'package': '@parcel/events_2.0.0-nightly.412', 'message': 'no deps or dev-deps'}
{'statusCode': 0, 'package': '@parcel/events_2.0.0-nightly.413', 'message': 'no deps or dev-deps'}
{'statusCode': 0, 'package': '@parcel/events_2.0.0-nightly.415', 'message': 'no deps or dev-deps'}
{'statusCode': 0, 'package': '@parcel/events_2.0.0-nightly.416', 'message': 'no deps or dev-deps'}
{'statusCode': 0, 'package': '@parcel/events_2.0.0-nightly.417', 'message': 'no deps or dev-deps'}
{'statusCode': 0, 'package': '@parcel/events_2.0.0-nightly.418', 'message': 'no deps or dev-deps'}
{'statusCode': 0, 'package': '@parcel/events_2.0.0-nightly.421', 'message': 'no deps or dev-deps'}
{'statusCode': 0, 'package': '@parcel/events_2.0.0-nightly.422', 'message': 'no deps or dev-deps'}
{'statusCode': 0, 'package': '@parcel/events_2.0.0-nightly.426', 'message': 'no deps or dev-deps'}
{'statusCode': 0, 'package': '@parcel/events_2.0.0-nightly.427', 'message': 'no deps or dev-deps'}
{'statusCode': 0, 'package': '@parcel/events_2.0.0-nightly.428', 'message': 'no deps or dev-deps'}
{'statusCode': 0, 'package': '@parcel/events_2.0.0-nightly.429', 'message': 'no deps or dev-deps'}
{'statusCode': 0, 'package': '@parcel/events_2.0.0-nightly.430', 'message': 'no deps or dev-deps'}
{'statusCode': 0, 'package': '@parcel/events_2.0.0-nightly.431', 'message': 'no deps or dev-deps'}
{'statusCode': 0, 'package': '@parcel/events_2.0.0-nightly.432', 'message': 'no deps or dev-deps'}
{'statusCode': 0, 'package': '@parcel/events_2.0.0-nightly.434', 'message': 'no deps or dev-deps'}
{'statusCode': 0, 'package': '@parcel/events_2.0.0-nightly.435', 'message': 'no deps or dev-deps'}
{'statusCode': 0, 'package': '@parcel/events_2.0.0-nightly.437', 'message': 'no deps or dev-deps'}
{'statusCode': 0, 'package': '@parcel/events_2.0.0-nightly.440', 'message': 'no deps or dev-deps'}
{'statusCode': 0, 'package': '@parcel/events_2.0.0-nightly.441', 'message': 'no deps or dev-deps'}
{'statusCode': 0, 'package': '@parcel/events_2.0.0-nightly.442', 'message': 'no deps or dev-deps'}
{'statusCode': 0, 'package': '@parcel/events_2.0.0-nightly.444', 'message': 'no deps or dev-deps'}
{'statusCode': 0, 'package': '@parcel/events_2.0.0-nightly.445', 'message': 'no deps or dev-deps'}
{'statusCode': 0, 'package': '@parcel/events_2.0.0-nightly.446', 'message': 'no deps or dev-deps'}
{'statusCode': 0, 'package': '@parcel/events_2.0.0-nightly.447', 'message': 'no deps or dev-deps'}
{'statusCode': 0, 'package': '@parcel/events_2.0.0-nightly.448', 'message': 'no deps or dev-deps'}
{'statusCode': 0, 'package': '@parcel/events_2.0.0-nightly.449', 'message': 'no deps or dev-deps'}
{'statusCode': 0, 'package': '@parcel/events_2.0.0-nightly.454', 'message': 'no deps or dev-deps'}
{'statusCode': 0, 'package': '@parcel/events_2.0.0-nightly.455', 'message': 'no deps or dev-deps'}
{'statusCode': 0, 'package': '@parcel/events_2.0.0-nightly.456', 'message': 'no deps or dev-deps'}
{'statusCode': 0, 'package': '@parcel/events_2.0.0-nightly.459', 'message': 'no deps or dev-deps'}
{'statusCode': 0, 'package': '@parcel/events_2.0.0-nightly.462', 'message': 'no deps or dev-deps'}
{'statusCode': 0, 'package': '@parcel/events_2.0.0-nightly.464', 'message': 'no deps or dev-deps'}
{'statusCode': 0, 'package': '@parcel/events_2.0.0-nightly.465', 'message': 'no deps or dev-deps'}
{'statusCode': 0, 'package': '@parcel/events_2.0.0-nightly.466', 'message': 'no deps or dev-deps'}
{'statusCode': 0, 'package': '@parcel/events_2.0.0-nightly.467', 'message': 'no deps or dev-deps'}
{'statusCode': 0, 'package': '@parcel/events_2.0.0-nightly.468', 'message': 'no deps or dev-deps'}
{'statusCode': 0, 'package': '@parcel/events_2.0.0-nightly.469', 'message': 'no deps or dev-deps'}
{'statusCode': 0, 'package': '@parcel/events_2.0.0-nightly.471', 'message': 'no deps or dev-deps'}
{'statusCode': 0, 'package': '@parcel/events_2.0.0-nightly.474', 'message': 'no deps or dev-deps'}
{'statusCode': 0, 'package': '@parcel/events_2.0.0-nightly.476', 'message': 'no deps or dev-deps'}
{'statusCode': 0, 'package': '@parcel/events_2.0.0-nightly.477', 'message': 'no deps or dev-deps'}
{'statusCode': 0, 'package': '@parcel/events_2.0.0-nightly.478', 'message': 'no deps or dev-deps'}
{'statusCode': 0, 'package': '@parcel/events_2.0.0-nightly.479', 'message': 'no deps or dev-deps'}
{'statusCode': 0, 'package': '@parcel/events_2.0.0-nightly.481', 'message': 'no deps or dev-deps'}
{'statusCode': 0, 'package': '@parcel/events_2.0.0-nightly.483', 'message': 'no deps or dev-deps'}
{'statusCode': 0, 'package': '@parcel/events_2.0.0-nightly.487', 'message': 'no deps or dev-deps'}
{'statusCode': 0, 'package': '@parcel/events_2.0.0-nightly.488', 'message': 'no deps or dev-deps'}
{'statusCode': 0, 'package': '@parcel/events_2.0.0-nightly.491', 'message': 'no deps or dev-deps'}
{'statusCode': 0, 'package': '@parcel/events_2.0.0-nightly.492', 'message': 'no deps or dev-deps'}
{'statusCode': 0, 'package': '@parcel/events_2.0.0-nightly.493', 'message': 'no deps or dev-deps'}
{'statusCode': 0, 'package': '@parcel/events_2.0.0-nightly.494', 'message': 'no deps or dev-deps'}
{'statusCode': 0, 'package': '@parcel/events_2.0.0-nightly.497', 'message': 'no deps or dev-deps'}
{'statusCode': 0, 'package': '@parcel/events_2.0.0-nightly.498', 'message': 'no deps or dev-deps'}
{'statusCode': 0, 'package': '@parcel/events_2.0.0-nightly.502', 'message': 'no deps or dev-deps'}
{'statusCode': 0, 'package': '@parcel/events_2.0.0-nightly.506', 'message': 'no deps or dev-deps'}
{'statusCode': 0, 'package': '@parcel/events_2.0.0-nightly.508', 'message': 'no deps or dev-deps'}
{'statusCode': 0, 'package': '@parcel/events_2.0.0-nightly.513', 'message': 'no deps or dev-deps'}
{'statusCode': 0, 'package': '@parcel/events_2.0.0-nightly.515', 'message': 'no deps or dev-deps'}
{'statusCode': 0, 'package': '@parcel/events_2.0.0-nightly.516', 'message': 'no deps or dev-deps'}
{'statusCode': 0, 'package': '@parcel/events_2.0.0-nightly.522', 'message': 'no deps or dev-deps'}
{'statusCode': 0, 'package': '@parcel/events_2.0.0-nightly.524', 'message': 'no deps or dev-deps'}
{'statusCode': 0, 'package': '@parcel/events_2.0.0-nightly.526', 'message': 'no deps or dev-deps'}
{'statusCode': 0, 'package': '@parcel/events_2.0.0-nightly.529', 'message': 'no deps or dev-deps'}
{'statusCode': 0, 'package': '@parcel/events_2.0.0-nightly.534', 'message': 'no deps or dev-deps'}
{'statusCode': 0, 'package': '@parcel/events_2.0.0-nightly.537', 'message': 'no deps or dev-deps'}
{'statusCode': 0, 'package': '@parcel/events_2.0.0-nightly.539', 'message': 'no deps or dev-deps'}
{'statusCode': 0, 'package': '@parcel/events_2.0.0-nightly.541', 'message': 'no deps or dev-deps'}
{'statusCode': 0, 'package': '@parcel/events_2.0.0-nightly.542', 'message': 'no deps or dev-deps'}
{'statusCode': 0, 'package': '@parcel/events_2.0.0-nightly.550', 'message': 'no deps or dev-deps'}
{'statusCode': 0, 'package': '@parcel/events_2.0.0-nightly.553', 'message': 'no deps or dev-deps'}
{'statusCode': 0, 'package': '@parcel/events_2.0.0-nightly.555', 'message': 'no deps or dev-deps'}
{'statusCode': 0, 'package': '@parcel/events_2.0.0-nightly.556', 'message': 'no deps or dev-deps'}
{'statusCode': 0, 'package': '@parcel/events_2.0.0-nightly.560', 'message': 'no deps or dev-deps'}
{'statusCode': 0, 'package': '@parcel/events_2.0.0-nightly.562', 'message': 'no deps or dev-deps'}
{'statusCode': 0, 'package': '@parcel/events_2.0.0-nightly.564', 'message': 'no deps or dev-deps'}
{'statusCode': 0, 'package': '@parcel/events_2.0.0-nightly.568', 'message': 'no deps or dev-deps'}
{'statusCode': 0, 'package': '@parcel/events_2.0.0-nightly.572', 'message': 'no deps or dev-deps'}
{'statusCode': 0, 'package': '@parcel/events_2.0.0-nightly.575', 'message': 'no deps or dev-deps'}
{'statusCode': 0, 'package': '@parcel/events_2.0.0-nightly.576', 'message': 'no deps or dev-deps'}
{'statusCode': 0, 'package': '@parcel/events_2.0.0-nightly.579', 'message': 'no deps or dev-deps'}
{'statusCode': 0, 'package': '@parcel/events_2.0.0-nightly.581', 'message': 'no deps or dev-deps'}
{'statusCode': 0, 'package': '@parcel/events_2.0.0-nightly.587', 'message': 'no deps or dev-deps'}
{'statusCode': 0, 'package': '@parcel/events_2.0.0-nightly.592', 'message': 'no deps or dev-deps'}
{'statusCode': 0, 'package': '@parcel/events_2.0.0-nightly.594', 'message': 'no deps or dev-deps'}
{'statusCode': 0, 'package': '@parcel/events_2.0.0-nightly.598', 'message': 'no deps or dev-deps'}
{'statusCode': 0, 'package': '@parcel/events_2.0.0-nightly.599', 'message': 'no deps or dev-deps'}
{'statusCode': 0, 'package': '@parcel/events_2.0.0-nightly.600', 'message': 'no deps or dev-deps'}
{'statusCode': 0, 'package': '@parcel/events_2.0.0-nightly.602', 'message': 'no deps or dev-deps'}
{'statusCode': 0, 'package': '@parcel/events_2.0.0-nightly.605', 'message': 'no deps or dev-deps'}
{'statusCode': 0, 'package': '@parcel/events_2.0.0-nightly.607', 'message': 'no deps or dev-deps'}
{'statusCode': 0, 'package': '@parcel/events_2.0.0-nightly.608', 'message': 'no deps or dev-deps'}
{'statusCode': 0, 'package': '@parcel/events_2.0.0-nightly.609', 'message': 'no deps or dev-deps'}
{'statusCode': 0, 'package': '@parcel/events_2.0.0-nightly.610', 'message': 'no deps or dev-deps'}
{'statusCode': 0, 'package': '@parcel/events_2.0.0-nightly.611', 'message': 'no deps or dev-deps'}
{'statusCode': 0, 'package': '@parcel/events_2.0.0-nightly.612', 'message': 'no deps or dev-deps'}
{'statusCode': 0, 'package': '@parcel/events_2.0.0-nightly.616', 'message': 'no deps or dev-deps'}
{'statusCode': 0, 'package': '@parcel/events_2.0.0-nightly.617', 'message': 'no deps or dev-deps'}
{'statusCode': 0, 'package': '@parcel/events_2.0.0-nightly.620', 'message': 'no deps or dev-deps'}
{'statusCode': 0, 'package': '@parcel/events_2.0.0-nightly.621', 'message': 'no deps or dev-deps'}
{'statusCode': 0, 'package': '@parcel/events_2.0.0-nightly.622', 'message': 'no deps or dev-deps'}
{'statusCode': 0, 'package': '@parcel/events_2.0.0-nightly.625', 'message': 'no deps or dev-deps'}
{'statusCode': 0, 'package': '@parcel/events_2.0.0-nightly.627', 'message': 'no deps or dev-deps'}
{'statusCode': 0, 'package': '@parcel/events_2.0.0-nightly.628', 'message': 'no deps or dev-deps'}
{'statusCode': 0, 'package': '@parcel/events_2.0.0-beta.2', 'message': 'no deps or dev-deps'}
{'statusCode': 0, 'package': '@parcel/events_2.0.0-nightly.629', 'message': 'no deps or dev-deps'}
{'statusCode': 0, 'package': '@parcel/events_2.0.0-nightly.630', 'message': 'no deps or dev-deps'}
{'statusCode': 0, 'package': '@parcel/events_2.0.0-nightly.631', 'message': 'no deps or dev-deps'}
{'statusCode': 0, 'package': '@parcel/events_2.0.0-nightly.632', 'message': 'no deps or dev-deps'}
{'statusCode': 0, 'package': '@parcel/events_2.0.0-nightly.633', 'message': 'no deps or dev-deps'}
{'statusCode': 0, 'package': '@parcel/events_2.0.0-nightly.634', 'message': 'no deps or dev-deps'}
{'statusCode': 0, 'package': '@parcel/events_2.0.0-nightly.635', 'message': 'no deps or dev-deps'}
{'statusCode': 0, 'package': '@parcel/events_2.0.0-nightly.636', 'message': 'no deps or dev-deps'}
{'statusCode': 0, 'package': '@parcel/events_2.0.0-nightly.637', 'message': 'no deps or dev-deps'}
{'statusCode': 0, 'package': '@parcel/events_2.0.0-nightly.638', 'message': 'no deps or dev-deps'}
{'statusCode': 0, 'package': '@parcel/events_2.0.0-nightly.639', 'message': 'no deps or dev-deps'}
{'statusCode': 0, 'package': '@parcel/events_2.0.0-nightly.641', 'message': 'no deps or dev-deps'}
{'statusCode': 0, 'package': '@parcel/events_2.0.0-nightly.642', 'message': 'no deps or dev-deps'}
{'statusCode': 0, 'package': '@parcel/events_2.0.0-nightly.643', 'message': 'no deps or dev-deps'}
{'statusCode': 0, 'package': '@parcel/events_2.0.0-nightly.644', 'message': 'no deps or dev-deps'}
{'statusCode': 0, 'package': '@parcel/events_2.0.0-nightly.645', 'message': 'no deps or dev-deps'}
{'statusCode': 0, 'package': '@parcel/events_2.0.0-nightly.646', 'message': 'no deps or dev-deps'}
{'statusCode': 0, 'package': '@parcel/events_2.0.0-nightly.648', 'message': 'no deps or dev-deps'}
{'statusCode': 0, 'package': '@parcel/events_2.0.0-nightly.649', 'message': 'no deps or dev-deps'}
{'statusCode': 0, 'package': '@parcel/events_2.0.0-nightly.651', 'message': 'no deps or dev-deps'}
{'statusCode': 0, 'package': '@parcel/events_2.0.0-nightly.652', 'message': 'no deps or dev-deps'}
{'statusCode': 0, 'package': '@parcel/events_2.0.0-nightly.653', 'message': 'no deps or dev-deps'}
{'statusCode': 0, 'package': '@parcel/events_2.0.0-nightly.655', 'message': 'no deps or dev-deps'}
{'statusCode': 0, 'package': '@parcel/events_2.0.0-nightly.656', 'message': 'no deps or dev-deps'}
{'statusCode': 0, 'package': '@parcel/events_2.0.0-nightly.657', 'message': 'no deps or dev-deps'}
{'statusCode': 0, 'package': '@parcel/events_2.0.0-nightly.662', 'message': 'no deps or dev-deps'}
{'statusCode': 0, 'package': '@parcel/events_2.0.0-nightly.667', 'message': 'no deps or dev-deps'}
{'statusCode': 0, 'package': '@parcel/events_2.0.0-nightly.670', 'message': 'no deps or dev-deps'}
{'statusCode': 0, 'package': '@parcel/events_2.0.0-nightly.671', 'message': 'no deps or dev-deps'}
{'statusCode': 0, 'package': '@parcel/events_2.0.0-nightly.672', 'message': 'no deps or dev-deps'}
{'statusCode': 0, 'package': '@parcel/events_2.0.0-nightly.673', 'message': 'no deps or dev-deps'}
{'statusCode': 0, 'package': '@parcel/events_2.0.0-nightly.674', 'message': 'no deps or dev-deps'}
{'statusCode': 0, 'package': '@parcel/events_2.0.0-nightly.676', 'message': 'no deps or dev-deps'}
{'statusCode': 0, 'package': '@parcel/events_2.0.0-beta.3', 'message': 'no deps or dev-deps'}
{'statusCode': 0, 'package': '@parcel/events_2.0.0-nightly.678', 'message': 'no deps or dev-deps'}
{'statusCode': 0, 'package': '@parcel/events_2.0.0-nightly.679', 'message': 'no deps or dev-deps'}
{'statusCode': 0, 'package': '@parcel/events_2.0.0-beta.3.1', 'message': 'no deps or dev-deps'}
{'statusCode': 0, 'package': '@parcel/events_2.0.0-nightly.680', 'message': 'no deps or dev-deps'}
{'statusCode': 0, 'package': '@parcel/events_2.0.0-nightly.681', 'message': 'no deps or dev-deps'}
{'statusCode': 0, 'package': '@parcel/events_2.0.0-nightly.688', 'message': 'no deps or dev-deps'}
{'statusCode': 0, 'package': '@parcel/events_2.0.0-nightly.690', 'message': 'no deps or dev-deps'}
{'statusCode': 0, 'package': '@parcel/events_2.0.0-nightly.703', 'message': 'no deps or dev-deps'}
{'statusCode': 0, 'package': '@parcel/events_2.0.0-nightly.706', 'message': 'no deps or dev-deps'}
{'statusCode': 0, 'package': '@parcel/events_2.0.0-nightly.710', 'message': 'no deps or dev-deps'}
{'statusCode': 0, 'package': '@parcel/events_2.0.0-nightly.713', 'message': 'no deps or dev-deps'}
{'statusCode': 0, 'package': '@parcel/events_2.0.0-nightly.716', 'message': 'no deps or dev-deps'}
{'statusCode': 0, 'package': '@parcel/events_2.0.0-nightly.718', 'message': 'no deps or dev-deps'}
{'statusCode': 0, 'package': '@parcel/events_2.0.0-nightly.720', 'message': 'no deps or dev-deps'}
{'statusCode': 0, 'package': '@parcel/events_2.0.0-nightly.721', 'message': 'no deps or dev-deps'}
{'statusCode': 0, 'package': '@parcel/events_2.0.0-nightly.722', 'message': 'no deps or dev-deps'}
{'statusCode': 0, 'package': '@parcel/events_2.0.0-nightly.724', 'message': 'no deps or dev-deps'}
{'statusCode': 0, 'package': '@parcel/events_2.0.0-nightly.727', 'message': 'no deps or dev-deps'}
{'statusCode': 0, 'package': '@parcel/events_2.0.0-nightly.728', 'message': 'no deps or dev-deps'}
{'statusCode': 0, 'package': '@parcel/events_2.0.0-nightly.731', 'message': 'no deps or dev-deps'}
{'statusCode': 0, 'package': '@parcel/events_2.0.0-nightly.733', 'message': 'no deps or dev-deps'}
{'statusCode': 0, 'package': '@parcel/events_2.0.0-nightly.734', 'message': 'no deps or dev-deps'}
{'statusCode': 0, 'package': '@parcel/events_2.0.0-nightly.735', 'message': 'no deps or dev-deps'}
{'statusCode': 0, 'package': '@parcel/events_2.0.0-nightly.736', 'message': 'no deps or dev-deps'}
{'statusCode': 0, 'package': '@parcel/events_2.0.0-nightly.748', 'message': 'no deps or dev-deps'}
{'statusCode': 0, 'package': '@parcel/events_2.0.0-nightly.751', 'message': 'no deps or dev-deps'}
{'statusCode': 0, 'package': '@parcel/events_2.0.0-nightly.752', 'message': 'no deps or dev-deps'}
{'statusCode': 0, 'package': '@parcel/events_2.0.0-nightly.754', 'message': 'no deps or dev-deps'}
{'statusCode': 0, 'package': '@parcel/events_2.0.0-nightly.755', 'message': 'no deps or dev-deps'}
{'statusCode': 0, 'package': '@parcel/events_2.0.0-nightly.758', 'message': 'no deps or dev-deps'}
{'statusCode': 0, 'package': '@parcel/events_2.0.0-nightly.762', 'message': 'no deps or dev-deps'}
{'statusCode': 0, 'package': '@parcel/events_2.0.0-nightly.765', 'message': 'no deps or dev-deps'}
{'statusCode': 0, 'package': '@parcel/events_2.0.0-nightly.766', 'message': 'no deps or dev-deps'}
{'statusCode': 0, 'package': '@parcel/events_2.0.0-nightly.769', 'message': 'no deps or dev-deps'}
{'statusCode': 0, 'package': '@parcel/events_2.0.0-nightly.771', 'message': 'no deps or dev-deps'}
{'statusCode': 0, 'package': '@parcel/events_2.0.0-nightly.776', 'message': 'no deps or dev-deps'}
{'statusCode': 0, 'package': '@parcel/events_2.0.0-nightly.778', 'message': 'no deps or dev-deps'}
{'statusCode': 0, 'package': '@parcel/events_2.0.0-nightly.792', 'message': 'no deps or dev-deps'}
{'statusCode': 0, 'package': '@parcel/events_2.0.0-nightly.794', 'message': 'no deps or dev-deps'}
{'statusCode': 0, 'package': '@parcel/events_2.0.0-nightly.795', 'message': 'no deps or dev-deps'}
{'statusCode': 0, 'package': '@parcel/events_2.0.0-rc.0', 'message': 'no deps or dev-deps'}
{'statusCode': 0, 'package': '@parcel/events_2.0.0-nightly.796', 'message': 'no deps or dev-deps'}
{'statusCode': 0, 'package': '@parcel/events_2.0.0-nightly.798', 'message': 'no deps or dev-deps'}
{'statusCode': 0, 'package': '@parcel/events_2.0.0-nightly.800', 'message': 'no deps or dev-deps'}
{'statusCode': 0, 'package': '@parcel/events_2.0.0-nightly.801', 'message': 'no deps or dev-deps'}
{'statusCode': 0, 'package': '@parcel/events_2.0.0-nightly.802', 'message': 'no deps or dev-deps'}
{'statusCode': 0, 'package': '@parcel/events_2.0.0-nightly.803', 'message': 'no deps or dev-deps'}
{'statusCode': 0, 'package': '@parcel/events_2.0.0-nightly.804', 'message': 'no deps or dev-deps'}
{'statusCode': 0, 'package': '@parcel/events_2.0.0-nightly.806', 'message': 'no deps or dev-deps'}
{'statusCode': 0, 'package': '@parcel/events_2.0.0-nightly.808', 'message': 'no deps or dev-deps'}
{'statusCode': 0, 'package': '@parcel/events_2.0.0-nightly.811', 'message': 'no deps or dev-deps'}
{'statusCode': 0, 'package': '@parcel/events_2.0.0-nightly.812', 'message': 'no deps or dev-deps'}
{'statusCode': 0, 'package': '@parcel/events_2.0.0-nightly.813', 'message': 'no deps or dev-deps'}
{'statusCode': 0, 'package': '@parcel/events_2.0.0-nightly.814', 'message': 'no deps or dev-deps'}
{'statusCode': 0, 'package': '@parcel/events_2.0.0-nightly.815', 'message': 'no deps or dev-deps'}
{'statusCode': 0, 'package': '@parcel/events_2.0.0-nightly.819', 'message': 'no deps or dev-deps'}
{'statusCode': 0, 'package': '@parcel/events_2.0.0-nightly.821', 'message': 'no deps or dev-deps'}
{'statusCode': 0, 'package': '@parcel/events_2.0.0-nightly.823', 'message': 'no deps or dev-deps'}
{'statusCode': 0, 'package': '@parcel/events_2.0.0-nightly.826', 'message': 'no deps or dev-deps'}
{'statusCode': 0, 'package': '@parcel/events_2.0.0-nightly.838', 'message': 'no deps or dev-deps'}
{'statusCode': 0, 'package': '@parcel/events_2.0.0-nightly.839', 'message': 'no deps or dev-deps'}
{'statusCode': 0, 'package': '@parcel/events_2.0.0-nightly.840', 'message': 'no deps or dev-deps'}
{'statusCode': 0, 'package': '@parcel/events_2.0.0-nightly.842', 'message': 'no deps or dev-deps'}
{'statusCode': 0, 'package': '@parcel/events_2.0.0-nightly.843', 'message': 'no deps or dev-deps'}
{'statusCode': 0, 'package': '@parcel/events_2.0.0-nightly.844', 'message': 'no deps or dev-deps'}
{'statusCode': 0, 'package': '@parcel/events_2.0.0-nightly.845', 'message': 'no deps or dev-deps'}
{'statusCode': 0, 'package': '@parcel/events_2.0.0-nightly.846', 'message': 'no deps or dev-deps'}
{'statusCode': 0, 'package': '@parcel/events_2.0.0-nightly.847', 'message': 'no deps or dev-deps'}
{'statusCode': 0, 'package': '@parcel/events_2.0.0-nightly.849', 'message': 'no deps or dev-deps'}
{'statusCode': 0, 'package': '@parcel/events_2.0.0-nightly.852', 'message': 'no deps or dev-deps'}
{'statusCode': 0, 'package': '@parcel/events_2.0.0-nightly.854', 'message': 'no deps or dev-deps'}
{'statusCode': 0, 'package': '@parcel/events_2.0.0-nightly.857', 'message': 'no deps or dev-deps'}
{'statusCode': 0, 'package': '@parcel/events_2.0.0-nightly.861', 'message': 'no deps or dev-deps'}
{'statusCode': 0, 'package': '@parcel/events_2.0.0-nightly.866', 'message': 'no deps or dev-deps'}
{'statusCode': 0, 'package': '@parcel/events_2.0.0-nightly.869', 'message': 'no deps or dev-deps'}
{'statusCode': 0, 'package': '@parcel/events_2.0.0-nightly.875', 'message': 'no deps or dev-deps'}
{'statusCode': 0, 'package': '@parcel/events_2.0.0-nightly.878', 'message': 'no deps or dev-deps'}
{'statusCode': 0, 'package': '@parcel/events_2.0.0-nightly.879', 'message': 'no deps or dev-deps'}
{'statusCode': 0, 'package': '@parcel/events_2.0.0-nightly.881', 'message': 'no deps or dev-deps'}
{'statusCode': 0, 'package': '@parcel/events_2.0.0-nightly.884', 'message': 'no deps or dev-deps'}
{'statusCode': 0, 'package': '@parcel/events_2.0.0', 'message': 'no deps or dev-deps'}
{'statusCode': 0, 'package': '@parcel/events_2.0.0-nightly.886', 'message': 'no deps or dev-deps'}
{'statusCode': 0, 'package': '@parcel/events_2.0.0-nightly.887', 'message': 'no deps or dev-deps'}
{'statusCode': 0, 'package': '@parcel/events_2.0.0-nightly.888', 'message': 'no deps or dev-deps'}
{'statusCode': 0, 'package': '@parcel/events_2.0.0-nightly.889', 'message': 'no deps or dev-deps'}
{'statusCode': 0, 'package': '@parcel/events_2.0.0-nightly.890', 'message': 'no deps or dev-deps'}
{'statusCode': 0, 'package': '@parcel/events_2.0.0-nightly.891', 'message': 'no deps or dev-deps'}
{'statusCode': 0, 'package': '@parcel/events_2.0.0-nightly.892', 'message': 'no deps or dev-deps'}
{'statusCode': 0, 'package': '@parcel/events_2.0.0-nightly.895', 'message': 'no deps or dev-deps'}
{'statusCode': 0, 'package': '@parcel/events_2.0.0-nightly.896', 'message': 'no deps or dev-deps'}
{'statusCode': 0, 'package': '@parcel/events_2.0.0-nightly.897', 'message': 'no deps or dev-deps'}
{'statusCode': 0, 'package': '@parcel/events_2.0.0-nightly.898', 'message': 'no deps or dev-deps'}
{'statusCode': 0, 'package': '@parcel/events_2.0.0-nightly.899', 'message': 'no deps or dev-deps'}
{'statusCode': 0, 'package': '@parcel/events_2.0.0-nightly.905', 'message': 'no deps or dev-deps'}
{'statusCode': 0, 'package': '@parcel/events_2.0.0-nightly.906', 'message': 'no deps or dev-deps'}
{'statusCode': 0, 'package': '@parcel/events_2.0.0-nightly.907', 'message': 'no deps or dev-deps'}
{'statusCode': 0, 'package': '@parcel/events_2.0.1', 'message': 'no deps or dev-deps'}
{'statusCode': 0, 'package': '@parcel/events_2.0.0-nightly.911', 'message': 'no deps or dev-deps'}
{'statusCode': 0, 'package': '@parcel/events_2.0.0-nightly.912', 'message': 'no deps or dev-deps'}
{'statusCode': 0, 'package': '@parcel/events_2.0.0-nightly.914', 'message': 'no deps or dev-deps'}
{'statusCode': 0, 'package': '@parcel/events_2.0.0-nightly.918', 'message': 'no deps or dev-deps'}
{'statusCode': 0, 'package': '@parcel/events_2.0.0-nightly.919', 'message': 'no deps or dev-deps'}
{'statusCode': 0, 'package': '@parcel/events_2.0.0-nightly.926', 'message': 'no deps or dev-deps'}
{'statusCode': 0, 'package': '@parcel/events_2.0.0-nightly.927', 'message': 'no deps or dev-deps'}
{'statusCode': 0, 'package': '@parcel/events_2.0.0-nightly.932', 'message': 'no deps or dev-deps'}
{'statusCode': 0, 'package': '@parcel/events_2.0.0-nightly.934', 'message': 'no deps or dev-deps'}
{'statusCode': 0, 'package': '@parcel/events_2.0.0-nightly.936', 'message': 'no deps or dev-deps'}
{'statusCode': 0, 'package': '@parcel/events_2.0.0-nightly.941', 'message': 'no deps or dev-deps'}
{'statusCode': 0, 'package': '@parcel/events_2.0.0-nightly.942', 'message': 'no deps or dev-deps'}
{'statusCode': 0, 'package': '@parcel/events_2.0.0-nightly.944', 'message': 'no deps or dev-deps'}
{'statusCode': 0, 'package': '@parcel/events_2.0.0-nightly.947', 'message': 'no deps or dev-deps'}
{'statusCode': 0, 'package': '@parcel/events_2.0.0-nightly.949', 'message': 'no deps or dev-deps'}
{'statusCode': 0, 'package': '@parcel/events_2.0.0-nightly.950', 'message': 'no deps or dev-deps'}
{'statusCode': 0, 'package': '@parcel/events_2.0.0-nightly.951', 'message': 'no deps or dev-deps'}
{'statusCode': 0, 'package': '@parcel/events_2.0.0-nightly.953', 'message': 'no deps or dev-deps'}
{'statusCode': 0, 'package': '@parcel/events_2.0.0-nightly.954', 'message': 'no deps or dev-deps'}
{'statusCode': 0, 'package': '@parcel/events_2.0.0-nightly.959', 'message': 'no deps or dev-deps'}
{'statusCode': 0, 'package': '@parcel/events_2.0.0-nightly.962', 'message': 'no deps or dev-deps'}
{'statusCode': 0, 'package': '@parcel/events_2.0.0-nightly.963', 'message': 'no deps or dev-deps'}
{'statusCode': 0, 'package': '@parcel/events_2.0.0-nightly.967', 'message': 'no deps or dev-deps'}
{'statusCode': 0, 'package': '@parcel/events_2.1.0', 'message': 'no deps or dev-deps'}
{'statusCode': 0, 'package': '@parcel/events_2.0.0-nightly.970', 'message': 'no deps or dev-deps'}
{'statusCode': 0, 'package': '@parcel/events_2.1.1', 'message': 'no deps or dev-deps'}
{'statusCode': 0, 'package': '@parcel/events_2.0.0-nightly.977', 'message': 'no deps or dev-deps'}
{'statusCode': 0, 'package': '@parcel/events_2.0.0-nightly.978', 'message': 'no deps or dev-deps'}
{'statusCode': 0, 'package': '@parcel/events_2.2.0', 'message': 'no deps or dev-deps'}
{'statusCode': 0, 'package': '@parcel/events_2.0.0-nightly.982', 'message': 'no deps or dev-deps'}
{'statusCode': 0, 'package': '@parcel/events_2.2.1', 'message': 'no deps or dev-deps'}
{'statusCode': 0, 'package': '@parcel/events_2.0.0-nightly.986', 'message': 'no deps or dev-deps'}
{'statusCode': 0, 'package': '@parcel/events_2.0.0-nightly.991', 'message': 'no deps or dev-deps'}
{'statusCode': 0, 'package': '@parcel/events_2.0.0-nightly.992', 'message': 'no deps or dev-deps'}
{'statusCode': 0, 'package': '@parcel/events_2.0.0-nightly.993', 'message': 'no deps or dev-deps'}
{'statusCode': 0, 'package': '@parcel/events_2.3.0', 'message': 'no deps or dev-deps'}
{'statusCode': 0, 'package': '@parcel/events_2.3.1', 'message': 'no deps or dev-deps'}
{'statusCode': 0, 'package': '@parcel/events_2.0.0-nightly.1002', 'message': 'no deps or dev-deps'}
{'statusCode': 0, 'package': '@parcel/events_2.3.2', 'message': 'no deps or dev-deps'}
{'statusCode': 0, 'package': '@parcel/events_2.0.0-nightly.1004', 'message': 'no deps or dev-deps'}
{'statusCode': 0, 'package': '@parcel/events_2.0.0-nightly.1006', 'message': 'no deps or dev-deps'}
{'statusCode': 0, 'package': '@parcel/events_2.0.0-nightly.1009', 'message': 'no deps or dev-deps'}
{'statusCode': 0, 'package': '@parcel/events_2.0.0-nightly.1010', 'message': 'no deps or dev-deps'}
{'statusCode': 0, 'package': '@parcel/events_2.0.0-nightly.1012', 'message': 'no deps or dev-deps'}
{'statusCode': 0, 'package': '@parcel/events_2.0.0-nightly.1014', 'message': 'no deps or dev-deps'}
{'statusCode': 0, 'package': '@parcel/events_2.0.0-nightly.1015', 'message': 'no deps or dev-deps'}
{'statusCode': 0, 'package': '@parcel/events_2.0.0-nightly.1019', 'message': 'no deps or dev-deps'}
{'statusCode': 0, 'package': '@parcel/events_2.0.0-nightly.1027', 'message': 'no deps or dev-deps'}
{'statusCode': 0, 'package': '@parcel/events_2.4.0', 'message': 'no deps or dev-deps'}
{'statusCode': 0, 'package': '@parcel/events_2.0.0-nightly.1030', 'message': 'no deps or dev-deps'}
{'statusCode': 0, 'package': '@parcel/events_2.0.0-nightly.1031', 'message': 'no deps or dev-deps'}
{'statusCode': 0, 'package': '@parcel/events_2.0.0-nightly.1032', 'message': 'no deps or dev-deps'}
{'statusCode': 0, 'package': '@parcel/events_2.0.0-nightly.1033', 'message': 'no deps or dev-deps'}
{'statusCode': 0, 'package': '@parcel/events_2.0.0-nightly.1034', 'message': 'no deps or dev-deps'}
{'statusCode': 0, 'package': '@parcel/events_2.4.1', 'message': 'no deps or dev-deps'}
{'statusCode': 0, 'package': '@parcel/events_2.0.0-nightly.1037', 'message': 'no deps or dev-deps'}
{'statusCode': 0, 'package': '@parcel/events_2.0.0-nightly.1038', 'message': 'no deps or dev-deps'}
{'statusCode': 0, 'package': '@parcel/events_2.0.0-nightly.1041', 'message': 'no deps or dev-deps'}
{'statusCode': 0, 'package': '@parcel/events_2.0.0-nightly.1042', 'message': 'no deps or dev-deps'}
{'statusCode': 0, 'package': '@parcel/events_2.0.0-nightly.1043', 'message': 'no deps or dev-deps'}
{'statusCode': 0, 'package': '@parcel/events_2.0.0-nightly.1051', 'message': 'no deps or dev-deps'}
{'statusCode': 0, 'package': '@parcel/events_2.0.0-nightly.1053', 'message': 'no deps or dev-deps'}
{'statusCode': 0, 'package': '@parcel/events_2.0.0-nightly.1054', 'message': 'no deps or dev-deps'}
{'statusCode': 0, 'package': '@parcel/events_2.0.0-nightly.1055', 'message': 'no deps or dev-deps'}
{'statusCode': 0, 'package': '@parcel/events_2.0.0-nightly.1056', 'message': 'no deps or dev-deps'}
{'statusCode': 0, 'package': '@parcel/events_2.5.0', 'message': 'no deps or dev-deps'}
{'statusCode': 0, 'package': '@parcel/events_2.0.0-nightly.1069', 'message': 'no deps or dev-deps'}
{'statusCode': 0, 'package': '@parcel/events_2.0.0-nightly.1070', 'message': 'no deps or dev-deps'}
{'statusCode': 0, 'package': '@parcel/events_2.0.0-nightly.1073', 'message': 'no deps or dev-deps'}
{'statusCode': 0, 'package': '@parcel/events_2.0.0-nightly.1074', 'message': 'no deps or dev-deps'}
{'statusCode': 0, 'package': '@parcel/events_2.0.0-nightly.1075', 'message': 'no deps or dev-deps'}
{'statusCode': 0, 'package': '@parcel/events_2.0.0-nightly.1077', 'message': 'no deps or dev-deps'}
{'statusCode': 0, 'package': '@parcel/events_2.0.0-nightly.1080', 'message': 'no deps or dev-deps'}
{'statusCode': 0, 'package': '@parcel/events_2.0.0-nightly.1082', 'message': 'no deps or dev-deps'}
{'statusCode': 0, 'package': '@parcel/events_2.0.0-nightly.1085', 'message': 'no deps or dev-deps'}
{'statusCode': 0, 'package': '@parcel/events_2.0.0-nightly.1086', 'message': 'no deps or dev-deps'}
{'statusCode': 0, 'package': '@parcel/events_2.0.0-nightly.1088', 'message': 'no deps or dev-deps'}
{'statusCode': 0, 'package': '@parcel/events_2.0.0-nightly.1089', 'message': 'no deps or dev-deps'}
{'statusCode': 0, 'package': '@parcel/events_2.0.0-nightly.1090', 'message': 'no deps or dev-deps'}
{'statusCode': 0, 'package': '@parcel/events_2.0.0-nightly.1091', 'message': 'no deps or dev-deps'}
{'statusCode': 0, 'package': '@parcel/events_2.0.0-nightly.1092', 'message': 'no deps or dev-deps'}
{'statusCode': 0, 'package': '@parcel/events_2.0.0-nightly.1096', 'message': 'no deps or dev-deps'}
{'statusCode': 0, 'package': '@parcel/events_2.0.0-nightly.1097', 'message': 'no deps or dev-deps'}
{'statusCode': 0, 'package': '@parcel/events_2.0.0-nightly.1098', 'message': 'no deps or dev-deps'}
{'statusCode': 0, 'package': '@parcel/events_2.0.0-nightly.1099', 'message': 'no deps or dev-deps'}
{'statusCode': 0, 'package': '@parcel/events_2.0.0-nightly.1103', 'message': 'no deps or dev-deps'}
{'statusCode': 0, 'package': '@parcel/events_2.0.0-nightly.1105', 'message': 'no deps or dev-deps'}
{'statusCode': 0, 'package': '@parcel/events_2.6.0', 'message': 'no deps or dev-deps'}
{'statusCode': 0, 'package': '@parcel/events_2.0.0-nightly.1110', 'message': 'no deps or dev-deps'}
{'statusCode': 0, 'package': '@parcel/events_2.0.0-nightly.1112', 'message': 'no deps or dev-deps'}
{'statusCode': 0, 'package': '@parcel/events_2.0.0-nightly.1113', 'message': 'no deps or dev-deps'}
{'statusCode': 0, 'package': '@parcel/events_2.0.0-nightly.1116', 'message': 'no deps or dev-deps'}
{'statusCode': 0, 'package': '@parcel/events_2.0.0-nightly.1117', 'message': 'no deps or dev-deps'}
{'statusCode': 0, 'package': '@parcel/events_2.0.0-nightly.1124', 'message': 'no deps or dev-deps'}
{'statusCode': 0, 'package': '@parcel/events_2.0.0-nightly.1125', 'message': 'no deps or dev-deps'}
{'statusCode': 0, 'package': '@parcel/events_2.0.0-nightly.1127', 'message': 'no deps or dev-deps'}
{'statusCode': 0, 'package': '@parcel/events_2.0.0-nightly.1128', 'message': 'no deps or dev-deps'}
{'statusCode': 0, 'package': '@parcel/events_2.6.1', 'message': 'no deps or dev-deps'}
{'statusCode': 0, 'package': '@parcel/events_2.0.0-nightly.1130', 'message': 'no deps or dev-deps'}
{'statusCode': 0, 'package': '@parcel/events_2.0.0-nightly.1131', 'message': 'no deps or dev-deps'}
{'statusCode': 0, 'package': '@parcel/events_2.6.2', 'message': 'no deps or dev-deps'}
{'statusCode': 0, 'package': '@parcel/events_2.0.0-nightly.1132', 'message': 'no deps or dev-deps'}
{'statusCode': 0, 'package': '@parcel/events_2.0.0-nightly.1133', 'message': 'no deps or dev-deps'}
{'statusCode': 0, 'package': '@parcel/events_2.0.0-nightly.1134', 'message': 'no deps or dev-deps'}
{'statusCode': 0, 'package': '@parcel/events_2.0.0-nightly.1135', 'message': 'no deps or dev-deps'}
{'statusCode': 0, 'package': '@parcel/events_2.0.0-nightly.1136', 'message': 'no deps or dev-deps'}
{'statusCode': 0, 'package': '@parcel/events_2.0.0-nightly.1137', 'message': 'no deps or dev-deps'}
{'statusCode': 0, 'package': '@parcel/events_2.0.0-nightly.1138', 'message': 'no deps or dev-deps'}
{'statusCode': 0, 'package': '@parcel/events_2.0.0-nightly.1140', 'message': 'no deps or dev-deps'}
{'statusCode': 0, 'package': '@parcel/events_2.7.0', 'message': 'no deps or dev-deps'}
{'statusCode': 0, 'package': '@parcel/events_2.0.0-nightly.1158', 'message': 'no deps or dev-deps'}
{'statusCode': 0, 'package': '@parcel/events_2.0.0-nightly.1159', 'message': 'no deps or dev-deps'}
{'statusCode': 0, 'package': '@parcel/events_2.0.0-nightly.1161', 'message': 'no deps or dev-deps'}
{'statusCode': 0, 'package': '@parcel/events_2.0.0-nightly.1162', 'message': 'no deps or dev-deps'}
{'statusCode': 0, 'package': '@parcel/events_2.0.0-nightly.1164', 'message': 'no deps or dev-deps'}
{'statusCode': 0, 'package': '@parcel/events_2.0.0-nightly.1165', 'message': 'no deps or dev-deps'}
{'statusCode': 0, 'package': '@parcel/events_2.0.0-nightly.1171', 'message': 'no deps or dev-deps'}
{'statusCode': 0, 'package': '@parcel/events_2.0.0-nightly.1172', 'message': 'no deps or dev-deps'}
{'statusCode': 0, 'package': '@parcel/events_2.0.0-nightly.1173', 'message': 'no deps or dev-deps'}
{'statusCode': 0, 'package': '@parcel/events_2.0.0-nightly.1174', 'message': 'no deps or dev-deps'}
{'statusCode': 0, 'package': '@parcel/events_2.0.0-nightly.1175', 'message': 'no deps or dev-deps'}
{'statusCode': 0, 'package': '@parcel/events_2.0.0-nightly.1176', 'message': 'no deps or dev-deps'}
{'statusCode': 0, 'package': '@parcel/events_2.0.0-nightly.1177', 'message': 'no deps or dev-deps'}
{'statusCode': 0, 'package': '@parcel/events_2.0.0-nightly.1178', 'message': 'no deps or dev-deps'}
{'statusCode': 0, 'package': '@parcel/events_2.0.0-nightly.1179', 'message': 'no deps or dev-deps'}
{'statusCode': 0, 'package': '@parcel/events_2.0.0-nightly.1183', 'message': 'no deps or dev-deps'}
{'statusCode': 0, 'package': '@parcel/events_2.0.0-nightly.1185', 'message': 'no deps or dev-deps'}
{'statusCode': 0, 'package': '@parcel/events_2.0.0-nightly.1186', 'message': 'no deps or dev-deps'}
{'statusCode': 0, 'package': '@parcel/events_2.0.0-nightly.1187', 'message': 'no deps or dev-deps'}
{'statusCode': 0, 'package': '@parcel/events_2.0.0-nightly.1188', 'message': 'no deps or dev-deps'}
{'statusCode': 0, 'package': '@parcel/events_2.0.0-nightly.1190', 'message': 'no deps or dev-deps'}
{'statusCode': 0, 'package': '@parcel/events_2.0.0-nightly.1191', 'message': 'no deps or dev-deps'}
{'statusCode': 0, 'package': '@parcel/events_2.0.0-nightly.1192', 'message': 'no deps or dev-deps'}
{'statusCode': 0, 'package': '@parcel/events_2.0.0-nightly.1195', 'message': 'no deps or dev-deps'}
{'statusCode': 0, 'package': '@parcel/events_2.0.0-nightly.1197', 'message': 'no deps or dev-deps'}
{'statusCode': 0, 'package': '@parcel/events_2.0.0-nightly.1200', 'message': 'no deps or dev-deps'}
{'statusCode': 0, 'package': '@parcel/events_2.0.0-nightly.1202', 'message': 'no deps or dev-deps'}
{'statusCode': 0, 'package': '@parcel/events_2.8.0', 'message': 'no deps or dev-deps'}
{'statusCode': 0, 'package': '@parcel/events_2.0.0-nightly.1204', 'message': 'no deps or dev-deps'}
{'statusCode': 0, 'package': '@parcel/events_2.0.0-nightly.1205', 'message': 'no deps or dev-deps'}
{'statusCode': 0, 'package': '@parcel/events_2.0.0-nightly.1211', 'message': 'no deps or dev-deps'}
{'statusCode': 0, 'package': '@parcel/events_2.0.0-nightly.1212', 'message': 'no deps or dev-deps'}
{'statusCode': 0, 'package': '@parcel/events_2.8.1', 'message': 'no deps or dev-deps'}
{'statusCode': 200, 'package': '/preset-env', 'message': 'No versions found'}
{'statusCode': 200, 'package': '/preset-env', 'message': 'No versions found'}
{'statusCode': 200, 'package': '/preset-env', 'message': 'No versions found'}
{'statusCode': 200, 'package': '/preset-env', 'message': 'No versions found'}
{'statusCode': 200, 'package': '/preset-env', 'message': 'No versions found'}
{'statusCode': 200, 'package': '/preset-env', 'message': 'No versions found'}
{'statusCode': 200, 'package': '/preset-env', 'message': 'No versions found'}
{'statusCode': 200, 'package': '/preset-env', 'message': 'No versions found'}
{'statusCode': 200, 'package': '/preset-env', 'message': 'No versions found'}
{'statusCode': 200, 'package': '/preset-env', 'message': 'No versions found'}
{'statusCode': 200, 'package': '/preset-env', 'message': 'No versions found'}
{'statusCode': 200, 'package': '/preset-env', 'message': 'No versions found'}
{'statusCode': 200, 'package': 'preset-env', 'message': 'No versions found'}
{'statusCode': 200, 'package': '/preset-env', 'message': 'No versions found'}
{'statusCode': 200, 'package': '/preset-env', 'message': 'No versions found'}
{'statusCode': 200, 'package': '/preset-env', 'message': 'No versions found'}
{'statusCode': 200, 'package': '/preset-env', 'message': 'No versions found'}
{'statusCode': 200, 'package': 'preset-env', 'message': 'No versions found'}
{'statusCode': 200, 'package': '/preset-env', 'message': 'No versions found'}
{'statusCode': 200, 'package': 'preset-env', 'message': 'No versions found'}
{'statusCode': 200, 'package': '/preset-env', 'message': 'No versions found'}
{'statusCode': 200, 'package': '/preset-env', 'message': 'No versions found'}
{'statusCode': 200, 'package': '/preset-env', 'message': 'No versions found'}
{'statusCode': 200, 'package': 'preset-env', 'message': 'No versions found'}
{'statusCode': 200, 'package': '/preset-env', 'message': 'No versions found'}
{'statusCode': 200, 'package': '/preset-env', 'message': 'No versions found'}
{'statusCode': 200, 'package': '/preset-env', 'message': 'No versions found'}
{'statusCode': 200, 'package': '/preset-env', 'message': 'No versions found'}
{'statusCode': 200, 'package': '/preset-env', 'message': 'No versions found'}
{'statusCode': 200, 'package': '/preset-env', 'message': 'No versions found'}
{'statusCode': 200, 'package': 'preset-env', 'message': 'No versions found'}
{'statusCode': 200, 'package': '/preset-env', 'message': 'No versions found'}
{'statusCode': 200, 'package': '/preset-env', 'message': 'No versions found'}
{'statusCode': 200, 'package': '/preset-env', 'message': 'No versions found'}
{'statusCode': 200, 'package': 'preset-env', 'message': 'No versions found'}
{'statusCode': 200, 'package': '/preset-env', 'message': 'No versions found'}
{'statusCode': 200, 'package': 'preset-env', 'message': 'No versions found'}
{'statusCode': 200, 'package': '/preset-env', 'message': 'No versions found'}
{'statusCode': 200, 'package': '/preset-env', 'message': 'No versions found'}
{'statusCode': 200, 'package': '/preset-env', 'message': 'No versions found'}
{'statusCode': 200, 'package': '/preset-env', 'message': 'No versions found'}
{'statusCode': 200, 'package': '/preset-env', 'message': 'No versions found'}
{'statusCode': 200, 'package': '/preset-env', 'message': 'No versions found'}
{'statusCode': 200, 'package': '/preset-env', 'message': 'No versions found'}
{'statusCode': 200, 'package': 'preset-env', 'message': 'No versions found'}
{'statusCode': 200, 'package': '/preset-env', 'message': 'No versions found'}
{'statusCode': 200, 'package': '/preset-env', 'message': 'No versions found'}
{'statusCode': 200, 'package': '/preset-env', 'message': 'No versions found'}
{'statusCode': 200, 'package': 'preset-env', 'message': 'No versions found'}
{'statusCode': 200, 'package': '/preset-env', 'message': 'No versions found'}
{'statusCode': 200, 'package': '/preset-env', 'message': 'No versions found'}
{'statusCode': 200, 'package': '/preset-env', 'message': 'No versions found'}
{'statusCode': 200, 'package': '/preset-env', 'message': 'No versions found'}
{'statusCode': 200, 'package': '/preset-env', 'message': 'No versions found'}
{'statusCode': 200, 'package': 'preset-env', 'message': 'No versions found'}
{'statusCode': 200, 'package': '/preset-env', 'message': 'No versions found'}
{'statusCode': 200, 'package': '/preset-env', 'message': 'No versions found'}
{'statusCode': 200, 'package': 'preset-env', 'message': 'No versions found'}
{'statusCode': 200, 'package': '/preset-env', 'message': 'No versions found'}
{'statusCode': 200, 'package': 'preset-env', 'message': 'No versions found'}
{'statusCode': 200, 'package': '/preset-env', 'message': 'No versions found'}
{'statusCode': 404, 'package': '-preset-env', 'message': 'HTTPError'}
{'statusCode': 200, 'package': '/preset-env', 'message': 'No versions found'}
{'statusCode': 200, 'package': '/preset-env', 'message': 'No versions found'}
{'statusCode': 200, 'package': 'preset-env', 'message': 'No versions found'}
{'statusCode': 200, 'package': '/preset-env', 'message': 'No versions found'}
{'statusCode': 200, 'package': '/preset-env', 'message': 'No versions found'}
{'statusCode': 200, 'package': '', 'message': 'No versions found'}
{'statusCode': 200, 'package': '/preset-env', 'message': 'No versions found'}
{'statusCode': 200, 'package': 'preset-env', 'message': 'No versions found'}
{'statusCode': 200, 'package': '', 'message': 'No versions found'}
{'statusCode': 200, 'package': 'preset-env', 'message': 'No versions found'}
{'statusCode': 200, 'package': 'preset-env', 'message': 'No versions found'}
{'statusCode': 200, 'package': '/preset-env', 'message': 'No versions found'}
{'statusCode': 200, 'package': '/preset-env', 'message': 'No versions found'}
{'statusCode': 200, 'package': '/preset-env', 'message': 'No versions found'}
{'statusCode': 200, 'package': '/preset-env', 'message': 'No versions found'}
{'statusCode': 200, 'package': '/preset-env', 'message': 'No versions found'}
{'statusCode': 200, 'package': '/preset-env', 'message': 'No versions found'}
{'statusCode': 200, 'package': '/preset-env', 'message': 'No versions found'}
{'statusCode': 200, 'package': '/preset-env', 'message': 'No versions found'}
{'statusCode': 200, 'package': '/preset-env', 'message': 'No versions found'}
{'statusCode': 404, 'package': 'preset-es2015', 'message': 'HTTPError'}
{'statusCode': 404, 'package': 'preset-es2015', 'message': 'HTTPError'}
{'statusCode': 404, 'package': 'preset-es2015', 'message': 'HTTPError'}
{'statusCode': 404, 'package': 'preset-es2015', 'message': 'HTTPError'}
{'statusCode': 404, 'package': 'preset-es2015', 'message': 'HTTPError'}
{'statusCode': 404, 'package': 'preset-es2015', 'message': 'HTTPError'}
{'statusCode': 404, 'package': 'preset-es2015', 'message': 'HTTPError'}
{'statusCode': 404, 'package': 'preset-es2015', 'message': 'HTTPError'}
{'statusCode': 404, 'package': 'preset-es2015', 'message': 'HTTPError'}
{'statusCode': 404, 'package': 'preset-es2015', 'message': 'HTTPError'}
{'statusCode': 404, 'package': 'preset-es2015', 'message': 'HTTPError'}
{'statusCode': 404, 'package': 'preset-es2015', 'message': 'HTTPError'}
{'statusCode': 404, 'package': 'preset-es2015', 'message': 'HTTPError'}
{'statusCode': 404, 'package': 'preset-es2015', 'message': 'HTTPError'}
{'statusCode': 404, 'package': 'preset-es2015', 'message': 'HTTPError'}
{'statusCode': 404, 'package': 'preset-es2015', 'message': 'HTTPError'}
{'statusCode': 404, 'package': '/preset-es2015', 'message': 'HTTPError'}
{'statusCode': 404, 'package': 'preset-es2015-loose', 'message': 'HTTPError'}
{'statusCode': 404, 'package': 'preset-es2015-loose', 'message': 'HTTPError'}
{'statusCode': 404, 'package': 'preset-es2015-loose-rollup', 'message': 'HTTPError'}
{'statusCode': 404, 'package': 'preset-es2015-no-commonjs', 'message': 'HTTPError'}
{'statusCode': 404, 'package': 'preset-es2015-node5', 'message': 'HTTPError'}
{'statusCode': 404, 'package': 'preset-es2015-rollup', 'message': 'HTTPError'}
{'statusCode': 404, 'package': 'preset-es2015-webpack', 'message': 'HTTPError'}
{'statusCode': 404, 'package': 'preset-es2016', 'message': 'HTTPError'}
{'statusCode': 404, 'package': 'preset-es2016-node5', 'message': 'HTTPError'}
{'statusCode': 404, 'package': 'preset-es2017', 'message': 'HTTPError'}
{'statusCode': 404, 'package': 'preset-es2017', 'message': 'HTTPError'}
{'statusCode': 404, 'package': '/preset-es2017', 'message': 'HTTPError'}
{'statusCode': 404, 'package': 'preset-es2018', 'message': 'HTTPError'}
{'statusCode': 404, 'package': 'preset-expo', 'message': 'HTTPError'}
{'statusCode': 404, 'package': 'preset-expo', 'message': 'HTTPError'}
{'statusCode': 404, 'package': 'preset-expo', 'message': 'HTTPError'}
{'statusCode': 200, 'package': 'preset-flow', 'message': 'No versions found'}
{'statusCode': 200, 'package': '/preset-flow', 'message': 'No versions found'}
{'statusCode': 200, 'package': '/preset-flow', 'message': 'No versions found'}
{'statusCode': 404, 'package': 'preset-jason', 'message': 'HTTPError'}
{'statusCode': 404, 'package': 'preset-latest', 'message': 'HTTPError'}
{'statusCode': 404, 'package': 'preset-latest', 'message': 'HTTPError'}
{'statusCode': 404, 'package': 'preset-latest', 'message': 'HTTPError'}
{'statusCode': 404, 'package': 'preset-latest', 'message': 'HTTPError'}
{'statusCode': 404, 'package': 'preset-minify', 'message': 'HTTPError'}
{'statusCode': 404, 'package': 'preset-minify', 'message': 'HTTPError'}
{'statusCode': 404, 'package': 'preset-mobx', 'message': 'HTTPError'}
{'statusCode': 404, 'package': 'preset-power-assert', 'message': 'HTTPError'}
{'statusCode': 404, 'package': '@process-engine/token', 'message': 'HTTPError'}
{'statusCode': 404, 'package': '@process-engine/token', 'message': 'HTTPError'}
{'statusCode': 404, 'package': '@process-engine/token', 'message': 'HTTPError'}
{'statusCode': 404, 'package': '@process-engine/token', 'message': 'HTTPError'}
{'statusCode': 404, 'package': '@process-engine/token', 'message': 'HTTPError'}
{'statusCode': 404, 'package': '@process-engine/token', 'message': 'HTTPError'}
{'statusCode': 404, 'package': '@process-engine/token', 'message': 'HTTPError'}
{'statusCode': 0, 'package': 'remax-alipay_0.0.1', 'message': 'no deps or dev-deps'}
{'statusCode': 404, 'package': '@springworks/hapi-sov', 'message': 'HTTPError'}
{'statusCode': 404, 'package': '@springworks/hapi-sov', 'message': 'HTTPError'}
{'statusCode': 404, 'package': '@springworks/hapi-sov', 'message': 'HTTPError'}
{'statusCode': 404, 'package': '@springworks/hapi-sov', 'message': 'HTTPError'}
{'statusCode': 404, 'package': '@springworks/hapi-sov', 'message': 'HTTPError'}
{'statusCode': 404, 'package': '@springworks/hapi-sov', 'message': 'HTTPError'}
{'statusCode': 404, 'package': '@springworks/hapi-sov', 'message': 'HTTPError'}
{'statusCode': 404, 'package': '@springworks/hapi-sov', 'message': 'HTTPError'}
{'statusCode': 404, 'package': '@springworks/hapi-sov', 'message': 'HTTPError'}
{'statusCode': 404, 'package': '@springworks/hapi-sov', 'message': 'HTTPError'}
{'statusCode': 404, 'package': '@springworks/hapi-sov', 'message': 'HTTPError'}
{'statusCode': 404, 'package': '@springworks/hapi-sov', 'message': 'HTTPError'}
{'statusCode': 404, 'package': '@springworks/hapi-sov', 'message': 'HTTPError'}
{'statusCode': 404, 'package': '@springworks/hapi-sov', 'message': 'HTTPError'}
{'statusCode': 404, 'package': '@springworks/hapi-sov', 'message': 'HTTPError'}
{'statusCode': 404, 'package': '@springworks/hapi-sov', 'message': 'HTTPError'}
{'statusCode': 404, 'package': '@springworks/hapi-sov', 'message': 'HTTPError'}
{'statusCode': 404, 'package': '@springworks/hapi-sov', 'message': 'HTTPError'}
{'statusCode': 404, 'package': '@springworks/hapi-sov', 'message': 'HTTPError'}
{'statusCode': 404, 'package': '@springworks/hapi-sov', 'message': 'HTTPError'}
{'statusCode': 404, 'package': '@springworks/hapi-sov', 'message': 'HTTPError'}
{'statusCode': 404, 'package': '@springworks/hapi-sov', 'message': 'HTTPError'}
{'statusCode': 404, 'package': '@springworks/hapi-sov', 'message': 'HTTPError'}
{'statusCode': 404, 'package': '@springworks/hapi-sov', 'message': 'HTTPError'}
{'statusCode': 404, 'package': '@springworks/hapi-sov', 'message': 'HTTPError'}
{'statusCode': 404, 'package': '@springworks/hapi-sov', 'message': 'HTTPError'}
{'statusCode': 404, 'package': '@springworks/hapi-sov', 'message': 'HTTPError'}
{'statusCode': 404, 'package': '@springworks/hapi-sov', 'message': 'HTTPError'}
{'statusCode': 404, 'package': '@springworks/hapi-sov', 'message': 'HTTPError'}
{'statusCode': 404, 'package': '@springworks/hapi-sov', 'message': 'HTTPError'}
{'statusCode': 404, 'package': '@springworks/hapi-sov', 'message': 'HTTPError'}
{'statusCode': 404, 'package': '@springworks/hapi-sov', 'message': 'HTTPError'}
{'statusCode': 404, 'package': '@springworks/hapi-sov', 'message': 'HTTPError'}
{'statusCode': 404, 'package': '@springworks/hapi-sov', 'message': 'HTTPError'}
{'statusCode': 404, 'package': '@springworks/hapi-sov', 'message': 'HTTPError'}
{'statusCode': 404, 'package': '@springworks/hapi-sov', 'message': 'HTTPError'}
{'statusCode': 404, 'package': '@springworks/hapi-sov', 'message': 'HTTPError'}
{'statusCode': 404, 'package': '@springworks/hapi-sov', 'message': 'HTTPError'}
{'statusCode': 404, 'package': '@springworks/hapi-sov', 'message': 'HTTPError'}
{'statusCode': 404, 'package': '@springworks/hapi-sov', 'message': 'HTTPError'}
{'statusCode': 404, 'package': '@springworks/hapi-sov', 'message': 'HTTPError'}
{'statusCode': 404, 'package': '@springworks/hapi-sov', 'message': 'HTTPError'}
{'statusCode': 404, 'package': '@springworks/hapi-sov', 'message': 'HTTPError'}
{'statusCode': 404, 'package': '@springworks/hapi-sov', 'message': 'HTTPError'}
{'statusCode': 404, 'package': '@springworks/hapi-sov', 'message': 'HTTPError'}
{'statusCode': 404, 'package': '@springworks/hapi-sov', 'message': 'HTTPError'}
{'statusCode': 404, 'package': '@springworks/hapi-sov', 'message': 'HTTPError'}
{'statusCode': 404, 'package': '@springworks/hapi-sov', 'message': 'HTTPError'}
{'statusCode': 404, 'package': '@springworks/hapi-sov', 'message': 'HTTPError'}
{'statusCode': 404, 'package': '@springworks/hapi-sov', 'message': 'HTTPError'}
{'statusCode': 404, 'package': '@springworks/hapi-sov', 'message': 'HTTPError'}
{'statusCode': 404, 'package': '@springworks/hapi-sov', 'message': 'HTTPError'}
{'statusCode': 404, 'package': '@springworks/hapi-sov', 'message': 'HTTPError'}
{'statusCode': 404, 'package': '@springworks/hapi-sov', 'message': 'HTTPError'}
{'statusCode': 404, 'package': '@springworks/hapi-sov', 'message': 'HTTPError'}
{'statusCode': 404, 'package': '@springworks/hapi-sov', 'message': 'HTTPError'}
{'statusCode': 404, 'package': '@springworks/hapi-sov', 'message': 'HTTPError'}
{'statusCode': 404, 'package': '@springworks/hapi-sov', 'message': 'HTTPError'}
{'statusCode': 404, 'package': '@springworks/hapi-sov', 'message': 'HTTPError'}
{'statusCode': 404, 'package': '@springworks/hapi-sov', 'message': 'HTTPError'}
{'statusCode': 404, 'package': '@springworks/hapi-sov', 'message': 'HTTPError'}
{'statusCode': 404, 'package': '@springworks/hapi-sov', 'message': 'HTTPError'}
{'statusCode': 404, 'package': '@springworks/hapi-sov', 'message': 'HTTPError'}
{'statusCode': 404, 'package': '@springworks/hapi-sov', 'message': 'HTTPError'}
{'statusCode': 404, 'package': '@springworks/hapi-sov', 'message': 'HTTPError'}
{'statusCode': 404, 'package': '@springworks/hapi-sov', 'message': 'HTTPError'}
{'statusCode': 404, 'package': '@springworks/hapi-sov', 'message': 'HTTPError'}
{'statusCode': 404, 'package': '@springworks/hapi-sov', 'message': 'HTTPError'}
{'statusCode': 404, 'package': '@springworks/hapi-sov', 'message': 'HTTPError'}
{'statusCode': 404, 'package': '@springworks/hapi-sov', 'message': 'HTTPError'}
{'statusCode': 404, 'package': '@springworks/hapi-sov', 'message': 'HTTPError'}
{'statusCode': 404, 'package': '@springworks/hapi-sov', 'message': 'HTTPError'}
{'statusCode': 404, 'package': '@springworks/hapi-sov', 'message': 'HTTPError'}
{'statusCode': 404, 'package': '@springworks/hapi-sov', 'message': 'HTTPError'}
{'statusCode': 404, 'package': '@springworks/hapi-sov', 'message': 'HTTPError'}
{'statusCode': 404, 'package': '@springworks/hapi-sov', 'message': 'HTTPError'}
{'statusCode': 404, 'package': '@springworks/logger-factory', 'message': 'HTTPError'}
{'statusCode': 404, 'package': '@springworks/logger-factory', 'message': 'HTTPError'}
{'statusCode': 404, 'package': '@springworks/logger-factory', 'message': 'HTTPError'}
{'statusCode': 404, 'package': '@springworks/logger-factory', 'message': 'HTTPError'}
{'statusCode': 404, 'package': '@springworks/logger-factory', 'message': 'HTTPError'}
{'statusCode': 404, 'package': '@springworks/logger-factory', 'message': 'HTTPError'}
{'statusCode': 404, 'package': '@springworks/logger-factory', 'message': 'HTTPError'}
{'statusCode': 404, 'package': '@springworks/logger-interfaces', 'message': 'HTTPError'}
{'statusCode': 404, 'package': '@springworks/logger-interfaces', 'message': 'HTTPError'}
{'statusCode': 404, 'package': '@springworks/logger-interfaces', 'message': 'HTTPError'}
{'statusCode': 404, 'package': '@springworks/logger-interfaces', 'message': 'HTTPError'}
{'statusCode': 404, 'package': '@springworks/logger-interfaces', 'message': 'HTTPError'}
{'statusCode': 404, 'package': '@springworks/logger-interfaces', 'message': 'HTTPError'}
{'statusCode': 404, 'package': '@springworks/logger-interfaces', 'message': 'HTTPError'}
{'statusCode': 404, 'package': '@springworks/logger-interfaces', 'message': 'HTTPError'}
{'statusCode': 404, 'package': '@springworks/logger-interfaces', 'message': 'HTTPError'}
{'statusCode': 404, 'package': '@springworks/logger-interfaces', 'message': 'HTTPError'}
{'statusCode': 404, 'package': '@springworks/logger-interfaces', 'message': 'HTTPError'}
{'statusCode': 404, 'package': '@springworks/logger-interfaces', 'message': 'HTTPError'}
{'statusCode': 404, 'package': '@springworks/logger-interfaces', 'message': 'HTTPError'}
{'statusCode': 404, 'package': '@springworks/logger-interfaces', 'message': 'HTTPError'}
{'statusCode': 404, 'package': '@springworks/logger-interfaces', 'message': 'HTTPError'}
{'statusCode': 404, 'package': '@springworks/logger-interfaces', 'message': 'HTTPError'}
{'statusCode': 404, 'package': '@springworks/logger-interfaces', 'message': 'HTTPError'}
{'statusCode': 404, 'package': '@springworks/logger-interfaces', 'message': 'HTTPError'}
{'statusCode': 404, 'package': '@springworks/logger-interfaces', 'message': 'HTTPError'}
{'statusCode': 404, 'package': '@springworks/logger-interfaces', 'message': 'HTTPError'}
{'statusCode': 404, 'package': '@springworks/logger-interfaces', 'message': 'HTTPError'}
{'statusCode': 404, 'package': '@springworks/logger-interfaces', 'message': 'HTTPError'}
{'statusCode': 404, 'package': '@springworks/logger-interfaces', 'message': 'HTTPError'}
{'statusCode': 404, 'package': '@springworks/logger-interfaces', 'message': 'HTTPError'}
{'statusCode': 404, 'package': '@springworks/logger-interfaces', 'message': 'HTTPError'}
{'statusCode': 404, 'package': '@springworks/logger-interfaces', 'message': 'HTTPError'}
{'statusCode': 404, 'package': '@springworks/logger-interfaces', 'message': 'HTTPError'}
{'statusCode': 404, 'package': '@springworks/logger-interfaces', 'message': 'HTTPError'}
{'statusCode': 404, 'package': '@springworks/logger-interfaces', 'message': 'HTTPError'}
{'statusCode': 404, 'package': '@springworks/logger-interfaces', 'message': 'HTTPError'}
{'statusCode': 404, 'package': '@springworks/logger-interfaces', 'message': 'HTTPError'}
{'statusCode': 404, 'package': '@springworks/logger-interfaces', 'message': 'HTTPError'}
{'statusCode': 404, 'package': '@springworks/logger-interfaces', 'message': 'HTTPError'}
{'statusCode': 404, 'package': '@springworks/logger-interfaces', 'message': 'HTTPError'}
{'statusCode': 404, 'package': '@springworks/logger-interfaces', 'message': 'HTTPError'}
{'statusCode': 404, 'package': '@springworks/logger-interfaces', 'message': 'HTTPError'}
{'statusCode': 404, 'package': '@springworks/logger-interfaces', 'message': 'HTTPError'}
{'statusCode': 404, 'package': '@springworks/logger-interfaces', 'message': 'HTTPError'}
{'statusCode': 404, 'package': '@springworks/logger-interfaces', 'message': 'HTTPError'}
{'statusCode': 404, 'package': '@springworks/logger-interfaces', 'message': 'HTTPError'}
{'statusCode': 404, 'package': '@springworks/logger-interfaces', 'message': 'HTTPError'}
{'statusCode': 404, 'package': '@springworks/logger-interfaces', 'message': 'HTTPError'}
{'statusCode': 404, 'package': '@springworks/logger-interfaces', 'message': 'HTTPError'}
{'statusCode': 404, 'package': '@springworks/logger-interfaces', 'message': 'HTTPError'}
{'statusCode': 404, 'package': '@springworks/logger-interfaces', 'message': 'HTTPError'}
{'statusCode': 404, 'package': '@springworks/logger-interfaces', 'message': 'HTTPError'}
{'statusCode': 404, 'package': '@springworks/logger-interfaces', 'message': 'HTTPError'}
{'statusCode': 404, 'package': '@springworks/logger-interfaces', 'message': 'HTTPError'}
{'statusCode': 404, 'package': '@springworks/logger-interfaces', 'message': 'HTTPError'}
{'statusCode': 404, 'package': '@springworks/logger-interfaces', 'message': 'HTTPError'}
{'statusCode': 404, 'package': '@springworks/logger-interfaces', 'message': 'HTTPError'}
{'statusCode': 404, 'package': '@springworks/logger-interfaces', 'message': 'HTTPError'}
{'statusCode': 404, 'package': '@springworks/logger-interfaces', 'message': 'HTTPError'}
{'statusCode': 404, 'package': '@springworks/logger-interfaces', 'message': 'HTTPError'}
{'statusCode': 404, 'package': '@springworks/logger-interfaces', 'message': 'HTTPError'}
{'statusCode': 404, 'package': '@springworks/logger-interfaces', 'message': 'HTTPError'}
{'statusCode': 404, 'package': '@springworks/logger-interfaces', 'message': 'HTTPError'}
{'statusCode': 404, 'package': '@springworks/logger-interfaces', 'message': 'HTTPError'}
{'statusCode': 404, 'package': '@springworks/logger-interfaces', 'message': 'HTTPError'}
{'statusCode': 404, 'package': '@springworks/logger-interfaces', 'message': 'HTTPError'}
{'statusCode': 404, 'package': '@springworks/logger-interfaces', 'message': 'HTTPError'}
{'statusCode': 404, 'package': '@springworks/logger-interfaces', 'message': 'HTTPError'}
{'statusCode': 404, 'package': '@springworks/logger-interfaces', 'message': 'HTTPError'}
{'statusCode': 404, 'package': '@springworks/logger-interfaces', 'message': 'HTTPError'}
{'statusCode': 404, 'package': '@springworks/logger-interfaces', 'message': 'HTTPError'}
{'statusCode': 404, 'package': '@springworks/logger-interfaces', 'message': 'HTTPError'}
{'statusCode': 404, 'package': '@springworks/logger-interfaces', 'message': 'HTTPError'}
{'statusCode': 404, 'package': '@springworks/logger-interfaces', 'message': 'HTTPError'}
{'statusCode': 404, 'package': '@springworks/logger-interfaces', 'message': 'HTTPError'}
{'statusCode': 404, 'package': '@springworks/logger-interfaces', 'message': 'HTTPError'}
{'statusCode': 404, 'package': '@springworks/logger-interfaces', 'message': 'HTTPError'}
{'statusCode': 404, 'package': '@springworks/logger-interfaces', 'message': 'HTTPError'}
{'statusCode': 404, 'package': '@springworks/logger-interfaces', 'message': 'HTTPError'}
{'statusCode': 404, 'package': '@springworks/logger-interfaces', 'message': 'HTTPError'}
{'statusCode': 404, 'package': '@springworks/logger-interfaces', 'message': 'HTTPError'}
{'statusCode': 404, 'package': '@springworks/logger-interfaces', 'message': 'HTTPError'}
{'statusCode': 404, 'package': '@springworks/logger-interfaces', 'message': 'HTTPError'}
{'statusCode': 404, 'package': '@springworks/logger-interfaces', 'message': 'HTTPError'}
{'statusCode': 404, 'package': '@springworks/logger-interfaces', 'message': 'HTTPError'}
{'statusCode': 404, 'package': '@springworks/logger-interfaces', 'message': 'HTTPError'}
{'statusCode': 404, 'package': '@springworks/logger-interfaces', 'message': 'HTTPError'}
{'statusCode': 404, 'package': '@springworks/logger-interfaces', 'message': 'HTTPError'}
{'statusCode': 404, 'package': '@springworks/logger-interfaces', 'message': 'HTTPError'}
{'statusCode': 404, 'package': '@springworks/logger-interfaces', 'message': 'HTTPError'}
{'statusCode': 404, 'package': '@springworks/logger-interfaces', 'message': 'HTTPError'}
{'statusCode': 404, 'package': '@springworks/logger-interfaces', 'message': 'HTTPError'}
{'statusCode': 404, 'package': '@springworks/logger-interfaces', 'message': 'HTTPError'}
{'statusCode': 404, 'package': '@springworks/logger-interfaces', 'message': 'HTTPError'}
{'statusCode': 404, 'package': '@springworks/logger-interfaces', 'message': 'HTTPError'}
{'statusCode': 404, 'package': '@springworks/logger-interfaces', 'message': 'HTTPError'}
{'statusCode': 404, 'package': '@springworks/logger-interfaces', 'message': 'HTTPError'}
{'statusCode': 404, 'package': '@springworks/logger-interfaces', 'message': 'HTTPError'}
{'statusCode': 404, 'package': '@springworks/logger-interfaces', 'message': 'HTTPError'}
{'statusCode': 404, 'package': '@springworks/logger-interfaces', 'message': 'HTTPError'}
{'statusCode': 404, 'package': '@springworks/logger-interfaces', 'message': 'HTTPError'}
{'statusCode': 404, 'package': '@springworks/logger-interfaces', 'message': 'HTTPError'}
{'statusCode': 404, 'package': '@springworks/logger-interfaces', 'message': 'HTTPError'}
{'statusCode': 404, 'package': '@springworks/logger-interfaces', 'message': 'HTTPError'}
{'statusCode': 404, 'package': '@springworks/logger-interfaces', 'message': 'HTTPError'}
{'statusCode': 404, 'package': '@springworks/logger-interfaces', 'message': 'HTTPError'}
{'statusCode': 404, 'package': '@springworks/logger-interfaces', 'message': 'HTTPError'}
{'statusCode': 404, 'package': '@springworks/logger-interfaces', 'message': 'HTTPError'}
{'statusCode': 404, 'package': '@springworks/logger-interfaces', 'message': 'HTTPError'}
{'statusCode': 404, 'package': '@springworks/logger-interfaces', 'message': 'HTTPError'}
{'statusCode': 404, 'package': '@springworks/logger-interfaces', 'message': 'HTTPError'}
{'statusCode': 404, 'package': '@springworks/logger-interfaces', 'message': 'HTTPError'}
{'statusCode': 404, 'package': '@springworks/logger-interfaces', 'message': 'HTTPError'}
{'statusCode': 404, 'package': '@springworks/logger-interfaces', 'message': 'HTTPError'}
{'statusCode': 404, 'package': '@springworks/logger-interfaces', 'message': 'HTTPError'}
{'statusCode': 404, 'package': '@springworks/logger-interfaces', 'message': 'HTTPError'}
{'statusCode': 404, 'package': '@springworks/logger-interfaces', 'message': 'HTTPError'}
{'statusCode': 404, 'package': '@springworks/logger-interfaces', 'message': 'HTTPError'}
{'statusCode': 404, 'package': '@springworks/logger-interfaces', 'message': 'HTTPError'}
{'statusCode': 404, 'package': '@springworks/logger-interfaces', 'message': 'HTTPError'}
{'statusCode': 404, 'package': '@springworks/logger-interfaces', 'message': 'HTTPError'}
{'statusCode': 404, 'package': '@springworks/logger-interfaces', 'message': 'HTTPError'}
{'statusCode': 404, 'package': '@springworks/logger-interfaces', 'message': 'HTTPError'}
{'statusCode': 404, 'package': '@springworks/logger-interfaces', 'message': 'HTTPError'}
{'statusCode': 404, 'package': '@springworks/logger-interfaces', 'message': 'HTTPError'}
{'statusCode': 404, 'package': '@springworks/logger-interfaces', 'message': 'HTTPError'}
{'statusCode': 404, 'package': '@springworks/logger-interfaces', 'message': 'HTTPError'}
{'statusCode': 404, 'package': '@springworks/logger-interfaces', 'message': 'HTTPError'}
{'statusCode': 404, 'package': '@springworks/logger-interfaces', 'message': 'HTTPError'}
{'statusCode': 404, 'package': '@springworks/logger-interfaces', 'message': 'HTTPError'}
{'statusCode': 404, 'package': '@springworks/logger-interfaces', 'message': 'HTTPError'}
{'statusCode': 404, 'package': '@springworks/logger-interfaces', 'message': 'HTTPError'}
{'statusCode': 404, 'package': '@springworks/logger-interfaces', 'message': 'HTTPError'}
{'statusCode': 404, 'package': '@springworks/logger-interfaces', 'message': 'HTTPError'}
{'statusCode': 404, 'package': '@springworks/logger-interfaces', 'message': 'HTTPError'}
{'statusCode': 404, 'package': '@springworks/noop-logger', 'message': 'HTTPError'}
{'statusCode': 404, 'package': '@springworks/noop-logger', 'message': 'HTTPError'}
{'statusCode': 404, 'package': '@springworks/noop-logger', 'message': 'HTTPError'}
{'statusCode': 404, 'package': '@springworks/noop-logger', 'message': 'HTTPError'}
{'statusCode': 404, 'package': '@springworks/noop-logger', 'message': 'HTTPError'}
{'statusCode': 404, 'package': '@springworks/noop-logger', 'message': 'HTTPError'}
{'statusCode': 404, 'package': '@springworks/noop-logger', 'message': 'HTTPError'}
{'statusCode': 404, 'package': '@springworks/noop-logger', 'message': 'HTTPError'}
{'statusCode': 404, 'package': '@springworks/noop-logger', 'message': 'HTTPError'}
{'statusCode': 404, 'package': '@springworks/noop-logger', 'message': 'HTTPError'}
{'statusCode': 404, 'package': '@springworks/noop-logger', 'message': 'HTTPError'}
{'statusCode': 404, 'package': '@springworks/noop-logger', 'message': 'HTTPError'}
{'statusCode': 404, 'package': '@springworks/noop-logger', 'message': 'HTTPError'}
{'statusCode': 404, 'package': '@springworks/noop-logger', 'message': 'HTTPError'}
{'statusCode': 404, 'package': '@springworks/noop-logger', 'message': 'HTTPError'}
{'statusCode': 404, 'package': '@springworks/noop-logger', 'message': 'HTTPError'}
{'statusCode': 404, 'package': '@springworks/noop-logger', 'message': 'HTTPError'}
{'statusCode': 404, 'package': '@springworks/noop-logger', 'message': 'HTTPError'}
{'statusCode': 404, 'package': '@springworks/noop-logger', 'message': 'HTTPError'}
{'statusCode': 404, 'package': '@springworks/noop-logger', 'message': 'HTTPError'}
{'statusCode': 404, 'package': '@springworks/noop-logger', 'message': 'HTTPError'}
{'statusCode': 404, 'package': '@springworks/noop-logger', 'message': 'HTTPError'}
{'statusCode': 404, 'package': '@springworks/noop-logger', 'message': 'HTTPError'}
{'statusCode': 404, 'package': '@springworks/noop-logger', 'message': 'HTTPError'}
{'statusCode': 404, 'package': '@springworks/noop-logger', 'message': 'HTTPError'}
{'statusCode': 404, 'package': '@springworks/noop-logger', 'message': 'HTTPError'}
{'statusCode': 404, 'package': '@springworks/noop-logger', 'message': 'HTTPError'}
{'statusCode': 404, 'package': '@springworks/noop-logger', 'message': 'HTTPError'}
{'statusCode': 404, 'package': '@springworks/noop-logger', 'message': 'HTTPError'}
{'statusCode': 404, 'package': '@springworks/noop-logger', 'message': 'HTTPError'}
{'statusCode': 404, 'package': '@springworks/noop-logger', 'message': 'HTTPError'}
{'statusCode': 404, 'package': '@springworks/noop-logger', 'message': 'HTTPError'}
{'statusCode': 404, 'package': '@springworks/noop-logger', 'message': 'HTTPError'}
{'statusCode': 404, 'package': '@springworks/noop-logger', 'message': 'HTTPError'}
{'statusCode': 404, 'package': '@springworks/noop-logger', 'message': 'HTTPError'}
{'statusCode': 404, 'package': '@springworks/noop-logger', 'message': 'HTTPError'}
{'statusCode': 404, 'package': '@springworks/noop-logger', 'message': 'HTTPError'}
{'statusCode': 404, 'package': '@springworks/noop-logger', 'message': 'HTTPError'}
{'statusCode': 404, 'package': '@springworks/noop-logger', 'message': 'HTTPError'}
{'statusCode': 404, 'package': '@springworks/noop-logger', 'message': 'HTTPError'}
{'statusCode': 404, 'package': '@springworks/noop-logger', 'message': 'HTTPError'}
{'statusCode': 404, 'package': '@springworks/noop-logger', 'message': 'HTTPError'}
{'statusCode': 404, 'package': '@springworks/noop-logger', 'message': 'HTTPError'}
{'statusCode': 404, 'package': '@springworks/noop-logger', 'message': 'HTTPError'}
{'statusCode': 404, 'package': '@springworks/noop-logger', 'message': 'HTTPError'}
{'statusCode': 404, 'package': '@springworks/noop-logger', 'message': 'HTTPError'}
{'statusCode': 404, 'package': '@springworks/noop-logger', 'message': 'HTTPError'}
{'statusCode': 404, 'package': '@springworks/noop-logger', 'message': 'HTTPError'}
{'statusCode': 404, 'package': '@springworks/noop-logger', 'message': 'HTTPError'}
{'statusCode': 404, 'package': '@springworks/noop-logger', 'message': 'HTTPError'}
{'statusCode': 404, 'package': '@springworks/noop-logger', 'message': 'HTTPError'}
{'statusCode': 404, 'package': '@springworks/noop-logger', 'message': 'HTTPError'}
{'statusCode': 404, 'package': '@springworks/noop-logger', 'message': 'HTTPError'}
{'statusCode': 404, 'package': '@springworks/noop-logger', 'message': 'HTTPError'}
{'statusCode': 404, 'package': '@springworks/noop-logger', 'message': 'HTTPError'}
{'statusCode': 404, 'package': '@springworks/noop-logger', 'message': 'HTTPError'}
{'statusCode': 404, 'package': '@springworks/noop-logger', 'message': 'HTTPError'}
{'statusCode': 404, 'package': '@springworks/noop-logger', 'message': 'HTTPError'}
{'statusCode': 404, 'package': '@springworks/noop-logger', 'message': 'HTTPError'}
{'statusCode': 404, 'package': '@springworks/noop-logger', 'message': 'HTTPError'}
{'statusCode': 404, 'package': '@springworks/noop-logger', 'message': 'HTTPError'}
{'statusCode': 404, 'package': '@springworks/noop-logger', 'message': 'HTTPError'}
{'statusCode': 404, 'package': '@springworks/noop-logger', 'message': 'HTTPError'}
{'statusCode': 404, 'package': '@springworks/noop-logger', 'message': 'HTTPError'}
{'statusCode': 404, 'package': '@springworks/noop-logger', 'message': 'HTTPError'}
{'statusCode': 404, 'package': '@springworks/noop-logger', 'message': 'HTTPError'}
{'statusCode': 404, 'package': '@springworks/noop-logger', 'message': 'HTTPError'}
{'statusCode': 404, 'package': '@springworks/noop-logger', 'message': 'HTTPError'}
{'statusCode': 404, 'package': '@springworks/noop-logger', 'message': 'HTTPError'}
{'statusCode': 404, 'package': '@springworks/noop-logger', 'message': 'HTTPError'}
{'statusCode': 404, 'package': '@springworks/noop-logger', 'message': 'HTTPError'}
{'statusCode': 404, 'package': '@springworks/noop-logger', 'message': 'HTTPError'}
{'statusCode': 404, 'package': '@springworks/noop-logger', 'message': 'HTTPError'}
{'statusCode': 404, 'package': '@springworks/noop-logger', 'message': 'HTTPError'}
{'statusCode': 404, 'package': '@springworks/noop-logger', 'message': 'HTTPError'}
{'statusCode': 404, 'package': '@springworks/noop-logger', 'message': 'HTTPError'}
{'statusCode': 404, 'package': '@springworks/noop-logger', 'message': 'HTTPError'}
{'statusCode': 404, 'package': '@springworks/noop-logger', 'message': 'HTTPError'}
{'statusCode': 404, 'package': '@springworks/noop-logger', 'message': 'HTTPError'}
{'statusCode': 404, 'package': '@springworks/noop-logger', 'message': 'HTTPError'}
{'statusCode': 404, 'package': '@springworks/noop-logger', 'message': 'HTTPError'}
{'statusCode': 404, 'package': '@springworks/noop-logger', 'message': 'HTTPError'}
{'statusCode': 404, 'package': '@springworks/noop-logger', 'message': 'HTTPError'}
{'statusCode': 404, 'package': '@springworks/noop-logger', 'message': 'HTTPError'}
{'statusCode': 404, 'package': '@springworks/noop-logger', 'message': 'HTTPError'}
{'statusCode': 404, 'package': '@springworks/noop-logger', 'message': 'HTTPError'}
{'statusCode': 404, 'package': '@springworks/noop-logger', 'message': 'HTTPError'}
{'statusCode': 404, 'package': '@springworks/noop-logger', 'message': 'HTTPError'}
{'statusCode': 404, 'package': '@springworks/noop-logger', 'message': 'HTTPError'}
{'statusCode': 404, 'package': '@springworks/noop-logger', 'message': 'HTTPError'}
{'statusCode': 404, 'package': '@springworks/noop-logger', 'message': 'HTTPError'}
{'statusCode': 404, 'package': '@springworks/noop-logger', 'message': 'HTTPError'}
{'statusCode': 404, 'package': '@springworks/noop-logger', 'message': 'HTTPError'}
{'statusCode': 404, 'package': '@springworks/noop-logger', 'message': 'HTTPError'}
{'statusCode': 404, 'package': '@springworks/noop-logger', 'message': 'HTTPError'}
{'statusCode': 404, 'package': '@springworks/noop-logger', 'message': 'HTTPError'}
{'statusCode': 404, 'package': '@springworks/noop-logger', 'message': 'HTTPError'}
{'statusCode': 404, 'package': '@springworks/noop-logger', 'message': 'HTTPError'}
{'statusCode': 404, 'package': '@springworks/noop-logger', 'message': 'HTTPError'}
{'statusCode': 404, 'package': '@springworks/noop-logger', 'message': 'HTTPError'}
{'statusCode': 404, 'package': '@springworks/noop-logger', 'message': 'HTTPError'}
{'statusCode': 404, 'package': '@springworks/noop-logger', 'message': 'HTTPError'}
{'statusCode': 404, 'package': '@springworks/noop-logger', 'message': 'HTTPError'}
{'statusCode': 404, 'package': '@springworks/noop-logger', 'message': 'HTTPError'}
{'statusCode': 404, 'package': '@springworks/noop-logger', 'message': 'HTTPError'}
{'statusCode': 404, 'package': '@springworks/noop-logger', 'message': 'HTTPError'}
{'statusCode': 404, 'package': '@springworks/noop-logger', 'message': 'HTTPError'}
{'statusCode': 404, 'package': '@springworks/noop-logger', 'message': 'HTTPError'}
{'statusCode': 404, 'package': '@springworks/noop-logger', 'message': 'HTTPError'}
{'statusCode': 404, 'package': '@springworks/noop-logger', 'message': 'HTTPError'}
{'statusCode': 404, 'package': '@springworks/noop-logger', 'message': 'HTTPError'}
{'statusCode': 404, 'package': '@springworks/noop-logger', 'message': 'HTTPError'}
{'statusCode': 404, 'package': '@springworks/noop-logger', 'message': 'HTTPError'}
{'statusCode': 404, 'package': '@springworks/noop-logger', 'message': 'HTTPError'}
{'statusCode': 404, 'package': '@springworks/noop-logger', 'message': 'HTTPError'}
{'statusCode': 404, 'package': '@springworks/noop-logger', 'message': 'HTTPError'}
{'statusCode': 404, 'package': '@springworks/noop-logger', 'message': 'HTTPError'}
{'statusCode': 404, 'package': '@springworks/noop-logger', 'message': 'HTTPError'}
{'statusCode': 404, 'package': '@springworks/noop-logger', 'message': 'HTTPError'}
{'statusCode': 404, 'package': '@springworks/noop-logger', 'message': 'HTTPError'}
{'statusCode': 404, 'package': '@springworks/noop-logger', 'message': 'HTTPError'}
{'statusCode': 404, 'package': '@springworks/noop-logger', 'message': 'HTTPError'}
{'statusCode': 404, 'package': '@springworks/noop-logger', 'message': 'HTTPError'}
{'statusCode': 404, 'package': '@springworks/noop-logger', 'message': 'HTTPError'}
{'statusCode': 404, 'package': '@springworks/noop-logger', 'message': 'HTTPError'}
{'statusCode': 404, 'package': '@springworks/noop-logger', 'message': 'HTTPError'}
{'statusCode': 404, 'package': '@springworks/noop-logger', 'message': 'HTTPError'}
{'statusCode': 404, 'package': '@springworks/noop-logger', 'message': 'HTTPError'}
{'statusCode': 404, 'package': '@springworks/noop-logger', 'message': 'HTTPError'}
{'statusCode': 404, 'package': '@springworks/noop-logger', 'message': 'HTTPError'}
{'statusCode': 404, 'package': '@springworks/noop-logger', 'message': 'HTTPError'}
{'statusCode': 404, 'package': '@springworks/noop-logger', 'message': 'HTTPError'}
{'statusCode': 404, 'package': '@springworks/noop-logger', 'message': 'HTTPError'}
{'statusCode': 404, 'package': '@springworks/noop-logger', 'message': 'HTTPError'}
{'statusCode': 404, 'package': '@springworks/noop-logger', 'message': 'HTTPError'}
{'statusCode': 404, 'package': '@springworks/noop-logger', 'message': 'HTTPError'}
{'statusCode': 404, 'package': '@springworks/noop-logger', 'message': 'HTTPError'}
{'statusCode': 404, 'package': '@springworks/noop-logger', 'message': 'HTTPError'}
{'statusCode': 404, 'package': '@springworks/noop-logger', 'message': 'HTTPError'}
{'statusCode': 404, 'package': '@springworks/noop-logger', 'message': 'HTTPError'}
{'statusCode': 404, 'package': '@springworks/noop-logger', 'message': 'HTTPError'}
{'statusCode': 404, 'package': '@springworks/noop-logger', 'message': 'HTTPError'}
{'statusCode': 404, 'package': '@springworks/noop-logger', 'message': 'HTTPError'}
{'statusCode': 404, 'package': '@springworks/noop-logger', 'message': 'HTTPError'}
{'statusCode': 404, 'package': '@springworks/noop-logger', 'message': 'HTTPError'}
{'statusCode': 404, 'package': '@springworks/noop-logger', 'message': 'HTTPError'}
{'statusCode': 404, 'package': '@springworks/noop-logger', 'message': 'HTTPError'}
{'statusCode': 404, 'package': '@springworks/noop-logger', 'message': 'HTTPError'}
{'statusCode': 404, 'package': '@springworks/noop-logger', 'message': 'HTTPError'}
{'statusCode': 404, 'package': '@springworks/noop-logger', 'message': 'HTTPError'}
{'statusCode': 404, 'package': '@springworks/noop-logger', 'message': 'HTTPError'}
{'statusCode': 404, 'package': '@springworks/noop-logger', 'message': 'HTTPError'}
{'statusCode': 404, 'package': '@springworks/noop-logger', 'message': 'HTTPError'}
{'statusCode': 404, 'package': '@springworks/noop-logger', 'message': 'HTTPError'}
{'statusCode': 404, 'package': '@springworks/noop-logger', 'message': 'HTTPError'}
{'statusCode': 404, 'package': '@springworks/noop-logger', 'message': 'HTTPError'}
{'statusCode': 404, 'package': '@springworks/noop-logger', 'message': 'HTTPError'}
{'statusCode': 404, 'package': '@springworks/noop-logger', 'message': 'HTTPError'}
{'statusCode': 404, 'package': '@springworks/noop-logger', 'message': 'HTTPError'}
{'statusCode': 404, 'package': '@springworks/noop-logger', 'message': 'HTTPError'}
{'statusCode': 404, 'package': '@springworks/noop-logger', 'message': 'HTTPError'}
{'statusCode': 404, 'package': '@springworks/noop-logger', 'message': 'HTTPError'}
{'statusCode': 404, 'package': '@springworks/noop-logger', 'message': 'HTTPError'}
{'statusCode': 404, 'package': '@springworks/noop-logger', 'message': 'HTTPError'}
{'statusCode': 404, 'package': '@springworks/noop-logger', 'message': 'HTTPError'}
{'statusCode': 404, 'package': '@springworks/noop-logger', 'message': 'HTTPError'}
{'statusCode': 404, 'package': '@springworks/noop-logger', 'message': 'HTTPError'}
{'statusCode': 404, 'package': '@springworks/noop-logger', 'message': 'HTTPError'}
{'statusCode': 404, 'package': '@springworks/noop-logger', 'message': 'HTTPError'}
{'statusCode': 404, 'package': '@springworks/noop-logger', 'message': 'HTTPError'}
{'statusCode': 404, 'package': '@springworks/noop-logger', 'message': 'HTTPError'}
{'statusCode': 404, 'package': '@springworks/noop-logger', 'message': 'HTTPError'}
{'statusCode': 404, 'package': '@springworks/pcap-api-spec', 'message': 'HTTPError'}
{'statusCode': 404, 'package': '@springworks/pcap-api-spec', 'message': 'HTTPError'}
{'statusCode': 404, 'package': '@springworks/pcap-api-spec', 'message': 'HTTPError'}
{'statusCode': 404, 'package': '@springworks/pcap-api-spec', 'message': 'HTTPError'}
{'statusCode': 404, 'package': '@springworks/pcap-api-spec', 'message': 'HTTPError'}
{'statusCode': 404, 'package': '@springworks/provisioning-api-spec', 'message': 'HTTPError'}
{'statusCode': 404, 'package': '@springworks/provisioning-api-spec', 'message': 'HTTPError'}
{'statusCode': 404, 'package': '@springworks/provisioning-api-spec', 'message': 'HTTPError'}
{'statusCode': 404, 'package': '@springworks/provisioning-api-spec', 'message': 'HTTPError'}
{'statusCode': 404, 'package': '@springworks/provisioning-api-spec', 'message': 'HTTPError'}
{'statusCode': 404, 'package': '@springworks/service-provider-api-spec', 'message': 'HTTPError'}
{'statusCode': 404, 'package': '@springworks/service-provider-api-spec', 'message': 'HTTPError'}
{'statusCode': 404, 'package': '@springworks/service-provider-api-spec', 'message': 'HTTPError'}
{'statusCode': 404, 'package': '@springworks/service-provider-api-spec', 'message': 'HTTPError'}
{'statusCode': 404, 'package': '@springworks/service-provider-api-spec', 'message': 'HTTPError'}
{'statusCode': 404, 'package': '@springworks/simple-request', 'message': 'HTTPError'}
{'statusCode': 404, 'package': '@springworks/simple-request', 'message': 'HTTPError'}
{'statusCode': 404, 'package': '@springworks/simple-request', 'message': 'HTTPError'}
{'statusCode': 404, 'package': '@springworks/simple-request', 'message': 'HTTPError'}
{'statusCode': 404, 'package': '@springworks/simple-request', 'message': 'HTTPError'}
{'statusCode': 404, 'package': '@springworks/simple-request', 'message': 'HTTPError'}
{'statusCode': 404, 'package': '@springworks/simple-request', 'message': 'HTTPError'}
{'statusCode': 404, 'package': '@springworks/simple-request', 'message': 'HTTPError'}
{'statusCode': 404, 'package': '@springworks/simple-request', 'message': 'HTTPError'}
{'statusCode': 404, 'package': '@springworks/simple-request', 'message': 'HTTPError'}
{'statusCode': 404, 'package': '@springworks/simple-request', 'message': 'HTTPError'}
{'statusCode': 404, 'package': '@springworks/simple-request', 'message': 'HTTPError'}
{'statusCode': 404, 'package': '@springworks/simple-request', 'message': 'HTTPError'}
{'statusCode': 404, 'package': '@springworks/simple-request', 'message': 'HTTPError'}
{'statusCode': 404, 'package': '@springworks/simple-request', 'message': 'HTTPError'}
{'statusCode': 404, 'package': '@springworks/simple-request', 'message': 'HTTPError'}
{'statusCode': 404, 'package': '@springworks/simple-request', 'message': 'HTTPError'}
{'statusCode': 404, 'package': '@springworks/simple-request', 'message': 'HTTPError'}
{'statusCode': 404, 'package': '@springworks/simple-request', 'message': 'HTTPError'}
{'statusCode': 404, 'package': '@springworks/simple-request', 'message': 'HTTPError'}
{'statusCode': 404, 'package': '@springworks/simple-request', 'message': 'HTTPError'}
{'statusCode': 404, 'package': '@springworks/simple-request', 'message': 'HTTPError'}
{'statusCode': 404, 'package': '@springworks/simple-request', 'message': 'HTTPError'}
{'statusCode': 404, 'package': '@springworks/simple-request', 'message': 'HTTPError'}
{'statusCode': 404, 'package': '@springworks/simple-request', 'message': 'HTTPError'}
{'statusCode': 404, 'package': '@springworks/simple-request', 'message': 'HTTPError'}
{'statusCode': 404, 'package': '@springworks/simple-request', 'message': 'HTTPError'}
{'statusCode': 404, 'package': '@springworks/simple-request', 'message': 'HTTPError'}
{'statusCode': 404, 'package': '@springworks/simple-request', 'message': 'HTTPError'}
{'statusCode': 404, 'package': '@springworks/simple-request', 'message': 'HTTPError'}
{'statusCode': 404, 'package': '@springworks/simple-request', 'message': 'HTTPError'}
{'statusCode': 404, 'package': '@springworks/simple-request', 'message': 'HTTPError'}
{'statusCode': 404, 'package': '@springworks/simple-request', 'message': 'HTTPError'}
{'statusCode': 404, 'package': '@springworks/simple-request', 'message': 'HTTPError'}
{'statusCode': 404, 'package': '@springworks/simple-request', 'message': 'HTTPError'}
{'statusCode': 404, 'package': '@springworks/simple-request', 'message': 'HTTPError'}
{'statusCode': 404, 'package': '@springworks/simple-request', 'message': 'HTTPError'}
{'statusCode': 404, 'package': '@springworks/simple-request', 'message': 'HTTPError'}
{'statusCode': 404, 'package': '@springworks/simple-request', 'message': 'HTTPError'}
{'statusCode': 404, 'package': '@springworks/simple-request', 'message': 'HTTPError'}
{'statusCode': 404, 'package': '@springworks/simple-request', 'message': 'HTTPError'}
{'statusCode': 404, 'package': '@springworks/simple-request', 'message': 'HTTPError'}
{'statusCode': 404, 'package': '@springworks/simple-request', 'message': 'HTTPError'}
{'statusCode': 404, 'package': '@springworks/simple-request', 'message': 'HTTPError'}
{'statusCode': 404, 'package': '@springworks/simple-request', 'message': 'HTTPError'}
{'statusCode': 404, 'package': '@springworks/simple-request', 'message': 'HTTPError'}
{'statusCode': 404, 'package': '@springworks/simple-request', 'message': 'HTTPError'}
{'statusCode': 404, 'package': '@springworks/simple-request', 'message': 'HTTPError'}
{'statusCode': 404, 'package': '@springworks/simple-request', 'message': 'HTTPError'}
{'statusCode': 404, 'package': '@springworks/simple-request', 'message': 'HTTPError'}
{'statusCode': 404, 'package': '@springworks/simple-request', 'message': 'HTTPError'}
{'statusCode': 404, 'package': '@springworks/simple-request', 'message': 'HTTPError'}
{'statusCode': 404, 'package': '@springworks/simple-request', 'message': 'HTTPError'}
{'statusCode': 404, 'package': '@springworks/simple-request', 'message': 'HTTPError'}
{'statusCode': 404, 'package': '@springworks/simple-request', 'message': 'HTTPError'}
{'statusCode': 404, 'package': '@springworks/simple-request', 'message': 'HTTPError'}
{'statusCode': 404, 'package': '@springworks/simple-request', 'message': 'HTTPError'}
{'statusCode': 404, 'package': '@springworks/simple-request', 'message': 'HTTPError'}
{'statusCode': 404, 'package': '@springworks/simple-request', 'message': 'HTTPError'}
{'statusCode': 404, 'package': '@springworks/simple-request', 'message': 'HTTPError'}
{'statusCode': 404, 'package': '@springworks/simple-request', 'message': 'HTTPError'}
{'statusCode': 404, 'package': '@springworks/simple-request', 'message': 'HTTPError'}
{'statusCode': 404, 'package': '@springworks/simple-request', 'message': 'HTTPError'}
{'statusCode': 404, 'package': '@springworks/simple-request', 'message': 'HTTPError'}
{'statusCode': 404, 'package': '@springworks/simple-request', 'message': 'HTTPError'}
{'statusCode': 404, 'package': '@springworks/simple-request', 'message': 'HTTPError'}
{'statusCode': 404, 'package': '@springworks/simple-request', 'message': 'HTTPError'}
{'statusCode': 404, 'package': '@springworks/simple-request', 'message': 'HTTPError'}
{'statusCode': 404, 'package': '@springworks/simple-request', 'message': 'HTTPError'}
{'statusCode': 404, 'package': '@springworks/simple-request', 'message': 'HTTPError'}
{'statusCode': 404, 'package': '@springworks/simple-request', 'message': 'HTTPError'}
{'statusCode': 404, 'package': '@springworks/simple-request', 'message': 'HTTPError'}
{'statusCode': 404, 'package': '@springworks/simple-request', 'message': 'HTTPError'}
{'statusCode': 404, 'package': '@springworks/simple-request', 'message': 'HTTPError'}
{'statusCode': 404, 'package': '@springworks/simple-request', 'message': 'HTTPError'}
{'statusCode': 404, 'package': '@springworks/simple-request', 'message': 'HTTPError'}
{'statusCode': 404, 'package': '@springworks/simple-request', 'message': 'HTTPError'}
{'statusCode': 404, 'package': '@springworks/simple-request', 'message': 'HTTPError'}
{'statusCode': 404, 'package': '@springworks/simple-request', 'message': 'HTTPError'}
{'statusCode': 404, 'package': '@springworks/simple-request', 'message': 'HTTPError'}
{'statusCode': 404, 'package': '@springworks/simple-request', 'message': 'HTTPError'}
{'statusCode': 404, 'package': '@springworks/simple-request', 'message': 'HTTPError'}
{'statusCode': 404, 'package': '@springworks/simple-request', 'message': 'HTTPError'}
{'statusCode': 404, 'package': '@springworks/simple-request', 'message': 'HTTPError'}
{'statusCode': 404, 'package': '@springworks/simple-request', 'message': 'HTTPError'}
{'statusCode': 404, 'package': '@springworks/simple-request', 'message': 'HTTPError'}
{'statusCode': 404, 'package': '@springworks/simple-request', 'message': 'HTTPError'}
{'statusCode': 404, 'package': '@springworks/simple-request', 'message': 'HTTPError'}
{'statusCode': 404, 'package': '@springworks/simple-request', 'message': 'HTTPError'}
{'statusCode': 404, 'package': '@springworks/simple-request', 'message': 'HTTPError'}
{'statusCode': 404, 'package': '@springworks/simple-request', 'message': 'HTTPError'}
{'statusCode': 404, 'package': '@springworks/simple-request', 'message': 'HTTPError'}
{'statusCode': 404, 'package': '@springworks/simple-request', 'message': 'HTTPError'}
{'statusCode': 404, 'package': '@springworks/simple-request', 'message': 'HTTPError'}
{'statusCode': 404, 'package': '@springworks/simple-request', 'message': 'HTTPError'}
{'statusCode': 404, 'package': '@springworks/simple-request', 'message': 'HTTPError'}
{'statusCode': 404, 'package': '@springworks/simple-request', 'message': 'HTTPError'}
{'statusCode': 404, 'package': '@springworks/simple-request', 'message': 'HTTPError'}
{'statusCode': 404, 'package': '@springworks/simple-request', 'message': 'HTTPError'}
{'statusCode': 404, 'package': '@springworks/simple-request', 'message': 'HTTPError'}
{'statusCode': 404, 'package': '@springworks/simple-request', 'message': 'HTTPError'}
{'statusCode': 404, 'package': '@springworks/simple-request', 'message': 'HTTPError'}
{'statusCode': 404, 'package': '@springworks/simple-request', 'message': 'HTTPError'}
{'statusCode': 404, 'package': '@springworks/simple-request', 'message': 'HTTPError'}
{'statusCode': 404, 'package': '@springworks/simple-request', 'message': 'HTTPError'}
{'statusCode': 404, 'package': '@springworks/simple-request', 'message': 'HTTPError'}
{'statusCode': 404, 'package': '@springworks/simple-request', 'message': 'HTTPError'}
{'statusCode': 404, 'package': '@springworks/simple-request', 'message': 'HTTPError'}
{'statusCode': 404, 'package': '@springworks/simple-request', 'message': 'HTTPError'}
{'statusCode': 404, 'package': '@springworks/simple-request', 'message': 'HTTPError'}
{'statusCode': 404, 'package': '@springworks/simple-request', 'message': 'HTTPError'}
{'statusCode': 404, 'package': '@springworks/simple-request', 'message': 'HTTPError'}
{'statusCode': 404, 'package': '@springworks/simple-request', 'message': 'HTTPError'}
{'statusCode': 404, 'package': '@springworks/simple-request', 'message': 'HTTPError'}
{'statusCode': 404, 'package': '@springworks/simple-request', 'message': 'HTTPError'}
{'statusCode': 404, 'package': '@springworks/simple-request', 'message': 'HTTPError'}
{'statusCode': 404, 'package': '@springworks/simple-request', 'message': 'HTTPError'}
{'statusCode': 404, 'package': '@springworks/simple-request', 'message': 'HTTPError'}
{'statusCode': 404, 'package': '@springworks/simple-request', 'message': 'HTTPError'}
{'statusCode': 404, 'package': '@springworks/swagger-schema-interfaces', 'message': 'HTTPError'}
{'statusCode': 404, 'package': '@springworks/swagger-schema-interfaces', 'message': 'HTTPError'}
{'statusCode': 404, 'package': '@springworks/swagger-schema-interfaces', 'message': 'HTTPError'}
{'statusCode': 404, 'package': '@springworks/swagger-schema-interfaces', 'message': 'HTTPError'}
{'statusCode': 404, 'package': '@springworks/swagger-schema-interfaces', 'message': 'HTTPError'}
{'statusCode': 404, 'package': '@springworks/swagger-schema-interfaces', 'message': 'HTTPError'}
{'statusCode': 404, 'package': '@springworks/swagger-schema-interfaces', 'message': 'HTTPError'}
{'statusCode': 404, 'package': '@springworks/swagger-schema-interfaces', 'message': 'HTTPError'}
{'statusCode': 404, 'package': '@springworks/swagger-schema-interfaces', 'message': 'HTTPError'}
{'statusCode': 404, 'package': '@springworks/swagger-schema-interfaces', 'message': 'HTTPError'}
{'statusCode': 404, 'package': '@springworks/swagger-schema-interfaces', 'message': 'HTTPError'}
{'statusCode': 404, 'package': '@springworks/swagger-schema-interfaces', 'message': 'HTTPError'}
{'statusCode': 404, 'package': '@springworks/swagger-schema-interfaces', 'message': 'HTTPError'}
{'statusCode': 404, 'package': '@springworks/swagger-schema-interfaces', 'message': 'HTTPError'}
{'statusCode': 404, 'package': '@springworks/swagger-schema-interfaces', 'message': 'HTTPError'}
{'statusCode': 404, 'package': '@springworks/swagger-schema-interfaces', 'message': 'HTTPError'}
{'statusCode': 404, 'package': '@springworks/swagger-schema-interfaces', 'message': 'HTTPError'}
{'statusCode': 404, 'package': '@springworks/swagger-schema-interfaces', 'message': 'HTTPError'}
{'statusCode': 404, 'package': '@springworks/swagger-schema-interfaces', 'message': 'HTTPError'}
{'statusCode': 404, 'package': '@springworks/swagger-schema-interfaces', 'message': 'HTTPError'}
{'statusCode': 404, 'package': '@springworks/swagger-schema-interfaces', 'message': 'HTTPError'}
{'statusCode': 404, 'package': '@springworks/swagger-schema-interfaces', 'message': 'HTTPError'}
{'statusCode': 404, 'package': '@springworks/swagger-schema-interfaces', 'message': 'HTTPError'}
{'statusCode': 404, 'package': '@springworks/swagger-schema-interfaces', 'message': 'HTTPError'}
{'statusCode': 404, 'package': '@springworks/swagger-schema-interfaces', 'message': 'HTTPError'}
{'statusCode': 404, 'package': '@springworks/swagger-schema-interfaces', 'message': 'HTTPError'}
{'statusCode': 404, 'package': '@springworks/swagger-schema-interfaces', 'message': 'HTTPError'}
{'statusCode': 404, 'package': '@springworks/swagger-schema-interfaces', 'message': 'HTTPError'}
{'statusCode': 404, 'package': '@springworks/swagger-schema-interfaces', 'message': 'HTTPError'}
{'statusCode': 404, 'package': '@springworks/swagger-schema-interfaces', 'message': 'HTTPError'}
{'statusCode': 404, 'package': '@springworks/swagger-schema-interfaces', 'message': 'HTTPError'}
{'statusCode': 404, 'package': '@springworks/swagger-schema-interfaces', 'message': 'HTTPError'}
{'statusCode': 404, 'package': '@springworks/swagger-schema-interfaces', 'message': 'HTTPError'}
{'statusCode': 404, 'package': '@springworks/swagger-schema-interfaces', 'message': 'HTTPError'}
{'statusCode': 404, 'package': '@springworks/swagger-schema-interfaces', 'message': 'HTTPError'}
{'statusCode': 404, 'package': '@springworks/swagger-schema-interfaces', 'message': 'HTTPError'}
{'statusCode': 404, 'package': '@springworks/swagger-schema-interfaces', 'message': 'HTTPError'}
{'statusCode': 404, 'package': '@springworks/swagger-schema-interfaces', 'message': 'HTTPError'}
{'statusCode': 404, 'package': '@springworks/swagger-schema-interfaces', 'message': 'HTTPError'}
{'statusCode': 404, 'package': '@springworks/swagger-schema-interfaces', 'message': 'HTTPError'}
{'statusCode': 404, 'package': '@springworks/swagger-schema-interfaces', 'message': 'HTTPError'}
{'statusCode': 404, 'package': '@springworks/swagger-schema-interfaces', 'message': 'HTTPError'}
{'statusCode': 404, 'package': '@springworks/swagger-schema-interfaces', 'message': 'HTTPError'}
{'statusCode': 404, 'package': '@springworks/swagger-schema-interfaces', 'message': 'HTTPError'}
{'statusCode': 404, 'package': '@springworks/swagger-schema-interfaces', 'message': 'HTTPError'}
{'statusCode': 404, 'package': '@springworks/swagger-schema-interfaces', 'message': 'HTTPError'}
{'statusCode': 404, 'package': '@springworks/swagger-schema-interfaces', 'message': 'HTTPError'}
{'statusCode': 404, 'package': '@springworks/swagger-schema-interfaces', 'message': 'HTTPError'}
{'statusCode': 404, 'package': '@springworks/swagger-schema-interfaces', 'message': 'HTTPError'}
{'statusCode': 404, 'package': '@springworks/swagger-schema-interfaces', 'message': 'HTTPError'}
{'statusCode': 404, 'package': '@springworks/swagger-schema-interfaces', 'message': 'HTTPError'}
{'statusCode': 404, 'package': '@springworks/swagger-schema-interfaces', 'message': 'HTTPError'}
{'statusCode': 404, 'package': '@springworks/swagger-schema-interfaces', 'message': 'HTTPError'}
{'statusCode': 404, 'package': '@springworks/swagger-schema-interfaces', 'message': 'HTTPError'}
{'statusCode': 404, 'package': '@springworks/swagger-schema-interfaces', 'message': 'HTTPError'}
{'statusCode': 404, 'package': '@springworks/swagger-schema-interfaces', 'message': 'HTTPError'}
{'statusCode': 404, 'package': '@springworks/swagger-schema-interfaces', 'message': 'HTTPError'}
{'statusCode': 404, 'package': '@springworks/swagger-schema-interfaces', 'message': 'HTTPError'}
{'statusCode': 404, 'package': '@springworks/swagger-schema-interfaces', 'message': 'HTTPError'}
{'statusCode': 404, 'package': '@springworks/swagger-schema-interfaces', 'message': 'HTTPError'}
{'statusCode': 404, 'package': '@springworks/swagger-schema-interfaces', 'message': 'HTTPError'}
{'statusCode': 404, 'package': '@springworks/swagger-schema-interfaces', 'message': 'HTTPError'}
{'statusCode': 404, 'package': '@springworks/swagger-schema-interfaces', 'message': 'HTTPError'}
{'statusCode': 404, 'package': '@springworks/swagger-schema-interfaces', 'message': 'HTTPError'}
{'statusCode': 404, 'package': '@springworks/swagger-schema-interfaces', 'message': 'HTTPError'}
{'statusCode': 404, 'package': '@springworks/swagger-schema-interfaces', 'message': 'HTTPError'}
{'statusCode': 404, 'package': '@springworks/swagger-schema-interfaces', 'message': 'HTTPError'}
{'statusCode': 404, 'package': '@springworks/swagger-schema-interfaces', 'message': 'HTTPError'}
{'statusCode': 404, 'package': '@springworks/swagger-schema-interfaces', 'message': 'HTTPError'}
{'statusCode': 404, 'package': '@springworks/swagger-schema-interfaces', 'message': 'HTTPError'}
{'statusCode': 404, 'package': '@springworks/swagger-schema-interfaces', 'message': 'HTTPError'}
{'statusCode': 404, 'package': '@springworks/swagger-schema-interfaces', 'message': 'HTTPError'}
{'statusCode': 404, 'package': '@springworks/swagger-schema-interfaces', 'message': 'HTTPError'}
{'statusCode': 404, 'package': '@springworks/swagger-schema-interfaces', 'message': 'HTTPError'}
{'statusCode': 404, 'package': '@springworks/swagger-schema-interfaces', 'message': 'HTTPError'}
{'statusCode': 404, 'package': '@springworks/swagger-schema-interfaces', 'message': 'HTTPError'}
{'statusCode': 404, 'package': '@springworks/swagger-schema-interfaces', 'message': 'HTTPError'}
{'statusCode': 404, 'package': '@springworks/swagger-schema-interfaces', 'message': 'HTTPError'}
{'statusCode': 404, 'package': '@springworks/swagger-schema-interfaces', 'message': 'HTTPError'}
{'statusCode': 404, 'package': '@springworks/swagger-schema-interfaces', 'message': 'HTTPError'}
{'statusCode': 404, 'package': '@springworks/swagger-schema-interfaces', 'message': 'HTTPError'}
{'statusCode': 404, 'package': '@springworks/swagger-schema-interfaces', 'message': 'HTTPError'}
{'statusCode': 404, 'package': '@springworks/swagger-schema-interfaces', 'message': 'HTTPError'}
{'statusCode': 404, 'package': '@springworks/swagger-schema-interfaces', 'message': 'HTTPError'}
{'statusCode': 404, 'package': '@springworks/swagger-schema-interfaces', 'message': 'HTTPError'}
{'statusCode': 404, 'package': '@springworks/swagger-schema-interfaces', 'message': 'HTTPError'}
{'statusCode': 404, 'package': '@springworks/swagger-schema-interfaces', 'message': 'HTTPError'}
{'statusCode': 404, 'package': '@springworks/swagger-schema-interfaces', 'message': 'HTTPError'}
{'statusCode': 404, 'package': '@springworks/swagger-schema-interfaces', 'message': 'HTTPError'}
{'statusCode': 404, 'package': '@springworks/swagger-schema-interfaces', 'message': 'HTTPError'}
{'statusCode': 404, 'package': '@springworks/swagger-schema-interfaces', 'message': 'HTTPError'}
{'statusCode': 404, 'package': '@springworks/swagger-schema-interfaces', 'message': 'HTTPError'}
{'statusCode': 404, 'package': '@springworks/swagger-schema-interfaces', 'message': 'HTTPError'}
{'statusCode': 404, 'package': '@springworks/swagger-schema-interfaces', 'message': 'HTTPError'}
{'statusCode': 404, 'package': '@springworks/swagger-schema-interfaces', 'message': 'HTTPError'}
{'statusCode': 404, 'package': '@springworks/swagger-schema-interfaces', 'message': 'HTTPError'}
{'statusCode': 404, 'package': '@springworks/swagger-schema-interfaces', 'message': 'HTTPError'}
{'statusCode': 404, 'package': '@springworks/swagger-schema-interfaces', 'message': 'HTTPError'}
{'statusCode': 404, 'package': '@springworks/swagger-schema-interfaces', 'message': 'HTTPError'}
{'statusCode': 404, 'package': '@springworks/swagger-schema-interfaces', 'message': 'HTTPError'}
{'statusCode': 404, 'package': '@springworks/swagger-schema-interfaces', 'message': 'HTTPError'}
{'statusCode': 404, 'package': '@springworks/swagger-schema-interfaces', 'message': 'HTTPError'}
{'statusCode': 404, 'package': '@springworks/swagger-schema-interfaces', 'message': 'HTTPError'}
{'statusCode': 404, 'package': '@springworks/swagger-schema-interfaces', 'message': 'HTTPError'}
{'statusCode': 404, 'package': '@springworks/telia-subscription-api-spec', 'message': 'HTTPError'}
{'statusCode': 404, 'package': '@springworks/telia-subscription-api-spec', 'message': 'HTTPError'}
{'statusCode': 404, 'package': '@springworks/telia-subscription-api-spec', 'message': 'HTTPError'}
{'statusCode': 404, 'package': '@springworks/trip-processor-spec', 'message': 'HTTPError'}
{'statusCode': 404, 'package': '@springworks/trip-processor-spec', 'message': 'HTTPError'}
{'statusCode': 404, 'package': '@springworks/trip-processor-spec', 'message': 'HTTPError'}
{'statusCode': 404, 'package': '@springworks/trip-processor-spec', 'message': 'HTTPError'}
{'statusCode': 404, 'package': '@springworks/trip-processor-spec', 'message': 'HTTPError'}
{'statusCode': 404, 'package': '@springworks/user-api-spec', 'message': 'HTTPError'}
{'statusCode': 404, 'package': '@springworks/user-api-spec', 'message': 'HTTPError'}
{'statusCode': 404, 'package': '@springworks/user-api-spec', 'message': 'HTTPError'}
{'statusCode': 404, 'package': '@springworks/user-api-spec', 'message': 'HTTPError'}
{'statusCode': 0, 'package': 'sprint_0.1.0', 'message': 'no deps or dev-deps'}
{'statusCode': 0, 'package': 'sprint_0.2.0', 'message': 'no deps or dev-deps'}
{'statusCode': 0, 'package': 'sprint_0.2.1', 'message': 'no deps or dev-deps'}
{'statusCode': 0, 'package': 'sprint_0.2.2', 'message': 'no deps or dev-deps'}
{'statusCode': 0, 'package': 'sprint_0.2.3', 'message': 'no deps or dev-deps'}
{'statusCode': 0, 'package': 'sprint_0.3.0', 'message': 'no deps or dev-deps'}
{'statusCode': 0, 'package': 'sprint_0.3.1', 'message': 'no deps or dev-deps'}
{'statusCode': 0, 'package': 'typestyle_0.0.0', 'message': 'no deps or dev-deps'}
{'statusCode': 0, 'package': 'vuepress-plugin-md-enhance_0.0.1-alpha1', 'message': 'no deps or dev-deps'}
{'statusCode': 404, 'package': 'when-first', 'message': 'HTTPError'}
{'statusCode': 0, 'package': '0_0.0.0', 'message': 'no deps or dev-deps'}
{'statusCode': 404, 'package': '.0', 'message': 'HTTPError'}
{'statusCode': 0, 'package': '0_0.0.0', 'message': 'no deps or dev-deps'}
{'statusCode': 404, 'package': '.0.0', 'message': 'HTTPError'}
{'statusCode': 0, 'package': '0.0_0.0.0', 'message': 'no deps or dev-deps'}
{'statusCode': 404, 'package': '0.0.0', 'message': 'HTTPError'}
{'statusCode': 404, 'package': '000', 'message': 'HTTPError'}
{'statusCode': 404, 'package': '0.0.2', 'message': 'HTTPError'}
{'statusCode': 404, 'package': '0.0.3', 'message': 'HTTPError'}
{'statusCode': 404, 'package': '0.0.32', 'message': 'HTTPError'}
{'statusCode': 404, 'package': '0.0.4', 'message': 'HTTPError'}
{'statusCode': 404, 'package': '0.0.5', 'message': 'HTTPError'}
{'statusCode': 404, 'package': '0.0.6', 'message': 'HTTPError'}
{'statusCode': 404, 'package': '0.0.85', 'message': 'HTTPError'}
{'statusCode': 404, 'package': '0.0.9', 'message': 'HTTPError'}
{'statusCode': 404, 'package': '.0.1', 'message': 'HTTPError'}
{'statusCode': 200, 'package': '0.1', 'message': 'No versions found'}
{'statusCode': 404, 'package': '.0.10', 'message': 'HTTPError'}
{'statusCode': 404, 'package': '0.10', 'message': 'HTTPError'}
{'statusCode': 200, 'package': '0.1.0', 'message': 'No versions found'}
{'statusCode': 404, 'package': '0.10.0', 'message': 'HTTPError'}
{'statusCode': 404, 'package': '0.10.1', 'message': 'HTTPError'}
{'statusCode': 404, 'package': '0.102.1', 'message': 'HTTPError'}
{'statusCode': 404, 'package': '0.10.3@util', 'message': 'HTTPError'}
{'statusCode': 404, 'package': '0.104.0', 'message': 'HTTPError'}
{'statusCode': 404, 'package': '0.105.2', 'message': 'HTTPError'}
{'statusCode': 404, 'package': '0.107.0', 'message': 'HTTPError'}
{'statusCode': 404, 'package': '.0.11', 'message': 'HTTPError'}
{'statusCode': 404, 'package': '0.11', 'message': 'HTTPError'}
{'statusCode': 404, 'package': '0.1.1', 'message': 'HTTPError'}
{'statusCode': 404, 'package': '0.1.11', 'message': 'HTTPError'}
{'statusCode': 404, 'package': '0.11.1', 'message': 'HTTPError'}
{'statusCode': 404, 'package': '0.1.12', 'message': 'HTTPError'}
{'statusCode': 404, 'package': '0.11.2', 'message': 'HTTPError'}
{'statusCode': 404, 'package': '0.11.4', 'message': 'HTTPError'}
{'statusCode': 404, 'package': '0.1.15', 'message': 'HTTPError'}
{'statusCode': 404, 'package': '0.117.1', 'message': 'HTTPError'}
{'statusCode': 404, 'package': '0.11.9', 'message': 'HTTPError'}
{'statusCode': 404, 'package': '0.12', 'message': 'HTTPError'}
{'statusCode': 200, 'package': '0.1.2', 'message': 'No versions found'}
{'statusCode': 404, 'package': '0.12.0', 'message': 'HTTPError'}
{'statusCode': 404, 'package': '0.12.1', 'message': 'HTTPError'}
{'statusCode': 404, 'package': '0.12.16', 'message': 'HTTPError'}
{'statusCode': 404, 'package': '0.1.22', 'message': 'HTTPError'}
{'statusCode': 404, 'package': '0.12.2', 'message': 'HTTPError'}
{'statusCode': 404, 'package': '0.122.0', 'message': 'HTTPError'}
{'statusCode': 404, 'package': '0.12.24', 'message': 'HTTPError'}
{'statusCode': 404, 'package': '0.123.0', 'message': 'HTTPError'}
{'statusCode': 404, 'package': '0.12.32', 'message': 'HTTPError'}
{'statusCode': 404, 'package': '0.12.4', 'message': 'HTTPError'}
{'statusCode': 404, 'package': '0.127.0', 'message': 'HTTPError'}
{'statusCode': 404, 'package': '0.12.7@path', 'message': 'HTTPError'}
{'statusCode': 404, 'package': '0.128.0', 'message': 'HTTPError'}
{'statusCode': 404, 'package': '.0.13', 'message': 'HTTPError'}
{'statusCode': 404, 'package': '0.13', 'message': 'HTTPError'}
{'statusCode': 404, 'package': '0.1.3', 'message': 'HTTPError'}
{'statusCode': 0, 'package': '0_0.0.0', 'message': 'no deps or dev-deps'}
{'statusCode': 0, 'package': '@0xsequence/metadata_0.43.0', 'message': 'no deps or dev-deps'}
{'statusCode': 0, 'package': '@0xsequence/metadata_0.43.1', 'message': 'no deps or dev-deps'}
{'statusCode': 0, 'package': '@0xsequence/metadata_0.43.2', 'message': 'no deps or dev-deps'}
{'statusCode': 0, 'package': '@0xsequence/metadata_0.43.3', 'message': 'no deps or dev-deps'}
{'statusCode': 0, 'package': '@0xsequence/metadata_0.0.0-20221124173317', 'message': 'no deps or dev-deps'}
{'statusCode': 0, 'package': '@0xsequence/metadata_0.43.4', 'message': 'no deps or dev-deps'}
{'statusCode': 0, 'package': '@0xsequence/metadata_0.43.5', 'message': 'no deps or dev-deps'}
{'statusCode': 0, 'package': '@0xsequence/metadata_0.43.6', 'message': 'no deps or dev-deps'}
{'statusCode': 0, 'package': '@0xsequence/metadata_0.43.7', 'message': 'no deps or dev-deps'}
{'statusCode': 404, 'package': '.15.2', 'message': 'HTTPError'}
{'statusCode': 404, 'package': '1.5.2', 'message': 'HTTPError'}
{'statusCode': 404, 'package': '15.2.0', 'message': 'HTTPError'}
{'statusCode': 404, 'package': '15.2.1', 'message': 'HTTPError'}
{'statusCode': 404, 'package': '.15.3', 'message': 'HTTPError'}
{'statusCode': 404, 'package': '1.5.3', 'message': 'HTTPError'}
{'statusCode': 404, 'package': '15.3', 'message': 'HTTPError'}
{'statusCode': 404, 'package': '15.3.0', 'message': 'HTTPError'}
{'statusCode': 404, 'package': '15.3.1', 'message': 'HTTPError'}
{'statusCode': 404, 'package': '15.3.2', 'message': 'HTTPError'}
{'statusCode': 404, 'package': '.15.4', 'message': 'HTTPError'}
{'statusCode': 404, 'package': '15.4', 'message': 'HTTPError'}
{'statusCode': 404, 'package': '15.4.0', 'message': 'HTTPError'}
{'statusCode': 404, 'package': '15.4.1', 'message': 'HTTPError'}
{'statusCode': 404, 'package': '15.4.2', 'message': 'HTTPError'}
{'statusCode': 404, 'package': '.15.5', 'message': 'HTTPError'}
{'statusCode': 404, 'package': '15.5', 'message': 'HTTPError'}
{'statusCode': 404, 'package': '15.5.4', 'message': 'HTTPError'}
{'statusCode': 404, 'package': '.15.6', 'message': 'HTTPError'}
{'statusCode': 404, 'package': '15.6', 'message': 'HTTPError'}
{'statusCode': 404, 'package': '15.6.1', 'message': 'HTTPError'}
{'statusCode': 404, 'package': '.15.8', 'message': 'HTTPError'}
{'statusCode': 404, 'package': '15.x', 'message': 'HTTPError'}
{'statusCode': 404, 'package': '.16', 'message': 'HTTPError'}
{'statusCode': 404, 'package': '.1.6', 'message': 'HTTPError'}
{'statusCode': 404, 'package': '1.6', 'message': 'HTTPError'}
{'statusCode': 404, 'package': '.16.0', 'message': 'HTTPError'}
{'statusCode': 404, 'package': '16.0', 'message': 'HTTPError'}
{'statusCode': 404, 'package': '16.0.0', 'message': 'HTTPError'}
{'statusCode': 404, 'package': '16.0.1', 'message': 'HTTPError'}
{'statusCode': 404, 'package': '160', 'message': 'HTTPError'}
{'statusCode': 404, 'package': '.16.1', 'message': 'HTTPError'}
{'statusCode': 404, 'package': '1.6.1', 'message': 'HTTPError'}
{'statusCode': 404, 'package': '.16.10', 'message': 'HTTPError'}
{'statusCode': 404, 'package': '16.1.0', 'message': 'HTTPError'}
{'statusCode': 404, 'package': '16.10.2', 'message': 'HTTPError'}
{'statusCode': 404, 'package': '.23.0', 'message': 'HTTPError'}
{'statusCode': 404, 'package': '2.3.0', 'message': 'HTTPError'}
{'statusCode': 404, 'package': '23.0', 'message': 'HTTPError'}
{'statusCode': 404, 'package': '.23.1', 'message': 'HTTPError'}
{'statusCode': 404, 'package': '2.3.1', 'message': 'HTTPError'}
{'statusCode': 404, 'package': '23.10', 'message': 'HTTPError'}
{'statusCode': 404, 'package': '2.3.16', 'message': 'HTTPError'}
{'statusCode': 404, 'package': '2.32', 'message': 'HTTPError'}
{'statusCode': 404, 'package': '2.3.2', 'message': 'HTTPError'}
{'statusCode': 404, 'package': '23.2', 'message': 'HTTPError'}
{'statusCode': 404, 'package': '@3846masa/configs', 'message': 'HTTPError'}
{'statusCode': 404, 'package': '@3846masa/configs', 'message': 'HTTPError'}
{'statusCode': 404, 'package': '@3846masa/configs', 'message': 'HTTPError'}
{'statusCode': 404, 'package': '@3846masa/configs', 'message': 'HTTPError'}
{'statusCode': 404, 'package': '@3846masa/configs', 'message': 'HTTPError'}
{'statusCode': 404, 'package': '3.9', 'message': 'HTTPError'}
{'statusCode': 404, 'package': '.39.0', 'message': 'HTTPError'}
{'statusCode': 404, 'package': '39.0', 'message': 'HTTPError'}
{'statusCode': 404, 'package': '3.9.1', 'message': 'HTTPError'}
{'statusCode': 404, 'package': '3.9.1@gulp', 'message': 'HTTPError'}
{'statusCode': 404, 'package': '5.13', 'message': 'HTTPError'}
{'statusCode': 404, 'package': '5.1.3', 'message': 'HTTPError'}
{'statusCode': 404, 'package': '5.13.0', 'message': 'HTTPError'}
{'statusCode': 404, 'package': '5.14', 'message': 'HTTPError'}
{'statusCode': 404, 'package': '5.1.4', 'message': 'HTTPError'}
{'statusCode': 404, 'package': '5.14.0', 'message': 'HTTPError'}
{'statusCode': 404, 'package': '5.16', 'message': 'HTTPError'}
{'statusCode': 404, 'package': '5.16.0', 'message': 'HTTPError'}
{'statusCode': 200, 'package': '5.17', 'message': 'No versions found'}
{'statusCode': 404, 'package': '5.1.8', 'message': 'HTTPError'}
{'statusCode': 404, 'package': '8.3.10', 'message': 'HTTPError'}
{'statusCode': 200, 'package': '8.3.2', 'message': 'No versions found'}
{'statusCode': 404, 'package': '.8.4', 'message': 'HTTPError'}
{'statusCode': 404, 'package': '8.4', 'message': 'HTTPError'}
{'statusCode': 200, 'package': '8.4.0', 'message': 'No versions found'}
{'statusCode': 200, 'package': '8.4.1', 'message': 'No versions found'}
{'statusCode': 404, 'package': '8.4.18', 'message': 'HTTPError'}
{'statusCode': 404, 'package': '.8.5', 'message': 'HTTPError'}
{'statusCode': 0, 'package': '8.5_2.0.0', 'message': 'no deps or dev-deps'}
{'statusCode': 404, 'package': 'abacus-healthchecker-smoke-test', 'message': 'HTTPError'}
{'statusCode': 404, 'package': 'abacus-healthchecker-smoke-test', 'message': 'HTTPError'}
{'statusCode': 0, 'package': '0_0.0.0', 'message': 'no deps or dev-deps'}
{'statusCode': 0, 'package': '0_0.0.0', 'message': 'no deps or dev-deps'}
{'statusCode': 0, 'package': '0.0_0.0.0', 'message': 'no deps or dev-deps'}
{'statusCode': 404, 'package': '0.13.10', 'message': 'HTTPError'}
{'statusCode': 404, 'package': '0.131.3', 'message': 'HTTPError'}
{'statusCode': 404, 'package': '0.13.15', 'message': 'HTTPError'}
{'statusCode': 404, 'package': '0.13.22', 'message': 'HTTPError'}
{'statusCode': 404, 'package': '0.13.3', 'message': 'HTTPError'}
{'statusCode': 404, 'package': '0.133.1', 'message': 'HTTPError'}
{'statusCode': 404, 'package': '0.134.0', 'message': 'HTTPError'}
{'statusCode': 404, 'package': '0.136.0', 'message': 'HTTPError'}
{'statusCode': 404, 'package': '0.137.5', 'message': 'HTTPError'}
{'statusCode': 404, 'package': '0.13.9', 'message': 'HTTPError'}
{'statusCode': 404, 'package': '0.139.2', 'message': 'HTTPError'}
{'statusCode': 404, 'package': '.0.14', 'message': 'HTTPError'}
{'statusCode': 404, 'package': '0.14', 'message': 'HTTPError'}
{'statusCode': 404, 'package': '0.1.4', 'message': 'HTTPError'}
{'statusCode': 404, 'package': '0.14.0', 'message': 'HTTPError'}
{'statusCode': 404, 'package': '0.14.1', 'message': 'HTTPError'}
{'statusCode': 404, 'package': '0.14.3', 'message': 'HTTPError'}
{'statusCode': 404, 'package': '0.144.0', 'message': 'HTTPError'}
{'statusCode': 404, 'package': '0.14.7', 'message': 'HTTPError'}
{'statusCode': 404, 'package': '0.14.8', 'message': 'HTTPError'}
{'statusCode': 404, 'package': '0.14.9', 'message': 'HTTPError'}
{'statusCode': 404, 'package': '.0.15', 'message': 'HTTPError'}
{'statusCode': 404, 'package': '0.15', 'message': 'HTTPError'}
{'statusCode': 404, 'package': '0.1.5', 'message': 'HTTPError'}
{'statusCode': 404, 'package': '0.15.2', 'message': 'HTTPError'}
{'statusCode': 404, 'package': '0.15.3', 'message': 'HTTPError'}
{'statusCode': 404, 'package': '.0.16', 'message': 'HTTPError'}
{'statusCode': 404, 'package': '0.16', 'message': 'HTTPError'}
{'statusCode': 404, 'package': '0.1.6', 'message': 'HTTPError'}
{'statusCode': 404, 'package': '0.16.0', 'message': 'HTTPError'}
{'statusCode': 404, 'package': '0.16.1', 'message': 'HTTPError'}
{'statusCode': 0, 'package': '@0xsequence/indexer_0.43.0', 'message': 'no deps or dev-deps'}
{'statusCode': 0, 'package': '@0xsequence/indexer_0.43.1', 'message': 'no deps or dev-deps'}
{'statusCode': 0, 'package': '@0xsequence/indexer_0.43.2', 'message': 'no deps or dev-deps'}
{'statusCode': 0, 'package': '@0xsequence/indexer_0.43.3', 'message': 'no deps or dev-deps'}
{'statusCode': 0, 'package': '@0xsequence/indexer_0.0.0-20221124173317', 'message': 'no deps or dev-deps'}
{'statusCode': 0, 'package': '@0xsequence/indexer_0.43.4', 'message': 'no deps or dev-deps'}
{'statusCode': 0, 'package': '@0xsequence/indexer_0.43.5', 'message': 'no deps or dev-deps'}
{'statusCode': 0, 'package': '@0xsequence/indexer_0.43.6', 'message': 'no deps or dev-deps'}
{'statusCode': 0, 'package': '@0xsequence/indexer_0.43.7', 'message': 'no deps or dev-deps'}
{'statusCode': 0, 'package': '@0xsequence/indexer_0.43.0', 'message': 'no deps or dev-deps'}
{'statusCode': 0, 'package': '@0xsequence/indexer_0.43.1', 'message': 'no deps or dev-deps'}
{'statusCode': 0, 'package': '@0xsequence/indexer_0.43.2', 'message': 'no deps or dev-deps'}
{'statusCode': 0, 'package': '@0xsequence/indexer_0.43.3', 'message': 'no deps or dev-deps'}
{'statusCode': 0, 'package': '@0xsequence/indexer_0.0.0-20221124173317', 'message': 'no deps or dev-deps'}
{'statusCode': 0, 'package': '@0xsequence/indexer_0.43.4', 'message': 'no deps or dev-deps'}
{'statusCode': 0, 'package': '@0xsequence/indexer_0.43.5', 'message': 'no deps or dev-deps'}
{'statusCode': 0, 'package': '@0xsequence/indexer_0.43.6', 'message': 'no deps or dev-deps'}
{'statusCode': 0, 'package': '@0xsequence/indexer_0.43.7', 'message': 'no deps or dev-deps'}
{'statusCode': 0, 'package': '@0xsequence/indexer_0.43.0', 'message': 'no deps or dev-deps'}
{'statusCode': 0, 'package': '@0xsequence/indexer_0.43.1', 'message': 'no deps or dev-deps'}
{'statusCode': 0, 'package': '@0xsequence/indexer_0.43.2', 'message': 'no deps or dev-deps'}
{'statusCode': 0, 'package': '@0xsequence/indexer_0.43.3', 'message': 'no deps or dev-deps'}
{'statusCode': 0, 'package': '@0xsequence/indexer_0.0.0-20221124173317', 'message': 'no deps or dev-deps'}
{'statusCode': 0, 'package': '@0xsequence/indexer_0.43.4', 'message': 'no deps or dev-deps'}
{'statusCode': 0, 'package': '@0xsequence/indexer_0.43.5', 'message': 'no deps or dev-deps'}
{'statusCode': 0, 'package': '@0xsequence/indexer_0.43.6', 'message': 'no deps or dev-deps'}
{'statusCode': 0, 'package': '@0xsequence/indexer_0.43.7', 'message': 'no deps or dev-deps'}
{'statusCode': 0, 'package': '@0xsequence/indexer_0.43.0', 'message': 'no deps or dev-deps'}
{'statusCode': 0, 'package': '@0xsequence/indexer_0.43.1', 'message': 'no deps or dev-deps'}
{'statusCode': 0, 'package': '@0xsequence/indexer_0.43.2', 'message': 'no deps or dev-deps'}
{'statusCode': 0, 'package': '@0xsequence/indexer_0.43.3', 'message': 'no deps or dev-deps'}
{'statusCode': 0, 'package': '@0xsequence/indexer_0.0.0-20221124173317', 'message': 'no deps or dev-deps'}
{'statusCode': 0, 'package': '@0xsequence/indexer_0.43.4', 'message': 'no deps or dev-deps'}
{'statusCode': 0, 'package': '@0xsequence/indexer_0.43.5', 'message': 'no deps or dev-deps'}
{'statusCode': 0, 'package': '@0xsequence/indexer_0.43.6', 'message': 'no deps or dev-deps'}
{'statusCode': 0, 'package': '@0xsequence/indexer_0.43.7', 'message': 'no deps or dev-deps'}
{'statusCode': 0, 'package': '@0xsequence/indexer_0.43.0', 'message': 'no deps or dev-deps'}
{'statusCode': 0, 'package': '@0xsequence/indexer_0.43.1', 'message': 'no deps or dev-deps'}
{'statusCode': 0, 'package': '@0xsequence/indexer_0.43.2', 'message': 'no deps or dev-deps'}
{'statusCode': 0, 'package': '@0xsequence/indexer_0.43.3', 'message': 'no deps or dev-deps'}
{'statusCode': 0, 'package': '@0xsequence/indexer_0.0.0-20221124173317', 'message': 'no deps or dev-deps'}
{'statusCode': 0, 'package': '@0xsequence/indexer_0.43.4', 'message': 'no deps or dev-deps'}
{'statusCode': 0, 'package': '@0xsequence/indexer_0.43.5', 'message': 'no deps or dev-deps'}
{'statusCode': 0, 'package': '@0xsequence/indexer_0.43.6', 'message': 'no deps or dev-deps'}
{'statusCode': 0, 'package': '@0xsequence/indexer_0.43.7', 'message': 'no deps or dev-deps'}
{'statusCode': 0, 'package': '@0xsequence/indexer_0.43.0', 'message': 'no deps or dev-deps'}
{'statusCode': 0, 'package': '@0xsequence/indexer_0.43.1', 'message': 'no deps or dev-deps'}
{'statusCode': 0, 'package': '@0xsequence/indexer_0.43.2', 'message': 'no deps or dev-deps'}
{'statusCode': 0, 'package': '@0xsequence/indexer_0.43.3', 'message': 'no deps or dev-deps'}
{'statusCode': 0, 'package': '@0xsequence/indexer_0.0.0-20221124173317', 'message': 'no deps or dev-deps'}
{'statusCode': 0, 'package': '@0xsequence/indexer_0.43.4', 'message': 'no deps or dev-deps'}
{'statusCode': 0, 'package': '@0xsequence/indexer_0.43.5', 'message': 'no deps or dev-deps'}
{'statusCode': 0, 'package': '@0xsequence/indexer_0.43.6', 'message': 'no deps or dev-deps'}
{'statusCode': 0, 'package': '@0xsequence/indexer_0.43.7', 'message': 'no deps or dev-deps'}
{'statusCode': 0, 'package': '@0xsequence/indexer_0.43.0', 'message': 'no deps or dev-deps'}
{'statusCode': 0, 'package': '@0xsequence/indexer_0.43.1', 'message': 'no deps or dev-deps'}
{'statusCode': 0, 'package': '@0xsequence/indexer_0.43.2', 'message': 'no deps or dev-deps'}
{'statusCode': 0, 'package': '@0xsequence/indexer_0.43.3', 'message': 'no deps or dev-deps'}
{'statusCode': 0, 'package': '@0xsequence/indexer_0.0.0-20221124173317', 'message': 'no deps or dev-deps'}
{'statusCode': 0, 'package': '@0xsequence/indexer_0.43.4', 'message': 'no deps or dev-deps'}
{'statusCode': 0, 'package': '@0xsequence/indexer_0.43.5', 'message': 'no deps or dev-deps'}
{'statusCode': 0, 'package': '@0xsequence/indexer_0.43.6', 'message': 'no deps or dev-deps'}
{'statusCode': 0, 'package': '@0xsequence/indexer_0.43.7', 'message': 'no deps or dev-deps'}
{'statusCode': 0, 'package': '@0xsequence/indexer_0.43.0', 'message': 'no deps or dev-deps'}
{'statusCode': 0, 'package': '@0xsequence/indexer_0.43.1', 'message': 'no deps or dev-deps'}
{'statusCode': 0, 'package': '@0xsequence/indexer_0.43.2', 'message': 'no deps or dev-deps'}
{'statusCode': 0, 'package': '@0xsequence/indexer_0.43.3', 'message': 'no deps or dev-deps'}
{'statusCode': 0, 'package': '@0xsequence/indexer_0.0.0-20221124173317', 'message': 'no deps or dev-deps'}
{'statusCode': 0, 'package': '@0xsequence/indexer_0.43.4', 'message': 'no deps or dev-deps'}
{'statusCode': 0, 'package': '@0xsequence/indexer_0.43.5', 'message': 'no deps or dev-deps'}
{'statusCode': 0, 'package': '@0xsequence/indexer_0.43.6', 'message': 'no deps or dev-deps'}
{'statusCode': 0, 'package': '@0xsequence/indexer_0.43.7', 'message': 'no deps or dev-deps'}
{'statusCode': 0, 'package': '@0xsequence/indexer_0.43.0', 'message': 'no deps or dev-deps'}
{'statusCode': 0, 'package': '@0xsequence/indexer_0.43.1', 'message': 'no deps or dev-deps'}
{'statusCode': 0, 'package': '@0xsequence/indexer_0.43.2', 'message': 'no deps or dev-deps'}
{'statusCode': 0, 'package': '@0xsequence/indexer_0.43.3', 'message': 'no deps or dev-deps'}
{'statusCode': 0, 'package': '@0xsequence/indexer_0.0.0-20221124173317', 'message': 'no deps or dev-deps'}
{'statusCode': 0, 'package': '@0xsequence/indexer_0.43.4', 'message': 'no deps or dev-deps'}
{'statusCode': 0, 'package': '@0xsequence/indexer_0.43.5', 'message': 'no deps or dev-deps'}
{'statusCode': 0, 'package': '@0xsequence/indexer_0.43.6', 'message': 'no deps or dev-deps'}
{'statusCode': 0, 'package': '@0xsequence/indexer_0.43.7', 'message': 'no deps or dev-deps'}
{'statusCode': 0, 'package': '@0xsequence/indexer_0.43.0', 'message': 'no deps or dev-deps'}
{'statusCode': 0, 'package': '@0xsequence/indexer_0.43.1', 'message': 'no deps or dev-deps'}
{'statusCode': 0, 'package': '@0xsequence/indexer_0.43.2', 'message': 'no deps or dev-deps'}
{'statusCode': 0, 'package': '@0xsequence/indexer_0.43.3', 'message': 'no deps or dev-deps'}
{'statusCode': 0, 'package': '@0xsequence/indexer_0.0.0-20221124173317', 'message': 'no deps or dev-deps'}
{'statusCode': 0, 'package': '@0xsequence/indexer_0.43.4', 'message': 'no deps or dev-deps'}
{'statusCode': 0, 'package': '@0xsequence/indexer_0.43.5', 'message': 'no deps or dev-deps'}
{'statusCode': 0, 'package': '@0xsequence/indexer_0.43.6', 'message': 'no deps or dev-deps'}
{'statusCode': 0, 'package': '@0xsequence/indexer_0.43.7', 'message': 'no deps or dev-deps'}
{'statusCode': 0, 'package': '@0xsequence/indexer_0.43.0', 'message': 'no deps or dev-deps'}
{'statusCode': 0, 'package': '@0xsequence/indexer_0.43.1', 'message': 'no deps or dev-deps'}
{'statusCode': 0, 'package': '@0xsequence/indexer_0.43.2', 'message': 'no deps or dev-deps'}
{'statusCode': 0, 'package': '@0xsequence/indexer_0.43.3', 'message': 'no deps or dev-deps'}
{'statusCode': 0, 'package': '@0xsequence/indexer_0.0.0-20221124173317', 'message': 'no deps or dev-deps'}
{'statusCode': 0, 'package': '@0xsequence/indexer_0.43.4', 'message': 'no deps or dev-deps'}
{'statusCode': 0, 'package': '@0xsequence/indexer_0.43.5', 'message': 'no deps or dev-deps'}
{'statusCode': 0, 'package': '@0xsequence/indexer_0.43.6', 'message': 'no deps or dev-deps'}
{'statusCode': 0, 'package': '@0xsequence/indexer_0.43.7', 'message': 'no deps or dev-deps'}
{'statusCode': 0, 'package': '@0xsequence/indexer_0.43.0', 'message': 'no deps or dev-deps'}
{'statusCode': 0, 'package': '@0xsequence/indexer_0.43.1', 'message': 'no deps or dev-deps'}
{'statusCode': 0, 'package': '@0xsequence/indexer_0.43.2', 'message': 'no deps or dev-deps'}
{'statusCode': 0, 'package': '@0xsequence/indexer_0.43.3', 'message': 'no deps or dev-deps'}
{'statusCode': 0, 'package': '@0xsequence/indexer_0.0.0-20221124173317', 'message': 'no deps or dev-deps'}
{'statusCode': 0, 'package': '@0xsequence/indexer_0.43.4', 'message': 'no deps or dev-deps'}
{'statusCode': 0, 'package': '@0xsequence/indexer_0.43.5', 'message': 'no deps or dev-deps'}
{'statusCode': 0, 'package': '@0xsequence/indexer_0.43.6', 'message': 'no deps or dev-deps'}
{'statusCode': 0, 'package': '@0xsequence/indexer_0.43.7', 'message': 'no deps or dev-deps'}
{'statusCode': 0, 'package': '@0xsequence/metadata_0.43.0', 'message': 'no deps or dev-deps'}
{'statusCode': 0, 'package': '@0xsequence/metadata_0.43.1', 'message': 'no deps or dev-deps'}
{'statusCode': 0, 'package': '@0xsequence/metadata_0.43.2', 'message': 'no deps or dev-deps'}
{'statusCode': 0, 'package': '@0xsequence/metadata_0.43.3', 'message': 'no deps or dev-deps'}
{'statusCode': 0, 'package': '@0xsequence/metadata_0.0.0-20221124173317', 'message': 'no deps or dev-deps'}
{'statusCode': 0, 'package': '@0xsequence/metadata_0.43.4', 'message': 'no deps or dev-deps'}
{'statusCode': 0, 'package': '@0xsequence/metadata_0.43.5', 'message': 'no deps or dev-deps'}
{'statusCode': 0, 'package': '@0xsequence/metadata_0.43.6', 'message': 'no deps or dev-deps'}
{'statusCode': 0, 'package': '@0xsequence/metadata_0.43.7', 'message': 'no deps or dev-deps'}
{'statusCode': 0, 'package': '@0xsequence/metadata_0.43.0', 'message': 'no deps or dev-deps'}
{'statusCode': 0, 'package': '@0xsequence/metadata_0.43.1', 'message': 'no deps or dev-deps'}
{'statusCode': 0, 'package': '@0xsequence/metadata_0.43.2', 'message': 'no deps or dev-deps'}
{'statusCode': 0, 'package': '@0xsequence/metadata_0.43.3', 'message': 'no deps or dev-deps'}
{'statusCode': 0, 'package': '@0xsequence/metadata_0.0.0-20221124173317', 'message': 'no deps or dev-deps'}
{'statusCode': 0, 'package': '@0xsequence/metadata_0.43.4', 'message': 'no deps or dev-deps'}
{'statusCode': 0, 'package': '@0xsequence/metadata_0.43.5', 'message': 'no deps or dev-deps'}
{'statusCode': 0, 'package': '@0xsequence/metadata_0.43.6', 'message': 'no deps or dev-deps'}
{'statusCode': 0, 'package': '@0xsequence/metadata_0.43.7', 'message': 'no deps or dev-deps'}
{'statusCode': 0, 'package': '@0xsequence/metadata_0.43.0', 'message': 'no deps or dev-deps'}
{'statusCode': 0, 'package': '@0xsequence/metadata_0.43.1', 'message': 'no deps or dev-deps'}
{'statusCode': 0, 'package': '@0xsequence/metadata_0.43.2', 'message': 'no deps or dev-deps'}
{'statusCode': 0, 'package': '@0xsequence/metadata_0.43.3', 'message': 'no deps or dev-deps'}
{'statusCode': 0, 'package': '@0xsequence/metadata_0.0.0-20221124173317', 'message': 'no deps or dev-deps'}
{'statusCode': 0, 'package': '@0xsequence/metadata_0.43.4', 'message': 'no deps or dev-deps'}
{'statusCode': 0, 'package': '@0xsequence/metadata_0.43.5', 'message': 'no deps or dev-deps'}
{'statusCode': 0, 'package': '@0xsequence/metadata_0.43.6', 'message': 'no deps or dev-deps'}
{'statusCode': 0, 'package': '@0xsequence/metadata_0.43.7', 'message': 'no deps or dev-deps'}
{'statusCode': 0, 'package': '@0xsequence/metadata_0.43.0', 'message': 'no deps or dev-deps'}
{'statusCode': 0, 'package': '@0xsequence/metadata_0.43.1', 'message': 'no deps or dev-deps'}
{'statusCode': 0, 'package': '@0xsequence/metadata_0.43.2', 'message': 'no deps or dev-deps'}
{'statusCode': 0, 'package': '@0xsequence/metadata_0.43.3', 'message': 'no deps or dev-deps'}
{'statusCode': 0, 'package': '@0xsequence/metadata_0.0.0-20221124173317', 'message': 'no deps or dev-deps'}
{'statusCode': 0, 'package': '@0xsequence/metadata_0.43.4', 'message': 'no deps or dev-deps'}
{'statusCode': 0, 'package': '@0xsequence/metadata_0.43.5', 'message': 'no deps or dev-deps'}
{'statusCode': 0, 'package': '@0xsequence/metadata_0.43.6', 'message': 'no deps or dev-deps'}
{'statusCode': 0, 'package': '@0xsequence/metadata_0.43.7', 'message': 'no deps or dev-deps'}
{'statusCode': 0, 'package': '@0xsequence/metadata_0.43.0', 'message': 'no deps or dev-deps'}
{'statusCode': 0, 'package': '@0xsequence/metadata_0.43.1', 'message': 'no deps or dev-deps'}
{'statusCode': 0, 'package': '@0xsequence/metadata_0.43.2', 'message': 'no deps or dev-deps'}
{'statusCode': 0, 'package': '@0xsequence/metadata_0.43.3', 'message': 'no deps or dev-deps'}
{'statusCode': 0, 'package': '@0xsequence/metadata_0.0.0-20221124173317', 'message': 'no deps or dev-deps'}
{'statusCode': 0, 'package': '@0xsequence/metadata_0.43.4', 'message': 'no deps or dev-deps'}
{'statusCode': 0, 'package': '@0xsequence/metadata_0.43.5', 'message': 'no deps or dev-deps'}
{'statusCode': 0, 'package': '@0xsequence/metadata_0.43.6', 'message': 'no deps or dev-deps'}
{'statusCode': 0, 'package': '@0xsequence/metadata_0.43.7', 'message': 'no deps or dev-deps'}
{'statusCode': 0, 'package': '@0xsequence/metadata_0.43.0', 'message': 'no deps or dev-deps'}
{'statusCode': 0, 'package': '@0xsequence/metadata_0.43.1', 'message': 'no deps or dev-deps'}
{'statusCode': 0, 'package': '@0xsequence/metadata_0.43.2', 'message': 'no deps or dev-deps'}
{'statusCode': 0, 'package': '@0xsequence/metadata_0.43.3', 'message': 'no deps or dev-deps'}
{'statusCode': 0, 'package': '@0xsequence/metadata_0.0.0-20221124173317', 'message': 'no deps or dev-deps'}
{'statusCode': 0, 'package': '@0xsequence/metadata_0.43.4', 'message': 'no deps or dev-deps'}
{'statusCode': 0, 'package': '@0xsequence/metadata_0.43.5', 'message': 'no deps or dev-deps'}
{'statusCode': 0, 'package': '@0xsequence/metadata_0.43.6', 'message': 'no deps or dev-deps'}
{'statusCode': 0, 'package': '@0xsequence/metadata_0.43.7', 'message': 'no deps or dev-deps'}
{'statusCode': 0, 'package': '@0xsequence/metadata_0.43.0', 'message': 'no deps or dev-deps'}
{'statusCode': 0, 'package': '@0xsequence/metadata_0.43.1', 'message': 'no deps or dev-deps'}
{'statusCode': 0, 'package': '@0xsequence/metadata_0.43.2', 'message': 'no deps or dev-deps'}
{'statusCode': 0, 'package': '@0xsequence/metadata_0.43.3', 'message': 'no deps or dev-deps'}
{'statusCode': 0, 'package': '@0xsequence/metadata_0.0.0-20221124173317', 'message': 'no deps or dev-deps'}
{'statusCode': 0, 'package': '@0xsequence/metadata_0.43.4', 'message': 'no deps or dev-deps'}
{'statusCode': 0, 'package': '@0xsequence/metadata_0.43.5', 'message': 'no deps or dev-deps'}
{'statusCode': 0, 'package': '@0xsequence/metadata_0.43.6', 'message': 'no deps or dev-deps'}
{'statusCode': 0, 'package': '@0xsequence/metadata_0.43.7', 'message': 'no deps or dev-deps'}
{'statusCode': 0, 'package': '@0xsequence/metadata_0.43.0', 'message': 'no deps or dev-deps'}
{'statusCode': 0, 'package': '@0xsequence/metadata_0.43.1', 'message': 'no deps or dev-deps'}
{'statusCode': 0, 'package': '@0xsequence/metadata_0.43.2', 'message': 'no deps or dev-deps'}
{'statusCode': 0, 'package': '@0xsequence/metadata_0.43.3', 'message': 'no deps or dev-deps'}
{'statusCode': 0, 'package': '@0xsequence/metadata_0.0.0-20221124173317', 'message': 'no deps or dev-deps'}
{'statusCode': 0, 'package': '@0xsequence/metadata_0.43.4', 'message': 'no deps or dev-deps'}
{'statusCode': 0, 'package': '@0xsequence/metadata_0.43.5', 'message': 'no deps or dev-deps'}
{'statusCode': 0, 'package': '@0xsequence/metadata_0.43.6', 'message': 'no deps or dev-deps'}
{'statusCode': 0, 'package': '@0xsequence/metadata_0.43.7', 'message': 'no deps or dev-deps'}
{'statusCode': 0, 'package': '@0xsequence/metadata_0.43.0', 'message': 'no deps or dev-deps'}
{'statusCode': 0, 'package': '@0xsequence/metadata_0.43.1', 'message': 'no deps or dev-deps'}
{'statusCode': 0, 'package': '@0xsequence/metadata_0.43.2', 'message': 'no deps or dev-deps'}
{'statusCode': 0, 'package': '@0xsequence/metadata_0.43.3', 'message': 'no deps or dev-deps'}
{'statusCode': 0, 'package': '@0xsequence/metadata_0.0.0-20221124173317', 'message': 'no deps or dev-deps'}
{'statusCode': 0, 'package': '@0xsequence/metadata_0.43.4', 'message': 'no deps or dev-deps'}
{'statusCode': 0, 'package': '@0xsequence/metadata_0.43.5', 'message': 'no deps or dev-deps'}
{'statusCode': 0, 'package': '@0xsequence/metadata_0.43.6', 'message': 'no deps or dev-deps'}
{'statusCode': 0, 'package': '@0xsequence/metadata_0.43.7', 'message': 'no deps or dev-deps'}
{'statusCode': 0, 'package': '@0xsequence/metadata_0.43.0', 'message': 'no deps or dev-deps'}
{'statusCode': 0, 'package': '@0xsequence/metadata_0.43.1', 'message': 'no deps or dev-deps'}
{'statusCode': 0, 'package': '@0xsequence/metadata_0.43.2', 'message': 'no deps or dev-deps'}
{'statusCode': 0, 'package': '@0xsequence/metadata_0.43.3', 'message': 'no deps or dev-deps'}
{'statusCode': 0, 'package': '@0xsequence/metadata_0.0.0-20221124173317', 'message': 'no deps or dev-deps'}
{'statusCode': 0, 'package': '@0xsequence/metadata_0.43.4', 'message': 'no deps or dev-deps'}
{'statusCode': 0, 'package': '@0xsequence/metadata_0.43.5', 'message': 'no deps or dev-deps'}
{'statusCode': 0, 'package': '@0xsequence/metadata_0.43.6', 'message': 'no deps or dev-deps'}
{'statusCode': 0, 'package': '@0xsequence/metadata_0.43.7', 'message': 'no deps or dev-deps'}
{'statusCode': 0, 'package': '@0xsequence/metadata_0.43.0', 'message': 'no deps or dev-deps'}
{'statusCode': 0, 'package': '@0xsequence/metadata_0.43.1', 'message': 'no deps or dev-deps'}
{'statusCode': 0, 'package': '@0xsequence/metadata_0.43.2', 'message': 'no deps or dev-deps'}
{'statusCode': 0, 'package': '@0xsequence/metadata_0.43.3', 'message': 'no deps or dev-deps'}
{'statusCode': 0, 'package': '@0xsequence/metadata_0.0.0-20221124173317', 'message': 'no deps or dev-deps'}
{'statusCode': 0, 'package': '@0xsequence/metadata_0.43.4', 'message': 'no deps or dev-deps'}
{'statusCode': 0, 'package': '@0xsequence/metadata_0.43.5', 'message': 'no deps or dev-deps'}
{'statusCode': 0, 'package': '@0xsequence/metadata_0.43.6', 'message': 'no deps or dev-deps'}
{'statusCode': 0, 'package': '@0xsequence/metadata_0.43.7', 'message': 'no deps or dev-deps'}
{'statusCode': 0, 'package': '@0xsequence/metadata_0.43.0', 'message': 'no deps or dev-deps'}
{'statusCode': 0, 'package': '@0xsequence/metadata_0.43.1', 'message': 'no deps or dev-deps'}
{'statusCode': 0, 'package': '@0xsequence/metadata_0.43.2', 'message': 'no deps or dev-deps'}
{'statusCode': 0, 'package': '@0xsequence/metadata_0.43.3', 'message': 'no deps or dev-deps'}
{'statusCode': 0, 'package': '@0xsequence/metadata_0.0.0-20221124173317', 'message': 'no deps or dev-deps'}
{'statusCode': 0, 'package': '@0xsequence/metadata_0.43.4', 'message': 'no deps or dev-deps'}
{'statusCode': 0, 'package': '@0xsequence/metadata_0.43.5', 'message': 'no deps or dev-deps'}
{'statusCode': 0, 'package': '@0xsequence/metadata_0.43.6', 'message': 'no deps or dev-deps'}
{'statusCode': 0, 'package': '@0xsequence/metadata_0.43.7', 'message': 'no deps or dev-deps'}
{'statusCode': 0, 'package': '@0xsequence/metadata_0.43.0', 'message': 'no deps or dev-deps'}
{'statusCode': 0, 'package': '@0xsequence/metadata_0.43.1', 'message': 'no deps or dev-deps'}
{'statusCode': 0, 'package': '@0xsequence/metadata_0.43.2', 'message': 'no deps or dev-deps'}
{'statusCode': 0, 'package': '@0xsequence/metadata_0.43.3', 'message': 'no deps or dev-deps'}
{'statusCode': 0, 'package': '@0xsequence/metadata_0.0.0-20221124173317', 'message': 'no deps or dev-deps'}
{'statusCode': 0, 'package': '@0xsequence/metadata_0.43.4', 'message': 'no deps or dev-deps'}
{'statusCode': 0, 'package': '@0xsequence/metadata_0.43.5', 'message': 'no deps or dev-deps'}
{'statusCode': 0, 'package': '@0xsequence/metadata_0.43.6', 'message': 'no deps or dev-deps'}
{'statusCode': 0, 'package': '@0xsequence/metadata_0.43.7', 'message': 'no deps or dev-deps'}
{'statusCode': 0, 'package': '@0xsequence/metadata_0.43.0', 'message': 'no deps or dev-deps'}
{'statusCode': 0, 'package': '@0xsequence/metadata_0.43.1', 'message': 'no deps or dev-deps'}
{'statusCode': 0, 'package': '@0xsequence/metadata_0.43.2', 'message': 'no deps or dev-deps'}
{'statusCode': 0, 'package': '@0xsequence/metadata_0.43.3', 'message': 'no deps or dev-deps'}
{'statusCode': 0, 'package': '@0xsequence/metadata_0.0.0-20221124173317', 'message': 'no deps or dev-deps'}
{'statusCode': 0, 'package': '@0xsequence/metadata_0.43.4', 'message': 'no deps or dev-deps'}
{'statusCode': 0, 'package': '@0xsequence/metadata_0.43.5', 'message': 'no deps or dev-deps'}
{'statusCode': 0, 'package': '@0xsequence/metadata_0.43.6', 'message': 'no deps or dev-deps'}
{'statusCode': 0, 'package': '@0xsequence/metadata_0.43.7', 'message': 'no deps or dev-deps'}
{'statusCode': 0, 'package': '@0xsequence/metadata_0.43.0', 'message': 'no deps or dev-deps'}
{'statusCode': 0, 'package': '@0xsequence/metadata_0.43.1', 'message': 'no deps or dev-deps'}
{'statusCode': 0, 'package': '@0xsequence/metadata_0.43.2', 'message': 'no deps or dev-deps'}
{'statusCode': 0, 'package': '@0xsequence/metadata_0.43.3', 'message': 'no deps or dev-deps'}
{'statusCode': 0, 'package': '@0xsequence/metadata_0.0.0-20221124173317', 'message': 'no deps or dev-deps'}
{'statusCode': 0, 'package': '@0xsequence/metadata_0.43.4', 'message': 'no deps or dev-deps'}
{'statusCode': 0, 'package': '@0xsequence/metadata_0.43.5', 'message': 'no deps or dev-deps'}
{'statusCode': 0, 'package': '@0xsequence/metadata_0.43.6', 'message': 'no deps or dev-deps'}
{'statusCode': 0, 'package': '@0xsequence/metadata_0.43.7', 'message': 'no deps or dev-deps'}
{'statusCode': 0, 'package': '@0xsequence/metadata_0.43.0', 'message': 'no deps or dev-deps'}
{'statusCode': 0, 'package': '@0xsequence/metadata_0.43.1', 'message': 'no deps or dev-deps'}
{'statusCode': 0, 'package': '@0xsequence/metadata_0.43.2', 'message': 'no deps or dev-deps'}
{'statusCode': 0, 'package': '@0xsequence/metadata_0.43.3', 'message': 'no deps or dev-deps'}
{'statusCode': 0, 'package': '@0xsequence/metadata_0.0.0-20221124173317', 'message': 'no deps or dev-deps'}
{'statusCode': 0, 'package': '@0xsequence/metadata_0.43.4', 'message': 'no deps or dev-deps'}
{'statusCode': 0, 'package': '@0xsequence/metadata_0.43.5', 'message': 'no deps or dev-deps'}
{'statusCode': 0, 'package': '@0xsequence/metadata_0.43.6', 'message': 'no deps or dev-deps'}
{'statusCode': 0, 'package': '@0xsequence/metadata_0.43.7', 'message': 'no deps or dev-deps'}
{'statusCode': 0, 'package': '@0xsequence/metadata_0.43.0', 'message': 'no deps or dev-deps'}
{'statusCode': 0, 'package': '@0xsequence/metadata_0.43.1', 'message': 'no deps or dev-deps'}
{'statusCode': 0, 'package': '@0xsequence/metadata_0.43.2', 'message': 'no deps or dev-deps'}
{'statusCode': 0, 'package': '@0xsequence/metadata_0.43.3', 'message': 'no deps or dev-deps'}
{'statusCode': 0, 'package': '@0xsequence/metadata_0.0.0-20221124173317', 'message': 'no deps or dev-deps'}
{'statusCode': 0, 'package': '@0xsequence/metadata_0.43.4', 'message': 'no deps or dev-deps'}
{'statusCode': 0, 'package': '@0xsequence/metadata_0.43.5', 'message': 'no deps or dev-deps'}
{'statusCode': 0, 'package': '@0xsequence/metadata_0.43.6', 'message': 'no deps or dev-deps'}
{'statusCode': 0, 'package': '@0xsequence/metadata_0.43.7', 'message': 'no deps or dev-deps'}
{'statusCode': 0, 'package': '@0xsequence/metadata_0.43.0', 'message': 'no deps or dev-deps'}
{'statusCode': 0, 'package': '@0xsequence/metadata_0.43.1', 'message': 'no deps or dev-deps'}
{'statusCode': 0, 'package': '@0xsequence/metadata_0.43.2', 'message': 'no deps or dev-deps'}
{'statusCode': 0, 'package': '@0xsequence/metadata_0.43.3', 'message': 'no deps or dev-deps'}
{'statusCode': 0, 'package': '@0xsequence/metadata_0.0.0-20221124173317', 'message': 'no deps or dev-deps'}
{'statusCode': 0, 'package': '@0xsequence/metadata_0.43.4', 'message': 'no deps or dev-deps'}
{'statusCode': 0, 'package': '@0xsequence/metadata_0.43.5', 'message': 'no deps or dev-deps'}
{'statusCode': 0, 'package': '@0xsequence/metadata_0.43.6', 'message': 'no deps or dev-deps'}
{'statusCode': 0, 'package': '@0xsequence/metadata_0.43.7', 'message': 'no deps or dev-deps'}
{'statusCode': 0, 'package': '@0xsequence/metadata_0.43.0', 'message': 'no deps or dev-deps'}
{'statusCode': 0, 'package': '@0xsequence/metadata_0.43.1', 'message': 'no deps or dev-deps'}
{'statusCode': 0, 'package': '@0xsequence/metadata_0.43.2', 'message': 'no deps or dev-deps'}
{'statusCode': 0, 'package': '@0xsequence/metadata_0.43.3', 'message': 'no deps or dev-deps'}
{'statusCode': 0, 'package': '@0xsequence/metadata_0.0.0-20221124173317', 'message': 'no deps or dev-deps'}
{'statusCode': 0, 'package': '@0xsequence/metadata_0.43.4', 'message': 'no deps or dev-deps'}
{'statusCode': 0, 'package': '@0xsequence/metadata_0.43.5', 'message': 'no deps or dev-deps'}
{'statusCode': 0, 'package': '@0xsequence/metadata_0.43.6', 'message': 'no deps or dev-deps'}
{'statusCode': 0, 'package': '@0xsequence/metadata_0.43.7', 'message': 'no deps or dev-deps'}
{'statusCode': 0, 'package': '@0xsequence/metadata_0.43.0', 'message': 'no deps or dev-deps'}
{'statusCode': 0, 'package': '@0xsequence/metadata_0.43.1', 'message': 'no deps or dev-deps'}
{'statusCode': 0, 'package': '@0xsequence/metadata_0.43.2', 'message': 'no deps or dev-deps'}
{'statusCode': 0, 'package': '@0xsequence/metadata_0.43.3', 'message': 'no deps or dev-deps'}
{'statusCode': 0, 'package': '@0xsequence/metadata_0.0.0-20221124173317', 'message': 'no deps or dev-deps'}
{'statusCode': 0, 'package': '@0xsequence/metadata_0.43.4', 'message': 'no deps or dev-deps'}
{'statusCode': 0, 'package': '@0xsequence/metadata_0.43.5', 'message': 'no deps or dev-deps'}
{'statusCode': 0, 'package': '@0xsequence/metadata_0.43.6', 'message': 'no deps or dev-deps'}
{'statusCode': 0, 'package': '@0xsequence/metadata_0.43.7', 'message': 'no deps or dev-deps'}
{'statusCode': 0, 'package': '@0xsequence/metadata_0.43.0', 'message': 'no deps or dev-deps'}
{'statusCode': 0, 'package': '@0xsequence/metadata_0.43.1', 'message': 'no deps or dev-deps'}
{'statusCode': 0, 'package': '@0xsequence/metadata_0.43.2', 'message': 'no deps or dev-deps'}
{'statusCode': 0, 'package': '@0xsequence/metadata_0.43.3', 'message': 'no deps or dev-deps'}
{'statusCode': 0, 'package': '@0xsequence/metadata_0.0.0-20221124173317', 'message': 'no deps or dev-deps'}
{'statusCode': 0, 'package': '@0xsequence/metadata_0.43.4', 'message': 'no deps or dev-deps'}
{'statusCode': 0, 'package': '@0xsequence/metadata_0.43.5', 'message': 'no deps or dev-deps'}
{'statusCode': 0, 'package': '@0xsequence/metadata_0.43.6', 'message': 'no deps or dev-deps'}
{'statusCode': 0, 'package': '@0xsequence/metadata_0.43.7', 'message': 'no deps or dev-deps'}
{'statusCode': 0, 'package': '@0xsequence/metadata_0.43.0', 'message': 'no deps or dev-deps'}
{'statusCode': 0, 'package': '@0xsequence/metadata_0.43.1', 'message': 'no deps or dev-deps'}
{'statusCode': 0, 'package': '@0xsequence/metadata_0.43.2', 'message': 'no deps or dev-deps'}
{'statusCode': 0, 'package': '@0xsequence/metadata_0.43.3', 'message': 'no deps or dev-deps'}
{'statusCode': 0, 'package': '@0xsequence/metadata_0.0.0-20221124173317', 'message': 'no deps or dev-deps'}
{'statusCode': 0, 'package': '@0xsequence/metadata_0.43.4', 'message': 'no deps or dev-deps'}
{'statusCode': 0, 'package': '@0xsequence/metadata_0.43.5', 'message': 'no deps or dev-deps'}
{'statusCode': 0, 'package': '@0xsequence/metadata_0.43.6', 'message': 'no deps or dev-deps'}
{'statusCode': 0, 'package': '@0xsequence/metadata_0.43.7', 'message': 'no deps or dev-deps'}
{'statusCode': 0, 'package': '@0xsequence/metadata_0.43.0', 'message': 'no deps or dev-deps'}
{'statusCode': 0, 'package': '@0xsequence/metadata_0.43.1', 'message': 'no deps or dev-deps'}
{'statusCode': 0, 'package': '@0xsequence/metadata_0.43.2', 'message': 'no deps or dev-deps'}
{'statusCode': 0, 'package': '@0xsequence/metadata_0.43.3', 'message': 'no deps or dev-deps'}
{'statusCode': 0, 'package': '@0xsequence/metadata_0.0.0-20221124173317', 'message': 'no deps or dev-deps'}
{'statusCode': 0, 'package': '@0xsequence/metadata_0.43.4', 'message': 'no deps or dev-deps'}
{'statusCode': 0, 'package': '@0xsequence/metadata_0.43.5', 'message': 'no deps or dev-deps'}
{'statusCode': 0, 'package': '@0xsequence/metadata_0.43.6', 'message': 'no deps or dev-deps'}
{'statusCode': 0, 'package': '@0xsequence/metadata_0.43.7', 'message': 'no deps or dev-deps'}
{'statusCode': 404, 'package': '1.0.x', 'message': 'HTTPError'}
{'statusCode': 404, 'package': '.11', 'message': 'HTTPError'}
{'statusCode': 404, 'package': '.1.1', 'message': 'HTTPError'}
{'statusCode': 404, 'package': '1.1', 'message': 'HTTPError'}
{'statusCode': 404, 'package': '.11.0', 'message': 'HTTPError'}
{'statusCode': 404, 'package': '1.10', 'message': 'HTTPError'}
{'statusCode': 404, 'package': '.14.2', 'message': 'HTTPError'}
{'statusCode': 404, 'package': '1.4.2', 'message': 'HTTPError'}
{'statusCode': 404, 'package': '14.2', 'message': 'HTTPError'}
{'statusCode': 404, 'package': '.142.0', 'message': 'HTTPError'}
{'statusCode': 404, 'package': '14.2.0', 'message': 'HTTPError'}
{'statusCode': 404, 'package': '14.2.1', 'message': 'HTTPError'}
{'statusCode': 404, 'package': '.14.3', 'message': 'HTTPError'}
{'statusCode': 404, 'package': '1.4.3', 'message': 'HTTPError'}
{'statusCode': 404, 'package': '14.3', 'message': 'HTTPError'}
{'statusCode': 404, 'package': '1447f6f9efbc5416817948883dd204f5-core', 'message': 'HTTPError'}
{'statusCode': 404, 'package': '1.4.5', 'message': 'HTTPError'}
{'statusCode': 404, 'package': '14.7', 'message': 'HTTPError'}
{'statusCode': 404, 'package': '.14.8', 'message': 'HTTPError'}
{'statusCode': 404, 'package': '.148.0', 'message': 'HTTPError'}
{'statusCode': 0, 'package': '15_0.0.0', 'message': 'no deps or dev-deps'}
{'statusCode': 404, 'package': '.15', 'message': 'HTTPError'}
{'statusCode': 404, 'package': '.1.5', 'message': 'HTTPError'}
{'statusCode': 404, 'package': '1.5', 'message': 'HTTPError'}
{'statusCode': 404, 'package': '.15.0', 'message': 'HTTPError'}
{'statusCode': 404, 'package': '1.5.0', 'message': 'HTTPError'}
{'statusCode': 404, 'package': '15.0', 'message': 'HTTPError'}
{'statusCode': 404, 'package': '15.0.0', 'message': 'HTTPError'}
{'statusCode': 404, 'package': '15.0.2', 'message': 'HTTPError'}
{'statusCode': 404, 'package': '15.0.4', 'message': 'HTTPError'}
{'statusCode': 404, 'package': '.15.1', 'message': 'HTTPError'}
{'statusCode': 404, 'package': '1.5.1', 'message': 'HTTPError'}
{'statusCode': 404, 'package': '15.1.0', 'message': 'HTTPError'}
{'statusCode': 404, 'package': '15.1.1', 'message': 'HTTPError'}
{'statusCode': 404, 'package': '16.1.1', 'message': 'HTTPError'}
{'statusCode': 404, 'package': '16.11.0', 'message': 'HTTPError'}
{'statusCode': 404, 'package': '16.12.0', 'message': 'HTTPError'}
{'statusCode': 404, 'package': '.16.13', 'message': 'HTTPError'}
{'statusCode': 404, 'package': '16.13.0', 'message': 'HTTPError'}
{'statusCode': 404, 'package': '16.13.1', 'message': 'HTTPError'}
{'statusCode': 404, 'package': '16.14.0', 'message': 'HTTPError'}
{'statusCode': 404, 'package': '2.3.5', 'message': 'HTTPError'}
{'statusCode': 404, 'package': '23.5.0', 'message': 'HTTPError'}
{'statusCode': 404, 'package': '.23.6', 'message': 'HTTPError'}
{'statusCode': 404, 'package': '2.36', 'message': 'HTTPError'}
{'statusCode': 404, 'package': '23.6.0', 'message': 'HTTPError'}
{'statusCode': 404, 'package': '2.36.1', 'message': 'HTTPError'}
{'statusCode': 404, 'package': '.23.7', 'message': 'HTTPError'}
{'statusCode': 404, 'package': '2.37', 'message': 'HTTPError'}
{'statusCode': 404, 'package': '2.38', 'message': 'HTTPError'}
{'statusCode': 404, 'package': '2.3.8', 'message': 'HTTPError'}
{'statusCode': 404, 'package': '23.8', 'message': 'HTTPError'}
{'statusCode': 404, 'package': '23.9', 'message': 'HTTPError'}
{'statusCode': 404, 'package': '@23/icons', 'message': 'HTTPError'}
{'statusCode': 404, 'package': '@23/ui', 'message': 'HTTPError'}
{'statusCode': 404, 'package': '2.3.x', 'message': 'HTTPError'}
{'statusCode': 404, 'package': '23.x', 'message': 'HTTPError'}
{'statusCode': 404, 'package': '.24', 'message': 'HTTPError'}
{'statusCode': 404, 'package': '.2.4', 'message': 'HTTPError'}
{'statusCode': 404, 'package': '2.4', 'message': 'HTTPError'}
{'statusCode': 404, 'package': '.24.0', 'message': 'HTTPError'}
{'statusCode': 404, 'package': '2.4.0', 'message': 'HTTPError'}
{'statusCode': 404, 'package': '.24.1', 'message': 'HTTPError'}
{'statusCode': 404, 'package': '2.41', 'message': 'HTTPError'}
{'statusCode': 404, 'package': '2.4.1', 'message': 'HTTPError'}
{'statusCode': 404, 'package': '24.1', 'message': 'HTTPError'}
{'statusCode': 0, 'package': '2.4.2_1.0.0', 'message': 'no deps or dev-deps'}
{'statusCode': 404, 'package': '.24.3', 'message': 'HTTPError'}
{'statusCode': 404, 'package': '2.4.3', 'message': 'HTTPError'}
{'statusCode': 404, 'package': '2.45', 'message': 'HTTPError'}
{'statusCode': 404, 'package': '2.4.5', 'message': 'HTTPError'}
{'statusCode': 404, 'package': '24.5', 'message': 'HTTPError'}
{'statusCode': 404, 'package': '.25', 'message': 'HTTPError'}
{'statusCode': 404, 'package': '.2.5', 'message': 'HTTPError'}
{'statusCode': 404, 'package': '.25.0', 'message': 'HTTPError'}
{'statusCode': 404, 'package': '2.5.0', 'message': 'HTTPError'}
{'statusCode': 404, 'package': '@3id/test-utils', 'message': 'HTTPError'}
{'statusCode': 404, 'package': '@3id/test-utils', 'message': 'HTTPError'}
{'statusCode': 404, 'package': '@3id/test-utils', 'message': 'HTTPError'}
{'statusCode': 404, 'package': '@3id/test-utils', 'message': 'HTTPError'}
{'statusCode': 404, 'package': '@3id/test-utils', 'message': 'HTTPError'}
{'statusCode': 404, 'package': '@3id/test-utils', 'message': 'HTTPError'}
{'statusCode': 404, 'package': '@3id/test-utils', 'message': 'HTTPError'}
{'statusCode': 404, 'package': '@3id/test-utils', 'message': 'HTTPError'}
{'statusCode': 404, 'package': '@3id/test-utils', 'message': 'HTTPError'}
{'statusCode': 0, 'package': '3.js_0.0.1', 'message': 'no deps or dev-deps'}
{'statusCode': 404, 'package': '3kontrole', 'message': 'HTTPError'}
{'statusCode': 404, 'package': '3m-object-model-obj', 'message': 'HTTPError'}
{'statusCode': 404, 'package': '5.7.2', 'message': 'HTTPError'}
{'statusCode': 404, 'package': '5.7.3', 'message': 'HTTPError'}
{'statusCode': 404, 'package': '5.8', 'message': 'HTTPError'}
{'statusCode': 404, 'package': '58.1', 'message': 'HTTPError'}
{'statusCode': 404, 'package': '5.8.21', 'message': 'HTTPError'}
{'statusCode': 404, 'package': '5.8.23', 'message': 'HTTPError'}
{'statusCode': 404, 'package': '@58fe/italk', 'message': 'HTTPError'}
{'statusCode': 404, 'package': '5.9', 'message': 'HTTPError'}
{'statusCode': 404, 'package': '.59.2', 'message': 'HTTPError'}
{'statusCode': 404, 'package': '@59naga/libwebp', 'message': 'HTTPError'}
{'statusCode': 404, 'package': '5e-slate-react', 'message': 'HTTPError'}
{'statusCode': 404, 'package': '5e-slate-react', 'message': 'HTTPError'}
{'statusCode': 404, 'package': '5.helpers', 'message': 'HTTPError'}
{'statusCode': 404, 'package': '@5minds/addict-ioc', 'message': 'HTTPError'}
{'statusCode': 404, 'package': '@5minds/user', 'message': 'HTTPError'}
{'statusCode': 404, 'package': '@5qtrs/array', 'message': 'HTTPError'}
{'statusCode': 404, 'package': '@5qtrs/base64', 'message': 'HTTPError'}
{'statusCode': 404, 'package': '@5qtrs/base64', 'message': 'HTTPError'}
{'statusCode': 404, 'package': '@5qtrs/cli', 'message': 'HTTPError'}
{'statusCode': 404, 'package': '@5qtrs/cli', 'message': 'HTTPError'}
{'statusCode': 404, 'package': '@5qtrs/clone', 'message': 'HTTPError'}
{'statusCode': 404, 'package': '@5qtrs/clone', 'message': 'HTTPError'}
{'statusCode': 404, 'package': '@5qtrs/constants', 'message': 'HTTPError'}
{'statusCode': 404, 'package': '@5qtrs/constants', 'message': 'HTTPError'}
{'statusCode': 404, 'package': '@5qtrs/event-stream', 'message': 'HTTPError'}
{'statusCode': 404, 'package': '@5qtrs/exception', 'message': 'HTTPError'}
{'statusCode': 404, 'package': '@5qtrs/file', 'message': 'HTTPError'}
{'statusCode': 404, 'package': '@5qtrs/file', 'message': 'HTTPError'}
{'statusCode': 404, 'package': '@5qtrs/fusebit-profile-sdk', 'message': 'HTTPError'}
{'statusCode': 404, 'package': '@5qtrs/hex', 'message': 'HTTPError'}
{'statusCode': 404, 'package': '@5qtrs/jwt', 'message': 'HTTPError'}
{'statusCode': 404, 'package': '@5qtrs/jwt', 'message': 'HTTPError'}
{'statusCode': 404, 'package': '@8base/webpack-configuration', 'message': 'HTTPError'}
{'statusCode': 404, 'package': '@8base/webpack-configuration', 'message': 'HTTPError'}
{'statusCode': 404, 'package': '@8base/webpack-configuration', 'message': 'HTTPError'}
{'statusCode': 404, 'package': '@8base/webpack-configuration', 'message': 'HTTPError'}
{'statusCode': 404, 'package': '@8base/webpack-configuration', 'message': 'HTTPError'}
{'statusCode': 404, 'package': '@8base/webpack-configuration', 'message': 'HTTPError'}
{'statusCode': 404, 'package': '@8base/webpack-configuration', 'message': 'HTTPError'}
{'statusCode': 404, 'package': '@8base/webpack-configuration', 'message': 'HTTPError'}
{'statusCode': 404, 'package': '@8base/webpack-configuration', 'message': 'HTTPError'}
{'statusCode': 404, 'package': '@8base/webpack-configuration', 'message': 'HTTPError'}
{'statusCode': 404, 'package': '@8base/webpack-configuration', 'message': 'HTTPError'}
{'statusCode': 404, 'package': '@8base/webpack-configuration', 'message': 'HTTPError'}
{'statusCode': 404, 'package': '@8base/webpack-configuration', 'message': 'HTTPError'}
{'statusCode': 404, 'package': '@8base/webpack-configuration', 'message': 'HTTPError'}
{'statusCode': 404, 'package': '@8base/webpack-configuration', 'message': 'HTTPError'}
{'statusCode': 404, 'package': '@8base/webpack-configuration', 'message': 'HTTPError'}
{'statusCode': 404, 'package': '@8base/webpack-configuration', 'message': 'HTTPError'}
{'statusCode': 404, 'package': '@8base/webpack-configuration', 'message': 'HTTPError'}
{'statusCode': 404, 'package': '@8base/webpack-configuration', 'message': 'HTTPError'}
{'statusCode': 404, 'package': '@8base/webpack-configuration', 'message': 'HTTPError'}
{'statusCode': 404, 'package': '@8base/webpack-configuration', 'message': 'HTTPError'}
{'statusCode': 404, 'package': '@8base/webpack-configuration', 'message': 'HTTPError'}
{'statusCode': 404, 'package': '@8base/webpack-configuration', 'message': 'HTTPError'}
{'statusCode': 404, 'package': '@8base/webpack-configuration', 'message': 'HTTPError'}
{'statusCode': 404, 'package': '@8base/webpack-configuration', 'message': 'HTTPError'}
{'statusCode': 404, 'package': '@8base/webpack-configuration', 'message': 'HTTPError'}
{'statusCode': 404, 'package': '@8base/webpack-configuration', 'message': 'HTTPError'}
{'statusCode': 404, 'package': '@8base/webpack-configuration', 'message': 'HTTPError'}
{'statusCode': 404, 'package': 'a2png', 'message': 'HTTPError'}
{'statusCode': 404, 'package': '@a4u/a4u-collection-essential-ui-icons-release', 'message': 'HTTPError'}
{'statusCode': 0, 'package': '@a4u/a4u-collection-react-spectrum-open-source-color-icons-release_0.0.1-security.1', 'message': 'no deps or dev-deps'}
{'statusCode': 404, 'package': '@a4u/a4u-collection-react-spectrum-open-source-release', 'message': 'HTTPError'}
{'statusCode': 404, 'package': '@a4u/a4u-collection-react-spectrum-open-source-release', 'message': 'HTTPError'}
{'statusCode': 404, 'package': '@a4u/a4u-collection-react-spectrum-open-source-release', 'message': 'HTTPError'}
{'statusCode': 404, 'package': '@a4u/a4u-collection-spectrum-css-release', 'message': 'HTTPError'}
{'statusCode': 404, 'package': '@a4u/a4u-collection-spectrum-css-release', 'message': 'HTTPError'}
{'statusCode': 0, 'package': 'abandon_0.0.0-beta', 'message': 'no deps or dev-deps'}
{'statusCode': 0, 'package': '@abandon-cli/format-path_1.0.20', 'message': 'no deps or dev-deps'}
{'statusCode': 404, 'package': 'able-crispr', 'message': 'HTTPError'}
{'statusCode': 404, 'package': 'able-crispr', 'message': 'HTTPError'}
{'statusCode': 404, 'package': 'able-projects', 'message': 'HTTPError'}
{'statusCode': 404, 'package': 'able-readable@1.0.0@cloneable-readable', 'message': 'HTTPError'}
{'statusCode': 404, 'package': 'able-stringify', 'message': 'HTTPError'}
{'statusCode': 0, 'package': '@aca-ac/css_1.0.1', 'message': 'no deps or dev-deps'}
{'statusCode': 0, 'package': 'academicons_1.8.6', 'message': 'no deps or dev-deps'}
{'statusCode': 0, 'package': 'academicons_1.9.1', 'message': 'no deps or dev-deps'}
{'statusCode': 0, 'package': 'academicons_1.9.2', 'message': 'no deps or dev-deps'}
{'statusCode': 404, 'package': 'academy/eslint-config', 'message': 'HTTPError'}
{'statusCode': 0, 'package': '@acai/preset_0.1.2', 'message': 'no deps or dev-deps'}
{'statusCode': 404, 'package': '@acai/runtime', 'message': 'HTTPError'}
{'statusCode': 0, 'package': 'acc-eslint-config-vue_1.0.0', 'message': 'no deps or dev-deps'}
{'statusCode': 0, 'package': 'accessibility-checker_1.0.0-alpha', 'message': 'no deps or dev-deps'}
{'statusCode': 200, 'package': 'accessibility-insights-crawler', 'message': 'No versions found'}
{'statusCode': 404, 'package': 'accio-helper-plugin', 'message': 'HTTPError'}
{'statusCode': 0, 'package': '@accodeing/prettier-config_2019.8.20', 'message': 'no deps or dev-deps'}
{'statusCode': 0, 'package': '@accodeing/prettier-config_2019.8.21', 'message': 'no deps or dev-deps'}
{'statusCode': 0, 'package': '@accodeing/prettier-config_2019.8.2-1.1', 'message': 'no deps or dev-deps'}
{'statusCode': 404, 'package': 'ac-conventional-changelog-template', 'message': 'HTTPError'}
{'statusCode': 404, 'package': 'ac-conventional-changelog-template', 'message': 'HTTPError'}
{'statusCode': 404, 'package': '@accopsnpm/accops-data-access', 'message': 'HTTPError'}
{'statusCode': 404, 'package': '@accor/customer-api', 'message': 'HTTPError'}
{'statusCode': 0, 'package': '0_0.0.0', 'message': 'no deps or dev-deps'}
{'statusCode': 0, 'package': '0_0.0.0', 'message': 'no deps or dev-deps'}
{'statusCode': 0, 'package': '0.0_0.0.0', 'message': 'no deps or dev-deps'}
{'statusCode': 404, 'package': '0.16.2', 'message': 'HTTPError'}
{'statusCode': 404, 'package': '0.17', 'message': 'HTTPError'}
{'statusCode': 404, 'package': '0.1.7', 'message': 'HTTPError'}
{'statusCode': 404, 'package': '0.17.0', 'message': 'HTTPError'}
{'statusCode': 0, 'package': '0_0.0.0', 'message': 'no deps or dev-deps'}
{'statusCode': 404, 'package': '0.17.1', 'message': 'HTTPError'}
{'statusCode': 404, 'package': '0171228', 'message': 'HTTPError'}
{'statusCode': 404, 'package': '0.17.4', 'message': 'HTTPError'}
{'statusCode': 404, 'package': '0.17.6', 'message': 'HTTPError'}
{'statusCode': 404, 'package': '0.18', 'message': 'HTTPError'}
{'statusCode': 404, 'package': '0.18.0', 'message': 'HTTPError'}
{'statusCode': 404, 'package': '0.18.1', 'message': 'HTTPError'}
{'statusCode': 404, 'package': '0.1.9', 'message': 'HTTPError'}
{'statusCode': 404, 'package': '0.19.0', 'message': 'HTTPError'}
{'statusCode': 404, 'package': '0.19.1', 'message': 'HTTPError'}
{'statusCode': 404, 'package': '0.19.2', 'message': 'HTTPError'}
{'statusCode': 404, 'package': '0.19.8', 'message': 'HTTPError'}
{'statusCode': 404, 'package': '0.1.x', 'message': 'HTTPError'}
{'statusCode': 404, 'package': '.0.2', 'message': 'HTTPError'}
{'statusCode': 404, 'package': '0.2', 'message': 'HTTPError'}
{'statusCode': 404, 'package': '0.2.0', 'message': 'HTTPError'}
{'statusCode': 404, 'package': '0.20.0', 'message': 'HTTPError'}
{'statusCode': 404, 'package': '0.20.2', 'message': 'HTTPError'}
{'statusCode': 404, 'package': '@0.2.0@clone', 'message': 'HTTPError'}
{'statusCode': 404, 'package': '0.21', 'message': 'HTTPError'}
{'statusCode': 404, 'package': '0.2.1', 'message': 'HTTPError'}
{'statusCode': 404, 'package': '0.2.10', 'message': 'HTTPError'}
{'statusCode': 404, 'package': '0.21.0', 'message': 'HTTPError'}
{'statusCode': 404, 'package': '0.21.1', 'message': 'HTTPError'}
{'statusCode': 404, 'package': '0.21.4', 'message': 'HTTPError'}
{'statusCode': 404, 'package': '0.2.2', 'message': 'HTTPError'}
{'statusCode': 404, 'package': '0.22.0', 'message': 'HTTPError'}
{'statusCode': 404, 'package': '0.22.1', 'message': 'HTTPError'}
{'statusCode': 404, 'package': '0.2.3', 'message': 'HTTPError'}
{'statusCode': 404, 'package': '0.23.0', 'message': 'HTTPError'}
{'statusCode': 404, 'package': '0.2.31', 'message': 'HTTPError'}
{'statusCode': 404, 'package': '0.24', 'message': 'HTTPError'}
{'statusCode': 404, 'package': '0.24.0', 'message': 'HTTPError'}
{'statusCode': 404, 'package': '0.2.41', 'message': 'HTTPError'}
{'statusCode': 404, 'package': '0.2.5', 'message': 'HTTPError'}
{'statusCode': 404, 'package': '0.25.0', 'message': 'HTTPError'}
{'statusCode': 404, 'package': '0.26', 'message': 'HTTPError'}
{'statusCode': 404, 'package': '0.26.0', 'message': 'HTTPError'}
{'statusCode': 404, 'package': '0.26.1', 'message': 'HTTPError'}
{'statusCode': 404, 'package': '0.26.3', 'message': 'HTTPError'}
{'statusCode': 404, 'package': '0.27', 'message': 'HTTPError'}
{'statusCode': 404, 'package': '0.2.7', 'message': 'HTTPError'}
{'statusCode': 404, 'package': '0.27.0', 'message': 'HTTPError'}
{'statusCode': 404, 'package': '0.27.1', 'message': 'HTTPError'}
{'statusCode': 404, 'package': '0.27.2', 'message': 'HTTPError'}
{'statusCode': 404, 'package': '.0.28', 'message': 'HTTPError'}
{'statusCode': 404, 'package': '0.28', 'message': 'HTTPError'}
{'statusCode': 404, 'package': '0.28.0', 'message': 'HTTPError'}
{'statusCode': 404, 'package': '0.28.11', 'message': 'HTTPError'}
{'statusCode': 404, 'package': '0.28.7', 'message': 'HTTPError'}
{'statusCode': 404, 'package': '0.288.2', 'message': 'HTTPError'}
{'statusCode': 404, 'package': '0.2.9', 'message': 'HTTPError'}
{'statusCode': 404, 'package': '0.29.2', 'message': 'HTTPError'}
{'statusCode': 404, 'package': '0.29.3', 'message': 'HTTPError'}
{'statusCode': 404, 'package': '.0.3', 'message': 'HTTPError'}
{'statusCode': 404, 'package': '0.3', 'message': 'HTTPError'}
{'statusCode': 404, 'package': '0.3.0', 'message': 'HTTPError'}
{'statusCode': 404, 'package': '0.3.1', 'message': 'HTTPError'}
{'statusCode': 404, 'package': '0.31.0', 'message': 'HTTPError'}
{'statusCode': 404, 'package': '0.3.18', 'message': 'HTTPError'}
{'statusCode': 404, 'package': '0.3.2', 'message': 'HTTPError'}
{'statusCode': 404, 'package': '0.32.6', 'message': 'HTTPError'}
{'statusCode': 404, 'package': '0.33', 'message': 'HTTPError'}
{'statusCode': 404, 'package': '0.3.3', 'message': 'HTTPError'}
{'statusCode': 404, 'package': '.0.34', 'message': 'HTTPError'}
{'statusCode': 404, 'package': '0.3.4', 'message': 'HTTPError'}
{'statusCode': 404, 'package': '0.34.13', 'message': 'HTTPError'}
{'statusCode': 404, 'package': '0.3.5', 'message': 'HTTPError'}
{'statusCode': 404, 'package': '0.36.5', 'message': 'HTTPError'}
{'statusCode': 404, 'package': '0.37.0', 'message': 'HTTPError'}
{'statusCode': 404, 'package': '0.37.6', 'message': 'HTTPError'}
{'statusCode': 404, 'package': '.0.4', 'message': 'HTTPError'}
{'statusCode': 404, 'package': '0.4', 'message': 'HTTPError'}
{'statusCode': 404, 'package': '0.4.0', 'message': 'HTTPError'}
{'statusCode': 404, 'package': '0.4.1', 'message': 'HTTPError'}
{'statusCode': 404, 'package': '0.4.18', 'message': 'HTTPError'}
{'statusCode': 404, 'package': '0.4.19', 'message': 'HTTPError'}
{'statusCode': 404, 'package': '0.4.2', 'message': 'HTTPError'}
{'statusCode': 404, 'package': '0.4.46', 'message': 'HTTPError'}
{'statusCode': 404, 'package': '0.4.5', 'message': 'HTTPError'}
{'statusCode': 404, 'package': '@0.4.6@vinyl', 'message': 'HTTPError'}
{'statusCode': 404, 'package': '0.4.8', 'message': 'HTTPError'}
{'statusCode': 404, 'package': '0.4.x', 'message': 'HTTPError'}
{'statusCode': 404, 'package': '.0.5', 'message': 'HTTPError'}
{'statusCode': 404, 'package': '0.5', 'message': 'HTTPError'}
{'statusCode': 404, 'package': '0.5.0', 'message': 'HTTPError'}
{'statusCode': 404, 'package': '0.5.1', 'message': 'HTTPError'}
{'statusCode': 404, 'package': '0.5.2', 'message': 'HTTPError'}
{'statusCode': 404, 'package': '0520', 'message': 'HTTPError'}
{'statusCode': 404, 'package': '0.5.2@gaze', 'message': 'HTTPError'}
{'statusCode': 404, 'package': '@0.5.3@vinyl', 'message': 'HTTPError'}
{'statusCode': 404, 'package': '0.54.5', 'message': 'HTTPError'}
{'statusCode': 404, 'package': '0.5.5', 'message': 'HTTPError'}
{'statusCode': 404, 'package': '0.5.7', 'message': 'HTTPError'}
{'statusCode': 404, 'package': '0.5.9', 'message': 'HTTPError'}
{'statusCode': 404, 'package': '.0.6', 'message': 'HTTPError'}
{'statusCode': 404, 'package': '0.6', 'message': 'HTTPError'}
{'statusCode': 404, 'package': '0.6.0', 'message': 'HTTPError'}
{'statusCode': 404, 'package': '0.6.1', 'message': 'HTTPError'}
{'statusCode': 404, 'package': '0.6.2', 'message': 'HTTPError'}
{'statusCode': 404, 'package': '0.6.3', 'message': 'HTTPError'}
{'statusCode': 404, 'package': '0.67.3', 'message': 'HTTPError'}
{'statusCode': 404, 'package': '.0.7', 'message': 'HTTPError'}
{'statusCode': 404, 'package': '0.7', 'message': 'HTTPError'}
{'statusCode': 404, 'package': '.0.70', 'message': 'HTTPError'}
{'statusCode': 404, 'package': '0.7.0', 'message': 'HTTPError'}
{'statusCode': 404, 'package': '0.7.1', 'message': 'HTTPError'}
{'statusCode': 404, 'package': '.0.72', 'message': 'HTTPError'}
{'statusCode': 404, 'package': '0.7.2', 'message': 'HTTPError'}
{'statusCode': 404, 'package': '0.7.3', 'message': 'HTTPError'}
{'statusCode': 404, 'package': '.0.74', 'message': 'HTTPError'}
{'statusCode': 404, 'package': '0.7.4', 'message': 'HTTPError'}
{'statusCode': 404, 'package': '0.7.5', 'message': 'HTTPError'}
{'statusCode': 404, 'package': '.0.76', 'message': 'HTTPError'}
{'statusCode': 404, 'package': '0.7.6', 'message': 'HTTPError'}
{'statusCode': 404, 'package': '.0.78', 'message': 'HTTPError'}
{'statusCode': 404, 'package': '.0.8', 'message': 'HTTPError'}
{'statusCode': 404, 'package': '0.8', 'message': 'HTTPError'}
{'statusCode': 404, 'package': '0.8.0', 'message': 'HTTPError'}
{'statusCode': 404, 'package': '0.8.2', 'message': 'HTTPError'}
{'statusCode': 404, 'package': '0.8.4', 'message': 'HTTPError'}
{'statusCode': 404, 'package': '0.8.5', 'message': 'HTTPError'}
{'statusCode': 404, 'package': '0.8.7', 'message': 'HTTPError'}
{'statusCode': 404, 'package': '.0.9', 'message': 'HTTPError'}
{'statusCode': 404, 'package': '0.9', 'message': 'HTTPError'}
{'statusCode': 404, 'package': '0.9.0', 'message': 'HTTPError'}
{'statusCode': 404, 'package': '0.90.0', 'message': 'HTTPError'}
{'statusCode': 404, 'package': '0.9.1', 'message': 'HTTPError'}
{'statusCode': 404, 'package': '0.91.0', 'message': 'HTTPError'}
{'statusCode': 404, 'package': '0.9.11', 'message': 'HTTPError'}
{'statusCode': 404, 'package': '0.9.2', 'message': 'HTTPError'}
{'statusCode': 404, 'package': '0.9.3', 'message': 'HTTPError'}
{'statusCode': 404, 'package': '0.9.46', 'message': 'HTTPError'}
{'statusCode': 404, 'package': '0.98', 'message': 'HTTPError'}
{'statusCode': 404, 'package': '0.98.0', 'message': 'HTTPError'}
{'statusCode': 404, 'package': '0.99', 'message': 'HTTPError'}
{'statusCode': 404, 'package': '0.9.x', 'message': 'HTTPError'}
{'statusCode': 0, 'package': '@0cfg/http-common_0.0.1', 'message': 'no deps or dev-deps'}
{'statusCode': 0, 'package': '@0cfg/http-common_0.0.2', 'message': 'no deps or dev-deps'}
{'statusCode': 0, 'package': '@0cfg/http-common_0.0.3-alpha.0', 'message': 'no deps or dev-deps'}
{'statusCode': 0, 'package': '@0cfg/http-common_0.0.3', 'message': 'no deps or dev-deps'}
{'statusCode': 0, 'package': '@0cfg/http-common_0.0.4', 'message': 'no deps or dev-deps'}
{'statusCode': 0, 'package': '@0cfg/http-common_0.0.5', 'message': 'no deps or dev-deps'}
{'statusCode': 0, 'package': '@0cfg/http-common_0.0.6', 'message': 'no deps or dev-deps'}
{'statusCode': 0, 'package': '@0cfg/http-common_0.0.7', 'message': 'no deps or dev-deps'}
{'statusCode': 0, 'package': '@0cfg/http-common_0.0.8', 'message': 'no deps or dev-deps'}
{'statusCode': 0, 'package': '@0cfg/http-common_0.0.9', 'message': 'no deps or dev-deps'}
{'statusCode': 0, 'package': '@0cfg/http-common_0.0.11', 'message': 'no deps or dev-deps'}
{'statusCode': 0, 'package': '@0cfg/http-common_0.0.12', 'message': 'no deps or dev-deps'}
{'statusCode': 0, 'package': '@0cfg/http-common_0.0.13', 'message': 'no deps or dev-deps'}
{'statusCode': 0, 'package': '@0cfg/http-common_0.0.14', 'message': 'no deps or dev-deps'}
{'statusCode': 0, 'package': '@0cfg/http-common_0.1.0', 'message': 'no deps or dev-deps'}
{'statusCode': 0, 'package': '@0cfg/http-common_0.1.3', 'message': 'no deps or dev-deps'}
{'statusCode': 0, 'package': '@-0/keys_0.2.53', 'message': 'no deps or dev-deps'}
{'statusCode': 0, 'package': '@-0/keys_0.2.54', 'message': 'no deps or dev-deps'}
{'statusCode': 0, 'package': '@-0/keys_0.2.55', 'message': 'no deps or dev-deps'}
{'statusCode': 0, 'package': '@-0/keys_0.2.56', 'message': 'no deps or dev-deps'}
{'statusCode': 0, 'package': '@-0/keys_0.2.57', 'message': 'no deps or dev-deps'}
{'statusCode': 0, 'package': '@-0/keys_0.2.58', 'message': 'no deps or dev-deps'}
{'statusCode': 0, 'package': '0_0.0.0', 'message': 'no deps or dev-deps'}
{'statusCode': 404, 'package': '.0.x', 'message': 'HTTPError'}
{'statusCode': 404, 'package': '0.x', 'message': 'HTTPError'}
{'statusCode': 0, 'package': '@0xaio/eslint-config-react-app_2.0.1', 'message': 'no deps or dev-deps'}
{'statusCode': 0, 'package': '@0xaio/eslint-config-react-app_2.1.0-0', 'message': 'no deps or dev-deps'}
{'statusCode': 0, 'package': '@0xcert/conventions_0.0.0-init', 'message': 'no deps or dev-deps'}
{'statusCode': 0, 'package': '@0xcert/conventions_0.0.0-init', 'message': 'no deps or dev-deps'}
{'statusCode': 0, 'package': '@0xcert/conventions_0.0.0-init', 'message': 'no deps or dev-deps'}
{'statusCode': 0, 'package': '@0xcert/conventions_0.0.0-init', 'message': 'no deps or dev-deps'}
{'statusCode': 0, 'package': '@0xcert/conventions_0.0.0-init', 'message': 'no deps or dev-deps'}
{'statusCode': 0, 'package': '@0xcert/conventions_0.0.0-init', 'message': 'no deps or dev-deps'}
{'statusCode': 0, 'package': '@0xcert/conventions_0.0.0-init', 'message': 'no deps or dev-deps'}
{'statusCode': 0, 'package': '@0xcert/conventions_0.0.0-init', 'message': 'no deps or dev-deps'}
{'statusCode': 0, 'package': '@0xcert/conventions_0.0.0-init', 'message': 'no deps or dev-deps'}
{'statusCode': 0, 'package': '@0xcert/conventions_0.0.0-init', 'message': 'no deps or dev-deps'}
{'statusCode': 0, 'package': '@0xcert/conventions_0.0.0-init', 'message': 'no deps or dev-deps'}
{'statusCode': 0, 'package': '@0xcert/conventions_0.0.0-init', 'message': 'no deps or dev-deps'}
{'statusCode': 0, 'package': '@0xcert/conventions_0.0.0-init', 'message': 'no deps or dev-deps'}
{'statusCode': 0, 'package': '@0xcert/conventions_0.0.0-init', 'message': 'no deps or dev-deps'}
{'statusCode': 0, 'package': '@0xcert/conventions_0.0.0-init', 'message': 'no deps or dev-deps'}
{'statusCode': 0, 'package': '@0xcert/conventions_0.0.0-init', 'message': 'no deps or dev-deps'}
{'statusCode': 0, 'package': '@0xcert/conventions_0.0.0-init', 'message': 'no deps or dev-deps'}
{'statusCode': 0, 'package': '@0xcert/conventions_0.0.0-init', 'message': 'no deps or dev-deps'}
{'statusCode': 0, 'package': '@0xcert/conventions_0.0.0-init', 'message': 'no deps or dev-deps'}
{'statusCode': 0, 'package': '@0xcert/conventions_0.0.0-init', 'message': 'no deps or dev-deps'}
{'statusCode': 0, 'package': '@0xcert/conventions_0.0.0-init', 'message': 'no deps or dev-deps'}
{'statusCode': 0, 'package': '@0xcert/conventions_0.0.0-init', 'message': 'no deps or dev-deps'}
{'statusCode': 0, 'package': '@0xcert/conventions_0.0.0-init', 'message': 'no deps or dev-deps'}
{'statusCode': 0, 'package': '@0xcert/conventions_0.0.0-init', 'message': 'no deps or dev-deps'}
{'statusCode': 0, 'package': '@0xcert/conventions_0.0.0-init', 'message': 'no deps or dev-deps'}
{'statusCode': 0, 'package': '@0xcert/conventions_0.0.0-init', 'message': 'no deps or dev-deps'}
{'statusCode': 0, 'package': '@0xcert/conventions_0.0.0-init', 'message': 'no deps or dev-deps'}
{'statusCode': 0, 'package': '@0xcert/conventions_0.0.0-init', 'message': 'no deps or dev-deps'}
{'statusCode': 0, 'package': '@0xcert/conventions_0.0.0-init', 'message': 'no deps or dev-deps'}
{'statusCode': 0, 'package': '@0xcert/conventions_0.0.0-init', 'message': 'no deps or dev-deps'}
{'statusCode': 0, 'package': '@0xcert/conventions_0.0.0-init', 'message': 'no deps or dev-deps'}
{'statusCode': 0, 'package': '@0xcert/conventions_0.0.0-init', 'message': 'no deps or dev-deps'}
{'statusCode': 0, 'package': '@0xcert/conventions_0.0.0-init', 'message': 'no deps or dev-deps'}
{'statusCode': 0, 'package': '@0xcert/conventions_0.0.0-init', 'message': 'no deps or dev-deps'}
{'statusCode': 0, 'package': '@0xcert/conventions_0.0.0-init', 'message': 'no deps or dev-deps'}
{'statusCode': 0, 'package': '@0xcert/conventions_0.0.0-init', 'message': 'no deps or dev-deps'}
{'statusCode': 0, 'package': '@0xcert/conventions_0.0.0-init', 'message': 'no deps or dev-deps'}
{'statusCode': 0, 'package': '@0xcert/conventions_0.0.0-init', 'message': 'no deps or dev-deps'}
{'statusCode': 0, 'package': '@0xcert/crypto_0.0.0-init', 'message': 'no deps or dev-deps'}
{'statusCode': 0, 'package': '@0xcert/crypto_0.0.0-init', 'message': 'no deps or dev-deps'}
{'statusCode': 404, 'package': '@0xcert/ethereum-mutation', 'message': 'HTTPError'}
{'statusCode': 0, 'package': '@0xcert/merkle_0.0.0-init', 'message': 'no deps or dev-deps'}
{'statusCode': 0, 'package': '@0xcert/merkle_0.0.0-init', 'message': 'no deps or dev-deps'}
{'statusCode': 0, 'package': '@0xcert/merkle_0.0.0-init', 'message': 'no deps or dev-deps'}
{'statusCode': 0, 'package': '@0xcert/merkle_0.0.0-init', 'message': 'no deps or dev-deps'}
{'statusCode': 0, 'package': '@0xcert/merkle_0.0.0-init', 'message': 'no deps or dev-deps'}
{'statusCode': 0, 'package': '@0xcert/merkle_0.0.0-init', 'message': 'no deps or dev-deps'}
{'statusCode': 0, 'package': '@0xcert/merkle_0.0.0-init', 'message': 'no deps or dev-deps'}
{'statusCode': 0, 'package': '@0xcert/merkle_0.0.0-init', 'message': 'no deps or dev-deps'}
{'statusCode': 0, 'package': '@0xcert/merkle_0.0.0-init', 'message': 'no deps or dev-deps'}
{'statusCode': 0, 'package': '@0xcert/merkle_0.0.0-init', 'message': 'no deps or dev-deps'}
{'statusCode': 0, 'package': '@0xcert/merkle_0.0.0-init', 'message': 'no deps or dev-deps'}
{'statusCode': 0, 'package': '@0xcert/merkle_0.0.0-init', 'message': 'no deps or dev-deps'}
{'statusCode': 0, 'package': '@0xcert/merkle_0.0.0-init', 'message': 'no deps or dev-deps'}
{'statusCode': 0, 'package': '@0xcert/merkle_0.0.0-init', 'message': 'no deps or dev-deps'}
{'statusCode': 0, 'package': '@0xcert/merkle_0.0.0-init', 'message': 'no deps or dev-deps'}
{'statusCode': 0, 'package': '@0xcert/merkle_0.0.0-init', 'message': 'no deps or dev-deps'}
{'statusCode': 0, 'package': '@0xcert/merkle_0.0.0-init', 'message': 'no deps or dev-deps'}
{'statusCode': 0, 'package': '@0xcert/merkle_0.0.0-init', 'message': 'no deps or dev-deps'}
{'statusCode': 0, 'package': '@0xcert/merkle_0.0.0-init', 'message': 'no deps or dev-deps'}
{'statusCode': 0, 'package': '@0xcert/merkle_0.0.0-init', 'message': 'no deps or dev-deps'}
{'statusCode': 0, 'package': '@0xcert/merkle_0.0.0-init', 'message': 'no deps or dev-deps'}
{'statusCode': 0, 'package': '@0xcert/merkle_0.0.0-init', 'message': 'no deps or dev-deps'}
{'statusCode': 0, 'package': '@0xcert/merkle_0.0.0-init', 'message': 'no deps or dev-deps'}
{'statusCode': 0, 'package': '@0xcert/merkle_0.0.0-init', 'message': 'no deps or dev-deps'}
{'statusCode': 0, 'package': '@0xcert/merkle_0.0.0-init', 'message': 'no deps or dev-deps'}
{'statusCode': 0, 'package': '@0xcert/merkle_0.0.0-init', 'message': 'no deps or dev-deps'}
{'statusCode': 0, 'package': '@0xcert/merkle_0.0.0-init', 'message': 'no deps or dev-deps'}
{'statusCode': 0, 'package': '@0xcert/merkle_0.0.0-init', 'message': 'no deps or dev-deps'}
{'statusCode': 0, 'package': '@0xcert/merkle_0.0.0-init', 'message': 'no deps or dev-deps'}
{'statusCode': 0, 'package': '@0xcert/merkle_0.0.0-init', 'message': 'no deps or dev-deps'}
{'statusCode': 0, 'package': '@0xcert/merkle_0.0.0-init', 'message': 'no deps or dev-deps'}
{'statusCode': 0, 'package': '@0xcert/merkle_0.0.0-init', 'message': 'no deps or dev-deps'}
{'statusCode': 0, 'package': '@0xcert/merkle_0.0.0-init', 'message': 'no deps or dev-deps'}
{'statusCode': 0, 'package': '@0xcert/merkle_0.0.0-init', 'message': 'no deps or dev-deps'}
{'statusCode': 0, 'package': '@0xcert/merkle_0.0.0-init', 'message': 'no deps or dev-deps'}
{'statusCode': 0, 'package': '@0xcert/merkle_0.0.0-init', 'message': 'no deps or dev-deps'}
{'statusCode': 0, 'package': '@0xcert/merkle_0.0.0-init', 'message': 'no deps or dev-deps'}
{'statusCode': 0, 'package': '@0xcert/merkle_0.0.0-init', 'message': 'no deps or dev-deps'}
{'statusCode': 0, 'package': '@0xcert/merkle_0.0.0-init', 'message': 'no deps or dev-deps'}
{'statusCode': 0, 'package': '@0xcert/merkle_0.0.0-init', 'message': 'no deps or dev-deps'}
{'statusCode': 0, 'package': '@0xcert/scaffold_0.0.0-init', 'message': 'no deps or dev-deps'}
{'statusCode': 0, 'package': '@0xcert/scaffold_0.0.0-init', 'message': 'no deps or dev-deps'}
{'statusCode': 0, 'package': '@0xcert/scaffold_0.0.0-init', 'message': 'no deps or dev-deps'}
{'statusCode': 0, 'package': '@0xcert/scaffold_0.0.0-init', 'message': 'no deps or dev-deps'}
{'statusCode': 0, 'package': '@0xcert/scaffold_0.0.0-init', 'message': 'no deps or dev-deps'}
{'statusCode': 0, 'package': '@0xcert/scaffold_0.0.0-init', 'message': 'no deps or dev-deps'}
{'statusCode': 0, 'package': '@0xcert/scaffold_0.0.0-init', 'message': 'no deps or dev-deps'}
{'statusCode': 0, 'package': '@0xcert/scaffold_0.0.0-init', 'message': 'no deps or dev-deps'}
{'statusCode': 0, 'package': '@0xcert/scaffold_0.0.0-init', 'message': 'no deps or dev-deps'}
{'statusCode': 0, 'package': '@0xcert/scaffold_0.0.0-init', 'message': 'no deps or dev-deps'}
{'statusCode': 0, 'package': '@0xcert/scaffold_0.0.0-init', 'message': 'no deps or dev-deps'}
{'statusCode': 0, 'package': '@0xcert/scaffold_0.0.0-init', 'message': 'no deps or dev-deps'}
{'statusCode': 0, 'package': '@0xcert/scaffold_0.0.0-init', 'message': 'no deps or dev-deps'}
{'statusCode': 0, 'package': '@0xcert/scaffold_0.0.0-init', 'message': 'no deps or dev-deps'}
{'statusCode': 0, 'package': '@0xcert/scaffold_0.0.0-init', 'message': 'no deps or dev-deps'}
{'statusCode': 0, 'package': '@0xcert/scaffold_0.0.0-init', 'message': 'no deps or dev-deps'}
{'statusCode': 0, 'package': '@0xcert/scaffold_0.0.0-init', 'message': 'no deps or dev-deps'}
{'statusCode': 0, 'package': '@0xcert/scaffold_0.0.0-init', 'message': 'no deps or dev-deps'}
{'statusCode': 0, 'package': '@0xcert/scaffold_0.0.0-init', 'message': 'no deps or dev-deps'}
{'statusCode': 0, 'package': '@0xcert/scaffold_0.0.0-init', 'message': 'no deps or dev-deps'}
{'statusCode': 0, 'package': '@0xcert/scaffold_0.0.0-init', 'message': 'no deps or dev-deps'}
{'statusCode': 0, 'package': '@0xcert/scaffold_0.0.0-init', 'message': 'no deps or dev-deps'}
{'statusCode': 0, 'package': '@0xcert/scaffold_0.0.0-init', 'message': 'no deps or dev-deps'}
{'statusCode': 0, 'package': '@0xcert/scaffold_0.0.0-init', 'message': 'no deps or dev-deps'}
{'statusCode': 0, 'package': '@0xcert/scaffold_0.0.0-init', 'message': 'no deps or dev-deps'}
{'statusCode': 0, 'package': '@0xcert/scaffold_0.0.0-init', 'message': 'no deps or dev-deps'}
{'statusCode': 0, 'package': '@0xcert/scaffold_0.0.0-init', 'message': 'no deps or dev-deps'}
{'statusCode': 0, 'package': '@0xcert/scaffold_0.0.0-init', 'message': 'no deps or dev-deps'}
{'statusCode': 0, 'package': '@0xcert/scaffold_0.0.0-init', 'message': 'no deps or dev-deps'}
{'statusCode': 0, 'package': '@0xcert/scaffold_0.0.0-init', 'message': 'no deps or dev-deps'}
{'statusCode': 0, 'package': '@0xcert/scaffold_0.0.0-init', 'message': 'no deps or dev-deps'}
{'statusCode': 0, 'package': '@0xcert/scaffold_0.0.0-init', 'message': 'no deps or dev-deps'}
{'statusCode': 0, 'package': '@0xcert/scaffold_0.0.0-init', 'message': 'no deps or dev-deps'}
{'statusCode': 0, 'package': '@0xcert/scaffold_0.0.0-init', 'message': 'no deps or dev-deps'}
{'statusCode': 0, 'package': '@0xcert/scaffold_0.0.0-init', 'message': 'no deps or dev-deps'}
{'statusCode': 0, 'package': '@0xcert/scaffold_0.0.0-init', 'message': 'no deps or dev-deps'}
{'statusCode': 0, 'package': '@0xcert/scaffold_0.0.0-init', 'message': 'no deps or dev-deps'}
{'statusCode': 0, 'package': '@0xcert/scaffold_0.0.0-init', 'message': 'no deps or dev-deps'}
{'statusCode': 0, 'package': '@0xcert/scaffold_0.0.0-init', 'message': 'no deps or dev-deps'}
{'statusCode': 0, 'package': '@0xcert/scaffold_0.0.0-init', 'message': 'no deps or dev-deps'}
{'statusCode': 0, 'package': '@0xcert/web3-asset-ledger_0.0.0-init', 'message': 'no deps or dev-deps'}
{'statusCode': 0, 'package': '@0xcert/web3-context_0.0.0-init', 'message': 'no deps or dev-deps'}
{'statusCode': 0, 'package': '@0xcert/web3-context_0.0.0-init', 'message': 'no deps or dev-deps'}
{'statusCode': 0, 'package': '@0xcert/web3-erc20-contracts_0.0.0-init', 'message': 'no deps or dev-deps'}
{'statusCode': 0, 'package': '@0xcert/web3-erc20-contracts_0.0.0-init', 'message': 'no deps or dev-deps'}
{'statusCode': 0, 'package': '@0xcert/web3-erc721-contracts_0.0.0-init', 'message': 'no deps or dev-deps'}
{'statusCode': 0, 'package': '@0xcert/web3-erc721-contracts_0.0.0-init', 'message': 'no deps or dev-deps'}
{'statusCode': 0, 'package': '@0xcert/web3-error-parser_0.0.0-init', 'message': 'no deps or dev-deps'}
{'statusCode': 0, 'package': '@0xcert/web3-error-parser_0.0.0-init', 'message': 'no deps or dev-deps'}
{'statusCode': 0, 'package': '@0xcert/web3-exchange-contracts_0.0.0-init', 'message': 'no deps or dev-deps'}
{'statusCode': 0, 'package': '@0xcert/web3-exchange-contracts_0.0.0-init', 'message': 'no deps or dev-deps'}
{'statusCode': 0, 'package': '@0xcert/web3-order-exchange_0.0.0-init', 'message': 'no deps or dev-deps'}
{'statusCode': 0, 'package': '@0xcert/web3-proxy-contracts_0.0.0-init', 'message': 'no deps or dev-deps'}
{'statusCode': 0, 'package': '@0xcert/web3-proxy-contracts_0.0.0-init', 'message': 'no deps or dev-deps'}
{'statusCode': 0, 'package': '@0xcert/web3-sandbox_0.0.0-init', 'message': 'no deps or dev-deps'}
{'statusCode': 0, 'package': '@0xcert/web3-sandbox_0.0.0-init', 'message': 'no deps or dev-deps'}
{'statusCode': 0, 'package': '@0xcert/web3-utils_0.0.0-init', 'message': 'no deps or dev-deps'}
{'statusCode': 0, 'package': '@0xcert/web3-utils_0.0.0-init', 'message': 'no deps or dev-deps'}
{'statusCode': 0, 'package': '@0xcert/web3-utils-contracts_0.0.0-init', 'message': 'no deps or dev-deps'}
{'statusCode': 0, 'package': '@0xcert/web3-utils-contracts_0.0.0-init', 'message': 'no deps or dev-deps'}
{'statusCode': 0, 'package': '@0xcert/web3-value-ledger_0.0.0-init', 'message': 'no deps or dev-deps'}
{'statusCode': 0, 'package': '@0xcert/web3-xcert-contracts_0.0.0-init', 'message': 'no deps or dev-deps'}
{'statusCode': 0, 'package': '@0xcert/web3-xcert-contracts_0.0.0-init', 'message': 'no deps or dev-deps'}
{'statusCode': 404, 'package': '@0x/order-utils-v2', 'message': 'HTTPError'}
{'statusCode': 404, 'package': '@0xpolygonhermez/zkevm-commonjs', 'message': 'HTTPError'}
{'statusCode': 404, 'package': '@0xproject/monorepo-script', 'message': 'HTTPError'}
{'statusCode': 0, 'package': '@0xsequence/abi_0.7.0', 'message': 'no deps or dev-deps'}
{'statusCode': 0, 'package': '@0xsequence/abi_0.8.0', 'message': 'no deps or dev-deps'}
{'statusCode': 0, 'package': '@0xsequence/abi_0.8.1', 'message': 'no deps or dev-deps'}
{'statusCode': 0, 'package': '@0xsequence/abi_0.8.2', 'message': 'no deps or dev-deps'}
{'statusCode': 0, 'package': '@0xsequence/abi_0.8.3', 'message': 'no deps or dev-deps'}
{'statusCode': 0, 'package': '@0xsequence/abi_0.8.4', 'message': 'no deps or dev-deps'}
{'statusCode': 0, 'package': '@0xsequence/abi_0.8.5', 'message': 'no deps or dev-deps'}
{'statusCode': 0, 'package': '@0xsequence/abi_0.9.1', 'message': 'no deps or dev-deps'}
{'statusCode': 0, 'package': '@0xsequence/abi_0.9.3', 'message': 'no deps or dev-deps'}
{'statusCode': 0, 'package': '@0xsequence/abi_0.9.6', 'message': 'no deps or dev-deps'}
{'statusCode': 0, 'package': '@0xsequence/abi_0.10.0', 'message': 'no deps or dev-deps'}
{'statusCode': 0, 'package': '@0xsequence/abi_0.10.1', 'message': 'no deps or dev-deps'}
{'statusCode': 0, 'package': '@0xsequence/abi_0.10.2', 'message': 'no deps or dev-deps'}
{'statusCode': 0, 'package': '@0xsequence/abi_0.10.3', 'message': 'no deps or dev-deps'}
{'statusCode': 0, 'package': '@0xsequence/abi_0.10.4', 'message': 'no deps or dev-deps'}
{'statusCode': 0, 'package': '@0xsequence/abi_0.10.5', 'message': 'no deps or dev-deps'}
{'statusCode': 0, 'package': '@0xsequence/abi_0.10.6', 'message': 'no deps or dev-deps'}
{'statusCode': 0, 'package': '@0xsequence/abi_0.10.7', 'message': 'no deps or dev-deps'}
{'statusCode': 0, 'package': '@0xsequence/abi_0.10.8', 'message': 'no deps or dev-deps'}
{'statusCode': 0, 'package': '@0xsequence/abi_0.10.9', 'message': 'no deps or dev-deps'}
{'statusCode': 0, 'package': '@0xsequence/abi_0.11.0', 'message': 'no deps or dev-deps'}
{'statusCode': 0, 'package': '@0xsequence/abi_0.11.1', 'message': 'no deps or dev-deps'}
{'statusCode': 0, 'package': '@0xsequence/abi_0.11.2', 'message': 'no deps or dev-deps'}
{'statusCode': 0, 'package': '@0xsequence/abi_0.11.3', 'message': 'no deps or dev-deps'}
{'statusCode': 0, 'package': '@0xsequence/abi_0.11.4', 'message': 'no deps or dev-deps'}
{'statusCode': 0, 'package': '@0xsequence/abi_0.12.0', 'message': 'no deps or dev-deps'}
{'statusCode': 0, 'package': '@0xsequence/abi_0.12.1', 'message': 'no deps or dev-deps'}
{'statusCode': 0, 'package': '@0xsequence/abi_0.13.0', 'message': 'no deps or dev-deps'}
{'statusCode': 0, 'package': '@0xsequence/abi_0.14.0', 'message': 'no deps or dev-deps'}
{'statusCode': 0, 'package': '@0xsequence/abi_0.14.3', 'message': 'no deps or dev-deps'}
{'statusCode': 0, 'package': '@0xsequence/abi_0.15.1', 'message': 'no deps or dev-deps'}
{'statusCode': 0, 'package': '@0xsequence/abi_0.16.0', 'message': 'no deps or dev-deps'}
{'statusCode': 0, 'package': '@0xsequence/abi_0.18.0', 'message': 'no deps or dev-deps'}
{'statusCode': 0, 'package': '@0xsequence/abi_0.19.0', 'message': 'no deps or dev-deps'}
{'statusCode': 0, 'package': '@0xsequence/abi_0.19.2', 'message': 'no deps or dev-deps'}
{'statusCode': 0, 'package': '@0xsequence/abi_0.19.3', 'message': 'no deps or dev-deps'}
{'statusCode': 0, 'package': '@0xsequence/abi_0.21.0', 'message': 'no deps or dev-deps'}
{'statusCode': 0, 'package': '@0xsequence/abi_0.21.2', 'message': 'no deps or dev-deps'}
{'statusCode': 0, 'package': '@0xsequence/abi_0.21.3', 'message': 'no deps or dev-deps'}
{'statusCode': 0, 'package': '@0xsequence/abi_0.21.4', 'message': 'no deps or dev-deps'}
{'statusCode': 0, 'package': '@0xsequence/abi_0.21.5', 'message': 'no deps or dev-deps'}
{'statusCode': 0, 'package': '@0xsequence/abi_0.22.0', 'message': 'no deps or dev-deps'}
{'statusCode': 0, 'package': '@0xsequence/abi_0.22.1', 'message': 'no deps or dev-deps'}
{'statusCode': 0, 'package': '@0xsequence/abi_0.22.2', 'message': 'no deps or dev-deps'}
{'statusCode': 0, 'package': '@0xsequence/abi_0.23.0', 'message': 'no deps or dev-deps'}
{'statusCode': 0, 'package': '@0xsequence/abi_0.25.0', 'message': 'no deps or dev-deps'}
{'statusCode': 0, 'package': '@0xsequence/abi_0.25.1', 'message': 'no deps or dev-deps'}
{'statusCode': 0, 'package': '@0xsequence/abi_0.27.0', 'message': 'no deps or dev-deps'}
{'statusCode': 0, 'package': '@0xsequence/abi_0.28.0', 'message': 'no deps or dev-deps'}
{'statusCode': 0, 'package': '@0xsequence/abi_0.0.0-202182516517', 'message': 'no deps or dev-deps'}
{'statusCode': 0, 'package': '@0xsequence/abi_0.0.0-202182517435', 'message': 'no deps or dev-deps'}
{'statusCode': 0, 'package': '@0xsequence/abi_0.0.0-2021827201516', 'message': 'no deps or dev-deps'}
{'statusCode': 0, 'package': '@0xsequence/abi_0.29.0', 'message': 'no deps or dev-deps'}
{'statusCode': 0, 'package': '@0xsequence/abi_0.29.8', 'message': 'no deps or dev-deps'}
{'statusCode': 0, 'package': '@0xsequence/abi_0.30.0', 'message': 'no deps or dev-deps'}
{'statusCode': 0, 'package': '@0xsequence/abi_0.31.0', 'message': 'no deps or dev-deps'}
{'statusCode': 0, 'package': '@0xsequence/abi_0.34.0', 'message': 'no deps or dev-deps'}
{'statusCode': 0, 'package': '@0xsequence/abi_0.35.0', 'message': 'no deps or dev-deps'}
{'statusCode': 0, 'package': '@0xsequence/abi_0.35.1', 'message': 'no deps or dev-deps'}
{'statusCode': 0, 'package': '@0xsequence/abi_0.35.2', 'message': 'no deps or dev-deps'}
{'statusCode': 0, 'package': '@0xsequence/abi_0.35.3', 'message': 'no deps or dev-deps'}
{'statusCode': 0, 'package': '@0xsequence/abi_0.35.4', 'message': 'no deps or dev-deps'}
{'statusCode': 0, 'package': '@0xsequence/abi_0.35.5', 'message': 'no deps or dev-deps'}
{'statusCode': 0, 'package': '@0xsequence/abi_0.35.6', 'message': 'no deps or dev-deps'}
{'statusCode': 0, 'package': '@0xsequence/abi_0.35.7', 'message': 'no deps or dev-deps'}
{'statusCode': 0, 'package': '@0xsequence/abi_0.35.8', 'message': 'no deps or dev-deps'}
{'statusCode': 0, 'package': '@0xsequence/abi_0.35.9', 'message': 'no deps or dev-deps'}
{'statusCode': 0, 'package': '@0xsequence/abi_0.35.10', 'message': 'no deps or dev-deps'}
{'statusCode': 0, 'package': '@0xsequence/abi_0.35.11', 'message': 'no deps or dev-deps'}
{'statusCode': 0, 'package': '@0xsequence/abi_0.35.12', 'message': 'no deps or dev-deps'}
{'statusCode': 0, 'package': '@0xsequence/abi_0.36.0', 'message': 'no deps or dev-deps'}
{'statusCode': 0, 'package': '@0xsequence/abi_0.36.1', 'message': 'no deps or dev-deps'}
{'statusCode': 0, 'package': '@0xsequence/abi_0.36.2', 'message': 'no deps or dev-deps'}
{'statusCode': 0, 'package': '@0xsequence/abi_0.36.3', 'message': 'no deps or dev-deps'}
{'statusCode': 0, 'package': '@0xsequence/abi_0.36.4', 'message': 'no deps or dev-deps'}
{'statusCode': 0, 'package': '@0xsequence/abi_0.36.5', 'message': 'no deps or dev-deps'}
{'statusCode': 0, 'package': '@0xsequence/abi_0.36.6', 'message': 'no deps or dev-deps'}
{'statusCode': 0, 'package': '@0xsequence/abi_0.36.7', 'message': 'no deps or dev-deps'}
{'statusCode': 0, 'package': '@0xsequence/abi_0.36.8', 'message': 'no deps or dev-deps'}
{'statusCode': 0, 'package': '@0xsequence/abi_0.36.9', 'message': 'no deps or dev-deps'}
{'statusCode': 0, 'package': '@0xsequence/abi_0.36.10', 'message': 'no deps or dev-deps'}
{'statusCode': 0, 'package': '@0xsequence/abi_0.0.0-20220418165517', 'message': 'no deps or dev-deps'}
{'statusCode': 0, 'package': '@0xsequence/abi_0.36.11', 'message': 'no deps or dev-deps'}
{'statusCode': 0, 'package': '@0xsequence/abi_0.0.0-20220425195445', 'message': 'no deps or dev-deps'}
{'statusCode': 0, 'package': '@0xsequence/abi_0.36.12', 'message': 'no deps or dev-deps'}
{'statusCode': 0, 'package': '@0xsequence/abi_0.0.0-20220427054350', 'message': 'no deps or dev-deps'}
{'statusCode': 0, 'package': '@0xsequence/abi_0.0.0-20220427055332', 'message': 'no deps or dev-deps'}
{'statusCode': 0, 'package': '@0xsequence/abi_0.0.0-20220427161307', 'message': 'no deps or dev-deps'}
{'statusCode': 0, 'package': '@0xsequence/abi_0.0.0-20220427162812', 'message': 'no deps or dev-deps'}
{'statusCode': 0, 'package': '@0xsequence/abi_0.36.13', 'message': 'no deps or dev-deps'}
{'statusCode': 0, 'package': '@0xsequence/abi_0.37.0', 'message': 'no deps or dev-deps'}
{'statusCode': 0, 'package': '@0xsequence/abi_0.37.1', 'message': 'no deps or dev-deps'}
{'statusCode': 0, 'package': '@0xsequence/abi_0.0.0-20220506174803', 'message': 'no deps or dev-deps'}
{'statusCode': 0, 'package': '@0xsequence/abi_0.0.0-20220506195001', 'message': 'no deps or dev-deps'}
{'statusCode': 0, 'package': '@0xsequence/abi_0.0.0-20220513134147', 'message': 'no deps or dev-deps'}
{'statusCode': 0, 'package': '@0xsequence/abi_0.38.0', 'message': 'no deps or dev-deps'}
{'statusCode': 0, 'package': '@0xsequence/abi_0.38.1', 'message': 'no deps or dev-deps'}
{'statusCode': 0, 'package': '@0xsequence/abi_0.38.2', 'message': 'no deps or dev-deps'}
{'statusCode': 0, 'package': '@0xsequence/abi_0.39.0', 'message': 'no deps or dev-deps'}
{'statusCode': 0, 'package': '@0xsequence/abi_0.0.0-20220519151110', 'message': 'no deps or dev-deps'}
{'statusCode': 0, 'package': '@0xsequence/abi_0.0.0-20220519202656', 'message': 'no deps or dev-deps'}
{'statusCode': 0, 'package': '@0xsequence/abi_0.0.0-20220601185217', 'message': 'no deps or dev-deps'}
{'statusCode': 0, 'package': '@0xsequence/abi_0.39.1', 'message': 'no deps or dev-deps'}
{'statusCode': 0, 'package': '@0xsequence/abi_0.39.2', 'message': 'no deps or dev-deps'}
{'statusCode': 0, 'package': '@0xsequence/abi_0.0.0-20220609204505', 'message': 'no deps or dev-deps'}
{'statusCode': 0, 'package': '@0xsequence/abi_0.0.0-20220610134843', 'message': 'no deps or dev-deps'}
{'statusCode': 0, 'package': '@0xsequence/abi_0.39.3', 'message': 'no deps or dev-deps'}
{'statusCode': 0, 'package': '@0xsequence/abi_0.0.0-20220614152529', 'message': 'no deps or dev-deps'}
{'statusCode': 0, 'package': '@0xsequence/abi_0.0.0-20220616121217', 'message': 'no deps or dev-deps'}
{'statusCode': 0, 'package': '@0xsequence/abi_0.39.4', 'message': 'no deps or dev-deps'}
{'statusCode': 0, 'package': '@0xsequence/abi_0.39.5', 'message': 'no deps or dev-deps'}
{'statusCode': 0, 'package': '@0xsequence/abi_0.39.6', 'message': 'no deps or dev-deps'}
{'statusCode': 0, 'package': '@0xsequence/abi_0.0.0-26b08ee9-20220629135033', 'message': 'no deps or dev-deps'}
{'statusCode': 0, 'package': '@0xsequence/abi_0.0.0-cdbb3137-20220630190630', 'message': 'no deps or dev-deps'}
{'statusCode': 0, 'package': '@0xsequence/abi_0.0.0-cdbb3137-20220630191603', 'message': 'no deps or dev-deps'}
{'statusCode': 0, 'package': '@0xsequence/abi_0.0.0-cdbb3137-20220630192830', 'message': 'no deps or dev-deps'}
{'statusCode': 0, 'package': '@0xsequence/abi_0.0.0-20220630194654', 'message': 'no deps or dev-deps'}
{'statusCode': 0, 'package': '@0xsequence/abi_0.0.0-20220630211555', 'message': 'no deps or dev-deps'}
{'statusCode': 0, 'package': '@0xsequence/abi_0.0.0-20220630215108', 'message': 'no deps or dev-deps'}
{'statusCode': 0, 'package': '@0xsequence/abi_0.0.0-20220703182449', 'message': 'no deps or dev-deps'}
{'statusCode': 0, 'package': '@0xsequence/abi_0.0.0-20220704043930', 'message': 'no deps or dev-deps'}
{'statusCode': 0, 'package': '@0xsequence/abi_0.0.0-20220706193010', 'message': 'no deps or dev-deps'}
{'statusCode': 0, 'package': '@0xsequence/abi_0.0.0-20220710174545', 'message': 'no deps or dev-deps'}
{'statusCode': 0, 'package': '@0xsequence/abi_0.0.0-coolcats-0.36.12-20220711222640', 'message': 'no deps or dev-deps'}
{'statusCode': 0, 'package': '@0xsequence/abi_0.40.0', 'message': 'no deps or dev-deps'}
{'statusCode': 0, 'package': '@0xsequence/abi_0.40.1', 'message': 'no deps or dev-deps'}
{'statusCode': 0, 'package': '@0xsequence/abi_0.0.0-20220713211319', 'message': 'no deps or dev-deps'}
{'statusCode': 0, 'package': '@0xsequence/abi_0.0.0-20220714164224', 'message': 'no deps or dev-deps'}
{'statusCode': 0, 'package': '@0xsequence/abi_0.40.2', 'message': 'no deps or dev-deps'}
{'statusCode': 0, 'package': '@0xsequence/abi_0.0.0-20220719173737', 'message': 'no deps or dev-deps'}
{'statusCode': 0, 'package': '@0xsequence/abi_0.0.0-20220722145329', 'message': 'no deps or dev-deps'}
{'statusCode': 0, 'package': '@0xsequence/abi_0.0.0-20220725200200', 'message': 'no deps or dev-deps'}
{'statusCode': 0, 'package': '@0xsequence/abi_0.40.3', 'message': 'no deps or dev-deps'}
{'statusCode': 0, 'package': '@0xsequence/abi_0.0.0-20220728141414', 'message': 'no deps or dev-deps'}
{'statusCode': 0, 'package': '@0xsequence/abi_0.40.4', 'message': 'no deps or dev-deps'}
{'statusCode': 0, 'package': '@0xsequence/abi_0.0.0-20220728215555', 'message': 'no deps or dev-deps'}
{'statusCode': 0, 'package': '@0xsequence/abi_0.40.5', 'message': 'no deps or dev-deps'}
{'statusCode': 0, 'package': '@0xsequence/abi_0.0.0-20220804202525', 'message': 'no deps or dev-deps'}
{'statusCode': 0, 'package': '@0xsequence/abi_0.40.6', 'message': 'no deps or dev-deps'}
{'statusCode': 0, 'package': '@0xsequence/abi_0.0.0-20220825181818', 'message': 'no deps or dev-deps'}
{'statusCode': 0, 'package': '@0xsequence/abi_0.0.0-20220825190100', 'message': 'no deps or dev-deps'}
{'statusCode': 0, 'package': '@0xsequence/abi_0.41.0', 'message': 'no deps or dev-deps'}
{'statusCode': 0, 'package': '@0xsequence/abi_0.41.1', 'message': 'no deps or dev-deps'}
{'statusCode': 0, 'package': '@0xsequence/abi_0.41.2', 'message': 'no deps or dev-deps'}
{'statusCode': 0, 'package': '@0xsequence/abi_0.41.3', 'message': 'no deps or dev-deps'}
{'statusCode': 0, 'package': '@0xsequence/abi_0.42.0', 'message': 'no deps or dev-deps'}
{'statusCode': 0, 'package': '@0xsequence/abi_0.42.1', 'message': 'no deps or dev-deps'}
{'statusCode': 0, 'package': '@0xsequence/abi_0.42.2', 'message': 'no deps or dev-deps'}
{'statusCode': 0, 'package': '@0xsequence/abi_0.42.3', 'message': 'no deps or dev-deps'}
{'statusCode': 0, 'package': '@0xsequence/abi_0.42.4', 'message': 'no deps or dev-deps'}
{'statusCode': 0, 'package': '@0xsequence/abi_0.42.5', 'message': 'no deps or dev-deps'}
{'statusCode': 0, 'package': '@0xsequence/abi_0.42.6', 'message': 'no deps or dev-deps'}
{'statusCode': 0, 'package': '@0xsequence/abi_0.42.7', 'message': 'no deps or dev-deps'}
{'statusCode': 0, 'package': '@0xsequence/abi_0.42.8', 'message': 'no deps or dev-deps'}
{'statusCode': 0, 'package': '@0xsequence/abi_0.42.9', 'message': 'no deps or dev-deps'}
{'statusCode': 0, 'package': '@0xsequence/abi_0.42.10', 'message': 'no deps or dev-deps'}
{'statusCode': 0, 'package': '@0xsequence/abi_0.43.0', 'message': 'no deps or dev-deps'}
{'statusCode': 0, 'package': '@0xsequence/abi_0.43.1', 'message': 'no deps or dev-deps'}
{'statusCode': 0, 'package': '@0xsequence/abi_0.43.2', 'message': 'no deps or dev-deps'}
{'statusCode': 0, 'package': '@0xsequence/abi_0.43.3', 'message': 'no deps or dev-deps'}
{'statusCode': 0, 'package': '@0xsequence/abi_0.0.0-20221124173317', 'message': 'no deps or dev-deps'}
{'statusCode': 0, 'package': '@0xsequence/abi_0.43.4', 'message': 'no deps or dev-deps'}
{'statusCode': 0, 'package': '@0xsequence/abi_0.43.5', 'message': 'no deps or dev-deps'}
{'statusCode': 0, 'package': '@0xsequence/abi_0.43.6', 'message': 'no deps or dev-deps'}
{'statusCode': 0, 'package': '@0xsequence/abi_0.43.7', 'message': 'no deps or dev-deps'}
{'statusCode': 0, 'package': '@0xsequence/abi_0.7.0', 'message': 'no deps or dev-deps'}
{'statusCode': 0, 'package': '@0xsequence/abi_0.8.0', 'message': 'no deps or dev-deps'}
{'statusCode': 0, 'package': '@0xsequence/abi_0.8.1', 'message': 'no deps or dev-deps'}
{'statusCode': 0, 'package': '@0xsequence/abi_0.8.2', 'message': 'no deps or dev-deps'}
{'statusCode': 0, 'package': '@0xsequence/abi_0.8.3', 'message': 'no deps or dev-deps'}
{'statusCode': 0, 'package': '@0xsequence/abi_0.8.4', 'message': 'no deps or dev-deps'}
{'statusCode': 0, 'package': '@0xsequence/abi_0.8.5', 'message': 'no deps or dev-deps'}
{'statusCode': 0, 'package': '@0xsequence/abi_0.9.1', 'message': 'no deps or dev-deps'}
{'statusCode': 0, 'package': '@0xsequence/abi_0.9.3', 'message': 'no deps or dev-deps'}
{'statusCode': 0, 'package': '@0xsequence/abi_0.9.6', 'message': 'no deps or dev-deps'}
{'statusCode': 0, 'package': '@0xsequence/abi_0.10.0', 'message': 'no deps or dev-deps'}
{'statusCode': 0, 'package': '@0xsequence/abi_0.10.1', 'message': 'no deps or dev-deps'}
{'statusCode': 0, 'package': '@0xsequence/abi_0.10.2', 'message': 'no deps or dev-deps'}
{'statusCode': 0, 'package': '@0xsequence/abi_0.10.3', 'message': 'no deps or dev-deps'}
{'statusCode': 0, 'package': '@0xsequence/abi_0.10.4', 'message': 'no deps or dev-deps'}
{'statusCode': 0, 'package': '@0xsequence/abi_0.10.5', 'message': 'no deps or dev-deps'}
{'statusCode': 0, 'package': '@0xsequence/abi_0.10.6', 'message': 'no deps or dev-deps'}
{'statusCode': 0, 'package': '@0xsequence/abi_0.10.7', 'message': 'no deps or dev-deps'}
{'statusCode': 0, 'package': '@0xsequence/abi_0.10.8', 'message': 'no deps or dev-deps'}
{'statusCode': 0, 'package': '@0xsequence/abi_0.10.9', 'message': 'no deps or dev-deps'}
{'statusCode': 0, 'package': '@0xsequence/abi_0.11.0', 'message': 'no deps or dev-deps'}
{'statusCode': 0, 'package': '@0xsequence/abi_0.11.1', 'message': 'no deps or dev-deps'}
{'statusCode': 0, 'package': '@0xsequence/abi_0.11.2', 'message': 'no deps or dev-deps'}
{'statusCode': 0, 'package': '@0xsequence/abi_0.11.3', 'message': 'no deps or dev-deps'}
{'statusCode': 0, 'package': '@0xsequence/abi_0.11.4', 'message': 'no deps or dev-deps'}
{'statusCode': 0, 'package': '@0xsequence/abi_0.12.0', 'message': 'no deps or dev-deps'}
{'statusCode': 0, 'package': '@0xsequence/abi_0.12.1', 'message': 'no deps or dev-deps'}
{'statusCode': 0, 'package': '@0xsequence/abi_0.13.0', 'message': 'no deps or dev-deps'}
{'statusCode': 0, 'package': '@0xsequence/abi_0.14.0', 'message': 'no deps or dev-deps'}
{'statusCode': 0, 'package': '@0xsequence/abi_0.14.3', 'message': 'no deps or dev-deps'}
{'statusCode': 0, 'package': '@0xsequence/abi_0.15.1', 'message': 'no deps or dev-deps'}
{'statusCode': 0, 'package': '@0xsequence/abi_0.16.0', 'message': 'no deps or dev-deps'}
{'statusCode': 0, 'package': '@0xsequence/abi_0.18.0', 'message': 'no deps or dev-deps'}
{'statusCode': 0, 'package': '@0xsequence/abi_0.19.0', 'message': 'no deps or dev-deps'}
{'statusCode': 0, 'package': '@0xsequence/abi_0.19.2', 'message': 'no deps or dev-deps'}
{'statusCode': 0, 'package': '@0xsequence/abi_0.19.3', 'message': 'no deps or dev-deps'}
{'statusCode': 0, 'package': '@0xsequence/abi_0.21.0', 'message': 'no deps or dev-deps'}
{'statusCode': 0, 'package': '@0xsequence/abi_0.21.2', 'message': 'no deps or dev-deps'}
{'statusCode': 0, 'package': '@0xsequence/abi_0.21.3', 'message': 'no deps or dev-deps'}
{'statusCode': 0, 'package': '@0xsequence/abi_0.21.4', 'message': 'no deps or dev-deps'}
{'statusCode': 0, 'package': '@0xsequence/abi_0.21.5', 'message': 'no deps or dev-deps'}
{'statusCode': 0, 'package': '@0xsequence/abi_0.22.0', 'message': 'no deps or dev-deps'}
{'statusCode': 0, 'package': '@0xsequence/abi_0.22.1', 'message': 'no deps or dev-deps'}
{'statusCode': 0, 'package': '@0xsequence/abi_0.22.2', 'message': 'no deps or dev-deps'}
{'statusCode': 0, 'package': '@0xsequence/abi_0.23.0', 'message': 'no deps or dev-deps'}
{'statusCode': 0, 'package': '@0xsequence/abi_0.25.0', 'message': 'no deps or dev-deps'}
{'statusCode': 0, 'package': '@0xsequence/abi_0.25.1', 'message': 'no deps or dev-deps'}
{'statusCode': 0, 'package': '@0xsequence/abi_0.27.0', 'message': 'no deps or dev-deps'}
{'statusCode': 0, 'package': '@0xsequence/abi_0.28.0', 'message': 'no deps or dev-deps'}
{'statusCode': 0, 'package': '@0xsequence/abi_0.0.0-202182516517', 'message': 'no deps or dev-deps'}
{'statusCode': 0, 'package': '@0xsequence/abi_0.0.0-202182517435', 'message': 'no deps or dev-deps'}
{'statusCode': 0, 'package': '@0xsequence/abi_0.0.0-2021827201516', 'message': 'no deps or dev-deps'}
{'statusCode': 0, 'package': '@0xsequence/abi_0.29.0', 'message': 'no deps or dev-deps'}
{'statusCode': 0, 'package': '@0xsequence/abi_0.29.8', 'message': 'no deps or dev-deps'}
{'statusCode': 0, 'package': '@0xsequence/abi_0.30.0', 'message': 'no deps or dev-deps'}
{'statusCode': 0, 'package': '@0xsequence/abi_0.31.0', 'message': 'no deps or dev-deps'}
{'statusCode': 0, 'package': '@0xsequence/abi_0.34.0', 'message': 'no deps or dev-deps'}
{'statusCode': 0, 'package': '@0xsequence/abi_0.35.0', 'message': 'no deps or dev-deps'}
{'statusCode': 0, 'package': '@0xsequence/abi_0.35.1', 'message': 'no deps or dev-deps'}
{'statusCode': 0, 'package': '@0xsequence/abi_0.35.2', 'message': 'no deps or dev-deps'}
{'statusCode': 0, 'package': '@0xsequence/abi_0.35.3', 'message': 'no deps or dev-deps'}
{'statusCode': 0, 'package': '@0xsequence/abi_0.35.4', 'message': 'no deps or dev-deps'}
{'statusCode': 0, 'package': '@0xsequence/abi_0.35.5', 'message': 'no deps or dev-deps'}
{'statusCode': 0, 'package': '@0xsequence/abi_0.35.6', 'message': 'no deps or dev-deps'}
{'statusCode': 0, 'package': '@0xsequence/abi_0.35.7', 'message': 'no deps or dev-deps'}
{'statusCode': 0, 'package': '@0xsequence/abi_0.35.8', 'message': 'no deps or dev-deps'}
{'statusCode': 0, 'package': '@0xsequence/abi_0.35.9', 'message': 'no deps or dev-deps'}
{'statusCode': 0, 'package': '@0xsequence/abi_0.35.10', 'message': 'no deps or dev-deps'}
{'statusCode': 0, 'package': '@0xsequence/abi_0.35.11', 'message': 'no deps or dev-deps'}
{'statusCode': 0, 'package': '@0xsequence/abi_0.35.12', 'message': 'no deps or dev-deps'}
{'statusCode': 0, 'package': '@0xsequence/abi_0.36.0', 'message': 'no deps or dev-deps'}
{'statusCode': 0, 'package': '@0xsequence/abi_0.36.1', 'message': 'no deps or dev-deps'}
{'statusCode': 0, 'package': '@0xsequence/abi_0.36.2', 'message': 'no deps or dev-deps'}
{'statusCode': 0, 'package': '@0xsequence/abi_0.36.3', 'message': 'no deps or dev-deps'}
{'statusCode': 0, 'package': '@0xsequence/abi_0.36.4', 'message': 'no deps or dev-deps'}
{'statusCode': 0, 'package': '@0xsequence/abi_0.36.5', 'message': 'no deps or dev-deps'}
{'statusCode': 0, 'package': '@0xsequence/abi_0.36.6', 'message': 'no deps or dev-deps'}
{'statusCode': 0, 'package': '@0xsequence/abi_0.36.7', 'message': 'no deps or dev-deps'}
{'statusCode': 0, 'package': '@0xsequence/abi_0.36.8', 'message': 'no deps or dev-deps'}
{'statusCode': 0, 'package': '@0xsequence/abi_0.36.9', 'message': 'no deps or dev-deps'}
{'statusCode': 0, 'package': '@0xsequence/abi_0.36.10', 'message': 'no deps or dev-deps'}
{'statusCode': 0, 'package': '@0xsequence/abi_0.0.0-20220418165517', 'message': 'no deps or dev-deps'}
{'statusCode': 0, 'package': '@0xsequence/abi_0.36.11', 'message': 'no deps or dev-deps'}
{'statusCode': 0, 'package': '@0xsequence/abi_0.0.0-20220425195445', 'message': 'no deps or dev-deps'}
{'statusCode': 0, 'package': '@0xsequence/abi_0.36.12', 'message': 'no deps or dev-deps'}
{'statusCode': 0, 'package': '@0xsequence/abi_0.0.0-20220427054350', 'message': 'no deps or dev-deps'}
{'statusCode': 0, 'package': '@0xsequence/abi_0.0.0-20220427055332', 'message': 'no deps or dev-deps'}
{'statusCode': 0, 'package': '@0xsequence/abi_0.0.0-20220427161307', 'message': 'no deps or dev-deps'}
{'statusCode': 0, 'package': '@0xsequence/abi_0.0.0-20220427162812', 'message': 'no deps or dev-deps'}
{'statusCode': 0, 'package': '@0xsequence/abi_0.36.13', 'message': 'no deps or dev-deps'}
{'statusCode': 0, 'package': '@0xsequence/abi_0.37.0', 'message': 'no deps or dev-deps'}
{'statusCode': 0, 'package': '@0xsequence/abi_0.37.1', 'message': 'no deps or dev-deps'}
{'statusCode': 0, 'package': '@0xsequence/abi_0.0.0-20220506174803', 'message': 'no deps or dev-deps'}
{'statusCode': 0, 'package': '@0xsequence/abi_0.0.0-20220506195001', 'message': 'no deps or dev-deps'}
{'statusCode': 0, 'package': '@0xsequence/abi_0.0.0-20220513134147', 'message': 'no deps or dev-deps'}
{'statusCode': 0, 'package': '@0xsequence/abi_0.38.0', 'message': 'no deps or dev-deps'}
{'statusCode': 0, 'package': '@0xsequence/abi_0.38.1', 'message': 'no deps or dev-deps'}
{'statusCode': 0, 'package': '@0xsequence/abi_0.38.2', 'message': 'no deps or dev-deps'}
{'statusCode': 0, 'package': '@0xsequence/abi_0.39.0', 'message': 'no deps or dev-deps'}
{'statusCode': 0, 'package': '@0xsequence/abi_0.0.0-20220519151110', 'message': 'no deps or dev-deps'}
{'statusCode': 0, 'package': '@0xsequence/abi_0.0.0-20220519202656', 'message': 'no deps or dev-deps'}
{'statusCode': 0, 'package': '@0xsequence/abi_0.0.0-20220601185217', 'message': 'no deps or dev-deps'}
{'statusCode': 0, 'package': '@0xsequence/abi_0.39.1', 'message': 'no deps or dev-deps'}
{'statusCode': 0, 'package': '@0xsequence/abi_0.39.2', 'message': 'no deps or dev-deps'}
{'statusCode': 0, 'package': '@0xsequence/abi_0.0.0-20220609204505', 'message': 'no deps or dev-deps'}
{'statusCode': 0, 'package': '@0xsequence/abi_0.0.0-20220610134843', 'message': 'no deps or dev-deps'}
{'statusCode': 0, 'package': '@0xsequence/abi_0.39.3', 'message': 'no deps or dev-deps'}
{'statusCode': 0, 'package': '@0xsequence/abi_0.0.0-20220614152529', 'message': 'no deps or dev-deps'}
{'statusCode': 0, 'package': '@0xsequence/abi_0.0.0-20220616121217', 'message': 'no deps or dev-deps'}
{'statusCode': 0, 'package': '@0xsequence/abi_0.39.4', 'message': 'no deps or dev-deps'}
{'statusCode': 0, 'package': '@0xsequence/abi_0.39.5', 'message': 'no deps or dev-deps'}
{'statusCode': 0, 'package': '@0xsequence/abi_0.39.6', 'message': 'no deps or dev-deps'}
{'statusCode': 0, 'package': '@0xsequence/abi_0.0.0-26b08ee9-20220629135033', 'message': 'no deps or dev-deps'}
{'statusCode': 0, 'package': '@0xsequence/abi_0.0.0-cdbb3137-20220630190630', 'message': 'no deps or dev-deps'}
{'statusCode': 0, 'package': '@0xsequence/abi_0.0.0-cdbb3137-20220630191603', 'message': 'no deps or dev-deps'}
{'statusCode': 0, 'package': '@0xsequence/abi_0.0.0-cdbb3137-20220630192830', 'message': 'no deps or dev-deps'}
{'statusCode': 0, 'package': '@0xsequence/abi_0.0.0-20220630194654', 'message': 'no deps or dev-deps'}
{'statusCode': 0, 'package': '@0xsequence/abi_0.0.0-20220630211555', 'message': 'no deps or dev-deps'}
{'statusCode': 0, 'package': '@0xsequence/abi_0.0.0-20220630215108', 'message': 'no deps or dev-deps'}
{'statusCode': 0, 'package': '@0xsequence/abi_0.0.0-20220703182449', 'message': 'no deps or dev-deps'}
{'statusCode': 0, 'package': '@0xsequence/abi_0.0.0-20220704043930', 'message': 'no deps or dev-deps'}
{'statusCode': 0, 'package': '@0xsequence/abi_0.0.0-20220706193010', 'message': 'no deps or dev-deps'}
{'statusCode': 0, 'package': '@0xsequence/abi_0.0.0-20220710174545', 'message': 'no deps or dev-deps'}
{'statusCode': 0, 'package': '@0xsequence/abi_0.0.0-coolcats-0.36.12-20220711222640', 'message': 'no deps or dev-deps'}
{'statusCode': 0, 'package': '@0xsequence/abi_0.40.0', 'message': 'no deps or dev-deps'}
{'statusCode': 0, 'package': '@0xsequence/abi_0.40.1', 'message': 'no deps or dev-deps'}
{'statusCode': 0, 'package': '@0xsequence/abi_0.0.0-20220713211319', 'message': 'no deps or dev-deps'}
{'statusCode': 0, 'package': '@0xsequence/abi_0.0.0-20220714164224', 'message': 'no deps or dev-deps'}
{'statusCode': 0, 'package': '@0xsequence/abi_0.40.2', 'message': 'no deps or dev-deps'}
{'statusCode': 0, 'package': '@0xsequence/abi_0.0.0-20220719173737', 'message': 'no deps or dev-deps'}
{'statusCode': 0, 'package': '@0xsequence/abi_0.0.0-20220722145329', 'message': 'no deps or dev-deps'}
{'statusCode': 0, 'package': '@0xsequence/abi_0.0.0-20220725200200', 'message': 'no deps or dev-deps'}
{'statusCode': 0, 'package': '@0xsequence/abi_0.40.3', 'message': 'no deps or dev-deps'}
{'statusCode': 0, 'package': '@0xsequence/abi_0.0.0-20220728141414', 'message': 'no deps or dev-deps'}
{'statusCode': 0, 'package': '@0xsequence/abi_0.40.4', 'message': 'no deps or dev-deps'}
{'statusCode': 0, 'package': '@0xsequence/abi_0.0.0-20220728215555', 'message': 'no deps or dev-deps'}
{'statusCode': 0, 'package': '@0xsequence/abi_0.40.5', 'message': 'no deps or dev-deps'}
{'statusCode': 0, 'package': '@0xsequence/abi_0.0.0-20220804202525', 'message': 'no deps or dev-deps'}
{'statusCode': 0, 'package': '@0xsequence/abi_0.40.6', 'message': 'no deps or dev-deps'}
{'statusCode': 0, 'package': '@0xsequence/abi_0.0.0-20220825181818', 'message': 'no deps or dev-deps'}
{'statusCode': 0, 'package': '@0xsequence/abi_0.0.0-20220825190100', 'message': 'no deps or dev-deps'}
{'statusCode': 0, 'package': '@0xsequence/abi_0.41.0', 'message': 'no deps or dev-deps'}
{'statusCode': 0, 'package': '@0xsequence/abi_0.41.1', 'message': 'no deps or dev-deps'}
{'statusCode': 0, 'package': '@0xsequence/abi_0.41.2', 'message': 'no deps or dev-deps'}
{'statusCode': 0, 'package': '@0xsequence/abi_0.41.3', 'message': 'no deps or dev-deps'}
{'statusCode': 0, 'package': '@0xsequence/abi_0.42.0', 'message': 'no deps or dev-deps'}
{'statusCode': 0, 'package': '@0xsequence/abi_0.42.1', 'message': 'no deps or dev-deps'}
{'statusCode': 0, 'package': '@0xsequence/abi_0.42.2', 'message': 'no deps or dev-deps'}
{'statusCode': 0, 'package': '@0xsequence/abi_0.42.3', 'message': 'no deps or dev-deps'}
{'statusCode': 0, 'package': '@0xsequence/abi_0.42.4', 'message': 'no deps or dev-deps'}
{'statusCode': 0, 'package': '@0xsequence/abi_0.42.5', 'message': 'no deps or dev-deps'}
{'statusCode': 0, 'package': '@0xsequence/abi_0.42.6', 'message': 'no deps or dev-deps'}
{'statusCode': 0, 'package': '@0xsequence/abi_0.42.7', 'message': 'no deps or dev-deps'}
{'statusCode': 0, 'package': '@0xsequence/abi_0.42.8', 'message': 'no deps or dev-deps'}
{'statusCode': 0, 'package': '@0xsequence/abi_0.42.9', 'message': 'no deps or dev-deps'}
{'statusCode': 0, 'package': '@0xsequence/abi_0.42.10', 'message': 'no deps or dev-deps'}
{'statusCode': 0, 'package': '@0xsequence/abi_0.43.0', 'message': 'no deps or dev-deps'}
{'statusCode': 0, 'package': '@0xsequence/abi_0.43.1', 'message': 'no deps or dev-deps'}
{'statusCode': 0, 'package': '@0xsequence/abi_0.43.2', 'message': 'no deps or dev-deps'}
{'statusCode': 0, 'package': '@0xsequence/abi_0.43.3', 'message': 'no deps or dev-deps'}
{'statusCode': 0, 'package': '@0xsequence/abi_0.0.0-20221124173317', 'message': 'no deps or dev-deps'}
{'statusCode': 0, 'package': '@0xsequence/abi_0.43.4', 'message': 'no deps or dev-deps'}
{'statusCode': 0, 'package': '@0xsequence/abi_0.43.5', 'message': 'no deps or dev-deps'}
{'statusCode': 0, 'package': '@0xsequence/abi_0.43.6', 'message': 'no deps or dev-deps'}
{'statusCode': 0, 'package': '@0xsequence/abi_0.43.7', 'message': 'no deps or dev-deps'}
{'statusCode': 0, 'package': '@0xsequence/abi_0.7.0', 'message': 'no deps or dev-deps'}
{'statusCode': 0, 'package': '@0xsequence/abi_0.8.0', 'message': 'no deps or dev-deps'}
{'statusCode': 0, 'package': '@0xsequence/abi_0.8.1', 'message': 'no deps or dev-deps'}
{'statusCode': 0, 'package': '@0xsequence/abi_0.8.2', 'message': 'no deps or dev-deps'}
{'statusCode': 0, 'package': '@0xsequence/abi_0.8.3', 'message': 'no deps or dev-deps'}
{'statusCode': 0, 'package': '@0xsequence/abi_0.8.4', 'message': 'no deps or dev-deps'}
{'statusCode': 0, 'package': '@0xsequence/abi_0.8.5', 'message': 'no deps or dev-deps'}
{'statusCode': 0, 'package': '@0xsequence/abi_0.9.1', 'message': 'no deps or dev-deps'}
{'statusCode': 0, 'package': '@0xsequence/abi_0.9.3', 'message': 'no deps or dev-deps'}
{'statusCode': 0, 'package': '@0xsequence/abi_0.9.6', 'message': 'no deps or dev-deps'}
{'statusCode': 0, 'package': '@0xsequence/abi_0.10.0', 'message': 'no deps or dev-deps'}
{'statusCode': 0, 'package': '@0xsequence/abi_0.10.1', 'message': 'no deps or dev-deps'}
{'statusCode': 0, 'package': '@0xsequence/abi_0.10.2', 'message': 'no deps or dev-deps'}
{'statusCode': 0, 'package': '@0xsequence/abi_0.10.3', 'message': 'no deps or dev-deps'}
{'statusCode': 0, 'package': '@0xsequence/abi_0.10.4', 'message': 'no deps or dev-deps'}
{'statusCode': 0, 'package': '@0xsequence/abi_0.10.5', 'message': 'no deps or dev-deps'}
{'statusCode': 0, 'package': '@0xsequence/abi_0.10.6', 'message': 'no deps or dev-deps'}
{'statusCode': 0, 'package': '@0xsequence/abi_0.10.7', 'message': 'no deps or dev-deps'}
{'statusCode': 0, 'package': '@0xsequence/abi_0.10.8', 'message': 'no deps or dev-deps'}
{'statusCode': 0, 'package': '@0xsequence/abi_0.10.9', 'message': 'no deps or dev-deps'}
{'statusCode': 0, 'package': '@0xsequence/abi_0.11.0', 'message': 'no deps or dev-deps'}
{'statusCode': 0, 'package': '@0xsequence/abi_0.11.1', 'message': 'no deps or dev-deps'}
{'statusCode': 0, 'package': '@0xsequence/abi_0.11.2', 'message': 'no deps or dev-deps'}
{'statusCode': 0, 'package': '@0xsequence/abi_0.11.3', 'message': 'no deps or dev-deps'}
{'statusCode': 0, 'package': '@0xsequence/abi_0.11.4', 'message': 'no deps or dev-deps'}
{'statusCode': 0, 'package': '@0xsequence/abi_0.12.0', 'message': 'no deps or dev-deps'}
{'statusCode': 0, 'package': '@0xsequence/abi_0.12.1', 'message': 'no deps or dev-deps'}
{'statusCode': 0, 'package': '@0xsequence/abi_0.13.0', 'message': 'no deps or dev-deps'}
{'statusCode': 0, 'package': '@0xsequence/abi_0.14.0', 'message': 'no deps or dev-deps'}
{'statusCode': 0, 'package': '@0xsequence/abi_0.14.3', 'message': 'no deps or dev-deps'}
{'statusCode': 0, 'package': '@0xsequence/abi_0.15.1', 'message': 'no deps or dev-deps'}
{'statusCode': 0, 'package': '@0xsequence/abi_0.16.0', 'message': 'no deps or dev-deps'}
{'statusCode': 0, 'package': '@0xsequence/abi_0.18.0', 'message': 'no deps or dev-deps'}
{'statusCode': 0, 'package': '@0xsequence/abi_0.19.0', 'message': 'no deps or dev-deps'}
{'statusCode': 0, 'package': '@0xsequence/abi_0.19.2', 'message': 'no deps or dev-deps'}
{'statusCode': 0, 'package': '@0xsequence/abi_0.19.3', 'message': 'no deps or dev-deps'}
{'statusCode': 0, 'package': '@0xsequence/abi_0.21.0', 'message': 'no deps or dev-deps'}
{'statusCode': 0, 'package': '@0xsequence/abi_0.21.2', 'message': 'no deps or dev-deps'}
{'statusCode': 0, 'package': '@0xsequence/abi_0.21.3', 'message': 'no deps or dev-deps'}
{'statusCode': 0, 'package': '@0xsequence/abi_0.21.4', 'message': 'no deps or dev-deps'}
{'statusCode': 0, 'package': '@0xsequence/abi_0.21.5', 'message': 'no deps or dev-deps'}
{'statusCode': 0, 'package': '@0xsequence/abi_0.22.0', 'message': 'no deps or dev-deps'}
{'statusCode': 0, 'package': '@0xsequence/abi_0.22.1', 'message': 'no deps or dev-deps'}
{'statusCode': 0, 'package': '@0xsequence/abi_0.22.2', 'message': 'no deps or dev-deps'}
{'statusCode': 0, 'package': '@0xsequence/abi_0.23.0', 'message': 'no deps or dev-deps'}
{'statusCode': 0, 'package': '@0xsequence/abi_0.25.0', 'message': 'no deps or dev-deps'}
{'statusCode': 0, 'package': '@0xsequence/abi_0.25.1', 'message': 'no deps or dev-deps'}
{'statusCode': 0, 'package': '@0xsequence/abi_0.27.0', 'message': 'no deps or dev-deps'}
{'statusCode': 0, 'package': '@0xsequence/abi_0.28.0', 'message': 'no deps or dev-deps'}
{'statusCode': 0, 'package': '@0xsequence/abi_0.0.0-202182516517', 'message': 'no deps or dev-deps'}
{'statusCode': 0, 'package': '@0xsequence/abi_0.0.0-202182517435', 'message': 'no deps or dev-deps'}
{'statusCode': 0, 'package': '@0xsequence/abi_0.0.0-2021827201516', 'message': 'no deps or dev-deps'}
{'statusCode': 0, 'package': '@0xsequence/abi_0.29.0', 'message': 'no deps or dev-deps'}
{'statusCode': 0, 'package': '@0xsequence/abi_0.29.8', 'message': 'no deps or dev-deps'}
{'statusCode': 0, 'package': '@0xsequence/abi_0.30.0', 'message': 'no deps or dev-deps'}
{'statusCode': 0, 'package': '@0xsequence/abi_0.31.0', 'message': 'no deps or dev-deps'}
{'statusCode': 0, 'package': '@0xsequence/abi_0.34.0', 'message': 'no deps or dev-deps'}
{'statusCode': 0, 'package': '@0xsequence/abi_0.35.0', 'message': 'no deps or dev-deps'}
{'statusCode': 0, 'package': '@0xsequence/abi_0.35.1', 'message': 'no deps or dev-deps'}
{'statusCode': 0, 'package': '@0xsequence/abi_0.35.2', 'message': 'no deps or dev-deps'}
{'statusCode': 0, 'package': '@0xsequence/abi_0.35.3', 'message': 'no deps or dev-deps'}
{'statusCode': 0, 'package': '@0xsequence/abi_0.35.4', 'message': 'no deps or dev-deps'}
{'statusCode': 0, 'package': '@0xsequence/abi_0.35.5', 'message': 'no deps or dev-deps'}
{'statusCode': 0, 'package': '@0xsequence/abi_0.35.6', 'message': 'no deps or dev-deps'}
{'statusCode': 0, 'package': '@0xsequence/abi_0.35.7', 'message': 'no deps or dev-deps'}
{'statusCode': 0, 'package': '@0xsequence/abi_0.35.8', 'message': 'no deps or dev-deps'}
{'statusCode': 0, 'package': '@0xsequence/abi_0.35.9', 'message': 'no deps or dev-deps'}
{'statusCode': 0, 'package': '@0xsequence/abi_0.35.10', 'message': 'no deps or dev-deps'}
{'statusCode': 0, 'package': '@0xsequence/abi_0.35.11', 'message': 'no deps or dev-deps'}
{'statusCode': 0, 'package': '@0xsequence/abi_0.35.12', 'message': 'no deps or dev-deps'}
{'statusCode': 0, 'package': '@0xsequence/abi_0.36.0', 'message': 'no deps or dev-deps'}
{'statusCode': 0, 'package': '@0xsequence/abi_0.36.1', 'message': 'no deps or dev-deps'}
{'statusCode': 0, 'package': '@0xsequence/abi_0.36.2', 'message': 'no deps or dev-deps'}
{'statusCode': 0, 'package': '@0xsequence/abi_0.36.3', 'message': 'no deps or dev-deps'}
{'statusCode': 0, 'package': '@0xsequence/abi_0.36.4', 'message': 'no deps or dev-deps'}
{'statusCode': 0, 'package': '@0xsequence/abi_0.36.5', 'message': 'no deps or dev-deps'}
{'statusCode': 0, 'package': '@0xsequence/abi_0.36.6', 'message': 'no deps or dev-deps'}
{'statusCode': 0, 'package': '@0xsequence/abi_0.36.7', 'message': 'no deps or dev-deps'}
{'statusCode': 0, 'package': '@0xsequence/abi_0.36.8', 'message': 'no deps or dev-deps'}
{'statusCode': 0, 'package': '@0xsequence/abi_0.36.9', 'message': 'no deps or dev-deps'}
{'statusCode': 0, 'package': '@0xsequence/abi_0.36.10', 'message': 'no deps or dev-deps'}
{'statusCode': 0, 'package': '@0xsequence/abi_0.0.0-20220418165517', 'message': 'no deps or dev-deps'}
{'statusCode': 0, 'package': '@0xsequence/abi_0.36.11', 'message': 'no deps or dev-deps'}
{'statusCode': 0, 'package': '@0xsequence/abi_0.0.0-20220425195445', 'message': 'no deps or dev-deps'}
{'statusCode': 0, 'package': '@0xsequence/abi_0.36.12', 'message': 'no deps or dev-deps'}
{'statusCode': 0, 'package': '@0xsequence/abi_0.0.0-20220427054350', 'message': 'no deps or dev-deps'}
{'statusCode': 0, 'package': '@0xsequence/abi_0.0.0-20220427055332', 'message': 'no deps or dev-deps'}
{'statusCode': 0, 'package': '@0xsequence/abi_0.0.0-20220427161307', 'message': 'no deps or dev-deps'}
{'statusCode': 0, 'package': '@0xsequence/abi_0.0.0-20220427162812', 'message': 'no deps or dev-deps'}
{'statusCode': 0, 'package': '@0xsequence/abi_0.36.13', 'message': 'no deps or dev-deps'}
{'statusCode': 0, 'package': '@0xsequence/abi_0.37.0', 'message': 'no deps or dev-deps'}
{'statusCode': 0, 'package': '@0xsequence/abi_0.37.1', 'message': 'no deps or dev-deps'}
{'statusCode': 0, 'package': '@0xsequence/abi_0.0.0-20220506174803', 'message': 'no deps or dev-deps'}
{'statusCode': 0, 'package': '@0xsequence/abi_0.0.0-20220506195001', 'message': 'no deps or dev-deps'}
{'statusCode': 0, 'package': '@0xsequence/abi_0.0.0-20220513134147', 'message': 'no deps or dev-deps'}
{'statusCode': 0, 'package': '@0xsequence/abi_0.38.0', 'message': 'no deps or dev-deps'}
{'statusCode': 0, 'package': '@0xsequence/abi_0.38.1', 'message': 'no deps or dev-deps'}
{'statusCode': 0, 'package': '@0xsequence/abi_0.38.2', 'message': 'no deps or dev-deps'}
{'statusCode': 0, 'package': '@0xsequence/abi_0.39.0', 'message': 'no deps or dev-deps'}
{'statusCode': 0, 'package': '@0xsequence/abi_0.0.0-20220519151110', 'message': 'no deps or dev-deps'}
{'statusCode': 0, 'package': '@0xsequence/abi_0.0.0-20220519202656', 'message': 'no deps or dev-deps'}
{'statusCode': 0, 'package': '@0xsequence/abi_0.0.0-20220601185217', 'message': 'no deps or dev-deps'}
{'statusCode': 0, 'package': '@0xsequence/abi_0.39.1', 'message': 'no deps or dev-deps'}
{'statusCode': 0, 'package': '@0xsequence/abi_0.39.2', 'message': 'no deps or dev-deps'}
{'statusCode': 0, 'package': '@0xsequence/abi_0.0.0-20220609204505', 'message': 'no deps or dev-deps'}
{'statusCode': 0, 'package': '@0xsequence/abi_0.0.0-20220610134843', 'message': 'no deps or dev-deps'}
{'statusCode': 0, 'package': '@0xsequence/abi_0.39.3', 'message': 'no deps or dev-deps'}
{'statusCode': 0, 'package': '@0xsequence/abi_0.0.0-20220614152529', 'message': 'no deps or dev-deps'}
{'statusCode': 0, 'package': '@0xsequence/abi_0.0.0-20220616121217', 'message': 'no deps or dev-deps'}
{'statusCode': 0, 'package': '@0xsequence/abi_0.39.4', 'message': 'no deps or dev-deps'}
{'statusCode': 0, 'package': '@0xsequence/abi_0.39.5', 'message': 'no deps or dev-deps'}
{'statusCode': 0, 'package': '@0xsequence/abi_0.39.6', 'message': 'no deps or dev-deps'}
{'statusCode': 0, 'package': '@0xsequence/abi_0.0.0-26b08ee9-20220629135033', 'message': 'no deps or dev-deps'}
{'statusCode': 0, 'package': '@0xsequence/abi_0.0.0-cdbb3137-20220630190630', 'message': 'no deps or dev-deps'}
{'statusCode': 0, 'package': '@0xsequence/abi_0.0.0-cdbb3137-20220630191603', 'message': 'no deps or dev-deps'}
{'statusCode': 0, 'package': '@0xsequence/abi_0.0.0-cdbb3137-20220630192830', 'message': 'no deps or dev-deps'}
{'statusCode': 0, 'package': '@0xsequence/abi_0.0.0-20220630194654', 'message': 'no deps or dev-deps'}
{'statusCode': 0, 'package': '@0xsequence/abi_0.0.0-20220630211555', 'message': 'no deps or dev-deps'}
{'statusCode': 0, 'package': '@0xsequence/abi_0.0.0-20220630215108', 'message': 'no deps or dev-deps'}
{'statusCode': 0, 'package': '@0xsequence/abi_0.0.0-20220703182449', 'message': 'no deps or dev-deps'}
{'statusCode': 0, 'package': '@0xsequence/abi_0.0.0-20220704043930', 'message': 'no deps or dev-deps'}
{'statusCode': 0, 'package': '@0xsequence/abi_0.0.0-20220706193010', 'message': 'no deps or dev-deps'}
{'statusCode': 0, 'package': '@0xsequence/abi_0.0.0-20220710174545', 'message': 'no deps or dev-deps'}
{'statusCode': 0, 'package': '@0xsequence/abi_0.0.0-coolcats-0.36.12-20220711222640', 'message': 'no deps or dev-deps'}
{'statusCode': 0, 'package': '@0xsequence/abi_0.40.0', 'message': 'no deps or dev-deps'}
{'statusCode': 0, 'package': '@0xsequence/abi_0.40.1', 'message': 'no deps or dev-deps'}
{'statusCode': 0, 'package': '@0xsequence/abi_0.0.0-20220713211319', 'message': 'no deps or dev-deps'}
{'statusCode': 0, 'package': '@0xsequence/abi_0.0.0-20220714164224', 'message': 'no deps or dev-deps'}
{'statusCode': 0, 'package': '@0xsequence/abi_0.40.2', 'message': 'no deps or dev-deps'}
{'statusCode': 0, 'package': '@0xsequence/abi_0.0.0-20220719173737', 'message': 'no deps or dev-deps'}
{'statusCode': 0, 'package': '@0xsequence/abi_0.0.0-20220722145329', 'message': 'no deps or dev-deps'}
{'statusCode': 0, 'package': '@0xsequence/abi_0.0.0-20220725200200', 'message': 'no deps or dev-deps'}
{'statusCode': 0, 'package': '@0xsequence/abi_0.40.3', 'message': 'no deps or dev-deps'}
{'statusCode': 0, 'package': '@0xsequence/abi_0.0.0-20220728141414', 'message': 'no deps or dev-deps'}
{'statusCode': 0, 'package': '@0xsequence/abi_0.40.4', 'message': 'no deps or dev-deps'}
{'statusCode': 0, 'package': '@0xsequence/abi_0.0.0-20220728215555', 'message': 'no deps or dev-deps'}
{'statusCode': 0, 'package': '@0xsequence/abi_0.40.5', 'message': 'no deps or dev-deps'}
{'statusCode': 0, 'package': '@0xsequence/abi_0.0.0-20220804202525', 'message': 'no deps or dev-deps'}
{'statusCode': 0, 'package': '@0xsequence/abi_0.40.6', 'message': 'no deps or dev-deps'}
{'statusCode': 0, 'package': '@0xsequence/abi_0.0.0-20220825181818', 'message': 'no deps or dev-deps'}
{'statusCode': 0, 'package': '@0xsequence/abi_0.0.0-20220825190100', 'message': 'no deps or dev-deps'}
{'statusCode': 0, 'package': '@0xsequence/abi_0.41.0', 'message': 'no deps or dev-deps'}
{'statusCode': 0, 'package': '@0xsequence/abi_0.41.1', 'message': 'no deps or dev-deps'}
{'statusCode': 0, 'package': '@0xsequence/abi_0.41.2', 'message': 'no deps or dev-deps'}
{'statusCode': 0, 'package': '@0xsequence/abi_0.41.3', 'message': 'no deps or dev-deps'}
{'statusCode': 0, 'package': '@0xsequence/abi_0.42.0', 'message': 'no deps or dev-deps'}
{'statusCode': 0, 'package': '@0xsequence/abi_0.42.1', 'message': 'no deps or dev-deps'}
{'statusCode': 0, 'package': '@0xsequence/abi_0.42.2', 'message': 'no deps or dev-deps'}
{'statusCode': 0, 'package': '@0xsequence/abi_0.42.3', 'message': 'no deps or dev-deps'}
{'statusCode': 0, 'package': '@0xsequence/abi_0.42.4', 'message': 'no deps or dev-deps'}
{'statusCode': 0, 'package': '@0xsequence/abi_0.42.5', 'message': 'no deps or dev-deps'}
{'statusCode': 0, 'package': '@0xsequence/abi_0.42.6', 'message': 'no deps or dev-deps'}
{'statusCode': 0, 'package': '@0xsequence/abi_0.42.7', 'message': 'no deps or dev-deps'}
{'statusCode': 0, 'package': '@0xsequence/abi_0.42.8', 'message': 'no deps or dev-deps'}
{'statusCode': 0, 'package': '@0xsequence/abi_0.42.9', 'message': 'no deps or dev-deps'}
{'statusCode': 0, 'package': '@0xsequence/abi_0.42.10', 'message': 'no deps or dev-deps'}
{'statusCode': 0, 'package': '@0xsequence/abi_0.43.0', 'message': 'no deps or dev-deps'}
{'statusCode': 0, 'package': '@0xsequence/abi_0.43.1', 'message': 'no deps or dev-deps'}
{'statusCode': 0, 'package': '@0xsequence/abi_0.43.2', 'message': 'no deps or dev-deps'}
{'statusCode': 0, 'package': '@0xsequence/abi_0.43.3', 'message': 'no deps or dev-deps'}
{'statusCode': 0, 'package': '@0xsequence/abi_0.0.0-20221124173317', 'message': 'no deps or dev-deps'}
{'statusCode': 0, 'package': '@0xsequence/abi_0.43.4', 'message': 'no deps or dev-deps'}
{'statusCode': 0, 'package': '@0xsequence/abi_0.43.5', 'message': 'no deps or dev-deps'}
{'statusCode': 0, 'package': '@0xsequence/abi_0.43.6', 'message': 'no deps or dev-deps'}
{'statusCode': 0, 'package': '@0xsequence/abi_0.43.7', 'message': 'no deps or dev-deps'}
{'statusCode': 0, 'package': '@0xsequence/abi_0.7.0', 'message': 'no deps or dev-deps'}
{'statusCode': 0, 'package': '@0xsequence/abi_0.8.0', 'message': 'no deps or dev-deps'}
{'statusCode': 0, 'package': '@0xsequence/abi_0.8.1', 'message': 'no deps or dev-deps'}
{'statusCode': 0, 'package': '@0xsequence/abi_0.8.2', 'message': 'no deps or dev-deps'}
{'statusCode': 0, 'package': '@0xsequence/abi_0.8.3', 'message': 'no deps or dev-deps'}
{'statusCode': 0, 'package': '@0xsequence/abi_0.8.4', 'message': 'no deps or dev-deps'}
{'statusCode': 0, 'package': '@0xsequence/abi_0.8.5', 'message': 'no deps or dev-deps'}
{'statusCode': 0, 'package': '@0xsequence/abi_0.9.1', 'message': 'no deps or dev-deps'}
{'statusCode': 0, 'package': '@0xsequence/abi_0.9.3', 'message': 'no deps or dev-deps'}
{'statusCode': 0, 'package': '@0xsequence/abi_0.9.6', 'message': 'no deps or dev-deps'}
{'statusCode': 0, 'package': '@0xsequence/abi_0.10.0', 'message': 'no deps or dev-deps'}
{'statusCode': 0, 'package': '@0xsequence/abi_0.10.1', 'message': 'no deps or dev-deps'}
{'statusCode': 0, 'package': '@0xsequence/abi_0.10.2', 'message': 'no deps or dev-deps'}
{'statusCode': 0, 'package': '@0xsequence/abi_0.10.3', 'message': 'no deps or dev-deps'}
{'statusCode': 0, 'package': '@0xsequence/abi_0.10.4', 'message': 'no deps or dev-deps'}
{'statusCode': 0, 'package': '@0xsequence/abi_0.10.5', 'message': 'no deps or dev-deps'}
{'statusCode': 0, 'package': '@0xsequence/abi_0.10.6', 'message': 'no deps or dev-deps'}
{'statusCode': 0, 'package': '@0xsequence/abi_0.10.7', 'message': 'no deps or dev-deps'}
{'statusCode': 0, 'package': '@0xsequence/abi_0.10.8', 'message': 'no deps or dev-deps'}
{'statusCode': 0, 'package': '@0xsequence/abi_0.10.9', 'message': 'no deps or dev-deps'}
{'statusCode': 0, 'package': '@0xsequence/abi_0.11.0', 'message': 'no deps or dev-deps'}
{'statusCode': 0, 'package': '@0xsequence/abi_0.11.1', 'message': 'no deps or dev-deps'}
{'statusCode': 0, 'package': '@0xsequence/abi_0.11.2', 'message': 'no deps or dev-deps'}
{'statusCode': 0, 'package': '@0xsequence/abi_0.11.3', 'message': 'no deps or dev-deps'}
{'statusCode': 0, 'package': '@0xsequence/abi_0.11.4', 'message': 'no deps or dev-deps'}
{'statusCode': 0, 'package': '@0xsequence/abi_0.12.0', 'message': 'no deps or dev-deps'}
{'statusCode': 0, 'package': '@0xsequence/abi_0.12.1', 'message': 'no deps or dev-deps'}
{'statusCode': 0, 'package': '@0xsequence/abi_0.13.0', 'message': 'no deps or dev-deps'}
{'statusCode': 0, 'package': '@0xsequence/abi_0.14.0', 'message': 'no deps or dev-deps'}
{'statusCode': 0, 'package': '@0xsequence/abi_0.14.3', 'message': 'no deps or dev-deps'}
{'statusCode': 0, 'package': '@0xsequence/abi_0.15.1', 'message': 'no deps or dev-deps'}
{'statusCode': 0, 'package': '@0xsequence/abi_0.16.0', 'message': 'no deps or dev-deps'}
{'statusCode': 0, 'package': '@0xsequence/abi_0.18.0', 'message': 'no deps or dev-deps'}
{'statusCode': 0, 'package': '@0xsequence/abi_0.19.0', 'message': 'no deps or dev-deps'}
{'statusCode': 0, 'package': '@0xsequence/abi_0.19.2', 'message': 'no deps or dev-deps'}
{'statusCode': 0, 'package': '@0xsequence/abi_0.19.3', 'message': 'no deps or dev-deps'}
{'statusCode': 0, 'package': '@0xsequence/abi_0.21.0', 'message': 'no deps or dev-deps'}
{'statusCode': 0, 'package': '@0xsequence/abi_0.21.2', 'message': 'no deps or dev-deps'}
{'statusCode': 0, 'package': '@0xsequence/abi_0.21.3', 'message': 'no deps or dev-deps'}
{'statusCode': 0, 'package': '@0xsequence/abi_0.21.4', 'message': 'no deps or dev-deps'}
{'statusCode': 0, 'package': '@0xsequence/abi_0.21.5', 'message': 'no deps or dev-deps'}
{'statusCode': 0, 'package': '@0xsequence/abi_0.22.0', 'message': 'no deps or dev-deps'}
{'statusCode': 0, 'package': '@0xsequence/abi_0.22.1', 'message': 'no deps or dev-deps'}
{'statusCode': 0, 'package': '@0xsequence/abi_0.22.2', 'message': 'no deps or dev-deps'}
{'statusCode': 0, 'package': '@0xsequence/abi_0.23.0', 'message': 'no deps or dev-deps'}
{'statusCode': 0, 'package': '@0xsequence/abi_0.25.0', 'message': 'no deps or dev-deps'}
{'statusCode': 0, 'package': '@0xsequence/abi_0.25.1', 'message': 'no deps or dev-deps'}
{'statusCode': 0, 'package': '@0xsequence/abi_0.27.0', 'message': 'no deps or dev-deps'}
{'statusCode': 0, 'package': '@0xsequence/abi_0.28.0', 'message': 'no deps or dev-deps'}
{'statusCode': 0, 'package': '@0xsequence/abi_0.0.0-202182516517', 'message': 'no deps or dev-deps'}
{'statusCode': 0, 'package': '@0xsequence/abi_0.0.0-202182517435', 'message': 'no deps or dev-deps'}
{'statusCode': 0, 'package': '@0xsequence/abi_0.0.0-2021827201516', 'message': 'no deps or dev-deps'}
{'statusCode': 0, 'package': '@0xsequence/abi_0.29.0', 'message': 'no deps or dev-deps'}
{'statusCode': 0, 'package': '@0xsequence/abi_0.29.8', 'message': 'no deps or dev-deps'}
{'statusCode': 0, 'package': '@0xsequence/abi_0.30.0', 'message': 'no deps or dev-deps'}
{'statusCode': 0, 'package': '@0xsequence/abi_0.31.0', 'message': 'no deps or dev-deps'}
{'statusCode': 0, 'package': '@0xsequence/abi_0.34.0', 'message': 'no deps or dev-deps'}
{'statusCode': 0, 'package': '@0xsequence/abi_0.35.0', 'message': 'no deps or dev-deps'}
{'statusCode': 0, 'package': '@0xsequence/abi_0.35.1', 'message': 'no deps or dev-deps'}
{'statusCode': 0, 'package': '@0xsequence/abi_0.35.2', 'message': 'no deps or dev-deps'}
{'statusCode': 0, 'package': '@0xsequence/abi_0.35.3', 'message': 'no deps or dev-deps'}
{'statusCode': 0, 'package': '@0xsequence/abi_0.35.4', 'message': 'no deps or dev-deps'}
{'statusCode': 0, 'package': '@0xsequence/abi_0.35.5', 'message': 'no deps or dev-deps'}
{'statusCode': 0, 'package': '@0xsequence/abi_0.35.6', 'message': 'no deps or dev-deps'}
{'statusCode': 0, 'package': '@0xsequence/abi_0.35.7', 'message': 'no deps or dev-deps'}
{'statusCode': 0, 'package': '@0xsequence/abi_0.35.8', 'message': 'no deps or dev-deps'}
{'statusCode': 0, 'package': '@0xsequence/abi_0.35.9', 'message': 'no deps or dev-deps'}
{'statusCode': 0, 'package': '@0xsequence/abi_0.35.10', 'message': 'no deps or dev-deps'}
{'statusCode': 0, 'package': '@0xsequence/abi_0.35.11', 'message': 'no deps or dev-deps'}
{'statusCode': 0, 'package': '@0xsequence/abi_0.35.12', 'message': 'no deps or dev-deps'}
{'statusCode': 0, 'package': '@0xsequence/abi_0.36.0', 'message': 'no deps or dev-deps'}
{'statusCode': 0, 'package': '@0xsequence/abi_0.36.1', 'message': 'no deps or dev-deps'}
{'statusCode': 0, 'package': '@0xsequence/abi_0.36.2', 'message': 'no deps or dev-deps'}
{'statusCode': 0, 'package': '@0xsequence/abi_0.36.3', 'message': 'no deps or dev-deps'}
{'statusCode': 0, 'package': '@0xsequence/abi_0.36.4', 'message': 'no deps or dev-deps'}
{'statusCode': 0, 'package': '@0xsequence/abi_0.36.5', 'message': 'no deps or dev-deps'}
{'statusCode': 0, 'package': '@0xsequence/abi_0.36.6', 'message': 'no deps or dev-deps'}
{'statusCode': 0, 'package': '@0xsequence/abi_0.36.7', 'message': 'no deps or dev-deps'}
{'statusCode': 0, 'package': '@0xsequence/abi_0.36.8', 'message': 'no deps or dev-deps'}
{'statusCode': 0, 'package': '@0xsequence/abi_0.36.9', 'message': 'no deps or dev-deps'}
{'statusCode': 0, 'package': '@0xsequence/abi_0.36.10', 'message': 'no deps or dev-deps'}
{'statusCode': 0, 'package': '@0xsequence/abi_0.0.0-20220418165517', 'message': 'no deps or dev-deps'}
{'statusCode': 0, 'package': '@0xsequence/abi_0.36.11', 'message': 'no deps or dev-deps'}
{'statusCode': 0, 'package': '@0xsequence/abi_0.0.0-20220425195445', 'message': 'no deps or dev-deps'}
{'statusCode': 0, 'package': '@0xsequence/abi_0.36.12', 'message': 'no deps or dev-deps'}
{'statusCode': 0, 'package': '@0xsequence/abi_0.0.0-20220427054350', 'message': 'no deps or dev-deps'}
{'statusCode': 0, 'package': '@0xsequence/abi_0.0.0-20220427055332', 'message': 'no deps or dev-deps'}
{'statusCode': 0, 'package': '@0xsequence/abi_0.0.0-20220427161307', 'message': 'no deps or dev-deps'}
{'statusCode': 0, 'package': '@0xsequence/abi_0.0.0-20220427162812', 'message': 'no deps or dev-deps'}
{'statusCode': 0, 'package': '@0xsequence/abi_0.36.13', 'message': 'no deps or dev-deps'}
{'statusCode': 0, 'package': '@0xsequence/abi_0.37.0', 'message': 'no deps or dev-deps'}
{'statusCode': 0, 'package': '@0xsequence/abi_0.37.1', 'message': 'no deps or dev-deps'}
{'statusCode': 0, 'package': '@0xsequence/abi_0.0.0-20220506174803', 'message': 'no deps or dev-deps'}
{'statusCode': 0, 'package': '@0xsequence/abi_0.0.0-20220506195001', 'message': 'no deps or dev-deps'}
{'statusCode': 0, 'package': '@0xsequence/abi_0.0.0-20220513134147', 'message': 'no deps or dev-deps'}
{'statusCode': 0, 'package': '@0xsequence/abi_0.38.0', 'message': 'no deps or dev-deps'}
{'statusCode': 0, 'package': '@0xsequence/abi_0.38.1', 'message': 'no deps or dev-deps'}
{'statusCode': 0, 'package': '@0xsequence/abi_0.38.2', 'message': 'no deps or dev-deps'}
{'statusCode': 0, 'package': '@0xsequence/abi_0.39.0', 'message': 'no deps or dev-deps'}
{'statusCode': 0, 'package': '@0xsequence/abi_0.0.0-20220519151110', 'message': 'no deps or dev-deps'}
{'statusCode': 0, 'package': '@0xsequence/abi_0.0.0-20220519202656', 'message': 'no deps or dev-deps'}
{'statusCode': 0, 'package': '@0xsequence/abi_0.0.0-20220601185217', 'message': 'no deps or dev-deps'}
{'statusCode': 0, 'package': '@0xsequence/abi_0.39.1', 'message': 'no deps or dev-deps'}
{'statusCode': 0, 'package': '@0xsequence/abi_0.39.2', 'message': 'no deps or dev-deps'}
{'statusCode': 0, 'package': '@0xsequence/abi_0.0.0-20220609204505', 'message': 'no deps or dev-deps'}
{'statusCode': 0, 'package': '@0xsequence/abi_0.0.0-20220610134843', 'message': 'no deps or dev-deps'}
{'statusCode': 0, 'package': '@0xsequence/abi_0.39.3', 'message': 'no deps or dev-deps'}
{'statusCode': 0, 'package': '@0xsequence/abi_0.0.0-20220614152529', 'message': 'no deps or dev-deps'}
{'statusCode': 0, 'package': '@0xsequence/abi_0.0.0-20220616121217', 'message': 'no deps or dev-deps'}
{'statusCode': 0, 'package': '@0xsequence/abi_0.39.4', 'message': 'no deps or dev-deps'}
{'statusCode': 0, 'package': '@0xsequence/abi_0.39.5', 'message': 'no deps or dev-deps'}
{'statusCode': 0, 'package': '@0xsequence/abi_0.39.6', 'message': 'no deps or dev-deps'}
{'statusCode': 0, 'package': '@0xsequence/abi_0.0.0-26b08ee9-20220629135033', 'message': 'no deps or dev-deps'}
{'statusCode': 0, 'package': '@0xsequence/abi_0.0.0-cdbb3137-20220630190630', 'message': 'no deps or dev-deps'}
{'statusCode': 0, 'package': '@0xsequence/abi_0.0.0-cdbb3137-20220630191603', 'message': 'no deps or dev-deps'}
{'statusCode': 0, 'package': '@0xsequence/abi_0.0.0-cdbb3137-20220630192830', 'message': 'no deps or dev-deps'}
{'statusCode': 0, 'package': '@0xsequence/abi_0.0.0-20220630194654', 'message': 'no deps or dev-deps'}
{'statusCode': 0, 'package': '@0xsequence/abi_0.0.0-20220630211555', 'message': 'no deps or dev-deps'}
{'statusCode': 0, 'package': '@0xsequence/abi_0.0.0-20220630215108', 'message': 'no deps or dev-deps'}
{'statusCode': 0, 'package': '@0xsequence/abi_0.0.0-20220703182449', 'message': 'no deps or dev-deps'}
{'statusCode': 0, 'package': '@0xsequence/abi_0.0.0-20220704043930', 'message': 'no deps or dev-deps'}
{'statusCode': 0, 'package': '@0xsequence/abi_0.0.0-20220706193010', 'message': 'no deps or dev-deps'}
{'statusCode': 0, 'package': '@0xsequence/abi_0.0.0-20220710174545', 'message': 'no deps or dev-deps'}
{'statusCode': 0, 'package': '@0xsequence/abi_0.0.0-coolcats-0.36.12-20220711222640', 'message': 'no deps or dev-deps'}
{'statusCode': 0, 'package': '@0xsequence/abi_0.40.0', 'message': 'no deps or dev-deps'}
{'statusCode': 0, 'package': '@0xsequence/abi_0.40.1', 'message': 'no deps or dev-deps'}
{'statusCode': 0, 'package': '@0xsequence/abi_0.0.0-20220713211319', 'message': 'no deps or dev-deps'}
{'statusCode': 0, 'package': '@0xsequence/abi_0.0.0-20220714164224', 'message': 'no deps or dev-deps'}
{'statusCode': 0, 'package': '@0xsequence/abi_0.40.2', 'message': 'no deps or dev-deps'}
{'statusCode': 0, 'package': '@0xsequence/abi_0.0.0-20220719173737', 'message': 'no deps or dev-deps'}
{'statusCode': 0, 'package': '@0xsequence/abi_0.0.0-20220722145329', 'message': 'no deps or dev-deps'}
{'statusCode': 0, 'package': '@0xsequence/abi_0.0.0-20220725200200', 'message': 'no deps or dev-deps'}
{'statusCode': 0, 'package': '@0xsequence/abi_0.40.3', 'message': 'no deps or dev-deps'}
{'statusCode': 0, 'package': '@0xsequence/abi_0.0.0-20220728141414', 'message': 'no deps or dev-deps'}
{'statusCode': 0, 'package': '@0xsequence/abi_0.40.4', 'message': 'no deps or dev-deps'}
{'statusCode': 0, 'package': '@0xsequence/abi_0.0.0-20220728215555', 'message': 'no deps or dev-deps'}
{'statusCode': 0, 'package': '@0xsequence/abi_0.40.5', 'message': 'no deps or dev-deps'}
{'statusCode': 0, 'package': '@0xsequence/abi_0.0.0-20220804202525', 'message': 'no deps or dev-deps'}
{'statusCode': 0, 'package': '@0xsequence/abi_0.40.6', 'message': 'no deps or dev-deps'}
{'statusCode': 0, 'package': '@0xsequence/abi_0.0.0-20220825181818', 'message': 'no deps or dev-deps'}
{'statusCode': 0, 'package': '@0xsequence/abi_0.0.0-20220825190100', 'message': 'no deps or dev-deps'}
{'statusCode': 0, 'package': '@0xsequence/abi_0.41.0', 'message': 'no deps or dev-deps'}
{'statusCode': 0, 'package': '@0xsequence/abi_0.41.1', 'message': 'no deps or dev-deps'}
{'statusCode': 0, 'package': '@0xsequence/abi_0.41.2', 'message': 'no deps or dev-deps'}
{'statusCode': 0, 'package': '@0xsequence/abi_0.41.3', 'message': 'no deps or dev-deps'}
{'statusCode': 0, 'package': '@0xsequence/abi_0.42.0', 'message': 'no deps or dev-deps'}
{'statusCode': 0, 'package': '@0xsequence/abi_0.42.1', 'message': 'no deps or dev-deps'}
{'statusCode': 0, 'package': '@0xsequence/abi_0.42.2', 'message': 'no deps or dev-deps'}
{'statusCode': 0, 'package': '@0xsequence/abi_0.42.3', 'message': 'no deps or dev-deps'}
{'statusCode': 0, 'package': '@0xsequence/abi_0.42.4', 'message': 'no deps or dev-deps'}
{'statusCode': 0, 'package': '@0xsequence/abi_0.42.5', 'message': 'no deps or dev-deps'}
{'statusCode': 0, 'package': '@0xsequence/abi_0.42.6', 'message': 'no deps or dev-deps'}
{'statusCode': 0, 'package': '@0xsequence/abi_0.42.7', 'message': 'no deps or dev-deps'}
{'statusCode': 0, 'package': '@0xsequence/abi_0.42.8', 'message': 'no deps or dev-deps'}
{'statusCode': 0, 'package': '@0xsequence/abi_0.42.9', 'message': 'no deps or dev-deps'}
{'statusCode': 0, 'package': '@0xsequence/abi_0.42.10', 'message': 'no deps or dev-deps'}
{'statusCode': 0, 'package': '@0xsequence/abi_0.43.0', 'message': 'no deps or dev-deps'}
{'statusCode': 0, 'package': '@0xsequence/abi_0.43.1', 'message': 'no deps or dev-deps'}
{'statusCode': 0, 'package': '@0xsequence/abi_0.43.2', 'message': 'no deps or dev-deps'}
{'statusCode': 0, 'package': '@0xsequence/abi_0.43.3', 'message': 'no deps or dev-deps'}
{'statusCode': 0, 'package': '@0xsequence/abi_0.0.0-20221124173317', 'message': 'no deps or dev-deps'}
{'statusCode': 0, 'package': '@0xsequence/abi_0.43.4', 'message': 'no deps or dev-deps'}
{'statusCode': 0, 'package': '@0xsequence/abi_0.43.5', 'message': 'no deps or dev-deps'}
{'statusCode': 0, 'package': '@0xsequence/abi_0.43.6', 'message': 'no deps or dev-deps'}
{'statusCode': 0, 'package': '@0xsequence/abi_0.43.7', 'message': 'no deps or dev-deps'}
{'statusCode': 0, 'package': '@0xsequence/abi_0.7.0', 'message': 'no deps or dev-deps'}
{'statusCode': 0, 'package': '@0xsequence/abi_0.8.0', 'message': 'no deps or dev-deps'}
{'statusCode': 0, 'package': '@0xsequence/abi_0.8.1', 'message': 'no deps or dev-deps'}
{'statusCode': 0, 'package': '@0xsequence/abi_0.8.2', 'message': 'no deps or dev-deps'}
{'statusCode': 0, 'package': '@0xsequence/abi_0.8.3', 'message': 'no deps or dev-deps'}
{'statusCode': 0, 'package': '@0xsequence/abi_0.8.4', 'message': 'no deps or dev-deps'}
{'statusCode': 0, 'package': '@0xsequence/abi_0.8.5', 'message': 'no deps or dev-deps'}
{'statusCode': 0, 'package': '@0xsequence/abi_0.9.1', 'message': 'no deps or dev-deps'}
{'statusCode': 0, 'package': '@0xsequence/abi_0.9.3', 'message': 'no deps or dev-deps'}
{'statusCode': 0, 'package': '@0xsequence/abi_0.9.6', 'message': 'no deps or dev-deps'}
{'statusCode': 0, 'package': '@0xsequence/abi_0.10.0', 'message': 'no deps or dev-deps'}
{'statusCode': 0, 'package': '@0xsequence/abi_0.10.1', 'message': 'no deps or dev-deps'}
{'statusCode': 0, 'package': '@0xsequence/abi_0.10.2', 'message': 'no deps or dev-deps'}
{'statusCode': 0, 'package': '@0xsequence/abi_0.10.3', 'message': 'no deps or dev-deps'}
{'statusCode': 0, 'package': '@0xsequence/abi_0.10.4', 'message': 'no deps or dev-deps'}
{'statusCode': 0, 'package': '@0xsequence/abi_0.10.5', 'message': 'no deps or dev-deps'}
{'statusCode': 0, 'package': '@0xsequence/abi_0.10.6', 'message': 'no deps or dev-deps'}
{'statusCode': 0, 'package': '@0xsequence/abi_0.10.7', 'message': 'no deps or dev-deps'}
{'statusCode': 0, 'package': '@0xsequence/abi_0.10.8', 'message': 'no deps or dev-deps'}
{'statusCode': 0, 'package': '@0xsequence/abi_0.10.9', 'message': 'no deps or dev-deps'}
{'statusCode': 0, 'package': '@0xsequence/abi_0.11.0', 'message': 'no deps or dev-deps'}
{'statusCode': 0, 'package': '@0xsequence/abi_0.11.1', 'message': 'no deps or dev-deps'}
{'statusCode': 0, 'package': '@0xsequence/abi_0.11.2', 'message': 'no deps or dev-deps'}
{'statusCode': 0, 'package': '@0xsequence/abi_0.11.3', 'message': 'no deps or dev-deps'}
{'statusCode': 0, 'package': '@0xsequence/abi_0.11.4', 'message': 'no deps or dev-deps'}
{'statusCode': 0, 'package': '@0xsequence/abi_0.12.0', 'message': 'no deps or dev-deps'}
{'statusCode': 0, 'package': '@0xsequence/abi_0.12.1', 'message': 'no deps or dev-deps'}
{'statusCode': 0, 'package': '@0xsequence/abi_0.13.0', 'message': 'no deps or dev-deps'}
{'statusCode': 0, 'package': '@0xsequence/abi_0.14.0', 'message': 'no deps or dev-deps'}
{'statusCode': 0, 'package': '@0xsequence/abi_0.14.3', 'message': 'no deps or dev-deps'}
{'statusCode': 0, 'package': '@0xsequence/abi_0.15.1', 'message': 'no deps or dev-deps'}
{'statusCode': 0, 'package': '@0xsequence/abi_0.16.0', 'message': 'no deps or dev-deps'}
{'statusCode': 0, 'package': '@0xsequence/abi_0.18.0', 'message': 'no deps or dev-deps'}
{'statusCode': 0, 'package': '@0xsequence/abi_0.19.0', 'message': 'no deps or dev-deps'}
{'statusCode': 0, 'package': '@0xsequence/abi_0.19.2', 'message': 'no deps or dev-deps'}
{'statusCode': 0, 'package': '@0xsequence/abi_0.19.3', 'message': 'no deps or dev-deps'}
{'statusCode': 0, 'package': '@0xsequence/abi_0.21.0', 'message': 'no deps or dev-deps'}
{'statusCode': 0, 'package': '@0xsequence/abi_0.21.2', 'message': 'no deps or dev-deps'}
{'statusCode': 0, 'package': '@0xsequence/abi_0.21.3', 'message': 'no deps or dev-deps'}
{'statusCode': 0, 'package': '@0xsequence/abi_0.21.4', 'message': 'no deps or dev-deps'}
{'statusCode': 0, 'package': '@0xsequence/abi_0.21.5', 'message': 'no deps or dev-deps'}
{'statusCode': 0, 'package': '@0xsequence/abi_0.22.0', 'message': 'no deps or dev-deps'}
{'statusCode': 0, 'package': '@0xsequence/abi_0.22.1', 'message': 'no deps or dev-deps'}
{'statusCode': 0, 'package': '@0xsequence/abi_0.22.2', 'message': 'no deps or dev-deps'}
{'statusCode': 0, 'package': '@0xsequence/abi_0.23.0', 'message': 'no deps or dev-deps'}
{'statusCode': 0, 'package': '@0xsequence/abi_0.25.0', 'message': 'no deps or dev-deps'}
{'statusCode': 0, 'package': '@0xsequence/abi_0.25.1', 'message': 'no deps or dev-deps'}
{'statusCode': 0, 'package': '@0xsequence/abi_0.27.0', 'message': 'no deps or dev-deps'}
{'statusCode': 0, 'package': '@0xsequence/abi_0.28.0', 'message': 'no deps or dev-deps'}
{'statusCode': 0, 'package': '@0xsequence/abi_0.0.0-202182516517', 'message': 'no deps or dev-deps'}
{'statusCode': 0, 'package': '@0xsequence/abi_0.0.0-202182517435', 'message': 'no deps or dev-deps'}
{'statusCode': 0, 'package': '@0xsequence/abi_0.0.0-2021827201516', 'message': 'no deps or dev-deps'}
{'statusCode': 0, 'package': '@0xsequence/abi_0.29.0', 'message': 'no deps or dev-deps'}
{'statusCode': 0, 'package': '@0xsequence/abi_0.29.8', 'message': 'no deps or dev-deps'}
{'statusCode': 0, 'package': '@0xsequence/abi_0.30.0', 'message': 'no deps or dev-deps'}
{'statusCode': 0, 'package': '@0xsequence/abi_0.31.0', 'message': 'no deps or dev-deps'}
{'statusCode': 0, 'package': '@0xsequence/abi_0.34.0', 'message': 'no deps or dev-deps'}
{'statusCode': 0, 'package': '@0xsequence/abi_0.35.0', 'message': 'no deps or dev-deps'}
{'statusCode': 0, 'package': '@0xsequence/abi_0.35.1', 'message': 'no deps or dev-deps'}
{'statusCode': 0, 'package': '@0xsequence/abi_0.35.2', 'message': 'no deps or dev-deps'}
{'statusCode': 0, 'package': '@0xsequence/abi_0.35.3', 'message': 'no deps or dev-deps'}
{'statusCode': 0, 'package': '@0xsequence/abi_0.35.4', 'message': 'no deps or dev-deps'}
{'statusCode': 0, 'package': '@0xsequence/abi_0.35.5', 'message': 'no deps or dev-deps'}
{'statusCode': 0, 'package': '@0xsequence/abi_0.35.6', 'message': 'no deps or dev-deps'}
{'statusCode': 0, 'package': '@0xsequence/abi_0.35.7', 'message': 'no deps or dev-deps'}
{'statusCode': 0, 'package': '@0xsequence/abi_0.35.8', 'message': 'no deps or dev-deps'}
{'statusCode': 0, 'package': '@0xsequence/abi_0.35.9', 'message': 'no deps or dev-deps'}
{'statusCode': 0, 'package': '@0xsequence/abi_0.35.10', 'message': 'no deps or dev-deps'}
{'statusCode': 0, 'package': '@0xsequence/abi_0.35.11', 'message': 'no deps or dev-deps'}
{'statusCode': 0, 'package': '@0xsequence/abi_0.35.12', 'message': 'no deps or dev-deps'}
{'statusCode': 0, 'package': '@0xsequence/abi_0.36.0', 'message': 'no deps or dev-deps'}
{'statusCode': 0, 'package': '@0xsequence/abi_0.36.1', 'message': 'no deps or dev-deps'}
{'statusCode': 0, 'package': '@0xsequence/abi_0.36.2', 'message': 'no deps or dev-deps'}
{'statusCode': 0, 'package': '@0xsequence/abi_0.36.3', 'message': 'no deps or dev-deps'}
{'statusCode': 0, 'package': '@0xsequence/abi_0.36.4', 'message': 'no deps or dev-deps'}
{'statusCode': 0, 'package': '@0xsequence/abi_0.36.5', 'message': 'no deps or dev-deps'}
{'statusCode': 0, 'package': '@0xsequence/abi_0.36.6', 'message': 'no deps or dev-deps'}
{'statusCode': 0, 'package': '@0xsequence/abi_0.36.7', 'message': 'no deps or dev-deps'}
{'statusCode': 0, 'package': '@0xsequence/abi_0.36.8', 'message': 'no deps or dev-deps'}
{'statusCode': 0, 'package': '@0xsequence/abi_0.36.9', 'message': 'no deps or dev-deps'}
{'statusCode': 0, 'package': '@0xsequence/abi_0.36.10', 'message': 'no deps or dev-deps'}
{'statusCode': 0, 'package': '@0xsequence/abi_0.0.0-20220418165517', 'message': 'no deps or dev-deps'}
{'statusCode': 0, 'package': '@0xsequence/abi_0.36.11', 'message': 'no deps or dev-deps'}
{'statusCode': 0, 'package': '@0xsequence/abi_0.0.0-20220425195445', 'message': 'no deps or dev-deps'}
{'statusCode': 0, 'package': '@0xsequence/abi_0.36.12', 'message': 'no deps or dev-deps'}
{'statusCode': 0, 'package': '@0xsequence/abi_0.0.0-20220427054350', 'message': 'no deps or dev-deps'}
{'statusCode': 0, 'package': '@0xsequence/abi_0.0.0-20220427055332', 'message': 'no deps or dev-deps'}
{'statusCode': 0, 'package': '@0xsequence/abi_0.0.0-20220427161307', 'message': 'no deps or dev-deps'}
{'statusCode': 0, 'package': '@0xsequence/abi_0.0.0-20220427162812', 'message': 'no deps or dev-deps'}
{'statusCode': 0, 'package': '@0xsequence/abi_0.36.13', 'message': 'no deps or dev-deps'}
{'statusCode': 0, 'package': '@0xsequence/abi_0.37.0', 'message': 'no deps or dev-deps'}
{'statusCode': 0, 'package': '@0xsequence/abi_0.37.1', 'message': 'no deps or dev-deps'}
{'statusCode': 0, 'package': '@0xsequence/abi_0.0.0-20220506174803', 'message': 'no deps or dev-deps'}
{'statusCode': 0, 'package': '@0xsequence/abi_0.0.0-20220506195001', 'message': 'no deps or dev-deps'}
{'statusCode': 0, 'package': '@0xsequence/abi_0.0.0-20220513134147', 'message': 'no deps or dev-deps'}
{'statusCode': 0, 'package': '@0xsequence/abi_0.38.0', 'message': 'no deps or dev-deps'}
{'statusCode': 0, 'package': '@0xsequence/abi_0.38.1', 'message': 'no deps or dev-deps'}
{'statusCode': 0, 'package': '@0xsequence/abi_0.38.2', 'message': 'no deps or dev-deps'}
{'statusCode': 0, 'package': '@0xsequence/abi_0.39.0', 'message': 'no deps or dev-deps'}
{'statusCode': 0, 'package': '@0xsequence/abi_0.0.0-20220519151110', 'message': 'no deps or dev-deps'}
{'statusCode': 0, 'package': '@0xsequence/abi_0.0.0-20220519202656', 'message': 'no deps or dev-deps'}
{'statusCode': 0, 'package': '@0xsequence/abi_0.0.0-20220601185217', 'message': 'no deps or dev-deps'}
{'statusCode': 0, 'package': '@0xsequence/abi_0.39.1', 'message': 'no deps or dev-deps'}
{'statusCode': 0, 'package': '@0xsequence/abi_0.39.2', 'message': 'no deps or dev-deps'}
{'statusCode': 0, 'package': '@0xsequence/abi_0.0.0-20220609204505', 'message': 'no deps or dev-deps'}
{'statusCode': 0, 'package': '@0xsequence/abi_0.0.0-20220610134843', 'message': 'no deps or dev-deps'}
{'statusCode': 0, 'package': '@0xsequence/abi_0.39.3', 'message': 'no deps or dev-deps'}
{'statusCode': 0, 'package': '@0xsequence/abi_0.0.0-20220614152529', 'message': 'no deps or dev-deps'}
{'statusCode': 0, 'package': '@0xsequence/abi_0.0.0-20220616121217', 'message': 'no deps or dev-deps'}
{'statusCode': 0, 'package': '@0xsequence/abi_0.39.4', 'message': 'no deps or dev-deps'}
{'statusCode': 0, 'package': '@0xsequence/abi_0.39.5', 'message': 'no deps or dev-deps'}
{'statusCode': 0, 'package': '@0xsequence/abi_0.39.6', 'message': 'no deps or dev-deps'}
{'statusCode': 0, 'package': '@0xsequence/abi_0.0.0-26b08ee9-20220629135033', 'message': 'no deps or dev-deps'}
{'statusCode': 0, 'package': '@0xsequence/abi_0.0.0-cdbb3137-20220630190630', 'message': 'no deps or dev-deps'}
{'statusCode': 0, 'package': '@0xsequence/abi_0.0.0-cdbb3137-20220630191603', 'message': 'no deps or dev-deps'}
{'statusCode': 0, 'package': '@0xsequence/abi_0.0.0-cdbb3137-20220630192830', 'message': 'no deps or dev-deps'}
{'statusCode': 0, 'package': '@0xsequence/abi_0.0.0-20220630194654', 'message': 'no deps or dev-deps'}
{'statusCode': 0, 'package': '@0xsequence/abi_0.0.0-20220630211555', 'message': 'no deps or dev-deps'}
{'statusCode': 0, 'package': '@0xsequence/abi_0.0.0-20220630215108', 'message': 'no deps or dev-deps'}
{'statusCode': 0, 'package': '@0xsequence/abi_0.0.0-20220703182449', 'message': 'no deps or dev-deps'}
{'statusCode': 0, 'package': '@0xsequence/abi_0.0.0-20220704043930', 'message': 'no deps or dev-deps'}
{'statusCode': 0, 'package': '@0xsequence/abi_0.0.0-20220706193010', 'message': 'no deps or dev-deps'}
{'statusCode': 0, 'package': '@0xsequence/abi_0.0.0-20220710174545', 'message': 'no deps or dev-deps'}
{'statusCode': 0, 'package': '@0xsequence/abi_0.0.0-coolcats-0.36.12-20220711222640', 'message': 'no deps or dev-deps'}
{'statusCode': 0, 'package': '@0xsequence/abi_0.40.0', 'message': 'no deps or dev-deps'}
{'statusCode': 0, 'package': '@0xsequence/abi_0.40.1', 'message': 'no deps or dev-deps'}
{'statusCode': 0, 'package': '@0xsequence/abi_0.0.0-20220713211319', 'message': 'no deps or dev-deps'}
{'statusCode': 0, 'package': '@0xsequence/abi_0.0.0-20220714164224', 'message': 'no deps or dev-deps'}
{'statusCode': 0, 'package': '@0xsequence/abi_0.40.2', 'message': 'no deps or dev-deps'}
{'statusCode': 0, 'package': '@0xsequence/abi_0.0.0-20220719173737', 'message': 'no deps or dev-deps'}
{'statusCode': 0, 'package': '@0xsequence/abi_0.0.0-20220722145329', 'message': 'no deps or dev-deps'}
{'statusCode': 0, 'package': '@0xsequence/abi_0.0.0-20220725200200', 'message': 'no deps or dev-deps'}
{'statusCode': 0, 'package': '@0xsequence/abi_0.40.3', 'message': 'no deps or dev-deps'}
{'statusCode': 0, 'package': '@0xsequence/abi_0.0.0-20220728141414', 'message': 'no deps or dev-deps'}
{'statusCode': 0, 'package': '@0xsequence/abi_0.40.4', 'message': 'no deps or dev-deps'}
{'statusCode': 0, 'package': '@0xsequence/abi_0.0.0-20220728215555', 'message': 'no deps or dev-deps'}
{'statusCode': 0, 'package': '@0xsequence/abi_0.40.5', 'message': 'no deps or dev-deps'}
{'statusCode': 0, 'package': '@0xsequence/abi_0.0.0-20220804202525', 'message': 'no deps or dev-deps'}
{'statusCode': 0, 'package': '@0xsequence/abi_0.40.6', 'message': 'no deps or dev-deps'}
{'statusCode': 0, 'package': '@0xsequence/abi_0.0.0-20220825181818', 'message': 'no deps or dev-deps'}
{'statusCode': 0, 'package': '@0xsequence/abi_0.0.0-20220825190100', 'message': 'no deps or dev-deps'}
{'statusCode': 0, 'package': '@0xsequence/abi_0.41.0', 'message': 'no deps or dev-deps'}
{'statusCode': 0, 'package': '@0xsequence/abi_0.41.1', 'message': 'no deps or dev-deps'}
{'statusCode': 0, 'package': '@0xsequence/abi_0.41.2', 'message': 'no deps or dev-deps'}
{'statusCode': 0, 'package': '@0xsequence/abi_0.41.3', 'message': 'no deps or dev-deps'}
{'statusCode': 0, 'package': '@0xsequence/abi_0.42.0', 'message': 'no deps or dev-deps'}
{'statusCode': 0, 'package': '@0xsequence/abi_0.42.1', 'message': 'no deps or dev-deps'}
{'statusCode': 0, 'package': '@0xsequence/abi_0.42.2', 'message': 'no deps or dev-deps'}
{'statusCode': 0, 'package': '@0xsequence/abi_0.42.3', 'message': 'no deps or dev-deps'}
{'statusCode': 0, 'package': '@0xsequence/abi_0.42.4', 'message': 'no deps or dev-deps'}
{'statusCode': 0, 'package': '@0xsequence/abi_0.42.5', 'message': 'no deps or dev-deps'}
{'statusCode': 0, 'package': '@0xsequence/abi_0.42.6', 'message': 'no deps or dev-deps'}
{'statusCode': 0, 'package': '@0xsequence/abi_0.42.7', 'message': 'no deps or dev-deps'}
{'statusCode': 0, 'package': '@0xsequence/abi_0.42.8', 'message': 'no deps or dev-deps'}
{'statusCode': 0, 'package': '@0xsequence/abi_0.42.9', 'message': 'no deps or dev-deps'}
{'statusCode': 0, 'package': '@0xsequence/abi_0.42.10', 'message': 'no deps or dev-deps'}
{'statusCode': 0, 'package': '@0xsequence/abi_0.43.0', 'message': 'no deps or dev-deps'}
{'statusCode': 0, 'package': '@0xsequence/abi_0.43.1', 'message': 'no deps or dev-deps'}
{'statusCode': 0, 'package': '@0xsequence/abi_0.43.2', 'message': 'no deps or dev-deps'}
{'statusCode': 0, 'package': '@0xsequence/abi_0.43.3', 'message': 'no deps or dev-deps'}
{'statusCode': 0, 'package': '@0xsequence/abi_0.0.0-20221124173317', 'message': 'no deps or dev-deps'}
{'statusCode': 0, 'package': '@0xsequence/abi_0.43.4', 'message': 'no deps or dev-deps'}
{'statusCode': 0, 'package': '@0xsequence/abi_0.43.5', 'message': 'no deps or dev-deps'}
{'statusCode': 0, 'package': '@0xsequence/abi_0.43.6', 'message': 'no deps or dev-deps'}
{'statusCode': 0, 'package': '@0xsequence/abi_0.43.7', 'message': 'no deps or dev-deps'}
{'statusCode': 0, 'package': '@0xsequence/abi_0.7.0', 'message': 'no deps or dev-deps'}
{'statusCode': 0, 'package': '@0xsequence/abi_0.8.0', 'message': 'no deps or dev-deps'}
{'statusCode': 0, 'package': '@0xsequence/abi_0.8.1', 'message': 'no deps or dev-deps'}
{'statusCode': 0, 'package': '@0xsequence/abi_0.8.2', 'message': 'no deps or dev-deps'}
{'statusCode': 0, 'package': '@0xsequence/abi_0.8.3', 'message': 'no deps or dev-deps'}
{'statusCode': 0, 'package': '@0xsequence/abi_0.8.4', 'message': 'no deps or dev-deps'}
{'statusCode': 0, 'package': '@0xsequence/abi_0.8.5', 'message': 'no deps or dev-deps'}
{'statusCode': 0, 'package': '@0xsequence/abi_0.9.1', 'message': 'no deps or dev-deps'}
{'statusCode': 0, 'package': '@0xsequence/abi_0.9.3', 'message': 'no deps or dev-deps'}
{'statusCode': 0, 'package': '@0xsequence/abi_0.9.6', 'message': 'no deps or dev-deps'}
{'statusCode': 0, 'package': '@0xsequence/abi_0.10.0', 'message': 'no deps or dev-deps'}
{'statusCode': 0, 'package': '@0xsequence/abi_0.10.1', 'message': 'no deps or dev-deps'}
{'statusCode': 0, 'package': '@0xsequence/abi_0.10.2', 'message': 'no deps or dev-deps'}
{'statusCode': 0, 'package': '@0xsequence/abi_0.10.3', 'message': 'no deps or dev-deps'}
{'statusCode': 0, 'package': '@0xsequence/abi_0.10.4', 'message': 'no deps or dev-deps'}
{'statusCode': 0, 'package': '@0xsequence/abi_0.10.5', 'message': 'no deps or dev-deps'}
{'statusCode': 0, 'package': '@0xsequence/abi_0.10.6', 'message': 'no deps or dev-deps'}
{'statusCode': 0, 'package': '@0xsequence/abi_0.10.7', 'message': 'no deps or dev-deps'}
{'statusCode': 0, 'package': '@0xsequence/abi_0.10.8', 'message': 'no deps or dev-deps'}
{'statusCode': 0, 'package': '@0xsequence/abi_0.10.9', 'message': 'no deps or dev-deps'}
{'statusCode': 0, 'package': '@0xsequence/abi_0.11.0', 'message': 'no deps or dev-deps'}
{'statusCode': 0, 'package': '@0xsequence/abi_0.11.1', 'message': 'no deps or dev-deps'}
{'statusCode': 0, 'package': '@0xsequence/abi_0.11.2', 'message': 'no deps or dev-deps'}
{'statusCode': 0, 'package': '@0xsequence/abi_0.11.3', 'message': 'no deps or dev-deps'}
{'statusCode': 0, 'package': '@0xsequence/abi_0.11.4', 'message': 'no deps or dev-deps'}
{'statusCode': 0, 'package': '@0xsequence/abi_0.12.0', 'message': 'no deps or dev-deps'}
{'statusCode': 0, 'package': '@0xsequence/abi_0.12.1', 'message': 'no deps or dev-deps'}
{'statusCode': 0, 'package': '@0xsequence/abi_0.13.0', 'message': 'no deps or dev-deps'}
{'statusCode': 0, 'package': '@0xsequence/abi_0.14.0', 'message': 'no deps or dev-deps'}
{'statusCode': 0, 'package': '@0xsequence/abi_0.14.3', 'message': 'no deps or dev-deps'}
{'statusCode': 0, 'package': '@0xsequence/abi_0.15.1', 'message': 'no deps or dev-deps'}
{'statusCode': 0, 'package': '@0xsequence/abi_0.16.0', 'message': 'no deps or dev-deps'}
{'statusCode': 0, 'package': '@0xsequence/abi_0.18.0', 'message': 'no deps or dev-deps'}
{'statusCode': 0, 'package': '@0xsequence/abi_0.19.0', 'message': 'no deps or dev-deps'}
{'statusCode': 0, 'package': '@0xsequence/abi_0.19.2', 'message': 'no deps or dev-deps'}
{'statusCode': 0, 'package': '@0xsequence/abi_0.19.3', 'message': 'no deps or dev-deps'}
{'statusCode': 0, 'package': '@0xsequence/abi_0.21.0', 'message': 'no deps or dev-deps'}
{'statusCode': 0, 'package': '@0xsequence/abi_0.21.2', 'message': 'no deps or dev-deps'}
{'statusCode': 0, 'package': '@0xsequence/abi_0.21.3', 'message': 'no deps or dev-deps'}
{'statusCode': 0, 'package': '@0xsequence/abi_0.21.4', 'message': 'no deps or dev-deps'}
{'statusCode': 0, 'package': '@0xsequence/abi_0.21.5', 'message': 'no deps or dev-deps'}
{'statusCode': 0, 'package': '@0xsequence/abi_0.22.0', 'message': 'no deps or dev-deps'}
{'statusCode': 0, 'package': '@0xsequence/abi_0.22.1', 'message': 'no deps or dev-deps'}
{'statusCode': 0, 'package': '@0xsequence/abi_0.22.2', 'message': 'no deps or dev-deps'}
{'statusCode': 0, 'package': '@0xsequence/abi_0.23.0', 'message': 'no deps or dev-deps'}
{'statusCode': 0, 'package': '@0xsequence/abi_0.25.0', 'message': 'no deps or dev-deps'}
{'statusCode': 0, 'package': '@0xsequence/abi_0.25.1', 'message': 'no deps or dev-deps'}
{'statusCode': 0, 'package': '@0xsequence/abi_0.27.0', 'message': 'no deps or dev-deps'}
{'statusCode': 0, 'package': '@0xsequence/abi_0.28.0', 'message': 'no deps or dev-deps'}
{'statusCode': 0, 'package': '@0xsequence/abi_0.0.0-202182516517', 'message': 'no deps or dev-deps'}
{'statusCode': 0, 'package': '@0xsequence/abi_0.0.0-202182517435', 'message': 'no deps or dev-deps'}
{'statusCode': 0, 'package': '@0xsequence/abi_0.0.0-2021827201516', 'message': 'no deps or dev-deps'}
{'statusCode': 0, 'package': '@0xsequence/abi_0.29.0', 'message': 'no deps or dev-deps'}
{'statusCode': 0, 'package': '@0xsequence/abi_0.29.8', 'message': 'no deps or dev-deps'}
{'statusCode': 0, 'package': '@0xsequence/abi_0.30.0', 'message': 'no deps or dev-deps'}
{'statusCode': 0, 'package': '@0xsequence/abi_0.31.0', 'message': 'no deps or dev-deps'}
{'statusCode': 0, 'package': '@0xsequence/abi_0.34.0', 'message': 'no deps or dev-deps'}
{'statusCode': 0, 'package': '@0xsequence/abi_0.35.0', 'message': 'no deps or dev-deps'}
{'statusCode': 0, 'package': '@0xsequence/abi_0.35.1', 'message': 'no deps or dev-deps'}
{'statusCode': 0, 'package': '@0xsequence/abi_0.35.2', 'message': 'no deps or dev-deps'}
{'statusCode': 0, 'package': '@0xsequence/abi_0.35.3', 'message': 'no deps or dev-deps'}
{'statusCode': 0, 'package': '@0xsequence/abi_0.35.4', 'message': 'no deps or dev-deps'}
{'statusCode': 0, 'package': '@0xsequence/abi_0.35.5', 'message': 'no deps or dev-deps'}
{'statusCode': 0, 'package': '@0xsequence/abi_0.35.6', 'message': 'no deps or dev-deps'}
{'statusCode': 0, 'package': '@0xsequence/abi_0.35.7', 'message': 'no deps or dev-deps'}
{'statusCode': 0, 'package': '@0xsequence/abi_0.35.8', 'message': 'no deps or dev-deps'}
{'statusCode': 0, 'package': '@0xsequence/abi_0.35.9', 'message': 'no deps or dev-deps'}
{'statusCode': 0, 'package': '@0xsequence/abi_0.35.10', 'message': 'no deps or dev-deps'}
{'statusCode': 0, 'package': '@0xsequence/abi_0.35.11', 'message': 'no deps or dev-deps'}
{'statusCode': 0, 'package': '@0xsequence/abi_0.35.12', 'message': 'no deps or dev-deps'}
{'statusCode': 0, 'package': '@0xsequence/abi_0.36.0', 'message': 'no deps or dev-deps'}
{'statusCode': 0, 'package': '@0xsequence/abi_0.36.1', 'message': 'no deps or dev-deps'}
{'statusCode': 0, 'package': '@0xsequence/abi_0.36.2', 'message': 'no deps or dev-deps'}
{'statusCode': 0, 'package': '@0xsequence/abi_0.36.3', 'message': 'no deps or dev-deps'}
{'statusCode': 0, 'package': '@0xsequence/abi_0.36.4', 'message': 'no deps or dev-deps'}
{'statusCode': 0, 'package': '@0xsequence/abi_0.36.5', 'message': 'no deps or dev-deps'}
{'statusCode': 0, 'package': '@0xsequence/abi_0.36.6', 'message': 'no deps or dev-deps'}
{'statusCode': 0, 'package': '@0xsequence/abi_0.36.7', 'message': 'no deps or dev-deps'}
{'statusCode': 0, 'package': '@0xsequence/abi_0.36.8', 'message': 'no deps or dev-deps'}
{'statusCode': 0, 'package': '@0xsequence/abi_0.36.9', 'message': 'no deps or dev-deps'}
{'statusCode': 0, 'package': '@0xsequence/abi_0.36.10', 'message': 'no deps or dev-deps'}
{'statusCode': 0, 'package': '@0xsequence/abi_0.0.0-20220418165517', 'message': 'no deps or dev-deps'}
{'statusCode': 0, 'package': '@0xsequence/abi_0.36.11', 'message': 'no deps or dev-deps'}
{'statusCode': 0, 'package': '@0xsequence/abi_0.0.0-20220425195445', 'message': 'no deps or dev-deps'}
{'statusCode': 0, 'package': '@0xsequence/abi_0.36.12', 'message': 'no deps or dev-deps'}
{'statusCode': 0, 'package': '@0xsequence/abi_0.0.0-20220427054350', 'message': 'no deps or dev-deps'}
{'statusCode': 0, 'package': '@0xsequence/abi_0.0.0-20220427055332', 'message': 'no deps or dev-deps'}
{'statusCode': 0, 'package': '@0xsequence/abi_0.0.0-20220427161307', 'message': 'no deps or dev-deps'}
{'statusCode': 0, 'package': '@0xsequence/abi_0.0.0-20220427162812', 'message': 'no deps or dev-deps'}
{'statusCode': 0, 'package': '@0xsequence/abi_0.36.13', 'message': 'no deps or dev-deps'}
{'statusCode': 0, 'package': '@0xsequence/abi_0.37.0', 'message': 'no deps or dev-deps'}
{'statusCode': 0, 'package': '@0xsequence/abi_0.37.1', 'message': 'no deps or dev-deps'}
{'statusCode': 0, 'package': '@0xsequence/abi_0.0.0-20220506174803', 'message': 'no deps or dev-deps'}
{'statusCode': 0, 'package': '@0xsequence/abi_0.0.0-20220506195001', 'message': 'no deps or dev-deps'}
{'statusCode': 0, 'package': '@0xsequence/abi_0.0.0-20220513134147', 'message': 'no deps or dev-deps'}
{'statusCode': 0, 'package': '@0xsequence/abi_0.38.0', 'message': 'no deps or dev-deps'}
{'statusCode': 0, 'package': '@0xsequence/abi_0.38.1', 'message': 'no deps or dev-deps'}
{'statusCode': 0, 'package': '@0xsequence/abi_0.38.2', 'message': 'no deps or dev-deps'}
{'statusCode': 0, 'package': '@0xsequence/abi_0.39.0', 'message': 'no deps or dev-deps'}
{'statusCode': 0, 'package': '@0xsequence/abi_0.0.0-20220519151110', 'message': 'no deps or dev-deps'}
{'statusCode': 0, 'package': '@0xsequence/abi_0.0.0-20220519202656', 'message': 'no deps or dev-deps'}
{'statusCode': 0, 'package': '@0xsequence/abi_0.0.0-20220601185217', 'message': 'no deps or dev-deps'}
{'statusCode': 0, 'package': '@0xsequence/abi_0.39.1', 'message': 'no deps or dev-deps'}
{'statusCode': 0, 'package': '@0xsequence/abi_0.39.2', 'message': 'no deps or dev-deps'}
{'statusCode': 0, 'package': '@0xsequence/abi_0.0.0-20220609204505', 'message': 'no deps or dev-deps'}
{'statusCode': 0, 'package': '@0xsequence/abi_0.0.0-20220610134843', 'message': 'no deps or dev-deps'}
{'statusCode': 0, 'package': '@0xsequence/abi_0.39.3', 'message': 'no deps or dev-deps'}
{'statusCode': 0, 'package': '@0xsequence/abi_0.0.0-20220614152529', 'message': 'no deps or dev-deps'}
{'statusCode': 0, 'package': '@0xsequence/abi_0.0.0-20220616121217', 'message': 'no deps or dev-deps'}
{'statusCode': 0, 'package': '@0xsequence/abi_0.39.4', 'message': 'no deps or dev-deps'}
{'statusCode': 0, 'package': '@0xsequence/abi_0.39.5', 'message': 'no deps or dev-deps'}
{'statusCode': 0, 'package': '@0xsequence/abi_0.39.6', 'message': 'no deps or dev-deps'}
{'statusCode': 0, 'package': '@0xsequence/abi_0.0.0-26b08ee9-20220629135033', 'message': 'no deps or dev-deps'}
{'statusCode': 0, 'package': '@0xsequence/abi_0.0.0-cdbb3137-20220630190630', 'message': 'no deps or dev-deps'}
{'statusCode': 0, 'package': '@0xsequence/abi_0.0.0-cdbb3137-20220630191603', 'message': 'no deps or dev-deps'}
{'statusCode': 0, 'package': '@0xsequence/abi_0.0.0-cdbb3137-20220630192830', 'message': 'no deps or dev-deps'}
{'statusCode': 0, 'package': '@0xsequence/abi_0.0.0-20220630194654', 'message': 'no deps or dev-deps'}
{'statusCode': 0, 'package': '@0xsequence/abi_0.0.0-20220630211555', 'message': 'no deps or dev-deps'}
{'statusCode': 0, 'package': '@0xsequence/abi_0.0.0-20220630215108', 'message': 'no deps or dev-deps'}
{'statusCode': 0, 'package': '@0xsequence/abi_0.0.0-20220703182449', 'message': 'no deps or dev-deps'}
{'statusCode': 0, 'package': '@0xsequence/abi_0.0.0-20220704043930', 'message': 'no deps or dev-deps'}
{'statusCode': 0, 'package': '@0xsequence/abi_0.0.0-20220706193010', 'message': 'no deps or dev-deps'}
{'statusCode': 0, 'package': '@0xsequence/abi_0.0.0-20220710174545', 'message': 'no deps or dev-deps'}
{'statusCode': 0, 'package': '@0xsequence/abi_0.0.0-coolcats-0.36.12-20220711222640', 'message': 'no deps or dev-deps'}
{'statusCode': 0, 'package': '@0xsequence/abi_0.40.0', 'message': 'no deps or dev-deps'}
{'statusCode': 0, 'package': '@0xsequence/abi_0.40.1', 'message': 'no deps or dev-deps'}
{'statusCode': 0, 'package': '@0xsequence/abi_0.0.0-20220713211319', 'message': 'no deps or dev-deps'}
{'statusCode': 0, 'package': '@0xsequence/abi_0.0.0-20220714164224', 'message': 'no deps or dev-deps'}
{'statusCode': 0, 'package': '@0xsequence/abi_0.40.2', 'message': 'no deps or dev-deps'}
{'statusCode': 0, 'package': '@0xsequence/abi_0.0.0-20220719173737', 'message': 'no deps or dev-deps'}
{'statusCode': 0, 'package': '@0xsequence/abi_0.0.0-20220722145329', 'message': 'no deps or dev-deps'}
{'statusCode': 0, 'package': '@0xsequence/abi_0.0.0-20220725200200', 'message': 'no deps or dev-deps'}
{'statusCode': 0, 'package': '@0xsequence/abi_0.40.3', 'message': 'no deps or dev-deps'}
{'statusCode': 0, 'package': '@0xsequence/abi_0.0.0-20220728141414', 'message': 'no deps or dev-deps'}
{'statusCode': 0, 'package': '@0xsequence/abi_0.40.4', 'message': 'no deps or dev-deps'}
{'statusCode': 0, 'package': '@0xsequence/abi_0.0.0-20220728215555', 'message': 'no deps or dev-deps'}
{'statusCode': 0, 'package': '@0xsequence/abi_0.40.5', 'message': 'no deps or dev-deps'}
{'statusCode': 0, 'package': '@0xsequence/abi_0.0.0-20220804202525', 'message': 'no deps or dev-deps'}
{'statusCode': 0, 'package': '@0xsequence/abi_0.40.6', 'message': 'no deps or dev-deps'}
{'statusCode': 0, 'package': '@0xsequence/abi_0.0.0-20220825181818', 'message': 'no deps or dev-deps'}
{'statusCode': 0, 'package': '@0xsequence/abi_0.0.0-20220825190100', 'message': 'no deps or dev-deps'}
{'statusCode': 0, 'package': '@0xsequence/abi_0.41.0', 'message': 'no deps or dev-deps'}
{'statusCode': 0, 'package': '@0xsequence/abi_0.41.1', 'message': 'no deps or dev-deps'}
{'statusCode': 0, 'package': '@0xsequence/abi_0.41.2', 'message': 'no deps or dev-deps'}
{'statusCode': 0, 'package': '@0xsequence/abi_0.41.3', 'message': 'no deps or dev-deps'}
{'statusCode': 0, 'package': '@0xsequence/abi_0.42.0', 'message': 'no deps or dev-deps'}
{'statusCode': 0, 'package': '@0xsequence/abi_0.42.1', 'message': 'no deps or dev-deps'}
{'statusCode': 0, 'package': '@0xsequence/abi_0.42.2', 'message': 'no deps or dev-deps'}
{'statusCode': 0, 'package': '@0xsequence/abi_0.42.3', 'message': 'no deps or dev-deps'}
{'statusCode': 0, 'package': '@0xsequence/abi_0.42.4', 'message': 'no deps or dev-deps'}
{'statusCode': 0, 'package': '@0xsequence/abi_0.42.5', 'message': 'no deps or dev-deps'}
{'statusCode': 0, 'package': '@0xsequence/abi_0.42.6', 'message': 'no deps or dev-deps'}
{'statusCode': 0, 'package': '@0xsequence/abi_0.42.7', 'message': 'no deps or dev-deps'}
{'statusCode': 0, 'package': '@0xsequence/abi_0.42.8', 'message': 'no deps or dev-deps'}
{'statusCode': 0, 'package': '@0xsequence/abi_0.42.9', 'message': 'no deps or dev-deps'}
{'statusCode': 0, 'package': '@0xsequence/abi_0.42.10', 'message': 'no deps or dev-deps'}
{'statusCode': 0, 'package': '@0xsequence/abi_0.43.0', 'message': 'no deps or dev-deps'}
{'statusCode': 0, 'package': '@0xsequence/abi_0.43.1', 'message': 'no deps or dev-deps'}
{'statusCode': 0, 'package': '@0xsequence/abi_0.43.2', 'message': 'no deps or dev-deps'}
{'statusCode': 0, 'package': '@0xsequence/abi_0.43.3', 'message': 'no deps or dev-deps'}
{'statusCode': 0, 'package': '@0xsequence/abi_0.0.0-20221124173317', 'message': 'no deps or dev-deps'}
{'statusCode': 0, 'package': '@0xsequence/abi_0.43.4', 'message': 'no deps or dev-deps'}
{'statusCode': 0, 'package': '@0xsequence/abi_0.43.5', 'message': 'no deps or dev-deps'}
{'statusCode': 0, 'package': '@0xsequence/abi_0.43.6', 'message': 'no deps or dev-deps'}
{'statusCode': 0, 'package': '@0xsequence/abi_0.43.7', 'message': 'no deps or dev-deps'}
{'statusCode': 0, 'package': '@0xsequence/abi_0.7.0', 'message': 'no deps or dev-deps'}
{'statusCode': 0, 'package': '@0xsequence/abi_0.8.0', 'message': 'no deps or dev-deps'}
{'statusCode': 0, 'package': '@0xsequence/abi_0.8.1', 'message': 'no deps or dev-deps'}
{'statusCode': 0, 'package': '@0xsequence/abi_0.8.2', 'message': 'no deps or dev-deps'}
{'statusCode': 0, 'package': '@0xsequence/abi_0.8.3', 'message': 'no deps or dev-deps'}
{'statusCode': 0, 'package': '@0xsequence/abi_0.8.4', 'message': 'no deps or dev-deps'}
{'statusCode': 0, 'package': '@0xsequence/abi_0.8.5', 'message': 'no deps or dev-deps'}
{'statusCode': 0, 'package': '@0xsequence/abi_0.9.1', 'message': 'no deps or dev-deps'}
{'statusCode': 0, 'package': '@0xsequence/abi_0.9.3', 'message': 'no deps or dev-deps'}
{'statusCode': 0, 'package': '@0xsequence/abi_0.9.6', 'message': 'no deps or dev-deps'}
{'statusCode': 0, 'package': '@0xsequence/abi_0.10.0', 'message': 'no deps or dev-deps'}
{'statusCode': 0, 'package': '@0xsequence/abi_0.10.1', 'message': 'no deps or dev-deps'}
{'statusCode': 0, 'package': '@0xsequence/abi_0.10.2', 'message': 'no deps or dev-deps'}
{'statusCode': 0, 'package': '@0xsequence/abi_0.10.3', 'message': 'no deps or dev-deps'}
{'statusCode': 0, 'package': '@0xsequence/abi_0.10.4', 'message': 'no deps or dev-deps'}
{'statusCode': 0, 'package': '@0xsequence/abi_0.10.5', 'message': 'no deps or dev-deps'}
{'statusCode': 0, 'package': '@0xsequence/abi_0.10.6', 'message': 'no deps or dev-deps'}
{'statusCode': 0, 'package': '@0xsequence/abi_0.10.7', 'message': 'no deps or dev-deps'}
{'statusCode': 0, 'package': '@0xsequence/abi_0.10.8', 'message': 'no deps or dev-deps'}
{'statusCode': 0, 'package': '@0xsequence/abi_0.10.9', 'message': 'no deps or dev-deps'}
{'statusCode': 0, 'package': '@0xsequence/abi_0.11.0', 'message': 'no deps or dev-deps'}
{'statusCode': 0, 'package': '@0xsequence/abi_0.11.1', 'message': 'no deps or dev-deps'}
{'statusCode': 0, 'package': '@0xsequence/abi_0.11.2', 'message': 'no deps or dev-deps'}
{'statusCode': 0, 'package': '@0xsequence/abi_0.11.3', 'message': 'no deps or dev-deps'}
{'statusCode': 0, 'package': '@0xsequence/abi_0.11.4', 'message': 'no deps or dev-deps'}
{'statusCode': 0, 'package': '@0xsequence/abi_0.12.0', 'message': 'no deps or dev-deps'}
{'statusCode': 0, 'package': '@0xsequence/abi_0.12.1', 'message': 'no deps or dev-deps'}
{'statusCode': 0, 'package': '@0xsequence/abi_0.13.0', 'message': 'no deps or dev-deps'}
{'statusCode': 0, 'package': '@0xsequence/abi_0.14.0', 'message': 'no deps or dev-deps'}
{'statusCode': 0, 'package': '@0xsequence/abi_0.14.3', 'message': 'no deps or dev-deps'}
{'statusCode': 0, 'package': '@0xsequence/abi_0.15.1', 'message': 'no deps or dev-deps'}
{'statusCode': 0, 'package': '@0xsequence/abi_0.16.0', 'message': 'no deps or dev-deps'}
{'statusCode': 0, 'package': '@0xsequence/abi_0.18.0', 'message': 'no deps or dev-deps'}
{'statusCode': 0, 'package': '@0xsequence/abi_0.19.0', 'message': 'no deps or dev-deps'}
{'statusCode': 0, 'package': '@0xsequence/abi_0.19.2', 'message': 'no deps or dev-deps'}
{'statusCode': 0, 'package': '@0xsequence/abi_0.19.3', 'message': 'no deps or dev-deps'}
{'statusCode': 0, 'package': '@0xsequence/abi_0.21.0', 'message': 'no deps or dev-deps'}
{'statusCode': 0, 'package': '@0xsequence/abi_0.21.2', 'message': 'no deps or dev-deps'}
{'statusCode': 0, 'package': '@0xsequence/abi_0.21.3', 'message': 'no deps or dev-deps'}
{'statusCode': 0, 'package': '@0xsequence/abi_0.21.4', 'message': 'no deps or dev-deps'}
{'statusCode': 0, 'package': '@0xsequence/abi_0.21.5', 'message': 'no deps or dev-deps'}
{'statusCode': 0, 'package': '@0xsequence/abi_0.22.0', 'message': 'no deps or dev-deps'}
{'statusCode': 0, 'package': '@0xsequence/abi_0.22.1', 'message': 'no deps or dev-deps'}
{'statusCode': 0, 'package': '@0xsequence/abi_0.22.2', 'message': 'no deps or dev-deps'}
{'statusCode': 0, 'package': '@0xsequence/abi_0.23.0', 'message': 'no deps or dev-deps'}
{'statusCode': 0, 'package': '@0xsequence/abi_0.25.0', 'message': 'no deps or dev-deps'}
{'statusCode': 0, 'package': '@0xsequence/abi_0.25.1', 'message': 'no deps or dev-deps'}
{'statusCode': 0, 'package': '@0xsequence/abi_0.27.0', 'message': 'no deps or dev-deps'}
{'statusCode': 0, 'package': '@0xsequence/abi_0.28.0', 'message': 'no deps or dev-deps'}
{'statusCode': 0, 'package': '@0xsequence/abi_0.0.0-202182516517', 'message': 'no deps or dev-deps'}
{'statusCode': 0, 'package': '@0xsequence/abi_0.0.0-202182517435', 'message': 'no deps or dev-deps'}
{'statusCode': 0, 'package': '@0xsequence/abi_0.0.0-2021827201516', 'message': 'no deps or dev-deps'}
{'statusCode': 0, 'package': '@0xsequence/abi_0.29.0', 'message': 'no deps or dev-deps'}
{'statusCode': 0, 'package': '@0xsequence/abi_0.29.8', 'message': 'no deps or dev-deps'}
{'statusCode': 0, 'package': '@0xsequence/abi_0.30.0', 'message': 'no deps or dev-deps'}
{'statusCode': 0, 'package': '@0xsequence/abi_0.31.0', 'message': 'no deps or dev-deps'}
{'statusCode': 0, 'package': '@0xsequence/abi_0.34.0', 'message': 'no deps or dev-deps'}
{'statusCode': 0, 'package': '@0xsequence/abi_0.35.0', 'message': 'no deps or dev-deps'}
{'statusCode': 0, 'package': '@0xsequence/abi_0.35.1', 'message': 'no deps or dev-deps'}
{'statusCode': 0, 'package': '@0xsequence/abi_0.35.2', 'message': 'no deps or dev-deps'}
{'statusCode': 0, 'package': '@0xsequence/abi_0.35.3', 'message': 'no deps or dev-deps'}
{'statusCode': 0, 'package': '@0xsequence/abi_0.35.4', 'message': 'no deps or dev-deps'}
{'statusCode': 0, 'package': '@0xsequence/abi_0.35.5', 'message': 'no deps or dev-deps'}
{'statusCode': 0, 'package': '@0xsequence/abi_0.35.6', 'message': 'no deps or dev-deps'}
{'statusCode': 0, 'package': '@0xsequence/abi_0.35.7', 'message': 'no deps or dev-deps'}
{'statusCode': 0, 'package': '@0xsequence/abi_0.35.8', 'message': 'no deps or dev-deps'}
{'statusCode': 0, 'package': '@0xsequence/abi_0.35.9', 'message': 'no deps or dev-deps'}
{'statusCode': 0, 'package': '@0xsequence/abi_0.35.10', 'message': 'no deps or dev-deps'}
{'statusCode': 0, 'package': '@0xsequence/abi_0.35.11', 'message': 'no deps or dev-deps'}
{'statusCode': 0, 'package': '@0xsequence/abi_0.35.12', 'message': 'no deps or dev-deps'}
{'statusCode': 0, 'package': '@0xsequence/abi_0.36.0', 'message': 'no deps or dev-deps'}
{'statusCode': 0, 'package': '@0xsequence/abi_0.36.1', 'message': 'no deps or dev-deps'}
{'statusCode': 0, 'package': '@0xsequence/abi_0.36.2', 'message': 'no deps or dev-deps'}
{'statusCode': 0, 'package': '@0xsequence/abi_0.36.3', 'message': 'no deps or dev-deps'}
{'statusCode': 0, 'package': '@0xsequence/abi_0.36.4', 'message': 'no deps or dev-deps'}
{'statusCode': 0, 'package': '@0xsequence/abi_0.36.5', 'message': 'no deps or dev-deps'}
{'statusCode': 0, 'package': '@0xsequence/abi_0.36.6', 'message': 'no deps or dev-deps'}
{'statusCode': 0, 'package': '@0xsequence/abi_0.36.7', 'message': 'no deps or dev-deps'}
{'statusCode': 0, 'package': '@0xsequence/abi_0.36.8', 'message': 'no deps or dev-deps'}
{'statusCode': 0, 'package': '@0xsequence/abi_0.36.9', 'message': 'no deps or dev-deps'}
{'statusCode': 0, 'package': '@0xsequence/abi_0.36.10', 'message': 'no deps or dev-deps'}
{'statusCode': 0, 'package': '@0xsequence/abi_0.0.0-20220418165517', 'message': 'no deps or dev-deps'}
{'statusCode': 0, 'package': '@0xsequence/abi_0.36.11', 'message': 'no deps or dev-deps'}
{'statusCode': 0, 'package': '@0xsequence/abi_0.0.0-20220425195445', 'message': 'no deps or dev-deps'}
{'statusCode': 0, 'package': '@0xsequence/abi_0.36.12', 'message': 'no deps or dev-deps'}
{'statusCode': 0, 'package': '@0xsequence/abi_0.0.0-20220427054350', 'message': 'no deps or dev-deps'}
{'statusCode': 0, 'package': '@0xsequence/abi_0.0.0-20220427055332', 'message': 'no deps or dev-deps'}
{'statusCode': 0, 'package': '@0xsequence/abi_0.0.0-20220427161307', 'message': 'no deps or dev-deps'}
{'statusCode': 0, 'package': '@0xsequence/abi_0.0.0-20220427162812', 'message': 'no deps or dev-deps'}
{'statusCode': 0, 'package': '@0xsequence/abi_0.36.13', 'message': 'no deps or dev-deps'}
{'statusCode': 0, 'package': '@0xsequence/abi_0.37.0', 'message': 'no deps or dev-deps'}
{'statusCode': 0, 'package': '@0xsequence/abi_0.37.1', 'message': 'no deps or dev-deps'}
{'statusCode': 0, 'package': '@0xsequence/abi_0.0.0-20220506174803', 'message': 'no deps or dev-deps'}
{'statusCode': 0, 'package': '@0xsequence/abi_0.0.0-20220506195001', 'message': 'no deps or dev-deps'}
{'statusCode': 0, 'package': '@0xsequence/abi_0.0.0-20220513134147', 'message': 'no deps or dev-deps'}
{'statusCode': 0, 'package': '@0xsequence/abi_0.38.0', 'message': 'no deps or dev-deps'}
{'statusCode': 0, 'package': '@0xsequence/abi_0.38.1', 'message': 'no deps or dev-deps'}
{'statusCode': 0, 'package': '@0xsequence/abi_0.38.2', 'message': 'no deps or dev-deps'}
{'statusCode': 0, 'package': '@0xsequence/abi_0.39.0', 'message': 'no deps or dev-deps'}
{'statusCode': 0, 'package': '@0xsequence/abi_0.0.0-20220519151110', 'message': 'no deps or dev-deps'}
{'statusCode': 0, 'package': '@0xsequence/abi_0.0.0-20220519202656', 'message': 'no deps or dev-deps'}
{'statusCode': 0, 'package': '@0xsequence/abi_0.0.0-20220601185217', 'message': 'no deps or dev-deps'}
{'statusCode': 0, 'package': '@0xsequence/abi_0.39.1', 'message': 'no deps or dev-deps'}
{'statusCode': 0, 'package': '@0xsequence/abi_0.39.2', 'message': 'no deps or dev-deps'}
{'statusCode': 0, 'package': '@0xsequence/abi_0.0.0-20220609204505', 'message': 'no deps or dev-deps'}
{'statusCode': 0, 'package': '@0xsequence/abi_0.0.0-20220610134843', 'message': 'no deps or dev-deps'}
{'statusCode': 0, 'package': '@0xsequence/abi_0.39.3', 'message': 'no deps or dev-deps'}
{'statusCode': 0, 'package': '@0xsequence/abi_0.0.0-20220614152529', 'message': 'no deps or dev-deps'}
{'statusCode': 0, 'package': '@0xsequence/abi_0.0.0-20220616121217', 'message': 'no deps or dev-deps'}
{'statusCode': 0, 'package': '@0xsequence/abi_0.39.4', 'message': 'no deps or dev-deps'}
{'statusCode': 0, 'package': '@0xsequence/abi_0.39.5', 'message': 'no deps or dev-deps'}
{'statusCode': 0, 'package': '@0xsequence/abi_0.39.6', 'message': 'no deps or dev-deps'}
{'statusCode': 0, 'package': '@0xsequence/abi_0.0.0-26b08ee9-20220629135033', 'message': 'no deps or dev-deps'}
{'statusCode': 0, 'package': '@0xsequence/abi_0.0.0-cdbb3137-20220630190630', 'message': 'no deps or dev-deps'}
{'statusCode': 0, 'package': '@0xsequence/abi_0.0.0-cdbb3137-20220630191603', 'message': 'no deps or dev-deps'}
{'statusCode': 0, 'package': '@0xsequence/abi_0.0.0-cdbb3137-20220630192830', 'message': 'no deps or dev-deps'}
{'statusCode': 0, 'package': '@0xsequence/abi_0.0.0-20220630194654', 'message': 'no deps or dev-deps'}
{'statusCode': 0, 'package': '@0xsequence/abi_0.0.0-20220630211555', 'message': 'no deps or dev-deps'}
{'statusCode': 0, 'package': '@0xsequence/abi_0.0.0-20220630215108', 'message': 'no deps or dev-deps'}
{'statusCode': 0, 'package': '@0xsequence/abi_0.0.0-20220703182449', 'message': 'no deps or dev-deps'}
{'statusCode': 0, 'package': '@0xsequence/abi_0.0.0-20220704043930', 'message': 'no deps or dev-deps'}
{'statusCode': 0, 'package': '@0xsequence/abi_0.0.0-20220706193010', 'message': 'no deps or dev-deps'}
{'statusCode': 0, 'package': '@0xsequence/abi_0.0.0-20220710174545', 'message': 'no deps or dev-deps'}
{'statusCode': 0, 'package': '@0xsequence/abi_0.0.0-coolcats-0.36.12-20220711222640', 'message': 'no deps or dev-deps'}
{'statusCode': 0, 'package': '@0xsequence/abi_0.40.0', 'message': 'no deps or dev-deps'}
{'statusCode': 0, 'package': '@0xsequence/abi_0.40.1', 'message': 'no deps or dev-deps'}
{'statusCode': 0, 'package': '@0xsequence/abi_0.0.0-20220713211319', 'message': 'no deps or dev-deps'}
{'statusCode': 0, 'package': '@0xsequence/abi_0.0.0-20220714164224', 'message': 'no deps or dev-deps'}
{'statusCode': 0, 'package': '@0xsequence/abi_0.40.2', 'message': 'no deps or dev-deps'}
{'statusCode': 0, 'package': '@0xsequence/abi_0.0.0-20220719173737', 'message': 'no deps or dev-deps'}
{'statusCode': 0, 'package': '@0xsequence/abi_0.0.0-20220722145329', 'message': 'no deps or dev-deps'}
{'statusCode': 0, 'package': '@0xsequence/abi_0.0.0-20220725200200', 'message': 'no deps or dev-deps'}
{'statusCode': 0, 'package': '@0xsequence/abi_0.40.3', 'message': 'no deps or dev-deps'}
{'statusCode': 0, 'package': '@0xsequence/abi_0.0.0-20220728141414', 'message': 'no deps or dev-deps'}
{'statusCode': 0, 'package': '@0xsequence/abi_0.40.4', 'message': 'no deps or dev-deps'}
{'statusCode': 0, 'package': '@0xsequence/abi_0.0.0-20220728215555', 'message': 'no deps or dev-deps'}
{'statusCode': 0, 'package': '@0xsequence/abi_0.40.5', 'message': 'no deps or dev-deps'}
{'statusCode': 0, 'package': '@0xsequence/abi_0.0.0-20220804202525', 'message': 'no deps or dev-deps'}
{'statusCode': 0, 'package': '@0xsequence/abi_0.40.6', 'message': 'no deps or dev-deps'}
{'statusCode': 0, 'package': '@0xsequence/abi_0.0.0-20220825181818', 'message': 'no deps or dev-deps'}
{'statusCode': 0, 'package': '@0xsequence/abi_0.0.0-20220825190100', 'message': 'no deps or dev-deps'}
{'statusCode': 0, 'package': '@0xsequence/abi_0.41.0', 'message': 'no deps or dev-deps'}
{'statusCode': 0, 'package': '@0xsequence/abi_0.41.1', 'message': 'no deps or dev-deps'}
{'statusCode': 0, 'package': '@0xsequence/abi_0.41.2', 'message': 'no deps or dev-deps'}
{'statusCode': 0, 'package': '@0xsequence/abi_0.41.3', 'message': 'no deps or dev-deps'}
{'statusCode': 0, 'package': '@0xsequence/abi_0.42.0', 'message': 'no deps or dev-deps'}
{'statusCode': 0, 'package': '@0xsequence/abi_0.42.1', 'message': 'no deps or dev-deps'}
{'statusCode': 0, 'package': '@0xsequence/abi_0.42.2', 'message': 'no deps or dev-deps'}
{'statusCode': 0, 'package': '@0xsequence/abi_0.42.3', 'message': 'no deps or dev-deps'}
{'statusCode': 0, 'package': '@0xsequence/abi_0.42.4', 'message': 'no deps or dev-deps'}
{'statusCode': 0, 'package': '@0xsequence/abi_0.42.5', 'message': 'no deps or dev-deps'}
{'statusCode': 0, 'package': '@0xsequence/abi_0.42.6', 'message': 'no deps or dev-deps'}
{'statusCode': 0, 'package': '@0xsequence/abi_0.42.7', 'message': 'no deps or dev-deps'}
{'statusCode': 0, 'package': '@0xsequence/abi_0.42.8', 'message': 'no deps or dev-deps'}
{'statusCode': 0, 'package': '@0xsequence/abi_0.42.9', 'message': 'no deps or dev-deps'}
{'statusCode': 0, 'package': '@0xsequence/abi_0.42.10', 'message': 'no deps or dev-deps'}
{'statusCode': 0, 'package': '@0xsequence/abi_0.43.0', 'message': 'no deps or dev-deps'}
{'statusCode': 0, 'package': '@0xsequence/abi_0.43.1', 'message': 'no deps or dev-deps'}
{'statusCode': 0, 'package': '@0xsequence/abi_0.43.2', 'message': 'no deps or dev-deps'}
{'statusCode': 0, 'package': '@0xsequence/abi_0.43.3', 'message': 'no deps or dev-deps'}
{'statusCode': 0, 'package': '@0xsequence/abi_0.0.0-20221124173317', 'message': 'no deps or dev-deps'}
{'statusCode': 0, 'package': '@0xsequence/abi_0.43.4', 'message': 'no deps or dev-deps'}
{'statusCode': 0, 'package': '@0xsequence/abi_0.43.5', 'message': 'no deps or dev-deps'}
{'statusCode': 0, 'package': '@0xsequence/abi_0.43.6', 'message': 'no deps or dev-deps'}
{'statusCode': 0, 'package': '@0xsequence/abi_0.43.7', 'message': 'no deps or dev-deps'}
{'statusCode': 0, 'package': '@0xsequence/abi_0.7.0', 'message': 'no deps or dev-deps'}
{'statusCode': 0, 'package': '@0xsequence/abi_0.8.0', 'message': 'no deps or dev-deps'}
{'statusCode': 0, 'package': '@0xsequence/abi_0.8.1', 'message': 'no deps or dev-deps'}
{'statusCode': 0, 'package': '@0xsequence/abi_0.8.2', 'message': 'no deps or dev-deps'}
{'statusCode': 0, 'package': '@0xsequence/abi_0.8.3', 'message': 'no deps or dev-deps'}
{'statusCode': 0, 'package': '@0xsequence/abi_0.8.4', 'message': 'no deps or dev-deps'}
{'statusCode': 0, 'package': '@0xsequence/abi_0.8.5', 'message': 'no deps or dev-deps'}
{'statusCode': 0, 'package': '@0xsequence/abi_0.9.1', 'message': 'no deps or dev-deps'}
{'statusCode': 0, 'package': '@0xsequence/abi_0.9.3', 'message': 'no deps or dev-deps'}
{'statusCode': 0, 'package': '@0xsequence/abi_0.9.6', 'message': 'no deps or dev-deps'}
{'statusCode': 0, 'package': '@0xsequence/abi_0.10.0', 'message': 'no deps or dev-deps'}
{'statusCode': 0, 'package': '@0xsequence/abi_0.10.1', 'message': 'no deps or dev-deps'}
{'statusCode': 0, 'package': '@0xsequence/abi_0.10.2', 'message': 'no deps or dev-deps'}
{'statusCode': 0, 'package': '@0xsequence/abi_0.10.3', 'message': 'no deps or dev-deps'}
{'statusCode': 0, 'package': '@0xsequence/abi_0.10.4', 'message': 'no deps or dev-deps'}
{'statusCode': 0, 'package': '@0xsequence/abi_0.10.5', 'message': 'no deps or dev-deps'}
{'statusCode': 0, 'package': '@0xsequence/abi_0.10.6', 'message': 'no deps or dev-deps'}
{'statusCode': 0, 'package': '@0xsequence/abi_0.10.7', 'message': 'no deps or dev-deps'}
{'statusCode': 0, 'package': '@0xsequence/abi_0.10.8', 'message': 'no deps or dev-deps'}
{'statusCode': 0, 'package': '@0xsequence/abi_0.10.9', 'message': 'no deps or dev-deps'}
{'statusCode': 0, 'package': '@0xsequence/abi_0.11.0', 'message': 'no deps or dev-deps'}
{'statusCode': 0, 'package': '@0xsequence/abi_0.11.1', 'message': 'no deps or dev-deps'}
{'statusCode': 0, 'package': '@0xsequence/abi_0.11.2', 'message': 'no deps or dev-deps'}
{'statusCode': 0, 'package': '@0xsequence/abi_0.11.3', 'message': 'no deps or dev-deps'}
{'statusCode': 0, 'package': '@0xsequence/abi_0.11.4', 'message': 'no deps or dev-deps'}
{'statusCode': 0, 'package': '@0xsequence/abi_0.12.0', 'message': 'no deps or dev-deps'}
{'statusCode': 0, 'package': '@0xsequence/abi_0.12.1', 'message': 'no deps or dev-deps'}
{'statusCode': 0, 'package': '@0xsequence/abi_0.13.0', 'message': 'no deps or dev-deps'}
{'statusCode': 0, 'package': '@0xsequence/abi_0.14.0', 'message': 'no deps or dev-deps'}
{'statusCode': 0, 'package': '@0xsequence/abi_0.14.3', 'message': 'no deps or dev-deps'}
{'statusCode': 0, 'package': '@0xsequence/abi_0.15.1', 'message': 'no deps or dev-deps'}
{'statusCode': 0, 'package': '@0xsequence/abi_0.16.0', 'message': 'no deps or dev-deps'}
{'statusCode': 0, 'package': '@0xsequence/abi_0.18.0', 'message': 'no deps or dev-deps'}
{'statusCode': 0, 'package': '@0xsequence/abi_0.19.0', 'message': 'no deps or dev-deps'}
{'statusCode': 0, 'package': '@0xsequence/abi_0.19.2', 'message': 'no deps or dev-deps'}
{'statusCode': 0, 'package': '@0xsequence/abi_0.19.3', 'message': 'no deps or dev-deps'}
{'statusCode': 0, 'package': '@0xsequence/abi_0.21.0', 'message': 'no deps or dev-deps'}
{'statusCode': 0, 'package': '@0xsequence/abi_0.21.2', 'message': 'no deps or dev-deps'}
{'statusCode': 0, 'package': '@0xsequence/abi_0.21.3', 'message': 'no deps or dev-deps'}
{'statusCode': 0, 'package': '@0xsequence/abi_0.21.4', 'message': 'no deps or dev-deps'}
{'statusCode': 0, 'package': '@0xsequence/abi_0.21.5', 'message': 'no deps or dev-deps'}
{'statusCode': 0, 'package': '@0xsequence/abi_0.22.0', 'message': 'no deps or dev-deps'}
{'statusCode': 0, 'package': '@0xsequence/abi_0.22.1', 'message': 'no deps or dev-deps'}
{'statusCode': 0, 'package': '@0xsequence/abi_0.22.2', 'message': 'no deps or dev-deps'}
{'statusCode': 0, 'package': '@0xsequence/abi_0.23.0', 'message': 'no deps or dev-deps'}
{'statusCode': 0, 'package': '@0xsequence/abi_0.25.0', 'message': 'no deps or dev-deps'}
{'statusCode': 0, 'package': '@0xsequence/abi_0.25.1', 'message': 'no deps or dev-deps'}
{'statusCode': 0, 'package': '@0xsequence/abi_0.27.0', 'message': 'no deps or dev-deps'}
{'statusCode': 0, 'package': '@0xsequence/abi_0.28.0', 'message': 'no deps or dev-deps'}
{'statusCode': 0, 'package': '@0xsequence/abi_0.0.0-202182516517', 'message': 'no deps or dev-deps'}
{'statusCode': 0, 'package': '@0xsequence/abi_0.0.0-202182517435', 'message': 'no deps or dev-deps'}
{'statusCode': 0, 'package': '@0xsequence/abi_0.0.0-2021827201516', 'message': 'no deps or dev-deps'}
{'statusCode': 0, 'package': '@0xsequence/abi_0.29.0', 'message': 'no deps or dev-deps'}
{'statusCode': 0, 'package': '@0xsequence/abi_0.29.8', 'message': 'no deps or dev-deps'}
{'statusCode': 0, 'package': '@0xsequence/abi_0.30.0', 'message': 'no deps or dev-deps'}
{'statusCode': 0, 'package': '@0xsequence/abi_0.31.0', 'message': 'no deps or dev-deps'}
{'statusCode': 0, 'package': '@0xsequence/abi_0.34.0', 'message': 'no deps or dev-deps'}
{'statusCode': 0, 'package': '@0xsequence/abi_0.35.0', 'message': 'no deps or dev-deps'}
{'statusCode': 0, 'package': '@0xsequence/abi_0.35.1', 'message': 'no deps or dev-deps'}
{'statusCode': 0, 'package': '@0xsequence/abi_0.35.2', 'message': 'no deps or dev-deps'}
{'statusCode': 0, 'package': '@0xsequence/abi_0.35.3', 'message': 'no deps or dev-deps'}
{'statusCode': 0, 'package': '@0xsequence/abi_0.35.4', 'message': 'no deps or dev-deps'}
{'statusCode': 0, 'package': '@0xsequence/abi_0.35.5', 'message': 'no deps or dev-deps'}
{'statusCode': 0, 'package': '@0xsequence/abi_0.35.6', 'message': 'no deps or dev-deps'}
{'statusCode': 0, 'package': '@0xsequence/abi_0.35.7', 'message': 'no deps or dev-deps'}
{'statusCode': 0, 'package': '@0xsequence/abi_0.35.8', 'message': 'no deps or dev-deps'}
{'statusCode': 0, 'package': '@0xsequence/abi_0.35.9', 'message': 'no deps or dev-deps'}
{'statusCode': 0, 'package': '@0xsequence/abi_0.35.10', 'message': 'no deps or dev-deps'}
{'statusCode': 0, 'package': '@0xsequence/abi_0.35.11', 'message': 'no deps or dev-deps'}
{'statusCode': 0, 'package': '@0xsequence/abi_0.35.12', 'message': 'no deps or dev-deps'}
{'statusCode': 0, 'package': '@0xsequence/abi_0.36.0', 'message': 'no deps or dev-deps'}
{'statusCode': 0, 'package': '@0xsequence/abi_0.36.1', 'message': 'no deps or dev-deps'}
{'statusCode': 0, 'package': '@0xsequence/abi_0.36.2', 'message': 'no deps or dev-deps'}
{'statusCode': 0, 'package': '@0xsequence/abi_0.36.3', 'message': 'no deps or dev-deps'}
{'statusCode': 0, 'package': '@0xsequence/abi_0.36.4', 'message': 'no deps or dev-deps'}
{'statusCode': 0, 'package': '@0xsequence/abi_0.36.5', 'message': 'no deps or dev-deps'}
{'statusCode': 0, 'package': '@0xsequence/abi_0.36.6', 'message': 'no deps or dev-deps'}
{'statusCode': 0, 'package': '@0xsequence/abi_0.36.7', 'message': 'no deps or dev-deps'}
{'statusCode': 0, 'package': '@0xsequence/abi_0.36.8', 'message': 'no deps or dev-deps'}
{'statusCode': 0, 'package': '@0xsequence/abi_0.36.9', 'message': 'no deps or dev-deps'}
{'statusCode': 0, 'package': '@0xsequence/abi_0.36.10', 'message': 'no deps or dev-deps'}
{'statusCode': 0, 'package': '@0xsequence/abi_0.0.0-20220418165517', 'message': 'no deps or dev-deps'}
{'statusCode': 0, 'package': '@0xsequence/abi_0.36.11', 'message': 'no deps or dev-deps'}
{'statusCode': 0, 'package': '@0xsequence/abi_0.0.0-20220425195445', 'message': 'no deps or dev-deps'}
{'statusCode': 0, 'package': '@0xsequence/abi_0.36.12', 'message': 'no deps or dev-deps'}
{'statusCode': 0, 'package': '@0xsequence/abi_0.0.0-20220427054350', 'message': 'no deps or dev-deps'}
{'statusCode': 0, 'package': '@0xsequence/abi_0.0.0-20220427055332', 'message': 'no deps or dev-deps'}
{'statusCode': 0, 'package': '@0xsequence/abi_0.0.0-20220427161307', 'message': 'no deps or dev-deps'}
{'statusCode': 0, 'package': '@0xsequence/abi_0.0.0-20220427162812', 'message': 'no deps or dev-deps'}
{'statusCode': 0, 'package': '@0xsequence/abi_0.36.13', 'message': 'no deps or dev-deps'}
{'statusCode': 0, 'package': '@0xsequence/abi_0.37.0', 'message': 'no deps or dev-deps'}
{'statusCode': 0, 'package': '@0xsequence/abi_0.37.1', 'message': 'no deps or dev-deps'}
{'statusCode': 0, 'package': '@0xsequence/abi_0.0.0-20220506174803', 'message': 'no deps or dev-deps'}
{'statusCode': 0, 'package': '@0xsequence/abi_0.0.0-20220506195001', 'message': 'no deps or dev-deps'}
{'statusCode': 0, 'package': '@0xsequence/abi_0.0.0-20220513134147', 'message': 'no deps or dev-deps'}
{'statusCode': 0, 'package': '@0xsequence/abi_0.38.0', 'message': 'no deps or dev-deps'}
{'statusCode': 0, 'package': '@0xsequence/abi_0.38.1', 'message': 'no deps or dev-deps'}
{'statusCode': 0, 'package': '@0xsequence/abi_0.38.2', 'message': 'no deps or dev-deps'}
{'statusCode': 0, 'package': '@0xsequence/abi_0.39.0', 'message': 'no deps or dev-deps'}
{'statusCode': 0, 'package': '@0xsequence/abi_0.0.0-20220519151110', 'message': 'no deps or dev-deps'}
{'statusCode': 0, 'package': '@0xsequence/abi_0.0.0-20220519202656', 'message': 'no deps or dev-deps'}
{'statusCode': 0, 'package': '@0xsequence/abi_0.0.0-20220601185217', 'message': 'no deps or dev-deps'}
{'statusCode': 0, 'package': '@0xsequence/abi_0.39.1', 'message': 'no deps or dev-deps'}
{'statusCode': 0, 'package': '@0xsequence/abi_0.39.2', 'message': 'no deps or dev-deps'}
{'statusCode': 0, 'package': '@0xsequence/abi_0.0.0-20220609204505', 'message': 'no deps or dev-deps'}
{'statusCode': 0, 'package': '@0xsequence/abi_0.0.0-20220610134843', 'message': 'no deps or dev-deps'}
{'statusCode': 0, 'package': '@0xsequence/abi_0.39.3', 'message': 'no deps or dev-deps'}
{'statusCode': 0, 'package': '@0xsequence/abi_0.0.0-20220614152529', 'message': 'no deps or dev-deps'}
{'statusCode': 0, 'package': '@0xsequence/abi_0.0.0-20220616121217', 'message': 'no deps or dev-deps'}
{'statusCode': 0, 'package': '@0xsequence/abi_0.39.4', 'message': 'no deps or dev-deps'}
{'statusCode': 0, 'package': '@0xsequence/abi_0.39.5', 'message': 'no deps or dev-deps'}
{'statusCode': 0, 'package': '@0xsequence/abi_0.39.6', 'message': 'no deps or dev-deps'}
{'statusCode': 0, 'package': '@0xsequence/abi_0.0.0-26b08ee9-20220629135033', 'message': 'no deps or dev-deps'}
{'statusCode': 0, 'package': '@0xsequence/abi_0.0.0-cdbb3137-20220630190630', 'message': 'no deps or dev-deps'}
{'statusCode': 0, 'package': '@0xsequence/abi_0.0.0-cdbb3137-20220630191603', 'message': 'no deps or dev-deps'}
{'statusCode': 0, 'package': '@0xsequence/abi_0.0.0-cdbb3137-20220630192830', 'message': 'no deps or dev-deps'}
{'statusCode': 0, 'package': '@0xsequence/abi_0.0.0-20220630194654', 'message': 'no deps or dev-deps'}
{'statusCode': 0, 'package': '@0xsequence/abi_0.0.0-20220630211555', 'message': 'no deps or dev-deps'}
{'statusCode': 0, 'package': '@0xsequence/abi_0.0.0-20220630215108', 'message': 'no deps or dev-deps'}
{'statusCode': 0, 'package': '@0xsequence/abi_0.0.0-20220703182449', 'message': 'no deps or dev-deps'}
{'statusCode': 0, 'package': '@0xsequence/abi_0.0.0-20220704043930', 'message': 'no deps or dev-deps'}
{'statusCode': 0, 'package': '@0xsequence/abi_0.0.0-20220706193010', 'message': 'no deps or dev-deps'}
{'statusCode': 0, 'package': '@0xsequence/abi_0.0.0-20220710174545', 'message': 'no deps or dev-deps'}
{'statusCode': 0, 'package': '@0xsequence/abi_0.0.0-coolcats-0.36.12-20220711222640', 'message': 'no deps or dev-deps'}
{'statusCode': 0, 'package': '@0xsequence/abi_0.40.0', 'message': 'no deps or dev-deps'}
{'statusCode': 0, 'package': '@0xsequence/abi_0.40.1', 'message': 'no deps or dev-deps'}
{'statusCode': 0, 'package': '@0xsequence/abi_0.0.0-20220713211319', 'message': 'no deps or dev-deps'}
{'statusCode': 0, 'package': '@0xsequence/abi_0.0.0-20220714164224', 'message': 'no deps or dev-deps'}
{'statusCode': 0, 'package': '@0xsequence/abi_0.40.2', 'message': 'no deps or dev-deps'}
{'statusCode': 0, 'package': '@0xsequence/abi_0.0.0-20220719173737', 'message': 'no deps or dev-deps'}
{'statusCode': 0, 'package': '@0xsequence/abi_0.0.0-20220722145329', 'message': 'no deps or dev-deps'}
{'statusCode': 0, 'package': '@0xsequence/abi_0.0.0-20220725200200', 'message': 'no deps or dev-deps'}
{'statusCode': 0, 'package': '@0xsequence/abi_0.40.3', 'message': 'no deps or dev-deps'}
{'statusCode': 0, 'package': '@0xsequence/abi_0.0.0-20220728141414', 'message': 'no deps or dev-deps'}
{'statusCode': 0, 'package': '@0xsequence/abi_0.40.4', 'message': 'no deps or dev-deps'}
{'statusCode': 0, 'package': '@0xsequence/abi_0.0.0-20220728215555', 'message': 'no deps or dev-deps'}
{'statusCode': 0, 'package': '@0xsequence/abi_0.40.5', 'message': 'no deps or dev-deps'}
{'statusCode': 0, 'package': '@0xsequence/abi_0.0.0-20220804202525', 'message': 'no deps or dev-deps'}
{'statusCode': 0, 'package': '@0xsequence/abi_0.40.6', 'message': 'no deps or dev-deps'}
{'statusCode': 0, 'package': '@0xsequence/abi_0.0.0-20220825181818', 'message': 'no deps or dev-deps'}
{'statusCode': 0, 'package': '@0xsequence/abi_0.0.0-20220825190100', 'message': 'no deps or dev-deps'}
{'statusCode': 0, 'package': '@0xsequence/abi_0.41.0', 'message': 'no deps or dev-deps'}
{'statusCode': 0, 'package': '@0xsequence/abi_0.41.1', 'message': 'no deps or dev-deps'}
{'statusCode': 0, 'package': '@0xsequence/abi_0.41.2', 'message': 'no deps or dev-deps'}
{'statusCode': 0, 'package': '@0xsequence/abi_0.41.3', 'message': 'no deps or dev-deps'}
{'statusCode': 0, 'package': '@0xsequence/abi_0.42.0', 'message': 'no deps or dev-deps'}
{'statusCode': 0, 'package': '@0xsequence/abi_0.42.1', 'message': 'no deps or dev-deps'}
{'statusCode': 0, 'package': '@0xsequence/abi_0.42.2', 'message': 'no deps or dev-deps'}
{'statusCode': 0, 'package': '@0xsequence/abi_0.42.3', 'message': 'no deps or dev-deps'}
{'statusCode': 0, 'package': '@0xsequence/abi_0.42.4', 'message': 'no deps or dev-deps'}
{'statusCode': 0, 'package': '@0xsequence/abi_0.42.5', 'message': 'no deps or dev-deps'}
{'statusCode': 0, 'package': '@0xsequence/abi_0.42.6', 'message': 'no deps or dev-deps'}
{'statusCode': 0, 'package': '@0xsequence/abi_0.42.7', 'message': 'no deps or dev-deps'}
{'statusCode': 0, 'package': '@0xsequence/abi_0.42.8', 'message': 'no deps or dev-deps'}
{'statusCode': 0, 'package': '@0xsequence/abi_0.42.9', 'message': 'no deps or dev-deps'}
{'statusCode': 0, 'package': '@0xsequence/abi_0.42.10', 'message': 'no deps or dev-deps'}
{'statusCode': 0, 'package': '@0xsequence/abi_0.43.0', 'message': 'no deps or dev-deps'}
{'statusCode': 0, 'package': '@0xsequence/abi_0.43.1', 'message': 'no deps or dev-deps'}
{'statusCode': 0, 'package': '@0xsequence/abi_0.43.2', 'message': 'no deps or dev-deps'}
{'statusCode': 0, 'package': '@0xsequence/abi_0.43.3', 'message': 'no deps or dev-deps'}
{'statusCode': 0, 'package': '@0xsequence/abi_0.0.0-20221124173317', 'message': 'no deps or dev-deps'}
{'statusCode': 0, 'package': '@0xsequence/abi_0.43.4', 'message': 'no deps or dev-deps'}
{'statusCode': 0, 'package': '@0xsequence/abi_0.43.5', 'message': 'no deps or dev-deps'}
{'statusCode': 0, 'package': '@0xsequence/abi_0.43.6', 'message': 'no deps or dev-deps'}
{'statusCode': 0, 'package': '@0xsequence/abi_0.43.7', 'message': 'no deps or dev-deps'}
{'statusCode': 0, 'package': '@0xsequence/abi_0.7.0', 'message': 'no deps or dev-deps'}
{'statusCode': 0, 'package': '@0xsequence/abi_0.8.0', 'message': 'no deps or dev-deps'}
{'statusCode': 0, 'package': '@0xsequence/abi_0.8.1', 'message': 'no deps or dev-deps'}
{'statusCode': 0, 'package': '@0xsequence/abi_0.8.2', 'message': 'no deps or dev-deps'}
{'statusCode': 0, 'package': '@0xsequence/abi_0.8.3', 'message': 'no deps or dev-deps'}
{'statusCode': 0, 'package': '@0xsequence/abi_0.8.4', 'message': 'no deps or dev-deps'}
{'statusCode': 0, 'package': '@0xsequence/abi_0.8.5', 'message': 'no deps or dev-deps'}
{'statusCode': 0, 'package': '@0xsequence/abi_0.9.1', 'message': 'no deps or dev-deps'}
{'statusCode': 0, 'package': '@0xsequence/abi_0.9.3', 'message': 'no deps or dev-deps'}
{'statusCode': 0, 'package': '@0xsequence/abi_0.9.6', 'message': 'no deps or dev-deps'}
{'statusCode': 0, 'package': '@0xsequence/abi_0.10.0', 'message': 'no deps or dev-deps'}
{'statusCode': 0, 'package': '@0xsequence/abi_0.10.1', 'message': 'no deps or dev-deps'}
{'statusCode': 0, 'package': '@0xsequence/abi_0.10.2', 'message': 'no deps or dev-deps'}
{'statusCode': 0, 'package': '@0xsequence/abi_0.10.3', 'message': 'no deps or dev-deps'}
{'statusCode': 0, 'package': '@0xsequence/abi_0.10.4', 'message': 'no deps or dev-deps'}
{'statusCode': 0, 'package': '@0xsequence/abi_0.10.5', 'message': 'no deps or dev-deps'}
{'statusCode': 0, 'package': '@0xsequence/abi_0.10.6', 'message': 'no deps or dev-deps'}
{'statusCode': 0, 'package': '@0xsequence/abi_0.10.7', 'message': 'no deps or dev-deps'}
{'statusCode': 0, 'package': '@0xsequence/abi_0.10.8', 'message': 'no deps or dev-deps'}
{'statusCode': 0, 'package': '@0xsequence/abi_0.10.9', 'message': 'no deps or dev-deps'}
{'statusCode': 0, 'package': '@0xsequence/abi_0.11.0', 'message': 'no deps or dev-deps'}
{'statusCode': 0, 'package': '@0xsequence/abi_0.11.1', 'message': 'no deps or dev-deps'}
{'statusCode': 0, 'package': '@0xsequence/abi_0.11.2', 'message': 'no deps or dev-deps'}
{'statusCode': 0, 'package': '@0xsequence/abi_0.11.3', 'message': 'no deps or dev-deps'}
{'statusCode': 0, 'package': '@0xsequence/abi_0.11.4', 'message': 'no deps or dev-deps'}
{'statusCode': 0, 'package': '@0xsequence/abi_0.12.0', 'message': 'no deps or dev-deps'}
{'statusCode': 0, 'package': '@0xsequence/abi_0.12.1', 'message': 'no deps or dev-deps'}
{'statusCode': 0, 'package': '@0xsequence/abi_0.13.0', 'message': 'no deps or dev-deps'}
{'statusCode': 0, 'package': '@0xsequence/abi_0.14.0', 'message': 'no deps or dev-deps'}
{'statusCode': 0, 'package': '@0xsequence/abi_0.14.3', 'message': 'no deps or dev-deps'}
{'statusCode': 0, 'package': '@0xsequence/abi_0.15.1', 'message': 'no deps or dev-deps'}
{'statusCode': 0, 'package': '@0xsequence/abi_0.16.0', 'message': 'no deps or dev-deps'}
{'statusCode': 0, 'package': '@0xsequence/abi_0.18.0', 'message': 'no deps or dev-deps'}
{'statusCode': 0, 'package': '@0xsequence/abi_0.19.0', 'message': 'no deps or dev-deps'}
{'statusCode': 0, 'package': '@0xsequence/abi_0.19.2', 'message': 'no deps or dev-deps'}
{'statusCode': 0, 'package': '@0xsequence/abi_0.19.3', 'message': 'no deps or dev-deps'}
{'statusCode': 0, 'package': '@0xsequence/abi_0.21.0', 'message': 'no deps or dev-deps'}
{'statusCode': 0, 'package': '@0xsequence/abi_0.21.2', 'message': 'no deps or dev-deps'}
{'statusCode': 0, 'package': '@0xsequence/abi_0.21.3', 'message': 'no deps or dev-deps'}
{'statusCode': 0, 'package': '@0xsequence/abi_0.21.4', 'message': 'no deps or dev-deps'}
{'statusCode': 0, 'package': '@0xsequence/abi_0.21.5', 'message': 'no deps or dev-deps'}
{'statusCode': 0, 'package': '@0xsequence/abi_0.22.0', 'message': 'no deps or dev-deps'}
{'statusCode': 0, 'package': '@0xsequence/abi_0.22.1', 'message': 'no deps or dev-deps'}
{'statusCode': 0, 'package': '@0xsequence/abi_0.22.2', 'message': 'no deps or dev-deps'}
{'statusCode': 0, 'package': '@0xsequence/abi_0.23.0', 'message': 'no deps or dev-deps'}
{'statusCode': 0, 'package': '@0xsequence/abi_0.25.0', 'message': 'no deps or dev-deps'}
{'statusCode': 0, 'package': '@0xsequence/abi_0.25.1', 'message': 'no deps or dev-deps'}
{'statusCode': 0, 'package': '@0xsequence/abi_0.27.0', 'message': 'no deps or dev-deps'}
{'statusCode': 0, 'package': '@0xsequence/abi_0.28.0', 'message': 'no deps or dev-deps'}
{'statusCode': 0, 'package': '@0xsequence/abi_0.0.0-202182516517', 'message': 'no deps or dev-deps'}
{'statusCode': 0, 'package': '@0xsequence/abi_0.0.0-202182517435', 'message': 'no deps or dev-deps'}
{'statusCode': 0, 'package': '@0xsequence/abi_0.0.0-2021827201516', 'message': 'no deps or dev-deps'}
{'statusCode': 0, 'package': '@0xsequence/abi_0.29.0', 'message': 'no deps or dev-deps'}
{'statusCode': 0, 'package': '@0xsequence/abi_0.29.8', 'message': 'no deps or dev-deps'}
{'statusCode': 0, 'package': '@0xsequence/abi_0.30.0', 'message': 'no deps or dev-deps'}
{'statusCode': 0, 'package': '@0xsequence/abi_0.31.0', 'message': 'no deps or dev-deps'}
{'statusCode': 0, 'package': '@0xsequence/abi_0.34.0', 'message': 'no deps or dev-deps'}
{'statusCode': 0, 'package': '@0xsequence/abi_0.35.0', 'message': 'no deps or dev-deps'}
{'statusCode': 0, 'package': '@0xsequence/abi_0.35.1', 'message': 'no deps or dev-deps'}
{'statusCode': 0, 'package': '@0xsequence/abi_0.35.2', 'message': 'no deps or dev-deps'}
{'statusCode': 0, 'package': '@0xsequence/abi_0.35.3', 'message': 'no deps or dev-deps'}
{'statusCode': 0, 'package': '@0xsequence/abi_0.35.4', 'message': 'no deps or dev-deps'}
{'statusCode': 0, 'package': '@0xsequence/abi_0.35.5', 'message': 'no deps or dev-deps'}
{'statusCode': 0, 'package': '@0xsequence/abi_0.35.6', 'message': 'no deps or dev-deps'}
{'statusCode': 0, 'package': '@0xsequence/abi_0.35.7', 'message': 'no deps or dev-deps'}
{'statusCode': 0, 'package': '@0xsequence/abi_0.35.8', 'message': 'no deps or dev-deps'}
{'statusCode': 0, 'package': '@0xsequence/abi_0.35.9', 'message': 'no deps or dev-deps'}
{'statusCode': 0, 'package': '@0xsequence/abi_0.35.10', 'message': 'no deps or dev-deps'}
{'statusCode': 0, 'package': '@0xsequence/abi_0.35.11', 'message': 'no deps or dev-deps'}
{'statusCode': 0, 'package': '@0xsequence/abi_0.35.12', 'message': 'no deps or dev-deps'}
{'statusCode': 0, 'package': '@0xsequence/abi_0.36.0', 'message': 'no deps or dev-deps'}
{'statusCode': 0, 'package': '@0xsequence/abi_0.36.1', 'message': 'no deps or dev-deps'}
{'statusCode': 0, 'package': '@0xsequence/abi_0.36.2', 'message': 'no deps or dev-deps'}
{'statusCode': 0, 'package': '@0xsequence/abi_0.36.3', 'message': 'no deps or dev-deps'}
{'statusCode': 0, 'package': '@0xsequence/abi_0.36.4', 'message': 'no deps or dev-deps'}
{'statusCode': 0, 'package': '@0xsequence/abi_0.36.5', 'message': 'no deps or dev-deps'}
{'statusCode': 0, 'package': '@0xsequence/abi_0.36.6', 'message': 'no deps or dev-deps'}
{'statusCode': 0, 'package': '@0xsequence/abi_0.36.7', 'message': 'no deps or dev-deps'}
{'statusCode': 0, 'package': '@0xsequence/abi_0.36.8', 'message': 'no deps or dev-deps'}
{'statusCode': 0, 'package': '@0xsequence/abi_0.36.9', 'message': 'no deps or dev-deps'}
{'statusCode': 0, 'package': '@0xsequence/abi_0.36.10', 'message': 'no deps or dev-deps'}
{'statusCode': 0, 'package': '@0xsequence/abi_0.0.0-20220418165517', 'message': 'no deps or dev-deps'}
{'statusCode': 0, 'package': '@0xsequence/abi_0.36.11', 'message': 'no deps or dev-deps'}
{'statusCode': 0, 'package': '@0xsequence/abi_0.0.0-20220425195445', 'message': 'no deps or dev-deps'}
{'statusCode': 0, 'package': '@0xsequence/abi_0.36.12', 'message': 'no deps or dev-deps'}
{'statusCode': 0, 'package': '@0xsequence/abi_0.0.0-20220427054350', 'message': 'no deps or dev-deps'}
{'statusCode': 0, 'package': '@0xsequence/abi_0.0.0-20220427055332', 'message': 'no deps or dev-deps'}
{'statusCode': 0, 'package': '@0xsequence/abi_0.0.0-20220427161307', 'message': 'no deps or dev-deps'}
{'statusCode': 0, 'package': '@0xsequence/abi_0.0.0-20220427162812', 'message': 'no deps or dev-deps'}
{'statusCode': 0, 'package': '@0xsequence/abi_0.36.13', 'message': 'no deps or dev-deps'}
{'statusCode': 0, 'package': '@0xsequence/abi_0.37.0', 'message': 'no deps or dev-deps'}
{'statusCode': 0, 'package': '@0xsequence/abi_0.37.1', 'message': 'no deps or dev-deps'}
{'statusCode': 0, 'package': '@0xsequence/abi_0.0.0-20220506174803', 'message': 'no deps or dev-deps'}
{'statusCode': 0, 'package': '@0xsequence/abi_0.0.0-20220506195001', 'message': 'no deps or dev-deps'}
{'statusCode': 0, 'package': '@0xsequence/abi_0.0.0-20220513134147', 'message': 'no deps or dev-deps'}
{'statusCode': 0, 'package': '@0xsequence/abi_0.38.0', 'message': 'no deps or dev-deps'}
{'statusCode': 0, 'package': '@0xsequence/abi_0.38.1', 'message': 'no deps or dev-deps'}
{'statusCode': 0, 'package': '@0xsequence/abi_0.38.2', 'message': 'no deps or dev-deps'}
{'statusCode': 0, 'package': '@0xsequence/abi_0.39.0', 'message': 'no deps or dev-deps'}
{'statusCode': 0, 'package': '@0xsequence/abi_0.0.0-20220519151110', 'message': 'no deps or dev-deps'}
{'statusCode': 0, 'package': '@0xsequence/abi_0.0.0-20220519202656', 'message': 'no deps or dev-deps'}
{'statusCode': 0, 'package': '@0xsequence/abi_0.0.0-20220601185217', 'message': 'no deps or dev-deps'}
{'statusCode': 0, 'package': '@0xsequence/abi_0.39.1', 'message': 'no deps or dev-deps'}
{'statusCode': 0, 'package': '@0xsequence/abi_0.39.2', 'message': 'no deps or dev-deps'}
{'statusCode': 0, 'package': '@0xsequence/abi_0.0.0-20220609204505', 'message': 'no deps or dev-deps'}
{'statusCode': 0, 'package': '@0xsequence/abi_0.0.0-20220610134843', 'message': 'no deps or dev-deps'}
{'statusCode': 0, 'package': '@0xsequence/abi_0.39.3', 'message': 'no deps or dev-deps'}
{'statusCode': 0, 'package': '@0xsequence/abi_0.0.0-20220614152529', 'message': 'no deps or dev-deps'}
{'statusCode': 0, 'package': '@0xsequence/abi_0.0.0-20220616121217', 'message': 'no deps or dev-deps'}
{'statusCode': 0, 'package': '@0xsequence/abi_0.39.4', 'message': 'no deps or dev-deps'}
{'statusCode': 0, 'package': '@0xsequence/abi_0.39.5', 'message': 'no deps or dev-deps'}
{'statusCode': 0, 'package': '@0xsequence/abi_0.39.6', 'message': 'no deps or dev-deps'}
{'statusCode': 0, 'package': '@0xsequence/abi_0.0.0-26b08ee9-20220629135033', 'message': 'no deps or dev-deps'}
{'statusCode': 0, 'package': '@0xsequence/abi_0.0.0-cdbb3137-20220630190630', 'message': 'no deps or dev-deps'}
{'statusCode': 0, 'package': '@0xsequence/abi_0.0.0-cdbb3137-20220630191603', 'message': 'no deps or dev-deps'}
{'statusCode': 0, 'package': '@0xsequence/abi_0.0.0-cdbb3137-20220630192830', 'message': 'no deps or dev-deps'}
{'statusCode': 0, 'package': '@0xsequence/abi_0.0.0-20220630194654', 'message': 'no deps or dev-deps'}
{'statusCode': 0, 'package': '@0xsequence/abi_0.0.0-20220630211555', 'message': 'no deps or dev-deps'}
{'statusCode': 0, 'package': '@0xsequence/abi_0.0.0-20220630215108', 'message': 'no deps or dev-deps'}
{'statusCode': 0, 'package': '@0xsequence/abi_0.0.0-20220703182449', 'message': 'no deps or dev-deps'}
{'statusCode': 0, 'package': '@0xsequence/abi_0.0.0-20220704043930', 'message': 'no deps or dev-deps'}
{'statusCode': 0, 'package': '@0xsequence/abi_0.0.0-20220706193010', 'message': 'no deps or dev-deps'}
{'statusCode': 0, 'package': '@0xsequence/abi_0.0.0-20220710174545', 'message': 'no deps or dev-deps'}
{'statusCode': 0, 'package': '@0xsequence/abi_0.0.0-coolcats-0.36.12-20220711222640', 'message': 'no deps or dev-deps'}
{'statusCode': 0, 'package': '@0xsequence/abi_0.40.0', 'message': 'no deps or dev-deps'}
{'statusCode': 0, 'package': '@0xsequence/abi_0.40.1', 'message': 'no deps or dev-deps'}
{'statusCode': 0, 'package': '@0xsequence/abi_0.0.0-20220713211319', 'message': 'no deps or dev-deps'}
{'statusCode': 0, 'package': '@0xsequence/abi_0.0.0-20220714164224', 'message': 'no deps or dev-deps'}
{'statusCode': 0, 'package': '@0xsequence/abi_0.40.2', 'message': 'no deps or dev-deps'}
{'statusCode': 0, 'package': '@0xsequence/abi_0.0.0-20220719173737', 'message': 'no deps or dev-deps'}
{'statusCode': 0, 'package': '@0xsequence/abi_0.0.0-20220722145329', 'message': 'no deps or dev-deps'}
{'statusCode': 0, 'package': '@0xsequence/abi_0.0.0-20220725200200', 'message': 'no deps or dev-deps'}
{'statusCode': 0, 'package': '@0xsequence/abi_0.40.3', 'message': 'no deps or dev-deps'}
{'statusCode': 0, 'package': '@0xsequence/abi_0.0.0-20220728141414', 'message': 'no deps or dev-deps'}
{'statusCode': 0, 'package': '@0xsequence/abi_0.40.4', 'message': 'no deps or dev-deps'}
{'statusCode': 0, 'package': '@0xsequence/abi_0.0.0-20220728215555', 'message': 'no deps or dev-deps'}
{'statusCode': 0, 'package': '@0xsequence/abi_0.40.5', 'message': 'no deps or dev-deps'}
{'statusCode': 0, 'package': '@0xsequence/abi_0.0.0-20220804202525', 'message': 'no deps or dev-deps'}
{'statusCode': 0, 'package': '@0xsequence/abi_0.40.6', 'message': 'no deps or dev-deps'}
{'statusCode': 0, 'package': '@0xsequence/abi_0.0.0-20220825181818', 'message': 'no deps or dev-deps'}
{'statusCode': 0, 'package': '@0xsequence/abi_0.0.0-20220825190100', 'message': 'no deps or dev-deps'}
{'statusCode': 0, 'package': '@0xsequence/abi_0.41.0', 'message': 'no deps or dev-deps'}
{'statusCode': 0, 'package': '@0xsequence/abi_0.41.1', 'message': 'no deps or dev-deps'}
{'statusCode': 0, 'package': '@0xsequence/abi_0.41.2', 'message': 'no deps or dev-deps'}
{'statusCode': 0, 'package': '@0xsequence/abi_0.41.3', 'message': 'no deps or dev-deps'}
{'statusCode': 0, 'package': '@0xsequence/abi_0.42.0', 'message': 'no deps or dev-deps'}
{'statusCode': 0, 'package': '@0xsequence/abi_0.42.1', 'message': 'no deps or dev-deps'}
{'statusCode': 0, 'package': '@0xsequence/abi_0.42.2', 'message': 'no deps or dev-deps'}
{'statusCode': 0, 'package': '@0xsequence/abi_0.42.3', 'message': 'no deps or dev-deps'}
{'statusCode': 0, 'package': '@0xsequence/abi_0.42.4', 'message': 'no deps or dev-deps'}
{'statusCode': 0, 'package': '@0xsequence/abi_0.42.5', 'message': 'no deps or dev-deps'}
{'statusCode': 0, 'package': '@0xsequence/abi_0.42.6', 'message': 'no deps or dev-deps'}
{'statusCode': 0, 'package': '@0xsequence/abi_0.42.7', 'message': 'no deps or dev-deps'}
{'statusCode': 0, 'package': '@0xsequence/abi_0.42.8', 'message': 'no deps or dev-deps'}
{'statusCode': 0, 'package': '@0xsequence/abi_0.42.9', 'message': 'no deps or dev-deps'}
{'statusCode': 0, 'package': '@0xsequence/abi_0.42.10', 'message': 'no deps or dev-deps'}
{'statusCode': 0, 'package': '@0xsequence/abi_0.43.0', 'message': 'no deps or dev-deps'}
{'statusCode': 0, 'package': '@0xsequence/abi_0.43.1', 'message': 'no deps or dev-deps'}
{'statusCode': 0, 'package': '@0xsequence/abi_0.43.2', 'message': 'no deps or dev-deps'}
{'statusCode': 0, 'package': '@0xsequence/abi_0.43.3', 'message': 'no deps or dev-deps'}
{'statusCode': 0, 'package': '@0xsequence/abi_0.0.0-20221124173317', 'message': 'no deps or dev-deps'}
{'statusCode': 0, 'package': '@0xsequence/abi_0.43.4', 'message': 'no deps or dev-deps'}
{'statusCode': 0, 'package': '@0xsequence/abi_0.43.5', 'message': 'no deps or dev-deps'}
{'statusCode': 0, 'package': '@0xsequence/abi_0.43.6', 'message': 'no deps or dev-deps'}
{'statusCode': 0, 'package': '@0xsequence/abi_0.43.7', 'message': 'no deps or dev-deps'}
{'statusCode': 0, 'package': '@0xsequence/abi_0.7.0', 'message': 'no deps or dev-deps'}
{'statusCode': 0, 'package': '@0xsequence/abi_0.8.0', 'message': 'no deps or dev-deps'}
{'statusCode': 0, 'package': '@0xsequence/abi_0.8.1', 'message': 'no deps or dev-deps'}
{'statusCode': 0, 'package': '@0xsequence/abi_0.8.2', 'message': 'no deps or dev-deps'}
{'statusCode': 0, 'package': '@0xsequence/abi_0.8.3', 'message': 'no deps or dev-deps'}
{'statusCode': 0, 'package': '@0xsequence/abi_0.8.4', 'message': 'no deps or dev-deps'}
{'statusCode': 0, 'package': '@0xsequence/abi_0.8.5', 'message': 'no deps or dev-deps'}
{'statusCode': 0, 'package': '@0xsequence/abi_0.9.1', 'message': 'no deps or dev-deps'}
{'statusCode': 0, 'package': '@0xsequence/abi_0.9.3', 'message': 'no deps or dev-deps'}
{'statusCode': 0, 'package': '@0xsequence/abi_0.9.6', 'message': 'no deps or dev-deps'}
{'statusCode': 0, 'package': '@0xsequence/abi_0.10.0', 'message': 'no deps or dev-deps'}
{'statusCode': 0, 'package': '@0xsequence/abi_0.10.1', 'message': 'no deps or dev-deps'}
{'statusCode': 0, 'package': '@0xsequence/abi_0.10.2', 'message': 'no deps or dev-deps'}
{'statusCode': 0, 'package': '@0xsequence/abi_0.10.3', 'message': 'no deps or dev-deps'}
{'statusCode': 0, 'package': '@0xsequence/abi_0.10.4', 'message': 'no deps or dev-deps'}
{'statusCode': 0, 'package': '@0xsequence/abi_0.10.5', 'message': 'no deps or dev-deps'}
{'statusCode': 0, 'package': '@0xsequence/abi_0.10.6', 'message': 'no deps or dev-deps'}
{'statusCode': 0, 'package': '@0xsequence/abi_0.10.7', 'message': 'no deps or dev-deps'}
{'statusCode': 0, 'package': '@0xsequence/abi_0.10.8', 'message': 'no deps or dev-deps'}
{'statusCode': 0, 'package': '@0xsequence/abi_0.10.9', 'message': 'no deps or dev-deps'}
{'statusCode': 0, 'package': '@0xsequence/abi_0.11.0', 'message': 'no deps or dev-deps'}
{'statusCode': 0, 'package': '@0xsequence/abi_0.11.1', 'message': 'no deps or dev-deps'}
{'statusCode': 0, 'package': '@0xsequence/abi_0.11.2', 'message': 'no deps or dev-deps'}
{'statusCode': 0, 'package': '@0xsequence/abi_0.11.3', 'message': 'no deps or dev-deps'}
{'statusCode': 0, 'package': '@0xsequence/abi_0.11.4', 'message': 'no deps or dev-deps'}
{'statusCode': 0, 'package': '@0xsequence/abi_0.12.0', 'message': 'no deps or dev-deps'}
{'statusCode': 0, 'package': '@0xsequence/abi_0.12.1', 'message': 'no deps or dev-deps'}
{'statusCode': 0, 'package': '@0xsequence/abi_0.13.0', 'message': 'no deps or dev-deps'}
{'statusCode': 0, 'package': '@0xsequence/abi_0.14.0', 'message': 'no deps or dev-deps'}
{'statusCode': 0, 'package': '@0xsequence/abi_0.14.3', 'message': 'no deps or dev-deps'}
{'statusCode': 0, 'package': '@0xsequence/abi_0.15.1', 'message': 'no deps or dev-deps'}
{'statusCode': 0, 'package': '@0xsequence/abi_0.16.0', 'message': 'no deps or dev-deps'}
{'statusCode': 0, 'package': '@0xsequence/abi_0.18.0', 'message': 'no deps or dev-deps'}
{'statusCode': 0, 'package': '@0xsequence/abi_0.19.0', 'message': 'no deps or dev-deps'}
{'statusCode': 0, 'package': '@0xsequence/abi_0.19.2', 'message': 'no deps or dev-deps'}
{'statusCode': 0, 'package': '@0xsequence/abi_0.19.3', 'message': 'no deps or dev-deps'}
{'statusCode': 0, 'package': '@0xsequence/abi_0.21.0', 'message': 'no deps or dev-deps'}
{'statusCode': 0, 'package': '@0xsequence/abi_0.21.2', 'message': 'no deps or dev-deps'}
{'statusCode': 0, 'package': '@0xsequence/abi_0.21.3', 'message': 'no deps or dev-deps'}
{'statusCode': 0, 'package': '@0xsequence/abi_0.21.4', 'message': 'no deps or dev-deps'}
{'statusCode': 0, 'package': '@0xsequence/abi_0.21.5', 'message': 'no deps or dev-deps'}
{'statusCode': 0, 'package': '@0xsequence/abi_0.22.0', 'message': 'no deps or dev-deps'}
{'statusCode': 0, 'package': '@0xsequence/abi_0.22.1', 'message': 'no deps or dev-deps'}
{'statusCode': 0, 'package': '@0xsequence/abi_0.22.2', 'message': 'no deps or dev-deps'}
{'statusCode': 0, 'package': '@0xsequence/abi_0.23.0', 'message': 'no deps or dev-deps'}
{'statusCode': 0, 'package': '@0xsequence/abi_0.25.0', 'message': 'no deps or dev-deps'}
{'statusCode': 0, 'package': '@0xsequence/abi_0.25.1', 'message': 'no deps or dev-deps'}
{'statusCode': 0, 'package': '@0xsequence/abi_0.27.0', 'message': 'no deps or dev-deps'}
{'statusCode': 0, 'package': '@0xsequence/abi_0.28.0', 'message': 'no deps or dev-deps'}
{'statusCode': 0, 'package': '@0xsequence/abi_0.0.0-202182516517', 'message': 'no deps or dev-deps'}
{'statusCode': 0, 'package': '@0xsequence/abi_0.0.0-202182517435', 'message': 'no deps or dev-deps'}
{'statusCode': 0, 'package': '@0xsequence/abi_0.0.0-2021827201516', 'message': 'no deps or dev-deps'}
{'statusCode': 0, 'package': '@0xsequence/abi_0.29.0', 'message': 'no deps or dev-deps'}
{'statusCode': 0, 'package': '@0xsequence/abi_0.29.8', 'message': 'no deps or dev-deps'}
{'statusCode': 0, 'package': '@0xsequence/abi_0.30.0', 'message': 'no deps or dev-deps'}
{'statusCode': 0, 'package': '@0xsequence/abi_0.31.0', 'message': 'no deps or dev-deps'}
{'statusCode': 0, 'package': '@0xsequence/abi_0.34.0', 'message': 'no deps or dev-deps'}
{'statusCode': 0, 'package': '@0xsequence/abi_0.35.0', 'message': 'no deps or dev-deps'}
{'statusCode': 0, 'package': '@0xsequence/abi_0.35.1', 'message': 'no deps or dev-deps'}
{'statusCode': 0, 'package': '@0xsequence/abi_0.35.2', 'message': 'no deps or dev-deps'}
{'statusCode': 0, 'package': '@0xsequence/abi_0.35.3', 'message': 'no deps or dev-deps'}
{'statusCode': 0, 'package': '@0xsequence/abi_0.35.4', 'message': 'no deps or dev-deps'}
{'statusCode': 0, 'package': '@0xsequence/abi_0.35.5', 'message': 'no deps or dev-deps'}
{'statusCode': 0, 'package': '@0xsequence/abi_0.35.6', 'message': 'no deps or dev-deps'}
{'statusCode': 0, 'package': '@0xsequence/abi_0.35.7', 'message': 'no deps or dev-deps'}
{'statusCode': 0, 'package': '@0xsequence/abi_0.35.8', 'message': 'no deps or dev-deps'}
{'statusCode': 0, 'package': '@0xsequence/abi_0.35.9', 'message': 'no deps or dev-deps'}
{'statusCode': 0, 'package': '@0xsequence/abi_0.35.10', 'message': 'no deps or dev-deps'}
{'statusCode': 0, 'package': '@0xsequence/abi_0.35.11', 'message': 'no deps or dev-deps'}
{'statusCode': 0, 'package': '@0xsequence/abi_0.35.12', 'message': 'no deps or dev-deps'}
{'statusCode': 0, 'package': '@0xsequence/abi_0.36.0', 'message': 'no deps or dev-deps'}
{'statusCode': 0, 'package': '@0xsequence/abi_0.36.1', 'message': 'no deps or dev-deps'}
{'statusCode': 0, 'package': '@0xsequence/abi_0.36.2', 'message': 'no deps or dev-deps'}
{'statusCode': 0, 'package': '@0xsequence/abi_0.36.3', 'message': 'no deps or dev-deps'}
{'statusCode': 0, 'package': '@0xsequence/abi_0.36.4', 'message': 'no deps or dev-deps'}
{'statusCode': 0, 'package': '@0xsequence/abi_0.36.5', 'message': 'no deps or dev-deps'}
{'statusCode': 0, 'package': '@0xsequence/abi_0.36.6', 'message': 'no deps or dev-deps'}
{'statusCode': 0, 'package': '@0xsequence/abi_0.36.7', 'message': 'no deps or dev-deps'}
{'statusCode': 0, 'package': '@0xsequence/abi_0.36.8', 'message': 'no deps or dev-deps'}
{'statusCode': 0, 'package': '@0xsequence/abi_0.36.9', 'message': 'no deps or dev-deps'}
{'statusCode': 0, 'package': '@0xsequence/abi_0.36.10', 'message': 'no deps or dev-deps'}
{'statusCode': 0, 'package': '@0xsequence/abi_0.0.0-20220418165517', 'message': 'no deps or dev-deps'}
{'statusCode': 0, 'package': '@0xsequence/abi_0.36.11', 'message': 'no deps or dev-deps'}
{'statusCode': 0, 'package': '@0xsequence/abi_0.0.0-20220425195445', 'message': 'no deps or dev-deps'}
{'statusCode': 0, 'package': '@0xsequence/abi_0.36.12', 'message': 'no deps or dev-deps'}
{'statusCode': 0, 'package': '@0xsequence/abi_0.0.0-20220427054350', 'message': 'no deps or dev-deps'}
{'statusCode': 0, 'package': '@0xsequence/abi_0.0.0-20220427055332', 'message': 'no deps or dev-deps'}
{'statusCode': 0, 'package': '@0xsequence/abi_0.0.0-20220427161307', 'message': 'no deps or dev-deps'}
{'statusCode': 0, 'package': '@0xsequence/abi_0.0.0-20220427162812', 'message': 'no deps or dev-deps'}
{'statusCode': 0, 'package': '@0xsequence/abi_0.36.13', 'message': 'no deps or dev-deps'}
{'statusCode': 0, 'package': '@0xsequence/abi_0.37.0', 'message': 'no deps or dev-deps'}
{'statusCode': 0, 'package': '@0xsequence/abi_0.37.1', 'message': 'no deps or dev-deps'}
{'statusCode': 0, 'package': '@0xsequence/abi_0.0.0-20220506174803', 'message': 'no deps or dev-deps'}
{'statusCode': 0, 'package': '@0xsequence/abi_0.0.0-20220506195001', 'message': 'no deps or dev-deps'}
{'statusCode': 0, 'package': '@0xsequence/abi_0.0.0-20220513134147', 'message': 'no deps or dev-deps'}
{'statusCode': 0, 'package': '@0xsequence/abi_0.38.0', 'message': 'no deps or dev-deps'}
{'statusCode': 0, 'package': '@0xsequence/abi_0.38.1', 'message': 'no deps or dev-deps'}
{'statusCode': 0, 'package': '@0xsequence/abi_0.38.2', 'message': 'no deps or dev-deps'}
{'statusCode': 0, 'package': '@0xsequence/abi_0.39.0', 'message': 'no deps or dev-deps'}
{'statusCode': 0, 'package': '@0xsequence/abi_0.0.0-20220519151110', 'message': 'no deps or dev-deps'}
{'statusCode': 0, 'package': '@0xsequence/abi_0.0.0-20220519202656', 'message': 'no deps or dev-deps'}
{'statusCode': 0, 'package': '@0xsequence/abi_0.0.0-20220601185217', 'message': 'no deps or dev-deps'}
{'statusCode': 0, 'package': '@0xsequence/abi_0.39.1', 'message': 'no deps or dev-deps'}
{'statusCode': 0, 'package': '@0xsequence/abi_0.39.2', 'message': 'no deps or dev-deps'}
{'statusCode': 0, 'package': '@0xsequence/abi_0.0.0-20220609204505', 'message': 'no deps or dev-deps'}
{'statusCode': 0, 'package': '@0xsequence/abi_0.0.0-20220610134843', 'message': 'no deps or dev-deps'}
{'statusCode': 0, 'package': '@0xsequence/abi_0.39.3', 'message': 'no deps or dev-deps'}
{'statusCode': 0, 'package': '@0xsequence/abi_0.0.0-20220614152529', 'message': 'no deps or dev-deps'}
{'statusCode': 0, 'package': '@0xsequence/abi_0.0.0-20220616121217', 'message': 'no deps or dev-deps'}
{'statusCode': 0, 'package': '@0xsequence/abi_0.39.4', 'message': 'no deps or dev-deps'}
{'statusCode': 0, 'package': '@0xsequence/abi_0.39.5', 'message': 'no deps or dev-deps'}
{'statusCode': 0, 'package': '@0xsequence/abi_0.39.6', 'message': 'no deps or dev-deps'}
{'statusCode': 0, 'package': '@0xsequence/abi_0.0.0-26b08ee9-20220629135033', 'message': 'no deps or dev-deps'}
{'statusCode': 0, 'package': '@0xsequence/abi_0.0.0-cdbb3137-20220630190630', 'message': 'no deps or dev-deps'}
{'statusCode': 0, 'package': '@0xsequence/abi_0.0.0-cdbb3137-20220630191603', 'message': 'no deps or dev-deps'}
{'statusCode': 0, 'package': '@0xsequence/abi_0.0.0-cdbb3137-20220630192830', 'message': 'no deps or dev-deps'}
{'statusCode': 0, 'package': '@0xsequence/abi_0.0.0-20220630194654', 'message': 'no deps or dev-deps'}
{'statusCode': 0, 'package': '@0xsequence/abi_0.0.0-20220630211555', 'message': 'no deps or dev-deps'}
{'statusCode': 0, 'package': '@0xsequence/abi_0.0.0-20220630215108', 'message': 'no deps or dev-deps'}
{'statusCode': 0, 'package': '@0xsequence/abi_0.0.0-20220703182449', 'message': 'no deps or dev-deps'}
{'statusCode': 0, 'package': '@0xsequence/abi_0.0.0-20220704043930', 'message': 'no deps or dev-deps'}
{'statusCode': 0, 'package': '@0xsequence/abi_0.0.0-20220706193010', 'message': 'no deps or dev-deps'}
{'statusCode': 0, 'package': '@0xsequence/abi_0.0.0-20220710174545', 'message': 'no deps or dev-deps'}
{'statusCode': 0, 'package': '@0xsequence/abi_0.0.0-coolcats-0.36.12-20220711222640', 'message': 'no deps or dev-deps'}
{'statusCode': 0, 'package': '@0xsequence/abi_0.40.0', 'message': 'no deps or dev-deps'}
{'statusCode': 0, 'package': '@0xsequence/abi_0.40.1', 'message': 'no deps or dev-deps'}
{'statusCode': 0, 'package': '@0xsequence/abi_0.0.0-20220713211319', 'message': 'no deps or dev-deps'}
{'statusCode': 0, 'package': '@0xsequence/abi_0.0.0-20220714164224', 'message': 'no deps or dev-deps'}
{'statusCode': 0, 'package': '@0xsequence/abi_0.40.2', 'message': 'no deps or dev-deps'}
{'statusCode': 0, 'package': '@0xsequence/abi_0.0.0-20220719173737', 'message': 'no deps or dev-deps'}
{'statusCode': 0, 'package': '@0xsequence/abi_0.0.0-20220722145329', 'message': 'no deps or dev-deps'}
{'statusCode': 0, 'package': '@0xsequence/abi_0.0.0-20220725200200', 'message': 'no deps or dev-deps'}
{'statusCode': 0, 'package': '@0xsequence/abi_0.40.3', 'message': 'no deps or dev-deps'}
{'statusCode': 0, 'package': '@0xsequence/abi_0.0.0-20220728141414', 'message': 'no deps or dev-deps'}
{'statusCode': 0, 'package': '@0xsequence/abi_0.40.4', 'message': 'no deps or dev-deps'}
{'statusCode': 0, 'package': '@0xsequence/abi_0.0.0-20220728215555', 'message': 'no deps or dev-deps'}
{'statusCode': 0, 'package': '@0xsequence/abi_0.40.5', 'message': 'no deps or dev-deps'}
{'statusCode': 0, 'package': '@0xsequence/abi_0.0.0-20220804202525', 'message': 'no deps or dev-deps'}
{'statusCode': 0, 'package': '@0xsequence/abi_0.40.6', 'message': 'no deps or dev-deps'}
{'statusCode': 0, 'package': '@0xsequence/abi_0.0.0-20220825181818', 'message': 'no deps or dev-deps'}
{'statusCode': 0, 'package': '@0xsequence/abi_0.0.0-20220825190100', 'message': 'no deps or dev-deps'}
{'statusCode': 0, 'package': '@0xsequence/abi_0.41.0', 'message': 'no deps or dev-deps'}
{'statusCode': 0, 'package': '@0xsequence/abi_0.41.1', 'message': 'no deps or dev-deps'}
{'statusCode': 0, 'package': '@0xsequence/abi_0.41.2', 'message': 'no deps or dev-deps'}
{'statusCode': 0, 'package': '@0xsequence/abi_0.41.3', 'message': 'no deps or dev-deps'}
{'statusCode': 0, 'package': '@0xsequence/abi_0.42.0', 'message': 'no deps or dev-deps'}
{'statusCode': 0, 'package': '@0xsequence/abi_0.42.1', 'message': 'no deps or dev-deps'}
{'statusCode': 0, 'package': '@0xsequence/abi_0.42.2', 'message': 'no deps or dev-deps'}
{'statusCode': 0, 'package': '@0xsequence/abi_0.42.3', 'message': 'no deps or dev-deps'}
{'statusCode': 0, 'package': '@0xsequence/abi_0.42.4', 'message': 'no deps or dev-deps'}
{'statusCode': 0, 'package': '@0xsequence/abi_0.42.5', 'message': 'no deps or dev-deps'}
{'statusCode': 0, 'package': '@0xsequence/abi_0.42.6', 'message': 'no deps or dev-deps'}
{'statusCode': 0, 'package': '@0xsequence/abi_0.42.7', 'message': 'no deps or dev-deps'}
{'statusCode': 0, 'package': '@0xsequence/abi_0.42.8', 'message': 'no deps or dev-deps'}
{'statusCode': 0, 'package': '@0xsequence/abi_0.42.9', 'message': 'no deps or dev-deps'}
{'statusCode': 0, 'package': '@0xsequence/abi_0.42.10', 'message': 'no deps or dev-deps'}
{'statusCode': 0, 'package': '@0xsequence/abi_0.43.0', 'message': 'no deps or dev-deps'}
{'statusCode': 0, 'package': '@0xsequence/abi_0.43.1', 'message': 'no deps or dev-deps'}
{'statusCode': 0, 'package': '@0xsequence/abi_0.43.2', 'message': 'no deps or dev-deps'}
{'statusCode': 0, 'package': '@0xsequence/abi_0.43.3', 'message': 'no deps or dev-deps'}
{'statusCode': 0, 'package': '@0xsequence/abi_0.0.0-20221124173317', 'message': 'no deps or dev-deps'}
{'statusCode': 0, 'package': '@0xsequence/abi_0.43.4', 'message': 'no deps or dev-deps'}
{'statusCode': 0, 'package': '@0xsequence/abi_0.43.5', 'message': 'no deps or dev-deps'}
{'statusCode': 0, 'package': '@0xsequence/abi_0.43.6', 'message': 'no deps or dev-deps'}
{'statusCode': 0, 'package': '@0xsequence/abi_0.43.7', 'message': 'no deps or dev-deps'}
{'statusCode': 0, 'package': '@0xsequence/abi_0.7.0', 'message': 'no deps or dev-deps'}
{'statusCode': 0, 'package': '@0xsequence/abi_0.8.0', 'message': 'no deps or dev-deps'}
{'statusCode': 0, 'package': '@0xsequence/abi_0.8.1', 'message': 'no deps or dev-deps'}
{'statusCode': 0, 'package': '@0xsequence/abi_0.8.2', 'message': 'no deps or dev-deps'}
{'statusCode': 0, 'package': '@0xsequence/abi_0.8.3', 'message': 'no deps or dev-deps'}
{'statusCode': 0, 'package': '@0xsequence/abi_0.8.4', 'message': 'no deps or dev-deps'}
{'statusCode': 0, 'package': '@0xsequence/abi_0.8.5', 'message': 'no deps or dev-deps'}
{'statusCode': 0, 'package': '@0xsequence/abi_0.9.1', 'message': 'no deps or dev-deps'}
{'statusCode': 0, 'package': '@0xsequence/abi_0.9.3', 'message': 'no deps or dev-deps'}
{'statusCode': 0, 'package': '@0xsequence/abi_0.9.6', 'message': 'no deps or dev-deps'}
{'statusCode': 0, 'package': '@0xsequence/abi_0.10.0', 'message': 'no deps or dev-deps'}
{'statusCode': 0, 'package': '@0xsequence/abi_0.10.1', 'message': 'no deps or dev-deps'}
{'statusCode': 0, 'package': '@0xsequence/abi_0.10.2', 'message': 'no deps or dev-deps'}
{'statusCode': 0, 'package': '@0xsequence/abi_0.10.3', 'message': 'no deps or dev-deps'}
{'statusCode': 0, 'package': '@0xsequence/abi_0.10.4', 'message': 'no deps or dev-deps'}
{'statusCode': 0, 'package': '@0xsequence/abi_0.10.5', 'message': 'no deps or dev-deps'}
{'statusCode': 0, 'package': '@0xsequence/abi_0.10.6', 'message': 'no deps or dev-deps'}
{'statusCode': 0, 'package': '@0xsequence/abi_0.10.7', 'message': 'no deps or dev-deps'}
{'statusCode': 0, 'package': '@0xsequence/abi_0.10.8', 'message': 'no deps or dev-deps'}
{'statusCode': 0, 'package': '@0xsequence/abi_0.10.9', 'message': 'no deps or dev-deps'}
{'statusCode': 0, 'package': '@0xsequence/abi_0.11.0', 'message': 'no deps or dev-deps'}
{'statusCode': 0, 'package': '@0xsequence/abi_0.11.1', 'message': 'no deps or dev-deps'}
{'statusCode': 0, 'package': '@0xsequence/abi_0.11.2', 'message': 'no deps or dev-deps'}
{'statusCode': 0, 'package': '@0xsequence/abi_0.11.3', 'message': 'no deps or dev-deps'}
{'statusCode': 0, 'package': '@0xsequence/abi_0.11.4', 'message': 'no deps or dev-deps'}
{'statusCode': 0, 'package': '@0xsequence/abi_0.12.0', 'message': 'no deps or dev-deps'}
{'statusCode': 0, 'package': '@0xsequence/abi_0.12.1', 'message': 'no deps or dev-deps'}
{'statusCode': 0, 'package': '@0xsequence/abi_0.13.0', 'message': 'no deps or dev-deps'}
{'statusCode': 0, 'package': '@0xsequence/abi_0.14.0', 'message': 'no deps or dev-deps'}
{'statusCode': 0, 'package': '@0xsequence/abi_0.14.3', 'message': 'no deps or dev-deps'}
{'statusCode': 0, 'package': '@0xsequence/abi_0.15.1', 'message': 'no deps or dev-deps'}
{'statusCode': 0, 'package': '@0xsequence/abi_0.16.0', 'message': 'no deps or dev-deps'}
{'statusCode': 0, 'package': '@0xsequence/abi_0.18.0', 'message': 'no deps or dev-deps'}
{'statusCode': 0, 'package': '@0xsequence/abi_0.19.0', 'message': 'no deps or dev-deps'}
{'statusCode': 0, 'package': '@0xsequence/abi_0.19.2', 'message': 'no deps or dev-deps'}
{'statusCode': 0, 'package': '@0xsequence/abi_0.19.3', 'message': 'no deps or dev-deps'}
{'statusCode': 0, 'package': '@0xsequence/abi_0.21.0', 'message': 'no deps or dev-deps'}
{'statusCode': 0, 'package': '@0xsequence/abi_0.21.2', 'message': 'no deps or dev-deps'}
{'statusCode': 0, 'package': '@0xsequence/abi_0.21.3', 'message': 'no deps or dev-deps'}
{'statusCode': 0, 'package': '@0xsequence/abi_0.21.4', 'message': 'no deps or dev-deps'}
{'statusCode': 0, 'package': '@0xsequence/abi_0.21.5', 'message': 'no deps or dev-deps'}
{'statusCode': 0, 'package': '@0xsequence/abi_0.22.0', 'message': 'no deps or dev-deps'}
{'statusCode': 0, 'package': '@0xsequence/abi_0.22.1', 'message': 'no deps or dev-deps'}
{'statusCode': 0, 'package': '@0xsequence/abi_0.22.2', 'message': 'no deps or dev-deps'}
{'statusCode': 0, 'package': '@0xsequence/abi_0.23.0', 'message': 'no deps or dev-deps'}
{'statusCode': 0, 'package': '@0xsequence/abi_0.25.0', 'message': 'no deps or dev-deps'}
{'statusCode': 0, 'package': '@0xsequence/abi_0.25.1', 'message': 'no deps or dev-deps'}
{'statusCode': 0, 'package': '@0xsequence/abi_0.27.0', 'message': 'no deps or dev-deps'}
{'statusCode': 0, 'package': '@0xsequence/abi_0.28.0', 'message': 'no deps or dev-deps'}
{'statusCode': 0, 'package': '@0xsequence/abi_0.0.0-202182516517', 'message': 'no deps or dev-deps'}
{'statusCode': 0, 'package': '@0xsequence/abi_0.0.0-202182517435', 'message': 'no deps or dev-deps'}
{'statusCode': 0, 'package': '@0xsequence/abi_0.0.0-2021827201516', 'message': 'no deps or dev-deps'}
{'statusCode': 0, 'package': '@0xsequence/abi_0.29.0', 'message': 'no deps or dev-deps'}
{'statusCode': 0, 'package': '@0xsequence/abi_0.29.8', 'message': 'no deps or dev-deps'}
{'statusCode': 0, 'package': '@0xsequence/abi_0.30.0', 'message': 'no deps or dev-deps'}
{'statusCode': 0, 'package': '@0xsequence/abi_0.31.0', 'message': 'no deps or dev-deps'}
{'statusCode': 0, 'package': '@0xsequence/abi_0.34.0', 'message': 'no deps or dev-deps'}
{'statusCode': 0, 'package': '@0xsequence/abi_0.35.0', 'message': 'no deps or dev-deps'}
{'statusCode': 0, 'package': '@0xsequence/abi_0.35.1', 'message': 'no deps or dev-deps'}
{'statusCode': 0, 'package': '@0xsequence/abi_0.35.2', 'message': 'no deps or dev-deps'}
{'statusCode': 0, 'package': '@0xsequence/abi_0.35.3', 'message': 'no deps or dev-deps'}
{'statusCode': 0, 'package': '@0xsequence/abi_0.35.4', 'message': 'no deps or dev-deps'}
{'statusCode': 0, 'package': '@0xsequence/abi_0.35.5', 'message': 'no deps or dev-deps'}
{'statusCode': 0, 'package': '@0xsequence/abi_0.35.6', 'message': 'no deps or dev-deps'}
{'statusCode': 0, 'package': '@0xsequence/abi_0.35.7', 'message': 'no deps or dev-deps'}
{'statusCode': 0, 'package': '@0xsequence/abi_0.35.8', 'message': 'no deps or dev-deps'}
{'statusCode': 0, 'package': '@0xsequence/abi_0.35.9', 'message': 'no deps or dev-deps'}
{'statusCode': 0, 'package': '@0xsequence/abi_0.35.10', 'message': 'no deps or dev-deps'}
{'statusCode': 0, 'package': '@0xsequence/abi_0.35.11', 'message': 'no deps or dev-deps'}
{'statusCode': 0, 'package': '@0xsequence/abi_0.35.12', 'message': 'no deps or dev-deps'}
{'statusCode': 0, 'package': '@0xsequence/abi_0.36.0', 'message': 'no deps or dev-deps'}
{'statusCode': 0, 'package': '@0xsequence/abi_0.36.1', 'message': 'no deps or dev-deps'}
{'statusCode': 0, 'package': '@0xsequence/abi_0.36.2', 'message': 'no deps or dev-deps'}
{'statusCode': 0, 'package': '@0xsequence/abi_0.36.3', 'message': 'no deps or dev-deps'}
{'statusCode': 0, 'package': '@0xsequence/abi_0.36.4', 'message': 'no deps or dev-deps'}
{'statusCode': 0, 'package': '@0xsequence/abi_0.36.5', 'message': 'no deps or dev-deps'}
{'statusCode': 0, 'package': '@0xsequence/abi_0.36.6', 'message': 'no deps or dev-deps'}
{'statusCode': 0, 'package': '@0xsequence/abi_0.36.7', 'message': 'no deps or dev-deps'}
{'statusCode': 0, 'package': '@0xsequence/abi_0.36.8', 'message': 'no deps or dev-deps'}
{'statusCode': 0, 'package': '@0xsequence/abi_0.36.9', 'message': 'no deps or dev-deps'}
{'statusCode': 0, 'package': '@0xsequence/abi_0.36.10', 'message': 'no deps or dev-deps'}
{'statusCode': 0, 'package': '@0xsequence/abi_0.0.0-20220418165517', 'message': 'no deps or dev-deps'}
{'statusCode': 0, 'package': '@0xsequence/abi_0.36.11', 'message': 'no deps or dev-deps'}
{'statusCode': 0, 'package': '@0xsequence/abi_0.0.0-20220425195445', 'message': 'no deps or dev-deps'}
{'statusCode': 0, 'package': '@0xsequence/abi_0.36.12', 'message': 'no deps or dev-deps'}
{'statusCode': 0, 'package': '@0xsequence/abi_0.0.0-20220427054350', 'message': 'no deps or dev-deps'}
{'statusCode': 0, 'package': '@0xsequence/abi_0.0.0-20220427055332', 'message': 'no deps or dev-deps'}
{'statusCode': 0, 'package': '@0xsequence/abi_0.0.0-20220427161307', 'message': 'no deps or dev-deps'}
{'statusCode': 0, 'package': '@0xsequence/abi_0.0.0-20220427162812', 'message': 'no deps or dev-deps'}
{'statusCode': 0, 'package': '@0xsequence/abi_0.36.13', 'message': 'no deps or dev-deps'}
{'statusCode': 0, 'package': '@0xsequence/abi_0.37.0', 'message': 'no deps or dev-deps'}
{'statusCode': 0, 'package': '@0xsequence/abi_0.37.1', 'message': 'no deps or dev-deps'}
{'statusCode': 0, 'package': '@0xsequence/abi_0.0.0-20220506174803', 'message': 'no deps or dev-deps'}
{'statusCode': 0, 'package': '@0xsequence/abi_0.0.0-20220506195001', 'message': 'no deps or dev-deps'}
{'statusCode': 0, 'package': '@0xsequence/abi_0.0.0-20220513134147', 'message': 'no deps or dev-deps'}
{'statusCode': 0, 'package': '@0xsequence/abi_0.38.0', 'message': 'no deps or dev-deps'}
{'statusCode': 0, 'package': '@0xsequence/abi_0.38.1', 'message': 'no deps or dev-deps'}
{'statusCode': 0, 'package': '@0xsequence/abi_0.38.2', 'message': 'no deps or dev-deps'}
{'statusCode': 0, 'package': '@0xsequence/abi_0.39.0', 'message': 'no deps or dev-deps'}
{'statusCode': 0, 'package': '@0xsequence/abi_0.0.0-20220519151110', 'message': 'no deps or dev-deps'}
{'statusCode': 0, 'package': '@0xsequence/abi_0.0.0-20220519202656', 'message': 'no deps or dev-deps'}
{'statusCode': 0, 'package': '@0xsequence/abi_0.0.0-20220601185217', 'message': 'no deps or dev-deps'}
{'statusCode': 0, 'package': '@0xsequence/abi_0.39.1', 'message': 'no deps or dev-deps'}
{'statusCode': 0, 'package': '@0xsequence/abi_0.39.2', 'message': 'no deps or dev-deps'}
{'statusCode': 0, 'package': '@0xsequence/abi_0.0.0-20220609204505', 'message': 'no deps or dev-deps'}
{'statusCode': 0, 'package': '@0xsequence/abi_0.0.0-20220610134843', 'message': 'no deps or dev-deps'}
{'statusCode': 0, 'package': '@0xsequence/abi_0.39.3', 'message': 'no deps or dev-deps'}
{'statusCode': 0, 'package': '@0xsequence/abi_0.0.0-20220614152529', 'message': 'no deps or dev-deps'}
{'statusCode': 0, 'package': '@0xsequence/abi_0.0.0-20220616121217', 'message': 'no deps or dev-deps'}
{'statusCode': 0, 'package': '@0xsequence/abi_0.39.4', 'message': 'no deps or dev-deps'}
{'statusCode': 0, 'package': '@0xsequence/abi_0.39.5', 'message': 'no deps or dev-deps'}
{'statusCode': 0, 'package': '@0xsequence/abi_0.39.6', 'message': 'no deps or dev-deps'}
{'statusCode': 0, 'package': '@0xsequence/abi_0.0.0-26b08ee9-20220629135033', 'message': 'no deps or dev-deps'}
{'statusCode': 0, 'package': '@0xsequence/abi_0.0.0-cdbb3137-20220630190630', 'message': 'no deps or dev-deps'}
{'statusCode': 0, 'package': '@0xsequence/abi_0.0.0-cdbb3137-20220630191603', 'message': 'no deps or dev-deps'}
{'statusCode': 0, 'package': '@0xsequence/abi_0.0.0-cdbb3137-20220630192830', 'message': 'no deps or dev-deps'}
{'statusCode': 0, 'package': '@0xsequence/abi_0.0.0-20220630194654', 'message': 'no deps or dev-deps'}
{'statusCode': 0, 'package': '@0xsequence/abi_0.0.0-20220630211555', 'message': 'no deps or dev-deps'}
{'statusCode': 0, 'package': '@0xsequence/abi_0.0.0-20220630215108', 'message': 'no deps or dev-deps'}
{'statusCode': 0, 'package': '@0xsequence/abi_0.0.0-20220703182449', 'message': 'no deps or dev-deps'}
{'statusCode': 0, 'package': '@0xsequence/abi_0.0.0-20220704043930', 'message': 'no deps or dev-deps'}
{'statusCode': 0, 'package': '@0xsequence/abi_0.0.0-20220706193010', 'message': 'no deps or dev-deps'}
{'statusCode': 0, 'package': '@0xsequence/abi_0.0.0-20220710174545', 'message': 'no deps or dev-deps'}
{'statusCode': 0, 'package': '@0xsequence/abi_0.0.0-coolcats-0.36.12-20220711222640', 'message': 'no deps or dev-deps'}
{'statusCode': 0, 'package': '@0xsequence/abi_0.40.0', 'message': 'no deps or dev-deps'}
{'statusCode': 0, 'package': '@0xsequence/abi_0.40.1', 'message': 'no deps or dev-deps'}
{'statusCode': 0, 'package': '@0xsequence/abi_0.0.0-20220713211319', 'message': 'no deps or dev-deps'}
{'statusCode': 0, 'package': '@0xsequence/abi_0.0.0-20220714164224', 'message': 'no deps or dev-deps'}
{'statusCode': 0, 'package': '@0xsequence/abi_0.40.2', 'message': 'no deps or dev-deps'}
{'statusCode': 0, 'package': '@0xsequence/abi_0.0.0-20220719173737', 'message': 'no deps or dev-deps'}
{'statusCode': 0, 'package': '@0xsequence/abi_0.0.0-20220722145329', 'message': 'no deps or dev-deps'}
{'statusCode': 0, 'package': '@0xsequence/abi_0.0.0-20220725200200', 'message': 'no deps or dev-deps'}
{'statusCode': 0, 'package': '@0xsequence/abi_0.40.3', 'message': 'no deps or dev-deps'}
{'statusCode': 0, 'package': '@0xsequence/abi_0.0.0-20220728141414', 'message': 'no deps or dev-deps'}
{'statusCode': 0, 'package': '@0xsequence/abi_0.40.4', 'message': 'no deps or dev-deps'}
{'statusCode': 0, 'package': '@0xsequence/abi_0.0.0-20220728215555', 'message': 'no deps or dev-deps'}
{'statusCode': 0, 'package': '@0xsequence/abi_0.40.5', 'message': 'no deps or dev-deps'}
{'statusCode': 0, 'package': '@0xsequence/abi_0.0.0-20220804202525', 'message': 'no deps or dev-deps'}
{'statusCode': 0, 'package': '@0xsequence/abi_0.40.6', 'message': 'no deps or dev-deps'}
{'statusCode': 0, 'package': '@0xsequence/abi_0.0.0-20220825181818', 'message': 'no deps or dev-deps'}
{'statusCode': 0, 'package': '@0xsequence/abi_0.0.0-20220825190100', 'message': 'no deps or dev-deps'}
{'statusCode': 0, 'package': '@0xsequence/abi_0.41.0', 'message': 'no deps or dev-deps'}
{'statusCode': 0, 'package': '@0xsequence/abi_0.41.1', 'message': 'no deps or dev-deps'}
{'statusCode': 0, 'package': '@0xsequence/abi_0.41.2', 'message': 'no deps or dev-deps'}
{'statusCode': 0, 'package': '@0xsequence/abi_0.41.3', 'message': 'no deps or dev-deps'}
{'statusCode': 0, 'package': '@0xsequence/abi_0.42.0', 'message': 'no deps or dev-deps'}
{'statusCode': 0, 'package': '@0xsequence/abi_0.42.1', 'message': 'no deps or dev-deps'}
{'statusCode': 0, 'package': '@0xsequence/abi_0.42.2', 'message': 'no deps or dev-deps'}
{'statusCode': 0, 'package': '@0xsequence/abi_0.42.3', 'message': 'no deps or dev-deps'}
{'statusCode': 0, 'package': '@0xsequence/abi_0.42.4', 'message': 'no deps or dev-deps'}
{'statusCode': 0, 'package': '@0xsequence/abi_0.42.5', 'message': 'no deps or dev-deps'}
{'statusCode': 0, 'package': '@0xsequence/abi_0.42.6', 'message': 'no deps or dev-deps'}
{'statusCode': 0, 'package': '@0xsequence/abi_0.42.7', 'message': 'no deps or dev-deps'}
{'statusCode': 0, 'package': '@0xsequence/abi_0.42.8', 'message': 'no deps or dev-deps'}
{'statusCode': 0, 'package': '@0xsequence/abi_0.42.9', 'message': 'no deps or dev-deps'}
{'statusCode': 0, 'package': '@0xsequence/abi_0.42.10', 'message': 'no deps or dev-deps'}
{'statusCode': 0, 'package': '@0xsequence/abi_0.43.0', 'message': 'no deps or dev-deps'}
{'statusCode': 0, 'package': '@0xsequence/abi_0.43.1', 'message': 'no deps or dev-deps'}
{'statusCode': 0, 'package': '@0xsequence/abi_0.43.2', 'message': 'no deps or dev-deps'}
{'statusCode': 0, 'package': '@0xsequence/abi_0.43.3', 'message': 'no deps or dev-deps'}
{'statusCode': 0, 'package': '@0xsequence/abi_0.0.0-20221124173317', 'message': 'no deps or dev-deps'}
{'statusCode': 0, 'package': '@0xsequence/abi_0.43.4', 'message': 'no deps or dev-deps'}
{'statusCode': 0, 'package': '@0xsequence/abi_0.43.5', 'message': 'no deps or dev-deps'}
{'statusCode': 0, 'package': '@0xsequence/abi_0.43.6', 'message': 'no deps or dev-deps'}
{'statusCode': 0, 'package': '@0xsequence/abi_0.43.7', 'message': 'no deps or dev-deps'}
{'statusCode': 0, 'package': '@0xsequence/abi_0.7.0', 'message': 'no deps or dev-deps'}
{'statusCode': 0, 'package': '@0xsequence/abi_0.8.0', 'message': 'no deps or dev-deps'}
{'statusCode': 0, 'package': '@0xsequence/abi_0.8.1', 'message': 'no deps or dev-deps'}
{'statusCode': 0, 'package': '@0xsequence/abi_0.8.2', 'message': 'no deps or dev-deps'}
{'statusCode': 0, 'package': '@0xsequence/abi_0.8.3', 'message': 'no deps or dev-deps'}
{'statusCode': 0, 'package': '@0xsequence/abi_0.8.4', 'message': 'no deps or dev-deps'}
{'statusCode': 0, 'package': '@0xsequence/abi_0.8.5', 'message': 'no deps or dev-deps'}
{'statusCode': 0, 'package': '@0xsequence/abi_0.9.1', 'message': 'no deps or dev-deps'}
{'statusCode': 0, 'package': '@0xsequence/abi_0.9.3', 'message': 'no deps or dev-deps'}
{'statusCode': 0, 'package': '@0xsequence/abi_0.9.6', 'message': 'no deps or dev-deps'}
{'statusCode': 0, 'package': '@0xsequence/abi_0.10.0', 'message': 'no deps or dev-deps'}
{'statusCode': 0, 'package': '@0xsequence/abi_0.10.1', 'message': 'no deps or dev-deps'}
{'statusCode': 0, 'package': '@0xsequence/abi_0.10.2', 'message': 'no deps or dev-deps'}
{'statusCode': 0, 'package': '@0xsequence/abi_0.10.3', 'message': 'no deps or dev-deps'}
{'statusCode': 0, 'package': '@0xsequence/abi_0.10.4', 'message': 'no deps or dev-deps'}
{'statusCode': 0, 'package': '@0xsequence/abi_0.10.5', 'message': 'no deps or dev-deps'}
{'statusCode': 0, 'package': '@0xsequence/abi_0.10.6', 'message': 'no deps or dev-deps'}
{'statusCode': 0, 'package': '@0xsequence/abi_0.10.7', 'message': 'no deps or dev-deps'}
{'statusCode': 0, 'package': '@0xsequence/abi_0.10.8', 'message': 'no deps or dev-deps'}
{'statusCode': 0, 'package': '@0xsequence/abi_0.10.9', 'message': 'no deps or dev-deps'}
{'statusCode': 0, 'package': '@0xsequence/abi_0.11.0', 'message': 'no deps or dev-deps'}
{'statusCode': 0, 'package': '@0xsequence/abi_0.11.1', 'message': 'no deps or dev-deps'}
{'statusCode': 0, 'package': '@0xsequence/abi_0.11.2', 'message': 'no deps or dev-deps'}
{'statusCode': 0, 'package': '@0xsequence/abi_0.11.3', 'message': 'no deps or dev-deps'}
{'statusCode': 0, 'package': '@0xsequence/abi_0.11.4', 'message': 'no deps or dev-deps'}
{'statusCode': 0, 'package': '@0xsequence/abi_0.12.0', 'message': 'no deps or dev-deps'}
{'statusCode': 0, 'package': '@0xsequence/abi_0.12.1', 'message': 'no deps or dev-deps'}
{'statusCode': 0, 'package': '@0xsequence/abi_0.13.0', 'message': 'no deps or dev-deps'}
{'statusCode': 0, 'package': '@0xsequence/abi_0.14.0', 'message': 'no deps or dev-deps'}
{'statusCode': 0, 'package': '@0xsequence/abi_0.14.3', 'message': 'no deps or dev-deps'}
{'statusCode': 0, 'package': '@0xsequence/abi_0.15.1', 'message': 'no deps or dev-deps'}
{'statusCode': 0, 'package': '@0xsequence/abi_0.16.0', 'message': 'no deps or dev-deps'}
{'statusCode': 0, 'package': '@0xsequence/abi_0.18.0', 'message': 'no deps or dev-deps'}
{'statusCode': 0, 'package': '@0xsequence/abi_0.19.0', 'message': 'no deps or dev-deps'}
{'statusCode': 0, 'package': '@0xsequence/abi_0.19.2', 'message': 'no deps or dev-deps'}
{'statusCode': 0, 'package': '@0xsequence/abi_0.19.3', 'message': 'no deps or dev-deps'}
{'statusCode': 0, 'package': '@0xsequence/abi_0.21.0', 'message': 'no deps or dev-deps'}
{'statusCode': 0, 'package': '@0xsequence/abi_0.21.2', 'message': 'no deps or dev-deps'}
{'statusCode': 0, 'package': '@0xsequence/abi_0.21.3', 'message': 'no deps or dev-deps'}
{'statusCode': 0, 'package': '@0xsequence/abi_0.21.4', 'message': 'no deps or dev-deps'}
{'statusCode': 0, 'package': '@0xsequence/abi_0.21.5', 'message': 'no deps or dev-deps'}
{'statusCode': 0, 'package': '@0xsequence/abi_0.22.0', 'message': 'no deps or dev-deps'}
{'statusCode': 0, 'package': '@0xsequence/abi_0.22.1', 'message': 'no deps or dev-deps'}
{'statusCode': 0, 'package': '@0xsequence/abi_0.22.2', 'message': 'no deps or dev-deps'}
{'statusCode': 0, 'package': '@0xsequence/abi_0.23.0', 'message': 'no deps or dev-deps'}
{'statusCode': 0, 'package': '@0xsequence/abi_0.25.0', 'message': 'no deps or dev-deps'}
{'statusCode': 0, 'package': '@0xsequence/abi_0.25.1', 'message': 'no deps or dev-deps'}
{'statusCode': 0, 'package': '@0xsequence/abi_0.27.0', 'message': 'no deps or dev-deps'}
{'statusCode': 0, 'package': '@0xsequence/abi_0.28.0', 'message': 'no deps or dev-deps'}
{'statusCode': 0, 'package': '@0xsequence/abi_0.0.0-202182516517', 'message': 'no deps or dev-deps'}
{'statusCode': 0, 'package': '@0xsequence/abi_0.0.0-202182517435', 'message': 'no deps or dev-deps'}
{'statusCode': 0, 'package': '@0xsequence/abi_0.0.0-2021827201516', 'message': 'no deps or dev-deps'}
{'statusCode': 0, 'package': '@0xsequence/abi_0.29.0', 'message': 'no deps or dev-deps'}
{'statusCode': 0, 'package': '@0xsequence/abi_0.29.8', 'message': 'no deps or dev-deps'}
{'statusCode': 0, 'package': '@0xsequence/abi_0.30.0', 'message': 'no deps or dev-deps'}
{'statusCode': 0, 'package': '@0xsequence/abi_0.31.0', 'message': 'no deps or dev-deps'}
{'statusCode': 0, 'package': '@0xsequence/abi_0.34.0', 'message': 'no deps or dev-deps'}
{'statusCode': 0, 'package': '@0xsequence/abi_0.35.0', 'message': 'no deps or dev-deps'}
{'statusCode': 0, 'package': '@0xsequence/abi_0.35.1', 'message': 'no deps or dev-deps'}
{'statusCode': 0, 'package': '@0xsequence/abi_0.35.2', 'message': 'no deps or dev-deps'}
{'statusCode': 0, 'package': '@0xsequence/abi_0.35.3', 'message': 'no deps or dev-deps'}
{'statusCode': 0, 'package': '@0xsequence/abi_0.35.4', 'message': 'no deps or dev-deps'}
{'statusCode': 0, 'package': '@0xsequence/abi_0.35.5', 'message': 'no deps or dev-deps'}
{'statusCode': 0, 'package': '@0xsequence/abi_0.35.6', 'message': 'no deps or dev-deps'}
{'statusCode': 0, 'package': '@0xsequence/abi_0.35.7', 'message': 'no deps or dev-deps'}
{'statusCode': 0, 'package': '@0xsequence/abi_0.35.8', 'message': 'no deps or dev-deps'}
{'statusCode': 0, 'package': '@0xsequence/abi_0.35.9', 'message': 'no deps or dev-deps'}
{'statusCode': 0, 'package': '@0xsequence/abi_0.35.10', 'message': 'no deps or dev-deps'}
{'statusCode': 0, 'package': '@0xsequence/abi_0.35.11', 'message': 'no deps or dev-deps'}
{'statusCode': 0, 'package': '@0xsequence/abi_0.35.12', 'message': 'no deps or dev-deps'}
{'statusCode': 0, 'package': '@0xsequence/abi_0.36.0', 'message': 'no deps or dev-deps'}
{'statusCode': 0, 'package': '@0xsequence/abi_0.36.1', 'message': 'no deps or dev-deps'}
{'statusCode': 0, 'package': '@0xsequence/abi_0.36.2', 'message': 'no deps or dev-deps'}
{'statusCode': 0, 'package': '@0xsequence/abi_0.36.3', 'message': 'no deps or dev-deps'}
{'statusCode': 0, 'package': '@0xsequence/abi_0.36.4', 'message': 'no deps or dev-deps'}
{'statusCode': 0, 'package': '@0xsequence/abi_0.36.5', 'message': 'no deps or dev-deps'}
{'statusCode': 0, 'package': '@0xsequence/abi_0.36.6', 'message': 'no deps or dev-deps'}
{'statusCode': 0, 'package': '@0xsequence/abi_0.36.7', 'message': 'no deps or dev-deps'}
{'statusCode': 0, 'package': '@0xsequence/abi_0.36.8', 'message': 'no deps or dev-deps'}
{'statusCode': 0, 'package': '@0xsequence/abi_0.36.9', 'message': 'no deps or dev-deps'}
{'statusCode': 0, 'package': '@0xsequence/abi_0.36.10', 'message': 'no deps or dev-deps'}
{'statusCode': 0, 'package': '@0xsequence/abi_0.0.0-20220418165517', 'message': 'no deps or dev-deps'}
{'statusCode': 0, 'package': '@0xsequence/abi_0.36.11', 'message': 'no deps or dev-deps'}
{'statusCode': 0, 'package': '@0xsequence/abi_0.0.0-20220425195445', 'message': 'no deps or dev-deps'}
{'statusCode': 0, 'package': '@0xsequence/abi_0.36.12', 'message': 'no deps or dev-deps'}
{'statusCode': 0, 'package': '@0xsequence/abi_0.0.0-20220427054350', 'message': 'no deps or dev-deps'}
{'statusCode': 0, 'package': '@0xsequence/abi_0.0.0-20220427055332', 'message': 'no deps or dev-deps'}
{'statusCode': 0, 'package': '@0xsequence/abi_0.0.0-20220427161307', 'message': 'no deps or dev-deps'}
{'statusCode': 0, 'package': '@0xsequence/abi_0.0.0-20220427162812', 'message': 'no deps or dev-deps'}
{'statusCode': 0, 'package': '@0xsequence/abi_0.36.13', 'message': 'no deps or dev-deps'}
{'statusCode': 0, 'package': '@0xsequence/abi_0.37.0', 'message': 'no deps or dev-deps'}
{'statusCode': 0, 'package': '@0xsequence/abi_0.37.1', 'message': 'no deps or dev-deps'}
{'statusCode': 0, 'package': '@0xsequence/abi_0.0.0-20220506174803', 'message': 'no deps or dev-deps'}
{'statusCode': 0, 'package': '@0xsequence/abi_0.0.0-20220506195001', 'message': 'no deps or dev-deps'}
{'statusCode': 0, 'package': '@0xsequence/abi_0.0.0-20220513134147', 'message': 'no deps or dev-deps'}
{'statusCode': 0, 'package': '@0xsequence/abi_0.38.0', 'message': 'no deps or dev-deps'}
{'statusCode': 0, 'package': '@0xsequence/abi_0.38.1', 'message': 'no deps or dev-deps'}
{'statusCode': 0, 'package': '@0xsequence/abi_0.38.2', 'message': 'no deps or dev-deps'}
{'statusCode': 0, 'package': '@0xsequence/abi_0.39.0', 'message': 'no deps or dev-deps'}
{'statusCode': 0, 'package': '@0xsequence/abi_0.0.0-20220519151110', 'message': 'no deps or dev-deps'}
{'statusCode': 0, 'package': '@0xsequence/abi_0.0.0-20220519202656', 'message': 'no deps or dev-deps'}
{'statusCode': 0, 'package': '@0xsequence/abi_0.0.0-20220601185217', 'message': 'no deps or dev-deps'}
{'statusCode': 0, 'package': '@0xsequence/abi_0.39.1', 'message': 'no deps or dev-deps'}
{'statusCode': 0, 'package': '@0xsequence/abi_0.39.2', 'message': 'no deps or dev-deps'}
{'statusCode': 0, 'package': '@0xsequence/abi_0.0.0-20220609204505', 'message': 'no deps or dev-deps'}
{'statusCode': 0, 'package': '@0xsequence/abi_0.0.0-20220610134843', 'message': 'no deps or dev-deps'}
{'statusCode': 0, 'package': '@0xsequence/abi_0.39.3', 'message': 'no deps or dev-deps'}
{'statusCode': 0, 'package': '@0xsequence/abi_0.0.0-20220614152529', 'message': 'no deps or dev-deps'}
{'statusCode': 0, 'package': '@0xsequence/abi_0.0.0-20220616121217', 'message': 'no deps or dev-deps'}
{'statusCode': 0, 'package': '@0xsequence/abi_0.39.4', 'message': 'no deps or dev-deps'}
{'statusCode': 0, 'package': '@0xsequence/abi_0.39.5', 'message': 'no deps or dev-deps'}
{'statusCode': 0, 'package': '@0xsequence/abi_0.39.6', 'message': 'no deps or dev-deps'}
{'statusCode': 0, 'package': '@0xsequence/abi_0.0.0-26b08ee9-20220629135033', 'message': 'no deps or dev-deps'}
{'statusCode': 0, 'package': '@0xsequence/abi_0.0.0-cdbb3137-20220630190630', 'message': 'no deps or dev-deps'}
{'statusCode': 0, 'package': '@0xsequence/abi_0.0.0-cdbb3137-20220630191603', 'message': 'no deps or dev-deps'}
{'statusCode': 0, 'package': '@0xsequence/abi_0.0.0-cdbb3137-20220630192830', 'message': 'no deps or dev-deps'}
{'statusCode': 0, 'package': '@0xsequence/abi_0.0.0-20220630194654', 'message': 'no deps or dev-deps'}
{'statusCode': 0, 'package': '@0xsequence/abi_0.0.0-20220630211555', 'message': 'no deps or dev-deps'}
{'statusCode': 0, 'package': '@0xsequence/abi_0.0.0-20220630215108', 'message': 'no deps or dev-deps'}
{'statusCode': 0, 'package': '@0xsequence/abi_0.0.0-20220703182449', 'message': 'no deps or dev-deps'}
{'statusCode': 0, 'package': '@0xsequence/abi_0.0.0-20220704043930', 'message': 'no deps or dev-deps'}
{'statusCode': 0, 'package': '@0xsequence/abi_0.0.0-20220706193010', 'message': 'no deps or dev-deps'}
{'statusCode': 0, 'package': '@0xsequence/abi_0.0.0-20220710174545', 'message': 'no deps or dev-deps'}
{'statusCode': 0, 'package': '@0xsequence/abi_0.0.0-coolcats-0.36.12-20220711222640', 'message': 'no deps or dev-deps'}
{'statusCode': 0, 'package': '@0xsequence/abi_0.40.0', 'message': 'no deps or dev-deps'}
{'statusCode': 0, 'package': '@0xsequence/abi_0.40.1', 'message': 'no deps or dev-deps'}
{'statusCode': 0, 'package': '@0xsequence/abi_0.0.0-20220713211319', 'message': 'no deps or dev-deps'}
{'statusCode': 0, 'package': '@0xsequence/abi_0.0.0-20220714164224', 'message': 'no deps or dev-deps'}
{'statusCode': 0, 'package': '@0xsequence/abi_0.40.2', 'message': 'no deps or dev-deps'}
{'statusCode': 0, 'package': '@0xsequence/abi_0.0.0-20220719173737', 'message': 'no deps or dev-deps'}
{'statusCode': 0, 'package': '@0xsequence/abi_0.0.0-20220722145329', 'message': 'no deps or dev-deps'}
{'statusCode': 0, 'package': '@0xsequence/abi_0.0.0-20220725200200', 'message': 'no deps or dev-deps'}
{'statusCode': 0, 'package': '@0xsequence/abi_0.40.3', 'message': 'no deps or dev-deps'}
{'statusCode': 0, 'package': '@0xsequence/abi_0.0.0-20220728141414', 'message': 'no deps or dev-deps'}
{'statusCode': 0, 'package': '@0xsequence/abi_0.40.4', 'message': 'no deps or dev-deps'}
{'statusCode': 0, 'package': '@0xsequence/abi_0.0.0-20220728215555', 'message': 'no deps or dev-deps'}
{'statusCode': 0, 'package': '@0xsequence/abi_0.40.5', 'message': 'no deps or dev-deps'}
{'statusCode': 0, 'package': '@0xsequence/abi_0.0.0-20220804202525', 'message': 'no deps or dev-deps'}
{'statusCode': 0, 'package': '@0xsequence/abi_0.40.6', 'message': 'no deps or dev-deps'}
{'statusCode': 0, 'package': '@0xsequence/abi_0.0.0-20220825181818', 'message': 'no deps or dev-deps'}
{'statusCode': 0, 'package': '@0xsequence/abi_0.0.0-20220825190100', 'message': 'no deps or dev-deps'}
{'statusCode': 0, 'package': '@0xsequence/abi_0.41.0', 'message': 'no deps or dev-deps'}
{'statusCode': 0, 'package': '@0xsequence/abi_0.41.1', 'message': 'no deps or dev-deps'}
{'statusCode': 0, 'package': '@0xsequence/abi_0.41.2', 'message': 'no deps or dev-deps'}
{'statusCode': 0, 'package': '@0xsequence/abi_0.41.3', 'message': 'no deps or dev-deps'}
{'statusCode': 0, 'package': '@0xsequence/abi_0.42.0', 'message': 'no deps or dev-deps'}
{'statusCode': 0, 'package': '@0xsequence/abi_0.42.1', 'message': 'no deps or dev-deps'}
{'statusCode': 0, 'package': '@0xsequence/abi_0.42.2', 'message': 'no deps or dev-deps'}
{'statusCode': 0, 'package': '@0xsequence/abi_0.42.3', 'message': 'no deps or dev-deps'}
{'statusCode': 0, 'package': '@0xsequence/abi_0.42.4', 'message': 'no deps or dev-deps'}
{'statusCode': 0, 'package': '@0xsequence/abi_0.42.5', 'message': 'no deps or dev-deps'}
{'statusCode': 0, 'package': '@0xsequence/abi_0.42.6', 'message': 'no deps or dev-deps'}
{'statusCode': 0, 'package': '@0xsequence/abi_0.42.7', 'message': 'no deps or dev-deps'}
{'statusCode': 0, 'package': '@0xsequence/abi_0.42.8', 'message': 'no deps or dev-deps'}
{'statusCode': 0, 'package': '@0xsequence/abi_0.42.9', 'message': 'no deps or dev-deps'}
{'statusCode': 0, 'package': '@0xsequence/abi_0.42.10', 'message': 'no deps or dev-deps'}
{'statusCode': 0, 'package': '@0xsequence/abi_0.43.0', 'message': 'no deps or dev-deps'}
{'statusCode': 0, 'package': '@0xsequence/abi_0.43.1', 'message': 'no deps or dev-deps'}
{'statusCode': 0, 'package': '@0xsequence/abi_0.43.2', 'message': 'no deps or dev-deps'}
{'statusCode': 0, 'package': '@0xsequence/abi_0.43.3', 'message': 'no deps or dev-deps'}
{'statusCode': 0, 'package': '@0xsequence/abi_0.0.0-20221124173317', 'message': 'no deps or dev-deps'}
{'statusCode': 0, 'package': '@0xsequence/abi_0.43.4', 'message': 'no deps or dev-deps'}
{'statusCode': 0, 'package': '@0xsequence/abi_0.43.5', 'message': 'no deps or dev-deps'}
{'statusCode': 0, 'package': '@0xsequence/abi_0.43.6', 'message': 'no deps or dev-deps'}
{'statusCode': 0, 'package': '@0xsequence/abi_0.43.7', 'message': 'no deps or dev-deps'}
{'statusCode': 0, 'package': '@0xsequence/abi_0.7.0', 'message': 'no deps or dev-deps'}
{'statusCode': 0, 'package': '@0xsequence/abi_0.8.0', 'message': 'no deps or dev-deps'}
{'statusCode': 0, 'package': '@0xsequence/abi_0.8.1', 'message': 'no deps or dev-deps'}
{'statusCode': 0, 'package': '@0xsequence/abi_0.8.2', 'message': 'no deps or dev-deps'}
{'statusCode': 0, 'package': '@0xsequence/abi_0.8.3', 'message': 'no deps or dev-deps'}
{'statusCode': 0, 'package': '@0xsequence/abi_0.8.4', 'message': 'no deps or dev-deps'}
{'statusCode': 0, 'package': '@0xsequence/abi_0.8.5', 'message': 'no deps or dev-deps'}
{'statusCode': 0, 'package': '@0xsequence/abi_0.9.1', 'message': 'no deps or dev-deps'}
{'statusCode': 0, 'package': '@0xsequence/abi_0.9.3', 'message': 'no deps or dev-deps'}
{'statusCode': 0, 'package': '@0xsequence/abi_0.9.6', 'message': 'no deps or dev-deps'}
{'statusCode': 0, 'package': '@0xsequence/abi_0.10.0', 'message': 'no deps or dev-deps'}
{'statusCode': 0, 'package': '@0xsequence/abi_0.10.1', 'message': 'no deps or dev-deps'}
{'statusCode': 0, 'package': '@0xsequence/abi_0.10.2', 'message': 'no deps or dev-deps'}
{'statusCode': 0, 'package': '@0xsequence/abi_0.10.3', 'message': 'no deps or dev-deps'}
{'statusCode': 0, 'package': '@0xsequence/abi_0.10.4', 'message': 'no deps or dev-deps'}
{'statusCode': 0, 'package': '@0xsequence/abi_0.10.5', 'message': 'no deps or dev-deps'}
{'statusCode': 0, 'package': '@0xsequence/abi_0.10.6', 'message': 'no deps or dev-deps'}
{'statusCode': 0, 'package': '@0xsequence/abi_0.10.7', 'message': 'no deps or dev-deps'}
{'statusCode': 0, 'package': '@0xsequence/abi_0.10.8', 'message': 'no deps or dev-deps'}
{'statusCode': 0, 'package': '@0xsequence/abi_0.10.9', 'message': 'no deps or dev-deps'}
{'statusCode': 0, 'package': '@0xsequence/abi_0.11.0', 'message': 'no deps or dev-deps'}
{'statusCode': 0, 'package': '@0xsequence/abi_0.11.1', 'message': 'no deps or dev-deps'}
{'statusCode': 0, 'package': '@0xsequence/abi_0.11.2', 'message': 'no deps or dev-deps'}
{'statusCode': 0, 'package': '@0xsequence/abi_0.11.3', 'message': 'no deps or dev-deps'}
{'statusCode': 0, 'package': '@0xsequence/abi_0.11.4', 'message': 'no deps or dev-deps'}
{'statusCode': 0, 'package': '@0xsequence/abi_0.12.0', 'message': 'no deps or dev-deps'}
{'statusCode': 0, 'package': '@0xsequence/abi_0.12.1', 'message': 'no deps or dev-deps'}
{'statusCode': 0, 'package': '@0xsequence/abi_0.13.0', 'message': 'no deps or dev-deps'}
{'statusCode': 0, 'package': '@0xsequence/abi_0.14.0', 'message': 'no deps or dev-deps'}
{'statusCode': 0, 'package': '@0xsequence/abi_0.14.3', 'message': 'no deps or dev-deps'}
{'statusCode': 0, 'package': '@0xsequence/abi_0.15.1', 'message': 'no deps or dev-deps'}
{'statusCode': 0, 'package': '@0xsequence/abi_0.16.0', 'message': 'no deps or dev-deps'}
{'statusCode': 0, 'package': '@0xsequence/abi_0.18.0', 'message': 'no deps or dev-deps'}
{'statusCode': 0, 'package': '@0xsequence/abi_0.19.0', 'message': 'no deps or dev-deps'}
{'statusCode': 0, 'package': '@0xsequence/abi_0.19.2', 'message': 'no deps or dev-deps'}
{'statusCode': 0, 'package': '@0xsequence/abi_0.19.3', 'message': 'no deps or dev-deps'}
{'statusCode': 0, 'package': '@0xsequence/abi_0.21.0', 'message': 'no deps or dev-deps'}
{'statusCode': 0, 'package': '@0xsequence/abi_0.21.2', 'message': 'no deps or dev-deps'}
{'statusCode': 0, 'package': '@0xsequence/abi_0.21.3', 'message': 'no deps or dev-deps'}
{'statusCode': 0, 'package': '@0xsequence/abi_0.21.4', 'message': 'no deps or dev-deps'}
{'statusCode': 0, 'package': '@0xsequence/abi_0.21.5', 'message': 'no deps or dev-deps'}
{'statusCode': 0, 'package': '@0xsequence/abi_0.22.0', 'message': 'no deps or dev-deps'}
{'statusCode': 0, 'package': '@0xsequence/abi_0.22.1', 'message': 'no deps or dev-deps'}
{'statusCode': 0, 'package': '@0xsequence/abi_0.22.2', 'message': 'no deps or dev-deps'}
{'statusCode': 0, 'package': '@0xsequence/abi_0.23.0', 'message': 'no deps or dev-deps'}
{'statusCode': 0, 'package': '@0xsequence/abi_0.25.0', 'message': 'no deps or dev-deps'}
{'statusCode': 0, 'package': '@0xsequence/abi_0.25.1', 'message': 'no deps or dev-deps'}
{'statusCode': 0, 'package': '@0xsequence/abi_0.27.0', 'message': 'no deps or dev-deps'}
{'statusCode': 0, 'package': '@0xsequence/abi_0.28.0', 'message': 'no deps or dev-deps'}
{'statusCode': 0, 'package': '@0xsequence/abi_0.0.0-202182516517', 'message': 'no deps or dev-deps'}
{'statusCode': 0, 'package': '@0xsequence/abi_0.0.0-202182517435', 'message': 'no deps or dev-deps'}
{'statusCode': 0, 'package': '@0xsequence/abi_0.0.0-2021827201516', 'message': 'no deps or dev-deps'}
{'statusCode': 0, 'package': '@0xsequence/abi_0.29.0', 'message': 'no deps or dev-deps'}
{'statusCode': 0, 'package': '@0xsequence/abi_0.29.8', 'message': 'no deps or dev-deps'}
{'statusCode': 0, 'package': '@0xsequence/abi_0.30.0', 'message': 'no deps or dev-deps'}
{'statusCode': 0, 'package': '@0xsequence/abi_0.31.0', 'message': 'no deps or dev-deps'}
{'statusCode': 0, 'package': '@0xsequence/abi_0.34.0', 'message': 'no deps or dev-deps'}
{'statusCode': 0, 'package': '@0xsequence/abi_0.35.0', 'message': 'no deps or dev-deps'}
{'statusCode': 0, 'package': '@0xsequence/abi_0.35.1', 'message': 'no deps or dev-deps'}
{'statusCode': 0, 'package': '@0xsequence/abi_0.35.2', 'message': 'no deps or dev-deps'}
{'statusCode': 0, 'package': '@0xsequence/abi_0.35.3', 'message': 'no deps or dev-deps'}
{'statusCode': 0, 'package': '@0xsequence/abi_0.35.4', 'message': 'no deps or dev-deps'}
{'statusCode': 0, 'package': '@0xsequence/abi_0.35.5', 'message': 'no deps or dev-deps'}
{'statusCode': 0, 'package': '@0xsequence/abi_0.35.6', 'message': 'no deps or dev-deps'}
{'statusCode': 0, 'package': '@0xsequence/abi_0.35.7', 'message': 'no deps or dev-deps'}
{'statusCode': 0, 'package': '@0xsequence/abi_0.35.8', 'message': 'no deps or dev-deps'}
{'statusCode': 0, 'package': '@0xsequence/abi_0.35.9', 'message': 'no deps or dev-deps'}
{'statusCode': 0, 'package': '@0xsequence/abi_0.35.10', 'message': 'no deps or dev-deps'}
{'statusCode': 0, 'package': '@0xsequence/abi_0.35.11', 'message': 'no deps or dev-deps'}
{'statusCode': 0, 'package': '@0xsequence/abi_0.35.12', 'message': 'no deps or dev-deps'}
{'statusCode': 0, 'package': '@0xsequence/abi_0.36.0', 'message': 'no deps or dev-deps'}
{'statusCode': 0, 'package': '@0xsequence/abi_0.36.1', 'message': 'no deps or dev-deps'}
{'statusCode': 0, 'package': '@0xsequence/abi_0.36.2', 'message': 'no deps or dev-deps'}
{'statusCode': 0, 'package': '@0xsequence/abi_0.36.3', 'message': 'no deps or dev-deps'}
{'statusCode': 0, 'package': '@0xsequence/abi_0.36.4', 'message': 'no deps or dev-deps'}
{'statusCode': 0, 'package': '@0xsequence/abi_0.36.5', 'message': 'no deps or dev-deps'}
{'statusCode': 0, 'package': '@0xsequence/abi_0.36.6', 'message': 'no deps or dev-deps'}
{'statusCode': 0, 'package': '@0xsequence/abi_0.36.7', 'message': 'no deps or dev-deps'}
{'statusCode': 0, 'package': '@0xsequence/abi_0.36.8', 'message': 'no deps or dev-deps'}
{'statusCode': 0, 'package': '@0xsequence/abi_0.36.9', 'message': 'no deps or dev-deps'}
{'statusCode': 0, 'package': '@0xsequence/abi_0.36.10', 'message': 'no deps or dev-deps'}
{'statusCode': 0, 'package': '@0xsequence/abi_0.0.0-20220418165517', 'message': 'no deps or dev-deps'}
{'statusCode': 0, 'package': '@0xsequence/abi_0.36.11', 'message': 'no deps or dev-deps'}
{'statusCode': 0, 'package': '@0xsequence/abi_0.0.0-20220425195445', 'message': 'no deps or dev-deps'}
{'statusCode': 0, 'package': '@0xsequence/abi_0.36.12', 'message': 'no deps or dev-deps'}
{'statusCode': 0, 'package': '@0xsequence/abi_0.0.0-20220427054350', 'message': 'no deps or dev-deps'}
{'statusCode': 0, 'package': '@0xsequence/abi_0.0.0-20220427055332', 'message': 'no deps or dev-deps'}
{'statusCode': 0, 'package': '@0xsequence/abi_0.0.0-20220427161307', 'message': 'no deps or dev-deps'}
{'statusCode': 0, 'package': '@0xsequence/abi_0.0.0-20220427162812', 'message': 'no deps or dev-deps'}
{'statusCode': 0, 'package': '@0xsequence/abi_0.36.13', 'message': 'no deps or dev-deps'}
{'statusCode': 0, 'package': '@0xsequence/abi_0.37.0', 'message': 'no deps or dev-deps'}
{'statusCode': 0, 'package': '@0xsequence/abi_0.37.1', 'message': 'no deps or dev-deps'}
{'statusCode': 0, 'package': '@0xsequence/abi_0.0.0-20220506174803', 'message': 'no deps or dev-deps'}
{'statusCode': 0, 'package': '@0xsequence/abi_0.0.0-20220506195001', 'message': 'no deps or dev-deps'}
{'statusCode': 0, 'package': '@0xsequence/abi_0.0.0-20220513134147', 'message': 'no deps or dev-deps'}
{'statusCode': 0, 'package': '@0xsequence/abi_0.38.0', 'message': 'no deps or dev-deps'}
{'statusCode': 0, 'package': '@0xsequence/abi_0.38.1', 'message': 'no deps or dev-deps'}
{'statusCode': 0, 'package': '@0xsequence/abi_0.38.2', 'message': 'no deps or dev-deps'}
{'statusCode': 0, 'package': '@0xsequence/abi_0.39.0', 'message': 'no deps or dev-deps'}
{'statusCode': 0, 'package': '@0xsequence/abi_0.0.0-20220519151110', 'message': 'no deps or dev-deps'}
{'statusCode': 0, 'package': '@0xsequence/abi_0.0.0-20220519202656', 'message': 'no deps or dev-deps'}
{'statusCode': 0, 'package': '@0xsequence/abi_0.0.0-20220601185217', 'message': 'no deps or dev-deps'}
{'statusCode': 0, 'package': '@0xsequence/abi_0.39.1', 'message': 'no deps or dev-deps'}
{'statusCode': 0, 'package': '@0xsequence/abi_0.39.2', 'message': 'no deps or dev-deps'}
{'statusCode': 0, 'package': '@0xsequence/abi_0.0.0-20220609204505', 'message': 'no deps or dev-deps'}
{'statusCode': 0, 'package': '@0xsequence/abi_0.0.0-20220610134843', 'message': 'no deps or dev-deps'}
{'statusCode': 0, 'package': '@0xsequence/abi_0.39.3', 'message': 'no deps or dev-deps'}
{'statusCode': 0, 'package': '@0xsequence/abi_0.0.0-20220614152529', 'message': 'no deps or dev-deps'}
{'statusCode': 0, 'package': '@0xsequence/abi_0.0.0-20220616121217', 'message': 'no deps or dev-deps'}
{'statusCode': 0, 'package': '@0xsequence/abi_0.39.4', 'message': 'no deps or dev-deps'}
{'statusCode': 0, 'package': '@0xsequence/abi_0.39.5', 'message': 'no deps or dev-deps'}
{'statusCode': 0, 'package': '@0xsequence/abi_0.39.6', 'message': 'no deps or dev-deps'}
{'statusCode': 0, 'package': '@0xsequence/abi_0.0.0-26b08ee9-20220629135033', 'message': 'no deps or dev-deps'}
{'statusCode': 0, 'package': '@0xsequence/abi_0.0.0-cdbb3137-20220630190630', 'message': 'no deps or dev-deps'}
{'statusCode': 0, 'package': '@0xsequence/abi_0.0.0-cdbb3137-20220630191603', 'message': 'no deps or dev-deps'}
{'statusCode': 0, 'package': '@0xsequence/abi_0.0.0-cdbb3137-20220630192830', 'message': 'no deps or dev-deps'}
{'statusCode': 0, 'package': '@0xsequence/abi_0.0.0-20220630194654', 'message': 'no deps or dev-deps'}
{'statusCode': 0, 'package': '@0xsequence/abi_0.0.0-20220630211555', 'message': 'no deps or dev-deps'}
{'statusCode': 0, 'package': '@0xsequence/abi_0.0.0-20220630215108', 'message': 'no deps or dev-deps'}
{'statusCode': 0, 'package': '@0xsequence/abi_0.0.0-20220703182449', 'message': 'no deps or dev-deps'}
{'statusCode': 0, 'package': '@0xsequence/abi_0.0.0-20220704043930', 'message': 'no deps or dev-deps'}
{'statusCode': 0, 'package': '@0xsequence/abi_0.0.0-20220706193010', 'message': 'no deps or dev-deps'}
{'statusCode': 0, 'package': '@0xsequence/abi_0.0.0-20220710174545', 'message': 'no deps or dev-deps'}
{'statusCode': 0, 'package': '@0xsequence/abi_0.0.0-coolcats-0.36.12-20220711222640', 'message': 'no deps or dev-deps'}
{'statusCode': 0, 'package': '@0xsequence/abi_0.40.0', 'message': 'no deps or dev-deps'}
{'statusCode': 0, 'package': '@0xsequence/abi_0.40.1', 'message': 'no deps or dev-deps'}
{'statusCode': 0, 'package': '@0xsequence/abi_0.0.0-20220713211319', 'message': 'no deps or dev-deps'}
{'statusCode': 0, 'package': '@0xsequence/abi_0.0.0-20220714164224', 'message': 'no deps or dev-deps'}
{'statusCode': 0, 'package': '@0xsequence/abi_0.40.2', 'message': 'no deps or dev-deps'}
{'statusCode': 0, 'package': '@0xsequence/abi_0.0.0-20220719173737', 'message': 'no deps or dev-deps'}
{'statusCode': 0, 'package': '@0xsequence/abi_0.0.0-20220722145329', 'message': 'no deps or dev-deps'}
{'statusCode': 0, 'package': '@0xsequence/abi_0.0.0-20220725200200', 'message': 'no deps or dev-deps'}
{'statusCode': 0, 'package': '@0xsequence/abi_0.40.3', 'message': 'no deps or dev-deps'}
{'statusCode': 0, 'package': '@0xsequence/abi_0.0.0-20220728141414', 'message': 'no deps or dev-deps'}
{'statusCode': 0, 'package': '@0xsequence/abi_0.40.4', 'message': 'no deps or dev-deps'}
{'statusCode': 0, 'package': '@0xsequence/abi_0.0.0-20220728215555', 'message': 'no deps or dev-deps'}
{'statusCode': 0, 'package': '@0xsequence/abi_0.40.5', 'message': 'no deps or dev-deps'}
{'statusCode': 0, 'package': '@0xsequence/abi_0.0.0-20220804202525', 'message': 'no deps or dev-deps'}
{'statusCode': 0, 'package': '@0xsequence/abi_0.40.6', 'message': 'no deps or dev-deps'}
{'statusCode': 0, 'package': '@0xsequence/abi_0.0.0-20220825181818', 'message': 'no deps or dev-deps'}
{'statusCode': 0, 'package': '@0xsequence/abi_0.0.0-20220825190100', 'message': 'no deps or dev-deps'}
{'statusCode': 0, 'package': '@0xsequence/abi_0.41.0', 'message': 'no deps or dev-deps'}
{'statusCode': 0, 'package': '@0xsequence/abi_0.41.1', 'message': 'no deps or dev-deps'}
{'statusCode': 0, 'package': '@0xsequence/abi_0.41.2', 'message': 'no deps or dev-deps'}
{'statusCode': 0, 'package': '@0xsequence/abi_0.41.3', 'message': 'no deps or dev-deps'}
{'statusCode': 0, 'package': '@0xsequence/abi_0.42.0', 'message': 'no deps or dev-deps'}
{'statusCode': 0, 'package': '@0xsequence/abi_0.42.1', 'message': 'no deps or dev-deps'}
{'statusCode': 0, 'package': '@0xsequence/abi_0.42.2', 'message': 'no deps or dev-deps'}
{'statusCode': 0, 'package': '@0xsequence/abi_0.42.3', 'message': 'no deps or dev-deps'}
{'statusCode': 0, 'package': '@0xsequence/abi_0.42.4', 'message': 'no deps or dev-deps'}
{'statusCode': 0, 'package': '@0xsequence/abi_0.42.5', 'message': 'no deps or dev-deps'}
{'statusCode': 0, 'package': '@0xsequence/abi_0.42.6', 'message': 'no deps or dev-deps'}
{'statusCode': 0, 'package': '@0xsequence/abi_0.42.7', 'message': 'no deps or dev-deps'}
{'statusCode': 0, 'package': '@0xsequence/abi_0.42.8', 'message': 'no deps or dev-deps'}
{'statusCode': 0, 'package': '@0xsequence/abi_0.42.9', 'message': 'no deps or dev-deps'}
{'statusCode': 0, 'package': '@0xsequence/abi_0.42.10', 'message': 'no deps or dev-deps'}
{'statusCode': 0, 'package': '@0xsequence/abi_0.43.0', 'message': 'no deps or dev-deps'}
{'statusCode': 0, 'package': '@0xsequence/abi_0.43.1', 'message': 'no deps or dev-deps'}
{'statusCode': 0, 'package': '@0xsequence/abi_0.43.2', 'message': 'no deps or dev-deps'}
{'statusCode': 0, 'package': '@0xsequence/abi_0.43.3', 'message': 'no deps or dev-deps'}
{'statusCode': 0, 'package': '@0xsequence/abi_0.0.0-20221124173317', 'message': 'no deps or dev-deps'}
{'statusCode': 0, 'package': '@0xsequence/abi_0.43.4', 'message': 'no deps or dev-deps'}
{'statusCode': 0, 'package': '@0xsequence/abi_0.43.5', 'message': 'no deps or dev-deps'}
{'statusCode': 0, 'package': '@0xsequence/abi_0.43.6', 'message': 'no deps or dev-deps'}
{'statusCode': 0, 'package': '@0xsequence/abi_0.43.7', 'message': 'no deps or dev-deps'}
{'statusCode': 0, 'package': '@0xsequence/abi_0.7.0', 'message': 'no deps or dev-deps'}
{'statusCode': 0, 'package': '@0xsequence/abi_0.8.0', 'message': 'no deps or dev-deps'}
{'statusCode': 0, 'package': '@0xsequence/abi_0.8.1', 'message': 'no deps or dev-deps'}
{'statusCode': 0, 'package': '@0xsequence/abi_0.8.2', 'message': 'no deps or dev-deps'}
{'statusCode': 0, 'package': '@0xsequence/abi_0.8.3', 'message': 'no deps or dev-deps'}
{'statusCode': 0, 'package': '@0xsequence/abi_0.8.4', 'message': 'no deps or dev-deps'}
{'statusCode': 0, 'package': '@0xsequence/abi_0.8.5', 'message': 'no deps or dev-deps'}
{'statusCode': 0, 'package': '@0xsequence/abi_0.9.1', 'message': 'no deps or dev-deps'}
{'statusCode': 0, 'package': '@0xsequence/abi_0.9.3', 'message': 'no deps or dev-deps'}
{'statusCode': 0, 'package': '@0xsequence/abi_0.9.6', 'message': 'no deps or dev-deps'}
{'statusCode': 0, 'package': '@0xsequence/abi_0.10.0', 'message': 'no deps or dev-deps'}
{'statusCode': 0, 'package': '@0xsequence/abi_0.10.1', 'message': 'no deps or dev-deps'}
{'statusCode': 0, 'package': '@0xsequence/abi_0.10.2', 'message': 'no deps or dev-deps'}
{'statusCode': 0, 'package': '@0xsequence/abi_0.10.3', 'message': 'no deps or dev-deps'}
{'statusCode': 0, 'package': '@0xsequence/abi_0.10.4', 'message': 'no deps or dev-deps'}
{'statusCode': 0, 'package': '@0xsequence/abi_0.10.5', 'message': 'no deps or dev-deps'}
{'statusCode': 0, 'package': '@0xsequence/abi_0.10.6', 'message': 'no deps or dev-deps'}
{'statusCode': 0, 'package': '@0xsequence/abi_0.10.7', 'message': 'no deps or dev-deps'}
{'statusCode': 0, 'package': '@0xsequence/abi_0.10.8', 'message': 'no deps or dev-deps'}
{'statusCode': 0, 'package': '@0xsequence/abi_0.10.9', 'message': 'no deps or dev-deps'}
{'statusCode': 0, 'package': '@0xsequence/abi_0.11.0', 'message': 'no deps or dev-deps'}
{'statusCode': 0, 'package': '@0xsequence/abi_0.11.1', 'message': 'no deps or dev-deps'}
{'statusCode': 0, 'package': '@0xsequence/abi_0.11.2', 'message': 'no deps or dev-deps'}
{'statusCode': 0, 'package': '@0xsequence/abi_0.11.3', 'message': 'no deps or dev-deps'}
{'statusCode': 0, 'package': '@0xsequence/abi_0.11.4', 'message': 'no deps or dev-deps'}
{'statusCode': 0, 'package': '@0xsequence/abi_0.12.0', 'message': 'no deps or dev-deps'}
{'statusCode': 0, 'package': '@0xsequence/abi_0.12.1', 'message': 'no deps or dev-deps'}
{'statusCode': 0, 'package': '@0xsequence/abi_0.13.0', 'message': 'no deps or dev-deps'}
{'statusCode': 0, 'package': '@0xsequence/abi_0.14.0', 'message': 'no deps or dev-deps'}
{'statusCode': 0, 'package': '@0xsequence/abi_0.14.3', 'message': 'no deps or dev-deps'}
{'statusCode': 0, 'package': '@0xsequence/abi_0.15.1', 'message': 'no deps or dev-deps'}
{'statusCode': 0, 'package': '@0xsequence/abi_0.16.0', 'message': 'no deps or dev-deps'}
{'statusCode': 0, 'package': '@0xsequence/abi_0.18.0', 'message': 'no deps or dev-deps'}
{'statusCode': 0, 'package': '@0xsequence/abi_0.19.0', 'message': 'no deps or dev-deps'}
{'statusCode': 0, 'package': '@0xsequence/abi_0.19.2', 'message': 'no deps or dev-deps'}
{'statusCode': 0, 'package': '@0xsequence/abi_0.19.3', 'message': 'no deps or dev-deps'}
{'statusCode': 0, 'package': '@0xsequence/abi_0.21.0', 'message': 'no deps or dev-deps'}
{'statusCode': 0, 'package': '@0xsequence/abi_0.21.2', 'message': 'no deps or dev-deps'}
{'statusCode': 0, 'package': '@0xsequence/abi_0.21.3', 'message': 'no deps or dev-deps'}
{'statusCode': 0, 'package': '@0xsequence/abi_0.21.4', 'message': 'no deps or dev-deps'}
{'statusCode': 0, 'package': '@0xsequence/abi_0.21.5', 'message': 'no deps or dev-deps'}
{'statusCode': 0, 'package': '@0xsequence/abi_0.22.0', 'message': 'no deps or dev-deps'}
{'statusCode': 0, 'package': '@0xsequence/abi_0.22.1', 'message': 'no deps or dev-deps'}
{'statusCode': 0, 'package': '@0xsequence/abi_0.22.2', 'message': 'no deps or dev-deps'}
{'statusCode': 0, 'package': '@0xsequence/abi_0.23.0', 'message': 'no deps or dev-deps'}
{'statusCode': 0, 'package': '@0xsequence/abi_0.25.0', 'message': 'no deps or dev-deps'}
{'statusCode': 0, 'package': '@0xsequence/abi_0.25.1', 'message': 'no deps or dev-deps'}
{'statusCode': 0, 'package': '@0xsequence/abi_0.27.0', 'message': 'no deps or dev-deps'}
{'statusCode': 0, 'package': '@0xsequence/abi_0.28.0', 'message': 'no deps or dev-deps'}
{'statusCode': 0, 'package': '@0xsequence/abi_0.0.0-202182516517', 'message': 'no deps or dev-deps'}
{'statusCode': 0, 'package': '@0xsequence/abi_0.0.0-202182517435', 'message': 'no deps or dev-deps'}
{'statusCode': 0, 'package': '@0xsequence/abi_0.0.0-2021827201516', 'message': 'no deps or dev-deps'}
{'statusCode': 0, 'package': '@0xsequence/abi_0.29.0', 'message': 'no deps or dev-deps'}
{'statusCode': 0, 'package': '@0xsequence/abi_0.29.8', 'message': 'no deps or dev-deps'}
{'statusCode': 0, 'package': '@0xsequence/abi_0.30.0', 'message': 'no deps or dev-deps'}
{'statusCode': 0, 'package': '@0xsequence/abi_0.31.0', 'message': 'no deps or dev-deps'}
{'statusCode': 0, 'package': '@0xsequence/abi_0.34.0', 'message': 'no deps or dev-deps'}
{'statusCode': 0, 'package': '@0xsequence/abi_0.35.0', 'message': 'no deps or dev-deps'}
{'statusCode': 0, 'package': '@0xsequence/abi_0.35.1', 'message': 'no deps or dev-deps'}
{'statusCode': 0, 'package': '@0xsequence/abi_0.35.2', 'message': 'no deps or dev-deps'}
{'statusCode': 0, 'package': '@0xsequence/abi_0.35.3', 'message': 'no deps or dev-deps'}
{'statusCode': 0, 'package': '@0xsequence/abi_0.35.4', 'message': 'no deps or dev-deps'}
{'statusCode': 0, 'package': '@0xsequence/abi_0.35.5', 'message': 'no deps or dev-deps'}
{'statusCode': 0, 'package': '@0xsequence/abi_0.35.6', 'message': 'no deps or dev-deps'}
{'statusCode': 0, 'package': '@0xsequence/abi_0.35.7', 'message': 'no deps or dev-deps'}
{'statusCode': 0, 'package': '@0xsequence/abi_0.35.8', 'message': 'no deps or dev-deps'}
{'statusCode': 0, 'package': '@0xsequence/abi_0.35.9', 'message': 'no deps or dev-deps'}
{'statusCode': 0, 'package': '@0xsequence/abi_0.35.10', 'message': 'no deps or dev-deps'}
{'statusCode': 0, 'package': '@0xsequence/abi_0.35.11', 'message': 'no deps or dev-deps'}
{'statusCode': 0, 'package': '@0xsequence/abi_0.35.12', 'message': 'no deps or dev-deps'}
{'statusCode': 0, 'package': '@0xsequence/abi_0.36.0', 'message': 'no deps or dev-deps'}
{'statusCode': 0, 'package': '@0xsequence/abi_0.36.1', 'message': 'no deps or dev-deps'}
{'statusCode': 0, 'package': '@0xsequence/abi_0.36.2', 'message': 'no deps or dev-deps'}
{'statusCode': 0, 'package': '@0xsequence/abi_0.36.3', 'message': 'no deps or dev-deps'}
{'statusCode': 0, 'package': '@0xsequence/abi_0.36.4', 'message': 'no deps or dev-deps'}
{'statusCode': 0, 'package': '@0xsequence/abi_0.36.5', 'message': 'no deps or dev-deps'}
{'statusCode': 0, 'package': '@0xsequence/abi_0.36.6', 'message': 'no deps or dev-deps'}
{'statusCode': 0, 'package': '@0xsequence/abi_0.36.7', 'message': 'no deps or dev-deps'}
{'statusCode': 0, 'package': '@0xsequence/abi_0.36.8', 'message': 'no deps or dev-deps'}
{'statusCode': 0, 'package': '@0xsequence/abi_0.36.9', 'message': 'no deps or dev-deps'}
{'statusCode': 0, 'package': '@0xsequence/abi_0.36.10', 'message': 'no deps or dev-deps'}
{'statusCode': 0, 'package': '@0xsequence/abi_0.0.0-20220418165517', 'message': 'no deps or dev-deps'}
{'statusCode': 0, 'package': '@0xsequence/abi_0.36.11', 'message': 'no deps or dev-deps'}
{'statusCode': 0, 'package': '@0xsequence/abi_0.0.0-20220425195445', 'message': 'no deps or dev-deps'}
{'statusCode': 0, 'package': '@0xsequence/abi_0.36.12', 'message': 'no deps or dev-deps'}
{'statusCode': 0, 'package': '@0xsequence/abi_0.0.0-20220427054350', 'message': 'no deps or dev-deps'}
{'statusCode': 0, 'package': '@0xsequence/abi_0.0.0-20220427055332', 'message': 'no deps or dev-deps'}
{'statusCode': 0, 'package': '@0xsequence/abi_0.0.0-20220427161307', 'message': 'no deps or dev-deps'}
{'statusCode': 0, 'package': '@0xsequence/abi_0.0.0-20220427162812', 'message': 'no deps or dev-deps'}
{'statusCode': 0, 'package': '@0xsequence/abi_0.36.13', 'message': 'no deps or dev-deps'}
{'statusCode': 0, 'package': '@0xsequence/abi_0.37.0', 'message': 'no deps or dev-deps'}
{'statusCode': 0, 'package': '@0xsequence/abi_0.37.1', 'message': 'no deps or dev-deps'}
{'statusCode': 0, 'package': '@0xsequence/abi_0.0.0-20220506174803', 'message': 'no deps or dev-deps'}
{'statusCode': 0, 'package': '@0xsequence/abi_0.0.0-20220506195001', 'message': 'no deps or dev-deps'}
{'statusCode': 0, 'package': '@0xsequence/abi_0.0.0-20220513134147', 'message': 'no deps or dev-deps'}
{'statusCode': 0, 'package': '@0xsequence/abi_0.38.0', 'message': 'no deps or dev-deps'}
{'statusCode': 0, 'package': '@0xsequence/abi_0.38.1', 'message': 'no deps or dev-deps'}
{'statusCode': 0, 'package': '@0xsequence/abi_0.38.2', 'message': 'no deps or dev-deps'}
{'statusCode': 0, 'package': '@0xsequence/abi_0.39.0', 'message': 'no deps or dev-deps'}
{'statusCode': 0, 'package': '@0xsequence/abi_0.0.0-20220519151110', 'message': 'no deps or dev-deps'}
{'statusCode': 0, 'package': '@0xsequence/abi_0.0.0-20220519202656', 'message': 'no deps or dev-deps'}
{'statusCode': 0, 'package': '@0xsequence/abi_0.0.0-20220601185217', 'message': 'no deps or dev-deps'}
{'statusCode': 0, 'package': '@0xsequence/abi_0.39.1', 'message': 'no deps or dev-deps'}
{'statusCode': 0, 'package': '@0xsequence/abi_0.39.2', 'message': 'no deps or dev-deps'}
{'statusCode': 0, 'package': '@0xsequence/abi_0.0.0-20220609204505', 'message': 'no deps or dev-deps'}
{'statusCode': 0, 'package': '@0xsequence/abi_0.0.0-20220610134843', 'message': 'no deps or dev-deps'}
{'statusCode': 0, 'package': '@0xsequence/abi_0.39.3', 'message': 'no deps or dev-deps'}
{'statusCode': 0, 'package': '@0xsequence/abi_0.0.0-20220614152529', 'message': 'no deps or dev-deps'}
{'statusCode': 0, 'package': '@0xsequence/abi_0.0.0-20220616121217', 'message': 'no deps or dev-deps'}
{'statusCode': 0, 'package': '@0xsequence/abi_0.39.4', 'message': 'no deps or dev-deps'}
{'statusCode': 0, 'package': '@0xsequence/abi_0.39.5', 'message': 'no deps or dev-deps'}
{'statusCode': 0, 'package': '@0xsequence/abi_0.39.6', 'message': 'no deps or dev-deps'}
{'statusCode': 0, 'package': '@0xsequence/abi_0.0.0-26b08ee9-20220629135033', 'message': 'no deps or dev-deps'}
{'statusCode': 0, 'package': '@0xsequence/abi_0.0.0-cdbb3137-20220630190630', 'message': 'no deps or dev-deps'}
{'statusCode': 0, 'package': '@0xsequence/abi_0.0.0-cdbb3137-20220630191603', 'message': 'no deps or dev-deps'}
{'statusCode': 0, 'package': '@0xsequence/abi_0.0.0-cdbb3137-20220630192830', 'message': 'no deps or dev-deps'}
{'statusCode': 0, 'package': '@0xsequence/abi_0.0.0-20220630194654', 'message': 'no deps or dev-deps'}
{'statusCode': 0, 'package': '@0xsequence/abi_0.0.0-20220630211555', 'message': 'no deps or dev-deps'}
{'statusCode': 0, 'package': '@0xsequence/abi_0.0.0-20220630215108', 'message': 'no deps or dev-deps'}
{'statusCode': 0, 'package': '@0xsequence/abi_0.0.0-20220703182449', 'message': 'no deps or dev-deps'}
{'statusCode': 0, 'package': '@0xsequence/abi_0.0.0-20220704043930', 'message': 'no deps or dev-deps'}
{'statusCode': 0, 'package': '@0xsequence/abi_0.0.0-20220706193010', 'message': 'no deps or dev-deps'}
{'statusCode': 0, 'package': '@0xsequence/abi_0.0.0-20220710174545', 'message': 'no deps or dev-deps'}
{'statusCode': 0, 'package': '@0xsequence/abi_0.0.0-coolcats-0.36.12-20220711222640', 'message': 'no deps or dev-deps'}
{'statusCode': 0, 'package': '@0xsequence/abi_0.40.0', 'message': 'no deps or dev-deps'}
{'statusCode': 0, 'package': '@0xsequence/abi_0.40.1', 'message': 'no deps or dev-deps'}
{'statusCode': 0, 'package': '@0xsequence/abi_0.0.0-20220713211319', 'message': 'no deps or dev-deps'}
{'statusCode': 0, 'package': '@0xsequence/abi_0.0.0-20220714164224', 'message': 'no deps or dev-deps'}
{'statusCode': 0, 'package': '@0xsequence/abi_0.40.2', 'message': 'no deps or dev-deps'}
{'statusCode': 0, 'package': '@0xsequence/abi_0.0.0-20220719173737', 'message': 'no deps or dev-deps'}
{'statusCode': 0, 'package': '@0xsequence/abi_0.0.0-20220722145329', 'message': 'no deps or dev-deps'}
{'statusCode': 0, 'package': '@0xsequence/abi_0.0.0-20220725200200', 'message': 'no deps or dev-deps'}
{'statusCode': 0, 'package': '@0xsequence/abi_0.40.3', 'message': 'no deps or dev-deps'}
{'statusCode': 0, 'package': '@0xsequence/abi_0.0.0-20220728141414', 'message': 'no deps or dev-deps'}
{'statusCode': 0, 'package': '@0xsequence/abi_0.40.4', 'message': 'no deps or dev-deps'}
{'statusCode': 0, 'package': '@0xsequence/abi_0.0.0-20220728215555', 'message': 'no deps or dev-deps'}
{'statusCode': 0, 'package': '@0xsequence/abi_0.40.5', 'message': 'no deps or dev-deps'}
{'statusCode': 0, 'package': '@0xsequence/abi_0.0.0-20220804202525', 'message': 'no deps or dev-deps'}
{'statusCode': 0, 'package': '@0xsequence/abi_0.40.6', 'message': 'no deps or dev-deps'}
{'statusCode': 0, 'package': '@0xsequence/abi_0.0.0-20220825181818', 'message': 'no deps or dev-deps'}
{'statusCode': 0, 'package': '@0xsequence/abi_0.0.0-20220825190100', 'message': 'no deps or dev-deps'}
{'statusCode': 0, 'package': '@0xsequence/abi_0.41.0', 'message': 'no deps or dev-deps'}
{'statusCode': 0, 'package': '@0xsequence/abi_0.41.1', 'message': 'no deps or dev-deps'}
{'statusCode': 0, 'package': '@0xsequence/abi_0.41.2', 'message': 'no deps or dev-deps'}
{'statusCode': 0, 'package': '@0xsequence/abi_0.41.3', 'message': 'no deps or dev-deps'}
{'statusCode': 0, 'package': '@0xsequence/abi_0.42.0', 'message': 'no deps or dev-deps'}
{'statusCode': 0, 'package': '@0xsequence/abi_0.42.1', 'message': 'no deps or dev-deps'}
{'statusCode': 0, 'package': '@0xsequence/abi_0.42.2', 'message': 'no deps or dev-deps'}
{'statusCode': 0, 'package': '@0xsequence/abi_0.42.3', 'message': 'no deps or dev-deps'}
{'statusCode': 0, 'package': '@0xsequence/abi_0.42.4', 'message': 'no deps or dev-deps'}
{'statusCode': 0, 'package': '@0xsequence/abi_0.42.5', 'message': 'no deps or dev-deps'}
{'statusCode': 0, 'package': '@0xsequence/abi_0.42.6', 'message': 'no deps or dev-deps'}
{'statusCode': 0, 'package': '@0xsequence/abi_0.42.7', 'message': 'no deps or dev-deps'}
{'statusCode': 0, 'package': '@0xsequence/abi_0.42.8', 'message': 'no deps or dev-deps'}
{'statusCode': 0, 'package': '@0xsequence/abi_0.42.9', 'message': 'no deps or dev-deps'}
{'statusCode': 0, 'package': '@0xsequence/abi_0.42.10', 'message': 'no deps or dev-deps'}
{'statusCode': 0, 'package': '@0xsequence/abi_0.43.0', 'message': 'no deps or dev-deps'}
{'statusCode': 0, 'package': '@0xsequence/abi_0.43.1', 'message': 'no deps or dev-deps'}
{'statusCode': 0, 'package': '@0xsequence/abi_0.43.2', 'message': 'no deps or dev-deps'}
{'statusCode': 0, 'package': '@0xsequence/abi_0.43.3', 'message': 'no deps or dev-deps'}
{'statusCode': 0, 'package': '@0xsequence/abi_0.0.0-20221124173317', 'message': 'no deps or dev-deps'}
{'statusCode': 0, 'package': '@0xsequence/abi_0.43.4', 'message': 'no deps or dev-deps'}
{'statusCode': 0, 'package': '@0xsequence/abi_0.43.5', 'message': 'no deps or dev-deps'}
{'statusCode': 0, 'package': '@0xsequence/abi_0.43.6', 'message': 'no deps or dev-deps'}
{'statusCode': 0, 'package': '@0xsequence/abi_0.43.7', 'message': 'no deps or dev-deps'}
{'statusCode': 0, 'package': '@0xsequence/abi_0.7.0', 'message': 'no deps or dev-deps'}
{'statusCode': 0, 'package': '@0xsequence/abi_0.8.0', 'message': 'no deps or dev-deps'}
{'statusCode': 0, 'package': '@0xsequence/abi_0.8.1', 'message': 'no deps or dev-deps'}
{'statusCode': 0, 'package': '@0xsequence/abi_0.8.2', 'message': 'no deps or dev-deps'}
{'statusCode': 0, 'package': '@0xsequence/abi_0.8.3', 'message': 'no deps or dev-deps'}
{'statusCode': 0, 'package': '@0xsequence/abi_0.8.4', 'message': 'no deps or dev-deps'}
{'statusCode': 0, 'package': '@0xsequence/abi_0.8.5', 'message': 'no deps or dev-deps'}
{'statusCode': 0, 'package': '@0xsequence/abi_0.9.1', 'message': 'no deps or dev-deps'}
{'statusCode': 0, 'package': '@0xsequence/abi_0.9.3', 'message': 'no deps or dev-deps'}
{'statusCode': 0, 'package': '@0xsequence/abi_0.9.6', 'message': 'no deps or dev-deps'}
{'statusCode': 0, 'package': '@0xsequence/abi_0.10.0', 'message': 'no deps or dev-deps'}
{'statusCode': 0, 'package': '@0xsequence/abi_0.10.1', 'message': 'no deps or dev-deps'}
{'statusCode': 0, 'package': '@0xsequence/abi_0.10.2', 'message': 'no deps or dev-deps'}
{'statusCode': 0, 'package': '@0xsequence/abi_0.10.3', 'message': 'no deps or dev-deps'}
{'statusCode': 0, 'package': '@0xsequence/abi_0.10.4', 'message': 'no deps or dev-deps'}
{'statusCode': 0, 'package': '@0xsequence/abi_0.10.5', 'message': 'no deps or dev-deps'}
{'statusCode': 0, 'package': '@0xsequence/abi_0.10.6', 'message': 'no deps or dev-deps'}
{'statusCode': 0, 'package': '@0xsequence/abi_0.10.7', 'message': 'no deps or dev-deps'}
{'statusCode': 0, 'package': '@0xsequence/abi_0.10.8', 'message': 'no deps or dev-deps'}
{'statusCode': 0, 'package': '@0xsequence/abi_0.10.9', 'message': 'no deps or dev-deps'}
{'statusCode': 0, 'package': '@0xsequence/abi_0.11.0', 'message': 'no deps or dev-deps'}
{'statusCode': 0, 'package': '@0xsequence/abi_0.11.1', 'message': 'no deps or dev-deps'}
{'statusCode': 0, 'package': '@0xsequence/abi_0.11.2', 'message': 'no deps or dev-deps'}
{'statusCode': 0, 'package': '@0xsequence/abi_0.11.3', 'message': 'no deps or dev-deps'}
{'statusCode': 0, 'package': '@0xsequence/abi_0.11.4', 'message': 'no deps or dev-deps'}
{'statusCode': 0, 'package': '@0xsequence/abi_0.12.0', 'message': 'no deps or dev-deps'}
{'statusCode': 0, 'package': '@0xsequence/abi_0.12.1', 'message': 'no deps or dev-deps'}
{'statusCode': 0, 'package': '@0xsequence/abi_0.13.0', 'message': 'no deps or dev-deps'}
{'statusCode': 0, 'package': '@0xsequence/abi_0.14.0', 'message': 'no deps or dev-deps'}
{'statusCode': 0, 'package': '@0xsequence/abi_0.14.3', 'message': 'no deps or dev-deps'}
{'statusCode': 0, 'package': '@0xsequence/abi_0.15.1', 'message': 'no deps or dev-deps'}
{'statusCode': 0, 'package': '@0xsequence/abi_0.16.0', 'message': 'no deps or dev-deps'}
{'statusCode': 0, 'package': '@0xsequence/abi_0.18.0', 'message': 'no deps or dev-deps'}
{'statusCode': 0, 'package': '@0xsequence/abi_0.19.0', 'message': 'no deps or dev-deps'}
{'statusCode': 0, 'package': '@0xsequence/abi_0.19.2', 'message': 'no deps or dev-deps'}
{'statusCode': 0, 'package': '@0xsequence/abi_0.19.3', 'message': 'no deps or dev-deps'}
{'statusCode': 0, 'package': '@0xsequence/abi_0.21.0', 'message': 'no deps or dev-deps'}
{'statusCode': 0, 'package': '@0xsequence/abi_0.21.2', 'message': 'no deps or dev-deps'}
{'statusCode': 0, 'package': '@0xsequence/abi_0.21.3', 'message': 'no deps or dev-deps'}
{'statusCode': 0, 'package': '@0xsequence/abi_0.21.4', 'message': 'no deps or dev-deps'}
{'statusCode': 0, 'package': '@0xsequence/abi_0.21.5', 'message': 'no deps or dev-deps'}
{'statusCode': 0, 'package': '@0xsequence/abi_0.22.0', 'message': 'no deps or dev-deps'}
{'statusCode': 0, 'package': '@0xsequence/abi_0.22.1', 'message': 'no deps or dev-deps'}
{'statusCode': 0, 'package': '@0xsequence/abi_0.22.2', 'message': 'no deps or dev-deps'}
{'statusCode': 0, 'package': '@0xsequence/abi_0.23.0', 'message': 'no deps or dev-deps'}
{'statusCode': 0, 'package': '@0xsequence/abi_0.25.0', 'message': 'no deps or dev-deps'}
{'statusCode': 0, 'package': '@0xsequence/abi_0.25.1', 'message': 'no deps or dev-deps'}
{'statusCode': 0, 'package': '@0xsequence/abi_0.27.0', 'message': 'no deps or dev-deps'}
{'statusCode': 0, 'package': '@0xsequence/abi_0.28.0', 'message': 'no deps or dev-deps'}
{'statusCode': 0, 'package': '@0xsequence/abi_0.0.0-202182516517', 'message': 'no deps or dev-deps'}
{'statusCode': 0, 'package': '@0xsequence/abi_0.0.0-202182517435', 'message': 'no deps or dev-deps'}
{'statusCode': 0, 'package': '@0xsequence/abi_0.0.0-2021827201516', 'message': 'no deps or dev-deps'}
{'statusCode': 0, 'package': '@0xsequence/abi_0.29.0', 'message': 'no deps or dev-deps'}
{'statusCode': 0, 'package': '@0xsequence/abi_0.29.8', 'message': 'no deps or dev-deps'}
{'statusCode': 0, 'package': '@0xsequence/abi_0.30.0', 'message': 'no deps or dev-deps'}
{'statusCode': 0, 'package': '@0xsequence/abi_0.31.0', 'message': 'no deps or dev-deps'}
{'statusCode': 0, 'package': '@0xsequence/abi_0.34.0', 'message': 'no deps or dev-deps'}
{'statusCode': 0, 'package': '@0xsequence/abi_0.35.0', 'message': 'no deps or dev-deps'}
{'statusCode': 0, 'package': '@0xsequence/abi_0.35.1', 'message': 'no deps or dev-deps'}
{'statusCode': 0, 'package': '@0xsequence/abi_0.35.2', 'message': 'no deps or dev-deps'}
{'statusCode': 0, 'package': '@0xsequence/abi_0.35.3', 'message': 'no deps or dev-deps'}
{'statusCode': 0, 'package': '@0xsequence/abi_0.35.4', 'message': 'no deps or dev-deps'}
{'statusCode': 0, 'package': '@0xsequence/abi_0.35.5', 'message': 'no deps or dev-deps'}
{'statusCode': 0, 'package': '@0xsequence/abi_0.35.6', 'message': 'no deps or dev-deps'}
{'statusCode': 0, 'package': '@0xsequence/abi_0.35.7', 'message': 'no deps or dev-deps'}
{'statusCode': 0, 'package': '@0xsequence/abi_0.35.8', 'message': 'no deps or dev-deps'}
{'statusCode': 0, 'package': '@0xsequence/abi_0.35.9', 'message': 'no deps or dev-deps'}
{'statusCode': 0, 'package': '@0xsequence/abi_0.35.10', 'message': 'no deps or dev-deps'}
{'statusCode': 0, 'package': '@0xsequence/abi_0.35.11', 'message': 'no deps or dev-deps'}
{'statusCode': 0, 'package': '@0xsequence/abi_0.35.12', 'message': 'no deps or dev-deps'}
{'statusCode': 0, 'package': '@0xsequence/abi_0.36.0', 'message': 'no deps or dev-deps'}
{'statusCode': 0, 'package': '@0xsequence/abi_0.36.1', 'message': 'no deps or dev-deps'}
{'statusCode': 0, 'package': '@0xsequence/abi_0.36.2', 'message': 'no deps or dev-deps'}
{'statusCode': 0, 'package': '@0xsequence/abi_0.36.3', 'message': 'no deps or dev-deps'}
{'statusCode': 0, 'package': '@0xsequence/abi_0.36.4', 'message': 'no deps or dev-deps'}
{'statusCode': 0, 'package': '@0xsequence/abi_0.36.5', 'message': 'no deps or dev-deps'}
{'statusCode': 0, 'package': '@0xsequence/abi_0.36.6', 'message': 'no deps or dev-deps'}
{'statusCode': 0, 'package': '@0xsequence/abi_0.36.7', 'message': 'no deps or dev-deps'}
{'statusCode': 0, 'package': '@0xsequence/abi_0.36.8', 'message': 'no deps or dev-deps'}
{'statusCode': 0, 'package': '@0xsequence/abi_0.36.9', 'message': 'no deps or dev-deps'}
{'statusCode': 0, 'package': '@0xsequence/abi_0.36.10', 'message': 'no deps or dev-deps'}
{'statusCode': 0, 'package': '@0xsequence/abi_0.0.0-20220418165517', 'message': 'no deps or dev-deps'}
{'statusCode': 0, 'package': '@0xsequence/abi_0.36.11', 'message': 'no deps or dev-deps'}
{'statusCode': 0, 'package': '@0xsequence/abi_0.0.0-20220425195445', 'message': 'no deps or dev-deps'}
{'statusCode': 0, 'package': '@0xsequence/abi_0.36.12', 'message': 'no deps or dev-deps'}
{'statusCode': 0, 'package': '@0xsequence/abi_0.0.0-20220427054350', 'message': 'no deps or dev-deps'}
{'statusCode': 0, 'package': '@0xsequence/abi_0.0.0-20220427055332', 'message': 'no deps or dev-deps'}
{'statusCode': 0, 'package': '@0xsequence/abi_0.0.0-20220427161307', 'message': 'no deps or dev-deps'}
{'statusCode': 0, 'package': '@0xsequence/abi_0.0.0-20220427162812', 'message': 'no deps or dev-deps'}
{'statusCode': 0, 'package': '@0xsequence/abi_0.36.13', 'message': 'no deps or dev-deps'}
{'statusCode': 0, 'package': '@0xsequence/abi_0.37.0', 'message': 'no deps or dev-deps'}
{'statusCode': 0, 'package': '@0xsequence/abi_0.37.1', 'message': 'no deps or dev-deps'}
{'statusCode': 0, 'package': '@0xsequence/abi_0.0.0-20220506174803', 'message': 'no deps or dev-deps'}
{'statusCode': 0, 'package': '@0xsequence/abi_0.0.0-20220506195001', 'message': 'no deps or dev-deps'}
{'statusCode': 0, 'package': '@0xsequence/abi_0.0.0-20220513134147', 'message': 'no deps or dev-deps'}
{'statusCode': 0, 'package': '@0xsequence/abi_0.38.0', 'message': 'no deps or dev-deps'}
{'statusCode': 0, 'package': '@0xsequence/abi_0.38.1', 'message': 'no deps or dev-deps'}
{'statusCode': 0, 'package': '@0xsequence/abi_0.38.2', 'message': 'no deps or dev-deps'}
{'statusCode': 0, 'package': '@0xsequence/abi_0.39.0', 'message': 'no deps or dev-deps'}
{'statusCode': 0, 'package': '@0xsequence/abi_0.0.0-20220519151110', 'message': 'no deps or dev-deps'}
{'statusCode': 0, 'package': '@0xsequence/abi_0.0.0-20220519202656', 'message': 'no deps or dev-deps'}
{'statusCode': 0, 'package': '@0xsequence/abi_0.0.0-20220601185217', 'message': 'no deps or dev-deps'}
{'statusCode': 0, 'package': '@0xsequence/abi_0.39.1', 'message': 'no deps or dev-deps'}
{'statusCode': 0, 'package': '@0xsequence/abi_0.39.2', 'message': 'no deps or dev-deps'}
{'statusCode': 0, 'package': '@0xsequence/abi_0.0.0-20220609204505', 'message': 'no deps or dev-deps'}
{'statusCode': 0, 'package': '@0xsequence/abi_0.0.0-20220610134843', 'message': 'no deps or dev-deps'}
{'statusCode': 0, 'package': '@0xsequence/abi_0.39.3', 'message': 'no deps or dev-deps'}
{'statusCode': 0, 'package': '@0xsequence/abi_0.0.0-20220614152529', 'message': 'no deps or dev-deps'}
{'statusCode': 0, 'package': '@0xsequence/abi_0.0.0-20220616121217', 'message': 'no deps or dev-deps'}
{'statusCode': 0, 'package': '@0xsequence/abi_0.39.4', 'message': 'no deps or dev-deps'}
{'statusCode': 0, 'package': '@0xsequence/abi_0.39.5', 'message': 'no deps or dev-deps'}
{'statusCode': 0, 'package': '@0xsequence/abi_0.39.6', 'message': 'no deps or dev-deps'}
{'statusCode': 0, 'package': '@0xsequence/abi_0.0.0-26b08ee9-20220629135033', 'message': 'no deps or dev-deps'}
{'statusCode': 0, 'package': '@0xsequence/abi_0.0.0-cdbb3137-20220630190630', 'message': 'no deps or dev-deps'}
{'statusCode': 0, 'package': '@0xsequence/abi_0.0.0-cdbb3137-20220630191603', 'message': 'no deps or dev-deps'}
{'statusCode': 0, 'package': '@0xsequence/abi_0.0.0-cdbb3137-20220630192830', 'message': 'no deps or dev-deps'}
{'statusCode': 0, 'package': '@0xsequence/abi_0.0.0-20220630194654', 'message': 'no deps or dev-deps'}
{'statusCode': 0, 'package': '@0xsequence/abi_0.0.0-20220630211555', 'message': 'no deps or dev-deps'}
{'statusCode': 0, 'package': '@0xsequence/abi_0.0.0-20220630215108', 'message': 'no deps or dev-deps'}
{'statusCode': 0, 'package': '@0xsequence/abi_0.0.0-20220703182449', 'message': 'no deps or dev-deps'}
{'statusCode': 0, 'package': '@0xsequence/abi_0.0.0-20220704043930', 'message': 'no deps or dev-deps'}
{'statusCode': 0, 'package': '@0xsequence/abi_0.0.0-20220706193010', 'message': 'no deps or dev-deps'}
{'statusCode': 0, 'package': '@0xsequence/abi_0.0.0-20220710174545', 'message': 'no deps or dev-deps'}
{'statusCode': 0, 'package': '@0xsequence/abi_0.0.0-coolcats-0.36.12-20220711222640', 'message': 'no deps or dev-deps'}
{'statusCode': 0, 'package': '@0xsequence/abi_0.40.0', 'message': 'no deps or dev-deps'}
{'statusCode': 0, 'package': '@0xsequence/abi_0.40.1', 'message': 'no deps or dev-deps'}
{'statusCode': 0, 'package': '@0xsequence/abi_0.0.0-20220713211319', 'message': 'no deps or dev-deps'}
{'statusCode': 0, 'package': '@0xsequence/abi_0.0.0-20220714164224', 'message': 'no deps or dev-deps'}
{'statusCode': 0, 'package': '@0xsequence/abi_0.40.2', 'message': 'no deps or dev-deps'}
{'statusCode': 0, 'package': '@0xsequence/abi_0.0.0-20220719173737', 'message': 'no deps or dev-deps'}
{'statusCode': 0, 'package': '@0xsequence/abi_0.0.0-20220722145329', 'message': 'no deps or dev-deps'}
{'statusCode': 0, 'package': '@0xsequence/abi_0.0.0-20220725200200', 'message': 'no deps or dev-deps'}
{'statusCode': 0, 'package': '@0xsequence/abi_0.40.3', 'message': 'no deps or dev-deps'}
{'statusCode': 0, 'package': '@0xsequence/abi_0.0.0-20220728141414', 'message': 'no deps or dev-deps'}
{'statusCode': 0, 'package': '@0xsequence/abi_0.40.4', 'message': 'no deps or dev-deps'}
{'statusCode': 0, 'package': '@0xsequence/abi_0.0.0-20220728215555', 'message': 'no deps or dev-deps'}
{'statusCode': 0, 'package': '@0xsequence/abi_0.40.5', 'message': 'no deps or dev-deps'}
{'statusCode': 0, 'package': '@0xsequence/abi_0.0.0-20220804202525', 'message': 'no deps or dev-deps'}
{'statusCode': 0, 'package': '@0xsequence/abi_0.40.6', 'message': 'no deps or dev-deps'}
{'statusCode': 0, 'package': '@0xsequence/abi_0.0.0-20220825181818', 'message': 'no deps or dev-deps'}
{'statusCode': 0, 'package': '@0xsequence/abi_0.0.0-20220825190100', 'message': 'no deps or dev-deps'}
{'statusCode': 0, 'package': '@0xsequence/abi_0.41.0', 'message': 'no deps or dev-deps'}
{'statusCode': 0, 'package': '@0xsequence/abi_0.41.1', 'message': 'no deps or dev-deps'}
{'statusCode': 0, 'package': '@0xsequence/abi_0.41.2', 'message': 'no deps or dev-deps'}
{'statusCode': 0, 'package': '@0xsequence/abi_0.41.3', 'message': 'no deps or dev-deps'}
{'statusCode': 0, 'package': '@0xsequence/abi_0.42.0', 'message': 'no deps or dev-deps'}
{'statusCode': 0, 'package': '@0xsequence/abi_0.42.1', 'message': 'no deps or dev-deps'}
{'statusCode': 0, 'package': '@0xsequence/abi_0.42.2', 'message': 'no deps or dev-deps'}
{'statusCode': 0, 'package': '@0xsequence/abi_0.42.3', 'message': 'no deps or dev-deps'}
{'statusCode': 0, 'package': '@0xsequence/abi_0.42.4', 'message': 'no deps or dev-deps'}
{'statusCode': 0, 'package': '@0xsequence/abi_0.42.5', 'message': 'no deps or dev-deps'}
{'statusCode': 0, 'package': '@0xsequence/abi_0.42.6', 'message': 'no deps or dev-deps'}
{'statusCode': 0, 'package': '@0xsequence/abi_0.42.7', 'message': 'no deps or dev-deps'}
{'statusCode': 0, 'package': '@0xsequence/abi_0.42.8', 'message': 'no deps or dev-deps'}
{'statusCode': 0, 'package': '@0xsequence/abi_0.42.9', 'message': 'no deps or dev-deps'}
{'statusCode': 0, 'package': '@0xsequence/abi_0.42.10', 'message': 'no deps or dev-deps'}
{'statusCode': 0, 'package': '@0xsequence/abi_0.43.0', 'message': 'no deps or dev-deps'}
{'statusCode': 0, 'package': '@0xsequence/abi_0.43.1', 'message': 'no deps or dev-deps'}
{'statusCode': 0, 'package': '@0xsequence/abi_0.43.2', 'message': 'no deps or dev-deps'}
{'statusCode': 0, 'package': '@0xsequence/abi_0.43.3', 'message': 'no deps or dev-deps'}
{'statusCode': 0, 'package': '@0xsequence/abi_0.0.0-20221124173317', 'message': 'no deps or dev-deps'}
{'statusCode': 0, 'package': '@0xsequence/abi_0.43.4', 'message': 'no deps or dev-deps'}
{'statusCode': 0, 'package': '@0xsequence/abi_0.43.5', 'message': 'no deps or dev-deps'}
{'statusCode': 0, 'package': '@0xsequence/abi_0.43.6', 'message': 'no deps or dev-deps'}
{'statusCode': 0, 'package': '@0xsequence/abi_0.43.7', 'message': 'no deps or dev-deps'}
{'statusCode': 0, 'package': '@0xsequence/abi_0.7.0', 'message': 'no deps or dev-deps'}
{'statusCode': 0, 'package': '@0xsequence/abi_0.8.0', 'message': 'no deps or dev-deps'}
{'statusCode': 0, 'package': '@0xsequence/abi_0.8.1', 'message': 'no deps or dev-deps'}
{'statusCode': 0, 'package': '@0xsequence/abi_0.8.2', 'message': 'no deps or dev-deps'}
{'statusCode': 0, 'package': '@0xsequence/abi_0.8.3', 'message': 'no deps or dev-deps'}
{'statusCode': 0, 'package': '@0xsequence/abi_0.8.4', 'message': 'no deps or dev-deps'}
{'statusCode': 0, 'package': '@0xsequence/abi_0.8.5', 'message': 'no deps or dev-deps'}
{'statusCode': 0, 'package': '@0xsequence/abi_0.9.1', 'message': 'no deps or dev-deps'}
{'statusCode': 0, 'package': '@0xsequence/abi_0.9.3', 'message': 'no deps or dev-deps'}
{'statusCode': 0, 'package': '@0xsequence/abi_0.9.6', 'message': 'no deps or dev-deps'}
{'statusCode': 0, 'package': '@0xsequence/abi_0.10.0', 'message': 'no deps or dev-deps'}
{'statusCode': 0, 'package': '@0xsequence/abi_0.10.1', 'message': 'no deps or dev-deps'}
{'statusCode': 0, 'package': '@0xsequence/abi_0.10.2', 'message': 'no deps or dev-deps'}
{'statusCode': 0, 'package': '@0xsequence/abi_0.10.3', 'message': 'no deps or dev-deps'}
{'statusCode': 0, 'package': '@0xsequence/abi_0.10.4', 'message': 'no deps or dev-deps'}
{'statusCode': 0, 'package': '@0xsequence/abi_0.10.5', 'message': 'no deps or dev-deps'}
{'statusCode': 0, 'package': '@0xsequence/abi_0.10.6', 'message': 'no deps or dev-deps'}
{'statusCode': 0, 'package': '@0xsequence/abi_0.10.7', 'message': 'no deps or dev-deps'}
{'statusCode': 0, 'package': '@0xsequence/abi_0.10.8', 'message': 'no deps or dev-deps'}
{'statusCode': 0, 'package': '@0xsequence/abi_0.10.9', 'message': 'no deps or dev-deps'}
{'statusCode': 0, 'package': '@0xsequence/abi_0.11.0', 'message': 'no deps or dev-deps'}
{'statusCode': 0, 'package': '@0xsequence/abi_0.11.1', 'message': 'no deps or dev-deps'}
{'statusCode': 0, 'package': '@0xsequence/abi_0.11.2', 'message': 'no deps or dev-deps'}
{'statusCode': 0, 'package': '@0xsequence/abi_0.11.3', 'message': 'no deps or dev-deps'}
{'statusCode': 0, 'package': '@0xsequence/abi_0.11.4', 'message': 'no deps or dev-deps'}
{'statusCode': 0, 'package': '@0xsequence/abi_0.12.0', 'message': 'no deps or dev-deps'}
{'statusCode': 0, 'package': '@0xsequence/abi_0.12.1', 'message': 'no deps or dev-deps'}
{'statusCode': 0, 'package': '@0xsequence/abi_0.13.0', 'message': 'no deps or dev-deps'}
{'statusCode': 0, 'package': '@0xsequence/abi_0.14.0', 'message': 'no deps or dev-deps'}
{'statusCode': 0, 'package': '@0xsequence/abi_0.14.3', 'message': 'no deps or dev-deps'}
{'statusCode': 0, 'package': '@0xsequence/abi_0.15.1', 'message': 'no deps or dev-deps'}
{'statusCode': 0, 'package': '@0xsequence/abi_0.16.0', 'message': 'no deps or dev-deps'}
{'statusCode': 0, 'package': '@0xsequence/abi_0.18.0', 'message': 'no deps or dev-deps'}
{'statusCode': 0, 'package': '@0xsequence/abi_0.19.0', 'message': 'no deps or dev-deps'}
{'statusCode': 0, 'package': '@0xsequence/abi_0.19.2', 'message': 'no deps or dev-deps'}
{'statusCode': 0, 'package': '@0xsequence/abi_0.19.3', 'message': 'no deps or dev-deps'}
{'statusCode': 0, 'package': '@0xsequence/abi_0.21.0', 'message': 'no deps or dev-deps'}
{'statusCode': 0, 'package': '@0xsequence/abi_0.21.2', 'message': 'no deps or dev-deps'}
{'statusCode': 0, 'package': '@0xsequence/abi_0.21.3', 'message': 'no deps or dev-deps'}
{'statusCode': 0, 'package': '@0xsequence/abi_0.21.4', 'message': 'no deps or dev-deps'}
{'statusCode': 0, 'package': '@0xsequence/abi_0.21.5', 'message': 'no deps or dev-deps'}
{'statusCode': 0, 'package': '@0xsequence/abi_0.22.0', 'message': 'no deps or dev-deps'}
{'statusCode': 0, 'package': '@0xsequence/abi_0.22.1', 'message': 'no deps or dev-deps'}
{'statusCode': 0, 'package': '@0xsequence/abi_0.22.2', 'message': 'no deps or dev-deps'}
{'statusCode': 0, 'package': '@0xsequence/abi_0.23.0', 'message': 'no deps or dev-deps'}
{'statusCode': 0, 'package': '@0xsequence/abi_0.25.0', 'message': 'no deps or dev-deps'}
{'statusCode': 0, 'package': '@0xsequence/abi_0.25.1', 'message': 'no deps or dev-deps'}
{'statusCode': 0, 'package': '@0xsequence/abi_0.27.0', 'message': 'no deps or dev-deps'}
{'statusCode': 0, 'package': '@0xsequence/abi_0.28.0', 'message': 'no deps or dev-deps'}
{'statusCode': 0, 'package': '@0xsequence/abi_0.0.0-202182516517', 'message': 'no deps or dev-deps'}
{'statusCode': 0, 'package': '@0xsequence/abi_0.0.0-202182517435', 'message': 'no deps or dev-deps'}
{'statusCode': 0, 'package': '@0xsequence/abi_0.0.0-2021827201516', 'message': 'no deps or dev-deps'}
{'statusCode': 0, 'package': '@0xsequence/abi_0.29.0', 'message': 'no deps or dev-deps'}
{'statusCode': 0, 'package': '@0xsequence/abi_0.29.8', 'message': 'no deps or dev-deps'}
{'statusCode': 0, 'package': '@0xsequence/abi_0.30.0', 'message': 'no deps or dev-deps'}
{'statusCode': 0, 'package': '@0xsequence/abi_0.31.0', 'message': 'no deps or dev-deps'}
{'statusCode': 0, 'package': '@0xsequence/abi_0.34.0', 'message': 'no deps or dev-deps'}
{'statusCode': 0, 'package': '@0xsequence/abi_0.35.0', 'message': 'no deps or dev-deps'}
{'statusCode': 0, 'package': '@0xsequence/abi_0.35.1', 'message': 'no deps or dev-deps'}
{'statusCode': 0, 'package': '@0xsequence/abi_0.35.2', 'message': 'no deps or dev-deps'}
{'statusCode': 0, 'package': '@0xsequence/abi_0.35.3', 'message': 'no deps or dev-deps'}
{'statusCode': 0, 'package': '@0xsequence/abi_0.35.4', 'message': 'no deps or dev-deps'}
{'statusCode': 0, 'package': '@0xsequence/abi_0.35.5', 'message': 'no deps or dev-deps'}
{'statusCode': 0, 'package': '@0xsequence/abi_0.35.6', 'message': 'no deps or dev-deps'}
{'statusCode': 0, 'package': '@0xsequence/abi_0.35.7', 'message': 'no deps or dev-deps'}
{'statusCode': 0, 'package': '@0xsequence/abi_0.35.8', 'message': 'no deps or dev-deps'}
{'statusCode': 0, 'package': '@0xsequence/abi_0.35.9', 'message': 'no deps or dev-deps'}
{'statusCode': 0, 'package': '@0xsequence/abi_0.35.10', 'message': 'no deps or dev-deps'}
{'statusCode': 0, 'package': '@0xsequence/abi_0.35.11', 'message': 'no deps or dev-deps'}
{'statusCode': 0, 'package': '@0xsequence/abi_0.35.12', 'message': 'no deps or dev-deps'}
{'statusCode': 0, 'package': '@0xsequence/abi_0.36.0', 'message': 'no deps or dev-deps'}
{'statusCode': 0, 'package': '@0xsequence/abi_0.36.1', 'message': 'no deps or dev-deps'}
{'statusCode': 0, 'package': '@0xsequence/abi_0.36.2', 'message': 'no deps or dev-deps'}
{'statusCode': 0, 'package': '@0xsequence/abi_0.36.3', 'message': 'no deps or dev-deps'}
{'statusCode': 0, 'package': '@0xsequence/abi_0.36.4', 'message': 'no deps or dev-deps'}
{'statusCode': 0, 'package': '@0xsequence/abi_0.36.5', 'message': 'no deps or dev-deps'}
{'statusCode': 0, 'package': '@0xsequence/abi_0.36.6', 'message': 'no deps or dev-deps'}
{'statusCode': 0, 'package': '@0xsequence/abi_0.36.7', 'message': 'no deps or dev-deps'}
{'statusCode': 0, 'package': '@0xsequence/abi_0.36.8', 'message': 'no deps or dev-deps'}
{'statusCode': 0, 'package': '@0xsequence/abi_0.36.9', 'message': 'no deps or dev-deps'}
{'statusCode': 0, 'package': '@0xsequence/abi_0.36.10', 'message': 'no deps or dev-deps'}
{'statusCode': 0, 'package': '@0xsequence/abi_0.0.0-20220418165517', 'message': 'no deps or dev-deps'}
{'statusCode': 0, 'package': '@0xsequence/abi_0.36.11', 'message': 'no deps or dev-deps'}
{'statusCode': 0, 'package': '@0xsequence/abi_0.0.0-20220425195445', 'message': 'no deps or dev-deps'}
{'statusCode': 0, 'package': '@0xsequence/abi_0.36.12', 'message': 'no deps or dev-deps'}
{'statusCode': 0, 'package': '@0xsequence/abi_0.0.0-20220427054350', 'message': 'no deps or dev-deps'}
{'statusCode': 0, 'package': '@0xsequence/abi_0.0.0-20220427055332', 'message': 'no deps or dev-deps'}
{'statusCode': 0, 'package': '@0xsequence/abi_0.0.0-20220427161307', 'message': 'no deps or dev-deps'}
{'statusCode': 0, 'package': '@0xsequence/abi_0.0.0-20220427162812', 'message': 'no deps or dev-deps'}
{'statusCode': 0, 'package': '@0xsequence/abi_0.36.13', 'message': 'no deps or dev-deps'}
{'statusCode': 0, 'package': '@0xsequence/abi_0.37.0', 'message': 'no deps or dev-deps'}
{'statusCode': 0, 'package': '@0xsequence/abi_0.37.1', 'message': 'no deps or dev-deps'}
{'statusCode': 0, 'package': '@0xsequence/abi_0.0.0-20220506174803', 'message': 'no deps or dev-deps'}
{'statusCode': 0, 'package': '@0xsequence/abi_0.0.0-20220506195001', 'message': 'no deps or dev-deps'}
{'statusCode': 0, 'package': '@0xsequence/abi_0.0.0-20220513134147', 'message': 'no deps or dev-deps'}
{'statusCode': 0, 'package': '@0xsequence/abi_0.38.0', 'message': 'no deps or dev-deps'}
{'statusCode': 0, 'package': '@0xsequence/abi_0.38.1', 'message': 'no deps or dev-deps'}
{'statusCode': 0, 'package': '@0xsequence/abi_0.38.2', 'message': 'no deps or dev-deps'}
{'statusCode': 0, 'package': '@0xsequence/abi_0.39.0', 'message': 'no deps or dev-deps'}
{'statusCode': 0, 'package': '@0xsequence/abi_0.0.0-20220519151110', 'message': 'no deps or dev-deps'}
{'statusCode': 0, 'package': '@0xsequence/abi_0.0.0-20220519202656', 'message': 'no deps or dev-deps'}
{'statusCode': 0, 'package': '@0xsequence/abi_0.0.0-20220601185217', 'message': 'no deps or dev-deps'}
{'statusCode': 0, 'package': '@0xsequence/abi_0.39.1', 'message': 'no deps or dev-deps'}
{'statusCode': 0, 'package': '@0xsequence/abi_0.39.2', 'message': 'no deps or dev-deps'}
{'statusCode': 0, 'package': '@0xsequence/abi_0.0.0-20220609204505', 'message': 'no deps or dev-deps'}
{'statusCode': 0, 'package': '@0xsequence/abi_0.0.0-20220610134843', 'message': 'no deps or dev-deps'}
{'statusCode': 0, 'package': '@0xsequence/abi_0.39.3', 'message': 'no deps or dev-deps'}
{'statusCode': 0, 'package': '@0xsequence/abi_0.0.0-20220614152529', 'message': 'no deps or dev-deps'}
{'statusCode': 0, 'package': '@0xsequence/abi_0.0.0-20220616121217', 'message': 'no deps or dev-deps'}
{'statusCode': 0, 'package': '@0xsequence/abi_0.39.4', 'message': 'no deps or dev-deps'}
{'statusCode': 0, 'package': '@0xsequence/abi_0.39.5', 'message': 'no deps or dev-deps'}
{'statusCode': 0, 'package': '@0xsequence/abi_0.39.6', 'message': 'no deps or dev-deps'}
{'statusCode': 0, 'package': '@0xsequence/abi_0.0.0-26b08ee9-20220629135033', 'message': 'no deps or dev-deps'}
{'statusCode': 0, 'package': '@0xsequence/abi_0.0.0-cdbb3137-20220630190630', 'message': 'no deps or dev-deps'}
{'statusCode': 0, 'package': '@0xsequence/abi_0.0.0-cdbb3137-20220630191603', 'message': 'no deps or dev-deps'}
{'statusCode': 0, 'package': '@0xsequence/abi_0.0.0-cdbb3137-20220630192830', 'message': 'no deps or dev-deps'}
{'statusCode': 0, 'package': '@0xsequence/abi_0.0.0-20220630194654', 'message': 'no deps or dev-deps'}
{'statusCode': 0, 'package': '@0xsequence/abi_0.0.0-20220630211555', 'message': 'no deps or dev-deps'}
{'statusCode': 0, 'package': '@0xsequence/abi_0.0.0-20220630215108', 'message': 'no deps or dev-deps'}
{'statusCode': 0, 'package': '@0xsequence/abi_0.0.0-20220703182449', 'message': 'no deps or dev-deps'}
{'statusCode': 0, 'package': '@0xsequence/abi_0.0.0-20220704043930', 'message': 'no deps or dev-deps'}
{'statusCode': 0, 'package': '@0xsequence/abi_0.0.0-20220706193010', 'message': 'no deps or dev-deps'}
{'statusCode': 0, 'package': '@0xsequence/abi_0.0.0-20220710174545', 'message': 'no deps or dev-deps'}
{'statusCode': 0, 'package': '@0xsequence/abi_0.0.0-coolcats-0.36.12-20220711222640', 'message': 'no deps or dev-deps'}
{'statusCode': 0, 'package': '@0xsequence/abi_0.40.0', 'message': 'no deps or dev-deps'}
{'statusCode': 0, 'package': '@0xsequence/abi_0.40.1', 'message': 'no deps or dev-deps'}
{'statusCode': 0, 'package': '@0xsequence/abi_0.0.0-20220713211319', 'message': 'no deps or dev-deps'}
{'statusCode': 0, 'package': '@0xsequence/abi_0.0.0-20220714164224', 'message': 'no deps or dev-deps'}
{'statusCode': 0, 'package': '@0xsequence/abi_0.40.2', 'message': 'no deps or dev-deps'}
{'statusCode': 0, 'package': '@0xsequence/abi_0.0.0-20220719173737', 'message': 'no deps or dev-deps'}
{'statusCode': 0, 'package': '@0xsequence/abi_0.0.0-20220722145329', 'message': 'no deps or dev-deps'}
{'statusCode': 0, 'package': '@0xsequence/abi_0.0.0-20220725200200', 'message': 'no deps or dev-deps'}
{'statusCode': 0, 'package': '@0xsequence/abi_0.40.3', 'message': 'no deps or dev-deps'}
{'statusCode': 0, 'package': '@0xsequence/abi_0.0.0-20220728141414', 'message': 'no deps or dev-deps'}
{'statusCode': 0, 'package': '@0xsequence/abi_0.40.4', 'message': 'no deps or dev-deps'}
{'statusCode': 0, 'package': '@0xsequence/abi_0.0.0-20220728215555', 'message': 'no deps or dev-deps'}
{'statusCode': 0, 'package': '@0xsequence/abi_0.40.5', 'message': 'no deps or dev-deps'}
{'statusCode': 0, 'package': '@0xsequence/abi_0.0.0-20220804202525', 'message': 'no deps or dev-deps'}
{'statusCode': 0, 'package': '@0xsequence/abi_0.40.6', 'message': 'no deps or dev-deps'}
{'statusCode': 0, 'package': '@0xsequence/abi_0.0.0-20220825181818', 'message': 'no deps or dev-deps'}
{'statusCode': 0, 'package': '@0xsequence/abi_0.0.0-20220825190100', 'message': 'no deps or dev-deps'}
{'statusCode': 0, 'package': '@0xsequence/abi_0.41.0', 'message': 'no deps or dev-deps'}
{'statusCode': 0, 'package': '@0xsequence/abi_0.41.1', 'message': 'no deps or dev-deps'}
{'statusCode': 0, 'package': '@0xsequence/abi_0.41.2', 'message': 'no deps or dev-deps'}
{'statusCode': 0, 'package': '@0xsequence/abi_0.41.3', 'message': 'no deps or dev-deps'}
{'statusCode': 0, 'package': '@0xsequence/abi_0.42.0', 'message': 'no deps or dev-deps'}
{'statusCode': 0, 'package': '@0xsequence/abi_0.42.1', 'message': 'no deps or dev-deps'}
{'statusCode': 0, 'package': '@0xsequence/abi_0.42.2', 'message': 'no deps or dev-deps'}
{'statusCode': 0, 'package': '@0xsequence/abi_0.42.3', 'message': 'no deps or dev-deps'}
{'statusCode': 0, 'package': '@0xsequence/abi_0.42.4', 'message': 'no deps or dev-deps'}
{'statusCode': 0, 'package': '@0xsequence/abi_0.42.5', 'message': 'no deps or dev-deps'}
{'statusCode': 0, 'package': '@0xsequence/abi_0.42.6', 'message': 'no deps or dev-deps'}
{'statusCode': 0, 'package': '@0xsequence/abi_0.42.7', 'message': 'no deps or dev-deps'}
{'statusCode': 0, 'package': '@0xsequence/abi_0.42.8', 'message': 'no deps or dev-deps'}
{'statusCode': 0, 'package': '@0xsequence/abi_0.42.9', 'message': 'no deps or dev-deps'}
{'statusCode': 0, 'package': '@0xsequence/abi_0.42.10', 'message': 'no deps or dev-deps'}
{'statusCode': 0, 'package': '@0xsequence/abi_0.43.0', 'message': 'no deps or dev-deps'}
{'statusCode': 0, 'package': '@0xsequence/abi_0.43.1', 'message': 'no deps or dev-deps'}
{'statusCode': 0, 'package': '@0xsequence/abi_0.43.2', 'message': 'no deps or dev-deps'}
{'statusCode': 0, 'package': '@0xsequence/abi_0.43.3', 'message': 'no deps or dev-deps'}
{'statusCode': 0, 'package': '@0xsequence/abi_0.0.0-20221124173317', 'message': 'no deps or dev-deps'}
{'statusCode': 0, 'package': '@0xsequence/abi_0.43.4', 'message': 'no deps or dev-deps'}
{'statusCode': 0, 'package': '@0xsequence/abi_0.43.5', 'message': 'no deps or dev-deps'}
{'statusCode': 0, 'package': '@0xsequence/abi_0.43.6', 'message': 'no deps or dev-deps'}
{'statusCode': 0, 'package': '@0xsequence/abi_0.43.7', 'message': 'no deps or dev-deps'}
{'statusCode': 0, 'package': '@0xsequence/abi_0.7.0', 'message': 'no deps or dev-deps'}
{'statusCode': 0, 'package': '@0xsequence/abi_0.8.0', 'message': 'no deps or dev-deps'}
{'statusCode': 0, 'package': '@0xsequence/abi_0.8.1', 'message': 'no deps or dev-deps'}
{'statusCode': 0, 'package': '@0xsequence/abi_0.8.2', 'message': 'no deps or dev-deps'}
{'statusCode': 0, 'package': '@0xsequence/abi_0.8.3', 'message': 'no deps or dev-deps'}
{'statusCode': 0, 'package': '@0xsequence/abi_0.8.4', 'message': 'no deps or dev-deps'}
{'statusCode': 0, 'package': '@0xsequence/abi_0.8.5', 'message': 'no deps or dev-deps'}
{'statusCode': 0, 'package': '@0xsequence/abi_0.9.1', 'message': 'no deps or dev-deps'}
{'statusCode': 0, 'package': '@0xsequence/abi_0.9.3', 'message': 'no deps or dev-deps'}
{'statusCode': 0, 'package': '@0xsequence/abi_0.9.6', 'message': 'no deps or dev-deps'}
{'statusCode': 0, 'package': '@0xsequence/abi_0.10.0', 'message': 'no deps or dev-deps'}
{'statusCode': 0, 'package': '@0xsequence/abi_0.10.1', 'message': 'no deps or dev-deps'}
{'statusCode': 0, 'package': '@0xsequence/abi_0.10.2', 'message': 'no deps or dev-deps'}
{'statusCode': 0, 'package': '@0xsequence/abi_0.10.3', 'message': 'no deps or dev-deps'}
{'statusCode': 0, 'package': '@0xsequence/abi_0.10.4', 'message': 'no deps or dev-deps'}
{'statusCode': 0, 'package': '@0xsequence/abi_0.10.5', 'message': 'no deps or dev-deps'}
{'statusCode': 0, 'package': '@0xsequence/abi_0.10.6', 'message': 'no deps or dev-deps'}
{'statusCode': 0, 'package': '@0xsequence/abi_0.10.7', 'message': 'no deps or dev-deps'}
{'statusCode': 0, 'package': '@0xsequence/abi_0.10.8', 'message': 'no deps or dev-deps'}
{'statusCode': 0, 'package': '@0xsequence/abi_0.10.9', 'message': 'no deps or dev-deps'}
{'statusCode': 0, 'package': '@0xsequence/abi_0.11.0', 'message': 'no deps or dev-deps'}
{'statusCode': 0, 'package': '@0xsequence/abi_0.11.1', 'message': 'no deps or dev-deps'}
{'statusCode': 0, 'package': '@0xsequence/abi_0.11.2', 'message': 'no deps or dev-deps'}
{'statusCode': 0, 'package': '@0xsequence/abi_0.11.3', 'message': 'no deps or dev-deps'}
{'statusCode': 0, 'package': '@0xsequence/abi_0.11.4', 'message': 'no deps or dev-deps'}
{'statusCode': 0, 'package': '@0xsequence/abi_0.12.0', 'message': 'no deps or dev-deps'}
{'statusCode': 0, 'package': '@0xsequence/abi_0.12.1', 'message': 'no deps or dev-deps'}
{'statusCode': 0, 'package': '@0xsequence/abi_0.13.0', 'message': 'no deps or dev-deps'}
{'statusCode': 0, 'package': '@0xsequence/abi_0.14.0', 'message': 'no deps or dev-deps'}
{'statusCode': 0, 'package': '@0xsequence/abi_0.14.3', 'message': 'no deps or dev-deps'}
{'statusCode': 0, 'package': '@0xsequence/abi_0.15.1', 'message': 'no deps or dev-deps'}
{'statusCode': 0, 'package': '@0xsequence/abi_0.16.0', 'message': 'no deps or dev-deps'}
{'statusCode': 0, 'package': '@0xsequence/abi_0.18.0', 'message': 'no deps or dev-deps'}
{'statusCode': 0, 'package': '@0xsequence/abi_0.19.0', 'message': 'no deps or dev-deps'}
{'statusCode': 0, 'package': '@0xsequence/abi_0.19.2', 'message': 'no deps or dev-deps'}
{'statusCode': 0, 'package': '@0xsequence/abi_0.19.3', 'message': 'no deps or dev-deps'}
{'statusCode': 0, 'package': '@0xsequence/abi_0.21.0', 'message': 'no deps or dev-deps'}
{'statusCode': 0, 'package': '@0xsequence/abi_0.21.2', 'message': 'no deps or dev-deps'}
{'statusCode': 0, 'package': '@0xsequence/abi_0.21.3', 'message': 'no deps or dev-deps'}
{'statusCode': 0, 'package': '@0xsequence/abi_0.21.4', 'message': 'no deps or dev-deps'}
{'statusCode': 0, 'package': '@0xsequence/abi_0.21.5', 'message': 'no deps or dev-deps'}
{'statusCode': 0, 'package': '@0xsequence/abi_0.22.0', 'message': 'no deps or dev-deps'}
{'statusCode': 0, 'package': '@0xsequence/abi_0.22.1', 'message': 'no deps or dev-deps'}
{'statusCode': 0, 'package': '@0xsequence/abi_0.22.2', 'message': 'no deps or dev-deps'}
{'statusCode': 0, 'package': '@0xsequence/abi_0.23.0', 'message': 'no deps or dev-deps'}
{'statusCode': 0, 'package': '@0xsequence/abi_0.25.0', 'message': 'no deps or dev-deps'}
{'statusCode': 0, 'package': '@0xsequence/abi_0.25.1', 'message': 'no deps or dev-deps'}
{'statusCode': 0, 'package': '@0xsequence/abi_0.27.0', 'message': 'no deps or dev-deps'}
{'statusCode': 0, 'package': '@0xsequence/abi_0.28.0', 'message': 'no deps or dev-deps'}
{'statusCode': 0, 'package': '@0xsequence/abi_0.0.0-202182516517', 'message': 'no deps or dev-deps'}
{'statusCode': 0, 'package': '@0xsequence/abi_0.0.0-202182517435', 'message': 'no deps or dev-deps'}
{'statusCode': 0, 'package': '@0xsequence/abi_0.0.0-2021827201516', 'message': 'no deps or dev-deps'}
{'statusCode': 0, 'package': '@0xsequence/abi_0.29.0', 'message': 'no deps or dev-deps'}
{'statusCode': 0, 'package': '@0xsequence/abi_0.29.8', 'message': 'no deps or dev-deps'}
{'statusCode': 0, 'package': '@0xsequence/abi_0.30.0', 'message': 'no deps or dev-deps'}
{'statusCode': 0, 'package': '@0xsequence/abi_0.31.0', 'message': 'no deps or dev-deps'}
{'statusCode': 0, 'package': '@0xsequence/abi_0.34.0', 'message': 'no deps or dev-deps'}
{'statusCode': 0, 'package': '@0xsequence/abi_0.35.0', 'message': 'no deps or dev-deps'}
{'statusCode': 0, 'package': '@0xsequence/abi_0.35.1', 'message': 'no deps or dev-deps'}
{'statusCode': 0, 'package': '@0xsequence/abi_0.35.2', 'message': 'no deps or dev-deps'}
{'statusCode': 0, 'package': '@0xsequence/abi_0.35.3', 'message': 'no deps or dev-deps'}
{'statusCode': 0, 'package': '@0xsequence/abi_0.35.4', 'message': 'no deps or dev-deps'}
{'statusCode': 0, 'package': '@0xsequence/abi_0.35.5', 'message': 'no deps or dev-deps'}
{'statusCode': 0, 'package': '@0xsequence/abi_0.35.6', 'message': 'no deps or dev-deps'}
{'statusCode': 0, 'package': '@0xsequence/abi_0.35.7', 'message': 'no deps or dev-deps'}
{'statusCode': 0, 'package': '@0xsequence/abi_0.35.8', 'message': 'no deps or dev-deps'}
{'statusCode': 0, 'package': '@0xsequence/abi_0.35.9', 'message': 'no deps or dev-deps'}
{'statusCode': 0, 'package': '@0xsequence/abi_0.35.10', 'message': 'no deps or dev-deps'}
{'statusCode': 0, 'package': '@0xsequence/abi_0.35.11', 'message': 'no deps or dev-deps'}
{'statusCode': 0, 'package': '@0xsequence/abi_0.35.12', 'message': 'no deps or dev-deps'}
{'statusCode': 0, 'package': '@0xsequence/abi_0.36.0', 'message': 'no deps or dev-deps'}
{'statusCode': 0, 'package': '@0xsequence/abi_0.36.1', 'message': 'no deps or dev-deps'}
{'statusCode': 0, 'package': '@0xsequence/abi_0.36.2', 'message': 'no deps or dev-deps'}
{'statusCode': 0, 'package': '@0xsequence/abi_0.36.3', 'message': 'no deps or dev-deps'}
{'statusCode': 0, 'package': '@0xsequence/abi_0.36.4', 'message': 'no deps or dev-deps'}
{'statusCode': 0, 'package': '@0xsequence/abi_0.36.5', 'message': 'no deps or dev-deps'}
{'statusCode': 0, 'package': '@0xsequence/abi_0.36.6', 'message': 'no deps or dev-deps'}
{'statusCode': 0, 'package': '@0xsequence/abi_0.36.7', 'message': 'no deps or dev-deps'}
{'statusCode': 0, 'package': '@0xsequence/abi_0.36.8', 'message': 'no deps or dev-deps'}
{'statusCode': 0, 'package': '@0xsequence/abi_0.36.9', 'message': 'no deps or dev-deps'}
{'statusCode': 0, 'package': '@0xsequence/abi_0.36.10', 'message': 'no deps or dev-deps'}
{'statusCode': 0, 'package': '@0xsequence/abi_0.0.0-20220418165517', 'message': 'no deps or dev-deps'}
{'statusCode': 0, 'package': '@0xsequence/abi_0.36.11', 'message': 'no deps or dev-deps'}
{'statusCode': 0, 'package': '@0xsequence/abi_0.0.0-20220425195445', 'message': 'no deps or dev-deps'}
{'statusCode': 0, 'package': '@0xsequence/abi_0.36.12', 'message': 'no deps or dev-deps'}
{'statusCode': 0, 'package': '@0xsequence/abi_0.0.0-20220427054350', 'message': 'no deps or dev-deps'}
{'statusCode': 0, 'package': '@0xsequence/abi_0.0.0-20220427055332', 'message': 'no deps or dev-deps'}
{'statusCode': 0, 'package': '@0xsequence/abi_0.0.0-20220427161307', 'message': 'no deps or dev-deps'}
{'statusCode': 0, 'package': '@0xsequence/abi_0.0.0-20220427162812', 'message': 'no deps or dev-deps'}
{'statusCode': 0, 'package': '@0xsequence/abi_0.36.13', 'message': 'no deps or dev-deps'}
{'statusCode': 0, 'package': '@0xsequence/abi_0.37.0', 'message': 'no deps or dev-deps'}
{'statusCode': 0, 'package': '@0xsequence/abi_0.37.1', 'message': 'no deps or dev-deps'}
{'statusCode': 0, 'package': '@0xsequence/abi_0.0.0-20220506174803', 'message': 'no deps or dev-deps'}
{'statusCode': 0, 'package': '@0xsequence/abi_0.0.0-20220506195001', 'message': 'no deps or dev-deps'}
{'statusCode': 0, 'package': '@0xsequence/abi_0.0.0-20220513134147', 'message': 'no deps or dev-deps'}
{'statusCode': 0, 'package': '@0xsequence/abi_0.38.0', 'message': 'no deps or dev-deps'}
{'statusCode': 0, 'package': '@0xsequence/abi_0.38.1', 'message': 'no deps or dev-deps'}
{'statusCode': 0, 'package': '@0xsequence/abi_0.38.2', 'message': 'no deps or dev-deps'}
{'statusCode': 0, 'package': '@0xsequence/abi_0.39.0', 'message': 'no deps or dev-deps'}
{'statusCode': 0, 'package': '@0xsequence/abi_0.0.0-20220519151110', 'message': 'no deps or dev-deps'}
{'statusCode': 0, 'package': '@0xsequence/abi_0.0.0-20220519202656', 'message': 'no deps or dev-deps'}
{'statusCode': 0, 'package': '@0xsequence/abi_0.0.0-20220601185217', 'message': 'no deps or dev-deps'}
{'statusCode': 0, 'package': '@0xsequence/abi_0.39.1', 'message': 'no deps or dev-deps'}
{'statusCode': 0, 'package': '@0xsequence/abi_0.39.2', 'message': 'no deps or dev-deps'}
{'statusCode': 0, 'package': '@0xsequence/abi_0.0.0-20220609204505', 'message': 'no deps or dev-deps'}
{'statusCode': 0, 'package': '@0xsequence/abi_0.0.0-20220610134843', 'message': 'no deps or dev-deps'}
{'statusCode': 0, 'package': '@0xsequence/abi_0.39.3', 'message': 'no deps or dev-deps'}
{'statusCode': 0, 'package': '@0xsequence/abi_0.0.0-20220614152529', 'message': 'no deps or dev-deps'}
{'statusCode': 0, 'package': '@0xsequence/abi_0.0.0-20220616121217', 'message': 'no deps or dev-deps'}
{'statusCode': 0, 'package': '@0xsequence/abi_0.39.4', 'message': 'no deps or dev-deps'}
{'statusCode': 0, 'package': '@0xsequence/abi_0.39.5', 'message': 'no deps or dev-deps'}
{'statusCode': 0, 'package': '@0xsequence/abi_0.39.6', 'message': 'no deps or dev-deps'}
{'statusCode': 0, 'package': '@0xsequence/abi_0.0.0-26b08ee9-20220629135033', 'message': 'no deps or dev-deps'}
{'statusCode': 0, 'package': '@0xsequence/abi_0.0.0-cdbb3137-20220630190630', 'message': 'no deps or dev-deps'}
{'statusCode': 0, 'package': '@0xsequence/abi_0.0.0-cdbb3137-20220630191603', 'message': 'no deps or dev-deps'}
{'statusCode': 0, 'package': '@0xsequence/abi_0.0.0-cdbb3137-20220630192830', 'message': 'no deps or dev-deps'}
{'statusCode': 0, 'package': '@0xsequence/abi_0.0.0-20220630194654', 'message': 'no deps or dev-deps'}
{'statusCode': 0, 'package': '@0xsequence/abi_0.0.0-20220630211555', 'message': 'no deps or dev-deps'}
{'statusCode': 0, 'package': '@0xsequence/abi_0.0.0-20220630215108', 'message': 'no deps or dev-deps'}
{'statusCode': 0, 'package': '@0xsequence/abi_0.0.0-20220703182449', 'message': 'no deps or dev-deps'}
{'statusCode': 0, 'package': '@0xsequence/abi_0.0.0-20220704043930', 'message': 'no deps or dev-deps'}
{'statusCode': 0, 'package': '@0xsequence/abi_0.0.0-20220706193010', 'message': 'no deps or dev-deps'}
{'statusCode': 0, 'package': '@0xsequence/abi_0.0.0-20220710174545', 'message': 'no deps or dev-deps'}
{'statusCode': 0, 'package': '@0xsequence/abi_0.0.0-coolcats-0.36.12-20220711222640', 'message': 'no deps or dev-deps'}
{'statusCode': 0, 'package': '@0xsequence/abi_0.40.0', 'message': 'no deps or dev-deps'}
{'statusCode': 0, 'package': '@0xsequence/abi_0.40.1', 'message': 'no deps or dev-deps'}
{'statusCode': 0, 'package': '@0xsequence/abi_0.0.0-20220713211319', 'message': 'no deps or dev-deps'}
{'statusCode': 0, 'package': '@0xsequence/abi_0.0.0-20220714164224', 'message': 'no deps or dev-deps'}
{'statusCode': 0, 'package': '@0xsequence/abi_0.40.2', 'message': 'no deps or dev-deps'}
{'statusCode': 0, 'package': '@0xsequence/abi_0.0.0-20220719173737', 'message': 'no deps or dev-deps'}
{'statusCode': 0, 'package': '@0xsequence/abi_0.0.0-20220722145329', 'message': 'no deps or dev-deps'}
{'statusCode': 0, 'package': '@0xsequence/abi_0.0.0-20220725200200', 'message': 'no deps or dev-deps'}
{'statusCode': 0, 'package': '@0xsequence/abi_0.40.3', 'message': 'no deps or dev-deps'}
{'statusCode': 0, 'package': '@0xsequence/abi_0.0.0-20220728141414', 'message': 'no deps or dev-deps'}
{'statusCode': 0, 'package': '@0xsequence/abi_0.40.4', 'message': 'no deps or dev-deps'}
{'statusCode': 0, 'package': '@0xsequence/abi_0.0.0-20220728215555', 'message': 'no deps or dev-deps'}
{'statusCode': 0, 'package': '@0xsequence/abi_0.40.5', 'message': 'no deps or dev-deps'}
{'statusCode': 0, 'package': '@0xsequence/abi_0.0.0-20220804202525', 'message': 'no deps or dev-deps'}
{'statusCode': 0, 'package': '@0xsequence/abi_0.40.6', 'message': 'no deps or dev-deps'}
{'statusCode': 0, 'package': '@0xsequence/abi_0.0.0-20220825181818', 'message': 'no deps or dev-deps'}
{'statusCode': 0, 'package': '@0xsequence/abi_0.0.0-20220825190100', 'message': 'no deps or dev-deps'}
{'statusCode': 0, 'package': '@0xsequence/abi_0.41.0', 'message': 'no deps or dev-deps'}
{'statusCode': 0, 'package': '@0xsequence/abi_0.41.1', 'message': 'no deps or dev-deps'}
{'statusCode': 0, 'package': '@0xsequence/abi_0.41.2', 'message': 'no deps or dev-deps'}
{'statusCode': 0, 'package': '@0xsequence/abi_0.41.3', 'message': 'no deps or dev-deps'}
{'statusCode': 0, 'package': '@0xsequence/abi_0.42.0', 'message': 'no deps or dev-deps'}
{'statusCode': 0, 'package': '@0xsequence/abi_0.42.1', 'message': 'no deps or dev-deps'}
{'statusCode': 0, 'package': '@0xsequence/abi_0.42.2', 'message': 'no deps or dev-deps'}
{'statusCode': 0, 'package': '@0xsequence/abi_0.42.3', 'message': 'no deps or dev-deps'}
{'statusCode': 0, 'package': '@0xsequence/abi_0.42.4', 'message': 'no deps or dev-deps'}
{'statusCode': 0, 'package': '@0xsequence/abi_0.42.5', 'message': 'no deps or dev-deps'}
{'statusCode': 0, 'package': '@0xsequence/abi_0.42.6', 'message': 'no deps or dev-deps'}
{'statusCode': 0, 'package': '@0xsequence/abi_0.42.7', 'message': 'no deps or dev-deps'}
{'statusCode': 0, 'package': '@0xsequence/abi_0.42.8', 'message': 'no deps or dev-deps'}
{'statusCode': 0, 'package': '@0xsequence/abi_0.42.9', 'message': 'no deps or dev-deps'}
{'statusCode': 0, 'package': '@0xsequence/abi_0.42.10', 'message': 'no deps or dev-deps'}
{'statusCode': 0, 'package': '@0xsequence/abi_0.43.0', 'message': 'no deps or dev-deps'}
{'statusCode': 0, 'package': '@0xsequence/abi_0.43.1', 'message': 'no deps or dev-deps'}
{'statusCode': 0, 'package': '@0xsequence/abi_0.43.2', 'message': 'no deps or dev-deps'}
{'statusCode': 0, 'package': '@0xsequence/abi_0.43.3', 'message': 'no deps or dev-deps'}
{'statusCode': 0, 'package': '@0xsequence/abi_0.0.0-20221124173317', 'message': 'no deps or dev-deps'}
{'statusCode': 0, 'package': '@0xsequence/abi_0.43.4', 'message': 'no deps or dev-deps'}
{'statusCode': 0, 'package': '@0xsequence/abi_0.43.5', 'message': 'no deps or dev-deps'}
{'statusCode': 0, 'package': '@0xsequence/abi_0.43.6', 'message': 'no deps or dev-deps'}
{'statusCode': 0, 'package': '@0xsequence/abi_0.43.7', 'message': 'no deps or dev-deps'}
{'statusCode': 0, 'package': '@0xsequence/abi_0.7.0', 'message': 'no deps or dev-deps'}
{'statusCode': 0, 'package': '@0xsequence/abi_0.8.0', 'message': 'no deps or dev-deps'}
{'statusCode': 0, 'package': '@0xsequence/abi_0.8.1', 'message': 'no deps or dev-deps'}
{'statusCode': 0, 'package': '@0xsequence/abi_0.8.2', 'message': 'no deps or dev-deps'}
{'statusCode': 0, 'package': '@0xsequence/abi_0.8.3', 'message': 'no deps or dev-deps'}
{'statusCode': 0, 'package': '@0xsequence/abi_0.8.4', 'message': 'no deps or dev-deps'}
{'statusCode': 0, 'package': '@0xsequence/abi_0.8.5', 'message': 'no deps or dev-deps'}
{'statusCode': 0, 'package': '@0xsequence/abi_0.9.1', 'message': 'no deps or dev-deps'}
{'statusCode': 0, 'package': '@0xsequence/abi_0.9.3', 'message': 'no deps or dev-deps'}
{'statusCode': 0, 'package': '@0xsequence/abi_0.9.6', 'message': 'no deps or dev-deps'}
{'statusCode': 0, 'package': '@0xsequence/abi_0.10.0', 'message': 'no deps or dev-deps'}
{'statusCode': 0, 'package': '@0xsequence/abi_0.10.1', 'message': 'no deps or dev-deps'}
{'statusCode': 0, 'package': '@0xsequence/abi_0.10.2', 'message': 'no deps or dev-deps'}
{'statusCode': 0, 'package': '@0xsequence/abi_0.10.3', 'message': 'no deps or dev-deps'}
{'statusCode': 0, 'package': '@0xsequence/abi_0.10.4', 'message': 'no deps or dev-deps'}
{'statusCode': 0, 'package': '@0xsequence/abi_0.10.5', 'message': 'no deps or dev-deps'}
{'statusCode': 0, 'package': '@0xsequence/abi_0.10.6', 'message': 'no deps or dev-deps'}
{'statusCode': 0, 'package': '@0xsequence/abi_0.10.7', 'message': 'no deps or dev-deps'}
{'statusCode': 0, 'package': '@0xsequence/abi_0.10.8', 'message': 'no deps or dev-deps'}
{'statusCode': 0, 'package': '@0xsequence/abi_0.10.9', 'message': 'no deps or dev-deps'}
{'statusCode': 0, 'package': '@0xsequence/abi_0.11.0', 'message': 'no deps or dev-deps'}
{'statusCode': 0, 'package': '@0xsequence/abi_0.11.1', 'message': 'no deps or dev-deps'}
{'statusCode': 0, 'package': '@0xsequence/abi_0.11.2', 'message': 'no deps or dev-deps'}
{'statusCode': 0, 'package': '@0xsequence/abi_0.11.3', 'message': 'no deps or dev-deps'}
{'statusCode': 0, 'package': '@0xsequence/abi_0.11.4', 'message': 'no deps or dev-deps'}
{'statusCode': 0, 'package': '@0xsequence/abi_0.12.0', 'message': 'no deps or dev-deps'}
{'statusCode': 0, 'package': '@0xsequence/abi_0.12.1', 'message': 'no deps or dev-deps'}
{'statusCode': 0, 'package': '@0xsequence/abi_0.13.0', 'message': 'no deps or dev-deps'}
{'statusCode': 0, 'package': '@0xsequence/abi_0.14.0', 'message': 'no deps or dev-deps'}
{'statusCode': 0, 'package': '@0xsequence/abi_0.14.3', 'message': 'no deps or dev-deps'}
{'statusCode': 0, 'package': '@0xsequence/abi_0.15.1', 'message': 'no deps or dev-deps'}
{'statusCode': 0, 'package': '@0xsequence/abi_0.16.0', 'message': 'no deps or dev-deps'}
{'statusCode': 0, 'package': '@0xsequence/abi_0.18.0', 'message': 'no deps or dev-deps'}
{'statusCode': 0, 'package': '@0xsequence/abi_0.19.0', 'message': 'no deps or dev-deps'}
{'statusCode': 0, 'package': '@0xsequence/abi_0.19.2', 'message': 'no deps or dev-deps'}
{'statusCode': 0, 'package': '@0xsequence/abi_0.19.3', 'message': 'no deps or dev-deps'}
{'statusCode': 0, 'package': '@0xsequence/abi_0.21.0', 'message': 'no deps or dev-deps'}
{'statusCode': 0, 'package': '@0xsequence/abi_0.21.2', 'message': 'no deps or dev-deps'}
{'statusCode': 0, 'package': '@0xsequence/abi_0.21.3', 'message': 'no deps or dev-deps'}
{'statusCode': 0, 'package': '@0xsequence/abi_0.21.4', 'message': 'no deps or dev-deps'}
{'statusCode': 0, 'package': '@0xsequence/abi_0.21.5', 'message': 'no deps or dev-deps'}
{'statusCode': 0, 'package': '@0xsequence/abi_0.22.0', 'message': 'no deps or dev-deps'}
{'statusCode': 0, 'package': '@0xsequence/abi_0.22.1', 'message': 'no deps or dev-deps'}
{'statusCode': 0, 'package': '@0xsequence/abi_0.22.2', 'message': 'no deps or dev-deps'}
{'statusCode': 0, 'package': '@0xsequence/abi_0.23.0', 'message': 'no deps or dev-deps'}
{'statusCode': 0, 'package': '@0xsequence/abi_0.25.0', 'message': 'no deps or dev-deps'}
{'statusCode': 0, 'package': '@0xsequence/abi_0.25.1', 'message': 'no deps or dev-deps'}
{'statusCode': 0, 'package': '@0xsequence/abi_0.27.0', 'message': 'no deps or dev-deps'}
{'statusCode': 0, 'package': '@0xsequence/abi_0.28.0', 'message': 'no deps or dev-deps'}
{'statusCode': 0, 'package': '@0xsequence/abi_0.0.0-202182516517', 'message': 'no deps or dev-deps'}
{'statusCode': 0, 'package': '@0xsequence/abi_0.0.0-202182517435', 'message': 'no deps or dev-deps'}
{'statusCode': 0, 'package': '@0xsequence/abi_0.0.0-2021827201516', 'message': 'no deps or dev-deps'}
{'statusCode': 0, 'package': '@0xsequence/abi_0.29.0', 'message': 'no deps or dev-deps'}
{'statusCode': 0, 'package': '@0xsequence/abi_0.29.8', 'message': 'no deps or dev-deps'}
{'statusCode': 0, 'package': '@0xsequence/abi_0.30.0', 'message': 'no deps or dev-deps'}
{'statusCode': 0, 'package': '@0xsequence/abi_0.31.0', 'message': 'no deps or dev-deps'}
{'statusCode': 0, 'package': '@0xsequence/abi_0.34.0', 'message': 'no deps or dev-deps'}
{'statusCode': 0, 'package': '@0xsequence/abi_0.35.0', 'message': 'no deps or dev-deps'}
{'statusCode': 0, 'package': '@0xsequence/abi_0.35.1', 'message': 'no deps or dev-deps'}
{'statusCode': 0, 'package': '@0xsequence/abi_0.35.2', 'message': 'no deps or dev-deps'}
{'statusCode': 0, 'package': '@0xsequence/abi_0.35.3', 'message': 'no deps or dev-deps'}
{'statusCode': 0, 'package': '@0xsequence/abi_0.35.4', 'message': 'no deps or dev-deps'}
{'statusCode': 0, 'package': '@0xsequence/abi_0.35.5', 'message': 'no deps or dev-deps'}
{'statusCode': 0, 'package': '@0xsequence/abi_0.35.6', 'message': 'no deps or dev-deps'}
{'statusCode': 0, 'package': '@0xsequence/abi_0.35.7', 'message': 'no deps or dev-deps'}
{'statusCode': 0, 'package': '@0xsequence/abi_0.35.8', 'message': 'no deps or dev-deps'}
{'statusCode': 0, 'package': '@0xsequence/abi_0.35.9', 'message': 'no deps or dev-deps'}
{'statusCode': 0, 'package': '@0xsequence/abi_0.35.10', 'message': 'no deps or dev-deps'}
{'statusCode': 0, 'package': '@0xsequence/abi_0.35.11', 'message': 'no deps or dev-deps'}
{'statusCode': 0, 'package': '@0xsequence/abi_0.35.12', 'message': 'no deps or dev-deps'}
{'statusCode': 0, 'package': '@0xsequence/abi_0.36.0', 'message': 'no deps or dev-deps'}
{'statusCode': 0, 'package': '@0xsequence/abi_0.36.1', 'message': 'no deps or dev-deps'}
{'statusCode': 0, 'package': '@0xsequence/abi_0.36.2', 'message': 'no deps or dev-deps'}
{'statusCode': 0, 'package': '@0xsequence/abi_0.36.3', 'message': 'no deps or dev-deps'}
{'statusCode': 0, 'package': '@0xsequence/abi_0.36.4', 'message': 'no deps or dev-deps'}
{'statusCode': 0, 'package': '@0xsequence/abi_0.36.5', 'message': 'no deps or dev-deps'}
{'statusCode': 0, 'package': '@0xsequence/abi_0.36.6', 'message': 'no deps or dev-deps'}
{'statusCode': 0, 'package': '@0xsequence/abi_0.36.7', 'message': 'no deps or dev-deps'}
{'statusCode': 0, 'package': '@0xsequence/abi_0.36.8', 'message': 'no deps or dev-deps'}
{'statusCode': 0, 'package': '@0xsequence/abi_0.36.9', 'message': 'no deps or dev-deps'}
{'statusCode': 0, 'package': '@0xsequence/abi_0.36.10', 'message': 'no deps or dev-deps'}
{'statusCode': 0, 'package': '@0xsequence/abi_0.0.0-20220418165517', 'message': 'no deps or dev-deps'}
{'statusCode': 0, 'package': '@0xsequence/abi_0.36.11', 'message': 'no deps or dev-deps'}
{'statusCode': 0, 'package': '@0xsequence/abi_0.0.0-20220425195445', 'message': 'no deps or dev-deps'}
{'statusCode': 0, 'package': '@0xsequence/abi_0.36.12', 'message': 'no deps or dev-deps'}
{'statusCode': 0, 'package': '@0xsequence/abi_0.0.0-20220427054350', 'message': 'no deps or dev-deps'}
{'statusCode': 0, 'package': '@0xsequence/abi_0.0.0-20220427055332', 'message': 'no deps or dev-deps'}
{'statusCode': 0, 'package': '@0xsequence/abi_0.0.0-20220427161307', 'message': 'no deps or dev-deps'}
{'statusCode': 0, 'package': '@0xsequence/abi_0.0.0-20220427162812', 'message': 'no deps or dev-deps'}
{'statusCode': 0, 'package': '@0xsequence/abi_0.36.13', 'message': 'no deps or dev-deps'}
{'statusCode': 0, 'package': '@0xsequence/abi_0.37.0', 'message': 'no deps or dev-deps'}
{'statusCode': 0, 'package': '@0xsequence/abi_0.37.1', 'message': 'no deps or dev-deps'}
{'statusCode': 0, 'package': '@0xsequence/abi_0.0.0-20220506174803', 'message': 'no deps or dev-deps'}
{'statusCode': 0, 'package': '@0xsequence/abi_0.0.0-20220506195001', 'message': 'no deps or dev-deps'}
{'statusCode': 0, 'package': '@0xsequence/abi_0.0.0-20220513134147', 'message': 'no deps or dev-deps'}
{'statusCode': 0, 'package': '@0xsequence/abi_0.38.0', 'message': 'no deps or dev-deps'}
{'statusCode': 0, 'package': '@0xsequence/abi_0.38.1', 'message': 'no deps or dev-deps'}
{'statusCode': 0, 'package': '@0xsequence/abi_0.38.2', 'message': 'no deps or dev-deps'}
{'statusCode': 0, 'package': '@0xsequence/abi_0.39.0', 'message': 'no deps or dev-deps'}
{'statusCode': 0, 'package': '@0xsequence/abi_0.0.0-20220519151110', 'message': 'no deps or dev-deps'}
{'statusCode': 0, 'package': '@0xsequence/abi_0.0.0-20220519202656', 'message': 'no deps or dev-deps'}
{'statusCode': 0, 'package': '@0xsequence/abi_0.0.0-20220601185217', 'message': 'no deps or dev-deps'}
{'statusCode': 0, 'package': '@0xsequence/abi_0.39.1', 'message': 'no deps or dev-deps'}
{'statusCode': 0, 'package': '@0xsequence/abi_0.39.2', 'message': 'no deps or dev-deps'}
{'statusCode': 0, 'package': '@0xsequence/abi_0.0.0-20220609204505', 'message': 'no deps or dev-deps'}
{'statusCode': 0, 'package': '@0xsequence/abi_0.0.0-20220610134843', 'message': 'no deps or dev-deps'}
{'statusCode': 0, 'package': '@0xsequence/abi_0.39.3', 'message': 'no deps or dev-deps'}
{'statusCode': 0, 'package': '@0xsequence/abi_0.0.0-20220614152529', 'message': 'no deps or dev-deps'}
{'statusCode': 0, 'package': '@0xsequence/abi_0.0.0-20220616121217', 'message': 'no deps or dev-deps'}
{'statusCode': 0, 'package': '@0xsequence/abi_0.39.4', 'message': 'no deps or dev-deps'}
{'statusCode': 0, 'package': '@0xsequence/abi_0.39.5', 'message': 'no deps or dev-deps'}
{'statusCode': 0, 'package': '@0xsequence/abi_0.39.6', 'message': 'no deps or dev-deps'}
{'statusCode': 0, 'package': '@0xsequence/abi_0.0.0-26b08ee9-20220629135033', 'message': 'no deps or dev-deps'}
{'statusCode': 0, 'package': '@0xsequence/abi_0.0.0-cdbb3137-20220630190630', 'message': 'no deps or dev-deps'}
{'statusCode': 0, 'package': '@0xsequence/abi_0.0.0-cdbb3137-20220630191603', 'message': 'no deps or dev-deps'}
{'statusCode': 0, 'package': '@0xsequence/abi_0.0.0-cdbb3137-20220630192830', 'message': 'no deps or dev-deps'}
{'statusCode': 0, 'package': '@0xsequence/abi_0.0.0-20220630194654', 'message': 'no deps or dev-deps'}
{'statusCode': 0, 'package': '@0xsequence/abi_0.0.0-20220630211555', 'message': 'no deps or dev-deps'}
{'statusCode': 0, 'package': '@0xsequence/abi_0.0.0-20220630215108', 'message': 'no deps or dev-deps'}
{'statusCode': 0, 'package': '@0xsequence/abi_0.0.0-20220703182449', 'message': 'no deps or dev-deps'}
{'statusCode': 0, 'package': '@0xsequence/abi_0.0.0-20220704043930', 'message': 'no deps or dev-deps'}
{'statusCode': 0, 'package': '@0xsequence/abi_0.0.0-20220706193010', 'message': 'no deps or dev-deps'}
{'statusCode': 0, 'package': '@0xsequence/abi_0.0.0-20220710174545', 'message': 'no deps or dev-deps'}
{'statusCode': 0, 'package': '@0xsequence/abi_0.0.0-coolcats-0.36.12-20220711222640', 'message': 'no deps or dev-deps'}
{'statusCode': 0, 'package': '@0xsequence/abi_0.40.0', 'message': 'no deps or dev-deps'}
{'statusCode': 0, 'package': '@0xsequence/abi_0.40.1', 'message': 'no deps or dev-deps'}
{'statusCode': 0, 'package': '@0xsequence/abi_0.0.0-20220713211319', 'message': 'no deps or dev-deps'}
{'statusCode': 0, 'package': '@0xsequence/abi_0.0.0-20220714164224', 'message': 'no deps or dev-deps'}
{'statusCode': 0, 'package': '@0xsequence/abi_0.40.2', 'message': 'no deps or dev-deps'}
{'statusCode': 0, 'package': '@0xsequence/abi_0.0.0-20220719173737', 'message': 'no deps or dev-deps'}
{'statusCode': 0, 'package': '@0xsequence/abi_0.0.0-20220722145329', 'message': 'no deps or dev-deps'}
{'statusCode': 0, 'package': '@0xsequence/abi_0.0.0-20220725200200', 'message': 'no deps or dev-deps'}
{'statusCode': 0, 'package': '@0xsequence/abi_0.40.3', 'message': 'no deps or dev-deps'}
{'statusCode': 0, 'package': '@0xsequence/abi_0.0.0-20220728141414', 'message': 'no deps or dev-deps'}
{'statusCode': 0, 'package': '@0xsequence/abi_0.40.4', 'message': 'no deps or dev-deps'}
{'statusCode': 0, 'package': '@0xsequence/abi_0.0.0-20220728215555', 'message': 'no deps or dev-deps'}
{'statusCode': 0, 'package': '@0xsequence/abi_0.40.5', 'message': 'no deps or dev-deps'}
{'statusCode': 0, 'package': '@0xsequence/abi_0.0.0-20220804202525', 'message': 'no deps or dev-deps'}
{'statusCode': 0, 'package': '@0xsequence/abi_0.40.6', 'message': 'no deps or dev-deps'}
{'statusCode': 0, 'package': '@0xsequence/abi_0.0.0-20220825181818', 'message': 'no deps or dev-deps'}
{'statusCode': 0, 'package': '@0xsequence/abi_0.0.0-20220825190100', 'message': 'no deps or dev-deps'}
{'statusCode': 0, 'package': '@0xsequence/abi_0.41.0', 'message': 'no deps or dev-deps'}
{'statusCode': 0, 'package': '@0xsequence/abi_0.41.1', 'message': 'no deps or dev-deps'}
{'statusCode': 0, 'package': '@0xsequence/abi_0.41.2', 'message': 'no deps or dev-deps'}
{'statusCode': 0, 'package': '@0xsequence/abi_0.41.3', 'message': 'no deps or dev-deps'}
{'statusCode': 0, 'package': '@0xsequence/abi_0.42.0', 'message': 'no deps or dev-deps'}
{'statusCode': 0, 'package': '@0xsequence/abi_0.42.1', 'message': 'no deps or dev-deps'}
{'statusCode': 0, 'package': '@0xsequence/abi_0.42.2', 'message': 'no deps or dev-deps'}
{'statusCode': 0, 'package': '@0xsequence/abi_0.42.3', 'message': 'no deps or dev-deps'}
{'statusCode': 0, 'package': '@0xsequence/abi_0.42.4', 'message': 'no deps or dev-deps'}
{'statusCode': 0, 'package': '@0xsequence/abi_0.42.5', 'message': 'no deps or dev-deps'}
{'statusCode': 0, 'package': '@0xsequence/abi_0.42.6', 'message': 'no deps or dev-deps'}
{'statusCode': 0, 'package': '@0xsequence/abi_0.42.7', 'message': 'no deps or dev-deps'}
{'statusCode': 0, 'package': '@0xsequence/abi_0.42.8', 'message': 'no deps or dev-deps'}
{'statusCode': 0, 'package': '@0xsequence/abi_0.42.9', 'message': 'no deps or dev-deps'}
{'statusCode': 0, 'package': '@0xsequence/abi_0.42.10', 'message': 'no deps or dev-deps'}
{'statusCode': 0, 'package': '@0xsequence/abi_0.43.0', 'message': 'no deps or dev-deps'}
{'statusCode': 0, 'package': '@0xsequence/abi_0.43.1', 'message': 'no deps or dev-deps'}
{'statusCode': 0, 'package': '@0xsequence/abi_0.43.2', 'message': 'no deps or dev-deps'}
{'statusCode': 0, 'package': '@0xsequence/abi_0.43.3', 'message': 'no deps or dev-deps'}
{'statusCode': 0, 'package': '@0xsequence/abi_0.0.0-20221124173317', 'message': 'no deps or dev-deps'}
{'statusCode': 0, 'package': '@0xsequence/abi_0.43.4', 'message': 'no deps or dev-deps'}
{'statusCode': 0, 'package': '@0xsequence/abi_0.43.5', 'message': 'no deps or dev-deps'}
{'statusCode': 0, 'package': '@0xsequence/abi_0.43.6', 'message': 'no deps or dev-deps'}
{'statusCode': 0, 'package': '@0xsequence/abi_0.43.7', 'message': 'no deps or dev-deps'}
{'statusCode': 0, 'package': '@0xsequence/abi_0.7.0', 'message': 'no deps or dev-deps'}
{'statusCode': 0, 'package': '@0xsequence/abi_0.8.0', 'message': 'no deps or dev-deps'}
{'statusCode': 0, 'package': '@0xsequence/abi_0.8.1', 'message': 'no deps or dev-deps'}
{'statusCode': 0, 'package': '@0xsequence/abi_0.8.2', 'message': 'no deps or dev-deps'}
{'statusCode': 0, 'package': '@0xsequence/abi_0.8.3', 'message': 'no deps or dev-deps'}
{'statusCode': 0, 'package': '@0xsequence/abi_0.8.4', 'message': 'no deps or dev-deps'}
{'statusCode': 0, 'package': '@0xsequence/abi_0.8.5', 'message': 'no deps or dev-deps'}
{'statusCode': 0, 'package': '@0xsequence/abi_0.9.1', 'message': 'no deps or dev-deps'}
{'statusCode': 0, 'package': '@0xsequence/abi_0.9.3', 'message': 'no deps or dev-deps'}
{'statusCode': 0, 'package': '@0xsequence/abi_0.9.6', 'message': 'no deps or dev-deps'}
{'statusCode': 0, 'package': '@0xsequence/abi_0.10.0', 'message': 'no deps or dev-deps'}
{'statusCode': 0, 'package': '@0xsequence/abi_0.10.1', 'message': 'no deps or dev-deps'}
{'statusCode': 0, 'package': '@0xsequence/abi_0.10.2', 'message': 'no deps or dev-deps'}
{'statusCode': 0, 'package': '@0xsequence/abi_0.10.3', 'message': 'no deps or dev-deps'}
{'statusCode': 0, 'package': '@0xsequence/abi_0.10.4', 'message': 'no deps or dev-deps'}
{'statusCode': 0, 'package': '@0xsequence/abi_0.10.5', 'message': 'no deps or dev-deps'}
{'statusCode': 0, 'package': '@0xsequence/abi_0.10.6', 'message': 'no deps or dev-deps'}
{'statusCode': 0, 'package': '@0xsequence/abi_0.10.7', 'message': 'no deps or dev-deps'}
{'statusCode': 0, 'package': '@0xsequence/abi_0.10.8', 'message': 'no deps or dev-deps'}
{'statusCode': 0, 'package': '@0xsequence/abi_0.10.9', 'message': 'no deps or dev-deps'}
{'statusCode': 0, 'package': '@0xsequence/abi_0.11.0', 'message': 'no deps or dev-deps'}
{'statusCode': 0, 'package': '@0xsequence/abi_0.11.1', 'message': 'no deps or dev-deps'}
{'statusCode': 0, 'package': '@0xsequence/abi_0.11.2', 'message': 'no deps or dev-deps'}
{'statusCode': 0, 'package': '@0xsequence/abi_0.11.3', 'message': 'no deps or dev-deps'}
{'statusCode': 0, 'package': '@0xsequence/abi_0.11.4', 'message': 'no deps or dev-deps'}
{'statusCode': 0, 'package': '@0xsequence/abi_0.12.0', 'message': 'no deps or dev-deps'}
{'statusCode': 0, 'package': '@0xsequence/abi_0.12.1', 'message': 'no deps or dev-deps'}
{'statusCode': 0, 'package': '@0xsequence/abi_0.13.0', 'message': 'no deps or dev-deps'}
{'statusCode': 0, 'package': '@0xsequence/abi_0.14.0', 'message': 'no deps or dev-deps'}
{'statusCode': 0, 'package': '@0xsequence/abi_0.14.3', 'message': 'no deps or dev-deps'}
{'statusCode': 0, 'package': '@0xsequence/abi_0.15.1', 'message': 'no deps or dev-deps'}
{'statusCode': 0, 'package': '@0xsequence/abi_0.16.0', 'message': 'no deps or dev-deps'}
{'statusCode': 0, 'package': '@0xsequence/abi_0.18.0', 'message': 'no deps or dev-deps'}
{'statusCode': 0, 'package': '@0xsequence/abi_0.19.0', 'message': 'no deps or dev-deps'}
{'statusCode': 0, 'package': '@0xsequence/abi_0.19.2', 'message': 'no deps or dev-deps'}
{'statusCode': 0, 'package': '@0xsequence/abi_0.19.3', 'message': 'no deps or dev-deps'}
{'statusCode': 0, 'package': '@0xsequence/abi_0.21.0', 'message': 'no deps or dev-deps'}
{'statusCode': 0, 'package': '@0xsequence/abi_0.21.2', 'message': 'no deps or dev-deps'}
{'statusCode': 0, 'package': '@0xsequence/abi_0.21.3', 'message': 'no deps or dev-deps'}
{'statusCode': 0, 'package': '@0xsequence/abi_0.21.4', 'message': 'no deps or dev-deps'}
{'statusCode': 0, 'package': '@0xsequence/abi_0.21.5', 'message': 'no deps or dev-deps'}
{'statusCode': 0, 'package': '@0xsequence/abi_0.22.0', 'message': 'no deps or dev-deps'}
{'statusCode': 0, 'package': '@0xsequence/abi_0.22.1', 'message': 'no deps or dev-deps'}
{'statusCode': 0, 'package': '@0xsequence/abi_0.22.2', 'message': 'no deps or dev-deps'}
{'statusCode': 0, 'package': '@0xsequence/abi_0.23.0', 'message': 'no deps or dev-deps'}
{'statusCode': 0, 'package': '@0xsequence/abi_0.25.0', 'message': 'no deps or dev-deps'}
{'statusCode': 0, 'package': '@0xsequence/abi_0.25.1', 'message': 'no deps or dev-deps'}
{'statusCode': 0, 'package': '@0xsequence/abi_0.27.0', 'message': 'no deps or dev-deps'}
{'statusCode': 0, 'package': '@0xsequence/abi_0.28.0', 'message': 'no deps or dev-deps'}
{'statusCode': 0, 'package': '@0xsequence/abi_0.0.0-202182516517', 'message': 'no deps or dev-deps'}
{'statusCode': 0, 'package': '@0xsequence/abi_0.0.0-202182517435', 'message': 'no deps or dev-deps'}
{'statusCode': 0, 'package': '@0xsequence/abi_0.0.0-2021827201516', 'message': 'no deps or dev-deps'}
{'statusCode': 0, 'package': '@0xsequence/abi_0.29.0', 'message': 'no deps or dev-deps'}
{'statusCode': 0, 'package': '@0xsequence/abi_0.29.8', 'message': 'no deps or dev-deps'}
{'statusCode': 0, 'package': '@0xsequence/abi_0.30.0', 'message': 'no deps or dev-deps'}
{'statusCode': 0, 'package': '@0xsequence/abi_0.31.0', 'message': 'no deps or dev-deps'}
{'statusCode': 0, 'package': '@0xsequence/abi_0.34.0', 'message': 'no deps or dev-deps'}
{'statusCode': 0, 'package': '@0xsequence/abi_0.35.0', 'message': 'no deps or dev-deps'}
{'statusCode': 0, 'package': '@0xsequence/abi_0.35.1', 'message': 'no deps or dev-deps'}
{'statusCode': 0, 'package': '@0xsequence/abi_0.35.2', 'message': 'no deps or dev-deps'}
{'statusCode': 0, 'package': '@0xsequence/abi_0.35.3', 'message': 'no deps or dev-deps'}
{'statusCode': 0, 'package': '@0xsequence/abi_0.35.4', 'message': 'no deps or dev-deps'}
{'statusCode': 0, 'package': '@0xsequence/abi_0.35.5', 'message': 'no deps or dev-deps'}
{'statusCode': 0, 'package': '@0xsequence/abi_0.35.6', 'message': 'no deps or dev-deps'}
{'statusCode': 0, 'package': '@0xsequence/abi_0.35.7', 'message': 'no deps or dev-deps'}
{'statusCode': 0, 'package': '@0xsequence/abi_0.35.8', 'message': 'no deps or dev-deps'}
{'statusCode': 0, 'package': '@0xsequence/abi_0.35.9', 'message': 'no deps or dev-deps'}
{'statusCode': 0, 'package': '@0xsequence/abi_0.35.10', 'message': 'no deps or dev-deps'}
{'statusCode': 0, 'package': '@0xsequence/abi_0.35.11', 'message': 'no deps or dev-deps'}
{'statusCode': 0, 'package': '@0xsequence/abi_0.35.12', 'message': 'no deps or dev-deps'}
{'statusCode': 0, 'package': '@0xsequence/abi_0.36.0', 'message': 'no deps or dev-deps'}
{'statusCode': 0, 'package': '@0xsequence/abi_0.36.1', 'message': 'no deps or dev-deps'}
{'statusCode': 0, 'package': '@0xsequence/abi_0.36.2', 'message': 'no deps or dev-deps'}
{'statusCode': 0, 'package': '@0xsequence/abi_0.36.3', 'message': 'no deps or dev-deps'}
{'statusCode': 0, 'package': '@0xsequence/abi_0.36.4', 'message': 'no deps or dev-deps'}
{'statusCode': 0, 'package': '@0xsequence/abi_0.36.5', 'message': 'no deps or dev-deps'}
{'statusCode': 0, 'package': '@0xsequence/abi_0.36.6', 'message': 'no deps or dev-deps'}
{'statusCode': 0, 'package': '@0xsequence/abi_0.36.7', 'message': 'no deps or dev-deps'}
{'statusCode': 0, 'package': '@0xsequence/abi_0.36.8', 'message': 'no deps or dev-deps'}
{'statusCode': 0, 'package': '@0xsequence/abi_0.36.9', 'message': 'no deps or dev-deps'}
{'statusCode': 0, 'package': '@0xsequence/abi_0.36.10', 'message': 'no deps or dev-deps'}
{'statusCode': 0, 'package': '@0xsequence/abi_0.0.0-20220418165517', 'message': 'no deps or dev-deps'}
{'statusCode': 0, 'package': '@0xsequence/abi_0.36.11', 'message': 'no deps or dev-deps'}
{'statusCode': 0, 'package': '@0xsequence/abi_0.0.0-20220425195445', 'message': 'no deps or dev-deps'}
{'statusCode': 0, 'package': '@0xsequence/abi_0.36.12', 'message': 'no deps or dev-deps'}
{'statusCode': 0, 'package': '@0xsequence/abi_0.0.0-20220427054350', 'message': 'no deps or dev-deps'}
{'statusCode': 0, 'package': '@0xsequence/abi_0.0.0-20220427055332', 'message': 'no deps or dev-deps'}
{'statusCode': 0, 'package': '@0xsequence/abi_0.0.0-20220427161307', 'message': 'no deps or dev-deps'}
{'statusCode': 0, 'package': '@0xsequence/abi_0.0.0-20220427162812', 'message': 'no deps or dev-deps'}
{'statusCode': 0, 'package': '@0xsequence/abi_0.36.13', 'message': 'no deps or dev-deps'}
{'statusCode': 0, 'package': '@0xsequence/abi_0.37.0', 'message': 'no deps or dev-deps'}
{'statusCode': 0, 'package': '@0xsequence/abi_0.37.1', 'message': 'no deps or dev-deps'}
{'statusCode': 0, 'package': '@0xsequence/abi_0.0.0-20220506174803', 'message': 'no deps or dev-deps'}
{'statusCode': 0, 'package': '@0xsequence/abi_0.0.0-20220506195001', 'message': 'no deps or dev-deps'}
{'statusCode': 0, 'package': '@0xsequence/abi_0.0.0-20220513134147', 'message': 'no deps or dev-deps'}
{'statusCode': 0, 'package': '@0xsequence/abi_0.38.0', 'message': 'no deps or dev-deps'}
{'statusCode': 0, 'package': '@0xsequence/abi_0.38.1', 'message': 'no deps or dev-deps'}
{'statusCode': 0, 'package': '@0xsequence/abi_0.38.2', 'message': 'no deps or dev-deps'}
{'statusCode': 0, 'package': '@0xsequence/abi_0.39.0', 'message': 'no deps or dev-deps'}
{'statusCode': 0, 'package': '@0xsequence/abi_0.0.0-20220519151110', 'message': 'no deps or dev-deps'}
{'statusCode': 0, 'package': '@0xsequence/abi_0.0.0-20220519202656', 'message': 'no deps or dev-deps'}
{'statusCode': 0, 'package': '@0xsequence/abi_0.0.0-20220601185217', 'message': 'no deps or dev-deps'}
{'statusCode': 0, 'package': '@0xsequence/abi_0.39.1', 'message': 'no deps or dev-deps'}
{'statusCode': 0, 'package': '@0xsequence/abi_0.39.2', 'message': 'no deps or dev-deps'}
{'statusCode': 0, 'package': '@0xsequence/abi_0.0.0-20220609204505', 'message': 'no deps or dev-deps'}
{'statusCode': 0, 'package': '@0xsequence/abi_0.0.0-20220610134843', 'message': 'no deps or dev-deps'}
{'statusCode': 0, 'package': '@0xsequence/abi_0.39.3', 'message': 'no deps or dev-deps'}
{'statusCode': 0, 'package': '@0xsequence/abi_0.0.0-20220614152529', 'message': 'no deps or dev-deps'}
{'statusCode': 0, 'package': '@0xsequence/abi_0.0.0-20220616121217', 'message': 'no deps or dev-deps'}
{'statusCode': 0, 'package': '@0xsequence/abi_0.39.4', 'message': 'no deps or dev-deps'}
{'statusCode': 0, 'package': '@0xsequence/abi_0.39.5', 'message': 'no deps or dev-deps'}
{'statusCode': 0, 'package': '@0xsequence/abi_0.39.6', 'message': 'no deps or dev-deps'}
{'statusCode': 0, 'package': '@0xsequence/abi_0.0.0-26b08ee9-20220629135033', 'message': 'no deps or dev-deps'}
{'statusCode': 0, 'package': '@0xsequence/abi_0.0.0-cdbb3137-20220630190630', 'message': 'no deps or dev-deps'}
{'statusCode': 0, 'package': '@0xsequence/abi_0.0.0-cdbb3137-20220630191603', 'message': 'no deps or dev-deps'}
{'statusCode': 0, 'package': '@0xsequence/abi_0.0.0-cdbb3137-20220630192830', 'message': 'no deps or dev-deps'}
{'statusCode': 0, 'package': '@0xsequence/abi_0.0.0-20220630194654', 'message': 'no deps or dev-deps'}
{'statusCode': 0, 'package': '@0xsequence/abi_0.0.0-20220630211555', 'message': 'no deps or dev-deps'}
{'statusCode': 0, 'package': '@0xsequence/abi_0.0.0-20220630215108', 'message': 'no deps or dev-deps'}
{'statusCode': 0, 'package': '@0xsequence/abi_0.0.0-20220703182449', 'message': 'no deps or dev-deps'}
{'statusCode': 0, 'package': '@0xsequence/abi_0.0.0-20220704043930', 'message': 'no deps or dev-deps'}
{'statusCode': 0, 'package': '@0xsequence/abi_0.0.0-20220706193010', 'message': 'no deps or dev-deps'}
{'statusCode': 0, 'package': '@0xsequence/abi_0.0.0-20220710174545', 'message': 'no deps or dev-deps'}
{'statusCode': 0, 'package': '@0xsequence/abi_0.0.0-coolcats-0.36.12-20220711222640', 'message': 'no deps or dev-deps'}
{'statusCode': 0, 'package': '@0xsequence/abi_0.40.0', 'message': 'no deps or dev-deps'}
{'statusCode': 0, 'package': '@0xsequence/abi_0.40.1', 'message': 'no deps or dev-deps'}
{'statusCode': 0, 'package': '@0xsequence/abi_0.0.0-20220713211319', 'message': 'no deps or dev-deps'}
{'statusCode': 0, 'package': '@0xsequence/abi_0.0.0-20220714164224', 'message': 'no deps or dev-deps'}
{'statusCode': 0, 'package': '@0xsequence/abi_0.40.2', 'message': 'no deps or dev-deps'}
{'statusCode': 0, 'package': '@0xsequence/abi_0.0.0-20220719173737', 'message': 'no deps or dev-deps'}
{'statusCode': 0, 'package': '@0xsequence/abi_0.0.0-20220722145329', 'message': 'no deps or dev-deps'}
{'statusCode': 0, 'package': '@0xsequence/abi_0.0.0-20220725200200', 'message': 'no deps or dev-deps'}
{'statusCode': 0, 'package': '@0xsequence/abi_0.40.3', 'message': 'no deps or dev-deps'}
{'statusCode': 0, 'package': '@0xsequence/abi_0.0.0-20220728141414', 'message': 'no deps or dev-deps'}
{'statusCode': 0, 'package': '@0xsequence/abi_0.40.4', 'message': 'no deps or dev-deps'}
{'statusCode': 0, 'package': '@0xsequence/abi_0.0.0-20220728215555', 'message': 'no deps or dev-deps'}
{'statusCode': 0, 'package': '@0xsequence/abi_0.40.5', 'message': 'no deps or dev-deps'}
{'statusCode': 0, 'package': '@0xsequence/abi_0.0.0-20220804202525', 'message': 'no deps or dev-deps'}
{'statusCode': 0, 'package': '@0xsequence/abi_0.40.6', 'message': 'no deps or dev-deps'}
{'statusCode': 0, 'package': '@0xsequence/abi_0.0.0-20220825181818', 'message': 'no deps or dev-deps'}
{'statusCode': 0, 'package': '@0xsequence/abi_0.0.0-20220825190100', 'message': 'no deps or dev-deps'}
{'statusCode': 0, 'package': '@0xsequence/abi_0.41.0', 'message': 'no deps or dev-deps'}
{'statusCode': 0, 'package': '@0xsequence/abi_0.41.1', 'message': 'no deps or dev-deps'}
{'statusCode': 0, 'package': '@0xsequence/abi_0.41.2', 'message': 'no deps or dev-deps'}
{'statusCode': 0, 'package': '@0xsequence/abi_0.41.3', 'message': 'no deps or dev-deps'}
{'statusCode': 0, 'package': '@0xsequence/abi_0.42.0', 'message': 'no deps or dev-deps'}
{'statusCode': 0, 'package': '@0xsequence/abi_0.42.1', 'message': 'no deps or dev-deps'}
{'statusCode': 0, 'package': '@0xsequence/abi_0.42.2', 'message': 'no deps or dev-deps'}
{'statusCode': 0, 'package': '@0xsequence/abi_0.42.3', 'message': 'no deps or dev-deps'}
{'statusCode': 0, 'package': '@0xsequence/abi_0.42.4', 'message': 'no deps or dev-deps'}
{'statusCode': 0, 'package': '@0xsequence/abi_0.42.5', 'message': 'no deps or dev-deps'}
{'statusCode': 0, 'package': '@0xsequence/abi_0.42.6', 'message': 'no deps or dev-deps'}
{'statusCode': 0, 'package': '@0xsequence/abi_0.42.7', 'message': 'no deps or dev-deps'}
{'statusCode': 0, 'package': '@0xsequence/abi_0.42.8', 'message': 'no deps or dev-deps'}
{'statusCode': 0, 'package': '@0xsequence/abi_0.42.9', 'message': 'no deps or dev-deps'}
{'statusCode': 0, 'package': '@0xsequence/abi_0.42.10', 'message': 'no deps or dev-deps'}
{'statusCode': 0, 'package': '@0xsequence/abi_0.43.0', 'message': 'no deps or dev-deps'}
{'statusCode': 0, 'package': '@0xsequence/abi_0.43.1', 'message': 'no deps or dev-deps'}
{'statusCode': 0, 'package': '@0xsequence/abi_0.43.2', 'message': 'no deps or dev-deps'}
{'statusCode': 0, 'package': '@0xsequence/abi_0.43.3', 'message': 'no deps or dev-deps'}
{'statusCode': 0, 'package': '@0xsequence/abi_0.0.0-20221124173317', 'message': 'no deps or dev-deps'}
{'statusCode': 0, 'package': '@0xsequence/abi_0.43.4', 'message': 'no deps or dev-deps'}
{'statusCode': 0, 'package': '@0xsequence/abi_0.43.5', 'message': 'no deps or dev-deps'}
{'statusCode': 0, 'package': '@0xsequence/abi_0.43.6', 'message': 'no deps or dev-deps'}
{'statusCode': 0, 'package': '@0xsequence/abi_0.43.7', 'message': 'no deps or dev-deps'}
{'statusCode': 0, 'package': '@0xsequence/abi_0.7.0', 'message': 'no deps or dev-deps'}
{'statusCode': 0, 'package': '@0xsequence/abi_0.8.0', 'message': 'no deps or dev-deps'}
{'statusCode': 0, 'package': '@0xsequence/abi_0.8.1', 'message': 'no deps or dev-deps'}
{'statusCode': 0, 'package': '@0xsequence/abi_0.8.2', 'message': 'no deps or dev-deps'}
{'statusCode': 0, 'package': '@0xsequence/abi_0.8.3', 'message': 'no deps or dev-deps'}
{'statusCode': 0, 'package': '@0xsequence/abi_0.8.4', 'message': 'no deps or dev-deps'}
{'statusCode': 0, 'package': '@0xsequence/abi_0.8.5', 'message': 'no deps or dev-deps'}
{'statusCode': 0, 'package': '@0xsequence/abi_0.9.1', 'message': 'no deps or dev-deps'}
{'statusCode': 0, 'package': '@0xsequence/abi_0.9.3', 'message': 'no deps or dev-deps'}
{'statusCode': 0, 'package': '@0xsequence/abi_0.9.6', 'message': 'no deps or dev-deps'}
{'statusCode': 0, 'package': '@0xsequence/abi_0.10.0', 'message': 'no deps or dev-deps'}
{'statusCode': 0, 'package': '@0xsequence/abi_0.10.1', 'message': 'no deps or dev-deps'}
{'statusCode': 0, 'package': '@0xsequence/abi_0.10.2', 'message': 'no deps or dev-deps'}
{'statusCode': 0, 'package': '@0xsequence/abi_0.10.3', 'message': 'no deps or dev-deps'}
{'statusCode': 0, 'package': '@0xsequence/abi_0.10.4', 'message': 'no deps or dev-deps'}
{'statusCode': 0, 'package': '@0xsequence/abi_0.10.5', 'message': 'no deps or dev-deps'}
{'statusCode': 0, 'package': '@0xsequence/abi_0.10.6', 'message': 'no deps or dev-deps'}
{'statusCode': 0, 'package': '@0xsequence/abi_0.10.7', 'message': 'no deps or dev-deps'}
{'statusCode': 0, 'package': '@0xsequence/abi_0.10.8', 'message': 'no deps or dev-deps'}
{'statusCode': 0, 'package': '@0xsequence/abi_0.10.9', 'message': 'no deps or dev-deps'}
{'statusCode': 0, 'package': '@0xsequence/abi_0.11.0', 'message': 'no deps or dev-deps'}
{'statusCode': 0, 'package': '@0xsequence/abi_0.11.1', 'message': 'no deps or dev-deps'}
{'statusCode': 0, 'package': '@0xsequence/abi_0.11.2', 'message': 'no deps or dev-deps'}
{'statusCode': 0, 'package': '@0xsequence/abi_0.11.3', 'message': 'no deps or dev-deps'}
{'statusCode': 0, 'package': '@0xsequence/abi_0.11.4', 'message': 'no deps or dev-deps'}
{'statusCode': 0, 'package': '@0xsequence/abi_0.12.0', 'message': 'no deps or dev-deps'}
{'statusCode': 0, 'package': '@0xsequence/abi_0.12.1', 'message': 'no deps or dev-deps'}
{'statusCode': 0, 'package': '@0xsequence/abi_0.13.0', 'message': 'no deps or dev-deps'}
{'statusCode': 0, 'package': '@0xsequence/abi_0.14.0', 'message': 'no deps or dev-deps'}
{'statusCode': 0, 'package': '@0xsequence/abi_0.14.3', 'message': 'no deps or dev-deps'}
{'statusCode': 0, 'package': '@0xsequence/abi_0.15.1', 'message': 'no deps or dev-deps'}
{'statusCode': 0, 'package': '@0xsequence/abi_0.16.0', 'message': 'no deps or dev-deps'}
{'statusCode': 0, 'package': '@0xsequence/abi_0.18.0', 'message': 'no deps or dev-deps'}
{'statusCode': 0, 'package': '@0xsequence/abi_0.19.0', 'message': 'no deps or dev-deps'}
{'statusCode': 0, 'package': '@0xsequence/abi_0.19.2', 'message': 'no deps or dev-deps'}
{'statusCode': 0, 'package': '@0xsequence/abi_0.19.3', 'message': 'no deps or dev-deps'}
{'statusCode': 0, 'package': '@0xsequence/abi_0.21.0', 'message': 'no deps or dev-deps'}
{'statusCode': 0, 'package': '@0xsequence/abi_0.21.2', 'message': 'no deps or dev-deps'}
{'statusCode': 0, 'package': '@0xsequence/abi_0.21.3', 'message': 'no deps or dev-deps'}
{'statusCode': 0, 'package': '@0xsequence/abi_0.21.4', 'message': 'no deps or dev-deps'}
{'statusCode': 0, 'package': '@0xsequence/abi_0.21.5', 'message': 'no deps or dev-deps'}
{'statusCode': 0, 'package': '@0xsequence/abi_0.22.0', 'message': 'no deps or dev-deps'}
{'statusCode': 0, 'package': '@0xsequence/abi_0.22.1', 'message': 'no deps or dev-deps'}
{'statusCode': 0, 'package': '@0xsequence/abi_0.22.2', 'message': 'no deps or dev-deps'}
{'statusCode': 0, 'package': '@0xsequence/abi_0.23.0', 'message': 'no deps or dev-deps'}
{'statusCode': 0, 'package': '@0xsequence/abi_0.25.0', 'message': 'no deps or dev-deps'}
{'statusCode': 0, 'package': '@0xsequence/abi_0.25.1', 'message': 'no deps or dev-deps'}
{'statusCode': 0, 'package': '@0xsequence/abi_0.27.0', 'message': 'no deps or dev-deps'}
{'statusCode': 0, 'package': '@0xsequence/abi_0.28.0', 'message': 'no deps or dev-deps'}
{'statusCode': 0, 'package': '@0xsequence/abi_0.0.0-202182516517', 'message': 'no deps or dev-deps'}
{'statusCode': 0, 'package': '@0xsequence/abi_0.0.0-202182517435', 'message': 'no deps or dev-deps'}
{'statusCode': 0, 'package': '@0xsequence/abi_0.0.0-2021827201516', 'message': 'no deps or dev-deps'}
{'statusCode': 0, 'package': '@0xsequence/abi_0.29.0', 'message': 'no deps or dev-deps'}
{'statusCode': 0, 'package': '@0xsequence/abi_0.29.8', 'message': 'no deps or dev-deps'}
{'statusCode': 0, 'package': '@0xsequence/abi_0.30.0', 'message': 'no deps or dev-deps'}
{'statusCode': 0, 'package': '@0xsequence/abi_0.31.0', 'message': 'no deps or dev-deps'}
{'statusCode': 0, 'package': '@0xsequence/abi_0.34.0', 'message': 'no deps or dev-deps'}
{'statusCode': 0, 'package': '@0xsequence/abi_0.35.0', 'message': 'no deps or dev-deps'}
{'statusCode': 0, 'package': '@0xsequence/abi_0.35.1', 'message': 'no deps or dev-deps'}
{'statusCode': 0, 'package': '@0xsequence/abi_0.35.2', 'message': 'no deps or dev-deps'}
{'statusCode': 0, 'package': '@0xsequence/abi_0.35.3', 'message': 'no deps or dev-deps'}
{'statusCode': 0, 'package': '@0xsequence/abi_0.35.4', 'message': 'no deps or dev-deps'}
{'statusCode': 0, 'package': '@0xsequence/abi_0.35.5', 'message': 'no deps or dev-deps'}
{'statusCode': 0, 'package': '@0xsequence/abi_0.35.6', 'message': 'no deps or dev-deps'}
{'statusCode': 0, 'package': '@0xsequence/abi_0.35.7', 'message': 'no deps or dev-deps'}
{'statusCode': 0, 'package': '@0xsequence/abi_0.35.8', 'message': 'no deps or dev-deps'}
{'statusCode': 0, 'package': '@0xsequence/abi_0.35.9', 'message': 'no deps or dev-deps'}
{'statusCode': 0, 'package': '@0xsequence/abi_0.35.10', 'message': 'no deps or dev-deps'}
{'statusCode': 0, 'package': '@0xsequence/abi_0.35.11', 'message': 'no deps or dev-deps'}
{'statusCode': 0, 'package': '@0xsequence/abi_0.35.12', 'message': 'no deps or dev-deps'}
{'statusCode': 0, 'package': '@0xsequence/abi_0.36.0', 'message': 'no deps or dev-deps'}
{'statusCode': 0, 'package': '@0xsequence/abi_0.36.1', 'message': 'no deps or dev-deps'}
{'statusCode': 0, 'package': '@0xsequence/abi_0.36.2', 'message': 'no deps or dev-deps'}
{'statusCode': 0, 'package': '@0xsequence/abi_0.36.3', 'message': 'no deps or dev-deps'}
{'statusCode': 0, 'package': '@0xsequence/abi_0.36.4', 'message': 'no deps or dev-deps'}
{'statusCode': 0, 'package': '@0xsequence/abi_0.36.5', 'message': 'no deps or dev-deps'}
{'statusCode': 0, 'package': '@0xsequence/abi_0.36.6', 'message': 'no deps or dev-deps'}
{'statusCode': 0, 'package': '@0xsequence/abi_0.36.7', 'message': 'no deps or dev-deps'}
{'statusCode': 0, 'package': '@0xsequence/abi_0.36.8', 'message': 'no deps or dev-deps'}
{'statusCode': 0, 'package': '@0xsequence/abi_0.36.9', 'message': 'no deps or dev-deps'}
{'statusCode': 0, 'package': '@0xsequence/abi_0.36.10', 'message': 'no deps or dev-deps'}
{'statusCode': 0, 'package': '@0xsequence/abi_0.0.0-20220418165517', 'message': 'no deps or dev-deps'}
{'statusCode': 0, 'package': '@0xsequence/abi_0.36.11', 'message': 'no deps or dev-deps'}
{'statusCode': 0, 'package': '@0xsequence/abi_0.0.0-20220425195445', 'message': 'no deps or dev-deps'}
{'statusCode': 0, 'package': '@0xsequence/abi_0.36.12', 'message': 'no deps or dev-deps'}
{'statusCode': 0, 'package': '@0xsequence/abi_0.0.0-20220427054350', 'message': 'no deps or dev-deps'}
{'statusCode': 0, 'package': '@0xsequence/abi_0.0.0-20220427055332', 'message': 'no deps or dev-deps'}
{'statusCode': 0, 'package': '@0xsequence/abi_0.0.0-20220427161307', 'message': 'no deps or dev-deps'}
{'statusCode': 0, 'package': '@0xsequence/abi_0.0.0-20220427162812', 'message': 'no deps or dev-deps'}
{'statusCode': 0, 'package': '@0xsequence/abi_0.36.13', 'message': 'no deps or dev-deps'}
{'statusCode': 0, 'package': '@0xsequence/abi_0.37.0', 'message': 'no deps or dev-deps'}
{'statusCode': 0, 'package': '@0xsequence/abi_0.37.1', 'message': 'no deps or dev-deps'}
{'statusCode': 0, 'package': '@0xsequence/abi_0.0.0-20220506174803', 'message': 'no deps or dev-deps'}
{'statusCode': 0, 'package': '@0xsequence/abi_0.0.0-20220506195001', 'message': 'no deps or dev-deps'}
{'statusCode': 0, 'package': '@0xsequence/abi_0.0.0-20220513134147', 'message': 'no deps or dev-deps'}
{'statusCode': 0, 'package': '@0xsequence/abi_0.38.0', 'message': 'no deps or dev-deps'}
{'statusCode': 0, 'package': '@0xsequence/abi_0.38.1', 'message': 'no deps or dev-deps'}
{'statusCode': 0, 'package': '@0xsequence/abi_0.38.2', 'message': 'no deps or dev-deps'}
{'statusCode': 0, 'package': '@0xsequence/abi_0.39.0', 'message': 'no deps or dev-deps'}
{'statusCode': 0, 'package': '@0xsequence/abi_0.0.0-20220519151110', 'message': 'no deps or dev-deps'}
{'statusCode': 0, 'package': '@0xsequence/abi_0.0.0-20220519202656', 'message': 'no deps or dev-deps'}
{'statusCode': 0, 'package': '@0xsequence/abi_0.0.0-20220601185217', 'message': 'no deps or dev-deps'}
{'statusCode': 0, 'package': '@0xsequence/abi_0.39.1', 'message': 'no deps or dev-deps'}
{'statusCode': 0, 'package': '@0xsequence/abi_0.39.2', 'message': 'no deps or dev-deps'}
{'statusCode': 0, 'package': '@0xsequence/abi_0.0.0-20220609204505', 'message': 'no deps or dev-deps'}
{'statusCode': 0, 'package': '@0xsequence/abi_0.0.0-20220610134843', 'message': 'no deps or dev-deps'}
{'statusCode': 0, 'package': '@0xsequence/abi_0.39.3', 'message': 'no deps or dev-deps'}
{'statusCode': 0, 'package': '@0xsequence/abi_0.0.0-20220614152529', 'message': 'no deps or dev-deps'}
{'statusCode': 0, 'package': '@0xsequence/abi_0.0.0-20220616121217', 'message': 'no deps or dev-deps'}
{'statusCode': 0, 'package': '@0xsequence/abi_0.39.4', 'message': 'no deps or dev-deps'}
{'statusCode': 0, 'package': '@0xsequence/abi_0.39.5', 'message': 'no deps or dev-deps'}
{'statusCode': 0, 'package': '@0xsequence/abi_0.39.6', 'message': 'no deps or dev-deps'}
{'statusCode': 0, 'package': '@0xsequence/abi_0.0.0-26b08ee9-20220629135033', 'message': 'no deps or dev-deps'}
{'statusCode': 0, 'package': '@0xsequence/abi_0.0.0-cdbb3137-20220630190630', 'message': 'no deps or dev-deps'}
{'statusCode': 0, 'package': '@0xsequence/abi_0.0.0-cdbb3137-20220630191603', 'message': 'no deps or dev-deps'}
{'statusCode': 0, 'package': '@0xsequence/abi_0.0.0-cdbb3137-20220630192830', 'message': 'no deps or dev-deps'}
{'statusCode': 0, 'package': '@0xsequence/abi_0.0.0-20220630194654', 'message': 'no deps or dev-deps'}
{'statusCode': 0, 'package': '@0xsequence/abi_0.0.0-20220630211555', 'message': 'no deps or dev-deps'}
{'statusCode': 0, 'package': '@0xsequence/abi_0.0.0-20220630215108', 'message': 'no deps or dev-deps'}
{'statusCode': 0, 'package': '@0xsequence/abi_0.0.0-20220703182449', 'message': 'no deps or dev-deps'}
{'statusCode': 0, 'package': '@0xsequence/abi_0.0.0-20220704043930', 'message': 'no deps or dev-deps'}
{'statusCode': 0, 'package': '@0xsequence/abi_0.0.0-20220706193010', 'message': 'no deps or dev-deps'}
{'statusCode': 0, 'package': '@0xsequence/abi_0.0.0-20220710174545', 'message': 'no deps or dev-deps'}
{'statusCode': 0, 'package': '@0xsequence/abi_0.0.0-coolcats-0.36.12-20220711222640', 'message': 'no deps or dev-deps'}
{'statusCode': 0, 'package': '@0xsequence/abi_0.40.0', 'message': 'no deps or dev-deps'}
{'statusCode': 0, 'package': '@0xsequence/abi_0.40.1', 'message': 'no deps or dev-deps'}
{'statusCode': 0, 'package': '@0xsequence/abi_0.0.0-20220713211319', 'message': 'no deps or dev-deps'}
{'statusCode': 0, 'package': '@0xsequence/abi_0.0.0-20220714164224', 'message': 'no deps or dev-deps'}
{'statusCode': 0, 'package': '@0xsequence/abi_0.40.2', 'message': 'no deps or dev-deps'}
{'statusCode': 0, 'package': '@0xsequence/abi_0.0.0-20220719173737', 'message': 'no deps or dev-deps'}
{'statusCode': 0, 'package': '@0xsequence/abi_0.0.0-20220722145329', 'message': 'no deps or dev-deps'}
{'statusCode': 0, 'package': '@0xsequence/abi_0.0.0-20220725200200', 'message': 'no deps or dev-deps'}
{'statusCode': 0, 'package': '@0xsequence/abi_0.40.3', 'message': 'no deps or dev-deps'}
{'statusCode': 0, 'package': '@0xsequence/abi_0.0.0-20220728141414', 'message': 'no deps or dev-deps'}
{'statusCode': 0, 'package': '@0xsequence/abi_0.40.4', 'message': 'no deps or dev-deps'}
{'statusCode': 0, 'package': '@0xsequence/abi_0.0.0-20220728215555', 'message': 'no deps or dev-deps'}
{'statusCode': 0, 'package': '@0xsequence/abi_0.40.5', 'message': 'no deps or dev-deps'}
{'statusCode': 0, 'package': '@0xsequence/abi_0.0.0-20220804202525', 'message': 'no deps or dev-deps'}
{'statusCode': 0, 'package': '@0xsequence/abi_0.40.6', 'message': 'no deps or dev-deps'}
{'statusCode': 0, 'package': '@0xsequence/abi_0.0.0-20220825181818', 'message': 'no deps or dev-deps'}
{'statusCode': 0, 'package': '@0xsequence/abi_0.0.0-20220825190100', 'message': 'no deps or dev-deps'}
{'statusCode': 0, 'package': '@0xsequence/abi_0.41.0', 'message': 'no deps or dev-deps'}
{'statusCode': 0, 'package': '@0xsequence/abi_0.41.1', 'message': 'no deps or dev-deps'}
{'statusCode': 0, 'package': '@0xsequence/abi_0.41.2', 'message': 'no deps or dev-deps'}
{'statusCode': 0, 'package': '@0xsequence/abi_0.41.3', 'message': 'no deps or dev-deps'}
{'statusCode': 0, 'package': '@0xsequence/abi_0.42.0', 'message': 'no deps or dev-deps'}
{'statusCode': 0, 'package': '@0xsequence/abi_0.42.1', 'message': 'no deps or dev-deps'}
{'statusCode': 0, 'package': '@0xsequence/abi_0.42.2', 'message': 'no deps or dev-deps'}
{'statusCode': 0, 'package': '@0xsequence/abi_0.42.3', 'message': 'no deps or dev-deps'}
{'statusCode': 0, 'package': '@0xsequence/abi_0.42.4', 'message': 'no deps or dev-deps'}
{'statusCode': 0, 'package': '@0xsequence/abi_0.42.5', 'message': 'no deps or dev-deps'}
{'statusCode': 0, 'package': '@0xsequence/abi_0.42.6', 'message': 'no deps or dev-deps'}
{'statusCode': 0, 'package': '@0xsequence/abi_0.42.7', 'message': 'no deps or dev-deps'}
{'statusCode': 0, 'package': '@0xsequence/abi_0.42.8', 'message': 'no deps or dev-deps'}
{'statusCode': 0, 'package': '@0xsequence/abi_0.42.9', 'message': 'no deps or dev-deps'}
{'statusCode': 0, 'package': '@0xsequence/abi_0.42.10', 'message': 'no deps or dev-deps'}
{'statusCode': 0, 'package': '@0xsequence/abi_0.43.0', 'message': 'no deps or dev-deps'}
{'statusCode': 0, 'package': '@0xsequence/abi_0.43.1', 'message': 'no deps or dev-deps'}
{'statusCode': 0, 'package': '@0xsequence/abi_0.43.2', 'message': 'no deps or dev-deps'}
{'statusCode': 0, 'package': '@0xsequence/abi_0.43.3', 'message': 'no deps or dev-deps'}
{'statusCode': 0, 'package': '@0xsequence/abi_0.0.0-20221124173317', 'message': 'no deps or dev-deps'}
{'statusCode': 0, 'package': '@0xsequence/abi_0.43.4', 'message': 'no deps or dev-deps'}
{'statusCode': 0, 'package': '@0xsequence/abi_0.43.5', 'message': 'no deps or dev-deps'}
{'statusCode': 0, 'package': '@0xsequence/abi_0.43.6', 'message': 'no deps or dev-deps'}
{'statusCode': 0, 'package': '@0xsequence/abi_0.43.7', 'message': 'no deps or dev-deps'}
{'statusCode': 0, 'package': '@0xsequence/abi_0.7.0', 'message': 'no deps or dev-deps'}
{'statusCode': 0, 'package': '@0xsequence/abi_0.8.0', 'message': 'no deps or dev-deps'}
{'statusCode': 0, 'package': '@0xsequence/abi_0.8.1', 'message': 'no deps or dev-deps'}
{'statusCode': 0, 'package': '@0xsequence/abi_0.8.2', 'message': 'no deps or dev-deps'}
{'statusCode': 0, 'package': '@0xsequence/abi_0.8.3', 'message': 'no deps or dev-deps'}
{'statusCode': 0, 'package': '@0xsequence/abi_0.8.4', 'message': 'no deps or dev-deps'}
{'statusCode': 0, 'package': '@0xsequence/abi_0.8.5', 'message': 'no deps or dev-deps'}
{'statusCode': 0, 'package': '@0xsequence/abi_0.9.1', 'message': 'no deps or dev-deps'}
{'statusCode': 0, 'package': '@0xsequence/abi_0.9.3', 'message': 'no deps or dev-deps'}
{'statusCode': 0, 'package': '@0xsequence/abi_0.9.6', 'message': 'no deps or dev-deps'}
{'statusCode': 0, 'package': '@0xsequence/abi_0.10.0', 'message': 'no deps or dev-deps'}
{'statusCode': 0, 'package': '@0xsequence/abi_0.10.1', 'message': 'no deps or dev-deps'}
{'statusCode': 0, 'package': '@0xsequence/abi_0.10.2', 'message': 'no deps or dev-deps'}
{'statusCode': 0, 'package': '@0xsequence/abi_0.10.3', 'message': 'no deps or dev-deps'}
{'statusCode': 0, 'package': '@0xsequence/abi_0.10.4', 'message': 'no deps or dev-deps'}
{'statusCode': 0, 'package': '@0xsequence/abi_0.10.5', 'message': 'no deps or dev-deps'}
{'statusCode': 0, 'package': '@0xsequence/abi_0.10.6', 'message': 'no deps or dev-deps'}
{'statusCode': 0, 'package': '@0xsequence/abi_0.10.7', 'message': 'no deps or dev-deps'}
{'statusCode': 0, 'package': '@0xsequence/abi_0.10.8', 'message': 'no deps or dev-deps'}
{'statusCode': 0, 'package': '@0xsequence/abi_0.10.9', 'message': 'no deps or dev-deps'}
{'statusCode': 0, 'package': '@0xsequence/abi_0.11.0', 'message': 'no deps or dev-deps'}
{'statusCode': 0, 'package': '@0xsequence/abi_0.11.1', 'message': 'no deps or dev-deps'}
{'statusCode': 0, 'package': '@0xsequence/abi_0.11.2', 'message': 'no deps or dev-deps'}
{'statusCode': 0, 'package': '@0xsequence/abi_0.11.3', 'message': 'no deps or dev-deps'}
{'statusCode': 0, 'package': '@0xsequence/abi_0.11.4', 'message': 'no deps or dev-deps'}
{'statusCode': 0, 'package': '@0xsequence/abi_0.12.0', 'message': 'no deps or dev-deps'}
{'statusCode': 0, 'package': '@0xsequence/abi_0.12.1', 'message': 'no deps or dev-deps'}
{'statusCode': 0, 'package': '@0xsequence/abi_0.13.0', 'message': 'no deps or dev-deps'}
{'statusCode': 0, 'package': '@0xsequence/abi_0.14.0', 'message': 'no deps or dev-deps'}
{'statusCode': 0, 'package': '@0xsequence/abi_0.14.3', 'message': 'no deps or dev-deps'}
{'statusCode': 0, 'package': '@0xsequence/abi_0.15.1', 'message': 'no deps or dev-deps'}
{'statusCode': 0, 'package': '@0xsequence/abi_0.16.0', 'message': 'no deps or dev-deps'}
{'statusCode': 0, 'package': '@0xsequence/abi_0.18.0', 'message': 'no deps or dev-deps'}
{'statusCode': 0, 'package': '@0xsequence/abi_0.19.0', 'message': 'no deps or dev-deps'}
{'statusCode': 0, 'package': '@0xsequence/abi_0.19.2', 'message': 'no deps or dev-deps'}
{'statusCode': 0, 'package': '@0xsequence/abi_0.19.3', 'message': 'no deps or dev-deps'}
{'statusCode': 0, 'package': '@0xsequence/abi_0.21.0', 'message': 'no deps or dev-deps'}
{'statusCode': 0, 'package': '@0xsequence/abi_0.21.2', 'message': 'no deps or dev-deps'}
{'statusCode': 0, 'package': '@0xsequence/abi_0.21.3', 'message': 'no deps or dev-deps'}
{'statusCode': 0, 'package': '@0xsequence/abi_0.21.4', 'message': 'no deps or dev-deps'}
{'statusCode': 0, 'package': '@0xsequence/abi_0.21.5', 'message': 'no deps or dev-deps'}
{'statusCode': 0, 'package': '@0xsequence/abi_0.22.0', 'message': 'no deps or dev-deps'}
{'statusCode': 0, 'package': '@0xsequence/abi_0.22.1', 'message': 'no deps or dev-deps'}
{'statusCode': 0, 'package': '@0xsequence/abi_0.22.2', 'message': 'no deps or dev-deps'}
{'statusCode': 0, 'package': '@0xsequence/abi_0.23.0', 'message': 'no deps or dev-deps'}
{'statusCode': 0, 'package': '@0xsequence/abi_0.25.0', 'message': 'no deps or dev-deps'}
{'statusCode': 0, 'package': '@0xsequence/abi_0.25.1', 'message': 'no deps or dev-deps'}
{'statusCode': 0, 'package': '@0xsequence/abi_0.27.0', 'message': 'no deps or dev-deps'}
{'statusCode': 0, 'package': '@0xsequence/abi_0.28.0', 'message': 'no deps or dev-deps'}
{'statusCode': 0, 'package': '@0xsequence/abi_0.0.0-202182516517', 'message': 'no deps or dev-deps'}
{'statusCode': 0, 'package': '@0xsequence/abi_0.0.0-202182517435', 'message': 'no deps or dev-deps'}
{'statusCode': 0, 'package': '@0xsequence/abi_0.0.0-2021827201516', 'message': 'no deps or dev-deps'}
{'statusCode': 0, 'package': '@0xsequence/abi_0.29.0', 'message': 'no deps or dev-deps'}
{'statusCode': 0, 'package': '@0xsequence/abi_0.29.8', 'message': 'no deps or dev-deps'}
{'statusCode': 0, 'package': '@0xsequence/abi_0.30.0', 'message': 'no deps or dev-deps'}
{'statusCode': 0, 'package': '@0xsequence/abi_0.31.0', 'message': 'no deps or dev-deps'}
{'statusCode': 0, 'package': '@0xsequence/abi_0.34.0', 'message': 'no deps or dev-deps'}
{'statusCode': 0, 'package': '@0xsequence/abi_0.35.0', 'message': 'no deps or dev-deps'}
{'statusCode': 0, 'package': '@0xsequence/abi_0.35.1', 'message': 'no deps or dev-deps'}
{'statusCode': 0, 'package': '@0xsequence/abi_0.35.2', 'message': 'no deps or dev-deps'}
{'statusCode': 0, 'package': '@0xsequence/abi_0.35.3', 'message': 'no deps or dev-deps'}
{'statusCode': 0, 'package': '@0xsequence/abi_0.35.4', 'message': 'no deps or dev-deps'}
{'statusCode': 0, 'package': '@0xsequence/abi_0.35.5', 'message': 'no deps or dev-deps'}
{'statusCode': 0, 'package': '@0xsequence/abi_0.35.6', 'message': 'no deps or dev-deps'}
{'statusCode': 0, 'package': '@0xsequence/abi_0.35.7', 'message': 'no deps or dev-deps'}
{'statusCode': 0, 'package': '@0xsequence/abi_0.35.8', 'message': 'no deps or dev-deps'}
{'statusCode': 0, 'package': '@0xsequence/abi_0.35.9', 'message': 'no deps or dev-deps'}
{'statusCode': 0, 'package': '@0xsequence/abi_0.35.10', 'message': 'no deps or dev-deps'}
{'statusCode': 0, 'package': '@0xsequence/abi_0.35.11', 'message': 'no deps or dev-deps'}
{'statusCode': 0, 'package': '@0xsequence/abi_0.35.12', 'message': 'no deps or dev-deps'}
{'statusCode': 0, 'package': '@0xsequence/abi_0.36.0', 'message': 'no deps or dev-deps'}
{'statusCode': 0, 'package': '@0xsequence/abi_0.36.1', 'message': 'no deps or dev-deps'}
{'statusCode': 0, 'package': '@0xsequence/abi_0.36.2', 'message': 'no deps or dev-deps'}
{'statusCode': 0, 'package': '@0xsequence/abi_0.36.3', 'message': 'no deps or dev-deps'}
{'statusCode': 0, 'package': '@0xsequence/abi_0.36.4', 'message': 'no deps or dev-deps'}
{'statusCode': 0, 'package': '@0xsequence/abi_0.36.5', 'message': 'no deps or dev-deps'}
{'statusCode': 0, 'package': '@0xsequence/abi_0.36.6', 'message': 'no deps or dev-deps'}
{'statusCode': 0, 'package': '@0xsequence/abi_0.36.7', 'message': 'no deps or dev-deps'}
{'statusCode': 0, 'package': '@0xsequence/abi_0.36.8', 'message': 'no deps or dev-deps'}
{'statusCode': 0, 'package': '@0xsequence/abi_0.36.9', 'message': 'no deps or dev-deps'}
{'statusCode': 0, 'package': '@0xsequence/abi_0.36.10', 'message': 'no deps or dev-deps'}
{'statusCode': 0, 'package': '@0xsequence/abi_0.0.0-20220418165517', 'message': 'no deps or dev-deps'}
{'statusCode': 0, 'package': '@0xsequence/abi_0.36.11', 'message': 'no deps or dev-deps'}
{'statusCode': 0, 'package': '@0xsequence/abi_0.0.0-20220425195445', 'message': 'no deps or dev-deps'}
{'statusCode': 0, 'package': '@0xsequence/abi_0.36.12', 'message': 'no deps or dev-deps'}
{'statusCode': 0, 'package': '@0xsequence/abi_0.0.0-20220427054350', 'message': 'no deps or dev-deps'}
{'statusCode': 0, 'package': '@0xsequence/abi_0.0.0-20220427055332', 'message': 'no deps or dev-deps'}
{'statusCode': 0, 'package': '@0xsequence/abi_0.0.0-20220427161307', 'message': 'no deps or dev-deps'}
{'statusCode': 0, 'package': '@0xsequence/abi_0.0.0-20220427162812', 'message': 'no deps or dev-deps'}
{'statusCode': 0, 'package': '@0xsequence/abi_0.36.13', 'message': 'no deps or dev-deps'}
{'statusCode': 0, 'package': '@0xsequence/abi_0.37.0', 'message': 'no deps or dev-deps'}
{'statusCode': 0, 'package': '@0xsequence/abi_0.37.1', 'message': 'no deps or dev-deps'}
{'statusCode': 0, 'package': '@0xsequence/abi_0.0.0-20220506174803', 'message': 'no deps or dev-deps'}
{'statusCode': 0, 'package': '@0xsequence/abi_0.0.0-20220506195001', 'message': 'no deps or dev-deps'}
{'statusCode': 0, 'package': '@0xsequence/abi_0.0.0-20220513134147', 'message': 'no deps or dev-deps'}
{'statusCode': 0, 'package': '@0xsequence/abi_0.38.0', 'message': 'no deps or dev-deps'}
{'statusCode': 0, 'package': '@0xsequence/abi_0.38.1', 'message': 'no deps or dev-deps'}
{'statusCode': 0, 'package': '@0xsequence/abi_0.38.2', 'message': 'no deps or dev-deps'}
{'statusCode': 0, 'package': '@0xsequence/abi_0.39.0', 'message': 'no deps or dev-deps'}
{'statusCode': 0, 'package': '@0xsequence/abi_0.0.0-20220519151110', 'message': 'no deps or dev-deps'}
{'statusCode': 0, 'package': '@0xsequence/abi_0.0.0-20220519202656', 'message': 'no deps or dev-deps'}
{'statusCode': 0, 'package': '@0xsequence/abi_0.0.0-20220601185217', 'message': 'no deps or dev-deps'}
{'statusCode': 0, 'package': '@0xsequence/abi_0.39.1', 'message': 'no deps or dev-deps'}
{'statusCode': 0, 'package': '@0xsequence/abi_0.39.2', 'message': 'no deps or dev-deps'}
{'statusCode': 0, 'package': '@0xsequence/abi_0.0.0-20220609204505', 'message': 'no deps or dev-deps'}
{'statusCode': 0, 'package': '@0xsequence/abi_0.0.0-20220610134843', 'message': 'no deps or dev-deps'}
{'statusCode': 0, 'package': '@0xsequence/abi_0.39.3', 'message': 'no deps or dev-deps'}
{'statusCode': 0, 'package': '@0xsequence/abi_0.0.0-20220614152529', 'message': 'no deps or dev-deps'}
{'statusCode': 0, 'package': '@0xsequence/abi_0.0.0-20220616121217', 'message': 'no deps or dev-deps'}
{'statusCode': 0, 'package': '@0xsequence/abi_0.39.4', 'message': 'no deps or dev-deps'}
{'statusCode': 0, 'package': '@0xsequence/abi_0.39.5', 'message': 'no deps or dev-deps'}
{'statusCode': 0, 'package': '@0xsequence/abi_0.39.6', 'message': 'no deps or dev-deps'}
{'statusCode': 0, 'package': '@0xsequence/abi_0.0.0-26b08ee9-20220629135033', 'message': 'no deps or dev-deps'}
{'statusCode': 0, 'package': '@0xsequence/abi_0.0.0-cdbb3137-20220630190630', 'message': 'no deps or dev-deps'}
{'statusCode': 0, 'package': '@0xsequence/abi_0.0.0-cdbb3137-20220630191603', 'message': 'no deps or dev-deps'}
{'statusCode': 0, 'package': '@0xsequence/abi_0.0.0-cdbb3137-20220630192830', 'message': 'no deps or dev-deps'}
{'statusCode': 0, 'package': '@0xsequence/abi_0.0.0-20220630194654', 'message': 'no deps or dev-deps'}
{'statusCode': 0, 'package': '@0xsequence/abi_0.0.0-20220630211555', 'message': 'no deps or dev-deps'}
{'statusCode': 0, 'package': '@0xsequence/abi_0.0.0-20220630215108', 'message': 'no deps or dev-deps'}
{'statusCode': 0, 'package': '@0xsequence/abi_0.0.0-20220703182449', 'message': 'no deps or dev-deps'}
{'statusCode': 0, 'package': '@0xsequence/abi_0.0.0-20220704043930', 'message': 'no deps or dev-deps'}
{'statusCode': 0, 'package': '@0xsequence/abi_0.0.0-20220706193010', 'message': 'no deps or dev-deps'}
{'statusCode': 0, 'package': '@0xsequence/abi_0.0.0-20220710174545', 'message': 'no deps or dev-deps'}
{'statusCode': 0, 'package': '@0xsequence/abi_0.0.0-coolcats-0.36.12-20220711222640', 'message': 'no deps or dev-deps'}
{'statusCode': 0, 'package': '@0xsequence/abi_0.40.0', 'message': 'no deps or dev-deps'}
{'statusCode': 0, 'package': '@0xsequence/abi_0.40.1', 'message': 'no deps or dev-deps'}
{'statusCode': 0, 'package': '@0xsequence/abi_0.0.0-20220713211319', 'message': 'no deps or dev-deps'}
{'statusCode': 0, 'package': '@0xsequence/abi_0.0.0-20220714164224', 'message': 'no deps or dev-deps'}
{'statusCode': 0, 'package': '@0xsequence/abi_0.40.2', 'message': 'no deps or dev-deps'}
{'statusCode': 0, 'package': '@0xsequence/abi_0.0.0-20220719173737', 'message': 'no deps or dev-deps'}
{'statusCode': 0, 'package': '@0xsequence/abi_0.0.0-20220722145329', 'message': 'no deps or dev-deps'}
{'statusCode': 0, 'package': '@0xsequence/abi_0.0.0-20220725200200', 'message': 'no deps or dev-deps'}
{'statusCode': 0, 'package': '@0xsequence/abi_0.40.3', 'message': 'no deps or dev-deps'}
{'statusCode': 0, 'package': '@0xsequence/abi_0.0.0-20220728141414', 'message': 'no deps or dev-deps'}
{'statusCode': 0, 'package': '@0xsequence/abi_0.40.4', 'message': 'no deps or dev-deps'}
{'statusCode': 0, 'package': '@0xsequence/abi_0.0.0-20220728215555', 'message': 'no deps or dev-deps'}
{'statusCode': 0, 'package': '@0xsequence/abi_0.40.5', 'message': 'no deps or dev-deps'}
{'statusCode': 0, 'package': '@0xsequence/abi_0.0.0-20220804202525', 'message': 'no deps or dev-deps'}
{'statusCode': 0, 'package': '@0xsequence/abi_0.40.6', 'message': 'no deps or dev-deps'}
{'statusCode': 0, 'package': '@0xsequence/abi_0.0.0-20220825181818', 'message': 'no deps or dev-deps'}
{'statusCode': 0, 'package': '@0xsequence/abi_0.0.0-20220825190100', 'message': 'no deps or dev-deps'}
{'statusCode': 0, 'package': '@0xsequence/abi_0.41.0', 'message': 'no deps or dev-deps'}
{'statusCode': 0, 'package': '@0xsequence/abi_0.41.1', 'message': 'no deps or dev-deps'}
{'statusCode': 0, 'package': '@0xsequence/abi_0.41.2', 'message': 'no deps or dev-deps'}
{'statusCode': 0, 'package': '@0xsequence/abi_0.41.3', 'message': 'no deps or dev-deps'}
{'statusCode': 0, 'package': '@0xsequence/abi_0.42.0', 'message': 'no deps or dev-deps'}
{'statusCode': 0, 'package': '@0xsequence/abi_0.42.1', 'message': 'no deps or dev-deps'}
{'statusCode': 0, 'package': '@0xsequence/abi_0.42.2', 'message': 'no deps or dev-deps'}
{'statusCode': 0, 'package': '@0xsequence/abi_0.42.3', 'message': 'no deps or dev-deps'}
{'statusCode': 0, 'package': '@0xsequence/abi_0.42.4', 'message': 'no deps or dev-deps'}
{'statusCode': 0, 'package': '@0xsequence/abi_0.42.5', 'message': 'no deps or dev-deps'}
{'statusCode': 0, 'package': '@0xsequence/abi_0.42.6', 'message': 'no deps or dev-deps'}
{'statusCode': 0, 'package': '@0xsequence/abi_0.42.7', 'message': 'no deps or dev-deps'}
{'statusCode': 0, 'package': '@0xsequence/abi_0.42.8', 'message': 'no deps or dev-deps'}
{'statusCode': 0, 'package': '@0xsequence/abi_0.42.9', 'message': 'no deps or dev-deps'}
{'statusCode': 0, 'package': '@0xsequence/abi_0.42.10', 'message': 'no deps or dev-deps'}
{'statusCode': 0, 'package': '@0xsequence/abi_0.43.0', 'message': 'no deps or dev-deps'}
{'statusCode': 0, 'package': '@0xsequence/abi_0.43.1', 'message': 'no deps or dev-deps'}
{'statusCode': 0, 'package': '@0xsequence/abi_0.43.2', 'message': 'no deps or dev-deps'}
{'statusCode': 0, 'package': '@0xsequence/abi_0.43.3', 'message': 'no deps or dev-deps'}
{'statusCode': 0, 'package': '@0xsequence/abi_0.0.0-20221124173317', 'message': 'no deps or dev-deps'}
{'statusCode': 0, 'package': '@0xsequence/abi_0.43.4', 'message': 'no deps or dev-deps'}
{'statusCode': 0, 'package': '@0xsequence/abi_0.43.5', 'message': 'no deps or dev-deps'}
{'statusCode': 0, 'package': '@0xsequence/abi_0.43.6', 'message': 'no deps or dev-deps'}
{'statusCode': 0, 'package': '@0xsequence/abi_0.43.7', 'message': 'no deps or dev-deps'}
{'statusCode': 0, 'package': '@0xsequence/abi_0.7.0', 'message': 'no deps or dev-deps'}
{'statusCode': 0, 'package': '@0xsequence/abi_0.8.0', 'message': 'no deps or dev-deps'}
{'statusCode': 0, 'package': '@0xsequence/abi_0.8.1', 'message': 'no deps or dev-deps'}
{'statusCode': 0, 'package': '@0xsequence/abi_0.8.2', 'message': 'no deps or dev-deps'}
{'statusCode': 0, 'package': '@0xsequence/abi_0.8.3', 'message': 'no deps or dev-deps'}
{'statusCode': 0, 'package': '@0xsequence/abi_0.8.4', 'message': 'no deps or dev-deps'}
{'statusCode': 0, 'package': '@0xsequence/abi_0.8.5', 'message': 'no deps or dev-deps'}
{'statusCode': 0, 'package': '@0xsequence/abi_0.9.1', 'message': 'no deps or dev-deps'}
{'statusCode': 0, 'package': '@0xsequence/abi_0.9.3', 'message': 'no deps or dev-deps'}
{'statusCode': 0, 'package': '@0xsequence/abi_0.9.6', 'message': 'no deps or dev-deps'}
{'statusCode': 0, 'package': '@0xsequence/abi_0.10.0', 'message': 'no deps or dev-deps'}
{'statusCode': 0, 'package': '@0xsequence/abi_0.10.1', 'message': 'no deps or dev-deps'}
{'statusCode': 0, 'package': '@0xsequence/abi_0.10.2', 'message': 'no deps or dev-deps'}
{'statusCode': 0, 'package': '@0xsequence/abi_0.10.3', 'message': 'no deps or dev-deps'}
{'statusCode': 0, 'package': '@0xsequence/abi_0.10.4', 'message': 'no deps or dev-deps'}
{'statusCode': 0, 'package': '@0xsequence/abi_0.10.5', 'message': 'no deps or dev-deps'}
{'statusCode': 0, 'package': '@0xsequence/abi_0.10.6', 'message': 'no deps or dev-deps'}
{'statusCode': 0, 'package': '@0xsequence/abi_0.10.7', 'message': 'no deps or dev-deps'}
{'statusCode': 0, 'package': '@0xsequence/abi_0.10.8', 'message': 'no deps or dev-deps'}
{'statusCode': 0, 'package': '@0xsequence/abi_0.10.9', 'message': 'no deps or dev-deps'}
{'statusCode': 0, 'package': '@0xsequence/abi_0.11.0', 'message': 'no deps or dev-deps'}
{'statusCode': 0, 'package': '@0xsequence/abi_0.11.1', 'message': 'no deps or dev-deps'}
{'statusCode': 0, 'package': '@0xsequence/abi_0.11.2', 'message': 'no deps or dev-deps'}
{'statusCode': 0, 'package': '@0xsequence/abi_0.11.3', 'message': 'no deps or dev-deps'}
{'statusCode': 0, 'package': '@0xsequence/abi_0.11.4', 'message': 'no deps or dev-deps'}
{'statusCode': 0, 'package': '@0xsequence/abi_0.12.0', 'message': 'no deps or dev-deps'}
{'statusCode': 0, 'package': '@0xsequence/abi_0.12.1', 'message': 'no deps or dev-deps'}
{'statusCode': 0, 'package': '@0xsequence/abi_0.13.0', 'message': 'no deps or dev-deps'}
{'statusCode': 0, 'package': '@0xsequence/abi_0.14.0', 'message': 'no deps or dev-deps'}
{'statusCode': 0, 'package': '@0xsequence/abi_0.14.3', 'message': 'no deps or dev-deps'}
{'statusCode': 0, 'package': '@0xsequence/abi_0.15.1', 'message': 'no deps or dev-deps'}
{'statusCode': 0, 'package': '@0xsequence/abi_0.16.0', 'message': 'no deps or dev-deps'}
{'statusCode': 0, 'package': '@0xsequence/abi_0.18.0', 'message': 'no deps or dev-deps'}
{'statusCode': 0, 'package': '@0xsequence/abi_0.19.0', 'message': 'no deps or dev-deps'}
{'statusCode': 0, 'package': '@0xsequence/abi_0.19.2', 'message': 'no deps or dev-deps'}
{'statusCode': 0, 'package': '@0xsequence/abi_0.19.3', 'message': 'no deps or dev-deps'}
{'statusCode': 0, 'package': '@0xsequence/abi_0.21.0', 'message': 'no deps or dev-deps'}
{'statusCode': 0, 'package': '@0xsequence/abi_0.21.2', 'message': 'no deps or dev-deps'}
{'statusCode': 0, 'package': '@0xsequence/abi_0.21.3', 'message': 'no deps or dev-deps'}
{'statusCode': 0, 'package': '@0xsequence/abi_0.21.4', 'message': 'no deps or dev-deps'}
{'statusCode': 0, 'package': '@0xsequence/abi_0.21.5', 'message': 'no deps or dev-deps'}
{'statusCode': 0, 'package': '@0xsequence/abi_0.22.0', 'message': 'no deps or dev-deps'}
{'statusCode': 0, 'package': '@0xsequence/abi_0.22.1', 'message': 'no deps or dev-deps'}
{'statusCode': 0, 'package': '@0xsequence/abi_0.22.2', 'message': 'no deps or dev-deps'}
{'statusCode': 0, 'package': '@0xsequence/abi_0.23.0', 'message': 'no deps or dev-deps'}
{'statusCode': 0, 'package': '@0xsequence/abi_0.25.0', 'message': 'no deps or dev-deps'}
{'statusCode': 0, 'package': '@0xsequence/abi_0.25.1', 'message': 'no deps or dev-deps'}
{'statusCode': 0, 'package': '@0xsequence/abi_0.27.0', 'message': 'no deps or dev-deps'}
{'statusCode': 0, 'package': '@0xsequence/abi_0.28.0', 'message': 'no deps or dev-deps'}
{'statusCode': 0, 'package': '@0xsequence/abi_0.0.0-202182516517', 'message': 'no deps or dev-deps'}
{'statusCode': 0, 'package': '@0xsequence/abi_0.0.0-202182517435', 'message': 'no deps or dev-deps'}
{'statusCode': 0, 'package': '@0xsequence/abi_0.0.0-2021827201516', 'message': 'no deps or dev-deps'}
{'statusCode': 0, 'package': '@0xsequence/abi_0.29.0', 'message': 'no deps or dev-deps'}
{'statusCode': 0, 'package': '@0xsequence/abi_0.29.8', 'message': 'no deps or dev-deps'}
{'statusCode': 0, 'package': '@0xsequence/abi_0.30.0', 'message': 'no deps or dev-deps'}
{'statusCode': 0, 'package': '@0xsequence/abi_0.31.0', 'message': 'no deps or dev-deps'}
{'statusCode': 0, 'package': '@0xsequence/abi_0.34.0', 'message': 'no deps or dev-deps'}
{'statusCode': 0, 'package': '@0xsequence/abi_0.35.0', 'message': 'no deps or dev-deps'}
{'statusCode': 0, 'package': '@0xsequence/abi_0.35.1', 'message': 'no deps or dev-deps'}
{'statusCode': 0, 'package': '@0xsequence/abi_0.35.2', 'message': 'no deps or dev-deps'}
{'statusCode': 0, 'package': '@0xsequence/abi_0.35.3', 'message': 'no deps or dev-deps'}
{'statusCode': 0, 'package': '@0xsequence/abi_0.35.4', 'message': 'no deps or dev-deps'}
{'statusCode': 0, 'package': '@0xsequence/abi_0.35.5', 'message': 'no deps or dev-deps'}
{'statusCode': 0, 'package': '@0xsequence/abi_0.35.6', 'message': 'no deps or dev-deps'}
{'statusCode': 0, 'package': '@0xsequence/abi_0.35.7', 'message': 'no deps or dev-deps'}
{'statusCode': 0, 'package': '@0xsequence/abi_0.35.8', 'message': 'no deps or dev-deps'}
{'statusCode': 0, 'package': '@0xsequence/abi_0.35.9', 'message': 'no deps or dev-deps'}
{'statusCode': 0, 'package': '@0xsequence/abi_0.35.10', 'message': 'no deps or dev-deps'}
{'statusCode': 0, 'package': '@0xsequence/abi_0.35.11', 'message': 'no deps or dev-deps'}
{'statusCode': 0, 'package': '@0xsequence/abi_0.35.12', 'message': 'no deps or dev-deps'}
{'statusCode': 0, 'package': '@0xsequence/abi_0.36.0', 'message': 'no deps or dev-deps'}
{'statusCode': 0, 'package': '@0xsequence/abi_0.36.1', 'message': 'no deps or dev-deps'}
{'statusCode': 0, 'package': '@0xsequence/abi_0.36.2', 'message': 'no deps or dev-deps'}
{'statusCode': 0, 'package': '@0xsequence/abi_0.36.3', 'message': 'no deps or dev-deps'}
{'statusCode': 0, 'package': '@0xsequence/abi_0.36.4', 'message': 'no deps or dev-deps'}
{'statusCode': 0, 'package': '@0xsequence/abi_0.36.5', 'message': 'no deps or dev-deps'}
{'statusCode': 0, 'package': '@0xsequence/abi_0.36.6', 'message': 'no deps or dev-deps'}
{'statusCode': 0, 'package': '@0xsequence/abi_0.36.7', 'message': 'no deps or dev-deps'}
{'statusCode': 0, 'package': '@0xsequence/abi_0.36.8', 'message': 'no deps or dev-deps'}
{'statusCode': 0, 'package': '@0xsequence/abi_0.36.9', 'message': 'no deps or dev-deps'}
{'statusCode': 0, 'package': '@0xsequence/abi_0.36.10', 'message': 'no deps or dev-deps'}
{'statusCode': 0, 'package': '@0xsequence/abi_0.0.0-20220418165517', 'message': 'no deps or dev-deps'}
{'statusCode': 0, 'package': '@0xsequence/abi_0.36.11', 'message': 'no deps or dev-deps'}
{'statusCode': 0, 'package': '@0xsequence/abi_0.0.0-20220425195445', 'message': 'no deps or dev-deps'}
{'statusCode': 0, 'package': '@0xsequence/abi_0.36.12', 'message': 'no deps or dev-deps'}
{'statusCode': 0, 'package': '@0xsequence/abi_0.0.0-20220427054350', 'message': 'no deps or dev-deps'}
{'statusCode': 0, 'package': '@0xsequence/abi_0.0.0-20220427055332', 'message': 'no deps or dev-deps'}
{'statusCode': 0, 'package': '@0xsequence/abi_0.0.0-20220427161307', 'message': 'no deps or dev-deps'}
{'statusCode': 0, 'package': '@0xsequence/abi_0.0.0-20220427162812', 'message': 'no deps or dev-deps'}
{'statusCode': 0, 'package': '@0xsequence/abi_0.36.13', 'message': 'no deps or dev-deps'}
{'statusCode': 0, 'package': '@0xsequence/abi_0.37.0', 'message': 'no deps or dev-deps'}
{'statusCode': 0, 'package': '@0xsequence/abi_0.37.1', 'message': 'no deps or dev-deps'}
{'statusCode': 0, 'package': '@0xsequence/abi_0.0.0-20220506174803', 'message': 'no deps or dev-deps'}
{'statusCode': 0, 'package': '@0xsequence/abi_0.0.0-20220506195001', 'message': 'no deps or dev-deps'}
{'statusCode': 0, 'package': '@0xsequence/abi_0.0.0-20220513134147', 'message': 'no deps or dev-deps'}
{'statusCode': 0, 'package': '@0xsequence/abi_0.38.0', 'message': 'no deps or dev-deps'}
{'statusCode': 0, 'package': '@0xsequence/abi_0.38.1', 'message': 'no deps or dev-deps'}
{'statusCode': 0, 'package': '@0xsequence/abi_0.38.2', 'message': 'no deps or dev-deps'}
{'statusCode': 0, 'package': '@0xsequence/abi_0.39.0', 'message': 'no deps or dev-deps'}
{'statusCode': 0, 'package': '@0xsequence/abi_0.0.0-20220519151110', 'message': 'no deps or dev-deps'}
{'statusCode': 0, 'package': '@0xsequence/abi_0.0.0-20220519202656', 'message': 'no deps or dev-deps'}
{'statusCode': 0, 'package': '@0xsequence/abi_0.0.0-20220601185217', 'message': 'no deps or dev-deps'}
{'statusCode': 0, 'package': '@0xsequence/abi_0.39.1', 'message': 'no deps or dev-deps'}
{'statusCode': 0, 'package': '@0xsequence/abi_0.39.2', 'message': 'no deps or dev-deps'}
{'statusCode': 0, 'package': '@0xsequence/abi_0.0.0-20220609204505', 'message': 'no deps or dev-deps'}
{'statusCode': 0, 'package': '@0xsequence/abi_0.0.0-20220610134843', 'message': 'no deps or dev-deps'}
{'statusCode': 0, 'package': '@0xsequence/abi_0.39.3', 'message': 'no deps or dev-deps'}
{'statusCode': 0, 'package': '@0xsequence/abi_0.0.0-20220614152529', 'message': 'no deps or dev-deps'}
{'statusCode': 0, 'package': '@0xsequence/abi_0.0.0-20220616121217', 'message': 'no deps or dev-deps'}
{'statusCode': 0, 'package': '@0xsequence/abi_0.39.4', 'message': 'no deps or dev-deps'}
{'statusCode': 0, 'package': '@0xsequence/abi_0.39.5', 'message': 'no deps or dev-deps'}
{'statusCode': 0, 'package': '@0xsequence/abi_0.39.6', 'message': 'no deps or dev-deps'}
{'statusCode': 0, 'package': '@0xsequence/abi_0.0.0-26b08ee9-20220629135033', 'message': 'no deps or dev-deps'}
{'statusCode': 0, 'package': '@0xsequence/abi_0.0.0-cdbb3137-20220630190630', 'message': 'no deps or dev-deps'}
{'statusCode': 0, 'package': '@0xsequence/abi_0.0.0-cdbb3137-20220630191603', 'message': 'no deps or dev-deps'}
{'statusCode': 0, 'package': '@0xsequence/abi_0.0.0-cdbb3137-20220630192830', 'message': 'no deps or dev-deps'}
{'statusCode': 0, 'package': '@0xsequence/abi_0.0.0-20220630194654', 'message': 'no deps or dev-deps'}
{'statusCode': 0, 'package': '@0xsequence/abi_0.0.0-20220630211555', 'message': 'no deps or dev-deps'}
{'statusCode': 0, 'package': '@0xsequence/abi_0.0.0-20220630215108', 'message': 'no deps or dev-deps'}
{'statusCode': 0, 'package': '@0xsequence/abi_0.0.0-20220703182449', 'message': 'no deps or dev-deps'}
{'statusCode': 0, 'package': '@0xsequence/abi_0.0.0-20220704043930', 'message': 'no deps or dev-deps'}
{'statusCode': 0, 'package': '@0xsequence/abi_0.0.0-20220706193010', 'message': 'no deps or dev-deps'}
{'statusCode': 0, 'package': '@0xsequence/abi_0.0.0-20220710174545', 'message': 'no deps or dev-deps'}
{'statusCode': 0, 'package': '@0xsequence/abi_0.0.0-coolcats-0.36.12-20220711222640', 'message': 'no deps or dev-deps'}
{'statusCode': 0, 'package': '@0xsequence/abi_0.40.0', 'message': 'no deps or dev-deps'}
{'statusCode': 0, 'package': '@0xsequence/abi_0.40.1', 'message': 'no deps or dev-deps'}
{'statusCode': 0, 'package': '@0xsequence/abi_0.0.0-20220713211319', 'message': 'no deps or dev-deps'}
{'statusCode': 0, 'package': '@0xsequence/abi_0.0.0-20220714164224', 'message': 'no deps or dev-deps'}
{'statusCode': 0, 'package': '@0xsequence/abi_0.40.2', 'message': 'no deps or dev-deps'}
{'statusCode': 0, 'package': '@0xsequence/abi_0.0.0-20220719173737', 'message': 'no deps or dev-deps'}
{'statusCode': 0, 'package': '@0xsequence/abi_0.0.0-20220722145329', 'message': 'no deps or dev-deps'}
{'statusCode': 0, 'package': '@0xsequence/abi_0.0.0-20220725200200', 'message': 'no deps or dev-deps'}
{'statusCode': 0, 'package': '@0xsequence/abi_0.40.3', 'message': 'no deps or dev-deps'}
{'statusCode': 0, 'package': '@0xsequence/abi_0.0.0-20220728141414', 'message': 'no deps or dev-deps'}
{'statusCode': 0, 'package': '@0xsequence/abi_0.40.4', 'message': 'no deps or dev-deps'}
{'statusCode': 0, 'package': '@0xsequence/abi_0.0.0-20220728215555', 'message': 'no deps or dev-deps'}
{'statusCode': 0, 'package': '@0xsequence/abi_0.40.5', 'message': 'no deps or dev-deps'}
{'statusCode': 0, 'package': '@0xsequence/abi_0.0.0-20220804202525', 'message': 'no deps or dev-deps'}
{'statusCode': 0, 'package': '@0xsequence/abi_0.40.6', 'message': 'no deps or dev-deps'}
{'statusCode': 0, 'package': '@0xsequence/abi_0.0.0-20220825181818', 'message': 'no deps or dev-deps'}
{'statusCode': 0, 'package': '@0xsequence/abi_0.0.0-20220825190100', 'message': 'no deps or dev-deps'}
{'statusCode': 0, 'package': '@0xsequence/abi_0.41.0', 'message': 'no deps or dev-deps'}
{'statusCode': 0, 'package': '@0xsequence/abi_0.41.1', 'message': 'no deps or dev-deps'}
{'statusCode': 0, 'package': '@0xsequence/abi_0.41.2', 'message': 'no deps or dev-deps'}
{'statusCode': 0, 'package': '@0xsequence/abi_0.41.3', 'message': 'no deps or dev-deps'}
{'statusCode': 0, 'package': '@0xsequence/abi_0.42.0', 'message': 'no deps or dev-deps'}
{'statusCode': 0, 'package': '@0xsequence/abi_0.42.1', 'message': 'no deps or dev-deps'}
{'statusCode': 0, 'package': '@0xsequence/abi_0.42.2', 'message': 'no deps or dev-deps'}
{'statusCode': 0, 'package': '@0xsequence/abi_0.42.3', 'message': 'no deps or dev-deps'}
{'statusCode': 0, 'package': '@0xsequence/abi_0.42.4', 'message': 'no deps or dev-deps'}
{'statusCode': 0, 'package': '@0xsequence/abi_0.42.5', 'message': 'no deps or dev-deps'}
{'statusCode': 0, 'package': '@0xsequence/abi_0.42.6', 'message': 'no deps or dev-deps'}
{'statusCode': 0, 'package': '@0xsequence/abi_0.42.7', 'message': 'no deps or dev-deps'}
{'statusCode': 0, 'package': '@0xsequence/abi_0.42.8', 'message': 'no deps or dev-deps'}
{'statusCode': 0, 'package': '@0xsequence/abi_0.42.9', 'message': 'no deps or dev-deps'}
{'statusCode': 0, 'package': '@0xsequence/abi_0.42.10', 'message': 'no deps or dev-deps'}
{'statusCode': 0, 'package': '@0xsequence/abi_0.43.0', 'message': 'no deps or dev-deps'}
{'statusCode': 0, 'package': '@0xsequence/abi_0.43.1', 'message': 'no deps or dev-deps'}
{'statusCode': 0, 'package': '@0xsequence/abi_0.43.2', 'message': 'no deps or dev-deps'}
{'statusCode': 0, 'package': '@0xsequence/abi_0.43.3', 'message': 'no deps or dev-deps'}
{'statusCode': 0, 'package': '@0xsequence/abi_0.0.0-20221124173317', 'message': 'no deps or dev-deps'}
{'statusCode': 0, 'package': '@0xsequence/abi_0.43.4', 'message': 'no deps or dev-deps'}
{'statusCode': 0, 'package': '@0xsequence/abi_0.43.5', 'message': 'no deps or dev-deps'}
{'statusCode': 0, 'package': '@0xsequence/abi_0.43.6', 'message': 'no deps or dev-deps'}
{'statusCode': 0, 'package': '@0xsequence/abi_0.43.7', 'message': 'no deps or dev-deps'}
{'statusCode': 0, 'package': '@0xsequence/abi_0.7.0', 'message': 'no deps or dev-deps'}
{'statusCode': 0, 'package': '@0xsequence/abi_0.8.0', 'message': 'no deps or dev-deps'}
{'statusCode': 0, 'package': '@0xsequence/abi_0.8.1', 'message': 'no deps or dev-deps'}
{'statusCode': 0, 'package': '@0xsequence/abi_0.8.2', 'message': 'no deps or dev-deps'}
{'statusCode': 0, 'package': '@0xsequence/abi_0.8.3', 'message': 'no deps or dev-deps'}
{'statusCode': 0, 'package': '@0xsequence/abi_0.8.4', 'message': 'no deps or dev-deps'}
{'statusCode': 0, 'package': '@0xsequence/abi_0.8.5', 'message': 'no deps or dev-deps'}
{'statusCode': 0, 'package': '@0xsequence/abi_0.9.1', 'message': 'no deps or dev-deps'}
{'statusCode': 0, 'package': '@0xsequence/abi_0.9.3', 'message': 'no deps or dev-deps'}
{'statusCode': 0, 'package': '@0xsequence/abi_0.9.6', 'message': 'no deps or dev-deps'}
{'statusCode': 0, 'package': '@0xsequence/abi_0.10.0', 'message': 'no deps or dev-deps'}
{'statusCode': 0, 'package': '@0xsequence/abi_0.10.1', 'message': 'no deps or dev-deps'}
{'statusCode': 0, 'package': '@0xsequence/abi_0.10.2', 'message': 'no deps or dev-deps'}
{'statusCode': 0, 'package': '@0xsequence/abi_0.10.3', 'message': 'no deps or dev-deps'}
{'statusCode': 0, 'package': '@0xsequence/abi_0.10.4', 'message': 'no deps or dev-deps'}
{'statusCode': 0, 'package': '@0xsequence/abi_0.10.5', 'message': 'no deps or dev-deps'}
{'statusCode': 0, 'package': '@0xsequence/abi_0.10.6', 'message': 'no deps or dev-deps'}
{'statusCode': 0, 'package': '@0xsequence/abi_0.10.7', 'message': 'no deps or dev-deps'}
{'statusCode': 0, 'package': '@0xsequence/abi_0.10.8', 'message': 'no deps or dev-deps'}
{'statusCode': 0, 'package': '@0xsequence/abi_0.10.9', 'message': 'no deps or dev-deps'}
{'statusCode': 0, 'package': '@0xsequence/abi_0.11.0', 'message': 'no deps or dev-deps'}
{'statusCode': 0, 'package': '@0xsequence/abi_0.11.1', 'message': 'no deps or dev-deps'}
{'statusCode': 0, 'package': '@0xsequence/abi_0.11.2', 'message': 'no deps or dev-deps'}
{'statusCode': 0, 'package': '@0xsequence/abi_0.11.3', 'message': 'no deps or dev-deps'}
{'statusCode': 0, 'package': '@0xsequence/abi_0.11.4', 'message': 'no deps or dev-deps'}
{'statusCode': 0, 'package': '@0xsequence/abi_0.12.0', 'message': 'no deps or dev-deps'}
{'statusCode': 0, 'package': '@0xsequence/abi_0.12.1', 'message': 'no deps or dev-deps'}
{'statusCode': 0, 'package': '@0xsequence/abi_0.13.0', 'message': 'no deps or dev-deps'}
{'statusCode': 0, 'package': '@0xsequence/abi_0.14.0', 'message': 'no deps or dev-deps'}
{'statusCode': 0, 'package': '@0xsequence/abi_0.14.3', 'message': 'no deps or dev-deps'}
{'statusCode': 0, 'package': '@0xsequence/abi_0.15.1', 'message': 'no deps or dev-deps'}
{'statusCode': 0, 'package': '@0xsequence/abi_0.16.0', 'message': 'no deps or dev-deps'}
{'statusCode': 0, 'package': '@0xsequence/abi_0.18.0', 'message': 'no deps or dev-deps'}
{'statusCode': 0, 'package': '@0xsequence/abi_0.19.0', 'message': 'no deps or dev-deps'}
{'statusCode': 0, 'package': '@0xsequence/abi_0.19.2', 'message': 'no deps or dev-deps'}
{'statusCode': 0, 'package': '@0xsequence/abi_0.19.3', 'message': 'no deps or dev-deps'}
{'statusCode': 0, 'package': '@0xsequence/abi_0.21.0', 'message': 'no deps or dev-deps'}
{'statusCode': 0, 'package': '@0xsequence/abi_0.21.2', 'message': 'no deps or dev-deps'}
{'statusCode': 0, 'package': '@0xsequence/abi_0.21.3', 'message': 'no deps or dev-deps'}
{'statusCode': 0, 'package': '@0xsequence/abi_0.21.4', 'message': 'no deps or dev-deps'}
{'statusCode': 0, 'package': '@0xsequence/abi_0.21.5', 'message': 'no deps or dev-deps'}
{'statusCode': 0, 'package': '@0xsequence/abi_0.22.0', 'message': 'no deps or dev-deps'}
{'statusCode': 0, 'package': '@0xsequence/abi_0.22.1', 'message': 'no deps or dev-deps'}
{'statusCode': 0, 'package': '@0xsequence/abi_0.22.2', 'message': 'no deps or dev-deps'}
{'statusCode': 0, 'package': '@0xsequence/abi_0.23.0', 'message': 'no deps or dev-deps'}
{'statusCode': 0, 'package': '@0xsequence/abi_0.25.0', 'message': 'no deps or dev-deps'}
{'statusCode': 0, 'package': '@0xsequence/abi_0.25.1', 'message': 'no deps or dev-deps'}
{'statusCode': 0, 'package': '@0xsequence/abi_0.27.0', 'message': 'no deps or dev-deps'}
{'statusCode': 0, 'package': '@0xsequence/abi_0.28.0', 'message': 'no deps or dev-deps'}
{'statusCode': 0, 'package': '@0xsequence/abi_0.0.0-202182516517', 'message': 'no deps or dev-deps'}
{'statusCode': 0, 'package': '@0xsequence/abi_0.0.0-202182517435', 'message': 'no deps or dev-deps'}
{'statusCode': 0, 'package': '@0xsequence/abi_0.0.0-2021827201516', 'message': 'no deps or dev-deps'}
{'statusCode': 0, 'package': '@0xsequence/abi_0.29.0', 'message': 'no deps or dev-deps'}
{'statusCode': 0, 'package': '@0xsequence/abi_0.29.8', 'message': 'no deps or dev-deps'}
{'statusCode': 0, 'package': '@0xsequence/abi_0.30.0', 'message': 'no deps or dev-deps'}
{'statusCode': 0, 'package': '@0xsequence/abi_0.31.0', 'message': 'no deps or dev-deps'}
{'statusCode': 0, 'package': '@0xsequence/abi_0.34.0', 'message': 'no deps or dev-deps'}
{'statusCode': 0, 'package': '@0xsequence/abi_0.35.0', 'message': 'no deps or dev-deps'}
{'statusCode': 0, 'package': '@0xsequence/abi_0.35.1', 'message': 'no deps or dev-deps'}
{'statusCode': 0, 'package': '@0xsequence/abi_0.35.2', 'message': 'no deps or dev-deps'}
{'statusCode': 0, 'package': '@0xsequence/abi_0.35.3', 'message': 'no deps or dev-deps'}
{'statusCode': 0, 'package': '@0xsequence/abi_0.35.4', 'message': 'no deps or dev-deps'}
{'statusCode': 0, 'package': '@0xsequence/abi_0.35.5', 'message': 'no deps or dev-deps'}
{'statusCode': 0, 'package': '@0xsequence/abi_0.35.6', 'message': 'no deps or dev-deps'}
{'statusCode': 0, 'package': '@0xsequence/abi_0.35.7', 'message': 'no deps or dev-deps'}
{'statusCode': 0, 'package': '@0xsequence/abi_0.35.8', 'message': 'no deps or dev-deps'}
{'statusCode': 0, 'package': '@0xsequence/abi_0.35.9', 'message': 'no deps or dev-deps'}
{'statusCode': 0, 'package': '@0xsequence/abi_0.35.10', 'message': 'no deps or dev-deps'}
{'statusCode': 0, 'package': '@0xsequence/abi_0.35.11', 'message': 'no deps or dev-deps'}
{'statusCode': 0, 'package': '@0xsequence/abi_0.35.12', 'message': 'no deps or dev-deps'}
{'statusCode': 0, 'package': '@0xsequence/abi_0.36.0', 'message': 'no deps or dev-deps'}
{'statusCode': 0, 'package': '@0xsequence/abi_0.36.1', 'message': 'no deps or dev-deps'}
{'statusCode': 0, 'package': '@0xsequence/abi_0.36.2', 'message': 'no deps or dev-deps'}
{'statusCode': 0, 'package': '@0xsequence/abi_0.36.3', 'message': 'no deps or dev-deps'}
{'statusCode': 0, 'package': '@0xsequence/abi_0.36.4', 'message': 'no deps or dev-deps'}
{'statusCode': 0, 'package': '@0xsequence/abi_0.36.5', 'message': 'no deps or dev-deps'}
{'statusCode': 0, 'package': '@0xsequence/abi_0.36.6', 'message': 'no deps or dev-deps'}
{'statusCode': 0, 'package': '@0xsequence/abi_0.36.7', 'message': 'no deps or dev-deps'}
{'statusCode': 0, 'package': '@0xsequence/abi_0.36.8', 'message': 'no deps or dev-deps'}
{'statusCode': 0, 'package': '@0xsequence/abi_0.36.9', 'message': 'no deps or dev-deps'}
{'statusCode': 0, 'package': '@0xsequence/abi_0.36.10', 'message': 'no deps or dev-deps'}
{'statusCode': 0, 'package': '@0xsequence/abi_0.0.0-20220418165517', 'message': 'no deps or dev-deps'}
{'statusCode': 0, 'package': '@0xsequence/abi_0.36.11', 'message': 'no deps or dev-deps'}
{'statusCode': 0, 'package': '@0xsequence/abi_0.0.0-20220425195445', 'message': 'no deps or dev-deps'}
{'statusCode': 0, 'package': '@0xsequence/abi_0.36.12', 'message': 'no deps or dev-deps'}
{'statusCode': 0, 'package': '@0xsequence/abi_0.0.0-20220427054350', 'message': 'no deps or dev-deps'}
{'statusCode': 0, 'package': '@0xsequence/abi_0.0.0-20220427055332', 'message': 'no deps or dev-deps'}
{'statusCode': 0, 'package': '@0xsequence/abi_0.0.0-20220427161307', 'message': 'no deps or dev-deps'}
{'statusCode': 0, 'package': '@0xsequence/abi_0.0.0-20220427162812', 'message': 'no deps or dev-deps'}
{'statusCode': 0, 'package': '@0xsequence/abi_0.36.13', 'message': 'no deps or dev-deps'}
{'statusCode': 0, 'package': '@0xsequence/abi_0.37.0', 'message': 'no deps or dev-deps'}
{'statusCode': 0, 'package': '@0xsequence/abi_0.37.1', 'message': 'no deps or dev-deps'}
{'statusCode': 0, 'package': '@0xsequence/abi_0.0.0-20220506174803', 'message': 'no deps or dev-deps'}
{'statusCode': 0, 'package': '@0xsequence/abi_0.0.0-20220506195001', 'message': 'no deps or dev-deps'}
{'statusCode': 0, 'package': '@0xsequence/abi_0.0.0-20220513134147', 'message': 'no deps or dev-deps'}
{'statusCode': 0, 'package': '@0xsequence/abi_0.38.0', 'message': 'no deps or dev-deps'}
{'statusCode': 0, 'package': '@0xsequence/abi_0.38.1', 'message': 'no deps or dev-deps'}
{'statusCode': 0, 'package': '@0xsequence/abi_0.38.2', 'message': 'no deps or dev-deps'}
{'statusCode': 0, 'package': '@0xsequence/abi_0.39.0', 'message': 'no deps or dev-deps'}
{'statusCode': 0, 'package': '@0xsequence/abi_0.0.0-20220519151110', 'message': 'no deps or dev-deps'}
{'statusCode': 0, 'package': '@0xsequence/abi_0.0.0-20220519202656', 'message': 'no deps or dev-deps'}
{'statusCode': 0, 'package': '@0xsequence/abi_0.0.0-20220601185217', 'message': 'no deps or dev-deps'}
{'statusCode': 0, 'package': '@0xsequence/abi_0.39.1', 'message': 'no deps or dev-deps'}
{'statusCode': 0, 'package': '@0xsequence/abi_0.39.2', 'message': 'no deps or dev-deps'}
{'statusCode': 0, 'package': '@0xsequence/abi_0.0.0-20220609204505', 'message': 'no deps or dev-deps'}
{'statusCode': 0, 'package': '@0xsequence/abi_0.0.0-20220610134843', 'message': 'no deps or dev-deps'}
{'statusCode': 0, 'package': '@0xsequence/abi_0.39.3', 'message': 'no deps or dev-deps'}
{'statusCode': 0, 'package': '@0xsequence/abi_0.0.0-20220614152529', 'message': 'no deps or dev-deps'}
{'statusCode': 0, 'package': '@0xsequence/abi_0.0.0-20220616121217', 'message': 'no deps or dev-deps'}
{'statusCode': 0, 'package': '@0xsequence/abi_0.39.4', 'message': 'no deps or dev-deps'}
{'statusCode': 0, 'package': '@0xsequence/abi_0.39.5', 'message': 'no deps or dev-deps'}
{'statusCode': 0, 'package': '@0xsequence/abi_0.39.6', 'message': 'no deps or dev-deps'}
{'statusCode': 0, 'package': '@0xsequence/abi_0.0.0-26b08ee9-20220629135033', 'message': 'no deps or dev-deps'}
{'statusCode': 0, 'package': '@0xsequence/abi_0.0.0-cdbb3137-20220630190630', 'message': 'no deps or dev-deps'}
{'statusCode': 0, 'package': '@0xsequence/abi_0.0.0-cdbb3137-20220630191603', 'message': 'no deps or dev-deps'}
{'statusCode': 0, 'package': '@0xsequence/abi_0.0.0-cdbb3137-20220630192830', 'message': 'no deps or dev-deps'}
{'statusCode': 0, 'package': '@0xsequence/abi_0.0.0-20220630194654', 'message': 'no deps or dev-deps'}
{'statusCode': 0, 'package': '@0xsequence/abi_0.0.0-20220630211555', 'message': 'no deps or dev-deps'}
{'statusCode': 0, 'package': '@0xsequence/abi_0.0.0-20220630215108', 'message': 'no deps or dev-deps'}
{'statusCode': 0, 'package': '@0xsequence/abi_0.0.0-20220703182449', 'message': 'no deps or dev-deps'}
{'statusCode': 0, 'package': '@0xsequence/abi_0.0.0-20220704043930', 'message': 'no deps or dev-deps'}
{'statusCode': 0, 'package': '@0xsequence/abi_0.0.0-20220706193010', 'message': 'no deps or dev-deps'}
{'statusCode': 0, 'package': '@0xsequence/abi_0.0.0-20220710174545', 'message': 'no deps or dev-deps'}
{'statusCode': 0, 'package': '@0xsequence/abi_0.0.0-coolcats-0.36.12-20220711222640', 'message': 'no deps or dev-deps'}
{'statusCode': 0, 'package': '@0xsequence/abi_0.40.0', 'message': 'no deps or dev-deps'}
{'statusCode': 0, 'package': '@0xsequence/abi_0.40.1', 'message': 'no deps or dev-deps'}
{'statusCode': 0, 'package': '@0xsequence/abi_0.0.0-20220713211319', 'message': 'no deps or dev-deps'}
{'statusCode': 0, 'package': '@0xsequence/abi_0.0.0-20220714164224', 'message': 'no deps or dev-deps'}
{'statusCode': 0, 'package': '@0xsequence/abi_0.40.2', 'message': 'no deps or dev-deps'}
{'statusCode': 0, 'package': '@0xsequence/abi_0.0.0-20220719173737', 'message': 'no deps or dev-deps'}
{'statusCode': 0, 'package': '@0xsequence/abi_0.0.0-20220722145329', 'message': 'no deps or dev-deps'}
{'statusCode': 0, 'package': '@0xsequence/abi_0.0.0-20220725200200', 'message': 'no deps or dev-deps'}
{'statusCode': 0, 'package': '@0xsequence/abi_0.40.3', 'message': 'no deps or dev-deps'}
{'statusCode': 0, 'package': '@0xsequence/abi_0.0.0-20220728141414', 'message': 'no deps or dev-deps'}
{'statusCode': 0, 'package': '@0xsequence/abi_0.40.4', 'message': 'no deps or dev-deps'}
{'statusCode': 0, 'package': '@0xsequence/abi_0.0.0-20220728215555', 'message': 'no deps or dev-deps'}
{'statusCode': 0, 'package': '@0xsequence/abi_0.40.5', 'message': 'no deps or dev-deps'}
{'statusCode': 0, 'package': '@0xsequence/abi_0.0.0-20220804202525', 'message': 'no deps or dev-deps'}
{'statusCode': 0, 'package': '@0xsequence/abi_0.40.6', 'message': 'no deps or dev-deps'}
{'statusCode': 0, 'package': '@0xsequence/abi_0.0.0-20220825181818', 'message': 'no deps or dev-deps'}
{'statusCode': 0, 'package': '@0xsequence/abi_0.0.0-20220825190100', 'message': 'no deps or dev-deps'}
{'statusCode': 0, 'package': '@0xsequence/abi_0.41.0', 'message': 'no deps or dev-deps'}
{'statusCode': 0, 'package': '@0xsequence/abi_0.41.1', 'message': 'no deps or dev-deps'}
{'statusCode': 0, 'package': '@0xsequence/abi_0.41.2', 'message': 'no deps or dev-deps'}
{'statusCode': 0, 'package': '@0xsequence/abi_0.41.3', 'message': 'no deps or dev-deps'}
{'statusCode': 0, 'package': '@0xsequence/abi_0.42.0', 'message': 'no deps or dev-deps'}
{'statusCode': 0, 'package': '@0xsequence/abi_0.42.1', 'message': 'no deps or dev-deps'}
{'statusCode': 0, 'package': '@0xsequence/abi_0.42.2', 'message': 'no deps or dev-deps'}
{'statusCode': 0, 'package': '@0xsequence/abi_0.42.3', 'message': 'no deps or dev-deps'}
{'statusCode': 0, 'package': '@0xsequence/abi_0.42.4', 'message': 'no deps or dev-deps'}
{'statusCode': 0, 'package': '@0xsequence/abi_0.42.5', 'message': 'no deps or dev-deps'}
{'statusCode': 0, 'package': '@0xsequence/abi_0.42.6', 'message': 'no deps or dev-deps'}
{'statusCode': 0, 'package': '@0xsequence/abi_0.42.7', 'message': 'no deps or dev-deps'}
{'statusCode': 0, 'package': '@0xsequence/abi_0.42.8', 'message': 'no deps or dev-deps'}
{'statusCode': 0, 'package': '@0xsequence/abi_0.42.9', 'message': 'no deps or dev-deps'}
{'statusCode': 0, 'package': '@0xsequence/abi_0.42.10', 'message': 'no deps or dev-deps'}
{'statusCode': 0, 'package': '@0xsequence/abi_0.43.0', 'message': 'no deps or dev-deps'}
{'statusCode': 0, 'package': '@0xsequence/abi_0.43.1', 'message': 'no deps or dev-deps'}
{'statusCode': 0, 'package': '@0xsequence/abi_0.43.2', 'message': 'no deps or dev-deps'}
{'statusCode': 0, 'package': '@0xsequence/abi_0.43.3', 'message': 'no deps or dev-deps'}
{'statusCode': 0, 'package': '@0xsequence/abi_0.0.0-20221124173317', 'message': 'no deps or dev-deps'}
{'statusCode': 0, 'package': '@0xsequence/abi_0.43.4', 'message': 'no deps or dev-deps'}
{'statusCode': 0, 'package': '@0xsequence/abi_0.43.5', 'message': 'no deps or dev-deps'}
{'statusCode': 0, 'package': '@0xsequence/abi_0.43.6', 'message': 'no deps or dev-deps'}
{'statusCode': 0, 'package': '@0xsequence/abi_0.43.7', 'message': 'no deps or dev-deps'}
{'statusCode': 0, 'package': '@0xsequence/abi_0.7.0', 'message': 'no deps or dev-deps'}
{'statusCode': 0, 'package': '@0xsequence/abi_0.8.0', 'message': 'no deps or dev-deps'}
{'statusCode': 0, 'package': '@0xsequence/abi_0.8.1', 'message': 'no deps or dev-deps'}
{'statusCode': 0, 'package': '@0xsequence/abi_0.8.2', 'message': 'no deps or dev-deps'}
{'statusCode': 0, 'package': '@0xsequence/abi_0.8.3', 'message': 'no deps or dev-deps'}
{'statusCode': 0, 'package': '@0xsequence/abi_0.8.4', 'message': 'no deps or dev-deps'}
{'statusCode': 0, 'package': '@0xsequence/abi_0.8.5', 'message': 'no deps or dev-deps'}
{'statusCode': 0, 'package': '@0xsequence/abi_0.9.1', 'message': 'no deps or dev-deps'}
{'statusCode': 0, 'package': '@0xsequence/abi_0.9.3', 'message': 'no deps or dev-deps'}
{'statusCode': 0, 'package': '@0xsequence/abi_0.9.6', 'message': 'no deps or dev-deps'}
{'statusCode': 0, 'package': '@0xsequence/abi_0.10.0', 'message': 'no deps or dev-deps'}
{'statusCode': 0, 'package': '@0xsequence/abi_0.10.1', 'message': 'no deps or dev-deps'}
{'statusCode': 0, 'package': '@0xsequence/abi_0.10.2', 'message': 'no deps or dev-deps'}
{'statusCode': 0, 'package': '@0xsequence/abi_0.10.3', 'message': 'no deps or dev-deps'}
{'statusCode': 0, 'package': '@0xsequence/abi_0.10.4', 'message': 'no deps or dev-deps'}
{'statusCode': 0, 'package': '@0xsequence/abi_0.10.5', 'message': 'no deps or dev-deps'}
{'statusCode': 0, 'package': '@0xsequence/abi_0.10.6', 'message': 'no deps or dev-deps'}
{'statusCode': 0, 'package': '@0xsequence/abi_0.10.7', 'message': 'no deps or dev-deps'}
{'statusCode': 0, 'package': '@0xsequence/abi_0.10.8', 'message': 'no deps or dev-deps'}
{'statusCode': 0, 'package': '@0xsequence/abi_0.10.9', 'message': 'no deps or dev-deps'}
{'statusCode': 0, 'package': '@0xsequence/abi_0.11.0', 'message': 'no deps or dev-deps'}
{'statusCode': 0, 'package': '@0xsequence/abi_0.11.1', 'message': 'no deps or dev-deps'}
{'statusCode': 0, 'package': '@0xsequence/abi_0.11.2', 'message': 'no deps or dev-deps'}
{'statusCode': 0, 'package': '@0xsequence/abi_0.11.3', 'message': 'no deps or dev-deps'}
{'statusCode': 0, 'package': '@0xsequence/abi_0.11.4', 'message': 'no deps or dev-deps'}
{'statusCode': 0, 'package': '@0xsequence/abi_0.12.0', 'message': 'no deps or dev-deps'}
{'statusCode': 0, 'package': '@0xsequence/abi_0.12.1', 'message': 'no deps or dev-deps'}
{'statusCode': 0, 'package': '@0xsequence/abi_0.13.0', 'message': 'no deps or dev-deps'}
{'statusCode': 0, 'package': '@0xsequence/abi_0.14.0', 'message': 'no deps or dev-deps'}
{'statusCode': 0, 'package': '@0xsequence/abi_0.14.3', 'message': 'no deps or dev-deps'}
{'statusCode': 0, 'package': '@0xsequence/abi_0.15.1', 'message': 'no deps or dev-deps'}
{'statusCode': 0, 'package': '@0xsequence/abi_0.16.0', 'message': 'no deps or dev-deps'}
{'statusCode': 0, 'package': '@0xsequence/abi_0.18.0', 'message': 'no deps or dev-deps'}
{'statusCode': 0, 'package': '@0xsequence/abi_0.19.0', 'message': 'no deps or dev-deps'}
{'statusCode': 0, 'package': '@0xsequence/abi_0.19.2', 'message': 'no deps or dev-deps'}
{'statusCode': 0, 'package': '@0xsequence/abi_0.19.3', 'message': 'no deps or dev-deps'}
{'statusCode': 0, 'package': '@0xsequence/abi_0.21.0', 'message': 'no deps or dev-deps'}
{'statusCode': 0, 'package': '@0xsequence/abi_0.21.2', 'message': 'no deps or dev-deps'}
{'statusCode': 0, 'package': '@0xsequence/abi_0.21.3', 'message': 'no deps or dev-deps'}
{'statusCode': 0, 'package': '@0xsequence/abi_0.21.4', 'message': 'no deps or dev-deps'}
{'statusCode': 0, 'package': '@0xsequence/abi_0.21.5', 'message': 'no deps or dev-deps'}
{'statusCode': 0, 'package': '@0xsequence/abi_0.22.0', 'message': 'no deps or dev-deps'}
{'statusCode': 0, 'package': '@0xsequence/abi_0.22.1', 'message': 'no deps or dev-deps'}
{'statusCode': 0, 'package': '@0xsequence/abi_0.22.2', 'message': 'no deps or dev-deps'}
{'statusCode': 0, 'package': '@0xsequence/abi_0.23.0', 'message': 'no deps or dev-deps'}
{'statusCode': 0, 'package': '@0xsequence/abi_0.25.0', 'message': 'no deps or dev-deps'}
{'statusCode': 0, 'package': '@0xsequence/abi_0.25.1', 'message': 'no deps or dev-deps'}
{'statusCode': 0, 'package': '@0xsequence/abi_0.27.0', 'message': 'no deps or dev-deps'}
{'statusCode': 0, 'package': '@0xsequence/abi_0.28.0', 'message': 'no deps or dev-deps'}
{'statusCode': 0, 'package': '@0xsequence/abi_0.0.0-202182516517', 'message': 'no deps or dev-deps'}
{'statusCode': 0, 'package': '@0xsequence/abi_0.0.0-202182517435', 'message': 'no deps or dev-deps'}
{'statusCode': 0, 'package': '@0xsequence/abi_0.0.0-2021827201516', 'message': 'no deps or dev-deps'}
{'statusCode': 0, 'package': '@0xsequence/abi_0.29.0', 'message': 'no deps or dev-deps'}
{'statusCode': 0, 'package': '@0xsequence/abi_0.29.8', 'message': 'no deps or dev-deps'}
{'statusCode': 0, 'package': '@0xsequence/abi_0.30.0', 'message': 'no deps or dev-deps'}
{'statusCode': 0, 'package': '@0xsequence/abi_0.31.0', 'message': 'no deps or dev-deps'}
{'statusCode': 0, 'package': '@0xsequence/abi_0.34.0', 'message': 'no deps or dev-deps'}
{'statusCode': 0, 'package': '@0xsequence/abi_0.35.0', 'message': 'no deps or dev-deps'}
{'statusCode': 0, 'package': '@0xsequence/abi_0.35.1', 'message': 'no deps or dev-deps'}
{'statusCode': 0, 'package': '@0xsequence/abi_0.35.2', 'message': 'no deps or dev-deps'}
{'statusCode': 0, 'package': '@0xsequence/abi_0.35.3', 'message': 'no deps or dev-deps'}
{'statusCode': 0, 'package': '@0xsequence/abi_0.35.4', 'message': 'no deps or dev-deps'}
{'statusCode': 0, 'package': '@0xsequence/abi_0.35.5', 'message': 'no deps or dev-deps'}
{'statusCode': 0, 'package': '@0xsequence/abi_0.35.6', 'message': 'no deps or dev-deps'}
{'statusCode': 0, 'package': '@0xsequence/abi_0.35.7', 'message': 'no deps or dev-deps'}
{'statusCode': 0, 'package': '@0xsequence/abi_0.35.8', 'message': 'no deps or dev-deps'}
{'statusCode': 0, 'package': '@0xsequence/abi_0.35.9', 'message': 'no deps or dev-deps'}
{'statusCode': 0, 'package': '@0xsequence/abi_0.35.10', 'message': 'no deps or dev-deps'}
{'statusCode': 0, 'package': '@0xsequence/abi_0.35.11', 'message': 'no deps or dev-deps'}
{'statusCode': 0, 'package': '@0xsequence/abi_0.35.12', 'message': 'no deps or dev-deps'}
{'statusCode': 0, 'package': '@0xsequence/abi_0.36.0', 'message': 'no deps or dev-deps'}
{'statusCode': 0, 'package': '@0xsequence/abi_0.36.1', 'message': 'no deps or dev-deps'}
{'statusCode': 0, 'package': '@0xsequence/abi_0.36.2', 'message': 'no deps or dev-deps'}
{'statusCode': 0, 'package': '@0xsequence/abi_0.36.3', 'message': 'no deps or dev-deps'}
{'statusCode': 0, 'package': '@0xsequence/abi_0.36.4', 'message': 'no deps or dev-deps'}
{'statusCode': 0, 'package': '@0xsequence/abi_0.36.5', 'message': 'no deps or dev-deps'}
{'statusCode': 0, 'package': '@0xsequence/abi_0.36.6', 'message': 'no deps or dev-deps'}
{'statusCode': 0, 'package': '@0xsequence/abi_0.36.7', 'message': 'no deps or dev-deps'}
{'statusCode': 0, 'package': '@0xsequence/abi_0.36.8', 'message': 'no deps or dev-deps'}
{'statusCode': 0, 'package': '@0xsequence/abi_0.36.9', 'message': 'no deps or dev-deps'}
{'statusCode': 0, 'package': '@0xsequence/abi_0.36.10', 'message': 'no deps or dev-deps'}
{'statusCode': 0, 'package': '@0xsequence/abi_0.0.0-20220418165517', 'message': 'no deps or dev-deps'}
{'statusCode': 0, 'package': '@0xsequence/abi_0.36.11', 'message': 'no deps or dev-deps'}
{'statusCode': 0, 'package': '@0xsequence/abi_0.0.0-20220425195445', 'message': 'no deps or dev-deps'}
{'statusCode': 0, 'package': '@0xsequence/abi_0.36.12', 'message': 'no deps or dev-deps'}
{'statusCode': 0, 'package': '@0xsequence/abi_0.0.0-20220427054350', 'message': 'no deps or dev-deps'}
{'statusCode': 0, 'package': '@0xsequence/abi_0.0.0-20220427055332', 'message': 'no deps or dev-deps'}
{'statusCode': 0, 'package': '@0xsequence/abi_0.0.0-20220427161307', 'message': 'no deps or dev-deps'}
{'statusCode': 0, 'package': '@0xsequence/abi_0.0.0-20220427162812', 'message': 'no deps or dev-deps'}
{'statusCode': 0, 'package': '@0xsequence/abi_0.36.13', 'message': 'no deps or dev-deps'}
{'statusCode': 0, 'package': '@0xsequence/abi_0.37.0', 'message': 'no deps or dev-deps'}
{'statusCode': 0, 'package': '@0xsequence/abi_0.37.1', 'message': 'no deps or dev-deps'}
{'statusCode': 0, 'package': '@0xsequence/abi_0.0.0-20220506174803', 'message': 'no deps or dev-deps'}
{'statusCode': 0, 'package': '@0xsequence/abi_0.0.0-20220506195001', 'message': 'no deps or dev-deps'}
{'statusCode': 0, 'package': '@0xsequence/abi_0.0.0-20220513134147', 'message': 'no deps or dev-deps'}
{'statusCode': 0, 'package': '@0xsequence/abi_0.38.0', 'message': 'no deps or dev-deps'}
{'statusCode': 0, 'package': '@0xsequence/abi_0.38.1', 'message': 'no deps or dev-deps'}
{'statusCode': 0, 'package': '@0xsequence/abi_0.38.2', 'message': 'no deps or dev-deps'}
{'statusCode': 0, 'package': '@0xsequence/abi_0.39.0', 'message': 'no deps or dev-deps'}
{'statusCode': 0, 'package': '@0xsequence/abi_0.0.0-20220519151110', 'message': 'no deps or dev-deps'}
{'statusCode': 0, 'package': '@0xsequence/abi_0.0.0-20220519202656', 'message': 'no deps or dev-deps'}
{'statusCode': 0, 'package': '@0xsequence/abi_0.0.0-20220601185217', 'message': 'no deps or dev-deps'}
{'statusCode': 0, 'package': '@0xsequence/abi_0.39.1', 'message': 'no deps or dev-deps'}
{'statusCode': 0, 'package': '@0xsequence/abi_0.39.2', 'message': 'no deps or dev-deps'}
{'statusCode': 0, 'package': '@0xsequence/abi_0.0.0-20220609204505', 'message': 'no deps or dev-deps'}
{'statusCode': 0, 'package': '@0xsequence/abi_0.0.0-20220610134843', 'message': 'no deps or dev-deps'}
{'statusCode': 0, 'package': '@0xsequence/abi_0.39.3', 'message': 'no deps or dev-deps'}
{'statusCode': 0, 'package': '@0xsequence/abi_0.0.0-20220614152529', 'message': 'no deps or dev-deps'}
{'statusCode': 0, 'package': '@0xsequence/abi_0.0.0-20220616121217', 'message': 'no deps or dev-deps'}
{'statusCode': 0, 'package': '@0xsequence/abi_0.39.4', 'message': 'no deps or dev-deps'}
{'statusCode': 0, 'package': '@0xsequence/abi_0.39.5', 'message': 'no deps or dev-deps'}
{'statusCode': 0, 'package': '@0xsequence/abi_0.39.6', 'message': 'no deps or dev-deps'}
{'statusCode': 0, 'package': '@0xsequence/abi_0.0.0-26b08ee9-20220629135033', 'message': 'no deps or dev-deps'}
{'statusCode': 0, 'package': '@0xsequence/abi_0.0.0-cdbb3137-20220630190630', 'message': 'no deps or dev-deps'}
{'statusCode': 0, 'package': '@0xsequence/abi_0.0.0-cdbb3137-20220630191603', 'message': 'no deps or dev-deps'}
{'statusCode': 0, 'package': '@0xsequence/abi_0.0.0-cdbb3137-20220630192830', 'message': 'no deps or dev-deps'}
{'statusCode': 0, 'package': '@0xsequence/abi_0.0.0-20220630194654', 'message': 'no deps or dev-deps'}
{'statusCode': 0, 'package': '@0xsequence/abi_0.0.0-20220630211555', 'message': 'no deps or dev-deps'}
{'statusCode': 0, 'package': '@0xsequence/abi_0.0.0-20220630215108', 'message': 'no deps or dev-deps'}
{'statusCode': 0, 'package': '@0xsequence/abi_0.0.0-20220703182449', 'message': 'no deps or dev-deps'}
{'statusCode': 0, 'package': '@0xsequence/abi_0.0.0-20220704043930', 'message': 'no deps or dev-deps'}
{'statusCode': 0, 'package': '@0xsequence/abi_0.0.0-20220706193010', 'message': 'no deps or dev-deps'}
{'statusCode': 0, 'package': '@0xsequence/abi_0.0.0-20220710174545', 'message': 'no deps or dev-deps'}
{'statusCode': 0, 'package': '@0xsequence/abi_0.0.0-coolcats-0.36.12-20220711222640', 'message': 'no deps or dev-deps'}
{'statusCode': 0, 'package': '@0xsequence/abi_0.40.0', 'message': 'no deps or dev-deps'}
{'statusCode': 0, 'package': '@0xsequence/abi_0.40.1', 'message': 'no deps or dev-deps'}
{'statusCode': 0, 'package': '@0xsequence/abi_0.0.0-20220713211319', 'message': 'no deps or dev-deps'}
{'statusCode': 0, 'package': '@0xsequence/abi_0.0.0-20220714164224', 'message': 'no deps or dev-deps'}
{'statusCode': 0, 'package': '@0xsequence/abi_0.40.2', 'message': 'no deps or dev-deps'}
{'statusCode': 0, 'package': '@0xsequence/abi_0.0.0-20220719173737', 'message': 'no deps or dev-deps'}
{'statusCode': 0, 'package': '@0xsequence/abi_0.0.0-20220722145329', 'message': 'no deps or dev-deps'}
{'statusCode': 0, 'package': '@0xsequence/abi_0.0.0-20220725200200', 'message': 'no deps or dev-deps'}
{'statusCode': 0, 'package': '@0xsequence/abi_0.40.3', 'message': 'no deps or dev-deps'}
{'statusCode': 0, 'package': '@0xsequence/abi_0.0.0-20220728141414', 'message': 'no deps or dev-deps'}
{'statusCode': 0, 'package': '@0xsequence/abi_0.40.4', 'message': 'no deps or dev-deps'}
{'statusCode': 0, 'package': '@0xsequence/abi_0.0.0-20220728215555', 'message': 'no deps or dev-deps'}
{'statusCode': 0, 'package': '@0xsequence/abi_0.40.5', 'message': 'no deps or dev-deps'}
{'statusCode': 0, 'package': '@0xsequence/abi_0.0.0-20220804202525', 'message': 'no deps or dev-deps'}
{'statusCode': 0, 'package': '@0xsequence/abi_0.40.6', 'message': 'no deps or dev-deps'}
{'statusCode': 0, 'package': '@0xsequence/abi_0.0.0-20220825181818', 'message': 'no deps or dev-deps'}
{'statusCode': 0, 'package': '@0xsequence/abi_0.0.0-20220825190100', 'message': 'no deps or dev-deps'}
{'statusCode': 0, 'package': '@0xsequence/abi_0.41.0', 'message': 'no deps or dev-deps'}
{'statusCode': 0, 'package': '@0xsequence/abi_0.41.1', 'message': 'no deps or dev-deps'}
{'statusCode': 0, 'package': '@0xsequence/abi_0.41.2', 'message': 'no deps or dev-deps'}
{'statusCode': 0, 'package': '@0xsequence/abi_0.41.3', 'message': 'no deps or dev-deps'}
{'statusCode': 0, 'package': '@0xsequence/abi_0.42.0', 'message': 'no deps or dev-deps'}
{'statusCode': 0, 'package': '@0xsequence/abi_0.42.1', 'message': 'no deps or dev-deps'}
{'statusCode': 0, 'package': '@0xsequence/abi_0.42.2', 'message': 'no deps or dev-deps'}
{'statusCode': 0, 'package': '@0xsequence/abi_0.42.3', 'message': 'no deps or dev-deps'}
{'statusCode': 0, 'package': '@0xsequence/abi_0.42.4', 'message': 'no deps or dev-deps'}
{'statusCode': 0, 'package': '@0xsequence/abi_0.42.5', 'message': 'no deps or dev-deps'}
{'statusCode': 0, 'package': '@0xsequence/abi_0.42.6', 'message': 'no deps or dev-deps'}
{'statusCode': 0, 'package': '@0xsequence/abi_0.42.7', 'message': 'no deps or dev-deps'}
{'statusCode': 0, 'package': '@0xsequence/abi_0.42.8', 'message': 'no deps or dev-deps'}
{'statusCode': 0, 'package': '@0xsequence/abi_0.42.9', 'message': 'no deps or dev-deps'}
{'statusCode': 0, 'package': '@0xsequence/abi_0.42.10', 'message': 'no deps or dev-deps'}
{'statusCode': 0, 'package': '@0xsequence/abi_0.43.0', 'message': 'no deps or dev-deps'}
{'statusCode': 0, 'package': '@0xsequence/abi_0.43.1', 'message': 'no deps or dev-deps'}
{'statusCode': 0, 'package': '@0xsequence/abi_0.43.2', 'message': 'no deps or dev-deps'}
{'statusCode': 0, 'package': '@0xsequence/abi_0.43.3', 'message': 'no deps or dev-deps'}
{'statusCode': 0, 'package': '@0xsequence/abi_0.0.0-20221124173317', 'message': 'no deps or dev-deps'}
{'statusCode': 0, 'package': '@0xsequence/abi_0.43.4', 'message': 'no deps or dev-deps'}
{'statusCode': 0, 'package': '@0xsequence/abi_0.43.5', 'message': 'no deps or dev-deps'}
{'statusCode': 0, 'package': '@0xsequence/abi_0.43.6', 'message': 'no deps or dev-deps'}
{'statusCode': 0, 'package': '@0xsequence/abi_0.43.7', 'message': 'no deps or dev-deps'}
{'statusCode': 0, 'package': '@0xsequence/abi_0.7.0', 'message': 'no deps or dev-deps'}
{'statusCode': 0, 'package': '@0xsequence/abi_0.8.0', 'message': 'no deps or dev-deps'}
{'statusCode': 0, 'package': '@0xsequence/abi_0.8.1', 'message': 'no deps or dev-deps'}
{'statusCode': 0, 'package': '@0xsequence/abi_0.8.2', 'message': 'no deps or dev-deps'}
{'statusCode': 0, 'package': '@0xsequence/abi_0.8.3', 'message': 'no deps or dev-deps'}
{'statusCode': 0, 'package': '@0xsequence/abi_0.8.4', 'message': 'no deps or dev-deps'}
{'statusCode': 0, 'package': '@0xsequence/abi_0.8.5', 'message': 'no deps or dev-deps'}
{'statusCode': 0, 'package': '@0xsequence/abi_0.9.1', 'message': 'no deps or dev-deps'}
{'statusCode': 0, 'package': '@0xsequence/abi_0.9.3', 'message': 'no deps or dev-deps'}
{'statusCode': 0, 'package': '@0xsequence/abi_0.9.6', 'message': 'no deps or dev-deps'}
{'statusCode': 0, 'package': '@0xsequence/abi_0.10.0', 'message': 'no deps or dev-deps'}
{'statusCode': 0, 'package': '@0xsequence/abi_0.10.1', 'message': 'no deps or dev-deps'}
{'statusCode': 0, 'package': '@0xsequence/abi_0.10.2', 'message': 'no deps or dev-deps'}
{'statusCode': 0, 'package': '@0xsequence/abi_0.10.3', 'message': 'no deps or dev-deps'}
{'statusCode': 0, 'package': '@0xsequence/abi_0.10.4', 'message': 'no deps or dev-deps'}
{'statusCode': 0, 'package': '@0xsequence/abi_0.10.5', 'message': 'no deps or dev-deps'}
{'statusCode': 0, 'package': '@0xsequence/abi_0.10.6', 'message': 'no deps or dev-deps'}
{'statusCode': 0, 'package': '@0xsequence/abi_0.10.7', 'message': 'no deps or dev-deps'}
{'statusCode': 0, 'package': '@0xsequence/abi_0.10.8', 'message': 'no deps or dev-deps'}
{'statusCode': 0, 'package': '@0xsequence/abi_0.10.9', 'message': 'no deps or dev-deps'}
{'statusCode': 0, 'package': '@0xsequence/abi_0.11.0', 'message': 'no deps or dev-deps'}
{'statusCode': 0, 'package': '@0xsequence/abi_0.11.1', 'message': 'no deps or dev-deps'}
{'statusCode': 0, 'package': '@0xsequence/abi_0.11.2', 'message': 'no deps or dev-deps'}
{'statusCode': 0, 'package': '@0xsequence/abi_0.11.3', 'message': 'no deps or dev-deps'}
{'statusCode': 0, 'package': '@0xsequence/abi_0.11.4', 'message': 'no deps or dev-deps'}
{'statusCode': 0, 'package': '@0xsequence/abi_0.12.0', 'message': 'no deps or dev-deps'}
{'statusCode': 0, 'package': '@0xsequence/abi_0.12.1', 'message': 'no deps or dev-deps'}
{'statusCode': 0, 'package': '@0xsequence/abi_0.13.0', 'message': 'no deps or dev-deps'}
{'statusCode': 0, 'package': '@0xsequence/abi_0.14.0', 'message': 'no deps or dev-deps'}
{'statusCode': 0, 'package': '@0xsequence/abi_0.14.3', 'message': 'no deps or dev-deps'}
{'statusCode': 0, 'package': '@0xsequence/abi_0.15.1', 'message': 'no deps or dev-deps'}
{'statusCode': 0, 'package': '@0xsequence/abi_0.16.0', 'message': 'no deps or dev-deps'}
{'statusCode': 0, 'package': '@0xsequence/abi_0.18.0', 'message': 'no deps or dev-deps'}
{'statusCode': 0, 'package': '@0xsequence/abi_0.19.0', 'message': 'no deps or dev-deps'}
{'statusCode': 0, 'package': '@0xsequence/abi_0.19.2', 'message': 'no deps or dev-deps'}
{'statusCode': 0, 'package': '@0xsequence/abi_0.19.3', 'message': 'no deps or dev-deps'}
{'statusCode': 0, 'package': '@0xsequence/abi_0.21.0', 'message': 'no deps or dev-deps'}
{'statusCode': 0, 'package': '@0xsequence/abi_0.21.2', 'message': 'no deps or dev-deps'}
{'statusCode': 0, 'package': '@0xsequence/abi_0.21.3', 'message': 'no deps or dev-deps'}
{'statusCode': 0, 'package': '@0xsequence/abi_0.21.4', 'message': 'no deps or dev-deps'}
{'statusCode': 0, 'package': '@0xsequence/abi_0.21.5', 'message': 'no deps or dev-deps'}
{'statusCode': 0, 'package': '@0xsequence/abi_0.22.0', 'message': 'no deps or dev-deps'}
{'statusCode': 0, 'package': '@0xsequence/abi_0.22.1', 'message': 'no deps or dev-deps'}
{'statusCode': 0, 'package': '@0xsequence/abi_0.22.2', 'message': 'no deps or dev-deps'}
{'statusCode': 0, 'package': '@0xsequence/abi_0.23.0', 'message': 'no deps or dev-deps'}
{'statusCode': 0, 'package': '@0xsequence/abi_0.25.0', 'message': 'no deps or dev-deps'}
{'statusCode': 0, 'package': '@0xsequence/abi_0.25.1', 'message': 'no deps or dev-deps'}
{'statusCode': 0, 'package': '@0xsequence/abi_0.27.0', 'message': 'no deps or dev-deps'}
{'statusCode': 0, 'package': '@0xsequence/abi_0.28.0', 'message': 'no deps or dev-deps'}
{'statusCode': 0, 'package': '@0xsequence/abi_0.0.0-202182516517', 'message': 'no deps or dev-deps'}
{'statusCode': 0, 'package': '@0xsequence/abi_0.0.0-202182517435', 'message': 'no deps or dev-deps'}
{'statusCode': 0, 'package': '@0xsequence/abi_0.0.0-2021827201516', 'message': 'no deps or dev-deps'}
{'statusCode': 0, 'package': '@0xsequence/abi_0.29.0', 'message': 'no deps or dev-deps'}
{'statusCode': 0, 'package': '@0xsequence/abi_0.29.8', 'message': 'no deps or dev-deps'}
{'statusCode': 0, 'package': '@0xsequence/abi_0.30.0', 'message': 'no deps or dev-deps'}
{'statusCode': 0, 'package': '@0xsequence/abi_0.31.0', 'message': 'no deps or dev-deps'}
{'statusCode': 0, 'package': '@0xsequence/abi_0.34.0', 'message': 'no deps or dev-deps'}
{'statusCode': 0, 'package': '@0xsequence/abi_0.35.0', 'message': 'no deps or dev-deps'}
{'statusCode': 0, 'package': '@0xsequence/abi_0.35.1', 'message': 'no deps or dev-deps'}
{'statusCode': 0, 'package': '@0xsequence/abi_0.35.2', 'message': 'no deps or dev-deps'}
{'statusCode': 0, 'package': '@0xsequence/abi_0.35.3', 'message': 'no deps or dev-deps'}
{'statusCode': 0, 'package': '@0xsequence/abi_0.35.4', 'message': 'no deps or dev-deps'}
{'statusCode': 0, 'package': '@0xsequence/abi_0.35.5', 'message': 'no deps or dev-deps'}
{'statusCode': 0, 'package': '@0xsequence/abi_0.35.6', 'message': 'no deps or dev-deps'}
{'statusCode': 0, 'package': '@0xsequence/abi_0.35.7', 'message': 'no deps or dev-deps'}
{'statusCode': 0, 'package': '@0xsequence/abi_0.35.8', 'message': 'no deps or dev-deps'}
{'statusCode': 0, 'package': '@0xsequence/abi_0.35.9', 'message': 'no deps or dev-deps'}
{'statusCode': 0, 'package': '@0xsequence/abi_0.35.10', 'message': 'no deps or dev-deps'}
{'statusCode': 0, 'package': '@0xsequence/abi_0.35.11', 'message': 'no deps or dev-deps'}
{'statusCode': 0, 'package': '@0xsequence/abi_0.35.12', 'message': 'no deps or dev-deps'}
{'statusCode': 0, 'package': '@0xsequence/abi_0.36.0', 'message': 'no deps or dev-deps'}
{'statusCode': 0, 'package': '@0xsequence/abi_0.36.1', 'message': 'no deps or dev-deps'}
{'statusCode': 0, 'package': '@0xsequence/abi_0.36.2', 'message': 'no deps or dev-deps'}
{'statusCode': 0, 'package': '@0xsequence/abi_0.36.3', 'message': 'no deps or dev-deps'}
{'statusCode': 0, 'package': '@0xsequence/abi_0.36.4', 'message': 'no deps or dev-deps'}
{'statusCode': 0, 'package': '@0xsequence/abi_0.36.5', 'message': 'no deps or dev-deps'}
{'statusCode': 0, 'package': '@0xsequence/abi_0.36.6', 'message': 'no deps or dev-deps'}
{'statusCode': 0, 'package': '@0xsequence/abi_0.36.7', 'message': 'no deps or dev-deps'}
{'statusCode': 0, 'package': '@0xsequence/abi_0.36.8', 'message': 'no deps or dev-deps'}
{'statusCode': 0, 'package': '@0xsequence/abi_0.36.9', 'message': 'no deps or dev-deps'}
{'statusCode': 0, 'package': '@0xsequence/abi_0.36.10', 'message': 'no deps or dev-deps'}
{'statusCode': 0, 'package': '@0xsequence/abi_0.0.0-20220418165517', 'message': 'no deps or dev-deps'}
{'statusCode': 0, 'package': '@0xsequence/abi_0.36.11', 'message': 'no deps or dev-deps'}
{'statusCode': 0, 'package': '@0xsequence/abi_0.0.0-20220425195445', 'message': 'no deps or dev-deps'}
{'statusCode': 0, 'package': '@0xsequence/abi_0.36.12', 'message': 'no deps or dev-deps'}
{'statusCode': 0, 'package': '@0xsequence/abi_0.0.0-20220427054350', 'message': 'no deps or dev-deps'}
{'statusCode': 0, 'package': '@0xsequence/abi_0.0.0-20220427055332', 'message': 'no deps or dev-deps'}
{'statusCode': 0, 'package': '@0xsequence/abi_0.0.0-20220427161307', 'message': 'no deps or dev-deps'}
{'statusCode': 0, 'package': '@0xsequence/abi_0.0.0-20220427162812', 'message': 'no deps or dev-deps'}
{'statusCode': 0, 'package': '@0xsequence/abi_0.36.13', 'message': 'no deps or dev-deps'}
{'statusCode': 0, 'package': '@0xsequence/abi_0.37.0', 'message': 'no deps or dev-deps'}
{'statusCode': 0, 'package': '@0xsequence/abi_0.37.1', 'message': 'no deps or dev-deps'}
{'statusCode': 0, 'package': '@0xsequence/abi_0.0.0-20220506174803', 'message': 'no deps or dev-deps'}
{'statusCode': 0, 'package': '@0xsequence/abi_0.0.0-20220506195001', 'message': 'no deps or dev-deps'}
{'statusCode': 0, 'package': '@0xsequence/abi_0.0.0-20220513134147', 'message': 'no deps or dev-deps'}
{'statusCode': 0, 'package': '@0xsequence/abi_0.38.0', 'message': 'no deps or dev-deps'}
{'statusCode': 0, 'package': '@0xsequence/abi_0.38.1', 'message': 'no deps or dev-deps'}
{'statusCode': 0, 'package': '@0xsequence/abi_0.38.2', 'message': 'no deps or dev-deps'}
{'statusCode': 0, 'package': '@0xsequence/abi_0.39.0', 'message': 'no deps or dev-deps'}
{'statusCode': 0, 'package': '@0xsequence/abi_0.0.0-20220519151110', 'message': 'no deps or dev-deps'}
{'statusCode': 0, 'package': '@0xsequence/abi_0.0.0-20220519202656', 'message': 'no deps or dev-deps'}
{'statusCode': 0, 'package': '@0xsequence/abi_0.0.0-20220601185217', 'message': 'no deps or dev-deps'}
{'statusCode': 0, 'package': '@0xsequence/abi_0.39.1', 'message': 'no deps or dev-deps'}
{'statusCode': 0, 'package': '@0xsequence/abi_0.39.2', 'message': 'no deps or dev-deps'}
{'statusCode': 0, 'package': '@0xsequence/abi_0.0.0-20220609204505', 'message': 'no deps or dev-deps'}
{'statusCode': 0, 'package': '@0xsequence/abi_0.0.0-20220610134843', 'message': 'no deps or dev-deps'}
{'statusCode': 0, 'package': '@0xsequence/abi_0.39.3', 'message': 'no deps or dev-deps'}
{'statusCode': 0, 'package': '@0xsequence/abi_0.0.0-20220614152529', 'message': 'no deps or dev-deps'}
{'statusCode': 0, 'package': '@0xsequence/abi_0.0.0-20220616121217', 'message': 'no deps or dev-deps'}
{'statusCode': 0, 'package': '@0xsequence/abi_0.39.4', 'message': 'no deps or dev-deps'}
{'statusCode': 0, 'package': '@0xsequence/abi_0.39.5', 'message': 'no deps or dev-deps'}
{'statusCode': 0, 'package': '@0xsequence/abi_0.39.6', 'message': 'no deps or dev-deps'}
{'statusCode': 0, 'package': '@0xsequence/abi_0.0.0-26b08ee9-20220629135033', 'message': 'no deps or dev-deps'}
{'statusCode': 0, 'package': '@0xsequence/abi_0.0.0-cdbb3137-20220630190630', 'message': 'no deps or dev-deps'}
{'statusCode': 0, 'package': '@0xsequence/abi_0.0.0-cdbb3137-20220630191603', 'message': 'no deps or dev-deps'}
{'statusCode': 0, 'package': '@0xsequence/abi_0.0.0-cdbb3137-20220630192830', 'message': 'no deps or dev-deps'}
{'statusCode': 0, 'package': '@0xsequence/abi_0.0.0-20220630194654', 'message': 'no deps or dev-deps'}
{'statusCode': 0, 'package': '@0xsequence/abi_0.0.0-20220630211555', 'message': 'no deps or dev-deps'}
{'statusCode': 0, 'package': '@0xsequence/abi_0.0.0-20220630215108', 'message': 'no deps or dev-deps'}
{'statusCode': 0, 'package': '@0xsequence/abi_0.0.0-20220703182449', 'message': 'no deps or dev-deps'}
{'statusCode': 0, 'package': '@0xsequence/abi_0.0.0-20220704043930', 'message': 'no deps or dev-deps'}
{'statusCode': 0, 'package': '@0xsequence/abi_0.0.0-20220706193010', 'message': 'no deps or dev-deps'}
{'statusCode': 0, 'package': '@0xsequence/abi_0.0.0-20220710174545', 'message': 'no deps or dev-deps'}
{'statusCode': 0, 'package': '@0xsequence/abi_0.0.0-coolcats-0.36.12-20220711222640', 'message': 'no deps or dev-deps'}
{'statusCode': 0, 'package': '@0xsequence/abi_0.40.0', 'message': 'no deps or dev-deps'}
{'statusCode': 0, 'package': '@0xsequence/abi_0.40.1', 'message': 'no deps or dev-deps'}
{'statusCode': 0, 'package': '@0xsequence/abi_0.0.0-20220713211319', 'message': 'no deps or dev-deps'}
{'statusCode': 0, 'package': '@0xsequence/abi_0.0.0-20220714164224', 'message': 'no deps or dev-deps'}
{'statusCode': 0, 'package': '@0xsequence/abi_0.40.2', 'message': 'no deps or dev-deps'}
{'statusCode': 0, 'package': '@0xsequence/abi_0.0.0-20220719173737', 'message': 'no deps or dev-deps'}
{'statusCode': 0, 'package': '@0xsequence/abi_0.0.0-20220722145329', 'message': 'no deps or dev-deps'}
{'statusCode': 0, 'package': '@0xsequence/abi_0.0.0-20220725200200', 'message': 'no deps or dev-deps'}
{'statusCode': 0, 'package': '@0xsequence/abi_0.40.3', 'message': 'no deps or dev-deps'}
{'statusCode': 0, 'package': '@0xsequence/abi_0.0.0-20220728141414', 'message': 'no deps or dev-deps'}
{'statusCode': 0, 'package': '@0xsequence/abi_0.40.4', 'message': 'no deps or dev-deps'}
{'statusCode': 0, 'package': '@0xsequence/abi_0.0.0-20220728215555', 'message': 'no deps or dev-deps'}
{'statusCode': 0, 'package': '@0xsequence/abi_0.40.5', 'message': 'no deps or dev-deps'}
{'statusCode': 0, 'package': '@0xsequence/abi_0.0.0-20220804202525', 'message': 'no deps or dev-deps'}
{'statusCode': 0, 'package': '@0xsequence/abi_0.40.6', 'message': 'no deps or dev-deps'}
{'statusCode': 0, 'package': '@0xsequence/abi_0.0.0-20220825181818', 'message': 'no deps or dev-deps'}
{'statusCode': 0, 'package': '@0xsequence/abi_0.0.0-20220825190100', 'message': 'no deps or dev-deps'}
{'statusCode': 0, 'package': '@0xsequence/abi_0.41.0', 'message': 'no deps or dev-deps'}
{'statusCode': 0, 'package': '@0xsequence/abi_0.41.1', 'message': 'no deps or dev-deps'}
{'statusCode': 0, 'package': '@0xsequence/abi_0.41.2', 'message': 'no deps or dev-deps'}
{'statusCode': 0, 'package': '@0xsequence/abi_0.41.3', 'message': 'no deps or dev-deps'}
{'statusCode': 0, 'package': '@0xsequence/abi_0.42.0', 'message': 'no deps or dev-deps'}
{'statusCode': 0, 'package': '@0xsequence/abi_0.42.1', 'message': 'no deps or dev-deps'}
{'statusCode': 0, 'package': '@0xsequence/abi_0.42.2', 'message': 'no deps or dev-deps'}
{'statusCode': 0, 'package': '@0xsequence/abi_0.42.3', 'message': 'no deps or dev-deps'}
{'statusCode': 0, 'package': '@0xsequence/abi_0.42.4', 'message': 'no deps or dev-deps'}
{'statusCode': 0, 'package': '@0xsequence/abi_0.42.5', 'message': 'no deps or dev-deps'}
{'statusCode': 0, 'package': '@0xsequence/abi_0.42.6', 'message': 'no deps or dev-deps'}
{'statusCode': 0, 'package': '@0xsequence/abi_0.42.7', 'message': 'no deps or dev-deps'}
{'statusCode': 0, 'package': '@0xsequence/abi_0.42.8', 'message': 'no deps or dev-deps'}
{'statusCode': 0, 'package': '@0xsequence/abi_0.42.9', 'message': 'no deps or dev-deps'}
{'statusCode': 0, 'package': '@0xsequence/abi_0.42.10', 'message': 'no deps or dev-deps'}
{'statusCode': 0, 'package': '@0xsequence/abi_0.43.0', 'message': 'no deps or dev-deps'}
{'statusCode': 0, 'package': '@0xsequence/abi_0.43.1', 'message': 'no deps or dev-deps'}
{'statusCode': 0, 'package': '@0xsequence/abi_0.43.2', 'message': 'no deps or dev-deps'}
{'statusCode': 0, 'package': '@0xsequence/abi_0.43.3', 'message': 'no deps or dev-deps'}
{'statusCode': 0, 'package': '@0xsequence/abi_0.0.0-20221124173317', 'message': 'no deps or dev-deps'}
{'statusCode': 0, 'package': '@0xsequence/abi_0.43.4', 'message': 'no deps or dev-deps'}
{'statusCode': 0, 'package': '@0xsequence/abi_0.43.5', 'message': 'no deps or dev-deps'}
{'statusCode': 0, 'package': '@0xsequence/abi_0.43.6', 'message': 'no deps or dev-deps'}
{'statusCode': 0, 'package': '@0xsequence/abi_0.43.7', 'message': 'no deps or dev-deps'}
{'statusCode': 0, 'package': '@0xsequence/abi_0.7.0', 'message': 'no deps or dev-deps'}
{'statusCode': 0, 'package': '@0xsequence/abi_0.8.0', 'message': 'no deps or dev-deps'}
{'statusCode': 0, 'package': '@0xsequence/abi_0.8.1', 'message': 'no deps or dev-deps'}
{'statusCode': 0, 'package': '@0xsequence/abi_0.8.2', 'message': 'no deps or dev-deps'}
{'statusCode': 0, 'package': '@0xsequence/abi_0.8.3', 'message': 'no deps or dev-deps'}
{'statusCode': 0, 'package': '@0xsequence/abi_0.8.4', 'message': 'no deps or dev-deps'}
{'statusCode': 0, 'package': '@0xsequence/abi_0.8.5', 'message': 'no deps or dev-deps'}
{'statusCode': 0, 'package': '@0xsequence/abi_0.9.1', 'message': 'no deps or dev-deps'}
{'statusCode': 0, 'package': '@0xsequence/abi_0.9.3', 'message': 'no deps or dev-deps'}
{'statusCode': 0, 'package': '@0xsequence/abi_0.9.6', 'message': 'no deps or dev-deps'}
{'statusCode': 0, 'package': '@0xsequence/abi_0.10.0', 'message': 'no deps or dev-deps'}
{'statusCode': 0, 'package': '@0xsequence/abi_0.10.1', 'message': 'no deps or dev-deps'}
{'statusCode': 0, 'package': '@0xsequence/abi_0.10.2', 'message': 'no deps or dev-deps'}
{'statusCode': 0, 'package': '@0xsequence/abi_0.10.3', 'message': 'no deps or dev-deps'}
{'statusCode': 0, 'package': '@0xsequence/abi_0.10.4', 'message': 'no deps or dev-deps'}
{'statusCode': 0, 'package': '@0xsequence/abi_0.10.5', 'message': 'no deps or dev-deps'}
{'statusCode': 0, 'package': '@0xsequence/abi_0.10.6', 'message': 'no deps or dev-deps'}
{'statusCode': 0, 'package': '@0xsequence/abi_0.10.7', 'message': 'no deps or dev-deps'}
{'statusCode': 0, 'package': '@0xsequence/abi_0.10.8', 'message': 'no deps or dev-deps'}
{'statusCode': 0, 'package': '@0xsequence/abi_0.10.9', 'message': 'no deps or dev-deps'}
{'statusCode': 0, 'package': '@0xsequence/abi_0.11.0', 'message': 'no deps or dev-deps'}
{'statusCode': 0, 'package': '@0xsequence/abi_0.11.1', 'message': 'no deps or dev-deps'}
{'statusCode': 0, 'package': '@0xsequence/abi_0.11.2', 'message': 'no deps or dev-deps'}
{'statusCode': 0, 'package': '@0xsequence/abi_0.11.3', 'message': 'no deps or dev-deps'}
{'statusCode': 0, 'package': '@0xsequence/abi_0.11.4', 'message': 'no deps or dev-deps'}
{'statusCode': 0, 'package': '@0xsequence/abi_0.12.0', 'message': 'no deps or dev-deps'}
{'statusCode': 0, 'package': '@0xsequence/abi_0.12.1', 'message': 'no deps or dev-deps'}
{'statusCode': 0, 'package': '@0xsequence/abi_0.13.0', 'message': 'no deps or dev-deps'}
{'statusCode': 0, 'package': '@0xsequence/abi_0.14.0', 'message': 'no deps or dev-deps'}
{'statusCode': 0, 'package': '@0xsequence/abi_0.14.3', 'message': 'no deps or dev-deps'}
{'statusCode': 0, 'package': '@0xsequence/abi_0.15.1', 'message': 'no deps or dev-deps'}
{'statusCode': 0, 'package': '@0xsequence/abi_0.16.0', 'message': 'no deps or dev-deps'}
{'statusCode': 0, 'package': '@0xsequence/abi_0.18.0', 'message': 'no deps or dev-deps'}
{'statusCode': 0, 'package': '@0xsequence/abi_0.19.0', 'message': 'no deps or dev-deps'}
{'statusCode': 0, 'package': '@0xsequence/abi_0.19.2', 'message': 'no deps or dev-deps'}
{'statusCode': 0, 'package': '@0xsequence/abi_0.19.3', 'message': 'no deps or dev-deps'}
{'statusCode': 0, 'package': '@0xsequence/abi_0.21.0', 'message': 'no deps or dev-deps'}
{'statusCode': 0, 'package': '@0xsequence/abi_0.21.2', 'message': 'no deps or dev-deps'}
{'statusCode': 0, 'package': '@0xsequence/abi_0.21.3', 'message': 'no deps or dev-deps'}
{'statusCode': 0, 'package': '@0xsequence/abi_0.21.4', 'message': 'no deps or dev-deps'}
{'statusCode': 0, 'package': '@0xsequence/abi_0.21.5', 'message': 'no deps or dev-deps'}
{'statusCode': 0, 'package': '@0xsequence/abi_0.22.0', 'message': 'no deps or dev-deps'}
{'statusCode': 0, 'package': '@0xsequence/abi_0.22.1', 'message': 'no deps or dev-deps'}
{'statusCode': 0, 'package': '@0xsequence/abi_0.22.2', 'message': 'no deps or dev-deps'}
{'statusCode': 0, 'package': '@0xsequence/abi_0.23.0', 'message': 'no deps or dev-deps'}
{'statusCode': 0, 'package': '@0xsequence/abi_0.25.0', 'message': 'no deps or dev-deps'}
{'statusCode': 0, 'package': '@0xsequence/abi_0.25.1', 'message': 'no deps or dev-deps'}
{'statusCode': 0, 'package': '@0xsequence/abi_0.27.0', 'message': 'no deps or dev-deps'}
{'statusCode': 0, 'package': '@0xsequence/abi_0.28.0', 'message': 'no deps or dev-deps'}
{'statusCode': 0, 'package': '@0xsequence/abi_0.0.0-202182516517', 'message': 'no deps or dev-deps'}
{'statusCode': 0, 'package': '@0xsequence/abi_0.0.0-202182517435', 'message': 'no deps or dev-deps'}
{'statusCode': 0, 'package': '@0xsequence/abi_0.0.0-2021827201516', 'message': 'no deps or dev-deps'}
{'statusCode': 0, 'package': '@0xsequence/abi_0.29.0', 'message': 'no deps or dev-deps'}
{'statusCode': 0, 'package': '@0xsequence/abi_0.29.8', 'message': 'no deps or dev-deps'}
{'statusCode': 0, 'package': '@0xsequence/abi_0.30.0', 'message': 'no deps or dev-deps'}
{'statusCode': 0, 'package': '@0xsequence/abi_0.31.0', 'message': 'no deps or dev-deps'}
{'statusCode': 0, 'package': '@0xsequence/abi_0.34.0', 'message': 'no deps or dev-deps'}
{'statusCode': 0, 'package': '@0xsequence/abi_0.35.0', 'message': 'no deps or dev-deps'}
{'statusCode': 0, 'package': '@0xsequence/abi_0.35.1', 'message': 'no deps or dev-deps'}
{'statusCode': 0, 'package': '@0xsequence/abi_0.35.2', 'message': 'no deps or dev-deps'}
{'statusCode': 0, 'package': '@0xsequence/abi_0.35.3', 'message': 'no deps or dev-deps'}
{'statusCode': 0, 'package': '@0xsequence/abi_0.35.4', 'message': 'no deps or dev-deps'}
{'statusCode': 0, 'package': '@0xsequence/abi_0.35.5', 'message': 'no deps or dev-deps'}
{'statusCode': 0, 'package': '@0xsequence/abi_0.35.6', 'message': 'no deps or dev-deps'}
{'statusCode': 0, 'package': '@0xsequence/abi_0.35.7', 'message': 'no deps or dev-deps'}
{'statusCode': 0, 'package': '@0xsequence/abi_0.35.8', 'message': 'no deps or dev-deps'}
{'statusCode': 0, 'package': '@0xsequence/abi_0.35.9', 'message': 'no deps or dev-deps'}
{'statusCode': 0, 'package': '@0xsequence/abi_0.35.10', 'message': 'no deps or dev-deps'}
{'statusCode': 0, 'package': '@0xsequence/abi_0.35.11', 'message': 'no deps or dev-deps'}
{'statusCode': 0, 'package': '@0xsequence/abi_0.35.12', 'message': 'no deps or dev-deps'}
{'statusCode': 0, 'package': '@0xsequence/abi_0.36.0', 'message': 'no deps or dev-deps'}
{'statusCode': 0, 'package': '@0xsequence/abi_0.36.1', 'message': 'no deps or dev-deps'}
{'statusCode': 0, 'package': '@0xsequence/abi_0.36.2', 'message': 'no deps or dev-deps'}
{'statusCode': 0, 'package': '@0xsequence/abi_0.36.3', 'message': 'no deps or dev-deps'}
{'statusCode': 0, 'package': '@0xsequence/abi_0.36.4', 'message': 'no deps or dev-deps'}
{'statusCode': 0, 'package': '@0xsequence/abi_0.36.5', 'message': 'no deps or dev-deps'}
{'statusCode': 0, 'package': '@0xsequence/abi_0.36.6', 'message': 'no deps or dev-deps'}
{'statusCode': 0, 'package': '@0xsequence/abi_0.36.7', 'message': 'no deps or dev-deps'}
{'statusCode': 0, 'package': '@0xsequence/abi_0.36.8', 'message': 'no deps or dev-deps'}
{'statusCode': 0, 'package': '@0xsequence/abi_0.36.9', 'message': 'no deps or dev-deps'}
{'statusCode': 0, 'package': '@0xsequence/abi_0.36.10', 'message': 'no deps or dev-deps'}
{'statusCode': 0, 'package': '@0xsequence/abi_0.0.0-20220418165517', 'message': 'no deps or dev-deps'}
{'statusCode': 0, 'package': '@0xsequence/abi_0.36.11', 'message': 'no deps or dev-deps'}
{'statusCode': 0, 'package': '@0xsequence/abi_0.0.0-20220425195445', 'message': 'no deps or dev-deps'}
{'statusCode': 0, 'package': '@0xsequence/abi_0.36.12', 'message': 'no deps or dev-deps'}
{'statusCode': 0, 'package': '@0xsequence/abi_0.0.0-20220427054350', 'message': 'no deps or dev-deps'}
{'statusCode': 0, 'package': '@0xsequence/abi_0.0.0-20220427055332', 'message': 'no deps or dev-deps'}
{'statusCode': 0, 'package': '@0xsequence/abi_0.0.0-20220427161307', 'message': 'no deps or dev-deps'}
{'statusCode': 0, 'package': '@0xsequence/abi_0.0.0-20220427162812', 'message': 'no deps or dev-deps'}
{'statusCode': 0, 'package': '@0xsequence/abi_0.36.13', 'message': 'no deps or dev-deps'}
{'statusCode': 0, 'package': '@0xsequence/abi_0.37.0', 'message': 'no deps or dev-deps'}
{'statusCode': 0, 'package': '@0xsequence/abi_0.37.1', 'message': 'no deps or dev-deps'}
{'statusCode': 0, 'package': '@0xsequence/abi_0.0.0-20220506174803', 'message': 'no deps or dev-deps'}
{'statusCode': 0, 'package': '@0xsequence/abi_0.0.0-20220506195001', 'message': 'no deps or dev-deps'}
{'statusCode': 0, 'package': '@0xsequence/abi_0.0.0-20220513134147', 'message': 'no deps or dev-deps'}
{'statusCode': 0, 'package': '@0xsequence/abi_0.38.0', 'message': 'no deps or dev-deps'}
{'statusCode': 0, 'package': '@0xsequence/abi_0.38.1', 'message': 'no deps or dev-deps'}
{'statusCode': 0, 'package': '@0xsequence/abi_0.38.2', 'message': 'no deps or dev-deps'}
{'statusCode': 0, 'package': '@0xsequence/abi_0.39.0', 'message': 'no deps or dev-deps'}
{'statusCode': 0, 'package': '@0xsequence/abi_0.0.0-20220519151110', 'message': 'no deps or dev-deps'}
{'statusCode': 0, 'package': '@0xsequence/abi_0.0.0-20220519202656', 'message': 'no deps or dev-deps'}
{'statusCode': 0, 'package': '@0xsequence/abi_0.0.0-20220601185217', 'message': 'no deps or dev-deps'}
{'statusCode': 0, 'package': '@0xsequence/abi_0.39.1', 'message': 'no deps or dev-deps'}
{'statusCode': 0, 'package': '@0xsequence/abi_0.39.2', 'message': 'no deps or dev-deps'}
{'statusCode': 0, 'package': '@0xsequence/abi_0.0.0-20220609204505', 'message': 'no deps or dev-deps'}
{'statusCode': 0, 'package': '@0xsequence/abi_0.0.0-20220610134843', 'message': 'no deps or dev-deps'}
{'statusCode': 0, 'package': '@0xsequence/abi_0.39.3', 'message': 'no deps or dev-deps'}
{'statusCode': 0, 'package': '@0xsequence/abi_0.0.0-20220614152529', 'message': 'no deps or dev-deps'}
{'statusCode': 0, 'package': '@0xsequence/abi_0.0.0-20220616121217', 'message': 'no deps or dev-deps'}
{'statusCode': 0, 'package': '@0xsequence/abi_0.39.4', 'message': 'no deps or dev-deps'}
{'statusCode': 0, 'package': '@0xsequence/abi_0.39.5', 'message': 'no deps or dev-deps'}
{'statusCode': 0, 'package': '@0xsequence/abi_0.39.6', 'message': 'no deps or dev-deps'}
{'statusCode': 0, 'package': '@0xsequence/abi_0.0.0-26b08ee9-20220629135033', 'message': 'no deps or dev-deps'}
{'statusCode': 0, 'package': '@0xsequence/abi_0.0.0-cdbb3137-20220630190630', 'message': 'no deps or dev-deps'}
{'statusCode': 0, 'package': '@0xsequence/abi_0.0.0-cdbb3137-20220630191603', 'message': 'no deps or dev-deps'}
{'statusCode': 0, 'package': '@0xsequence/abi_0.0.0-cdbb3137-20220630192830', 'message': 'no deps or dev-deps'}
{'statusCode': 0, 'package': '@0xsequence/abi_0.0.0-20220630194654', 'message': 'no deps or dev-deps'}
{'statusCode': 0, 'package': '@0xsequence/abi_0.0.0-20220630211555', 'message': 'no deps or dev-deps'}
{'statusCode': 0, 'package': '@0xsequence/abi_0.0.0-20220630215108', 'message': 'no deps or dev-deps'}
{'statusCode': 0, 'package': '@0xsequence/abi_0.0.0-20220703182449', 'message': 'no deps or dev-deps'}
{'statusCode': 0, 'package': '@0xsequence/abi_0.0.0-20220704043930', 'message': 'no deps or dev-deps'}
{'statusCode': 0, 'package': '@0xsequence/abi_0.0.0-20220706193010', 'message': 'no deps or dev-deps'}
{'statusCode': 0, 'package': '@0xsequence/abi_0.0.0-20220710174545', 'message': 'no deps or dev-deps'}
{'statusCode': 0, 'package': '@0xsequence/abi_0.0.0-coolcats-0.36.12-20220711222640', 'message': 'no deps or dev-deps'}
{'statusCode': 0, 'package': '@0xsequence/abi_0.40.0', 'message': 'no deps or dev-deps'}
{'statusCode': 0, 'package': '@0xsequence/abi_0.40.1', 'message': 'no deps or dev-deps'}
{'statusCode': 0, 'package': '@0xsequence/abi_0.0.0-20220713211319', 'message': 'no deps or dev-deps'}
{'statusCode': 0, 'package': '@0xsequence/abi_0.0.0-20220714164224', 'message': 'no deps or dev-deps'}
{'statusCode': 0, 'package': '@0xsequence/abi_0.40.2', 'message': 'no deps or dev-deps'}
{'statusCode': 0, 'package': '@0xsequence/abi_0.0.0-20220719173737', 'message': 'no deps or dev-deps'}
{'statusCode': 0, 'package': '@0xsequence/abi_0.0.0-20220722145329', 'message': 'no deps or dev-deps'}
{'statusCode': 0, 'package': '@0xsequence/abi_0.0.0-20220725200200', 'message': 'no deps or dev-deps'}
{'statusCode': 0, 'package': '@0xsequence/abi_0.40.3', 'message': 'no deps or dev-deps'}
{'statusCode': 0, 'package': '@0xsequence/abi_0.0.0-20220728141414', 'message': 'no deps or dev-deps'}
{'statusCode': 0, 'package': '@0xsequence/abi_0.40.4', 'message': 'no deps or dev-deps'}
{'statusCode': 0, 'package': '@0xsequence/abi_0.0.0-20220728215555', 'message': 'no deps or dev-deps'}
{'statusCode': 0, 'package': '@0xsequence/abi_0.40.5', 'message': 'no deps or dev-deps'}
{'statusCode': 0, 'package': '@0xsequence/abi_0.0.0-20220804202525', 'message': 'no deps or dev-deps'}
{'statusCode': 0, 'package': '@0xsequence/abi_0.40.6', 'message': 'no deps or dev-deps'}
{'statusCode': 0, 'package': '@0xsequence/abi_0.0.0-20220825181818', 'message': 'no deps or dev-deps'}
{'statusCode': 0, 'package': '@0xsequence/abi_0.0.0-20220825190100', 'message': 'no deps or dev-deps'}
{'statusCode': 0, 'package': '@0xsequence/abi_0.41.0', 'message': 'no deps or dev-deps'}
{'statusCode': 0, 'package': '@0xsequence/abi_0.41.1', 'message': 'no deps or dev-deps'}
{'statusCode': 0, 'package': '@0xsequence/abi_0.41.2', 'message': 'no deps or dev-deps'}
{'statusCode': 0, 'package': '@0xsequence/abi_0.41.3', 'message': 'no deps or dev-deps'}
{'statusCode': 0, 'package': '@0xsequence/abi_0.42.0', 'message': 'no deps or dev-deps'}
{'statusCode': 0, 'package': '@0xsequence/abi_0.42.1', 'message': 'no deps or dev-deps'}
{'statusCode': 0, 'package': '@0xsequence/abi_0.42.2', 'message': 'no deps or dev-deps'}
{'statusCode': 0, 'package': '@0xsequence/abi_0.42.3', 'message': 'no deps or dev-deps'}
{'statusCode': 0, 'package': '@0xsequence/abi_0.42.4', 'message': 'no deps or dev-deps'}
{'statusCode': 0, 'package': '@0xsequence/abi_0.42.5', 'message': 'no deps or dev-deps'}
{'statusCode': 0, 'package': '@0xsequence/abi_0.42.6', 'message': 'no deps or dev-deps'}
{'statusCode': 0, 'package': '@0xsequence/abi_0.42.7', 'message': 'no deps or dev-deps'}
{'statusCode': 0, 'package': '@0xsequence/abi_0.42.8', 'message': 'no deps or dev-deps'}
{'statusCode': 0, 'package': '@0xsequence/abi_0.42.9', 'message': 'no deps or dev-deps'}
{'statusCode': 0, 'package': '@0xsequence/abi_0.42.10', 'message': 'no deps or dev-deps'}
{'statusCode': 0, 'package': '@0xsequence/abi_0.43.0', 'message': 'no deps or dev-deps'}
{'statusCode': 0, 'package': '@0xsequence/abi_0.43.1', 'message': 'no deps or dev-deps'}
{'statusCode': 0, 'package': '@0xsequence/abi_0.43.2', 'message': 'no deps or dev-deps'}
{'statusCode': 0, 'package': '@0xsequence/abi_0.43.3', 'message': 'no deps or dev-deps'}
{'statusCode': 0, 'package': '@0xsequence/abi_0.0.0-20221124173317', 'message': 'no deps or dev-deps'}
{'statusCode': 0, 'package': '@0xsequence/abi_0.43.4', 'message': 'no deps or dev-deps'}
{'statusCode': 0, 'package': '@0xsequence/abi_0.43.5', 'message': 'no deps or dev-deps'}
{'statusCode': 0, 'package': '@0xsequence/abi_0.43.6', 'message': 'no deps or dev-deps'}
{'statusCode': 0, 'package': '@0xsequence/abi_0.43.7', 'message': 'no deps or dev-deps'}
{'statusCode': 0, 'package': '@0xsequence/abi_0.7.0', 'message': 'no deps or dev-deps'}
{'statusCode': 0, 'package': '@0xsequence/abi_0.8.0', 'message': 'no deps or dev-deps'}
{'statusCode': 0, 'package': '@0xsequence/abi_0.8.1', 'message': 'no deps or dev-deps'}
{'statusCode': 0, 'package': '@0xsequence/abi_0.8.2', 'message': 'no deps or dev-deps'}
{'statusCode': 0, 'package': '@0xsequence/abi_0.8.3', 'message': 'no deps or dev-deps'}
{'statusCode': 0, 'package': '@0xsequence/abi_0.8.4', 'message': 'no deps or dev-deps'}
{'statusCode': 0, 'package': '@0xsequence/abi_0.8.5', 'message': 'no deps or dev-deps'}
{'statusCode': 0, 'package': '@0xsequence/abi_0.9.1', 'message': 'no deps or dev-deps'}
{'statusCode': 0, 'package': '@0xsequence/abi_0.9.3', 'message': 'no deps or dev-deps'}
{'statusCode': 0, 'package': '@0xsequence/abi_0.9.6', 'message': 'no deps or dev-deps'}
{'statusCode': 0, 'package': '@0xsequence/abi_0.10.0', 'message': 'no deps or dev-deps'}
{'statusCode': 0, 'package': '@0xsequence/abi_0.10.1', 'message': 'no deps or dev-deps'}
{'statusCode': 0, 'package': '@0xsequence/abi_0.10.2', 'message': 'no deps or dev-deps'}
{'statusCode': 0, 'package': '@0xsequence/abi_0.10.3', 'message': 'no deps or dev-deps'}
{'statusCode': 0, 'package': '@0xsequence/abi_0.10.4', 'message': 'no deps or dev-deps'}
{'statusCode': 0, 'package': '@0xsequence/abi_0.10.5', 'message': 'no deps or dev-deps'}
{'statusCode': 0, 'package': '@0xsequence/abi_0.10.6', 'message': 'no deps or dev-deps'}
{'statusCode': 0, 'package': '@0xsequence/abi_0.10.7', 'message': 'no deps or dev-deps'}
{'statusCode': 0, 'package': '@0xsequence/abi_0.10.8', 'message': 'no deps or dev-deps'}
{'statusCode': 0, 'package': '@0xsequence/abi_0.10.9', 'message': 'no deps or dev-deps'}
{'statusCode': 0, 'package': '@0xsequence/abi_0.11.0', 'message': 'no deps or dev-deps'}
{'statusCode': 0, 'package': '@0xsequence/abi_0.11.1', 'message': 'no deps or dev-deps'}
{'statusCode': 0, 'package': '@0xsequence/abi_0.11.2', 'message': 'no deps or dev-deps'}
{'statusCode': 0, 'package': '@0xsequence/abi_0.11.3', 'message': 'no deps or dev-deps'}
{'statusCode': 0, 'package': '@0xsequence/abi_0.11.4', 'message': 'no deps or dev-deps'}
{'statusCode': 0, 'package': '@0xsequence/abi_0.12.0', 'message': 'no deps or dev-deps'}
{'statusCode': 0, 'package': '@0xsequence/abi_0.12.1', 'message': 'no deps or dev-deps'}
{'statusCode': 0, 'package': '@0xsequence/abi_0.13.0', 'message': 'no deps or dev-deps'}
{'statusCode': 0, 'package': '@0xsequence/abi_0.14.0', 'message': 'no deps or dev-deps'}
{'statusCode': 0, 'package': '@0xsequence/abi_0.14.3', 'message': 'no deps or dev-deps'}
{'statusCode': 0, 'package': '@0xsequence/abi_0.15.1', 'message': 'no deps or dev-deps'}
{'statusCode': 0, 'package': '@0xsequence/abi_0.16.0', 'message': 'no deps or dev-deps'}
{'statusCode': 0, 'package': '@0xsequence/abi_0.18.0', 'message': 'no deps or dev-deps'}
{'statusCode': 0, 'package': '@0xsequence/abi_0.19.0', 'message': 'no deps or dev-deps'}
{'statusCode': 0, 'package': '@0xsequence/abi_0.19.2', 'message': 'no deps or dev-deps'}
{'statusCode': 0, 'package': '@0xsequence/abi_0.19.3', 'message': 'no deps or dev-deps'}
{'statusCode': 0, 'package': '@0xsequence/abi_0.21.0', 'message': 'no deps or dev-deps'}
{'statusCode': 0, 'package': '@0xsequence/abi_0.21.2', 'message': 'no deps or dev-deps'}
{'statusCode': 0, 'package': '@0xsequence/abi_0.21.3', 'message': 'no deps or dev-deps'}
{'statusCode': 0, 'package': '@0xsequence/abi_0.21.4', 'message': 'no deps or dev-deps'}
{'statusCode': 0, 'package': '@0xsequence/abi_0.21.5', 'message': 'no deps or dev-deps'}
{'statusCode': 0, 'package': '@0xsequence/abi_0.22.0', 'message': 'no deps or dev-deps'}
{'statusCode': 0, 'package': '@0xsequence/abi_0.22.1', 'message': 'no deps or dev-deps'}
{'statusCode': 0, 'package': '@0xsequence/abi_0.22.2', 'message': 'no deps or dev-deps'}
{'statusCode': 0, 'package': '@0xsequence/abi_0.23.0', 'message': 'no deps or dev-deps'}
{'statusCode': 0, 'package': '@0xsequence/abi_0.25.0', 'message': 'no deps or dev-deps'}
{'statusCode': 0, 'package': '@0xsequence/abi_0.25.1', 'message': 'no deps or dev-deps'}
{'statusCode': 0, 'package': '@0xsequence/abi_0.27.0', 'message': 'no deps or dev-deps'}
{'statusCode': 0, 'package': '@0xsequence/abi_0.28.0', 'message': 'no deps or dev-deps'}
{'statusCode': 0, 'package': '@0xsequence/abi_0.0.0-202182516517', 'message': 'no deps or dev-deps'}
{'statusCode': 0, 'package': '@0xsequence/abi_0.0.0-202182517435', 'message': 'no deps or dev-deps'}
{'statusCode': 0, 'package': '@0xsequence/abi_0.0.0-2021827201516', 'message': 'no deps or dev-deps'}
{'statusCode': 0, 'package': '@0xsequence/abi_0.29.0', 'message': 'no deps or dev-deps'}
{'statusCode': 0, 'package': '@0xsequence/abi_0.29.8', 'message': 'no deps or dev-deps'}
{'statusCode': 0, 'package': '@0xsequence/abi_0.30.0', 'message': 'no deps or dev-deps'}
{'statusCode': 0, 'package': '@0xsequence/abi_0.31.0', 'message': 'no deps or dev-deps'}
{'statusCode': 0, 'package': '@0xsequence/abi_0.34.0', 'message': 'no deps or dev-deps'}
{'statusCode': 0, 'package': '@0xsequence/abi_0.35.0', 'message': 'no deps or dev-deps'}
{'statusCode': 0, 'package': '@0xsequence/abi_0.35.1', 'message': 'no deps or dev-deps'}
{'statusCode': 0, 'package': '@0xsequence/abi_0.35.2', 'message': 'no deps or dev-deps'}
{'statusCode': 0, 'package': '@0xsequence/abi_0.35.3', 'message': 'no deps or dev-deps'}
{'statusCode': 0, 'package': '@0xsequence/abi_0.35.4', 'message': 'no deps or dev-deps'}
{'statusCode': 0, 'package': '@0xsequence/abi_0.35.5', 'message': 'no deps or dev-deps'}
{'statusCode': 0, 'package': '@0xsequence/abi_0.35.6', 'message': 'no deps or dev-deps'}
{'statusCode': 0, 'package': '@0xsequence/abi_0.35.7', 'message': 'no deps or dev-deps'}
{'statusCode': 0, 'package': '@0xsequence/abi_0.35.8', 'message': 'no deps or dev-deps'}
{'statusCode': 0, 'package': '@0xsequence/abi_0.35.9', 'message': 'no deps or dev-deps'}
{'statusCode': 0, 'package': '@0xsequence/abi_0.35.10', 'message': 'no deps or dev-deps'}
{'statusCode': 0, 'package': '@0xsequence/abi_0.35.11', 'message': 'no deps or dev-deps'}
{'statusCode': 0, 'package': '@0xsequence/abi_0.35.12', 'message': 'no deps or dev-deps'}
{'statusCode': 0, 'package': '@0xsequence/abi_0.36.0', 'message': 'no deps or dev-deps'}
{'statusCode': 0, 'package': '@0xsequence/abi_0.36.1', 'message': 'no deps or dev-deps'}
{'statusCode': 0, 'package': '@0xsequence/abi_0.36.2', 'message': 'no deps or dev-deps'}
{'statusCode': 0, 'package': '@0xsequence/abi_0.36.3', 'message': 'no deps or dev-deps'}
{'statusCode': 0, 'package': '@0xsequence/abi_0.36.4', 'message': 'no deps or dev-deps'}
{'statusCode': 0, 'package': '@0xsequence/abi_0.36.5', 'message': 'no deps or dev-deps'}
{'statusCode': 0, 'package': '@0xsequence/abi_0.36.6', 'message': 'no deps or dev-deps'}
{'statusCode': 0, 'package': '@0xsequence/abi_0.36.7', 'message': 'no deps or dev-deps'}
{'statusCode': 0, 'package': '@0xsequence/abi_0.36.8', 'message': 'no deps or dev-deps'}
{'statusCode': 0, 'package': '@0xsequence/abi_0.36.9', 'message': 'no deps or dev-deps'}
{'statusCode': 0, 'package': '@0xsequence/abi_0.36.10', 'message': 'no deps or dev-deps'}
{'statusCode': 0, 'package': '@0xsequence/abi_0.0.0-20220418165517', 'message': 'no deps or dev-deps'}
{'statusCode': 0, 'package': '@0xsequence/abi_0.36.11', 'message': 'no deps or dev-deps'}
{'statusCode': 0, 'package': '@0xsequence/abi_0.0.0-20220425195445', 'message': 'no deps or dev-deps'}
{'statusCode': 0, 'package': '@0xsequence/abi_0.36.12', 'message': 'no deps or dev-deps'}
{'statusCode': 0, 'package': '@0xsequence/abi_0.0.0-20220427054350', 'message': 'no deps or dev-deps'}
{'statusCode': 0, 'package': '@0xsequence/abi_0.0.0-20220427055332', 'message': 'no deps or dev-deps'}
{'statusCode': 0, 'package': '@0xsequence/abi_0.0.0-20220427161307', 'message': 'no deps or dev-deps'}
{'statusCode': 0, 'package': '@0xsequence/abi_0.0.0-20220427162812', 'message': 'no deps or dev-deps'}
{'statusCode': 0, 'package': '@0xsequence/abi_0.36.13', 'message': 'no deps or dev-deps'}
{'statusCode': 0, 'package': '@0xsequence/abi_0.37.0', 'message': 'no deps or dev-deps'}
{'statusCode': 0, 'package': '@0xsequence/abi_0.37.1', 'message': 'no deps or dev-deps'}
{'statusCode': 0, 'package': '@0xsequence/abi_0.0.0-20220506174803', 'message': 'no deps or dev-deps'}
{'statusCode': 0, 'package': '@0xsequence/abi_0.0.0-20220506195001', 'message': 'no deps or dev-deps'}
{'statusCode': 0, 'package': '@0xsequence/abi_0.0.0-20220513134147', 'message': 'no deps or dev-deps'}
{'statusCode': 0, 'package': '@0xsequence/abi_0.38.0', 'message': 'no deps or dev-deps'}
{'statusCode': 0, 'package': '@0xsequence/abi_0.38.1', 'message': 'no deps or dev-deps'}
{'statusCode': 0, 'package': '@0xsequence/abi_0.38.2', 'message': 'no deps or dev-deps'}
{'statusCode': 0, 'package': '@0xsequence/abi_0.39.0', 'message': 'no deps or dev-deps'}
{'statusCode': 0, 'package': '@0xsequence/abi_0.0.0-20220519151110', 'message': 'no deps or dev-deps'}
{'statusCode': 0, 'package': '@0xsequence/abi_0.0.0-20220519202656', 'message': 'no deps or dev-deps'}
{'statusCode': 0, 'package': '@0xsequence/abi_0.0.0-20220601185217', 'message': 'no deps or dev-deps'}
{'statusCode': 0, 'package': '@0xsequence/abi_0.39.1', 'message': 'no deps or dev-deps'}
{'statusCode': 0, 'package': '@0xsequence/abi_0.39.2', 'message': 'no deps or dev-deps'}
{'statusCode': 0, 'package': '@0xsequence/abi_0.0.0-20220609204505', 'message': 'no deps or dev-deps'}
{'statusCode': 0, 'package': '@0xsequence/abi_0.0.0-20220610134843', 'message': 'no deps or dev-deps'}
{'statusCode': 0, 'package': '@0xsequence/abi_0.39.3', 'message': 'no deps or dev-deps'}
{'statusCode': 0, 'package': '@0xsequence/abi_0.0.0-20220614152529', 'message': 'no deps or dev-deps'}
{'statusCode': 0, 'package': '@0xsequence/abi_0.0.0-20220616121217', 'message': 'no deps or dev-deps'}
{'statusCode': 0, 'package': '@0xsequence/abi_0.39.4', 'message': 'no deps or dev-deps'}
{'statusCode': 0, 'package': '@0xsequence/abi_0.39.5', 'message': 'no deps or dev-deps'}
{'statusCode': 0, 'package': '@0xsequence/abi_0.39.6', 'message': 'no deps or dev-deps'}
{'statusCode': 0, 'package': '@0xsequence/abi_0.0.0-26b08ee9-20220629135033', 'message': 'no deps or dev-deps'}
{'statusCode': 0, 'package': '@0xsequence/abi_0.0.0-cdbb3137-20220630190630', 'message': 'no deps or dev-deps'}
{'statusCode': 0, 'package': '@0xsequence/abi_0.0.0-cdbb3137-20220630191603', 'message': 'no deps or dev-deps'}
{'statusCode': 0, 'package': '@0xsequence/abi_0.0.0-cdbb3137-20220630192830', 'message': 'no deps or dev-deps'}
{'statusCode': 0, 'package': '@0xsequence/abi_0.0.0-20220630194654', 'message': 'no deps or dev-deps'}
{'statusCode': 0, 'package': '@0xsequence/abi_0.0.0-20220630211555', 'message': 'no deps or dev-deps'}
{'statusCode': 0, 'package': '@0xsequence/abi_0.0.0-20220630215108', 'message': 'no deps or dev-deps'}
{'statusCode': 0, 'package': '@0xsequence/abi_0.0.0-20220703182449', 'message': 'no deps or dev-deps'}
{'statusCode': 0, 'package': '@0xsequence/abi_0.0.0-20220704043930', 'message': 'no deps or dev-deps'}
{'statusCode': 0, 'package': '@0xsequence/abi_0.0.0-20220706193010', 'message': 'no deps or dev-deps'}
{'statusCode': 0, 'package': '@0xsequence/abi_0.0.0-20220710174545', 'message': 'no deps or dev-deps'}
{'statusCode': 0, 'package': '@0xsequence/abi_0.0.0-coolcats-0.36.12-20220711222640', 'message': 'no deps or dev-deps'}
{'statusCode': 0, 'package': '@0xsequence/abi_0.40.0', 'message': 'no deps or dev-deps'}
{'statusCode': 0, 'package': '@0xsequence/abi_0.40.1', 'message': 'no deps or dev-deps'}
{'statusCode': 0, 'package': '@0xsequence/abi_0.0.0-20220713211319', 'message': 'no deps or dev-deps'}
{'statusCode': 0, 'package': '@0xsequence/abi_0.0.0-20220714164224', 'message': 'no deps or dev-deps'}
{'statusCode': 0, 'package': '@0xsequence/abi_0.40.2', 'message': 'no deps or dev-deps'}
{'statusCode': 0, 'package': '@0xsequence/abi_0.0.0-20220719173737', 'message': 'no deps or dev-deps'}
{'statusCode': 0, 'package': '@0xsequence/abi_0.0.0-20220722145329', 'message': 'no deps or dev-deps'}
{'statusCode': 0, 'package': '@0xsequence/abi_0.0.0-20220725200200', 'message': 'no deps or dev-deps'}
{'statusCode': 0, 'package': '@0xsequence/abi_0.40.3', 'message': 'no deps or dev-deps'}
{'statusCode': 0, 'package': '@0xsequence/abi_0.0.0-20220728141414', 'message': 'no deps or dev-deps'}
{'statusCode': 0, 'package': '@0xsequence/abi_0.40.4', 'message': 'no deps or dev-deps'}
{'statusCode': 0, 'package': '@0xsequence/abi_0.0.0-20220728215555', 'message': 'no deps or dev-deps'}
{'statusCode': 0, 'package': '@0xsequence/abi_0.40.5', 'message': 'no deps or dev-deps'}
{'statusCode': 0, 'package': '@0xsequence/abi_0.0.0-20220804202525', 'message': 'no deps or dev-deps'}
{'statusCode': 0, 'package': '@0xsequence/abi_0.40.6', 'message': 'no deps or dev-deps'}
{'statusCode': 0, 'package': '@0xsequence/abi_0.0.0-20220825181818', 'message': 'no deps or dev-deps'}
{'statusCode': 0, 'package': '@0xsequence/abi_0.0.0-20220825190100', 'message': 'no deps or dev-deps'}
{'statusCode': 0, 'package': '@0xsequence/abi_0.41.0', 'message': 'no deps or dev-deps'}
{'statusCode': 0, 'package': '@0xsequence/abi_0.41.1', 'message': 'no deps or dev-deps'}
{'statusCode': 0, 'package': '@0xsequence/abi_0.41.2', 'message': 'no deps or dev-deps'}
{'statusCode': 0, 'package': '@0xsequence/abi_0.41.3', 'message': 'no deps or dev-deps'}
{'statusCode': 0, 'package': '@0xsequence/abi_0.42.0', 'message': 'no deps or dev-deps'}
{'statusCode': 0, 'package': '@0xsequence/abi_0.42.1', 'message': 'no deps or dev-deps'}
{'statusCode': 0, 'package': '@0xsequence/abi_0.42.2', 'message': 'no deps or dev-deps'}
{'statusCode': 0, 'package': '@0xsequence/abi_0.42.3', 'message': 'no deps or dev-deps'}
{'statusCode': 0, 'package': '@0xsequence/abi_0.42.4', 'message': 'no deps or dev-deps'}
{'statusCode': 0, 'package': '@0xsequence/abi_0.42.5', 'message': 'no deps or dev-deps'}
{'statusCode': 0, 'package': '@0xsequence/abi_0.42.6', 'message': 'no deps or dev-deps'}
{'statusCode': 0, 'package': '@0xsequence/abi_0.42.7', 'message': 'no deps or dev-deps'}
{'statusCode': 0, 'package': '@0xsequence/abi_0.42.8', 'message': 'no deps or dev-deps'}
{'statusCode': 0, 'package': '@0xsequence/abi_0.42.9', 'message': 'no deps or dev-deps'}
{'statusCode': 0, 'package': '@0xsequence/abi_0.42.10', 'message': 'no deps or dev-deps'}
{'statusCode': 0, 'package': '@0xsequence/abi_0.43.0', 'message': 'no deps or dev-deps'}
{'statusCode': 0, 'package': '@0xsequence/abi_0.43.1', 'message': 'no deps or dev-deps'}
{'statusCode': 0, 'package': '@0xsequence/abi_0.43.2', 'message': 'no deps or dev-deps'}
{'statusCode': 0, 'package': '@0xsequence/abi_0.43.3', 'message': 'no deps or dev-deps'}
{'statusCode': 0, 'package': '@0xsequence/abi_0.0.0-20221124173317', 'message': 'no deps or dev-deps'}
{'statusCode': 0, 'package': '@0xsequence/abi_0.43.4', 'message': 'no deps or dev-deps'}
{'statusCode': 0, 'package': '@0xsequence/abi_0.43.5', 'message': 'no deps or dev-deps'}
{'statusCode': 0, 'package': '@0xsequence/abi_0.43.6', 'message': 'no deps or dev-deps'}
{'statusCode': 0, 'package': '@0xsequence/abi_0.43.7', 'message': 'no deps or dev-deps'}
{'statusCode': 0, 'package': '@0xsequence/abi_0.7.0', 'message': 'no deps or dev-deps'}
{'statusCode': 0, 'package': '@0xsequence/abi_0.8.0', 'message': 'no deps or dev-deps'}
{'statusCode': 0, 'package': '@0xsequence/abi_0.8.1', 'message': 'no deps or dev-deps'}
{'statusCode': 0, 'package': '@0xsequence/abi_0.8.2', 'message': 'no deps or dev-deps'}
{'statusCode': 0, 'package': '@0xsequence/abi_0.8.3', 'message': 'no deps or dev-deps'}
{'statusCode': 0, 'package': '@0xsequence/abi_0.8.4', 'message': 'no deps or dev-deps'}
{'statusCode': 0, 'package': '@0xsequence/abi_0.8.5', 'message': 'no deps or dev-deps'}
{'statusCode': 0, 'package': '@0xsequence/abi_0.9.1', 'message': 'no deps or dev-deps'}
{'statusCode': 0, 'package': '@0xsequence/abi_0.9.3', 'message': 'no deps or dev-deps'}
{'statusCode': 0, 'package': '@0xsequence/abi_0.9.6', 'message': 'no deps or dev-deps'}
{'statusCode': 0, 'package': '@0xsequence/abi_0.10.0', 'message': 'no deps or dev-deps'}
{'statusCode': 0, 'package': '@0xsequence/abi_0.10.1', 'message': 'no deps or dev-deps'}
{'statusCode': 0, 'package': '@0xsequence/abi_0.10.2', 'message': 'no deps or dev-deps'}
{'statusCode': 0, 'package': '@0xsequence/abi_0.10.3', 'message': 'no deps or dev-deps'}
{'statusCode': 0, 'package': '@0xsequence/abi_0.10.4', 'message': 'no deps or dev-deps'}
{'statusCode': 0, 'package': '@0xsequence/abi_0.10.5', 'message': 'no deps or dev-deps'}
{'statusCode': 0, 'package': '@0xsequence/abi_0.10.6', 'message': 'no deps or dev-deps'}
{'statusCode': 0, 'package': '@0xsequence/abi_0.10.7', 'message': 'no deps or dev-deps'}
{'statusCode': 0, 'package': '@0xsequence/abi_0.10.8', 'message': 'no deps or dev-deps'}
{'statusCode': 0, 'package': '@0xsequence/abi_0.10.9', 'message': 'no deps or dev-deps'}
{'statusCode': 0, 'package': '@0xsequence/abi_0.11.0', 'message': 'no deps or dev-deps'}
{'statusCode': 0, 'package': '@0xsequence/abi_0.11.1', 'message': 'no deps or dev-deps'}
{'statusCode': 0, 'package': '@0xsequence/abi_0.11.2', 'message': 'no deps or dev-deps'}
{'statusCode': 0, 'package': '@0xsequence/abi_0.11.3', 'message': 'no deps or dev-deps'}
{'statusCode': 0, 'package': '@0xsequence/abi_0.11.4', 'message': 'no deps or dev-deps'}
{'statusCode': 0, 'package': '@0xsequence/abi_0.12.0', 'message': 'no deps or dev-deps'}
{'statusCode': 0, 'package': '@0xsequence/abi_0.12.1', 'message': 'no deps or dev-deps'}
{'statusCode': 0, 'package': '@0xsequence/abi_0.13.0', 'message': 'no deps or dev-deps'}
{'statusCode': 0, 'package': '@0xsequence/abi_0.14.0', 'message': 'no deps or dev-deps'}
{'statusCode': 0, 'package': '@0xsequence/abi_0.14.3', 'message': 'no deps or dev-deps'}
{'statusCode': 0, 'package': '@0xsequence/abi_0.15.1', 'message': 'no deps or dev-deps'}
{'statusCode': 0, 'package': '@0xsequence/abi_0.16.0', 'message': 'no deps or dev-deps'}
{'statusCode': 0, 'package': '@0xsequence/abi_0.18.0', 'message': 'no deps or dev-deps'}
{'statusCode': 0, 'package': '@0xsequence/abi_0.19.0', 'message': 'no deps or dev-deps'}
{'statusCode': 0, 'package': '@0xsequence/abi_0.19.2', 'message': 'no deps or dev-deps'}
{'statusCode': 0, 'package': '@0xsequence/abi_0.19.3', 'message': 'no deps or dev-deps'}
{'statusCode': 0, 'package': '@0xsequence/abi_0.21.0', 'message': 'no deps or dev-deps'}
{'statusCode': 0, 'package': '@0xsequence/abi_0.21.2', 'message': 'no deps or dev-deps'}
{'statusCode': 0, 'package': '@0xsequence/abi_0.21.3', 'message': 'no deps or dev-deps'}
{'statusCode': 0, 'package': '@0xsequence/abi_0.21.4', 'message': 'no deps or dev-deps'}
{'statusCode': 0, 'package': '@0xsequence/abi_0.21.5', 'message': 'no deps or dev-deps'}
{'statusCode': 0, 'package': '@0xsequence/abi_0.22.0', 'message': 'no deps or dev-deps'}
{'statusCode': 0, 'package': '@0xsequence/abi_0.22.1', 'message': 'no deps or dev-deps'}
{'statusCode': 0, 'package': '@0xsequence/abi_0.22.2', 'message': 'no deps or dev-deps'}
{'statusCode': 0, 'package': '@0xsequence/abi_0.23.0', 'message': 'no deps or dev-deps'}
{'statusCode': 0, 'package': '@0xsequence/abi_0.25.0', 'message': 'no deps or dev-deps'}
{'statusCode': 0, 'package': '@0xsequence/abi_0.25.1', 'message': 'no deps or dev-deps'}
{'statusCode': 0, 'package': '@0xsequence/abi_0.27.0', 'message': 'no deps or dev-deps'}
{'statusCode': 0, 'package': '@0xsequence/abi_0.28.0', 'message': 'no deps or dev-deps'}
{'statusCode': 0, 'package': '@0xsequence/abi_0.0.0-202182516517', 'message': 'no deps or dev-deps'}
{'statusCode': 0, 'package': '@0xsequence/abi_0.0.0-202182517435', 'message': 'no deps or dev-deps'}
{'statusCode': 0, 'package': '@0xsequence/abi_0.0.0-2021827201516', 'message': 'no deps or dev-deps'}
{'statusCode': 0, 'package': '@0xsequence/abi_0.29.0', 'message': 'no deps or dev-deps'}
{'statusCode': 0, 'package': '@0xsequence/abi_0.29.8', 'message': 'no deps or dev-deps'}
{'statusCode': 0, 'package': '@0xsequence/abi_0.30.0', 'message': 'no deps or dev-deps'}
{'statusCode': 0, 'package': '@0xsequence/abi_0.31.0', 'message': 'no deps or dev-deps'}
{'statusCode': 0, 'package': '@0xsequence/abi_0.34.0', 'message': 'no deps or dev-deps'}
{'statusCode': 0, 'package': '@0xsequence/abi_0.35.0', 'message': 'no deps or dev-deps'}
{'statusCode': 0, 'package': '@0xsequence/abi_0.35.1', 'message': 'no deps or dev-deps'}
{'statusCode': 0, 'package': '@0xsequence/abi_0.35.2', 'message': 'no deps or dev-deps'}
{'statusCode': 0, 'package': '@0xsequence/abi_0.35.3', 'message': 'no deps or dev-deps'}
{'statusCode': 0, 'package': '@0xsequence/abi_0.35.4', 'message': 'no deps or dev-deps'}
{'statusCode': 0, 'package': '@0xsequence/abi_0.35.5', 'message': 'no deps or dev-deps'}
{'statusCode': 0, 'package': '@0xsequence/abi_0.35.6', 'message': 'no deps or dev-deps'}
{'statusCode': 0, 'package': '@0xsequence/abi_0.35.7', 'message': 'no deps or dev-deps'}
{'statusCode': 0, 'package': '@0xsequence/abi_0.35.8', 'message': 'no deps or dev-deps'}
{'statusCode': 0, 'package': '@0xsequence/abi_0.35.9', 'message': 'no deps or dev-deps'}
{'statusCode': 0, 'package': '@0xsequence/abi_0.35.10', 'message': 'no deps or dev-deps'}
{'statusCode': 0, 'package': '@0xsequence/abi_0.35.11', 'message': 'no deps or dev-deps'}
{'statusCode': 0, 'package': '@0xsequence/abi_0.35.12', 'message': 'no deps or dev-deps'}
{'statusCode': 0, 'package': '@0xsequence/abi_0.36.0', 'message': 'no deps or dev-deps'}
{'statusCode': 0, 'package': '@0xsequence/abi_0.36.1', 'message': 'no deps or dev-deps'}
{'statusCode': 0, 'package': '@0xsequence/abi_0.36.2', 'message': 'no deps or dev-deps'}
{'statusCode': 0, 'package': '@0xsequence/abi_0.36.3', 'message': 'no deps or dev-deps'}
{'statusCode': 0, 'package': '@0xsequence/abi_0.36.4', 'message': 'no deps or dev-deps'}
{'statusCode': 0, 'package': '@0xsequence/abi_0.36.5', 'message': 'no deps or dev-deps'}
{'statusCode': 0, 'package': '@0xsequence/abi_0.36.6', 'message': 'no deps or dev-deps'}
{'statusCode': 0, 'package': '@0xsequence/abi_0.36.7', 'message': 'no deps or dev-deps'}
{'statusCode': 0, 'package': '@0xsequence/abi_0.36.8', 'message': 'no deps or dev-deps'}
{'statusCode': 0, 'package': '@0xsequence/abi_0.36.9', 'message': 'no deps or dev-deps'}
{'statusCode': 0, 'package': '@0xsequence/abi_0.36.10', 'message': 'no deps or dev-deps'}
{'statusCode': 0, 'package': '@0xsequence/abi_0.0.0-20220418165517', 'message': 'no deps or dev-deps'}
{'statusCode': 0, 'package': '@0xsequence/abi_0.36.11', 'message': 'no deps or dev-deps'}
{'statusCode': 0, 'package': '@0xsequence/abi_0.0.0-20220425195445', 'message': 'no deps or dev-deps'}
{'statusCode': 0, 'package': '@0xsequence/abi_0.36.12', 'message': 'no deps or dev-deps'}
{'statusCode': 0, 'package': '@0xsequence/abi_0.0.0-20220427054350', 'message': 'no deps or dev-deps'}
{'statusCode': 0, 'package': '@0xsequence/abi_0.0.0-20220427055332', 'message': 'no deps or dev-deps'}
{'statusCode': 0, 'package': '@0xsequence/abi_0.0.0-20220427161307', 'message': 'no deps or dev-deps'}
{'statusCode': 0, 'package': '@0xsequence/abi_0.0.0-20220427162812', 'message': 'no deps or dev-deps'}
{'statusCode': 0, 'package': '@0xsequence/abi_0.36.13', 'message': 'no deps or dev-deps'}
{'statusCode': 0, 'package': '@0xsequence/abi_0.37.0', 'message': 'no deps or dev-deps'}
{'statusCode': 0, 'package': '@0xsequence/abi_0.37.1', 'message': 'no deps or dev-deps'}
{'statusCode': 0, 'package': '@0xsequence/abi_0.0.0-20220506174803', 'message': 'no deps or dev-deps'}
{'statusCode': 0, 'package': '@0xsequence/abi_0.0.0-20220506195001', 'message': 'no deps or dev-deps'}
{'statusCode': 0, 'package': '@0xsequence/abi_0.0.0-20220513134147', 'message': 'no deps or dev-deps'}
{'statusCode': 0, 'package': '@0xsequence/abi_0.38.0', 'message': 'no deps or dev-deps'}
{'statusCode': 0, 'package': '@0xsequence/abi_0.38.1', 'message': 'no deps or dev-deps'}
{'statusCode': 0, 'package': '@0xsequence/abi_0.38.2', 'message': 'no deps or dev-deps'}
{'statusCode': 0, 'package': '@0xsequence/abi_0.39.0', 'message': 'no deps or dev-deps'}
{'statusCode': 0, 'package': '@0xsequence/abi_0.0.0-20220519151110', 'message': 'no deps or dev-deps'}
{'statusCode': 0, 'package': '@0xsequence/abi_0.0.0-20220519202656', 'message': 'no deps or dev-deps'}
{'statusCode': 0, 'package': '@0xsequence/abi_0.0.0-20220601185217', 'message': 'no deps or dev-deps'}
{'statusCode': 0, 'package': '@0xsequence/abi_0.39.1', 'message': 'no deps or dev-deps'}
{'statusCode': 0, 'package': '@0xsequence/abi_0.39.2', 'message': 'no deps or dev-deps'}
{'statusCode': 0, 'package': '@0xsequence/abi_0.0.0-20220609204505', 'message': 'no deps or dev-deps'}
{'statusCode': 0, 'package': '@0xsequence/abi_0.0.0-20220610134843', 'message': 'no deps or dev-deps'}
{'statusCode': 0, 'package': '@0xsequence/abi_0.39.3', 'message': 'no deps or dev-deps'}
{'statusCode': 0, 'package': '@0xsequence/abi_0.0.0-20220614152529', 'message': 'no deps or dev-deps'}
{'statusCode': 0, 'package': '@0xsequence/abi_0.0.0-20220616121217', 'message': 'no deps or dev-deps'}
{'statusCode': 0, 'package': '@0xsequence/abi_0.39.4', 'message': 'no deps or dev-deps'}
{'statusCode': 0, 'package': '@0xsequence/abi_0.39.5', 'message': 'no deps or dev-deps'}
{'statusCode': 0, 'package': '@0xsequence/abi_0.39.6', 'message': 'no deps or dev-deps'}
{'statusCode': 0, 'package': '@0xsequence/abi_0.0.0-26b08ee9-20220629135033', 'message': 'no deps or dev-deps'}
{'statusCode': 0, 'package': '@0xsequence/abi_0.0.0-cdbb3137-20220630190630', 'message': 'no deps or dev-deps'}
{'statusCode': 0, 'package': '@0xsequence/abi_0.0.0-cdbb3137-20220630191603', 'message': 'no deps or dev-deps'}
{'statusCode': 0, 'package': '@0xsequence/abi_0.0.0-cdbb3137-20220630192830', 'message': 'no deps or dev-deps'}
{'statusCode': 0, 'package': '@0xsequence/abi_0.0.0-20220630194654', 'message': 'no deps or dev-deps'}
{'statusCode': 0, 'package': '@0xsequence/abi_0.0.0-20220630211555', 'message': 'no deps or dev-deps'}
{'statusCode': 0, 'package': '@0xsequence/abi_0.0.0-20220630215108', 'message': 'no deps or dev-deps'}
{'statusCode': 0, 'package': '@0xsequence/abi_0.0.0-20220703182449', 'message': 'no deps or dev-deps'}
{'statusCode': 0, 'package': '@0xsequence/abi_0.0.0-20220704043930', 'message': 'no deps or dev-deps'}
{'statusCode': 0, 'package': '@0xsequence/abi_0.0.0-20220706193010', 'message': 'no deps or dev-deps'}
{'statusCode': 0, 'package': '@0xsequence/abi_0.0.0-20220710174545', 'message': 'no deps or dev-deps'}
{'statusCode': 0, 'package': '@0xsequence/abi_0.0.0-coolcats-0.36.12-20220711222640', 'message': 'no deps or dev-deps'}
{'statusCode': 0, 'package': '@0xsequence/abi_0.40.0', 'message': 'no deps or dev-deps'}
{'statusCode': 0, 'package': '@0xsequence/abi_0.40.1', 'message': 'no deps or dev-deps'}
{'statusCode': 0, 'package': '@0xsequence/abi_0.0.0-20220713211319', 'message': 'no deps or dev-deps'}
{'statusCode': 0, 'package': '@0xsequence/abi_0.0.0-20220714164224', 'message': 'no deps or dev-deps'}
{'statusCode': 0, 'package': '@0xsequence/abi_0.40.2', 'message': 'no deps or dev-deps'}
{'statusCode': 0, 'package': '@0xsequence/abi_0.0.0-20220719173737', 'message': 'no deps or dev-deps'}
{'statusCode': 0, 'package': '@0xsequence/abi_0.0.0-20220722145329', 'message': 'no deps or dev-deps'}
{'statusCode': 0, 'package': '@0xsequence/abi_0.0.0-20220725200200', 'message': 'no deps or dev-deps'}
{'statusCode': 0, 'package': '@0xsequence/abi_0.40.3', 'message': 'no deps or dev-deps'}
{'statusCode': 0, 'package': '@0xsequence/abi_0.0.0-20220728141414', 'message': 'no deps or dev-deps'}
{'statusCode': 0, 'package': '@0xsequence/abi_0.40.4', 'message': 'no deps or dev-deps'}
{'statusCode': 0, 'package': '@0xsequence/abi_0.0.0-20220728215555', 'message': 'no deps or dev-deps'}
{'statusCode': 0, 'package': '@0xsequence/abi_0.40.5', 'message': 'no deps or dev-deps'}
{'statusCode': 0, 'package': '@0xsequence/abi_0.0.0-20220804202525', 'message': 'no deps or dev-deps'}
{'statusCode': 0, 'package': '@0xsequence/abi_0.40.6', 'message': 'no deps or dev-deps'}
{'statusCode': 0, 'package': '@0xsequence/abi_0.0.0-20220825181818', 'message': 'no deps or dev-deps'}
{'statusCode': 0, 'package': '@0xsequence/abi_0.0.0-20220825190100', 'message': 'no deps or dev-deps'}
{'statusCode': 0, 'package': '@0xsequence/abi_0.41.0', 'message': 'no deps or dev-deps'}
{'statusCode': 0, 'package': '@0xsequence/abi_0.41.1', 'message': 'no deps or dev-deps'}
{'statusCode': 0, 'package': '@0xsequence/abi_0.41.2', 'message': 'no deps or dev-deps'}
{'statusCode': 0, 'package': '@0xsequence/abi_0.41.3', 'message': 'no deps or dev-deps'}
{'statusCode': 0, 'package': '@0xsequence/abi_0.42.0', 'message': 'no deps or dev-deps'}
{'statusCode': 0, 'package': '@0xsequence/abi_0.42.1', 'message': 'no deps or dev-deps'}
{'statusCode': 0, 'package': '@0xsequence/abi_0.42.2', 'message': 'no deps or dev-deps'}
{'statusCode': 0, 'package': '@0xsequence/abi_0.42.3', 'message': 'no deps or dev-deps'}
{'statusCode': 0, 'package': '@0xsequence/abi_0.42.4', 'message': 'no deps or dev-deps'}
{'statusCode': 0, 'package': '@0xsequence/abi_0.42.5', 'message': 'no deps or dev-deps'}
{'statusCode': 0, 'package': '@0xsequence/abi_0.42.6', 'message': 'no deps or dev-deps'}
{'statusCode': 0, 'package': '@0xsequence/abi_0.42.7', 'message': 'no deps or dev-deps'}
{'statusCode': 0, 'package': '@0xsequence/abi_0.42.8', 'message': 'no deps or dev-deps'}
{'statusCode': 0, 'package': '@0xsequence/abi_0.42.9', 'message': 'no deps or dev-deps'}
{'statusCode': 0, 'package': '@0xsequence/abi_0.42.10', 'message': 'no deps or dev-deps'}
{'statusCode': 0, 'package': '@0xsequence/abi_0.43.0', 'message': 'no deps or dev-deps'}
{'statusCode': 0, 'package': '@0xsequence/abi_0.43.1', 'message': 'no deps or dev-deps'}
{'statusCode': 0, 'package': '@0xsequence/abi_0.43.2', 'message': 'no deps or dev-deps'}
{'statusCode': 0, 'package': '@0xsequence/abi_0.43.3', 'message': 'no deps or dev-deps'}
{'statusCode': 0, 'package': '@0xsequence/abi_0.0.0-20221124173317', 'message': 'no deps or dev-deps'}
{'statusCode': 0, 'package': '@0xsequence/abi_0.43.4', 'message': 'no deps or dev-deps'}
{'statusCode': 0, 'package': '@0xsequence/abi_0.43.5', 'message': 'no deps or dev-deps'}
{'statusCode': 0, 'package': '@0xsequence/abi_0.43.6', 'message': 'no deps or dev-deps'}
{'statusCode': 0, 'package': '@0xsequence/abi_0.43.7', 'message': 'no deps or dev-deps'}
{'statusCode': 0, 'package': '@0xsequence/abi_0.7.0', 'message': 'no deps or dev-deps'}
{'statusCode': 0, 'package': '@0xsequence/abi_0.8.0', 'message': 'no deps or dev-deps'}
{'statusCode': 0, 'package': '@0xsequence/abi_0.8.1', 'message': 'no deps or dev-deps'}
{'statusCode': 0, 'package': '@0xsequence/abi_0.8.2', 'message': 'no deps or dev-deps'}
{'statusCode': 0, 'package': '@0xsequence/abi_0.8.3', 'message': 'no deps or dev-deps'}
{'statusCode': 0, 'package': '@0xsequence/abi_0.8.4', 'message': 'no deps or dev-deps'}
{'statusCode': 0, 'package': '@0xsequence/abi_0.8.5', 'message': 'no deps or dev-deps'}
{'statusCode': 0, 'package': '@0xsequence/abi_0.9.1', 'message': 'no deps or dev-deps'}
{'statusCode': 0, 'package': '@0xsequence/abi_0.9.3', 'message': 'no deps or dev-deps'}
{'statusCode': 0, 'package': '@0xsequence/abi_0.9.6', 'message': 'no deps or dev-deps'}
{'statusCode': 0, 'package': '@0xsequence/abi_0.10.0', 'message': 'no deps or dev-deps'}
{'statusCode': 0, 'package': '@0xsequence/abi_0.10.1', 'message': 'no deps or dev-deps'}
{'statusCode': 0, 'package': '@0xsequence/abi_0.10.2', 'message': 'no deps or dev-deps'}
{'statusCode': 0, 'package': '@0xsequence/abi_0.10.3', 'message': 'no deps or dev-deps'}
{'statusCode': 0, 'package': '@0xsequence/abi_0.10.4', 'message': 'no deps or dev-deps'}
{'statusCode': 0, 'package': '@0xsequence/abi_0.10.5', 'message': 'no deps or dev-deps'}
{'statusCode': 0, 'package': '@0xsequence/abi_0.10.6', 'message': 'no deps or dev-deps'}
{'statusCode': 0, 'package': '@0xsequence/abi_0.10.7', 'message': 'no deps or dev-deps'}
{'statusCode': 0, 'package': '@0xsequence/abi_0.10.8', 'message': 'no deps or dev-deps'}
{'statusCode': 0, 'package': '@0xsequence/abi_0.10.9', 'message': 'no deps or dev-deps'}
{'statusCode': 0, 'package': '@0xsequence/abi_0.11.0', 'message': 'no deps or dev-deps'}
{'statusCode': 0, 'package': '@0xsequence/abi_0.11.1', 'message': 'no deps or dev-deps'}
{'statusCode': 0, 'package': '@0xsequence/abi_0.11.2', 'message': 'no deps or dev-deps'}
{'statusCode': 0, 'package': '@0xsequence/abi_0.11.3', 'message': 'no deps or dev-deps'}
{'statusCode': 0, 'package': '@0xsequence/abi_0.11.4', 'message': 'no deps or dev-deps'}
{'statusCode': 0, 'package': '@0xsequence/abi_0.12.0', 'message': 'no deps or dev-deps'}
{'statusCode': 0, 'package': '@0xsequence/abi_0.12.1', 'message': 'no deps or dev-deps'}
{'statusCode': 0, 'package': '@0xsequence/abi_0.13.0', 'message': 'no deps or dev-deps'}
{'statusCode': 0, 'package': '@0xsequence/abi_0.14.0', 'message': 'no deps or dev-deps'}
{'statusCode': 0, 'package': '@0xsequence/abi_0.14.3', 'message': 'no deps or dev-deps'}
{'statusCode': 0, 'package': '@0xsequence/abi_0.15.1', 'message': 'no deps or dev-deps'}
{'statusCode': 0, 'package': '@0xsequence/abi_0.16.0', 'message': 'no deps or dev-deps'}
{'statusCode': 0, 'package': '@0xsequence/abi_0.18.0', 'message': 'no deps or dev-deps'}
{'statusCode': 0, 'package': '@0xsequence/abi_0.19.0', 'message': 'no deps or dev-deps'}
{'statusCode': 0, 'package': '@0xsequence/abi_0.19.2', 'message': 'no deps or dev-deps'}
{'statusCode': 0, 'package': '@0xsequence/abi_0.19.3', 'message': 'no deps or dev-deps'}
{'statusCode': 0, 'package': '@0xsequence/abi_0.21.0', 'message': 'no deps or dev-deps'}
{'statusCode': 0, 'package': '@0xsequence/abi_0.21.2', 'message': 'no deps or dev-deps'}
{'statusCode': 0, 'package': '@0xsequence/abi_0.21.3', 'message': 'no deps or dev-deps'}
{'statusCode': 0, 'package': '@0xsequence/abi_0.21.4', 'message': 'no deps or dev-deps'}
{'statusCode': 0, 'package': '@0xsequence/abi_0.21.5', 'message': 'no deps or dev-deps'}
{'statusCode': 0, 'package': '@0xsequence/abi_0.22.0', 'message': 'no deps or dev-deps'}
{'statusCode': 0, 'package': '@0xsequence/abi_0.22.1', 'message': 'no deps or dev-deps'}
{'statusCode': 0, 'package': '@0xsequence/abi_0.22.2', 'message': 'no deps or dev-deps'}
{'statusCode': 0, 'package': '@0xsequence/abi_0.23.0', 'message': 'no deps or dev-deps'}
{'statusCode': 0, 'package': '@0xsequence/abi_0.25.0', 'message': 'no deps or dev-deps'}
{'statusCode': 0, 'package': '@0xsequence/abi_0.25.1', 'message': 'no deps or dev-deps'}
{'statusCode': 0, 'package': '@0xsequence/abi_0.27.0', 'message': 'no deps or dev-deps'}
{'statusCode': 0, 'package': '@0xsequence/abi_0.28.0', 'message': 'no deps or dev-deps'}
{'statusCode': 0, 'package': '@0xsequence/abi_0.0.0-202182516517', 'message': 'no deps or dev-deps'}
{'statusCode': 0, 'package': '@0xsequence/abi_0.0.0-202182517435', 'message': 'no deps or dev-deps'}
{'statusCode': 0, 'package': '@0xsequence/abi_0.0.0-2021827201516', 'message': 'no deps or dev-deps'}
{'statusCode': 0, 'package': '@0xsequence/abi_0.29.0', 'message': 'no deps or dev-deps'}
{'statusCode': 0, 'package': '@0xsequence/abi_0.29.8', 'message': 'no deps or dev-deps'}
{'statusCode': 0, 'package': '@0xsequence/abi_0.30.0', 'message': 'no deps or dev-deps'}
{'statusCode': 0, 'package': '@0xsequence/abi_0.31.0', 'message': 'no deps or dev-deps'}
{'statusCode': 0, 'package': '@0xsequence/abi_0.34.0', 'message': 'no deps or dev-deps'}
{'statusCode': 0, 'package': '@0xsequence/abi_0.35.0', 'message': 'no deps or dev-deps'}
{'statusCode': 0, 'package': '@0xsequence/abi_0.35.1', 'message': 'no deps or dev-deps'}
{'statusCode': 0, 'package': '@0xsequence/abi_0.35.2', 'message': 'no deps or dev-deps'}
{'statusCode': 0, 'package': '@0xsequence/abi_0.35.3', 'message': 'no deps or dev-deps'}
{'statusCode': 0, 'package': '@0xsequence/abi_0.35.4', 'message': 'no deps or dev-deps'}
{'statusCode': 0, 'package': '@0xsequence/abi_0.35.5', 'message': 'no deps or dev-deps'}
{'statusCode': 0, 'package': '@0xsequence/abi_0.35.6', 'message': 'no deps or dev-deps'}
{'statusCode': 0, 'package': '@0xsequence/abi_0.35.7', 'message': 'no deps or dev-deps'}
{'statusCode': 0, 'package': '@0xsequence/abi_0.35.8', 'message': 'no deps or dev-deps'}
{'statusCode': 0, 'package': '@0xsequence/abi_0.35.9', 'message': 'no deps or dev-deps'}
{'statusCode': 0, 'package': '@0xsequence/abi_0.35.10', 'message': 'no deps or dev-deps'}
{'statusCode': 0, 'package': '@0xsequence/abi_0.35.11', 'message': 'no deps or dev-deps'}
{'statusCode': 0, 'package': '@0xsequence/abi_0.35.12', 'message': 'no deps or dev-deps'}
{'statusCode': 0, 'package': '@0xsequence/abi_0.36.0', 'message': 'no deps or dev-deps'}
{'statusCode': 0, 'package': '@0xsequence/abi_0.36.1', 'message': 'no deps or dev-deps'}
{'statusCode': 0, 'package': '@0xsequence/abi_0.36.2', 'message': 'no deps or dev-deps'}
{'statusCode': 0, 'package': '@0xsequence/abi_0.36.3', 'message': 'no deps or dev-deps'}
{'statusCode': 0, 'package': '@0xsequence/abi_0.36.4', 'message': 'no deps or dev-deps'}
{'statusCode': 0, 'package': '@0xsequence/abi_0.36.5', 'message': 'no deps or dev-deps'}
{'statusCode': 0, 'package': '@0xsequence/abi_0.36.6', 'message': 'no deps or dev-deps'}
{'statusCode': 0, 'package': '@0xsequence/abi_0.36.7', 'message': 'no deps or dev-deps'}
{'statusCode': 0, 'package': '@0xsequence/abi_0.36.8', 'message': 'no deps or dev-deps'}
{'statusCode': 0, 'package': '@0xsequence/abi_0.36.9', 'message': 'no deps or dev-deps'}
{'statusCode': 0, 'package': '@0xsequence/abi_0.36.10', 'message': 'no deps or dev-deps'}
{'statusCode': 0, 'package': '@0xsequence/abi_0.0.0-20220418165517', 'message': 'no deps or dev-deps'}
{'statusCode': 0, 'package': '@0xsequence/abi_0.36.11', 'message': 'no deps or dev-deps'}
{'statusCode': 0, 'package': '@0xsequence/abi_0.0.0-20220425195445', 'message': 'no deps or dev-deps'}
{'statusCode': 0, 'package': '@0xsequence/abi_0.36.12', 'message': 'no deps or dev-deps'}
{'statusCode': 0, 'package': '@0xsequence/abi_0.0.0-20220427054350', 'message': 'no deps or dev-deps'}
{'statusCode': 0, 'package': '@0xsequence/abi_0.0.0-20220427055332', 'message': 'no deps or dev-deps'}
{'statusCode': 0, 'package': '@0xsequence/abi_0.0.0-20220427161307', 'message': 'no deps or dev-deps'}
{'statusCode': 0, 'package': '@0xsequence/abi_0.0.0-20220427162812', 'message': 'no deps or dev-deps'}
{'statusCode': 0, 'package': '@0xsequence/abi_0.36.13', 'message': 'no deps or dev-deps'}
{'statusCode': 0, 'package': '@0xsequence/abi_0.37.0', 'message': 'no deps or dev-deps'}
{'statusCode': 0, 'package': '@0xsequence/abi_0.37.1', 'message': 'no deps or dev-deps'}
{'statusCode': 0, 'package': '@0xsequence/abi_0.0.0-20220506174803', 'message': 'no deps or dev-deps'}
{'statusCode': 0, 'package': '@0xsequence/abi_0.0.0-20220506195001', 'message': 'no deps or dev-deps'}
{'statusCode': 0, 'package': '@0xsequence/abi_0.0.0-20220513134147', 'message': 'no deps or dev-deps'}
{'statusCode': 0, 'package': '@0xsequence/abi_0.38.0', 'message': 'no deps or dev-deps'}
{'statusCode': 0, 'package': '@0xsequence/abi_0.38.1', 'message': 'no deps or dev-deps'}
{'statusCode': 0, 'package': '@0xsequence/abi_0.38.2', 'message': 'no deps or dev-deps'}
{'statusCode': 0, 'package': '@0xsequence/abi_0.39.0', 'message': 'no deps or dev-deps'}
{'statusCode': 0, 'package': '@0xsequence/abi_0.0.0-20220519151110', 'message': 'no deps or dev-deps'}
{'statusCode': 0, 'package': '@0xsequence/abi_0.0.0-20220519202656', 'message': 'no deps or dev-deps'}
{'statusCode': 0, 'package': '@0xsequence/abi_0.0.0-20220601185217', 'message': 'no deps or dev-deps'}
{'statusCode': 0, 'package': '@0xsequence/abi_0.39.1', 'message': 'no deps or dev-deps'}
{'statusCode': 0, 'package': '@0xsequence/abi_0.39.2', 'message': 'no deps or dev-deps'}
{'statusCode': 0, 'package': '@0xsequence/abi_0.0.0-20220609204505', 'message': 'no deps or dev-deps'}
{'statusCode': 0, 'package': '@0xsequence/abi_0.0.0-20220610134843', 'message': 'no deps or dev-deps'}
{'statusCode': 0, 'package': '@0xsequence/abi_0.39.3', 'message': 'no deps or dev-deps'}
{'statusCode': 0, 'package': '@0xsequence/abi_0.0.0-20220614152529', 'message': 'no deps or dev-deps'}
{'statusCode': 0, 'package': '@0xsequence/abi_0.0.0-20220616121217', 'message': 'no deps or dev-deps'}
{'statusCode': 0, 'package': '@0xsequence/abi_0.39.4', 'message': 'no deps or dev-deps'}
{'statusCode': 0, 'package': '@0xsequence/abi_0.39.5', 'message': 'no deps or dev-deps'}
{'statusCode': 0, 'package': '@0xsequence/abi_0.39.6', 'message': 'no deps or dev-deps'}
{'statusCode': 0, 'package': '@0xsequence/abi_0.0.0-26b08ee9-20220629135033', 'message': 'no deps or dev-deps'}
{'statusCode': 0, 'package': '@0xsequence/abi_0.0.0-cdbb3137-20220630190630', 'message': 'no deps or dev-deps'}
{'statusCode': 0, 'package': '@0xsequence/abi_0.0.0-cdbb3137-20220630191603', 'message': 'no deps or dev-deps'}
{'statusCode': 0, 'package': '@0xsequence/abi_0.0.0-cdbb3137-20220630192830', 'message': 'no deps or dev-deps'}
{'statusCode': 0, 'package': '@0xsequence/abi_0.0.0-20220630194654', 'message': 'no deps or dev-deps'}
{'statusCode': 0, 'package': '@0xsequence/abi_0.0.0-20220630211555', 'message': 'no deps or dev-deps'}
{'statusCode': 0, 'package': '@0xsequence/abi_0.0.0-20220630215108', 'message': 'no deps or dev-deps'}
{'statusCode': 0, 'package': '@0xsequence/abi_0.0.0-20220703182449', 'message': 'no deps or dev-deps'}
{'statusCode': 0, 'package': '@0xsequence/abi_0.0.0-20220704043930', 'message': 'no deps or dev-deps'}
{'statusCode': 0, 'package': '@0xsequence/abi_0.0.0-20220706193010', 'message': 'no deps or dev-deps'}
{'statusCode': 0, 'package': '@0xsequence/abi_0.0.0-20220710174545', 'message': 'no deps or dev-deps'}
{'statusCode': 0, 'package': '@0xsequence/abi_0.0.0-coolcats-0.36.12-20220711222640', 'message': 'no deps or dev-deps'}
{'statusCode': 0, 'package': '@0xsequence/abi_0.40.0', 'message': 'no deps or dev-deps'}
{'statusCode': 0, 'package': '@0xsequence/abi_0.40.1', 'message': 'no deps or dev-deps'}
{'statusCode': 0, 'package': '@0xsequence/abi_0.0.0-20220713211319', 'message': 'no deps or dev-deps'}
{'statusCode': 0, 'package': '@0xsequence/abi_0.0.0-20220714164224', 'message': 'no deps or dev-deps'}
{'statusCode': 0, 'package': '@0xsequence/abi_0.40.2', 'message': 'no deps or dev-deps'}
{'statusCode': 0, 'package': '@0xsequence/abi_0.0.0-20220719173737', 'message': 'no deps or dev-deps'}
{'statusCode': 0, 'package': '@0xsequence/abi_0.0.0-20220722145329', 'message': 'no deps or dev-deps'}
{'statusCode': 0, 'package': '@0xsequence/abi_0.0.0-20220725200200', 'message': 'no deps or dev-deps'}
{'statusCode': 0, 'package': '@0xsequence/abi_0.40.3', 'message': 'no deps or dev-deps'}
{'statusCode': 0, 'package': '@0xsequence/abi_0.0.0-20220728141414', 'message': 'no deps or dev-deps'}
{'statusCode': 0, 'package': '@0xsequence/abi_0.40.4', 'message': 'no deps or dev-deps'}
{'statusCode': 0, 'package': '@0xsequence/abi_0.0.0-20220728215555', 'message': 'no deps or dev-deps'}
{'statusCode': 0, 'package': '@0xsequence/abi_0.40.5', 'message': 'no deps or dev-deps'}
{'statusCode': 0, 'package': '@0xsequence/abi_0.0.0-20220804202525', 'message': 'no deps or dev-deps'}
{'statusCode': 0, 'package': '@0xsequence/abi_0.40.6', 'message': 'no deps or dev-deps'}
{'statusCode': 0, 'package': '@0xsequence/abi_0.0.0-20220825181818', 'message': 'no deps or dev-deps'}
{'statusCode': 0, 'package': '@0xsequence/abi_0.0.0-20220825190100', 'message': 'no deps or dev-deps'}
{'statusCode': 0, 'package': '@0xsequence/abi_0.41.0', 'message': 'no deps or dev-deps'}
{'statusCode': 0, 'package': '@0xsequence/abi_0.41.1', 'message': 'no deps or dev-deps'}
{'statusCode': 0, 'package': '@0xsequence/abi_0.41.2', 'message': 'no deps or dev-deps'}
{'statusCode': 0, 'package': '@0xsequence/abi_0.41.3', 'message': 'no deps or dev-deps'}
{'statusCode': 0, 'package': '@0xsequence/abi_0.42.0', 'message': 'no deps or dev-deps'}
{'statusCode': 0, 'package': '@0xsequence/abi_0.42.1', 'message': 'no deps or dev-deps'}
{'statusCode': 0, 'package': '@0xsequence/abi_0.42.2', 'message': 'no deps or dev-deps'}
{'statusCode': 0, 'package': '@0xsequence/abi_0.42.3', 'message': 'no deps or dev-deps'}
{'statusCode': 0, 'package': '@0xsequence/abi_0.42.4', 'message': 'no deps or dev-deps'}
{'statusCode': 0, 'package': '@0xsequence/abi_0.42.5', 'message': 'no deps or dev-deps'}
{'statusCode': 0, 'package': '@0xsequence/abi_0.42.6', 'message': 'no deps or dev-deps'}
{'statusCode': 0, 'package': '@0xsequence/abi_0.42.7', 'message': 'no deps or dev-deps'}
{'statusCode': 0, 'package': '@0xsequence/abi_0.42.8', 'message': 'no deps or dev-deps'}
{'statusCode': 0, 'package': '@0xsequence/abi_0.42.9', 'message': 'no deps or dev-deps'}
{'statusCode': 0, 'package': '@0xsequence/abi_0.42.10', 'message': 'no deps or dev-deps'}
{'statusCode': 0, 'package': '@0xsequence/abi_0.43.0', 'message': 'no deps or dev-deps'}
{'statusCode': 0, 'package': '@0xsequence/abi_0.43.1', 'message': 'no deps or dev-deps'}
{'statusCode': 0, 'package': '@0xsequence/abi_0.43.2', 'message': 'no deps or dev-deps'}
{'statusCode': 0, 'package': '@0xsequence/abi_0.43.3', 'message': 'no deps or dev-deps'}
{'statusCode': 0, 'package': '@0xsequence/abi_0.0.0-20221124173317', 'message': 'no deps or dev-deps'}
{'statusCode': 0, 'package': '@0xsequence/abi_0.43.4', 'message': 'no deps or dev-deps'}
{'statusCode': 0, 'package': '@0xsequence/abi_0.43.5', 'message': 'no deps or dev-deps'}
{'statusCode': 0, 'package': '@0xsequence/abi_0.43.6', 'message': 'no deps or dev-deps'}
{'statusCode': 0, 'package': '@0xsequence/abi_0.43.7', 'message': 'no deps or dev-deps'}
{'statusCode': 0, 'package': '@0xsequence/abi_0.7.0', 'message': 'no deps or dev-deps'}
{'statusCode': 0, 'package': '@0xsequence/abi_0.8.0', 'message': 'no deps or dev-deps'}
{'statusCode': 0, 'package': '@0xsequence/abi_0.8.1', 'message': 'no deps or dev-deps'}
{'statusCode': 0, 'package': '@0xsequence/abi_0.8.2', 'message': 'no deps or dev-deps'}
{'statusCode': 0, 'package': '@0xsequence/abi_0.8.3', 'message': 'no deps or dev-deps'}
{'statusCode': 0, 'package': '@0xsequence/abi_0.8.4', 'message': 'no deps or dev-deps'}
{'statusCode': 0, 'package': '@0xsequence/abi_0.8.5', 'message': 'no deps or dev-deps'}
{'statusCode': 0, 'package': '@0xsequence/abi_0.9.1', 'message': 'no deps or dev-deps'}
{'statusCode': 0, 'package': '@0xsequence/abi_0.9.3', 'message': 'no deps or dev-deps'}
{'statusCode': 0, 'package': '@0xsequence/abi_0.9.6', 'message': 'no deps or dev-deps'}
{'statusCode': 0, 'package': '@0xsequence/abi_0.10.0', 'message': 'no deps or dev-deps'}
{'statusCode': 0, 'package': '@0xsequence/abi_0.10.1', 'message': 'no deps or dev-deps'}
{'statusCode': 0, 'package': '@0xsequence/abi_0.10.2', 'message': 'no deps or dev-deps'}
{'statusCode': 0, 'package': '@0xsequence/abi_0.10.3', 'message': 'no deps or dev-deps'}
{'statusCode': 0, 'package': '@0xsequence/abi_0.10.4', 'message': 'no deps or dev-deps'}
{'statusCode': 0, 'package': '@0xsequence/abi_0.10.5', 'message': 'no deps or dev-deps'}
{'statusCode': 0, 'package': '@0xsequence/abi_0.10.6', 'message': 'no deps or dev-deps'}
{'statusCode': 0, 'package': '@0xsequence/abi_0.10.7', 'message': 'no deps or dev-deps'}
{'statusCode': 0, 'package': '@0xsequence/abi_0.10.8', 'message': 'no deps or dev-deps'}
{'statusCode': 0, 'package': '@0xsequence/abi_0.10.9', 'message': 'no deps or dev-deps'}
{'statusCode': 0, 'package': '@0xsequence/abi_0.11.0', 'message': 'no deps or dev-deps'}
{'statusCode': 0, 'package': '@0xsequence/abi_0.11.1', 'message': 'no deps or dev-deps'}
{'statusCode': 0, 'package': '@0xsequence/abi_0.11.2', 'message': 'no deps or dev-deps'}
{'statusCode': 0, 'package': '@0xsequence/abi_0.11.3', 'message': 'no deps or dev-deps'}
{'statusCode': 0, 'package': '@0xsequence/abi_0.11.4', 'message': 'no deps or dev-deps'}
{'statusCode': 0, 'package': '@0xsequence/abi_0.12.0', 'message': 'no deps or dev-deps'}
{'statusCode': 0, 'package': '@0xsequence/abi_0.12.1', 'message': 'no deps or dev-deps'}
{'statusCode': 0, 'package': '@0xsequence/abi_0.13.0', 'message': 'no deps or dev-deps'}
{'statusCode': 0, 'package': '@0xsequence/abi_0.14.0', 'message': 'no deps or dev-deps'}
{'statusCode': 0, 'package': '@0xsequence/abi_0.14.3', 'message': 'no deps or dev-deps'}
{'statusCode': 0, 'package': '@0xsequence/abi_0.15.1', 'message': 'no deps or dev-deps'}
{'statusCode': 0, 'package': '@0xsequence/abi_0.16.0', 'message': 'no deps or dev-deps'}
{'statusCode': 0, 'package': '@0xsequence/abi_0.18.0', 'message': 'no deps or dev-deps'}
{'statusCode': 0, 'package': '@0xsequence/abi_0.19.0', 'message': 'no deps or dev-deps'}
{'statusCode': 0, 'package': '@0xsequence/abi_0.19.2', 'message': 'no deps or dev-deps'}
{'statusCode': 0, 'package': '@0xsequence/abi_0.19.3', 'message': 'no deps or dev-deps'}
{'statusCode': 0, 'package': '@0xsequence/abi_0.21.0', 'message': 'no deps or dev-deps'}
{'statusCode': 0, 'package': '@0xsequence/abi_0.21.2', 'message': 'no deps or dev-deps'}
{'statusCode': 0, 'package': '@0xsequence/abi_0.21.3', 'message': 'no deps or dev-deps'}
{'statusCode': 0, 'package': '@0xsequence/abi_0.21.4', 'message': 'no deps or dev-deps'}
{'statusCode': 0, 'package': '@0xsequence/abi_0.21.5', 'message': 'no deps or dev-deps'}
{'statusCode': 0, 'package': '@0xsequence/abi_0.22.0', 'message': 'no deps or dev-deps'}
{'statusCode': 0, 'package': '@0xsequence/abi_0.22.1', 'message': 'no deps or dev-deps'}
{'statusCode': 0, 'package': '@0xsequence/abi_0.22.2', 'message': 'no deps or dev-deps'}
{'statusCode': 0, 'package': '@0xsequence/abi_0.23.0', 'message': 'no deps or dev-deps'}
{'statusCode': 0, 'package': '@0xsequence/abi_0.25.0', 'message': 'no deps or dev-deps'}
{'statusCode': 0, 'package': '@0xsequence/abi_0.25.1', 'message': 'no deps or dev-deps'}
{'statusCode': 0, 'package': '@0xsequence/abi_0.27.0', 'message': 'no deps or dev-deps'}
{'statusCode': 0, 'package': '@0xsequence/abi_0.28.0', 'message': 'no deps or dev-deps'}
{'statusCode': 0, 'package': '@0xsequence/abi_0.0.0-202182516517', 'message': 'no deps or dev-deps'}
{'statusCode': 0, 'package': '@0xsequence/abi_0.0.0-202182517435', 'message': 'no deps or dev-deps'}
{'statusCode': 0, 'package': '@0xsequence/abi_0.0.0-2021827201516', 'message': 'no deps or dev-deps'}
{'statusCode': 0, 'package': '@0xsequence/abi_0.29.0', 'message': 'no deps or dev-deps'}
{'statusCode': 0, 'package': '@0xsequence/abi_0.29.8', 'message': 'no deps or dev-deps'}
{'statusCode': 0, 'package': '@0xsequence/abi_0.30.0', 'message': 'no deps or dev-deps'}
{'statusCode': 0, 'package': '@0xsequence/abi_0.31.0', 'message': 'no deps or dev-deps'}
{'statusCode': 0, 'package': '@0xsequence/abi_0.34.0', 'message': 'no deps or dev-deps'}
{'statusCode': 0, 'package': '@0xsequence/abi_0.35.0', 'message': 'no deps or dev-deps'}
{'statusCode': 0, 'package': '@0xsequence/abi_0.35.1', 'message': 'no deps or dev-deps'}
{'statusCode': 0, 'package': '@0xsequence/abi_0.35.2', 'message': 'no deps or dev-deps'}
{'statusCode': 0, 'package': '@0xsequence/abi_0.35.3', 'message': 'no deps or dev-deps'}
{'statusCode': 0, 'package': '@0xsequence/abi_0.35.4', 'message': 'no deps or dev-deps'}
{'statusCode': 0, 'package': '@0xsequence/abi_0.35.5', 'message': 'no deps or dev-deps'}
{'statusCode': 0, 'package': '@0xsequence/abi_0.35.6', 'message': 'no deps or dev-deps'}
{'statusCode': 0, 'package': '@0xsequence/abi_0.35.7', 'message': 'no deps or dev-deps'}
{'statusCode': 0, 'package': '@0xsequence/abi_0.35.8', 'message': 'no deps or dev-deps'}
{'statusCode': 0, 'package': '@0xsequence/abi_0.35.9', 'message': 'no deps or dev-deps'}
{'statusCode': 0, 'package': '@0xsequence/abi_0.35.10', 'message': 'no deps or dev-deps'}
{'statusCode': 0, 'package': '@0xsequence/abi_0.35.11', 'message': 'no deps or dev-deps'}
{'statusCode': 0, 'package': '@0xsequence/abi_0.35.12', 'message': 'no deps or dev-deps'}
{'statusCode': 0, 'package': '@0xsequence/abi_0.36.0', 'message': 'no deps or dev-deps'}
{'statusCode': 0, 'package': '@0xsequence/abi_0.36.1', 'message': 'no deps or dev-deps'}
{'statusCode': 0, 'package': '@0xsequence/abi_0.36.2', 'message': 'no deps or dev-deps'}
{'statusCode': 0, 'package': '@0xsequence/abi_0.36.3', 'message': 'no deps or dev-deps'}
{'statusCode': 0, 'package': '@0xsequence/abi_0.36.4', 'message': 'no deps or dev-deps'}
{'statusCode': 0, 'package': '@0xsequence/abi_0.36.5', 'message': 'no deps or dev-deps'}
{'statusCode': 0, 'package': '@0xsequence/abi_0.36.6', 'message': 'no deps or dev-deps'}
{'statusCode': 0, 'package': '@0xsequence/abi_0.36.7', 'message': 'no deps or dev-deps'}
{'statusCode': 0, 'package': '@0xsequence/abi_0.36.8', 'message': 'no deps or dev-deps'}
{'statusCode': 0, 'package': '@0xsequence/abi_0.36.9', 'message': 'no deps or dev-deps'}
{'statusCode': 0, 'package': '@0xsequence/abi_0.36.10', 'message': 'no deps or dev-deps'}
{'statusCode': 0, 'package': '@0xsequence/abi_0.0.0-20220418165517', 'message': 'no deps or dev-deps'}
{'statusCode': 0, 'package': '@0xsequence/abi_0.36.11', 'message': 'no deps or dev-deps'}
{'statusCode': 0, 'package': '@0xsequence/abi_0.0.0-20220425195445', 'message': 'no deps or dev-deps'}
{'statusCode': 0, 'package': '@0xsequence/abi_0.36.12', 'message': 'no deps or dev-deps'}
{'statusCode': 0, 'package': '@0xsequence/abi_0.0.0-20220427054350', 'message': 'no deps or dev-deps'}
{'statusCode': 0, 'package': '@0xsequence/abi_0.0.0-20220427055332', 'message': 'no deps or dev-deps'}
{'statusCode': 0, 'package': '@0xsequence/abi_0.0.0-20220427161307', 'message': 'no deps or dev-deps'}
{'statusCode': 0, 'package': '@0xsequence/abi_0.0.0-20220427162812', 'message': 'no deps or dev-deps'}
{'statusCode': 0, 'package': '@0xsequence/abi_0.36.13', 'message': 'no deps or dev-deps'}
{'statusCode': 0, 'package': '@0xsequence/abi_0.37.0', 'message': 'no deps or dev-deps'}
{'statusCode': 0, 'package': '@0xsequence/abi_0.37.1', 'message': 'no deps or dev-deps'}
{'statusCode': 0, 'package': '@0xsequence/abi_0.0.0-20220506174803', 'message': 'no deps or dev-deps'}
{'statusCode': 0, 'package': '@0xsequence/abi_0.0.0-20220506195001', 'message': 'no deps or dev-deps'}
{'statusCode': 0, 'package': '@0xsequence/abi_0.0.0-20220513134147', 'message': 'no deps or dev-deps'}
{'statusCode': 0, 'package': '@0xsequence/abi_0.38.0', 'message': 'no deps or dev-deps'}
{'statusCode': 0, 'package': '@0xsequence/abi_0.38.1', 'message': 'no deps or dev-deps'}
{'statusCode': 0, 'package': '@0xsequence/abi_0.38.2', 'message': 'no deps or dev-deps'}
{'statusCode': 0, 'package': '@0xsequence/abi_0.39.0', 'message': 'no deps or dev-deps'}
{'statusCode': 0, 'package': '@0xsequence/abi_0.0.0-20220519151110', 'message': 'no deps or dev-deps'}
{'statusCode': 0, 'package': '@0xsequence/abi_0.0.0-20220519202656', 'message': 'no deps or dev-deps'}
{'statusCode': 0, 'package': '@0xsequence/abi_0.0.0-20220601185217', 'message': 'no deps or dev-deps'}
{'statusCode': 0, 'package': '@0xsequence/abi_0.39.1', 'message': 'no deps or dev-deps'}
{'statusCode': 0, 'package': '@0xsequence/abi_0.39.2', 'message': 'no deps or dev-deps'}
{'statusCode': 0, 'package': '@0xsequence/abi_0.0.0-20220609204505', 'message': 'no deps or dev-deps'}
{'statusCode': 0, 'package': '@0xsequence/abi_0.0.0-20220610134843', 'message': 'no deps or dev-deps'}
{'statusCode': 0, 'package': '@0xsequence/abi_0.39.3', 'message': 'no deps or dev-deps'}
{'statusCode': 0, 'package': '@0xsequence/abi_0.0.0-20220614152529', 'message': 'no deps or dev-deps'}
{'statusCode': 0, 'package': '@0xsequence/abi_0.0.0-20220616121217', 'message': 'no deps or dev-deps'}
{'statusCode': 0, 'package': '@0xsequence/abi_0.39.4', 'message': 'no deps or dev-deps'}
{'statusCode': 0, 'package': '@0xsequence/abi_0.39.5', 'message': 'no deps or dev-deps'}
{'statusCode': 0, 'package': '@0xsequence/abi_0.39.6', 'message': 'no deps or dev-deps'}
{'statusCode': 0, 'package': '@0xsequence/abi_0.0.0-26b08ee9-20220629135033', 'message': 'no deps or dev-deps'}
{'statusCode': 0, 'package': '@0xsequence/abi_0.0.0-cdbb3137-20220630190630', 'message': 'no deps or dev-deps'}
{'statusCode': 0, 'package': '@0xsequence/abi_0.0.0-cdbb3137-20220630191603', 'message': 'no deps or dev-deps'}
{'statusCode': 0, 'package': '@0xsequence/abi_0.0.0-cdbb3137-20220630192830', 'message': 'no deps or dev-deps'}
{'statusCode': 0, 'package': '@0xsequence/abi_0.0.0-20220630194654', 'message': 'no deps or dev-deps'}
{'statusCode': 0, 'package': '@0xsequence/abi_0.0.0-20220630211555', 'message': 'no deps or dev-deps'}
{'statusCode': 0, 'package': '@0xsequence/abi_0.0.0-20220630215108', 'message': 'no deps or dev-deps'}
{'statusCode': 0, 'package': '@0xsequence/abi_0.0.0-20220703182449', 'message': 'no deps or dev-deps'}
{'statusCode': 0, 'package': '@0xsequence/abi_0.0.0-20220704043930', 'message': 'no deps or dev-deps'}
{'statusCode': 0, 'package': '@0xsequence/abi_0.0.0-20220706193010', 'message': 'no deps or dev-deps'}
{'statusCode': 0, 'package': '@0xsequence/abi_0.0.0-20220710174545', 'message': 'no deps or dev-deps'}
{'statusCode': 0, 'package': '@0xsequence/abi_0.0.0-coolcats-0.36.12-20220711222640', 'message': 'no deps or dev-deps'}
{'statusCode': 0, 'package': '@0xsequence/abi_0.40.0', 'message': 'no deps or dev-deps'}
{'statusCode': 0, 'package': '@0xsequence/abi_0.40.1', 'message': 'no deps or dev-deps'}
{'statusCode': 0, 'package': '@0xsequence/abi_0.0.0-20220713211319', 'message': 'no deps or dev-deps'}
{'statusCode': 0, 'package': '@0xsequence/abi_0.0.0-20220714164224', 'message': 'no deps or dev-deps'}
{'statusCode': 0, 'package': '@0xsequence/abi_0.40.2', 'message': 'no deps or dev-deps'}
{'statusCode': 0, 'package': '@0xsequence/abi_0.0.0-20220719173737', 'message': 'no deps or dev-deps'}
{'statusCode': 0, 'package': '@0xsequence/abi_0.0.0-20220722145329', 'message': 'no deps or dev-deps'}
{'statusCode': 0, 'package': '@0xsequence/abi_0.0.0-20220725200200', 'message': 'no deps or dev-deps'}
{'statusCode': 0, 'package': '@0xsequence/abi_0.40.3', 'message': 'no deps or dev-deps'}
{'statusCode': 0, 'package': '@0xsequence/abi_0.0.0-20220728141414', 'message': 'no deps or dev-deps'}
{'statusCode': 0, 'package': '@0xsequence/abi_0.40.4', 'message': 'no deps or dev-deps'}
{'statusCode': 0, 'package': '@0xsequence/abi_0.0.0-20220728215555', 'message': 'no deps or dev-deps'}
{'statusCode': 0, 'package': '@0xsequence/abi_0.40.5', 'message': 'no deps or dev-deps'}
{'statusCode': 0, 'package': '@0xsequence/abi_0.0.0-20220804202525', 'message': 'no deps or dev-deps'}
{'statusCode': 0, 'package': '@0xsequence/abi_0.40.6', 'message': 'no deps or dev-deps'}
{'statusCode': 0, 'package': '@0xsequence/abi_0.0.0-20220825181818', 'message': 'no deps or dev-deps'}
{'statusCode': 0, 'package': '@0xsequence/abi_0.0.0-20220825190100', 'message': 'no deps or dev-deps'}
{'statusCode': 0, 'package': '@0xsequence/abi_0.41.0', 'message': 'no deps or dev-deps'}
{'statusCode': 0, 'package': '@0xsequence/abi_0.41.1', 'message': 'no deps or dev-deps'}
{'statusCode': 0, 'package': '@0xsequence/abi_0.41.2', 'message': 'no deps or dev-deps'}
{'statusCode': 0, 'package': '@0xsequence/abi_0.41.3', 'message': 'no deps or dev-deps'}
{'statusCode': 0, 'package': '@0xsequence/abi_0.42.0', 'message': 'no deps or dev-deps'}
{'statusCode': 0, 'package': '@0xsequence/abi_0.42.1', 'message': 'no deps or dev-deps'}
{'statusCode': 0, 'package': '@0xsequence/abi_0.42.2', 'message': 'no deps or dev-deps'}
{'statusCode': 0, 'package': '@0xsequence/abi_0.42.3', 'message': 'no deps or dev-deps'}
{'statusCode': 0, 'package': '@0xsequence/abi_0.42.4', 'message': 'no deps or dev-deps'}
{'statusCode': 0, 'package': '@0xsequence/abi_0.42.5', 'message': 'no deps or dev-deps'}
{'statusCode': 0, 'package': '@0xsequence/abi_0.42.6', 'message': 'no deps or dev-deps'}
{'statusCode': 0, 'package': '@0xsequence/abi_0.42.7', 'message': 'no deps or dev-deps'}
{'statusCode': 0, 'package': '@0xsequence/abi_0.42.8', 'message': 'no deps or dev-deps'}
{'statusCode': 0, 'package': '@0xsequence/abi_0.42.9', 'message': 'no deps or dev-deps'}
{'statusCode': 0, 'package': '@0xsequence/abi_0.42.10', 'message': 'no deps or dev-deps'}
{'statusCode': 0, 'package': '@0xsequence/abi_0.43.0', 'message': 'no deps or dev-deps'}
{'statusCode': 0, 'package': '@0xsequence/abi_0.43.1', 'message': 'no deps or dev-deps'}
{'statusCode': 0, 'package': '@0xsequence/abi_0.43.2', 'message': 'no deps or dev-deps'}
{'statusCode': 0, 'package': '@0xsequence/abi_0.43.3', 'message': 'no deps or dev-deps'}
{'statusCode': 0, 'package': '@0xsequence/abi_0.0.0-20221124173317', 'message': 'no deps or dev-deps'}
{'statusCode': 0, 'package': '@0xsequence/abi_0.43.4', 'message': 'no deps or dev-deps'}
{'statusCode': 0, 'package': '@0xsequence/abi_0.43.5', 'message': 'no deps or dev-deps'}
{'statusCode': 0, 'package': '@0xsequence/abi_0.43.6', 'message': 'no deps or dev-deps'}
{'statusCode': 0, 'package': '@0xsequence/abi_0.43.7', 'message': 'no deps or dev-deps'}
{'statusCode': 0, 'package': '@0xsequence/abi_0.7.0', 'message': 'no deps or dev-deps'}
{'statusCode': 0, 'package': '@0xsequence/abi_0.8.0', 'message': 'no deps or dev-deps'}
{'statusCode': 0, 'package': '@0xsequence/abi_0.8.1', 'message': 'no deps or dev-deps'}
{'statusCode': 0, 'package': '@0xsequence/abi_0.8.2', 'message': 'no deps or dev-deps'}
{'statusCode': 0, 'package': '@0xsequence/abi_0.8.3', 'message': 'no deps or dev-deps'}
{'statusCode': 0, 'package': '@0xsequence/abi_0.8.4', 'message': 'no deps or dev-deps'}
{'statusCode': 0, 'package': '@0xsequence/abi_0.8.5', 'message': 'no deps or dev-deps'}
{'statusCode': 0, 'package': '@0xsequence/abi_0.9.1', 'message': 'no deps or dev-deps'}
{'statusCode': 0, 'package': '@0xsequence/abi_0.9.3', 'message': 'no deps or dev-deps'}
{'statusCode': 0, 'package': '@0xsequence/abi_0.9.6', 'message': 'no deps or dev-deps'}
{'statusCode': 0, 'package': '@0xsequence/abi_0.10.0', 'message': 'no deps or dev-deps'}
{'statusCode': 0, 'package': '@0xsequence/abi_0.10.1', 'message': 'no deps or dev-deps'}
{'statusCode': 0, 'package': '@0xsequence/abi_0.10.2', 'message': 'no deps or dev-deps'}
{'statusCode': 0, 'package': '@0xsequence/abi_0.10.3', 'message': 'no deps or dev-deps'}
{'statusCode': 0, 'package': '@0xsequence/abi_0.10.4', 'message': 'no deps or dev-deps'}
{'statusCode': 0, 'package': '@0xsequence/abi_0.10.5', 'message': 'no deps or dev-deps'}
{'statusCode': 0, 'package': '@0xsequence/abi_0.10.6', 'message': 'no deps or dev-deps'}
{'statusCode': 0, 'package': '@0xsequence/abi_0.10.7', 'message': 'no deps or dev-deps'}
{'statusCode': 0, 'package': '@0xsequence/abi_0.10.8', 'message': 'no deps or dev-deps'}
{'statusCode': 0, 'package': '@0xsequence/abi_0.10.9', 'message': 'no deps or dev-deps'}
{'statusCode': 0, 'package': '@0xsequence/abi_0.11.0', 'message': 'no deps or dev-deps'}
{'statusCode': 0, 'package': '@0xsequence/abi_0.11.1', 'message': 'no deps or dev-deps'}
{'statusCode': 0, 'package': '@0xsequence/abi_0.11.2', 'message': 'no deps or dev-deps'}
{'statusCode': 0, 'package': '@0xsequence/abi_0.11.3', 'message': 'no deps or dev-deps'}
{'statusCode': 0, 'package': '@0xsequence/abi_0.11.4', 'message': 'no deps or dev-deps'}
{'statusCode': 0, 'package': '@0xsequence/abi_0.12.0', 'message': 'no deps or dev-deps'}
{'statusCode': 0, 'package': '@0xsequence/abi_0.12.1', 'message': 'no deps or dev-deps'}
{'statusCode': 0, 'package': '@0xsequence/abi_0.13.0', 'message': 'no deps or dev-deps'}
{'statusCode': 0, 'package': '@0xsequence/abi_0.14.0', 'message': 'no deps or dev-deps'}
{'statusCode': 0, 'package': '@0xsequence/abi_0.14.3', 'message': 'no deps or dev-deps'}
{'statusCode': 0, 'package': '@0xsequence/abi_0.15.1', 'message': 'no deps or dev-deps'}
{'statusCode': 0, 'package': '@0xsequence/abi_0.16.0', 'message': 'no deps or dev-deps'}
{'statusCode': 0, 'package': '@0xsequence/abi_0.18.0', 'message': 'no deps or dev-deps'}
{'statusCode': 0, 'package': '@0xsequence/abi_0.19.0', 'message': 'no deps or dev-deps'}
{'statusCode': 0, 'package': '@0xsequence/abi_0.19.2', 'message': 'no deps or dev-deps'}
{'statusCode': 0, 'package': '@0xsequence/abi_0.19.3', 'message': 'no deps or dev-deps'}
{'statusCode': 0, 'package': '@0xsequence/abi_0.21.0', 'message': 'no deps or dev-deps'}
{'statusCode': 0, 'package': '@0xsequence/abi_0.21.2', 'message': 'no deps or dev-deps'}
{'statusCode': 0, 'package': '@0xsequence/abi_0.21.3', 'message': 'no deps or dev-deps'}
{'statusCode': 0, 'package': '@0xsequence/abi_0.21.4', 'message': 'no deps or dev-deps'}
{'statusCode': 0, 'package': '@0xsequence/abi_0.21.5', 'message': 'no deps or dev-deps'}
{'statusCode': 0, 'package': '@0xsequence/abi_0.22.0', 'message': 'no deps or dev-deps'}
{'statusCode': 0, 'package': '@0xsequence/abi_0.22.1', 'message': 'no deps or dev-deps'}
{'statusCode': 0, 'package': '@0xsequence/abi_0.22.2', 'message': 'no deps or dev-deps'}
{'statusCode': 0, 'package': '@0xsequence/abi_0.23.0', 'message': 'no deps or dev-deps'}
{'statusCode': 0, 'package': '@0xsequence/abi_0.25.0', 'message': 'no deps or dev-deps'}
{'statusCode': 0, 'package': '@0xsequence/abi_0.25.1', 'message': 'no deps or dev-deps'}
{'statusCode': 0, 'package': '@0xsequence/abi_0.27.0', 'message': 'no deps or dev-deps'}
{'statusCode': 0, 'package': '@0xsequence/abi_0.28.0', 'message': 'no deps or dev-deps'}
{'statusCode': 0, 'package': '@0xsequence/abi_0.0.0-202182516517', 'message': 'no deps or dev-deps'}
{'statusCode': 0, 'package': '@0xsequence/abi_0.0.0-202182517435', 'message': 'no deps or dev-deps'}
{'statusCode': 0, 'package': '@0xsequence/abi_0.0.0-2021827201516', 'message': 'no deps or dev-deps'}
{'statusCode': 0, 'package': '@0xsequence/abi_0.29.0', 'message': 'no deps or dev-deps'}
{'statusCode': 0, 'package': '@0xsequence/abi_0.29.8', 'message': 'no deps or dev-deps'}
{'statusCode': 0, 'package': '@0xsequence/abi_0.30.0', 'message': 'no deps or dev-deps'}
{'statusCode': 0, 'package': '@0xsequence/abi_0.31.0', 'message': 'no deps or dev-deps'}
{'statusCode': 0, 'package': '@0xsequence/abi_0.34.0', 'message': 'no deps or dev-deps'}
{'statusCode': 0, 'package': '@0xsequence/abi_0.35.0', 'message': 'no deps or dev-deps'}
{'statusCode': 0, 'package': '@0xsequence/abi_0.35.1', 'message': 'no deps or dev-deps'}
{'statusCode': 0, 'package': '@0xsequence/abi_0.35.2', 'message': 'no deps or dev-deps'}
{'statusCode': 0, 'package': '@0xsequence/abi_0.35.3', 'message': 'no deps or dev-deps'}
{'statusCode': 0, 'package': '@0xsequence/abi_0.35.4', 'message': 'no deps or dev-deps'}
{'statusCode': 0, 'package': '@0xsequence/abi_0.35.5', 'message': 'no deps or dev-deps'}
{'statusCode': 0, 'package': '@0xsequence/abi_0.35.6', 'message': 'no deps or dev-deps'}
{'statusCode': 0, 'package': '@0xsequence/abi_0.35.7', 'message': 'no deps or dev-deps'}
{'statusCode': 0, 'package': '@0xsequence/abi_0.35.8', 'message': 'no deps or dev-deps'}
{'statusCode': 0, 'package': '@0xsequence/abi_0.35.9', 'message': 'no deps or dev-deps'}
{'statusCode': 0, 'package': '@0xsequence/abi_0.35.10', 'message': 'no deps or dev-deps'}
{'statusCode': 0, 'package': '@0xsequence/abi_0.35.11', 'message': 'no deps or dev-deps'}
{'statusCode': 0, 'package': '@0xsequence/abi_0.35.12', 'message': 'no deps or dev-deps'}
{'statusCode': 0, 'package': '@0xsequence/abi_0.36.0', 'message': 'no deps or dev-deps'}
{'statusCode': 0, 'package': '@0xsequence/abi_0.36.1', 'message': 'no deps or dev-deps'}
{'statusCode': 0, 'package': '@0xsequence/abi_0.36.2', 'message': 'no deps or dev-deps'}
{'statusCode': 0, 'package': '@0xsequence/abi_0.36.3', 'message': 'no deps or dev-deps'}
{'statusCode': 0, 'package': '@0xsequence/abi_0.36.4', 'message': 'no deps or dev-deps'}
{'statusCode': 0, 'package': '@0xsequence/abi_0.36.5', 'message': 'no deps or dev-deps'}
{'statusCode': 0, 'package': '@0xsequence/abi_0.36.6', 'message': 'no deps or dev-deps'}
{'statusCode': 0, 'package': '@0xsequence/abi_0.36.7', 'message': 'no deps or dev-deps'}
{'statusCode': 0, 'package': '@0xsequence/abi_0.36.8', 'message': 'no deps or dev-deps'}
{'statusCode': 0, 'package': '@0xsequence/abi_0.36.9', 'message': 'no deps or dev-deps'}
{'statusCode': 0, 'package': '@0xsequence/abi_0.36.10', 'message': 'no deps or dev-deps'}
{'statusCode': 0, 'package': '@0xsequence/abi_0.0.0-20220418165517', 'message': 'no deps or dev-deps'}
{'statusCode': 0, 'package': '@0xsequence/abi_0.36.11', 'message': 'no deps or dev-deps'}
{'statusCode': 0, 'package': '@0xsequence/abi_0.0.0-20220425195445', 'message': 'no deps or dev-deps'}
{'statusCode': 0, 'package': '@0xsequence/abi_0.36.12', 'message': 'no deps or dev-deps'}
{'statusCode': 0, 'package': '@0xsequence/abi_0.0.0-20220427054350', 'message': 'no deps or dev-deps'}
{'statusCode': 0, 'package': '@0xsequence/abi_0.0.0-20220427055332', 'message': 'no deps or dev-deps'}
{'statusCode': 0, 'package': '@0xsequence/abi_0.0.0-20220427161307', 'message': 'no deps or dev-deps'}
{'statusCode': 0, 'package': '@0xsequence/abi_0.0.0-20220427162812', 'message': 'no deps or dev-deps'}
{'statusCode': 0, 'package': '@0xsequence/abi_0.36.13', 'message': 'no deps or dev-deps'}
{'statusCode': 0, 'package': '@0xsequence/abi_0.37.0', 'message': 'no deps or dev-deps'}
{'statusCode': 0, 'package': '@0xsequence/abi_0.37.1', 'message': 'no deps or dev-deps'}
{'statusCode': 0, 'package': '@0xsequence/abi_0.0.0-20220506174803', 'message': 'no deps or dev-deps'}
{'statusCode': 0, 'package': '@0xsequence/abi_0.0.0-20220506195001', 'message': 'no deps or dev-deps'}
{'statusCode': 0, 'package': '@0xsequence/abi_0.0.0-20220513134147', 'message': 'no deps or dev-deps'}
{'statusCode': 0, 'package': '@0xsequence/abi_0.38.0', 'message': 'no deps or dev-deps'}
{'statusCode': 0, 'package': '@0xsequence/abi_0.38.1', 'message': 'no deps or dev-deps'}
{'statusCode': 0, 'package': '@0xsequence/abi_0.38.2', 'message': 'no deps or dev-deps'}
{'statusCode': 0, 'package': '@0xsequence/abi_0.39.0', 'message': 'no deps or dev-deps'}
{'statusCode': 0, 'package': '@0xsequence/abi_0.0.0-20220519151110', 'message': 'no deps or dev-deps'}
{'statusCode': 0, 'package': '@0xsequence/abi_0.0.0-20220519202656', 'message': 'no deps or dev-deps'}
{'statusCode': 0, 'package': '@0xsequence/abi_0.0.0-20220601185217', 'message': 'no deps or dev-deps'}
{'statusCode': 0, 'package': '@0xsequence/abi_0.39.1', 'message': 'no deps or dev-deps'}
{'statusCode': 0, 'package': '@0xsequence/abi_0.39.2', 'message': 'no deps or dev-deps'}
{'statusCode': 0, 'package': '@0xsequence/abi_0.0.0-20220609204505', 'message': 'no deps or dev-deps'}
{'statusCode': 0, 'package': '@0xsequence/abi_0.0.0-20220610134843', 'message': 'no deps or dev-deps'}
{'statusCode': 0, 'package': '@0xsequence/abi_0.39.3', 'message': 'no deps or dev-deps'}
{'statusCode': 0, 'package': '@0xsequence/abi_0.0.0-20220614152529', 'message': 'no deps or dev-deps'}
{'statusCode': 0, 'package': '@0xsequence/abi_0.0.0-20220616121217', 'message': 'no deps or dev-deps'}
{'statusCode': 0, 'package': '@0xsequence/abi_0.39.4', 'message': 'no deps or dev-deps'}
{'statusCode': 0, 'package': '@0xsequence/abi_0.39.5', 'message': 'no deps or dev-deps'}
{'statusCode': 0, 'package': '@0xsequence/abi_0.39.6', 'message': 'no deps or dev-deps'}
{'statusCode': 0, 'package': '@0xsequence/abi_0.0.0-26b08ee9-20220629135033', 'message': 'no deps or dev-deps'}
{'statusCode': 0, 'package': '@0xsequence/abi_0.0.0-cdbb3137-20220630190630', 'message': 'no deps or dev-deps'}
{'statusCode': 0, 'package': '@0xsequence/abi_0.0.0-cdbb3137-20220630191603', 'message': 'no deps or dev-deps'}
{'statusCode': 0, 'package': '@0xsequence/abi_0.0.0-cdbb3137-20220630192830', 'message': 'no deps or dev-deps'}
{'statusCode': 0, 'package': '@0xsequence/abi_0.0.0-20220630194654', 'message': 'no deps or dev-deps'}
{'statusCode': 0, 'package': '@0xsequence/abi_0.0.0-20220630211555', 'message': 'no deps or dev-deps'}
{'statusCode': 0, 'package': '@0xsequence/abi_0.0.0-20220630215108', 'message': 'no deps or dev-deps'}
{'statusCode': 0, 'package': '@0xsequence/abi_0.0.0-20220703182449', 'message': 'no deps or dev-deps'}
{'statusCode': 0, 'package': '@0xsequence/abi_0.0.0-20220704043930', 'message': 'no deps or dev-deps'}
{'statusCode': 0, 'package': '@0xsequence/abi_0.0.0-20220706193010', 'message': 'no deps or dev-deps'}
{'statusCode': 0, 'package': '@0xsequence/abi_0.0.0-20220710174545', 'message': 'no deps or dev-deps'}
{'statusCode': 0, 'package': '@0xsequence/abi_0.0.0-coolcats-0.36.12-20220711222640', 'message': 'no deps or dev-deps'}
{'statusCode': 0, 'package': '@0xsequence/abi_0.40.0', 'message': 'no deps or dev-deps'}
{'statusCode': 0, 'package': '@0xsequence/abi_0.40.1', 'message': 'no deps or dev-deps'}
{'statusCode': 0, 'package': '@0xsequence/abi_0.0.0-20220713211319', 'message': 'no deps or dev-deps'}
{'statusCode': 0, 'package': '@0xsequence/abi_0.0.0-20220714164224', 'message': 'no deps or dev-deps'}
{'statusCode': 0, 'package': '@0xsequence/abi_0.40.2', 'message': 'no deps or dev-deps'}
{'statusCode': 0, 'package': '@0xsequence/abi_0.0.0-20220719173737', 'message': 'no deps or dev-deps'}
{'statusCode': 0, 'package': '@0xsequence/abi_0.0.0-20220722145329', 'message': 'no deps or dev-deps'}
{'statusCode': 0, 'package': '@0xsequence/abi_0.0.0-20220725200200', 'message': 'no deps or dev-deps'}
{'statusCode': 0, 'package': '@0xsequence/abi_0.40.3', 'message': 'no deps or dev-deps'}
{'statusCode': 0, 'package': '@0xsequence/abi_0.0.0-20220728141414', 'message': 'no deps or dev-deps'}
{'statusCode': 0, 'package': '@0xsequence/abi_0.40.4', 'message': 'no deps or dev-deps'}
{'statusCode': 0, 'package': '@0xsequence/abi_0.0.0-20220728215555', 'message': 'no deps or dev-deps'}
{'statusCode': 0, 'package': '@0xsequence/abi_0.40.5', 'message': 'no deps or dev-deps'}
{'statusCode': 0, 'package': '@0xsequence/abi_0.0.0-20220804202525', 'message': 'no deps or dev-deps'}
{'statusCode': 0, 'package': '@0xsequence/abi_0.40.6', 'message': 'no deps or dev-deps'}
{'statusCode': 0, 'package': '@0xsequence/abi_0.0.0-20220825181818', 'message': 'no deps or dev-deps'}
{'statusCode': 0, 'package': '@0xsequence/abi_0.0.0-20220825190100', 'message': 'no deps or dev-deps'}
{'statusCode': 0, 'package': '@0xsequence/abi_0.41.0', 'message': 'no deps or dev-deps'}
{'statusCode': 0, 'package': '@0xsequence/abi_0.41.1', 'message': 'no deps or dev-deps'}
{'statusCode': 0, 'package': '@0xsequence/abi_0.41.2', 'message': 'no deps or dev-deps'}
{'statusCode': 0, 'package': '@0xsequence/abi_0.41.3', 'message': 'no deps or dev-deps'}
{'statusCode': 0, 'package': '@0xsequence/abi_0.42.0', 'message': 'no deps or dev-deps'}
{'statusCode': 0, 'package': '@0xsequence/abi_0.42.1', 'message': 'no deps or dev-deps'}
{'statusCode': 0, 'package': '@0xsequence/abi_0.42.2', 'message': 'no deps or dev-deps'}
{'statusCode': 0, 'package': '@0xsequence/abi_0.42.3', 'message': 'no deps or dev-deps'}
{'statusCode': 0, 'package': '@0xsequence/abi_0.42.4', 'message': 'no deps or dev-deps'}
{'statusCode': 0, 'package': '@0xsequence/abi_0.42.5', 'message': 'no deps or dev-deps'}
{'statusCode': 0, 'package': '@0xsequence/abi_0.42.6', 'message': 'no deps or dev-deps'}
{'statusCode': 0, 'package': '@0xsequence/abi_0.42.7', 'message': 'no deps or dev-deps'}
{'statusCode': 0, 'package': '@0xsequence/abi_0.42.8', 'message': 'no deps or dev-deps'}
{'statusCode': 0, 'package': '@0xsequence/abi_0.42.9', 'message': 'no deps or dev-deps'}
{'statusCode': 0, 'package': '@0xsequence/abi_0.42.10', 'message': 'no deps or dev-deps'}
{'statusCode': 0, 'package': '@0xsequence/abi_0.43.0', 'message': 'no deps or dev-deps'}
{'statusCode': 0, 'package': '@0xsequence/abi_0.43.1', 'message': 'no deps or dev-deps'}
{'statusCode': 0, 'package': '@0xsequence/abi_0.43.2', 'message': 'no deps or dev-deps'}
{'statusCode': 0, 'package': '@0xsequence/abi_0.43.3', 'message': 'no deps or dev-deps'}
{'statusCode': 0, 'package': '@0xsequence/abi_0.0.0-20221124173317', 'message': 'no deps or dev-deps'}
{'statusCode': 0, 'package': '@0xsequence/abi_0.43.4', 'message': 'no deps or dev-deps'}
{'statusCode': 0, 'package': '@0xsequence/abi_0.43.5', 'message': 'no deps or dev-deps'}
{'statusCode': 0, 'package': '@0xsequence/abi_0.43.6', 'message': 'no deps or dev-deps'}
{'statusCode': 0, 'package': '@0xsequence/abi_0.43.7', 'message': 'no deps or dev-deps'}
{'statusCode': 0, 'package': '@0xsequence/abi_0.7.0', 'message': 'no deps or dev-deps'}
{'statusCode': 0, 'package': '@0xsequence/abi_0.8.0', 'message': 'no deps or dev-deps'}
{'statusCode': 0, 'package': '@0xsequence/abi_0.8.1', 'message': 'no deps or dev-deps'}
{'statusCode': 0, 'package': '@0xsequence/abi_0.8.2', 'message': 'no deps or dev-deps'}
{'statusCode': 0, 'package': '@0xsequence/abi_0.8.3', 'message': 'no deps or dev-deps'}
{'statusCode': 0, 'package': '@0xsequence/abi_0.8.4', 'message': 'no deps or dev-deps'}
{'statusCode': 0, 'package': '@0xsequence/abi_0.8.5', 'message': 'no deps or dev-deps'}
{'statusCode': 0, 'package': '@0xsequence/abi_0.9.1', 'message': 'no deps or dev-deps'}
{'statusCode': 0, 'package': '@0xsequence/abi_0.9.3', 'message': 'no deps or dev-deps'}
{'statusCode': 0, 'package': '@0xsequence/abi_0.9.6', 'message': 'no deps or dev-deps'}
{'statusCode': 0, 'package': '@0xsequence/abi_0.10.0', 'message': 'no deps or dev-deps'}
{'statusCode': 0, 'package': '@0xsequence/abi_0.10.1', 'message': 'no deps or dev-deps'}
{'statusCode': 0, 'package': '@0xsequence/abi_0.10.2', 'message': 'no deps or dev-deps'}
{'statusCode': 0, 'package': '@0xsequence/abi_0.10.3', 'message': 'no deps or dev-deps'}
{'statusCode': 0, 'package': '@0xsequence/abi_0.10.4', 'message': 'no deps or dev-deps'}
{'statusCode': 0, 'package': '@0xsequence/abi_0.10.5', 'message': 'no deps or dev-deps'}
{'statusCode': 0, 'package': '@0xsequence/abi_0.10.6', 'message': 'no deps or dev-deps'}
{'statusCode': 0, 'package': '@0xsequence/abi_0.10.7', 'message': 'no deps or dev-deps'}
{'statusCode': 0, 'package': '@0xsequence/abi_0.10.8', 'message': 'no deps or dev-deps'}
{'statusCode': 0, 'package': '@0xsequence/abi_0.10.9', 'message': 'no deps or dev-deps'}
{'statusCode': 0, 'package': '@0xsequence/abi_0.11.0', 'message': 'no deps or dev-deps'}
{'statusCode': 0, 'package': '@0xsequence/abi_0.11.1', 'message': 'no deps or dev-deps'}
{'statusCode': 0, 'package': '@0xsequence/abi_0.11.2', 'message': 'no deps or dev-deps'}
{'statusCode': 0, 'package': '@0xsequence/abi_0.11.3', 'message': 'no deps or dev-deps'}
{'statusCode': 0, 'package': '@0xsequence/abi_0.11.4', 'message': 'no deps or dev-deps'}
{'statusCode': 0, 'package': '@0xsequence/abi_0.12.0', 'message': 'no deps or dev-deps'}
{'statusCode': 0, 'package': '@0xsequence/abi_0.12.1', 'message': 'no deps or dev-deps'}
{'statusCode': 0, 'package': '@0xsequence/abi_0.13.0', 'message': 'no deps or dev-deps'}
{'statusCode': 0, 'package': '@0xsequence/abi_0.14.0', 'message': 'no deps or dev-deps'}
{'statusCode': 0, 'package': '@0xsequence/abi_0.14.3', 'message': 'no deps or dev-deps'}
{'statusCode': 0, 'package': '@0xsequence/abi_0.15.1', 'message': 'no deps or dev-deps'}
{'statusCode': 0, 'package': '@0xsequence/abi_0.16.0', 'message': 'no deps or dev-deps'}
{'statusCode': 0, 'package': '@0xsequence/abi_0.18.0', 'message': 'no deps or dev-deps'}
{'statusCode': 0, 'package': '@0xsequence/abi_0.19.0', 'message': 'no deps or dev-deps'}
{'statusCode': 0, 'package': '@0xsequence/abi_0.19.2', 'message': 'no deps or dev-deps'}
{'statusCode': 0, 'package': '@0xsequence/abi_0.19.3', 'message': 'no deps or dev-deps'}
{'statusCode': 0, 'package': '@0xsequence/abi_0.21.0', 'message': 'no deps or dev-deps'}
{'statusCode': 0, 'package': '@0xsequence/abi_0.21.2', 'message': 'no deps or dev-deps'}
{'statusCode': 0, 'package': '@0xsequence/abi_0.21.3', 'message': 'no deps or dev-deps'}
{'statusCode': 0, 'package': '@0xsequence/abi_0.21.4', 'message': 'no deps or dev-deps'}
{'statusCode': 0, 'package': '@0xsequence/abi_0.21.5', 'message': 'no deps or dev-deps'}
{'statusCode': 0, 'package': '@0xsequence/abi_0.22.0', 'message': 'no deps or dev-deps'}
{'statusCode': 0, 'package': '@0xsequence/abi_0.22.1', 'message': 'no deps or dev-deps'}
{'statusCode': 0, 'package': '@0xsequence/abi_0.22.2', 'message': 'no deps or dev-deps'}
{'statusCode': 0, 'package': '@0xsequence/abi_0.23.0', 'message': 'no deps or dev-deps'}
{'statusCode': 0, 'package': '@0xsequence/abi_0.25.0', 'message': 'no deps or dev-deps'}
{'statusCode': 0, 'package': '@0xsequence/abi_0.25.1', 'message': 'no deps or dev-deps'}
{'statusCode': 0, 'package': '@0xsequence/abi_0.27.0', 'message': 'no deps or dev-deps'}
{'statusCode': 0, 'package': '@0xsequence/abi_0.28.0', 'message': 'no deps or dev-deps'}
{'statusCode': 0, 'package': '@0xsequence/abi_0.0.0-202182516517', 'message': 'no deps or dev-deps'}
{'statusCode': 0, 'package': '@0xsequence/abi_0.0.0-202182517435', 'message': 'no deps or dev-deps'}
{'statusCode': 0, 'package': '@0xsequence/abi_0.0.0-2021827201516', 'message': 'no deps or dev-deps'}
{'statusCode': 0, 'package': '@0xsequence/abi_0.29.0', 'message': 'no deps or dev-deps'}
{'statusCode': 0, 'package': '@0xsequence/abi_0.29.8', 'message': 'no deps or dev-deps'}
{'statusCode': 0, 'package': '@0xsequence/abi_0.30.0', 'message': 'no deps or dev-deps'}
{'statusCode': 0, 'package': '@0xsequence/abi_0.31.0', 'message': 'no deps or dev-deps'}
{'statusCode': 0, 'package': '@0xsequence/abi_0.34.0', 'message': 'no deps or dev-deps'}
{'statusCode': 0, 'package': '@0xsequence/abi_0.35.0', 'message': 'no deps or dev-deps'}
{'statusCode': 0, 'package': '@0xsequence/abi_0.35.1', 'message': 'no deps or dev-deps'}
{'statusCode': 0, 'package': '@0xsequence/abi_0.35.2', 'message': 'no deps or dev-deps'}
{'statusCode': 0, 'package': '@0xsequence/abi_0.35.3', 'message': 'no deps or dev-deps'}
{'statusCode': 0, 'package': '@0xsequence/abi_0.35.4', 'message': 'no deps or dev-deps'}
{'statusCode': 0, 'package': '@0xsequence/abi_0.35.5', 'message': 'no deps or dev-deps'}
{'statusCode': 0, 'package': '@0xsequence/abi_0.35.6', 'message': 'no deps or dev-deps'}
{'statusCode': 0, 'package': '@0xsequence/abi_0.35.7', 'message': 'no deps or dev-deps'}
{'statusCode': 0, 'package': '@0xsequence/abi_0.35.8', 'message': 'no deps or dev-deps'}
{'statusCode': 0, 'package': '@0xsequence/abi_0.35.9', 'message': 'no deps or dev-deps'}
{'statusCode': 0, 'package': '@0xsequence/abi_0.35.10', 'message': 'no deps or dev-deps'}
{'statusCode': 0, 'package': '@0xsequence/abi_0.35.11', 'message': 'no deps or dev-deps'}
{'statusCode': 0, 'package': '@0xsequence/abi_0.35.12', 'message': 'no deps or dev-deps'}
{'statusCode': 0, 'package': '@0xsequence/abi_0.36.0', 'message': 'no deps or dev-deps'}
{'statusCode': 0, 'package': '@0xsequence/abi_0.36.1', 'message': 'no deps or dev-deps'}
{'statusCode': 0, 'package': '@0xsequence/abi_0.36.2', 'message': 'no deps or dev-deps'}
{'statusCode': 0, 'package': '@0xsequence/abi_0.36.3', 'message': 'no deps or dev-deps'}
{'statusCode': 0, 'package': '@0xsequence/abi_0.36.4', 'message': 'no deps or dev-deps'}
{'statusCode': 0, 'package': '@0xsequence/abi_0.36.5', 'message': 'no deps or dev-deps'}
{'statusCode': 0, 'package': '@0xsequence/abi_0.36.6', 'message': 'no deps or dev-deps'}
{'statusCode': 0, 'package': '@0xsequence/abi_0.36.7', 'message': 'no deps or dev-deps'}
{'statusCode': 0, 'package': '@0xsequence/abi_0.36.8', 'message': 'no deps or dev-deps'}
{'statusCode': 0, 'package': '@0xsequence/abi_0.36.9', 'message': 'no deps or dev-deps'}
{'statusCode': 0, 'package': '@0xsequence/abi_0.36.10', 'message': 'no deps or dev-deps'}
{'statusCode': 0, 'package': '@0xsequence/abi_0.0.0-20220418165517', 'message': 'no deps or dev-deps'}
{'statusCode': 0, 'package': '@0xsequence/abi_0.36.11', 'message': 'no deps or dev-deps'}
{'statusCode': 0, 'package': '@0xsequence/abi_0.0.0-20220425195445', 'message': 'no deps or dev-deps'}
{'statusCode': 0, 'package': '@0xsequence/abi_0.36.12', 'message': 'no deps or dev-deps'}
{'statusCode': 0, 'package': '@0xsequence/abi_0.0.0-20220427054350', 'message': 'no deps or dev-deps'}
{'statusCode': 0, 'package': '@0xsequence/abi_0.0.0-20220427055332', 'message': 'no deps or dev-deps'}
{'statusCode': 0, 'package': '@0xsequence/abi_0.0.0-20220427161307', 'message': 'no deps or dev-deps'}
{'statusCode': 0, 'package': '@0xsequence/abi_0.0.0-20220427162812', 'message': 'no deps or dev-deps'}
{'statusCode': 0, 'package': '@0xsequence/abi_0.36.13', 'message': 'no deps or dev-deps'}
{'statusCode': 0, 'package': '@0xsequence/abi_0.37.0', 'message': 'no deps or dev-deps'}
{'statusCode': 0, 'package': '@0xsequence/abi_0.37.1', 'message': 'no deps or dev-deps'}
{'statusCode': 0, 'package': '@0xsequence/abi_0.0.0-20220506174803', 'message': 'no deps or dev-deps'}
{'statusCode': 0, 'package': '@0xsequence/abi_0.0.0-20220506195001', 'message': 'no deps or dev-deps'}
{'statusCode': 0, 'package': '@0xsequence/abi_0.0.0-20220513134147', 'message': 'no deps or dev-deps'}
{'statusCode': 0, 'package': '@0xsequence/abi_0.38.0', 'message': 'no deps or dev-deps'}
{'statusCode': 0, 'package': '@0xsequence/abi_0.38.1', 'message': 'no deps or dev-deps'}
{'statusCode': 0, 'package': '@0xsequence/abi_0.38.2', 'message': 'no deps or dev-deps'}
{'statusCode': 0, 'package': '@0xsequence/abi_0.39.0', 'message': 'no deps or dev-deps'}
{'statusCode': 0, 'package': '@0xsequence/abi_0.0.0-20220519151110', 'message': 'no deps or dev-deps'}
{'statusCode': 0, 'package': '@0xsequence/abi_0.0.0-20220519202656', 'message': 'no deps or dev-deps'}
{'statusCode': 0, 'package': '@0xsequence/abi_0.0.0-20220601185217', 'message': 'no deps or dev-deps'}
{'statusCode': 0, 'package': '@0xsequence/abi_0.39.1', 'message': 'no deps or dev-deps'}
{'statusCode': 0, 'package': '@0xsequence/abi_0.39.2', 'message': 'no deps or dev-deps'}
{'statusCode': 0, 'package': '@0xsequence/abi_0.0.0-20220609204505', 'message': 'no deps or dev-deps'}
{'statusCode': 0, 'package': '@0xsequence/abi_0.0.0-20220610134843', 'message': 'no deps or dev-deps'}
{'statusCode': 0, 'package': '@0xsequence/abi_0.39.3', 'message': 'no deps or dev-deps'}
{'statusCode': 0, 'package': '@0xsequence/abi_0.0.0-20220614152529', 'message': 'no deps or dev-deps'}
{'statusCode': 0, 'package': '@0xsequence/abi_0.0.0-20220616121217', 'message': 'no deps or dev-deps'}
{'statusCode': 0, 'package': '@0xsequence/abi_0.39.4', 'message': 'no deps or dev-deps'}
{'statusCode': 0, 'package': '@0xsequence/abi_0.39.5', 'message': 'no deps or dev-deps'}
{'statusCode': 0, 'package': '@0xsequence/abi_0.39.6', 'message': 'no deps or dev-deps'}
{'statusCode': 0, 'package': '@0xsequence/abi_0.0.0-26b08ee9-20220629135033', 'message': 'no deps or dev-deps'}
{'statusCode': 0, 'package': '@0xsequence/abi_0.0.0-cdbb3137-20220630190630', 'message': 'no deps or dev-deps'}
{'statusCode': 0, 'package': '@0xsequence/abi_0.0.0-cdbb3137-20220630191603', 'message': 'no deps or dev-deps'}
{'statusCode': 0, 'package': '@0xsequence/abi_0.0.0-cdbb3137-20220630192830', 'message': 'no deps or dev-deps'}
{'statusCode': 0, 'package': '@0xsequence/abi_0.0.0-20220630194654', 'message': 'no deps or dev-deps'}
{'statusCode': 0, 'package': '@0xsequence/abi_0.0.0-20220630211555', 'message': 'no deps or dev-deps'}
{'statusCode': 0, 'package': '@0xsequence/abi_0.0.0-20220630215108', 'message': 'no deps or dev-deps'}
{'statusCode': 0, 'package': '@0xsequence/abi_0.0.0-20220703182449', 'message': 'no deps or dev-deps'}
{'statusCode': 0, 'package': '@0xsequence/abi_0.0.0-20220704043930', 'message': 'no deps or dev-deps'}
{'statusCode': 0, 'package': '@0xsequence/abi_0.0.0-20220706193010', 'message': 'no deps or dev-deps'}
{'statusCode': 0, 'package': '@0xsequence/abi_0.0.0-20220710174545', 'message': 'no deps or dev-deps'}
{'statusCode': 0, 'package': '@0xsequence/abi_0.0.0-coolcats-0.36.12-20220711222640', 'message': 'no deps or dev-deps'}
{'statusCode': 0, 'package': '@0xsequence/abi_0.40.0', 'message': 'no deps or dev-deps'}
{'statusCode': 0, 'package': '@0xsequence/abi_0.40.1', 'message': 'no deps or dev-deps'}
{'statusCode': 0, 'package': '@0xsequence/abi_0.0.0-20220713211319', 'message': 'no deps or dev-deps'}
{'statusCode': 0, 'package': '@0xsequence/abi_0.0.0-20220714164224', 'message': 'no deps or dev-deps'}
{'statusCode': 0, 'package': '@0xsequence/abi_0.40.2', 'message': 'no deps or dev-deps'}
{'statusCode': 0, 'package': '@0xsequence/abi_0.0.0-20220719173737', 'message': 'no deps or dev-deps'}
{'statusCode': 0, 'package': '@0xsequence/abi_0.0.0-20220722145329', 'message': 'no deps or dev-deps'}
{'statusCode': 0, 'package': '@0xsequence/abi_0.0.0-20220725200200', 'message': 'no deps or dev-deps'}
{'statusCode': 0, 'package': '@0xsequence/abi_0.40.3', 'message': 'no deps or dev-deps'}
{'statusCode': 0, 'package': '@0xsequence/abi_0.0.0-20220728141414', 'message': 'no deps or dev-deps'}
{'statusCode': 0, 'package': '@0xsequence/abi_0.40.4', 'message': 'no deps or dev-deps'}
{'statusCode': 0, 'package': '@0xsequence/abi_0.0.0-20220728215555', 'message': 'no deps or dev-deps'}
{'statusCode': 0, 'package': '@0xsequence/abi_0.40.5', 'message': 'no deps or dev-deps'}
{'statusCode': 0, 'package': '@0xsequence/abi_0.0.0-20220804202525', 'message': 'no deps or dev-deps'}
{'statusCode': 0, 'package': '@0xsequence/abi_0.40.6', 'message': 'no deps or dev-deps'}
{'statusCode': 0, 'package': '@0xsequence/abi_0.0.0-20220825181818', 'message': 'no deps or dev-deps'}
{'statusCode': 0, 'package': '@0xsequence/abi_0.0.0-20220825190100', 'message': 'no deps or dev-deps'}
{'statusCode': 0, 'package': '@0xsequence/abi_0.41.0', 'message': 'no deps or dev-deps'}
{'statusCode': 0, 'package': '@0xsequence/abi_0.41.1', 'message': 'no deps or dev-deps'}
{'statusCode': 0, 'package': '@0xsequence/abi_0.41.2', 'message': 'no deps or dev-deps'}
{'statusCode': 0, 'package': '@0xsequence/abi_0.41.3', 'message': 'no deps or dev-deps'}
{'statusCode': 0, 'package': '@0xsequence/abi_0.42.0', 'message': 'no deps or dev-deps'}
{'statusCode': 0, 'package': '@0xsequence/abi_0.42.1', 'message': 'no deps or dev-deps'}
{'statusCode': 0, 'package': '@0xsequence/abi_0.42.2', 'message': 'no deps or dev-deps'}
{'statusCode': 0, 'package': '@0xsequence/abi_0.42.3', 'message': 'no deps or dev-deps'}
{'statusCode': 0, 'package': '@0xsequence/abi_0.42.4', 'message': 'no deps or dev-deps'}
{'statusCode': 0, 'package': '@0xsequence/abi_0.42.5', 'message': 'no deps or dev-deps'}
{'statusCode': 0, 'package': '@0xsequence/abi_0.42.6', 'message': 'no deps or dev-deps'}
{'statusCode': 0, 'package': '@0xsequence/abi_0.42.7', 'message': 'no deps or dev-deps'}
{'statusCode': 0, 'package': '@0xsequence/abi_0.42.8', 'message': 'no deps or dev-deps'}
{'statusCode': 0, 'package': '@0xsequence/abi_0.42.9', 'message': 'no deps or dev-deps'}
{'statusCode': 0, 'package': '@0xsequence/abi_0.42.10', 'message': 'no deps or dev-deps'}
{'statusCode': 0, 'package': '@0xsequence/abi_0.43.0', 'message': 'no deps or dev-deps'}
{'statusCode': 0, 'package': '@0xsequence/abi_0.43.1', 'message': 'no deps or dev-deps'}
{'statusCode': 0, 'package': '@0xsequence/abi_0.43.2', 'message': 'no deps or dev-deps'}
{'statusCode': 0, 'package': '@0xsequence/abi_0.43.3', 'message': 'no deps or dev-deps'}
{'statusCode': 0, 'package': '@0xsequence/abi_0.0.0-20221124173317', 'message': 'no deps or dev-deps'}
{'statusCode': 0, 'package': '@0xsequence/abi_0.43.4', 'message': 'no deps or dev-deps'}
{'statusCode': 0, 'package': '@0xsequence/abi_0.43.5', 'message': 'no deps or dev-deps'}
{'statusCode': 0, 'package': '@0xsequence/abi_0.43.6', 'message': 'no deps or dev-deps'}
{'statusCode': 0, 'package': '@0xsequence/abi_0.43.7', 'message': 'no deps or dev-deps'}
{'statusCode': 0, 'package': '@0xsequence/abi_0.7.0', 'message': 'no deps or dev-deps'}
{'statusCode': 0, 'package': '@0xsequence/abi_0.8.0', 'message': 'no deps or dev-deps'}
{'statusCode': 0, 'package': '@0xsequence/abi_0.8.1', 'message': 'no deps or dev-deps'}
{'statusCode': 0, 'package': '@0xsequence/abi_0.8.2', 'message': 'no deps or dev-deps'}
{'statusCode': 0, 'package': '@0xsequence/abi_0.8.3', 'message': 'no deps or dev-deps'}
{'statusCode': 0, 'package': '@0xsequence/abi_0.8.4', 'message': 'no deps or dev-deps'}
{'statusCode': 0, 'package': '@0xsequence/abi_0.8.5', 'message': 'no deps or dev-deps'}
{'statusCode': 0, 'package': '@0xsequence/abi_0.9.1', 'message': 'no deps or dev-deps'}
{'statusCode': 0, 'package': '@0xsequence/abi_0.9.3', 'message': 'no deps or dev-deps'}
{'statusCode': 0, 'package': '@0xsequence/abi_0.9.6', 'message': 'no deps or dev-deps'}
{'statusCode': 0, 'package': '@0xsequence/abi_0.10.0', 'message': 'no deps or dev-deps'}
{'statusCode': 0, 'package': '@0xsequence/abi_0.10.1', 'message': 'no deps or dev-deps'}
{'statusCode': 0, 'package': '@0xsequence/abi_0.10.2', 'message': 'no deps or dev-deps'}
{'statusCode': 0, 'package': '@0xsequence/abi_0.10.3', 'message': 'no deps or dev-deps'}
{'statusCode': 0, 'package': '@0xsequence/abi_0.10.4', 'message': 'no deps or dev-deps'}
{'statusCode': 0, 'package': '@0xsequence/abi_0.10.5', 'message': 'no deps or dev-deps'}
{'statusCode': 0, 'package': '@0xsequence/abi_0.10.6', 'message': 'no deps or dev-deps'}
{'statusCode': 0, 'package': '@0xsequence/abi_0.10.7', 'message': 'no deps or dev-deps'}
{'statusCode': 0, 'package': '@0xsequence/abi_0.10.8', 'message': 'no deps or dev-deps'}
{'statusCode': 0, 'package': '@0xsequence/abi_0.10.9', 'message': 'no deps or dev-deps'}
{'statusCode': 0, 'package': '@0xsequence/abi_0.11.0', 'message': 'no deps or dev-deps'}
{'statusCode': 0, 'package': '@0xsequence/abi_0.11.1', 'message': 'no deps or dev-deps'}
{'statusCode': 0, 'package': '@0xsequence/abi_0.11.2', 'message': 'no deps or dev-deps'}
{'statusCode': 0, 'package': '@0xsequence/abi_0.11.3', 'message': 'no deps or dev-deps'}
{'statusCode': 0, 'package': '@0xsequence/abi_0.11.4', 'message': 'no deps or dev-deps'}
{'statusCode': 0, 'package': '@0xsequence/abi_0.12.0', 'message': 'no deps or dev-deps'}
{'statusCode': 0, 'package': '@0xsequence/abi_0.12.1', 'message': 'no deps or dev-deps'}
{'statusCode': 0, 'package': '@0xsequence/abi_0.13.0', 'message': 'no deps or dev-deps'}
{'statusCode': 0, 'package': '@0xsequence/abi_0.14.0', 'message': 'no deps or dev-deps'}
{'statusCode': 0, 'package': '@0xsequence/abi_0.14.3', 'message': 'no deps or dev-deps'}
{'statusCode': 0, 'package': '@0xsequence/abi_0.15.1', 'message': 'no deps or dev-deps'}
{'statusCode': 0, 'package': '@0xsequence/abi_0.16.0', 'message': 'no deps or dev-deps'}
{'statusCode': 0, 'package': '@0xsequence/abi_0.18.0', 'message': 'no deps or dev-deps'}
{'statusCode': 0, 'package': '@0xsequence/abi_0.19.0', 'message': 'no deps or dev-deps'}
{'statusCode': 0, 'package': '@0xsequence/abi_0.19.2', 'message': 'no deps or dev-deps'}
{'statusCode': 0, 'package': '@0xsequence/abi_0.19.3', 'message': 'no deps or dev-deps'}
{'statusCode': 0, 'package': '@0xsequence/abi_0.21.0', 'message': 'no deps or dev-deps'}
{'statusCode': 0, 'package': '@0xsequence/abi_0.21.2', 'message': 'no deps or dev-deps'}
{'statusCode': 0, 'package': '@0xsequence/abi_0.21.3', 'message': 'no deps or dev-deps'}
{'statusCode': 0, 'package': '@0xsequence/abi_0.21.4', 'message': 'no deps or dev-deps'}
{'statusCode': 0, 'package': '@0xsequence/abi_0.21.5', 'message': 'no deps or dev-deps'}
{'statusCode': 0, 'package': '@0xsequence/abi_0.22.0', 'message': 'no deps or dev-deps'}
{'statusCode': 0, 'package': '@0xsequence/abi_0.22.1', 'message': 'no deps or dev-deps'}
{'statusCode': 0, 'package': '@0xsequence/abi_0.22.2', 'message': 'no deps or dev-deps'}
{'statusCode': 0, 'package': '@0xsequence/abi_0.23.0', 'message': 'no deps or dev-deps'}
{'statusCode': 0, 'package': '@0xsequence/abi_0.25.0', 'message': 'no deps or dev-deps'}
{'statusCode': 0, 'package': '@0xsequence/abi_0.25.1', 'message': 'no deps or dev-deps'}
{'statusCode': 0, 'package': '@0xsequence/abi_0.27.0', 'message': 'no deps or dev-deps'}
{'statusCode': 0, 'package': '@0xsequence/abi_0.28.0', 'message': 'no deps or dev-deps'}
{'statusCode': 0, 'package': '@0xsequence/abi_0.0.0-202182516517', 'message': 'no deps or dev-deps'}
{'statusCode': 0, 'package': '@0xsequence/abi_0.0.0-202182517435', 'message': 'no deps or dev-deps'}
{'statusCode': 0, 'package': '@0xsequence/abi_0.0.0-2021827201516', 'message': 'no deps or dev-deps'}
{'statusCode': 0, 'package': '@0xsequence/abi_0.29.0', 'message': 'no deps or dev-deps'}
{'statusCode': 0, 'package': '@0xsequence/abi_0.29.8', 'message': 'no deps or dev-deps'}
{'statusCode': 0, 'package': '@0xsequence/abi_0.30.0', 'message': 'no deps or dev-deps'}
{'statusCode': 0, 'package': '@0xsequence/abi_0.31.0', 'message': 'no deps or dev-deps'}
{'statusCode': 0, 'package': '@0xsequence/abi_0.34.0', 'message': 'no deps or dev-deps'}
{'statusCode': 0, 'package': '@0xsequence/abi_0.35.0', 'message': 'no deps or dev-deps'}
{'statusCode': 0, 'package': '@0xsequence/abi_0.35.1', 'message': 'no deps or dev-deps'}
{'statusCode': 0, 'package': '@0xsequence/abi_0.35.2', 'message': 'no deps or dev-deps'}
{'statusCode': 0, 'package': '@0xsequence/abi_0.35.3', 'message': 'no deps or dev-deps'}
{'statusCode': 0, 'package': '@0xsequence/abi_0.35.4', 'message': 'no deps or dev-deps'}
{'statusCode': 0, 'package': '@0xsequence/abi_0.35.5', 'message': 'no deps or dev-deps'}
{'statusCode': 0, 'package': '@0xsequence/abi_0.35.6', 'message': 'no deps or dev-deps'}
{'statusCode': 0, 'package': '@0xsequence/abi_0.35.7', 'message': 'no deps or dev-deps'}
{'statusCode': 0, 'package': '@0xsequence/abi_0.35.8', 'message': 'no deps or dev-deps'}
{'statusCode': 0, 'package': '@0xsequence/abi_0.35.9', 'message': 'no deps or dev-deps'}
{'statusCode': 0, 'package': '@0xsequence/abi_0.35.10', 'message': 'no deps or dev-deps'}
{'statusCode': 0, 'package': '@0xsequence/abi_0.35.11', 'message': 'no deps or dev-deps'}
{'statusCode': 0, 'package': '@0xsequence/abi_0.35.12', 'message': 'no deps or dev-deps'}
{'statusCode': 0, 'package': '@0xsequence/abi_0.36.0', 'message': 'no deps or dev-deps'}
{'statusCode': 0, 'package': '@0xsequence/abi_0.36.1', 'message': 'no deps or dev-deps'}
{'statusCode': 0, 'package': '@0xsequence/abi_0.36.2', 'message': 'no deps or dev-deps'}
{'statusCode': 0, 'package': '@0xsequence/abi_0.36.3', 'message': 'no deps or dev-deps'}
{'statusCode': 0, 'package': '@0xsequence/abi_0.36.4', 'message': 'no deps or dev-deps'}
{'statusCode': 0, 'package': '@0xsequence/abi_0.36.5', 'message': 'no deps or dev-deps'}
{'statusCode': 0, 'package': '@0xsequence/abi_0.36.6', 'message': 'no deps or dev-deps'}
{'statusCode': 0, 'package': '@0xsequence/abi_0.36.7', 'message': 'no deps or dev-deps'}
{'statusCode': 0, 'package': '@0xsequence/abi_0.36.8', 'message': 'no deps or dev-deps'}
{'statusCode': 0, 'package': '@0xsequence/abi_0.36.9', 'message': 'no deps or dev-deps'}
{'statusCode': 0, 'package': '@0xsequence/abi_0.36.10', 'message': 'no deps or dev-deps'}
{'statusCode': 0, 'package': '@0xsequence/abi_0.0.0-20220418165517', 'message': 'no deps or dev-deps'}
{'statusCode': 0, 'package': '@0xsequence/abi_0.36.11', 'message': 'no deps or dev-deps'}
{'statusCode': 0, 'package': '@0xsequence/abi_0.0.0-20220425195445', 'message': 'no deps or dev-deps'}
{'statusCode': 0, 'package': '@0xsequence/abi_0.36.12', 'message': 'no deps or dev-deps'}
{'statusCode': 0, 'package': '@0xsequence/abi_0.0.0-20220427054350', 'message': 'no deps or dev-deps'}
{'statusCode': 0, 'package': '@0xsequence/abi_0.0.0-20220427055332', 'message': 'no deps or dev-deps'}
{'statusCode': 0, 'package': '@0xsequence/abi_0.0.0-20220427161307', 'message': 'no deps or dev-deps'}
{'statusCode': 0, 'package': '@0xsequence/abi_0.0.0-20220427162812', 'message': 'no deps or dev-deps'}
{'statusCode': 0, 'package': '@0xsequence/abi_0.36.13', 'message': 'no deps or dev-deps'}
{'statusCode': 0, 'package': '@0xsequence/abi_0.37.0', 'message': 'no deps or dev-deps'}
{'statusCode': 0, 'package': '@0xsequence/abi_0.37.1', 'message': 'no deps or dev-deps'}
{'statusCode': 0, 'package': '@0xsequence/abi_0.0.0-20220506174803', 'message': 'no deps or dev-deps'}
{'statusCode': 0, 'package': '@0xsequence/abi_0.0.0-20220506195001', 'message': 'no deps or dev-deps'}
{'statusCode': 0, 'package': '@0xsequence/abi_0.0.0-20220513134147', 'message': 'no deps or dev-deps'}
{'statusCode': 0, 'package': '@0xsequence/abi_0.38.0', 'message': 'no deps or dev-deps'}
{'statusCode': 0, 'package': '@0xsequence/abi_0.38.1', 'message': 'no deps or dev-deps'}
{'statusCode': 0, 'package': '@0xsequence/abi_0.38.2', 'message': 'no deps or dev-deps'}
{'statusCode': 0, 'package': '@0xsequence/abi_0.39.0', 'message': 'no deps or dev-deps'}
{'statusCode': 0, 'package': '@0xsequence/abi_0.0.0-20220519151110', 'message': 'no deps or dev-deps'}
{'statusCode': 0, 'package': '@0xsequence/abi_0.0.0-20220519202656', 'message': 'no deps or dev-deps'}
{'statusCode': 0, 'package': '@0xsequence/abi_0.0.0-20220601185217', 'message': 'no deps or dev-deps'}
{'statusCode': 0, 'package': '@0xsequence/abi_0.39.1', 'message': 'no deps or dev-deps'}
{'statusCode': 0, 'package': '@0xsequence/abi_0.39.2', 'message': 'no deps or dev-deps'}
{'statusCode': 0, 'package': '@0xsequence/abi_0.0.0-20220609204505', 'message': 'no deps or dev-deps'}
{'statusCode': 0, 'package': '@0xsequence/abi_0.0.0-20220610134843', 'message': 'no deps or dev-deps'}
{'statusCode': 0, 'package': '@0xsequence/abi_0.39.3', 'message': 'no deps or dev-deps'}
{'statusCode': 0, 'package': '@0xsequence/abi_0.0.0-20220614152529', 'message': 'no deps or dev-deps'}
{'statusCode': 0, 'package': '@0xsequence/abi_0.0.0-20220616121217', 'message': 'no deps or dev-deps'}
{'statusCode': 0, 'package': '@0xsequence/abi_0.39.4', 'message': 'no deps or dev-deps'}
{'statusCode': 0, 'package': '@0xsequence/abi_0.39.5', 'message': 'no deps or dev-deps'}
{'statusCode': 0, 'package': '@0xsequence/abi_0.39.6', 'message': 'no deps or dev-deps'}
{'statusCode': 0, 'package': '@0xsequence/abi_0.0.0-26b08ee9-20220629135033', 'message': 'no deps or dev-deps'}
{'statusCode': 0, 'package': '@0xsequence/abi_0.0.0-cdbb3137-20220630190630', 'message': 'no deps or dev-deps'}
{'statusCode': 0, 'package': '@0xsequence/abi_0.0.0-cdbb3137-20220630191603', 'message': 'no deps or dev-deps'}
{'statusCode': 0, 'package': '@0xsequence/abi_0.0.0-cdbb3137-20220630192830', 'message': 'no deps or dev-deps'}
{'statusCode': 0, 'package': '@0xsequence/abi_0.0.0-20220630194654', 'message': 'no deps or dev-deps'}
{'statusCode': 0, 'package': '@0xsequence/abi_0.0.0-20220630211555', 'message': 'no deps or dev-deps'}
{'statusCode': 0, 'package': '@0xsequence/abi_0.0.0-20220630215108', 'message': 'no deps or dev-deps'}
{'statusCode': 0, 'package': '@0xsequence/abi_0.0.0-20220703182449', 'message': 'no deps or dev-deps'}
{'statusCode': 0, 'package': '@0xsequence/abi_0.0.0-20220704043930', 'message': 'no deps or dev-deps'}
{'statusCode': 0, 'package': '@0xsequence/abi_0.0.0-20220706193010', 'message': 'no deps or dev-deps'}
{'statusCode': 0, 'package': '@0xsequence/abi_0.0.0-20220710174545', 'message': 'no deps or dev-deps'}
{'statusCode': 0, 'package': '@0xsequence/abi_0.0.0-coolcats-0.36.12-20220711222640', 'message': 'no deps or dev-deps'}
{'statusCode': 0, 'package': '@0xsequence/abi_0.40.0', 'message': 'no deps or dev-deps'}
{'statusCode': 0, 'package': '@0xsequence/abi_0.40.1', 'message': 'no deps or dev-deps'}
{'statusCode': 0, 'package': '@0xsequence/abi_0.0.0-20220713211319', 'message': 'no deps or dev-deps'}
{'statusCode': 0, 'package': '@0xsequence/abi_0.0.0-20220714164224', 'message': 'no deps or dev-deps'}
{'statusCode': 0, 'package': '@0xsequence/abi_0.40.2', 'message': 'no deps or dev-deps'}
{'statusCode': 0, 'package': '@0xsequence/abi_0.0.0-20220719173737', 'message': 'no deps or dev-deps'}
{'statusCode': 0, 'package': '@0xsequence/abi_0.0.0-20220722145329', 'message': 'no deps or dev-deps'}
{'statusCode': 0, 'package': '@0xsequence/abi_0.0.0-20220725200200', 'message': 'no deps or dev-deps'}
{'statusCode': 0, 'package': '@0xsequence/abi_0.40.3', 'message': 'no deps or dev-deps'}
{'statusCode': 0, 'package': '@0xsequence/abi_0.0.0-20220728141414', 'message': 'no deps or dev-deps'}
{'statusCode': 0, 'package': '@0xsequence/abi_0.40.4', 'message': 'no deps or dev-deps'}
{'statusCode': 0, 'package': '@0xsequence/abi_0.0.0-20220728215555', 'message': 'no deps or dev-deps'}
{'statusCode': 0, 'package': '@0xsequence/abi_0.40.5', 'message': 'no deps or dev-deps'}
{'statusCode': 0, 'package': '@0xsequence/abi_0.0.0-20220804202525', 'message': 'no deps or dev-deps'}
{'statusCode': 0, 'package': '@0xsequence/abi_0.40.6', 'message': 'no deps or dev-deps'}
{'statusCode': 0, 'package': '@0xsequence/abi_0.0.0-20220825181818', 'message': 'no deps or dev-deps'}
{'statusCode': 0, 'package': '@0xsequence/abi_0.0.0-20220825190100', 'message': 'no deps or dev-deps'}
{'statusCode': 0, 'package': '@0xsequence/abi_0.41.0', 'message': 'no deps or dev-deps'}
{'statusCode': 0, 'package': '@0xsequence/abi_0.41.1', 'message': 'no deps or dev-deps'}
{'statusCode': 0, 'package': '@0xsequence/abi_0.41.2', 'message': 'no deps or dev-deps'}
{'statusCode': 0, 'package': '@0xsequence/abi_0.41.3', 'message': 'no deps or dev-deps'}
{'statusCode': 0, 'package': '@0xsequence/abi_0.42.0', 'message': 'no deps or dev-deps'}
{'statusCode': 0, 'package': '@0xsequence/abi_0.42.1', 'message': 'no deps or dev-deps'}
{'statusCode': 0, 'package': '@0xsequence/abi_0.42.2', 'message': 'no deps or dev-deps'}
{'statusCode': 0, 'package': '@0xsequence/abi_0.42.3', 'message': 'no deps or dev-deps'}
{'statusCode': 0, 'package': '@0xsequence/abi_0.42.4', 'message': 'no deps or dev-deps'}
{'statusCode': 0, 'package': '@0xsequence/abi_0.42.5', 'message': 'no deps or dev-deps'}
{'statusCode': 0, 'package': '@0xsequence/abi_0.42.6', 'message': 'no deps or dev-deps'}
{'statusCode': 0, 'package': '@0xsequence/abi_0.42.7', 'message': 'no deps or dev-deps'}
{'statusCode': 0, 'package': '@0xsequence/abi_0.42.8', 'message': 'no deps or dev-deps'}
{'statusCode': 0, 'package': '@0xsequence/abi_0.42.9', 'message': 'no deps or dev-deps'}
{'statusCode': 0, 'package': '@0xsequence/abi_0.42.10', 'message': 'no deps or dev-deps'}
{'statusCode': 0, 'package': '@0xsequence/abi_0.43.0', 'message': 'no deps or dev-deps'}
{'statusCode': 0, 'package': '@0xsequence/abi_0.43.1', 'message': 'no deps or dev-deps'}
{'statusCode': 0, 'package': '@0xsequence/abi_0.43.2', 'message': 'no deps or dev-deps'}
{'statusCode': 0, 'package': '@0xsequence/abi_0.43.3', 'message': 'no deps or dev-deps'}
{'statusCode': 0, 'package': '@0xsequence/abi_0.0.0-20221124173317', 'message': 'no deps or dev-deps'}
{'statusCode': 0, 'package': '@0xsequence/abi_0.43.4', 'message': 'no deps or dev-deps'}
{'statusCode': 0, 'package': '@0xsequence/abi_0.43.5', 'message': 'no deps or dev-deps'}
{'statusCode': 0, 'package': '@0xsequence/abi_0.43.6', 'message': 'no deps or dev-deps'}
{'statusCode': 0, 'package': '@0xsequence/abi_0.43.7', 'message': 'no deps or dev-deps'}
{'statusCode': 0, 'package': '@0xsequence/abi_0.7.0', 'message': 'no deps or dev-deps'}
{'statusCode': 0, 'package': '@0xsequence/abi_0.8.0', 'message': 'no deps or dev-deps'}
{'statusCode': 0, 'package': '@0xsequence/abi_0.8.1', 'message': 'no deps or dev-deps'}
{'statusCode': 0, 'package': '@0xsequence/abi_0.8.2', 'message': 'no deps or dev-deps'}
{'statusCode': 0, 'package': '@0xsequence/abi_0.8.3', 'message': 'no deps or dev-deps'}
{'statusCode': 0, 'package': '@0xsequence/abi_0.8.4', 'message': 'no deps or dev-deps'}
{'statusCode': 0, 'package': '@0xsequence/abi_0.8.5', 'message': 'no deps or dev-deps'}
{'statusCode': 0, 'package': '@0xsequence/abi_0.9.1', 'message': 'no deps or dev-deps'}
{'statusCode': 0, 'package': '@0xsequence/abi_0.9.3', 'message': 'no deps or dev-deps'}
{'statusCode': 0, 'package': '@0xsequence/abi_0.9.6', 'message': 'no deps or dev-deps'}
{'statusCode': 0, 'package': '@0xsequence/abi_0.10.0', 'message': 'no deps or dev-deps'}
{'statusCode': 0, 'package': '@0xsequence/abi_0.10.1', 'message': 'no deps or dev-deps'}
{'statusCode': 0, 'package': '@0xsequence/abi_0.10.2', 'message': 'no deps or dev-deps'}
{'statusCode': 0, 'package': '@0xsequence/abi_0.10.3', 'message': 'no deps or dev-deps'}
{'statusCode': 0, 'package': '@0xsequence/abi_0.10.4', 'message': 'no deps or dev-deps'}
{'statusCode': 0, 'package': '@0xsequence/abi_0.10.5', 'message': 'no deps or dev-deps'}
{'statusCode': 0, 'package': '@0xsequence/abi_0.10.6', 'message': 'no deps or dev-deps'}
{'statusCode': 0, 'package': '@0xsequence/abi_0.10.7', 'message': 'no deps or dev-deps'}
{'statusCode': 0, 'package': '@0xsequence/abi_0.10.8', 'message': 'no deps or dev-deps'}
{'statusCode': 0, 'package': '@0xsequence/abi_0.10.9', 'message': 'no deps or dev-deps'}
{'statusCode': 0, 'package': '@0xsequence/abi_0.11.0', 'message': 'no deps or dev-deps'}
{'statusCode': 0, 'package': '@0xsequence/abi_0.11.1', 'message': 'no deps or dev-deps'}
{'statusCode': 0, 'package': '@0xsequence/abi_0.11.2', 'message': 'no deps or dev-deps'}
{'statusCode': 0, 'package': '@0xsequence/abi_0.11.3', 'message': 'no deps or dev-deps'}
{'statusCode': 0, 'package': '@0xsequence/abi_0.11.4', 'message': 'no deps or dev-deps'}
{'statusCode': 0, 'package': '@0xsequence/abi_0.12.0', 'message': 'no deps or dev-deps'}
{'statusCode': 0, 'package': '@0xsequence/abi_0.12.1', 'message': 'no deps or dev-deps'}
{'statusCode': 0, 'package': '@0xsequence/abi_0.13.0', 'message': 'no deps or dev-deps'}
{'statusCode': 0, 'package': '@0xsequence/abi_0.14.0', 'message': 'no deps or dev-deps'}
{'statusCode': 0, 'package': '@0xsequence/abi_0.14.3', 'message': 'no deps or dev-deps'}
{'statusCode': 0, 'package': '@0xsequence/abi_0.15.1', 'message': 'no deps or dev-deps'}
{'statusCode': 0, 'package': '@0xsequence/abi_0.16.0', 'message': 'no deps or dev-deps'}
{'statusCode': 0, 'package': '@0xsequence/abi_0.18.0', 'message': 'no deps or dev-deps'}
{'statusCode': 0, 'package': '@0xsequence/abi_0.19.0', 'message': 'no deps or dev-deps'}
{'statusCode': 0, 'package': '@0xsequence/abi_0.19.2', 'message': 'no deps or dev-deps'}
{'statusCode': 0, 'package': '@0xsequence/abi_0.19.3', 'message': 'no deps or dev-deps'}
{'statusCode': 0, 'package': '@0xsequence/abi_0.21.0', 'message': 'no deps or dev-deps'}
{'statusCode': 0, 'package': '@0xsequence/abi_0.21.2', 'message': 'no deps or dev-deps'}
{'statusCode': 0, 'package': '@0xsequence/abi_0.21.3', 'message': 'no deps or dev-deps'}
{'statusCode': 0, 'package': '@0xsequence/abi_0.21.4', 'message': 'no deps or dev-deps'}
{'statusCode': 0, 'package': '@0xsequence/abi_0.21.5', 'message': 'no deps or dev-deps'}
{'statusCode': 0, 'package': '@0xsequence/abi_0.22.0', 'message': 'no deps or dev-deps'}
{'statusCode': 0, 'package': '@0xsequence/abi_0.22.1', 'message': 'no deps or dev-deps'}
{'statusCode': 0, 'package': '@0xsequence/abi_0.22.2', 'message': 'no deps or dev-deps'}
{'statusCode': 0, 'package': '@0xsequence/abi_0.23.0', 'message': 'no deps or dev-deps'}
{'statusCode': 0, 'package': '@0xsequence/abi_0.25.0', 'message': 'no deps or dev-deps'}
{'statusCode': 0, 'package': '@0xsequence/abi_0.25.1', 'message': 'no deps or dev-deps'}
{'statusCode': 0, 'package': '@0xsequence/abi_0.27.0', 'message': 'no deps or dev-deps'}
{'statusCode': 0, 'package': '@0xsequence/abi_0.28.0', 'message': 'no deps or dev-deps'}
{'statusCode': 0, 'package': '@0xsequence/abi_0.0.0-202182516517', 'message': 'no deps or dev-deps'}
{'statusCode': 0, 'package': '@0xsequence/abi_0.0.0-202182517435', 'message': 'no deps or dev-deps'}
{'statusCode': 0, 'package': '@0xsequence/abi_0.0.0-2021827201516', 'message': 'no deps or dev-deps'}
{'statusCode': 0, 'package': '@0xsequence/abi_0.29.0', 'message': 'no deps or dev-deps'}
{'statusCode': 0, 'package': '@0xsequence/abi_0.29.8', 'message': 'no deps or dev-deps'}
{'statusCode': 0, 'package': '@0xsequence/abi_0.30.0', 'message': 'no deps or dev-deps'}
{'statusCode': 0, 'package': '@0xsequence/abi_0.31.0', 'message': 'no deps or dev-deps'}
{'statusCode': 0, 'package': '@0xsequence/abi_0.34.0', 'message': 'no deps or dev-deps'}
{'statusCode': 0, 'package': '@0xsequence/abi_0.35.0', 'message': 'no deps or dev-deps'}
{'statusCode': 0, 'package': '@0xsequence/abi_0.35.1', 'message': 'no deps or dev-deps'}
{'statusCode': 0, 'package': '@0xsequence/abi_0.35.2', 'message': 'no deps or dev-deps'}
{'statusCode': 0, 'package': '@0xsequence/abi_0.35.3', 'message': 'no deps or dev-deps'}
{'statusCode': 0, 'package': '@0xsequence/abi_0.35.4', 'message': 'no deps or dev-deps'}
{'statusCode': 0, 'package': '@0xsequence/abi_0.35.5', 'message': 'no deps or dev-deps'}
{'statusCode': 0, 'package': '@0xsequence/abi_0.35.6', 'message': 'no deps or dev-deps'}
{'statusCode': 0, 'package': '@0xsequence/abi_0.35.7', 'message': 'no deps or dev-deps'}
{'statusCode': 0, 'package': '@0xsequence/abi_0.35.8', 'message': 'no deps or dev-deps'}
{'statusCode': 0, 'package': '@0xsequence/abi_0.35.9', 'message': 'no deps or dev-deps'}
{'statusCode': 0, 'package': '@0xsequence/abi_0.35.10', 'message': 'no deps or dev-deps'}
{'statusCode': 0, 'package': '@0xsequence/abi_0.35.11', 'message': 'no deps or dev-deps'}
{'statusCode': 0, 'package': '@0xsequence/abi_0.35.12', 'message': 'no deps or dev-deps'}
{'statusCode': 0, 'package': '@0xsequence/abi_0.36.0', 'message': 'no deps or dev-deps'}
{'statusCode': 0, 'package': '@0xsequence/abi_0.36.1', 'message': 'no deps or dev-deps'}
{'statusCode': 0, 'package': '@0xsequence/abi_0.36.2', 'message': 'no deps or dev-deps'}
{'statusCode': 0, 'package': '@0xsequence/abi_0.36.3', 'message': 'no deps or dev-deps'}
{'statusCode': 0, 'package': '@0xsequence/abi_0.36.4', 'message': 'no deps or dev-deps'}
{'statusCode': 0, 'package': '@0xsequence/abi_0.36.5', 'message': 'no deps or dev-deps'}
{'statusCode': 0, 'package': '@0xsequence/abi_0.36.6', 'message': 'no deps or dev-deps'}
{'statusCode': 0, 'package': '@0xsequence/abi_0.36.7', 'message': 'no deps or dev-deps'}
{'statusCode': 0, 'package': '@0xsequence/abi_0.36.8', 'message': 'no deps or dev-deps'}
{'statusCode': 0, 'package': '@0xsequence/abi_0.36.9', 'message': 'no deps or dev-deps'}
{'statusCode': 0, 'package': '@0xsequence/abi_0.36.10', 'message': 'no deps or dev-deps'}
{'statusCode': 0, 'package': '@0xsequence/abi_0.0.0-20220418165517', 'message': 'no deps or dev-deps'}
{'statusCode': 0, 'package': '@0xsequence/abi_0.36.11', 'message': 'no deps or dev-deps'}
{'statusCode': 0, 'package': '@0xsequence/abi_0.0.0-20220425195445', 'message': 'no deps or dev-deps'}
{'statusCode': 0, 'package': '@0xsequence/abi_0.36.12', 'message': 'no deps or dev-deps'}
{'statusCode': 0, 'package': '@0xsequence/abi_0.0.0-20220427054350', 'message': 'no deps or dev-deps'}
{'statusCode': 0, 'package': '@0xsequence/abi_0.0.0-20220427055332', 'message': 'no deps or dev-deps'}
{'statusCode': 0, 'package': '@0xsequence/abi_0.0.0-20220427161307', 'message': 'no deps or dev-deps'}
{'statusCode': 0, 'package': '@0xsequence/abi_0.0.0-20220427162812', 'message': 'no deps or dev-deps'}
{'statusCode': 0, 'package': '@0xsequence/abi_0.36.13', 'message': 'no deps or dev-deps'}
{'statusCode': 0, 'package': '@0xsequence/abi_0.37.0', 'message': 'no deps or dev-deps'}
{'statusCode': 0, 'package': '@0xsequence/abi_0.37.1', 'message': 'no deps or dev-deps'}
{'statusCode': 0, 'package': '@0xsequence/abi_0.0.0-20220506174803', 'message': 'no deps or dev-deps'}
{'statusCode': 0, 'package': '@0xsequence/abi_0.0.0-20220506195001', 'message': 'no deps or dev-deps'}
{'statusCode': 0, 'package': '@0xsequence/abi_0.0.0-20220513134147', 'message': 'no deps or dev-deps'}
{'statusCode': 0, 'package': '@0xsequence/abi_0.38.0', 'message': 'no deps or dev-deps'}
{'statusCode': 0, 'package': '@0xsequence/abi_0.38.1', 'message': 'no deps or dev-deps'}
{'statusCode': 0, 'package': '@0xsequence/abi_0.38.2', 'message': 'no deps or dev-deps'}
{'statusCode': 0, 'package': '@0xsequence/abi_0.39.0', 'message': 'no deps or dev-deps'}
{'statusCode': 0, 'package': '@0xsequence/abi_0.0.0-20220519151110', 'message': 'no deps or dev-deps'}
{'statusCode': 0, 'package': '@0xsequence/abi_0.0.0-20220519202656', 'message': 'no deps or dev-deps'}
{'statusCode': 0, 'package': '@0xsequence/abi_0.0.0-20220601185217', 'message': 'no deps or dev-deps'}
{'statusCode': 0, 'package': '@0xsequence/abi_0.39.1', 'message': 'no deps or dev-deps'}
{'statusCode': 0, 'package': '@0xsequence/abi_0.39.2', 'message': 'no deps or dev-deps'}
{'statusCode': 0, 'package': '@0xsequence/abi_0.0.0-20220609204505', 'message': 'no deps or dev-deps'}
{'statusCode': 0, 'package': '@0xsequence/abi_0.0.0-20220610134843', 'message': 'no deps or dev-deps'}
{'statusCode': 0, 'package': '@0xsequence/abi_0.39.3', 'message': 'no deps or dev-deps'}
{'statusCode': 0, 'package': '@0xsequence/abi_0.0.0-20220614152529', 'message': 'no deps or dev-deps'}
{'statusCode': 0, 'package': '@0xsequence/abi_0.0.0-20220616121217', 'message': 'no deps or dev-deps'}
{'statusCode': 0, 'package': '@0xsequence/abi_0.39.4', 'message': 'no deps or dev-deps'}
{'statusCode': 0, 'package': '@0xsequence/abi_0.39.5', 'message': 'no deps or dev-deps'}
{'statusCode': 0, 'package': '@0xsequence/abi_0.39.6', 'message': 'no deps or dev-deps'}
{'statusCode': 0, 'package': '@0xsequence/abi_0.0.0-26b08ee9-20220629135033', 'message': 'no deps or dev-deps'}
{'statusCode': 0, 'package': '@0xsequence/abi_0.0.0-cdbb3137-20220630190630', 'message': 'no deps or dev-deps'}
{'statusCode': 0, 'package': '@0xsequence/abi_0.0.0-cdbb3137-20220630191603', 'message': 'no deps or dev-deps'}
{'statusCode': 0, 'package': '@0xsequence/abi_0.0.0-cdbb3137-20220630192830', 'message': 'no deps or dev-deps'}
{'statusCode': 0, 'package': '@0xsequence/abi_0.0.0-20220630194654', 'message': 'no deps or dev-deps'}
{'statusCode': 0, 'package': '@0xsequence/abi_0.0.0-20220630211555', 'message': 'no deps or dev-deps'}
{'statusCode': 0, 'package': '@0xsequence/abi_0.0.0-20220630215108', 'message': 'no deps or dev-deps'}
{'statusCode': 0, 'package': '@0xsequence/abi_0.0.0-20220703182449', 'message': 'no deps or dev-deps'}
{'statusCode': 0, 'package': '@0xsequence/abi_0.0.0-20220704043930', 'message': 'no deps or dev-deps'}
{'statusCode': 0, 'package': '@0xsequence/abi_0.0.0-20220706193010', 'message': 'no deps or dev-deps'}
{'statusCode': 0, 'package': '@0xsequence/abi_0.0.0-20220710174545', 'message': 'no deps or dev-deps'}
{'statusCode': 0, 'package': '@0xsequence/abi_0.0.0-coolcats-0.36.12-20220711222640', 'message': 'no deps or dev-deps'}
{'statusCode': 0, 'package': '@0xsequence/abi_0.40.0', 'message': 'no deps or dev-deps'}
{'statusCode': 0, 'package': '@0xsequence/abi_0.40.1', 'message': 'no deps or dev-deps'}
{'statusCode': 0, 'package': '@0xsequence/abi_0.0.0-20220713211319', 'message': 'no deps or dev-deps'}
{'statusCode': 0, 'package': '@0xsequence/abi_0.0.0-20220714164224', 'message': 'no deps or dev-deps'}
{'statusCode': 0, 'package': '@0xsequence/abi_0.40.2', 'message': 'no deps or dev-deps'}
{'statusCode': 0, 'package': '@0xsequence/abi_0.0.0-20220719173737', 'message': 'no deps or dev-deps'}
{'statusCode': 0, 'package': '@0xsequence/abi_0.0.0-20220722145329', 'message': 'no deps or dev-deps'}
{'statusCode': 0, 'package': '@0xsequence/abi_0.0.0-20220725200200', 'message': 'no deps or dev-deps'}
{'statusCode': 0, 'package': '@0xsequence/abi_0.40.3', 'message': 'no deps or dev-deps'}
{'statusCode': 0, 'package': '@0xsequence/abi_0.0.0-20220728141414', 'message': 'no deps or dev-deps'}
{'statusCode': 0, 'package': '@0xsequence/abi_0.40.4', 'message': 'no deps or dev-deps'}
{'statusCode': 0, 'package': '@0xsequence/abi_0.0.0-20220728215555', 'message': 'no deps or dev-deps'}
{'statusCode': 0, 'package': '@0xsequence/abi_0.40.5', 'message': 'no deps or dev-deps'}
{'statusCode': 0, 'package': '@0xsequence/abi_0.0.0-20220804202525', 'message': 'no deps or dev-deps'}
{'statusCode': 0, 'package': '@0xsequence/abi_0.40.6', 'message': 'no deps or dev-deps'}
{'statusCode': 0, 'package': '@0xsequence/abi_0.0.0-20220825181818', 'message': 'no deps or dev-deps'}
{'statusCode': 0, 'package': '@0xsequence/abi_0.0.0-20220825190100', 'message': 'no deps or dev-deps'}
{'statusCode': 0, 'package': '@0xsequence/abi_0.41.0', 'message': 'no deps or dev-deps'}
{'statusCode': 0, 'package': '@0xsequence/abi_0.41.1', 'message': 'no deps or dev-deps'}
{'statusCode': 0, 'package': '@0xsequence/abi_0.41.2', 'message': 'no deps or dev-deps'}
{'statusCode': 0, 'package': '@0xsequence/abi_0.41.3', 'message': 'no deps or dev-deps'}
{'statusCode': 0, 'package': '@0xsequence/abi_0.42.0', 'message': 'no deps or dev-deps'}
{'statusCode': 0, 'package': '@0xsequence/abi_0.42.1', 'message': 'no deps or dev-deps'}
{'statusCode': 0, 'package': '@0xsequence/abi_0.42.2', 'message': 'no deps or dev-deps'}
{'statusCode': 0, 'package': '@0xsequence/abi_0.42.3', 'message': 'no deps or dev-deps'}
{'statusCode': 0, 'package': '@0xsequence/abi_0.42.4', 'message': 'no deps or dev-deps'}
{'statusCode': 0, 'package': '@0xsequence/abi_0.42.5', 'message': 'no deps or dev-deps'}
{'statusCode': 0, 'package': '@0xsequence/abi_0.42.6', 'message': 'no deps or dev-deps'}
{'statusCode': 0, 'package': '@0xsequence/abi_0.42.7', 'message': 'no deps or dev-deps'}
{'statusCode': 0, 'package': '@0xsequence/abi_0.42.8', 'message': 'no deps or dev-deps'}
{'statusCode': 0, 'package': '@0xsequence/abi_0.42.9', 'message': 'no deps or dev-deps'}
{'statusCode': 0, 'package': '@0xsequence/abi_0.42.10', 'message': 'no deps or dev-deps'}
{'statusCode': 0, 'package': '@0xsequence/abi_0.43.0', 'message': 'no deps or dev-deps'}
{'statusCode': 0, 'package': '@0xsequence/abi_0.43.1', 'message': 'no deps or dev-deps'}
{'statusCode': 0, 'package': '@0xsequence/abi_0.43.2', 'message': 'no deps or dev-deps'}
{'statusCode': 0, 'package': '@0xsequence/abi_0.43.3', 'message': 'no deps or dev-deps'}
{'statusCode': 0, 'package': '@0xsequence/abi_0.0.0-20221124173317', 'message': 'no deps or dev-deps'}
{'statusCode': 0, 'package': '@0xsequence/abi_0.43.4', 'message': 'no deps or dev-deps'}
{'statusCode': 0, 'package': '@0xsequence/abi_0.43.5', 'message': 'no deps or dev-deps'}
{'statusCode': 0, 'package': '@0xsequence/abi_0.43.6', 'message': 'no deps or dev-deps'}
{'statusCode': 0, 'package': '@0xsequence/abi_0.43.7', 'message': 'no deps or dev-deps'}
{'statusCode': 0, 'package': '@0xsequence/abi_0.7.0', 'message': 'no deps or dev-deps'}
{'statusCode': 0, 'package': '@0xsequence/abi_0.8.0', 'message': 'no deps or dev-deps'}
{'statusCode': 0, 'package': '@0xsequence/abi_0.8.1', 'message': 'no deps or dev-deps'}
{'statusCode': 0, 'package': '@0xsequence/abi_0.8.2', 'message': 'no deps or dev-deps'}
{'statusCode': 0, 'package': '@0xsequence/abi_0.8.3', 'message': 'no deps or dev-deps'}
{'statusCode': 0, 'package': '@0xsequence/abi_0.8.4', 'message': 'no deps or dev-deps'}
{'statusCode': 0, 'package': '@0xsequence/abi_0.8.5', 'message': 'no deps or dev-deps'}
{'statusCode': 0, 'package': '@0xsequence/abi_0.9.1', 'message': 'no deps or dev-deps'}
{'statusCode': 0, 'package': '@0xsequence/abi_0.9.3', 'message': 'no deps or dev-deps'}
{'statusCode': 0, 'package': '@0xsequence/abi_0.9.6', 'message': 'no deps or dev-deps'}
{'statusCode': 0, 'package': '@0xsequence/abi_0.10.0', 'message': 'no deps or dev-deps'}
{'statusCode': 0, 'package': '@0xsequence/abi_0.10.1', 'message': 'no deps or dev-deps'}
{'statusCode': 0, 'package': '@0xsequence/abi_0.10.2', 'message': 'no deps or dev-deps'}
{'statusCode': 0, 'package': '@0xsequence/abi_0.10.3', 'message': 'no deps or dev-deps'}
{'statusCode': 0, 'package': '@0xsequence/abi_0.10.4', 'message': 'no deps or dev-deps'}
{'statusCode': 0, 'package': '@0xsequence/abi_0.10.5', 'message': 'no deps or dev-deps'}
{'statusCode': 0, 'package': '@0xsequence/abi_0.10.6', 'message': 'no deps or dev-deps'}
{'statusCode': 0, 'package': '@0xsequence/abi_0.10.7', 'message': 'no deps or dev-deps'}
{'statusCode': 0, 'package': '@0xsequence/abi_0.10.8', 'message': 'no deps or dev-deps'}
{'statusCode': 0, 'package': '@0xsequence/abi_0.10.9', 'message': 'no deps or dev-deps'}
{'statusCode': 0, 'package': '@0xsequence/abi_0.11.0', 'message': 'no deps or dev-deps'}
{'statusCode': 0, 'package': '@0xsequence/abi_0.11.1', 'message': 'no deps or dev-deps'}
{'statusCode': 0, 'package': '@0xsequence/abi_0.11.2', 'message': 'no deps or dev-deps'}
{'statusCode': 0, 'package': '@0xsequence/abi_0.11.3', 'message': 'no deps or dev-deps'}
{'statusCode': 0, 'package': '@0xsequence/abi_0.11.4', 'message': 'no deps or dev-deps'}
{'statusCode': 0, 'package': '@0xsequence/abi_0.12.0', 'message': 'no deps or dev-deps'}
{'statusCode': 0, 'package': '@0xsequence/abi_0.12.1', 'message': 'no deps or dev-deps'}
{'statusCode': 0, 'package': '@0xsequence/abi_0.13.0', 'message': 'no deps or dev-deps'}
{'statusCode': 0, 'package': '@0xsequence/abi_0.14.0', 'message': 'no deps or dev-deps'}
{'statusCode': 0, 'package': '@0xsequence/abi_0.14.3', 'message': 'no deps or dev-deps'}
{'statusCode': 0, 'package': '@0xsequence/abi_0.15.1', 'message': 'no deps or dev-deps'}
{'statusCode': 0, 'package': '@0xsequence/abi_0.16.0', 'message': 'no deps or dev-deps'}
{'statusCode': 0, 'package': '@0xsequence/abi_0.18.0', 'message': 'no deps or dev-deps'}
{'statusCode': 0, 'package': '@0xsequence/abi_0.19.0', 'message': 'no deps or dev-deps'}
{'statusCode': 0, 'package': '@0xsequence/abi_0.19.2', 'message': 'no deps or dev-deps'}
{'statusCode': 0, 'package': '@0xsequence/abi_0.19.3', 'message': 'no deps or dev-deps'}
{'statusCode': 0, 'package': '@0xsequence/abi_0.21.0', 'message': 'no deps or dev-deps'}
{'statusCode': 0, 'package': '@0xsequence/abi_0.21.2', 'message': 'no deps or dev-deps'}
{'statusCode': 0, 'package': '@0xsequence/abi_0.21.3', 'message': 'no deps or dev-deps'}
{'statusCode': 0, 'package': '@0xsequence/abi_0.21.4', 'message': 'no deps or dev-deps'}
{'statusCode': 0, 'package': '@0xsequence/abi_0.21.5', 'message': 'no deps or dev-deps'}
{'statusCode': 0, 'package': '@0xsequence/abi_0.22.0', 'message': 'no deps or dev-deps'}
{'statusCode': 0, 'package': '@0xsequence/abi_0.22.1', 'message': 'no deps or dev-deps'}
{'statusCode': 0, 'package': '@0xsequence/abi_0.22.2', 'message': 'no deps or dev-deps'}
{'statusCode': 0, 'package': '@0xsequence/abi_0.23.0', 'message': 'no deps or dev-deps'}
{'statusCode': 0, 'package': '@0xsequence/abi_0.25.0', 'message': 'no deps or dev-deps'}
{'statusCode': 0, 'package': '@0xsequence/abi_0.25.1', 'message': 'no deps or dev-deps'}
{'statusCode': 0, 'package': '@0xsequence/abi_0.27.0', 'message': 'no deps or dev-deps'}
{'statusCode': 0, 'package': '@0xsequence/abi_0.28.0', 'message': 'no deps or dev-deps'}
{'statusCode': 0, 'package': '@0xsequence/abi_0.0.0-202182516517', 'message': 'no deps or dev-deps'}
{'statusCode': 0, 'package': '@0xsequence/abi_0.0.0-202182517435', 'message': 'no deps or dev-deps'}
{'statusCode': 0, 'package': '@0xsequence/abi_0.0.0-2021827201516', 'message': 'no deps or dev-deps'}
{'statusCode': 0, 'package': '@0xsequence/abi_0.29.0', 'message': 'no deps or dev-deps'}
{'statusCode': 0, 'package': '@0xsequence/abi_0.29.8', 'message': 'no deps or dev-deps'}
{'statusCode': 0, 'package': '@0xsequence/abi_0.30.0', 'message': 'no deps or dev-deps'}
{'statusCode': 0, 'package': '@0xsequence/abi_0.31.0', 'message': 'no deps or dev-deps'}
{'statusCode': 0, 'package': '@0xsequence/abi_0.34.0', 'message': 'no deps or dev-deps'}
{'statusCode': 0, 'package': '@0xsequence/abi_0.35.0', 'message': 'no deps or dev-deps'}
{'statusCode': 0, 'package': '@0xsequence/abi_0.35.1', 'message': 'no deps or dev-deps'}
{'statusCode': 0, 'package': '@0xsequence/abi_0.35.2', 'message': 'no deps or dev-deps'}
{'statusCode': 0, 'package': '@0xsequence/abi_0.35.3', 'message': 'no deps or dev-deps'}
{'statusCode': 0, 'package': '@0xsequence/abi_0.35.4', 'message': 'no deps or dev-deps'}
{'statusCode': 0, 'package': '@0xsequence/abi_0.35.5', 'message': 'no deps or dev-deps'}
{'statusCode': 0, 'package': '@0xsequence/abi_0.35.6', 'message': 'no deps or dev-deps'}
{'statusCode': 0, 'package': '@0xsequence/abi_0.35.7', 'message': 'no deps or dev-deps'}
{'statusCode': 0, 'package': '@0xsequence/abi_0.35.8', 'message': 'no deps or dev-deps'}
{'statusCode': 0, 'package': '@0xsequence/abi_0.35.9', 'message': 'no deps or dev-deps'}
{'statusCode': 0, 'package': '@0xsequence/abi_0.35.10', 'message': 'no deps or dev-deps'}
{'statusCode': 0, 'package': '@0xsequence/abi_0.35.11', 'message': 'no deps or dev-deps'}
{'statusCode': 0, 'package': '@0xsequence/abi_0.35.12', 'message': 'no deps or dev-deps'}
{'statusCode': 0, 'package': '@0xsequence/abi_0.36.0', 'message': 'no deps or dev-deps'}
{'statusCode': 0, 'package': '@0xsequence/abi_0.36.1', 'message': 'no deps or dev-deps'}
{'statusCode': 0, 'package': '@0xsequence/abi_0.36.2', 'message': 'no deps or dev-deps'}
{'statusCode': 0, 'package': '@0xsequence/abi_0.36.3', 'message': 'no deps or dev-deps'}
{'statusCode': 0, 'package': '@0xsequence/abi_0.36.4', 'message': 'no deps or dev-deps'}
{'statusCode': 0, 'package': '@0xsequence/abi_0.36.5', 'message': 'no deps or dev-deps'}
{'statusCode': 0, 'package': '@0xsequence/abi_0.36.6', 'message': 'no deps or dev-deps'}
{'statusCode': 0, 'package': '@0xsequence/abi_0.36.7', 'message': 'no deps or dev-deps'}
{'statusCode': 0, 'package': '@0xsequence/abi_0.36.8', 'message': 'no deps or dev-deps'}
{'statusCode': 0, 'package': '@0xsequence/abi_0.36.9', 'message': 'no deps or dev-deps'}
{'statusCode': 0, 'package': '@0xsequence/abi_0.36.10', 'message': 'no deps or dev-deps'}
{'statusCode': 0, 'package': '@0xsequence/abi_0.0.0-20220418165517', 'message': 'no deps or dev-deps'}
{'statusCode': 0, 'package': '@0xsequence/abi_0.36.11', 'message': 'no deps or dev-deps'}
{'statusCode': 0, 'package': '@0xsequence/abi_0.0.0-20220425195445', 'message': 'no deps or dev-deps'}
{'statusCode': 0, 'package': '@0xsequence/abi_0.36.12', 'message': 'no deps or dev-deps'}
{'statusCode': 0, 'package': '@0xsequence/abi_0.0.0-20220427054350', 'message': 'no deps or dev-deps'}
{'statusCode': 0, 'package': '@0xsequence/abi_0.0.0-20220427055332', 'message': 'no deps or dev-deps'}
{'statusCode': 0, 'package': '@0xsequence/abi_0.0.0-20220427161307', 'message': 'no deps or dev-deps'}
{'statusCode': 0, 'package': '@0xsequence/abi_0.0.0-20220427162812', 'message': 'no deps or dev-deps'}
{'statusCode': 0, 'package': '@0xsequence/abi_0.36.13', 'message': 'no deps or dev-deps'}
{'statusCode': 0, 'package': '@0xsequence/abi_0.37.0', 'message': 'no deps or dev-deps'}
{'statusCode': 0, 'package': '@0xsequence/abi_0.37.1', 'message': 'no deps or dev-deps'}
{'statusCode': 0, 'package': '@0xsequence/abi_0.0.0-20220506174803', 'message': 'no deps or dev-deps'}
{'statusCode': 0, 'package': '@0xsequence/abi_0.0.0-20220506195001', 'message': 'no deps or dev-deps'}
{'statusCode': 0, 'package': '@0xsequence/abi_0.0.0-20220513134147', 'message': 'no deps or dev-deps'}
{'statusCode': 0, 'package': '@0xsequence/abi_0.38.0', 'message': 'no deps or dev-deps'}
{'statusCode': 0, 'package': '@0xsequence/abi_0.38.1', 'message': 'no deps or dev-deps'}
{'statusCode': 0, 'package': '@0xsequence/abi_0.38.2', 'message': 'no deps or dev-deps'}
{'statusCode': 0, 'package': '@0xsequence/abi_0.39.0', 'message': 'no deps or dev-deps'}
{'statusCode': 0, 'package': '@0xsequence/abi_0.0.0-20220519151110', 'message': 'no deps or dev-deps'}
{'statusCode': 0, 'package': '@0xsequence/abi_0.0.0-20220519202656', 'message': 'no deps or dev-deps'}
{'statusCode': 0, 'package': '@0xsequence/abi_0.0.0-20220601185217', 'message': 'no deps or dev-deps'}
{'statusCode': 0, 'package': '@0xsequence/abi_0.39.1', 'message': 'no deps or dev-deps'}
{'statusCode': 0, 'package': '@0xsequence/abi_0.39.2', 'message': 'no deps or dev-deps'}
{'statusCode': 0, 'package': '@0xsequence/abi_0.0.0-20220609204505', 'message': 'no deps or dev-deps'}
{'statusCode': 0, 'package': '@0xsequence/abi_0.0.0-20220610134843', 'message': 'no deps or dev-deps'}
{'statusCode': 0, 'package': '@0xsequence/abi_0.39.3', 'message': 'no deps or dev-deps'}
{'statusCode': 0, 'package': '@0xsequence/abi_0.0.0-20220614152529', 'message': 'no deps or dev-deps'}
{'statusCode': 0, 'package': '@0xsequence/abi_0.0.0-20220616121217', 'message': 'no deps or dev-deps'}
{'statusCode': 0, 'package': '@0xsequence/abi_0.39.4', 'message': 'no deps or dev-deps'}
{'statusCode': 0, 'package': '@0xsequence/abi_0.39.5', 'message': 'no deps or dev-deps'}
{'statusCode': 0, 'package': '@0xsequence/abi_0.39.6', 'message': 'no deps or dev-deps'}
{'statusCode': 0, 'package': '@0xsequence/abi_0.0.0-26b08ee9-20220629135033', 'message': 'no deps or dev-deps'}
{'statusCode': 0, 'package': '@0xsequence/abi_0.0.0-cdbb3137-20220630190630', 'message': 'no deps or dev-deps'}
{'statusCode': 0, 'package': '@0xsequence/abi_0.0.0-cdbb3137-20220630191603', 'message': 'no deps or dev-deps'}
{'statusCode': 0, 'package': '@0xsequence/abi_0.0.0-cdbb3137-20220630192830', 'message': 'no deps or dev-deps'}
{'statusCode': 0, 'package': '@0xsequence/abi_0.0.0-20220630194654', 'message': 'no deps or dev-deps'}
{'statusCode': 0, 'package': '@0xsequence/abi_0.0.0-20220630211555', 'message': 'no deps or dev-deps'}
{'statusCode': 0, 'package': '@0xsequence/abi_0.0.0-20220630215108', 'message': 'no deps or dev-deps'}
{'statusCode': 0, 'package': '@0xsequence/abi_0.0.0-20220703182449', 'message': 'no deps or dev-deps'}
{'statusCode': 0, 'package': '@0xsequence/abi_0.0.0-20220704043930', 'message': 'no deps or dev-deps'}
{'statusCode': 0, 'package': '@0xsequence/abi_0.0.0-20220706193010', 'message': 'no deps or dev-deps'}
{'statusCode': 0, 'package': '@0xsequence/abi_0.0.0-20220710174545', 'message': 'no deps or dev-deps'}
{'statusCode': 0, 'package': '@0xsequence/abi_0.0.0-coolcats-0.36.12-20220711222640', 'message': 'no deps or dev-deps'}
{'statusCode': 0, 'package': '@0xsequence/abi_0.40.0', 'message': 'no deps or dev-deps'}
{'statusCode': 0, 'package': '@0xsequence/abi_0.40.1', 'message': 'no deps or dev-deps'}
{'statusCode': 0, 'package': '@0xsequence/abi_0.0.0-20220713211319', 'message': 'no deps or dev-deps'}
{'statusCode': 0, 'package': '@0xsequence/abi_0.0.0-20220714164224', 'message': 'no deps or dev-deps'}
{'statusCode': 0, 'package': '@0xsequence/abi_0.40.2', 'message': 'no deps or dev-deps'}
{'statusCode': 0, 'package': '@0xsequence/abi_0.0.0-20220719173737', 'message': 'no deps or dev-deps'}
{'statusCode': 0, 'package': '@0xsequence/abi_0.0.0-20220722145329', 'message': 'no deps or dev-deps'}
{'statusCode': 0, 'package': '@0xsequence/abi_0.0.0-20220725200200', 'message': 'no deps or dev-deps'}
{'statusCode': 0, 'package': '@0xsequence/abi_0.40.3', 'message': 'no deps or dev-deps'}
{'statusCode': 0, 'package': '@0xsequence/abi_0.0.0-20220728141414', 'message': 'no deps or dev-deps'}
{'statusCode': 0, 'package': '@0xsequence/abi_0.40.4', 'message': 'no deps or dev-deps'}
{'statusCode': 0, 'package': '@0xsequence/abi_0.0.0-20220728215555', 'message': 'no deps or dev-deps'}
{'statusCode': 0, 'package': '@0xsequence/abi_0.40.5', 'message': 'no deps or dev-deps'}
{'statusCode': 0, 'package': '@0xsequence/abi_0.0.0-20220804202525', 'message': 'no deps or dev-deps'}
{'statusCode': 0, 'package': '@0xsequence/abi_0.40.6', 'message': 'no deps or dev-deps'}
{'statusCode': 0, 'package': '@0xsequence/abi_0.0.0-20220825181818', 'message': 'no deps or dev-deps'}
{'statusCode': 0, 'package': '@0xsequence/abi_0.0.0-20220825190100', 'message': 'no deps or dev-deps'}
{'statusCode': 0, 'package': '@0xsequence/abi_0.41.0', 'message': 'no deps or dev-deps'}
{'statusCode': 0, 'package': '@0xsequence/abi_0.41.1', 'message': 'no deps or dev-deps'}
{'statusCode': 0, 'package': '@0xsequence/abi_0.41.2', 'message': 'no deps or dev-deps'}
{'statusCode': 0, 'package': '@0xsequence/abi_0.41.3', 'message': 'no deps or dev-deps'}
{'statusCode': 0, 'package': '@0xsequence/abi_0.42.0', 'message': 'no deps or dev-deps'}
{'statusCode': 0, 'package': '@0xsequence/abi_0.42.1', 'message': 'no deps or dev-deps'}
{'statusCode': 0, 'package': '@0xsequence/abi_0.42.2', 'message': 'no deps or dev-deps'}
{'statusCode': 0, 'package': '@0xsequence/abi_0.42.3', 'message': 'no deps or dev-deps'}
{'statusCode': 0, 'package': '@0xsequence/abi_0.42.4', 'message': 'no deps or dev-deps'}
{'statusCode': 0, 'package': '@0xsequence/abi_0.42.5', 'message': 'no deps or dev-deps'}
{'statusCode': 0, 'package': '@0xsequence/abi_0.42.6', 'message': 'no deps or dev-deps'}
{'statusCode': 0, 'package': '@0xsequence/abi_0.42.7', 'message': 'no deps or dev-deps'}
{'statusCode': 0, 'package': '@0xsequence/abi_0.42.8', 'message': 'no deps or dev-deps'}
{'statusCode': 0, 'package': '@0xsequence/abi_0.42.9', 'message': 'no deps or dev-deps'}
{'statusCode': 0, 'package': '@0xsequence/abi_0.42.10', 'message': 'no deps or dev-deps'}
{'statusCode': 0, 'package': '@0xsequence/abi_0.43.0', 'message': 'no deps or dev-deps'}
{'statusCode': 0, 'package': '@0xsequence/abi_0.43.1', 'message': 'no deps or dev-deps'}
{'statusCode': 0, 'package': '@0xsequence/abi_0.43.2', 'message': 'no deps or dev-deps'}
{'statusCode': 0, 'package': '@0xsequence/abi_0.43.3', 'message': 'no deps or dev-deps'}
{'statusCode': 0, 'package': '@0xsequence/abi_0.0.0-20221124173317', 'message': 'no deps or dev-deps'}
{'statusCode': 0, 'package': '@0xsequence/abi_0.43.4', 'message': 'no deps or dev-deps'}
{'statusCode': 0, 'package': '@0xsequence/abi_0.43.5', 'message': 'no deps or dev-deps'}
{'statusCode': 0, 'package': '@0xsequence/abi_0.43.6', 'message': 'no deps or dev-deps'}
{'statusCode': 0, 'package': '@0xsequence/abi_0.43.7', 'message': 'no deps or dev-deps'}
{'statusCode': 0, 'package': '@0xsequence/abi_0.7.0', 'message': 'no deps or dev-deps'}
{'statusCode': 0, 'package': '@0xsequence/abi_0.8.0', 'message': 'no deps or dev-deps'}
{'statusCode': 0, 'package': '@0xsequence/abi_0.8.1', 'message': 'no deps or dev-deps'}
{'statusCode': 0, 'package': '@0xsequence/abi_0.8.2', 'message': 'no deps or dev-deps'}
{'statusCode': 0, 'package': '@0xsequence/abi_0.8.3', 'message': 'no deps or dev-deps'}
{'statusCode': 0, 'package': '@0xsequence/abi_0.8.4', 'message': 'no deps or dev-deps'}
{'statusCode': 0, 'package': '@0xsequence/abi_0.8.5', 'message': 'no deps or dev-deps'}
{'statusCode': 0, 'package': '@0xsequence/abi_0.9.1', 'message': 'no deps or dev-deps'}
{'statusCode': 0, 'package': '@0xsequence/abi_0.9.3', 'message': 'no deps or dev-deps'}
{'statusCode': 0, 'package': '@0xsequence/abi_0.9.6', 'message': 'no deps or dev-deps'}
{'statusCode': 0, 'package': '@0xsequence/abi_0.10.0', 'message': 'no deps or dev-deps'}
{'statusCode': 0, 'package': '@0xsequence/abi_0.10.1', 'message': 'no deps or dev-deps'}
{'statusCode': 0, 'package': '@0xsequence/abi_0.10.2', 'message': 'no deps or dev-deps'}
{'statusCode': 0, 'package': '@0xsequence/abi_0.10.3', 'message': 'no deps or dev-deps'}
{'statusCode': 0, 'package': '@0xsequence/abi_0.10.4', 'message': 'no deps or dev-deps'}
{'statusCode': 0, 'package': '@0xsequence/abi_0.10.5', 'message': 'no deps or dev-deps'}
{'statusCode': 0, 'package': '@0xsequence/abi_0.10.6', 'message': 'no deps or dev-deps'}
{'statusCode': 0, 'package': '@0xsequence/abi_0.10.7', 'message': 'no deps or dev-deps'}
{'statusCode': 0, 'package': '@0xsequence/abi_0.10.8', 'message': 'no deps or dev-deps'}
{'statusCode': 0, 'package': '@0xsequence/abi_0.10.9', 'message': 'no deps or dev-deps'}
{'statusCode': 0, 'package': '@0xsequence/abi_0.11.0', 'message': 'no deps or dev-deps'}
{'statusCode': 0, 'package': '@0xsequence/abi_0.11.1', 'message': 'no deps or dev-deps'}
{'statusCode': 0, 'package': '@0xsequence/abi_0.11.2', 'message': 'no deps or dev-deps'}
{'statusCode': 0, 'package': '@0xsequence/abi_0.11.3', 'message': 'no deps or dev-deps'}
{'statusCode': 0, 'package': '@0xsequence/abi_0.11.4', 'message': 'no deps or dev-deps'}
{'statusCode': 0, 'package': '@0xsequence/abi_0.12.0', 'message': 'no deps or dev-deps'}
{'statusCode': 0, 'package': '@0xsequence/abi_0.12.1', 'message': 'no deps or dev-deps'}
{'statusCode': 0, 'package': '@0xsequence/abi_0.13.0', 'message': 'no deps or dev-deps'}
{'statusCode': 0, 'package': '@0xsequence/abi_0.14.0', 'message': 'no deps or dev-deps'}
{'statusCode': 0, 'package': '@0xsequence/abi_0.14.3', 'message': 'no deps or dev-deps'}
{'statusCode': 0, 'package': '@0xsequence/abi_0.15.1', 'message': 'no deps or dev-deps'}
{'statusCode': 0, 'package': '@0xsequence/abi_0.16.0', 'message': 'no deps or dev-deps'}
{'statusCode': 0, 'package': '@0xsequence/abi_0.18.0', 'message': 'no deps or dev-deps'}
{'statusCode': 0, 'package': '@0xsequence/abi_0.19.0', 'message': 'no deps or dev-deps'}
{'statusCode': 0, 'package': '@0xsequence/abi_0.19.2', 'message': 'no deps or dev-deps'}
{'statusCode': 0, 'package': '@0xsequence/abi_0.19.3', 'message': 'no deps or dev-deps'}
{'statusCode': 0, 'package': '@0xsequence/abi_0.21.0', 'message': 'no deps or dev-deps'}
{'statusCode': 0, 'package': '@0xsequence/abi_0.21.2', 'message': 'no deps or dev-deps'}
{'statusCode': 0, 'package': '@0xsequence/abi_0.21.3', 'message': 'no deps or dev-deps'}
{'statusCode': 0, 'package': '@0xsequence/abi_0.21.4', 'message': 'no deps or dev-deps'}
{'statusCode': 0, 'package': '@0xsequence/abi_0.21.5', 'message': 'no deps or dev-deps'}
{'statusCode': 0, 'package': '@0xsequence/abi_0.22.0', 'message': 'no deps or dev-deps'}
{'statusCode': 0, 'package': '@0xsequence/abi_0.22.1', 'message': 'no deps or dev-deps'}
{'statusCode': 0, 'package': '@0xsequence/abi_0.22.2', 'message': 'no deps or dev-deps'}
{'statusCode': 0, 'package': '@0xsequence/abi_0.23.0', 'message': 'no deps or dev-deps'}
{'statusCode': 0, 'package': '@0xsequence/abi_0.25.0', 'message': 'no deps or dev-deps'}
{'statusCode': 0, 'package': '@0xsequence/abi_0.25.1', 'message': 'no deps or dev-deps'}
{'statusCode': 0, 'package': '@0xsequence/abi_0.27.0', 'message': 'no deps or dev-deps'}
{'statusCode': 0, 'package': '@0xsequence/abi_0.28.0', 'message': 'no deps or dev-deps'}
{'statusCode': 0, 'package': '@0xsequence/abi_0.0.0-202182516517', 'message': 'no deps or dev-deps'}
{'statusCode': 0, 'package': '@0xsequence/abi_0.0.0-202182517435', 'message': 'no deps or dev-deps'}
{'statusCode': 0, 'package': '@0xsequence/abi_0.0.0-2021827201516', 'message': 'no deps or dev-deps'}
{'statusCode': 0, 'package': '@0xsequence/abi_0.29.0', 'message': 'no deps or dev-deps'}
{'statusCode': 0, 'package': '@0xsequence/abi_0.29.8', 'message': 'no deps or dev-deps'}
{'statusCode': 0, 'package': '@0xsequence/abi_0.30.0', 'message': 'no deps or dev-deps'}
{'statusCode': 0, 'package': '@0xsequence/abi_0.31.0', 'message': 'no deps or dev-deps'}
{'statusCode': 0, 'package': '@0xsequence/abi_0.34.0', 'message': 'no deps or dev-deps'}
{'statusCode': 0, 'package': '@0xsequence/abi_0.35.0', 'message': 'no deps or dev-deps'}
{'statusCode': 0, 'package': '@0xsequence/abi_0.35.1', 'message': 'no deps or dev-deps'}
{'statusCode': 0, 'package': '@0xsequence/abi_0.35.2', 'message': 'no deps or dev-deps'}
{'statusCode': 0, 'package': '@0xsequence/abi_0.35.3', 'message': 'no deps or dev-deps'}
{'statusCode': 0, 'package': '@0xsequence/abi_0.35.4', 'message': 'no deps or dev-deps'}
{'statusCode': 0, 'package': '@0xsequence/abi_0.35.5', 'message': 'no deps or dev-deps'}
{'statusCode': 0, 'package': '@0xsequence/abi_0.35.6', 'message': 'no deps or dev-deps'}
{'statusCode': 0, 'package': '@0xsequence/abi_0.35.7', 'message': 'no deps or dev-deps'}
{'statusCode': 0, 'package': '@0xsequence/abi_0.35.8', 'message': 'no deps or dev-deps'}
{'statusCode': 0, 'package': '@0xsequence/abi_0.35.9', 'message': 'no deps or dev-deps'}
{'statusCode': 0, 'package': '@0xsequence/abi_0.35.10', 'message': 'no deps or dev-deps'}
{'statusCode': 0, 'package': '@0xsequence/abi_0.35.11', 'message': 'no deps or dev-deps'}
{'statusCode': 0, 'package': '@0xsequence/abi_0.35.12', 'message': 'no deps or dev-deps'}
{'statusCode': 0, 'package': '@0xsequence/abi_0.36.0', 'message': 'no deps or dev-deps'}
{'statusCode': 0, 'package': '@0xsequence/abi_0.36.1', 'message': 'no deps or dev-deps'}
{'statusCode': 0, 'package': '@0xsequence/abi_0.36.2', 'message': 'no deps or dev-deps'}
{'statusCode': 0, 'package': '@0xsequence/abi_0.36.3', 'message': 'no deps or dev-deps'}
{'statusCode': 0, 'package': '@0xsequence/abi_0.36.4', 'message': 'no deps or dev-deps'}
{'statusCode': 0, 'package': '@0xsequence/abi_0.36.5', 'message': 'no deps or dev-deps'}
{'statusCode': 0, 'package': '@0xsequence/abi_0.36.6', 'message': 'no deps or dev-deps'}
{'statusCode': 0, 'package': '@0xsequence/abi_0.36.7', 'message': 'no deps or dev-deps'}
{'statusCode': 0, 'package': '@0xsequence/abi_0.36.8', 'message': 'no deps or dev-deps'}
{'statusCode': 0, 'package': '@0xsequence/abi_0.36.9', 'message': 'no deps or dev-deps'}
{'statusCode': 0, 'package': '@0xsequence/abi_0.36.10', 'message': 'no deps or dev-deps'}
{'statusCode': 0, 'package': '@0xsequence/abi_0.0.0-20220418165517', 'message': 'no deps or dev-deps'}
{'statusCode': 0, 'package': '@0xsequence/abi_0.36.11', 'message': 'no deps or dev-deps'}
{'statusCode': 0, 'package': '@0xsequence/abi_0.0.0-20220425195445', 'message': 'no deps or dev-deps'}
{'statusCode': 0, 'package': '@0xsequence/abi_0.36.12', 'message': 'no deps or dev-deps'}
{'statusCode': 0, 'package': '@0xsequence/abi_0.0.0-20220427054350', 'message': 'no deps or dev-deps'}
{'statusCode': 0, 'package': '@0xsequence/abi_0.0.0-20220427055332', 'message': 'no deps or dev-deps'}
{'statusCode': 0, 'package': '@0xsequence/abi_0.0.0-20220427161307', 'message': 'no deps or dev-deps'}
{'statusCode': 0, 'package': '@0xsequence/abi_0.0.0-20220427162812', 'message': 'no deps or dev-deps'}
{'statusCode': 0, 'package': '@0xsequence/abi_0.36.13', 'message': 'no deps or dev-deps'}
{'statusCode': 0, 'package': '@0xsequence/abi_0.37.0', 'message': 'no deps or dev-deps'}
{'statusCode': 0, 'package': '@0xsequence/abi_0.37.1', 'message': 'no deps or dev-deps'}
{'statusCode': 0, 'package': '@0xsequence/abi_0.0.0-20220506174803', 'message': 'no deps or dev-deps'}
{'statusCode': 0, 'package': '@0xsequence/abi_0.0.0-20220506195001', 'message': 'no deps or dev-deps'}
{'statusCode': 0, 'package': '@0xsequence/abi_0.0.0-20220513134147', 'message': 'no deps or dev-deps'}
{'statusCode': 0, 'package': '@0xsequence/abi_0.38.0', 'message': 'no deps or dev-deps'}
{'statusCode': 0, 'package': '@0xsequence/abi_0.38.1', 'message': 'no deps or dev-deps'}
{'statusCode': 0, 'package': '@0xsequence/abi_0.38.2', 'message': 'no deps or dev-deps'}
{'statusCode': 0, 'package': '@0xsequence/abi_0.39.0', 'message': 'no deps or dev-deps'}
{'statusCode': 0, 'package': '@0xsequence/abi_0.0.0-20220519151110', 'message': 'no deps or dev-deps'}
{'statusCode': 0, 'package': '@0xsequence/abi_0.0.0-20220519202656', 'message': 'no deps or dev-deps'}
{'statusCode': 0, 'package': '@0xsequence/abi_0.0.0-20220601185217', 'message': 'no deps or dev-deps'}
{'statusCode': 0, 'package': '@0xsequence/abi_0.39.1', 'message': 'no deps or dev-deps'}
{'statusCode': 0, 'package': '@0xsequence/abi_0.39.2', 'message': 'no deps or dev-deps'}
{'statusCode': 0, 'package': '@0xsequence/abi_0.0.0-20220609204505', 'message': 'no deps or dev-deps'}
{'statusCode': 0, 'package': '@0xsequence/abi_0.0.0-20220610134843', 'message': 'no deps or dev-deps'}
{'statusCode': 0, 'package': '@0xsequence/abi_0.39.3', 'message': 'no deps or dev-deps'}
{'statusCode': 0, 'package': '@0xsequence/abi_0.0.0-20220614152529', 'message': 'no deps or dev-deps'}
{'statusCode': 0, 'package': '@0xsequence/abi_0.0.0-20220616121217', 'message': 'no deps or dev-deps'}
{'statusCode': 0, 'package': '@0xsequence/abi_0.39.4', 'message': 'no deps or dev-deps'}
{'statusCode': 0, 'package': '@0xsequence/abi_0.39.5', 'message': 'no deps or dev-deps'}
{'statusCode': 0, 'package': '@0xsequence/abi_0.39.6', 'message': 'no deps or dev-deps'}
{'statusCode': 0, 'package': '@0xsequence/abi_0.0.0-26b08ee9-20220629135033', 'message': 'no deps or dev-deps'}
{'statusCode': 0, 'package': '@0xsequence/abi_0.0.0-cdbb3137-20220630190630', 'message': 'no deps or dev-deps'}
{'statusCode': 0, 'package': '@0xsequence/abi_0.0.0-cdbb3137-20220630191603', 'message': 'no deps or dev-deps'}
{'statusCode': 0, 'package': '@0xsequence/abi_0.0.0-cdbb3137-20220630192830', 'message': 'no deps or dev-deps'}
{'statusCode': 0, 'package': '@0xsequence/abi_0.0.0-20220630194654', 'message': 'no deps or dev-deps'}
{'statusCode': 0, 'package': '@0xsequence/abi_0.0.0-20220630211555', 'message': 'no deps or dev-deps'}
{'statusCode': 0, 'package': '@0xsequence/abi_0.0.0-20220630215108', 'message': 'no deps or dev-deps'}
{'statusCode': 0, 'package': '@0xsequence/abi_0.0.0-20220703182449', 'message': 'no deps or dev-deps'}
{'statusCode': 0, 'package': '@0xsequence/abi_0.0.0-20220704043930', 'message': 'no deps or dev-deps'}
{'statusCode': 0, 'package': '@0xsequence/abi_0.0.0-20220706193010', 'message': 'no deps or dev-deps'}
{'statusCode': 0, 'package': '@0xsequence/abi_0.0.0-20220710174545', 'message': 'no deps or dev-deps'}
{'statusCode': 0, 'package': '@0xsequence/abi_0.0.0-coolcats-0.36.12-20220711222640', 'message': 'no deps or dev-deps'}
{'statusCode': 0, 'package': '@0xsequence/abi_0.40.0', 'message': 'no deps or dev-deps'}
{'statusCode': 0, 'package': '@0xsequence/abi_0.40.1', 'message': 'no deps or dev-deps'}
{'statusCode': 0, 'package': '@0xsequence/abi_0.0.0-20220713211319', 'message': 'no deps or dev-deps'}
{'statusCode': 0, 'package': '@0xsequence/abi_0.0.0-20220714164224', 'message': 'no deps or dev-deps'}
{'statusCode': 0, 'package': '@0xsequence/abi_0.40.2', 'message': 'no deps or dev-deps'}
{'statusCode': 0, 'package': '@0xsequence/abi_0.0.0-20220719173737', 'message': 'no deps or dev-deps'}
{'statusCode': 0, 'package': '@0xsequence/abi_0.0.0-20220722145329', 'message': 'no deps or dev-deps'}
{'statusCode': 0, 'package': '@0xsequence/abi_0.0.0-20220725200200', 'message': 'no deps or dev-deps'}
{'statusCode': 0, 'package': '@0xsequence/abi_0.40.3', 'message': 'no deps or dev-deps'}
{'statusCode': 0, 'package': '@0xsequence/abi_0.0.0-20220728141414', 'message': 'no deps or dev-deps'}
{'statusCode': 0, 'package': '@0xsequence/abi_0.40.4', 'message': 'no deps or dev-deps'}
{'statusCode': 0, 'package': '@0xsequence/abi_0.0.0-20220728215555', 'message': 'no deps or dev-deps'}
{'statusCode': 0, 'package': '@0xsequence/abi_0.40.5', 'message': 'no deps or dev-deps'}
{'statusCode': 0, 'package': '@0xsequence/abi_0.0.0-20220804202525', 'message': 'no deps or dev-deps'}
{'statusCode': 0, 'package': '@0xsequence/abi_0.40.6', 'message': 'no deps or dev-deps'}
{'statusCode': 0, 'package': '@0xsequence/abi_0.0.0-20220825181818', 'message': 'no deps or dev-deps'}
{'statusCode': 0, 'package': '@0xsequence/abi_0.0.0-20220825190100', 'message': 'no deps or dev-deps'}
{'statusCode': 0, 'package': '@0xsequence/abi_0.41.0', 'message': 'no deps or dev-deps'}
{'statusCode': 0, 'package': '@0xsequence/abi_0.41.1', 'message': 'no deps or dev-deps'}
{'statusCode': 0, 'package': '@0xsequence/abi_0.41.2', 'message': 'no deps or dev-deps'}
{'statusCode': 0, 'package': '@0xsequence/abi_0.41.3', 'message': 'no deps or dev-deps'}
{'statusCode': 0, 'package': '@0xsequence/abi_0.42.0', 'message': 'no deps or dev-deps'}
{'statusCode': 0, 'package': '@0xsequence/abi_0.42.1', 'message': 'no deps or dev-deps'}
{'statusCode': 0, 'package': '@0xsequence/abi_0.42.2', 'message': 'no deps or dev-deps'}
{'statusCode': 0, 'package': '@0xsequence/abi_0.42.3', 'message': 'no deps or dev-deps'}
{'statusCode': 0, 'package': '@0xsequence/abi_0.42.4', 'message': 'no deps or dev-deps'}
{'statusCode': 0, 'package': '@0xsequence/abi_0.42.5', 'message': 'no deps or dev-deps'}
{'statusCode': 0, 'package': '@0xsequence/abi_0.42.6', 'message': 'no deps or dev-deps'}
{'statusCode': 0, 'package': '@0xsequence/abi_0.42.7', 'message': 'no deps or dev-deps'}
{'statusCode': 0, 'package': '@0xsequence/abi_0.42.8', 'message': 'no deps or dev-deps'}
{'statusCode': 0, 'package': '@0xsequence/abi_0.42.9', 'message': 'no deps or dev-deps'}
{'statusCode': 0, 'package': '@0xsequence/abi_0.42.10', 'message': 'no deps or dev-deps'}
{'statusCode': 0, 'package': '@0xsequence/abi_0.43.0', 'message': 'no deps or dev-deps'}
{'statusCode': 0, 'package': '@0xsequence/abi_0.43.1', 'message': 'no deps or dev-deps'}
{'statusCode': 0, 'package': '@0xsequence/abi_0.43.2', 'message': 'no deps or dev-deps'}
{'statusCode': 0, 'package': '@0xsequence/abi_0.43.3', 'message': 'no deps or dev-deps'}
{'statusCode': 0, 'package': '@0xsequence/abi_0.0.0-20221124173317', 'message': 'no deps or dev-deps'}
{'statusCode': 0, 'package': '@0xsequence/abi_0.43.4', 'message': 'no deps or dev-deps'}
{'statusCode': 0, 'package': '@0xsequence/abi_0.43.5', 'message': 'no deps or dev-deps'}
{'statusCode': 0, 'package': '@0xsequence/abi_0.43.6', 'message': 'no deps or dev-deps'}
{'statusCode': 0, 'package': '@0xsequence/abi_0.43.7', 'message': 'no deps or dev-deps'}
{'statusCode': 0, 'package': '@0xsequence/abi_0.7.0', 'message': 'no deps or dev-deps'}
{'statusCode': 0, 'package': '@0xsequence/abi_0.8.0', 'message': 'no deps or dev-deps'}
{'statusCode': 0, 'package': '@0xsequence/abi_0.8.1', 'message': 'no deps or dev-deps'}
{'statusCode': 0, 'package': '@0xsequence/abi_0.8.2', 'message': 'no deps or dev-deps'}
{'statusCode': 0, 'package': '@0xsequence/abi_0.8.3', 'message': 'no deps or dev-deps'}
{'statusCode': 0, 'package': '@0xsequence/abi_0.8.4', 'message': 'no deps or dev-deps'}
{'statusCode': 0, 'package': '@0xsequence/abi_0.8.5', 'message': 'no deps or dev-deps'}
{'statusCode': 0, 'package': '@0xsequence/abi_0.9.1', 'message': 'no deps or dev-deps'}
{'statusCode': 0, 'package': '@0xsequence/abi_0.9.3', 'message': 'no deps or dev-deps'}
{'statusCode': 0, 'package': '@0xsequence/abi_0.9.6', 'message': 'no deps or dev-deps'}
{'statusCode': 0, 'package': '@0xsequence/abi_0.10.0', 'message': 'no deps or dev-deps'}
{'statusCode': 0, 'package': '@0xsequence/abi_0.10.1', 'message': 'no deps or dev-deps'}
{'statusCode': 0, 'package': '@0xsequence/abi_0.10.2', 'message': 'no deps or dev-deps'}
{'statusCode': 0, 'package': '@0xsequence/abi_0.10.3', 'message': 'no deps or dev-deps'}
{'statusCode': 0, 'package': '@0xsequence/abi_0.10.4', 'message': 'no deps or dev-deps'}
{'statusCode': 0, 'package': '@0xsequence/abi_0.10.5', 'message': 'no deps or dev-deps'}
{'statusCode': 0, 'package': '@0xsequence/abi_0.10.6', 'message': 'no deps or dev-deps'}
{'statusCode': 0, 'package': '@0xsequence/abi_0.10.7', 'message': 'no deps or dev-deps'}
{'statusCode': 0, 'package': '@0xsequence/abi_0.10.8', 'message': 'no deps or dev-deps'}
{'statusCode': 0, 'package': '@0xsequence/abi_0.10.9', 'message': 'no deps or dev-deps'}
{'statusCode': 0, 'package': '@0xsequence/abi_0.11.0', 'message': 'no deps or dev-deps'}
{'statusCode': 0, 'package': '@0xsequence/abi_0.11.1', 'message': 'no deps or dev-deps'}
{'statusCode': 0, 'package': '@0xsequence/abi_0.11.2', 'message': 'no deps or dev-deps'}
{'statusCode': 0, 'package': '@0xsequence/abi_0.11.3', 'message': 'no deps or dev-deps'}
{'statusCode': 0, 'package': '@0xsequence/abi_0.11.4', 'message': 'no deps or dev-deps'}
{'statusCode': 0, 'package': '@0xsequence/abi_0.12.0', 'message': 'no deps or dev-deps'}
{'statusCode': 0, 'package': '@0xsequence/abi_0.12.1', 'message': 'no deps or dev-deps'}
{'statusCode': 0, 'package': '@0xsequence/abi_0.13.0', 'message': 'no deps or dev-deps'}
{'statusCode': 0, 'package': '@0xsequence/abi_0.14.0', 'message': 'no deps or dev-deps'}
{'statusCode': 0, 'package': '@0xsequence/abi_0.14.3', 'message': 'no deps or dev-deps'}
{'statusCode': 0, 'package': '@0xsequence/abi_0.15.1', 'message': 'no deps or dev-deps'}
{'statusCode': 0, 'package': '@0xsequence/abi_0.16.0', 'message': 'no deps or dev-deps'}
{'statusCode': 0, 'package': '@0xsequence/abi_0.18.0', 'message': 'no deps or dev-deps'}
{'statusCode': 0, 'package': '@0xsequence/abi_0.19.0', 'message': 'no deps or dev-deps'}
{'statusCode': 0, 'package': '@0xsequence/abi_0.19.2', 'message': 'no deps or dev-deps'}
{'statusCode': 0, 'package': '@0xsequence/abi_0.19.3', 'message': 'no deps or dev-deps'}
{'statusCode': 0, 'package': '@0xsequence/abi_0.21.0', 'message': 'no deps or dev-deps'}
{'statusCode': 0, 'package': '@0xsequence/abi_0.21.2', 'message': 'no deps or dev-deps'}
{'statusCode': 0, 'package': '@0xsequence/abi_0.21.3', 'message': 'no deps or dev-deps'}
{'statusCode': 0, 'package': '@0xsequence/abi_0.21.4', 'message': 'no deps or dev-deps'}
{'statusCode': 0, 'package': '@0xsequence/abi_0.21.5', 'message': 'no deps or dev-deps'}
{'statusCode': 0, 'package': '@0xsequence/abi_0.22.0', 'message': 'no deps or dev-deps'}
{'statusCode': 0, 'package': '@0xsequence/abi_0.22.1', 'message': 'no deps or dev-deps'}
{'statusCode': 0, 'package': '@0xsequence/abi_0.22.2', 'message': 'no deps or dev-deps'}
{'statusCode': 0, 'package': '@0xsequence/abi_0.23.0', 'message': 'no deps or dev-deps'}
{'statusCode': 0, 'package': '@0xsequence/abi_0.25.0', 'message': 'no deps or dev-deps'}
{'statusCode': 0, 'package': '@0xsequence/abi_0.25.1', 'message': 'no deps or dev-deps'}
{'statusCode': 0, 'package': '@0xsequence/abi_0.27.0', 'message': 'no deps or dev-deps'}
{'statusCode': 0, 'package': '@0xsequence/abi_0.28.0', 'message': 'no deps or dev-deps'}
{'statusCode': 0, 'package': '@0xsequence/abi_0.0.0-202182516517', 'message': 'no deps or dev-deps'}
{'statusCode': 0, 'package': '@0xsequence/abi_0.0.0-202182517435', 'message': 'no deps or dev-deps'}
{'statusCode': 0, 'package': '@0xsequence/abi_0.0.0-2021827201516', 'message': 'no deps or dev-deps'}
{'statusCode': 0, 'package': '@0xsequence/abi_0.29.0', 'message': 'no deps or dev-deps'}
{'statusCode': 0, 'package': '@0xsequence/abi_0.29.8', 'message': 'no deps or dev-deps'}
{'statusCode': 0, 'package': '@0xsequence/abi_0.30.0', 'message': 'no deps or dev-deps'}
{'statusCode': 0, 'package': '@0xsequence/abi_0.31.0', 'message': 'no deps or dev-deps'}
{'statusCode': 0, 'package': '@0xsequence/abi_0.34.0', 'message': 'no deps or dev-deps'}
{'statusCode': 0, 'package': '@0xsequence/abi_0.35.0', 'message': 'no deps or dev-deps'}
{'statusCode': 0, 'package': '@0xsequence/abi_0.35.1', 'message': 'no deps or dev-deps'}
{'statusCode': 0, 'package': '@0xsequence/abi_0.35.2', 'message': 'no deps or dev-deps'}
{'statusCode': 0, 'package': '@0xsequence/abi_0.35.3', 'message': 'no deps or dev-deps'}
{'statusCode': 0, 'package': '@0xsequence/abi_0.35.4', 'message': 'no deps or dev-deps'}
{'statusCode': 0, 'package': '@0xsequence/abi_0.35.5', 'message': 'no deps or dev-deps'}
{'statusCode': 0, 'package': '@0xsequence/abi_0.35.6', 'message': 'no deps or dev-deps'}
{'statusCode': 0, 'package': '@0xsequence/abi_0.35.7', 'message': 'no deps or dev-deps'}
{'statusCode': 0, 'package': '@0xsequence/abi_0.35.8', 'message': 'no deps or dev-deps'}
{'statusCode': 0, 'package': '@0xsequence/abi_0.35.9', 'message': 'no deps or dev-deps'}
{'statusCode': 0, 'package': '@0xsequence/abi_0.35.10', 'message': 'no deps or dev-deps'}
{'statusCode': 0, 'package': '@0xsequence/abi_0.35.11', 'message': 'no deps or dev-deps'}
{'statusCode': 0, 'package': '@0xsequence/abi_0.35.12', 'message': 'no deps or dev-deps'}
{'statusCode': 0, 'package': '@0xsequence/abi_0.36.0', 'message': 'no deps or dev-deps'}
{'statusCode': 0, 'package': '@0xsequence/abi_0.36.1', 'message': 'no deps or dev-deps'}
{'statusCode': 0, 'package': '@0xsequence/abi_0.36.2', 'message': 'no deps or dev-deps'}
{'statusCode': 0, 'package': '@0xsequence/abi_0.36.3', 'message': 'no deps or dev-deps'}
{'statusCode': 0, 'package': '@0xsequence/abi_0.36.4', 'message': 'no deps or dev-deps'}
{'statusCode': 0, 'package': '@0xsequence/abi_0.36.5', 'message': 'no deps or dev-deps'}
{'statusCode': 0, 'package': '@0xsequence/abi_0.36.6', 'message': 'no deps or dev-deps'}
{'statusCode': 0, 'package': '@0xsequence/abi_0.36.7', 'message': 'no deps or dev-deps'}
{'statusCode': 0, 'package': '@0xsequence/abi_0.36.8', 'message': 'no deps or dev-deps'}
{'statusCode': 0, 'package': '@0xsequence/abi_0.36.9', 'message': 'no deps or dev-deps'}
{'statusCode': 0, 'package': '@0xsequence/abi_0.36.10', 'message': 'no deps or dev-deps'}
{'statusCode': 0, 'package': '@0xsequence/abi_0.0.0-20220418165517', 'message': 'no deps or dev-deps'}
{'statusCode': 0, 'package': '@0xsequence/abi_0.36.11', 'message': 'no deps or dev-deps'}
{'statusCode': 0, 'package': '@0xsequence/abi_0.0.0-20220425195445', 'message': 'no deps or dev-deps'}
{'statusCode': 0, 'package': '@0xsequence/abi_0.36.12', 'message': 'no deps or dev-deps'}
{'statusCode': 0, 'package': '@0xsequence/abi_0.0.0-20220427054350', 'message': 'no deps or dev-deps'}
{'statusCode': 0, 'package': '@0xsequence/abi_0.0.0-20220427055332', 'message': 'no deps or dev-deps'}
{'statusCode': 0, 'package': '@0xsequence/abi_0.0.0-20220427161307', 'message': 'no deps or dev-deps'}
{'statusCode': 0, 'package': '@0xsequence/abi_0.0.0-20220427162812', 'message': 'no deps or dev-deps'}
{'statusCode': 0, 'package': '@0xsequence/abi_0.36.13', 'message': 'no deps or dev-deps'}
{'statusCode': 0, 'package': '@0xsequence/abi_0.37.0', 'message': 'no deps or dev-deps'}
{'statusCode': 0, 'package': '@0xsequence/abi_0.37.1', 'message': 'no deps or dev-deps'}
{'statusCode': 0, 'package': '@0xsequence/abi_0.0.0-20220506174803', 'message': 'no deps or dev-deps'}
{'statusCode': 0, 'package': '@0xsequence/abi_0.0.0-20220506195001', 'message': 'no deps or dev-deps'}
{'statusCode': 0, 'package': '@0xsequence/abi_0.0.0-20220513134147', 'message': 'no deps or dev-deps'}
{'statusCode': 0, 'package': '@0xsequence/abi_0.38.0', 'message': 'no deps or dev-deps'}
{'statusCode': 0, 'package': '@0xsequence/abi_0.38.1', 'message': 'no deps or dev-deps'}
{'statusCode': 0, 'package': '@0xsequence/abi_0.38.2', 'message': 'no deps or dev-deps'}
{'statusCode': 0, 'package': '@0xsequence/abi_0.39.0', 'message': 'no deps or dev-deps'}
{'statusCode': 0, 'package': '@0xsequence/abi_0.0.0-20220519151110', 'message': 'no deps or dev-deps'}
{'statusCode': 0, 'package': '@0xsequence/abi_0.0.0-20220519202656', 'message': 'no deps or dev-deps'}
{'statusCode': 0, 'package': '@0xsequence/abi_0.0.0-20220601185217', 'message': 'no deps or dev-deps'}
{'statusCode': 0, 'package': '@0xsequence/abi_0.39.1', 'message': 'no deps or dev-deps'}
{'statusCode': 0, 'package': '@0xsequence/abi_0.39.2', 'message': 'no deps or dev-deps'}
{'statusCode': 0, 'package': '@0xsequence/abi_0.0.0-20220609204505', 'message': 'no deps or dev-deps'}
{'statusCode': 0, 'package': '@0xsequence/abi_0.0.0-20220610134843', 'message': 'no deps or dev-deps'}
{'statusCode': 0, 'package': '@0xsequence/abi_0.39.3', 'message': 'no deps or dev-deps'}
{'statusCode': 0, 'package': '@0xsequence/abi_0.0.0-20220614152529', 'message': 'no deps or dev-deps'}
{'statusCode': 0, 'package': '@0xsequence/abi_0.0.0-20220616121217', 'message': 'no deps or dev-deps'}
{'statusCode': 0, 'package': '@0xsequence/abi_0.39.4', 'message': 'no deps or dev-deps'}
{'statusCode': 0, 'package': '@0xsequence/abi_0.39.5', 'message': 'no deps or dev-deps'}
{'statusCode': 0, 'package': '@0xsequence/abi_0.39.6', 'message': 'no deps or dev-deps'}
{'statusCode': 0, 'package': '@0xsequence/abi_0.0.0-26b08ee9-20220629135033', 'message': 'no deps or dev-deps'}
{'statusCode': 0, 'package': '@0xsequence/abi_0.0.0-cdbb3137-20220630190630', 'message': 'no deps or dev-deps'}
{'statusCode': 0, 'package': '@0xsequence/abi_0.0.0-cdbb3137-20220630191603', 'message': 'no deps or dev-deps'}
{'statusCode': 0, 'package': '@0xsequence/abi_0.0.0-cdbb3137-20220630192830', 'message': 'no deps or dev-deps'}
{'statusCode': 0, 'package': '@0xsequence/abi_0.0.0-20220630194654', 'message': 'no deps or dev-deps'}
{'statusCode': 0, 'package': '@0xsequence/abi_0.0.0-20220630211555', 'message': 'no deps or dev-deps'}
{'statusCode': 0, 'package': '@0xsequence/abi_0.0.0-20220630215108', 'message': 'no deps or dev-deps'}
{'statusCode': 0, 'package': '@0xsequence/abi_0.0.0-20220703182449', 'message': 'no deps or dev-deps'}
{'statusCode': 0, 'package': '@0xsequence/abi_0.0.0-20220704043930', 'message': 'no deps or dev-deps'}
{'statusCode': 0, 'package': '@0xsequence/abi_0.0.0-20220706193010', 'message': 'no deps or dev-deps'}
{'statusCode': 0, 'package': '@0xsequence/abi_0.0.0-20220710174545', 'message': 'no deps or dev-deps'}
{'statusCode': 0, 'package': '@0xsequence/abi_0.0.0-coolcats-0.36.12-20220711222640', 'message': 'no deps or dev-deps'}
{'statusCode': 0, 'package': '@0xsequence/abi_0.40.0', 'message': 'no deps or dev-deps'}
{'statusCode': 0, 'package': '@0xsequence/abi_0.40.1', 'message': 'no deps or dev-deps'}
{'statusCode': 0, 'package': '@0xsequence/abi_0.0.0-20220713211319', 'message': 'no deps or dev-deps'}
{'statusCode': 0, 'package': '@0xsequence/abi_0.0.0-20220714164224', 'message': 'no deps or dev-deps'}
{'statusCode': 0, 'package': '@0xsequence/abi_0.40.2', 'message': 'no deps or dev-deps'}
{'statusCode': 0, 'package': '@0xsequence/abi_0.0.0-20220719173737', 'message': 'no deps or dev-deps'}
{'statusCode': 0, 'package': '@0xsequence/abi_0.0.0-20220722145329', 'message': 'no deps or dev-deps'}
{'statusCode': 0, 'package': '@0xsequence/abi_0.0.0-20220725200200', 'message': 'no deps or dev-deps'}
{'statusCode': 0, 'package': '@0xsequence/abi_0.40.3', 'message': 'no deps or dev-deps'}
{'statusCode': 0, 'package': '@0xsequence/abi_0.0.0-20220728141414', 'message': 'no deps or dev-deps'}
{'statusCode': 0, 'package': '@0xsequence/abi_0.40.4', 'message': 'no deps or dev-deps'}
{'statusCode': 0, 'package': '@0xsequence/abi_0.0.0-20220728215555', 'message': 'no deps or dev-deps'}
{'statusCode': 0, 'package': '@0xsequence/abi_0.40.5', 'message': 'no deps or dev-deps'}
{'statusCode': 0, 'package': '@0xsequence/abi_0.0.0-20220804202525', 'message': 'no deps or dev-deps'}
{'statusCode': 0, 'package': '@0xsequence/abi_0.40.6', 'message': 'no deps or dev-deps'}
{'statusCode': 0, 'package': '@0xsequence/abi_0.0.0-20220825181818', 'message': 'no deps or dev-deps'}
{'statusCode': 0, 'package': '@0xsequence/abi_0.0.0-20220825190100', 'message': 'no deps or dev-deps'}
{'statusCode': 0, 'package': '@0xsequence/abi_0.41.0', 'message': 'no deps or dev-deps'}
{'statusCode': 0, 'package': '@0xsequence/abi_0.41.1', 'message': 'no deps or dev-deps'}
{'statusCode': 0, 'package': '@0xsequence/abi_0.41.2', 'message': 'no deps or dev-deps'}
{'statusCode': 0, 'package': '@0xsequence/abi_0.41.3', 'message': 'no deps or dev-deps'}
{'statusCode': 0, 'package': '@0xsequence/abi_0.42.0', 'message': 'no deps or dev-deps'}
{'statusCode': 0, 'package': '@0xsequence/abi_0.42.1', 'message': 'no deps or dev-deps'}
{'statusCode': 0, 'package': '@0xsequence/abi_0.42.2', 'message': 'no deps or dev-deps'}
{'statusCode': 0, 'package': '@0xsequence/abi_0.42.3', 'message': 'no deps or dev-deps'}
{'statusCode': 0, 'package': '@0xsequence/abi_0.42.4', 'message': 'no deps or dev-deps'}
{'statusCode': 0, 'package': '@0xsequence/abi_0.42.5', 'message': 'no deps or dev-deps'}
{'statusCode': 0, 'package': '@0xsequence/abi_0.42.6', 'message': 'no deps or dev-deps'}
{'statusCode': 0, 'package': '@0xsequence/abi_0.42.7', 'message': 'no deps or dev-deps'}
{'statusCode': 0, 'package': '@0xsequence/abi_0.42.8', 'message': 'no deps or dev-deps'}
{'statusCode': 0, 'package': '@0xsequence/abi_0.42.9', 'message': 'no deps or dev-deps'}
{'statusCode': 0, 'package': '@0xsequence/abi_0.42.10', 'message': 'no deps or dev-deps'}
{'statusCode': 0, 'package': '@0xsequence/abi_0.43.0', 'message': 'no deps or dev-deps'}
{'statusCode': 0, 'package': '@0xsequence/abi_0.43.1', 'message': 'no deps or dev-deps'}
{'statusCode': 0, 'package': '@0xsequence/abi_0.43.2', 'message': 'no deps or dev-deps'}
{'statusCode': 0, 'package': '@0xsequence/abi_0.43.3', 'message': 'no deps or dev-deps'}
{'statusCode': 0, 'package': '@0xsequence/abi_0.0.0-20221124173317', 'message': 'no deps or dev-deps'}
{'statusCode': 0, 'package': '@0xsequence/abi_0.43.4', 'message': 'no deps or dev-deps'}
{'statusCode': 0, 'package': '@0xsequence/abi_0.43.5', 'message': 'no deps or dev-deps'}
{'statusCode': 0, 'package': '@0xsequence/abi_0.43.6', 'message': 'no deps or dev-deps'}
{'statusCode': 0, 'package': '@0xsequence/abi_0.43.7', 'message': 'no deps or dev-deps'}
{'statusCode': 0, 'package': '@0xsequence/abi_0.7.0', 'message': 'no deps or dev-deps'}
{'statusCode': 0, 'package': '@0xsequence/abi_0.8.0', 'message': 'no deps or dev-deps'}
{'statusCode': 0, 'package': '@0xsequence/abi_0.8.1', 'message': 'no deps or dev-deps'}
{'statusCode': 0, 'package': '@0xsequence/abi_0.8.2', 'message': 'no deps or dev-deps'}
{'statusCode': 0, 'package': '@0xsequence/abi_0.8.3', 'message': 'no deps or dev-deps'}
{'statusCode': 0, 'package': '@0xsequence/abi_0.8.4', 'message': 'no deps or dev-deps'}
{'statusCode': 0, 'package': '@0xsequence/abi_0.8.5', 'message': 'no deps or dev-deps'}
{'statusCode': 0, 'package': '@0xsequence/abi_0.9.1', 'message': 'no deps or dev-deps'}
{'statusCode': 0, 'package': '@0xsequence/abi_0.9.3', 'message': 'no deps or dev-deps'}
{'statusCode': 0, 'package': '@0xsequence/abi_0.9.6', 'message': 'no deps or dev-deps'}
{'statusCode': 0, 'package': '@0xsequence/abi_0.10.0', 'message': 'no deps or dev-deps'}
{'statusCode': 0, 'package': '@0xsequence/abi_0.10.1', 'message': 'no deps or dev-deps'}
{'statusCode': 0, 'package': '@0xsequence/abi_0.10.2', 'message': 'no deps or dev-deps'}
{'statusCode': 0, 'package': '@0xsequence/abi_0.10.3', 'message': 'no deps or dev-deps'}
{'statusCode': 0, 'package': '@0xsequence/abi_0.10.4', 'message': 'no deps or dev-deps'}
{'statusCode': 0, 'package': '@0xsequence/abi_0.10.5', 'message': 'no deps or dev-deps'}
{'statusCode': 0, 'package': '@0xsequence/abi_0.10.6', 'message': 'no deps or dev-deps'}
{'statusCode': 0, 'package': '@0xsequence/abi_0.10.7', 'message': 'no deps or dev-deps'}
{'statusCode': 0, 'package': '@0xsequence/abi_0.10.8', 'message': 'no deps or dev-deps'}
{'statusCode': 0, 'package': '@0xsequence/abi_0.10.9', 'message': 'no deps or dev-deps'}
{'statusCode': 0, 'package': '@0xsequence/abi_0.11.0', 'message': 'no deps or dev-deps'}
{'statusCode': 0, 'package': '@0xsequence/abi_0.11.1', 'message': 'no deps or dev-deps'}
{'statusCode': 0, 'package': '@0xsequence/abi_0.11.2', 'message': 'no deps or dev-deps'}
{'statusCode': 0, 'package': '@0xsequence/abi_0.11.3', 'message': 'no deps or dev-deps'}
{'statusCode': 0, 'package': '@0xsequence/abi_0.11.4', 'message': 'no deps or dev-deps'}
{'statusCode': 0, 'package': '@0xsequence/abi_0.12.0', 'message': 'no deps or dev-deps'}
{'statusCode': 0, 'package': '@0xsequence/abi_0.12.1', 'message': 'no deps or dev-deps'}
{'statusCode': 0, 'package': '@0xsequence/abi_0.13.0', 'message': 'no deps or dev-deps'}
{'statusCode': 0, 'package': '@0xsequence/abi_0.14.0', 'message': 'no deps or dev-deps'}
{'statusCode': 0, 'package': '@0xsequence/abi_0.14.3', 'message': 'no deps or dev-deps'}
{'statusCode': 0, 'package': '@0xsequence/abi_0.15.1', 'message': 'no deps or dev-deps'}
{'statusCode': 0, 'package': '@0xsequence/abi_0.16.0', 'message': 'no deps or dev-deps'}
{'statusCode': 0, 'package': '@0xsequence/abi_0.18.0', 'message': 'no deps or dev-deps'}
{'statusCode': 0, 'package': '@0xsequence/abi_0.19.0', 'message': 'no deps or dev-deps'}
{'statusCode': 0, 'package': '@0xsequence/abi_0.19.2', 'message': 'no deps or dev-deps'}
{'statusCode': 0, 'package': '@0xsequence/abi_0.19.3', 'message': 'no deps or dev-deps'}
{'statusCode': 0, 'package': '@0xsequence/abi_0.21.0', 'message': 'no deps or dev-deps'}
{'statusCode': 0, 'package': '@0xsequence/abi_0.21.2', 'message': 'no deps or dev-deps'}
{'statusCode': 0, 'package': '@0xsequence/abi_0.21.3', 'message': 'no deps or dev-deps'}
{'statusCode': 0, 'package': '@0xsequence/abi_0.21.4', 'message': 'no deps or dev-deps'}
{'statusCode': 0, 'package': '@0xsequence/abi_0.21.5', 'message': 'no deps or dev-deps'}
{'statusCode': 0, 'package': '@0xsequence/abi_0.22.0', 'message': 'no deps or dev-deps'}
{'statusCode': 0, 'package': '@0xsequence/abi_0.22.1', 'message': 'no deps or dev-deps'}
{'statusCode': 0, 'package': '@0xsequence/abi_0.22.2', 'message': 'no deps or dev-deps'}
{'statusCode': 0, 'package': '@0xsequence/abi_0.23.0', 'message': 'no deps or dev-deps'}
{'statusCode': 0, 'package': '@0xsequence/abi_0.25.0', 'message': 'no deps or dev-deps'}
{'statusCode': 0, 'package': '@0xsequence/abi_0.25.1', 'message': 'no deps or dev-deps'}
{'statusCode': 0, 'package': '@0xsequence/abi_0.27.0', 'message': 'no deps or dev-deps'}
{'statusCode': 0, 'package': '@0xsequence/abi_0.28.0', 'message': 'no deps or dev-deps'}
{'statusCode': 0, 'package': '@0xsequence/abi_0.0.0-202182516517', 'message': 'no deps or dev-deps'}
{'statusCode': 0, 'package': '@0xsequence/abi_0.0.0-202182517435', 'message': 'no deps or dev-deps'}
{'statusCode': 0, 'package': '@0xsequence/abi_0.0.0-2021827201516', 'message': 'no deps or dev-deps'}
{'statusCode': 0, 'package': '@0xsequence/abi_0.29.0', 'message': 'no deps or dev-deps'}
{'statusCode': 0, 'package': '@0xsequence/abi_0.29.8', 'message': 'no deps or dev-deps'}
{'statusCode': 0, 'package': '@0xsequence/abi_0.30.0', 'message': 'no deps or dev-deps'}
{'statusCode': 0, 'package': '@0xsequence/abi_0.31.0', 'message': 'no deps or dev-deps'}
{'statusCode': 0, 'package': '@0xsequence/abi_0.34.0', 'message': 'no deps or dev-deps'}
{'statusCode': 0, 'package': '@0xsequence/abi_0.35.0', 'message': 'no deps or dev-deps'}
{'statusCode': 0, 'package': '@0xsequence/abi_0.35.1', 'message': 'no deps or dev-deps'}
{'statusCode': 0, 'package': '@0xsequence/abi_0.35.2', 'message': 'no deps or dev-deps'}
{'statusCode': 0, 'package': '@0xsequence/abi_0.35.3', 'message': 'no deps or dev-deps'}
{'statusCode': 0, 'package': '@0xsequence/abi_0.35.4', 'message': 'no deps or dev-deps'}
{'statusCode': 0, 'package': '@0xsequence/abi_0.35.5', 'message': 'no deps or dev-deps'}
{'statusCode': 0, 'package': '@0xsequence/abi_0.35.6', 'message': 'no deps or dev-deps'}
{'statusCode': 0, 'package': '@0xsequence/abi_0.35.7', 'message': 'no deps or dev-deps'}
{'statusCode': 0, 'package': '@0xsequence/abi_0.35.8', 'message': 'no deps or dev-deps'}
{'statusCode': 0, 'package': '@0xsequence/abi_0.35.9', 'message': 'no deps or dev-deps'}
{'statusCode': 0, 'package': '@0xsequence/abi_0.35.10', 'message': 'no deps or dev-deps'}
{'statusCode': 0, 'package': '@0xsequence/abi_0.35.11', 'message': 'no deps or dev-deps'}
{'statusCode': 0, 'package': '@0xsequence/abi_0.35.12', 'message': 'no deps or dev-deps'}
{'statusCode': 0, 'package': '@0xsequence/abi_0.36.0', 'message': 'no deps or dev-deps'}
{'statusCode': 0, 'package': '@0xsequence/abi_0.36.1', 'message': 'no deps or dev-deps'}
{'statusCode': 0, 'package': '@0xsequence/abi_0.36.2', 'message': 'no deps or dev-deps'}
{'statusCode': 0, 'package': '@0xsequence/abi_0.36.3', 'message': 'no deps or dev-deps'}
{'statusCode': 0, 'package': '@0xsequence/abi_0.36.4', 'message': 'no deps or dev-deps'}
{'statusCode': 0, 'package': '@0xsequence/abi_0.36.5', 'message': 'no deps or dev-deps'}
{'statusCode': 0, 'package': '@0xsequence/abi_0.36.6', 'message': 'no deps or dev-deps'}
{'statusCode': 0, 'package': '@0xsequence/abi_0.36.7', 'message': 'no deps or dev-deps'}
{'statusCode': 0, 'package': '@0xsequence/abi_0.36.8', 'message': 'no deps or dev-deps'}
{'statusCode': 0, 'package': '@0xsequence/abi_0.36.9', 'message': 'no deps or dev-deps'}
{'statusCode': 0, 'package': '@0xsequence/abi_0.36.10', 'message': 'no deps or dev-deps'}
{'statusCode': 0, 'package': '@0xsequence/abi_0.0.0-20220418165517', 'message': 'no deps or dev-deps'}
{'statusCode': 0, 'package': '@0xsequence/abi_0.36.11', 'message': 'no deps or dev-deps'}
{'statusCode': 0, 'package': '@0xsequence/abi_0.0.0-20220425195445', 'message': 'no deps or dev-deps'}
{'statusCode': 0, 'package': '@0xsequence/abi_0.36.12', 'message': 'no deps or dev-deps'}
{'statusCode': 0, 'package': '@0xsequence/abi_0.0.0-20220427054350', 'message': 'no deps or dev-deps'}
{'statusCode': 0, 'package': '@0xsequence/abi_0.0.0-20220427055332', 'message': 'no deps or dev-deps'}
{'statusCode': 0, 'package': '@0xsequence/abi_0.0.0-20220427161307', 'message': 'no deps or dev-deps'}
{'statusCode': 0, 'package': '@0xsequence/abi_0.0.0-20220427162812', 'message': 'no deps or dev-deps'}
{'statusCode': 0, 'package': '@0xsequence/abi_0.36.13', 'message': 'no deps or dev-deps'}
{'statusCode': 0, 'package': '@0xsequence/abi_0.37.0', 'message': 'no deps or dev-deps'}
{'statusCode': 0, 'package': '@0xsequence/abi_0.37.1', 'message': 'no deps or dev-deps'}
{'statusCode': 0, 'package': '@0xsequence/abi_0.0.0-20220506174803', 'message': 'no deps or dev-deps'}
{'statusCode': 0, 'package': '@0xsequence/abi_0.0.0-20220506195001', 'message': 'no deps or dev-deps'}
{'statusCode': 0, 'package': '@0xsequence/abi_0.0.0-20220513134147', 'message': 'no deps or dev-deps'}
{'statusCode': 0, 'package': '@0xsequence/abi_0.38.0', 'message': 'no deps or dev-deps'}
{'statusCode': 0, 'package': '@0xsequence/abi_0.38.1', 'message': 'no deps or dev-deps'}
{'statusCode': 0, 'package': '@0xsequence/abi_0.38.2', 'message': 'no deps or dev-deps'}
{'statusCode': 0, 'package': '@0xsequence/abi_0.39.0', 'message': 'no deps or dev-deps'}
{'statusCode': 0, 'package': '@0xsequence/abi_0.0.0-20220519151110', 'message': 'no deps or dev-deps'}
{'statusCode': 0, 'package': '@0xsequence/abi_0.0.0-20220519202656', 'message': 'no deps or dev-deps'}
{'statusCode': 0, 'package': '@0xsequence/abi_0.0.0-20220601185217', 'message': 'no deps or dev-deps'}
{'statusCode': 0, 'package': '@0xsequence/abi_0.39.1', 'message': 'no deps or dev-deps'}
{'statusCode': 0, 'package': '@0xsequence/abi_0.39.2', 'message': 'no deps or dev-deps'}
{'statusCode': 0, 'package': '@0xsequence/abi_0.0.0-20220609204505', 'message': 'no deps or dev-deps'}
{'statusCode': 0, 'package': '@0xsequence/abi_0.0.0-20220610134843', 'message': 'no deps or dev-deps'}
{'statusCode': 0, 'package': '@0xsequence/abi_0.39.3', 'message': 'no deps or dev-deps'}
{'statusCode': 0, 'package': '@0xsequence/abi_0.0.0-20220614152529', 'message': 'no deps or dev-deps'}
{'statusCode': 0, 'package': '@0xsequence/abi_0.0.0-20220616121217', 'message': 'no deps or dev-deps'}
{'statusCode': 0, 'package': '@0xsequence/abi_0.39.4', 'message': 'no deps or dev-deps'}
{'statusCode': 0, 'package': '@0xsequence/abi_0.39.5', 'message': 'no deps or dev-deps'}
{'statusCode': 0, 'package': '@0xsequence/abi_0.39.6', 'message': 'no deps or dev-deps'}
{'statusCode': 0, 'package': '@0xsequence/abi_0.0.0-26b08ee9-20220629135033', 'message': 'no deps or dev-deps'}
{'statusCode': 0, 'package': '@0xsequence/abi_0.0.0-cdbb3137-20220630190630', 'message': 'no deps or dev-deps'}
{'statusCode': 0, 'package': '@0xsequence/abi_0.0.0-cdbb3137-20220630191603', 'message': 'no deps or dev-deps'}
{'statusCode': 0, 'package': '@0xsequence/abi_0.0.0-cdbb3137-20220630192830', 'message': 'no deps or dev-deps'}
{'statusCode': 0, 'package': '@0xsequence/abi_0.0.0-20220630194654', 'message': 'no deps or dev-deps'}
{'statusCode': 0, 'package': '@0xsequence/abi_0.0.0-20220630211555', 'message': 'no deps or dev-deps'}
{'statusCode': 0, 'package': '@0xsequence/abi_0.0.0-20220630215108', 'message': 'no deps or dev-deps'}
{'statusCode': 0, 'package': '@0xsequence/abi_0.0.0-20220703182449', 'message': 'no deps or dev-deps'}
{'statusCode': 0, 'package': '@0xsequence/abi_0.0.0-20220704043930', 'message': 'no deps or dev-deps'}
{'statusCode': 0, 'package': '@0xsequence/abi_0.0.0-20220706193010', 'message': 'no deps or dev-deps'}
{'statusCode': 0, 'package': '@0xsequence/abi_0.0.0-20220710174545', 'message': 'no deps or dev-deps'}
{'statusCode': 0, 'package': '@0xsequence/abi_0.0.0-coolcats-0.36.12-20220711222640', 'message': 'no deps or dev-deps'}
{'statusCode': 0, 'package': '@0xsequence/abi_0.40.0', 'message': 'no deps or dev-deps'}
{'statusCode': 0, 'package': '@0xsequence/abi_0.40.1', 'message': 'no deps or dev-deps'}
{'statusCode': 0, 'package': '@0xsequence/abi_0.0.0-20220713211319', 'message': 'no deps or dev-deps'}
{'statusCode': 0, 'package': '@0xsequence/abi_0.0.0-20220714164224', 'message': 'no deps or dev-deps'}
{'statusCode': 0, 'package': '@0xsequence/abi_0.40.2', 'message': 'no deps or dev-deps'}
{'statusCode': 0, 'package': '@0xsequence/abi_0.0.0-20220719173737', 'message': 'no deps or dev-deps'}
{'statusCode': 0, 'package': '@0xsequence/abi_0.0.0-20220722145329', 'message': 'no deps or dev-deps'}
{'statusCode': 0, 'package': '@0xsequence/abi_0.0.0-20220725200200', 'message': 'no deps or dev-deps'}
{'statusCode': 0, 'package': '@0xsequence/abi_0.40.3', 'message': 'no deps or dev-deps'}
{'statusCode': 0, 'package': '@0xsequence/abi_0.0.0-20220728141414', 'message': 'no deps or dev-deps'}
{'statusCode': 0, 'package': '@0xsequence/abi_0.40.4', 'message': 'no deps or dev-deps'}
{'statusCode': 0, 'package': '@0xsequence/abi_0.0.0-20220728215555', 'message': 'no deps or dev-deps'}
{'statusCode': 0, 'package': '@0xsequence/abi_0.40.5', 'message': 'no deps or dev-deps'}
{'statusCode': 0, 'package': '@0xsequence/abi_0.0.0-20220804202525', 'message': 'no deps or dev-deps'}
{'statusCode': 0, 'package': '@0xsequence/abi_0.40.6', 'message': 'no deps or dev-deps'}
{'statusCode': 0, 'package': '@0xsequence/abi_0.0.0-20220825181818', 'message': 'no deps or dev-deps'}
{'statusCode': 0, 'package': '@0xsequence/abi_0.0.0-20220825190100', 'message': 'no deps or dev-deps'}
{'statusCode': 0, 'package': '@0xsequence/abi_0.41.0', 'message': 'no deps or dev-deps'}
{'statusCode': 0, 'package': '@0xsequence/abi_0.41.1', 'message': 'no deps or dev-deps'}
{'statusCode': 0, 'package': '@0xsequence/abi_0.41.2', 'message': 'no deps or dev-deps'}
{'statusCode': 0, 'package': '@0xsequence/abi_0.41.3', 'message': 'no deps or dev-deps'}
{'statusCode': 0, 'package': '@0xsequence/abi_0.42.0', 'message': 'no deps or dev-deps'}
{'statusCode': 0, 'package': '@0xsequence/abi_0.42.1', 'message': 'no deps or dev-deps'}
{'statusCode': 0, 'package': '@0xsequence/abi_0.42.2', 'message': 'no deps or dev-deps'}
{'statusCode': 0, 'package': '@0xsequence/abi_0.42.3', 'message': 'no deps or dev-deps'}
{'statusCode': 0, 'package': '@0xsequence/abi_0.42.4', 'message': 'no deps or dev-deps'}
{'statusCode': 0, 'package': '@0xsequence/abi_0.42.5', 'message': 'no deps or dev-deps'}
{'statusCode': 0, 'package': '@0xsequence/abi_0.42.6', 'message': 'no deps or dev-deps'}
{'statusCode': 0, 'package': '@0xsequence/abi_0.42.7', 'message': 'no deps or dev-deps'}
{'statusCode': 0, 'package': '@0xsequence/abi_0.42.8', 'message': 'no deps or dev-deps'}
{'statusCode': 0, 'package': '@0xsequence/abi_0.42.9', 'message': 'no deps or dev-deps'}
{'statusCode': 0, 'package': '@0xsequence/abi_0.42.10', 'message': 'no deps or dev-deps'}
{'statusCode': 0, 'package': '@0xsequence/abi_0.43.0', 'message': 'no deps or dev-deps'}
{'statusCode': 0, 'package': '@0xsequence/abi_0.43.1', 'message': 'no deps or dev-deps'}
{'statusCode': 0, 'package': '@0xsequence/abi_0.43.2', 'message': 'no deps or dev-deps'}
{'statusCode': 0, 'package': '@0xsequence/abi_0.43.3', 'message': 'no deps or dev-deps'}
{'statusCode': 0, 'package': '@0xsequence/abi_0.0.0-20221124173317', 'message': 'no deps or dev-deps'}
{'statusCode': 0, 'package': '@0xsequence/abi_0.43.4', 'message': 'no deps or dev-deps'}
{'statusCode': 0, 'package': '@0xsequence/abi_0.43.5', 'message': 'no deps or dev-deps'}
{'statusCode': 0, 'package': '@0xsequence/abi_0.43.6', 'message': 'no deps or dev-deps'}
{'statusCode': 0, 'package': '@0xsequence/abi_0.43.7', 'message': 'no deps or dev-deps'}
{'statusCode': 0, 'package': '@0xsequence/abi_0.7.0', 'message': 'no deps or dev-deps'}
{'statusCode': 0, 'package': '@0xsequence/abi_0.8.0', 'message': 'no deps or dev-deps'}
{'statusCode': 0, 'package': '@0xsequence/abi_0.8.1', 'message': 'no deps or dev-deps'}
{'statusCode': 0, 'package': '@0xsequence/abi_0.8.2', 'message': 'no deps or dev-deps'}
{'statusCode': 0, 'package': '@0xsequence/abi_0.8.3', 'message': 'no deps or dev-deps'}
{'statusCode': 0, 'package': '@0xsequence/abi_0.8.4', 'message': 'no deps or dev-deps'}
{'statusCode': 0, 'package': '@0xsequence/abi_0.8.5', 'message': 'no deps or dev-deps'}
{'statusCode': 0, 'package': '@0xsequence/abi_0.9.1', 'message': 'no deps or dev-deps'}
{'statusCode': 0, 'package': '@0xsequence/abi_0.9.3', 'message': 'no deps or dev-deps'}
{'statusCode': 0, 'package': '@0xsequence/abi_0.9.6', 'message': 'no deps or dev-deps'}
{'statusCode': 0, 'package': '@0xsequence/abi_0.10.0', 'message': 'no deps or dev-deps'}
{'statusCode': 0, 'package': '@0xsequence/abi_0.10.1', 'message': 'no deps or dev-deps'}
{'statusCode': 0, 'package': '@0xsequence/abi_0.10.2', 'message': 'no deps or dev-deps'}
{'statusCode': 0, 'package': '@0xsequence/abi_0.10.3', 'message': 'no deps or dev-deps'}
{'statusCode': 0, 'package': '@0xsequence/abi_0.10.4', 'message': 'no deps or dev-deps'}
{'statusCode': 0, 'package': '@0xsequence/abi_0.10.5', 'message': 'no deps or dev-deps'}
{'statusCode': 0, 'package': '@0xsequence/abi_0.10.6', 'message': 'no deps or dev-deps'}
{'statusCode': 0, 'package': '@0xsequence/abi_0.10.7', 'message': 'no deps or dev-deps'}
{'statusCode': 0, 'package': '@0xsequence/abi_0.10.8', 'message': 'no deps or dev-deps'}
{'statusCode': 0, 'package': '@0xsequence/abi_0.10.9', 'message': 'no deps or dev-deps'}
{'statusCode': 0, 'package': '@0xsequence/abi_0.11.0', 'message': 'no deps or dev-deps'}
{'statusCode': 0, 'package': '@0xsequence/abi_0.11.1', 'message': 'no deps or dev-deps'}
{'statusCode': 0, 'package': '@0xsequence/abi_0.11.2', 'message': 'no deps or dev-deps'}
{'statusCode': 0, 'package': '@0xsequence/abi_0.11.3', 'message': 'no deps or dev-deps'}
{'statusCode': 0, 'package': '@0xsequence/abi_0.11.4', 'message': 'no deps or dev-deps'}
{'statusCode': 0, 'package': '@0xsequence/abi_0.12.0', 'message': 'no deps or dev-deps'}
{'statusCode': 0, 'package': '@0xsequence/abi_0.12.1', 'message': 'no deps or dev-deps'}
{'statusCode': 0, 'package': '@0xsequence/abi_0.13.0', 'message': 'no deps or dev-deps'}
{'statusCode': 0, 'package': '@0xsequence/abi_0.14.0', 'message': 'no deps or dev-deps'}
{'statusCode': 0, 'package': '@0xsequence/abi_0.14.3', 'message': 'no deps or dev-deps'}
{'statusCode': 0, 'package': '@0xsequence/abi_0.15.1', 'message': 'no deps or dev-deps'}
{'statusCode': 0, 'package': '@0xsequence/abi_0.16.0', 'message': 'no deps or dev-deps'}
{'statusCode': 0, 'package': '@0xsequence/abi_0.18.0', 'message': 'no deps or dev-deps'}
{'statusCode': 0, 'package': '@0xsequence/abi_0.19.0', 'message': 'no deps or dev-deps'}
{'statusCode': 0, 'package': '@0xsequence/abi_0.19.2', 'message': 'no deps or dev-deps'}
{'statusCode': 0, 'package': '@0xsequence/abi_0.19.3', 'message': 'no deps or dev-deps'}
{'statusCode': 0, 'package': '@0xsequence/abi_0.21.0', 'message': 'no deps or dev-deps'}
{'statusCode': 0, 'package': '@0xsequence/abi_0.21.2', 'message': 'no deps or dev-deps'}
{'statusCode': 0, 'package': '@0xsequence/abi_0.21.3', 'message': 'no deps or dev-deps'}
{'statusCode': 0, 'package': '@0xsequence/abi_0.21.4', 'message': 'no deps or dev-deps'}
{'statusCode': 0, 'package': '@0xsequence/abi_0.21.5', 'message': 'no deps or dev-deps'}
{'statusCode': 0, 'package': '@0xsequence/abi_0.22.0', 'message': 'no deps or dev-deps'}
{'statusCode': 0, 'package': '@0xsequence/abi_0.22.1', 'message': 'no deps or dev-deps'}
{'statusCode': 0, 'package': '@0xsequence/abi_0.22.2', 'message': 'no deps or dev-deps'}
{'statusCode': 0, 'package': '@0xsequence/abi_0.23.0', 'message': 'no deps or dev-deps'}
{'statusCode': 0, 'package': '@0xsequence/abi_0.25.0', 'message': 'no deps or dev-deps'}
{'statusCode': 0, 'package': '@0xsequence/abi_0.25.1', 'message': 'no deps or dev-deps'}
{'statusCode': 0, 'package': '@0xsequence/abi_0.27.0', 'message': 'no deps or dev-deps'}
{'statusCode': 0, 'package': '@0xsequence/abi_0.28.0', 'message': 'no deps or dev-deps'}
{'statusCode': 0, 'package': '@0xsequence/abi_0.0.0-202182516517', 'message': 'no deps or dev-deps'}
{'statusCode': 0, 'package': '@0xsequence/abi_0.0.0-202182517435', 'message': 'no deps or dev-deps'}
{'statusCode': 0, 'package': '@0xsequence/abi_0.0.0-2021827201516', 'message': 'no deps or dev-deps'}
{'statusCode': 0, 'package': '@0xsequence/abi_0.29.0', 'message': 'no deps or dev-deps'}
{'statusCode': 0, 'package': '@0xsequence/abi_0.29.8', 'message': 'no deps or dev-deps'}
{'statusCode': 0, 'package': '@0xsequence/abi_0.30.0', 'message': 'no deps or dev-deps'}
{'statusCode': 0, 'package': '@0xsequence/abi_0.31.0', 'message': 'no deps or dev-deps'}
{'statusCode': 0, 'package': '@0xsequence/abi_0.34.0', 'message': 'no deps or dev-deps'}
{'statusCode': 0, 'package': '@0xsequence/abi_0.35.0', 'message': 'no deps or dev-deps'}
{'statusCode': 0, 'package': '@0xsequence/abi_0.35.1', 'message': 'no deps or dev-deps'}
{'statusCode': 0, 'package': '@0xsequence/abi_0.35.2', 'message': 'no deps or dev-deps'}
{'statusCode': 0, 'package': '@0xsequence/abi_0.35.3', 'message': 'no deps or dev-deps'}
{'statusCode': 0, 'package': '@0xsequence/abi_0.35.4', 'message': 'no deps or dev-deps'}
{'statusCode': 0, 'package': '@0xsequence/abi_0.35.5', 'message': 'no deps or dev-deps'}
{'statusCode': 0, 'package': '@0xsequence/abi_0.35.6', 'message': 'no deps or dev-deps'}
{'statusCode': 0, 'package': '@0xsequence/abi_0.35.7', 'message': 'no deps or dev-deps'}
{'statusCode': 0, 'package': '@0xsequence/abi_0.35.8', 'message': 'no deps or dev-deps'}
{'statusCode': 0, 'package': '@0xsequence/abi_0.35.9', 'message': 'no deps or dev-deps'}
{'statusCode': 0, 'package': '@0xsequence/abi_0.35.10', 'message': 'no deps or dev-deps'}
{'statusCode': 0, 'package': '@0xsequence/abi_0.35.11', 'message': 'no deps or dev-deps'}
{'statusCode': 0, 'package': '@0xsequence/abi_0.35.12', 'message': 'no deps or dev-deps'}
{'statusCode': 0, 'package': '@0xsequence/abi_0.36.0', 'message': 'no deps or dev-deps'}
{'statusCode': 0, 'package': '@0xsequence/abi_0.36.1', 'message': 'no deps or dev-deps'}
{'statusCode': 0, 'package': '@0xsequence/abi_0.36.2', 'message': 'no deps or dev-deps'}
{'statusCode': 0, 'package': '@0xsequence/abi_0.36.3', 'message': 'no deps or dev-deps'}
{'statusCode': 0, 'package': '@0xsequence/abi_0.36.4', 'message': 'no deps or dev-deps'}
{'statusCode': 0, 'package': '@0xsequence/abi_0.36.5', 'message': 'no deps or dev-deps'}
{'statusCode': 0, 'package': '@0xsequence/abi_0.36.6', 'message': 'no deps or dev-deps'}
{'statusCode': 0, 'package': '@0xsequence/abi_0.36.7', 'message': 'no deps or dev-deps'}
{'statusCode': 0, 'package': '@0xsequence/abi_0.36.8', 'message': 'no deps or dev-deps'}
{'statusCode': 0, 'package': '@0xsequence/abi_0.36.9', 'message': 'no deps or dev-deps'}
{'statusCode': 0, 'package': '@0xsequence/abi_0.36.10', 'message': 'no deps or dev-deps'}
{'statusCode': 0, 'package': '@0xsequence/abi_0.0.0-20220418165517', 'message': 'no deps or dev-deps'}
{'statusCode': 0, 'package': '@0xsequence/abi_0.36.11', 'message': 'no deps or dev-deps'}
{'statusCode': 0, 'package': '@0xsequence/abi_0.0.0-20220425195445', 'message': 'no deps or dev-deps'}
{'statusCode': 0, 'package': '@0xsequence/abi_0.36.12', 'message': 'no deps or dev-deps'}
{'statusCode': 0, 'package': '@0xsequence/abi_0.0.0-20220427054350', 'message': 'no deps or dev-deps'}
{'statusCode': 0, 'package': '@0xsequence/abi_0.0.0-20220427055332', 'message': 'no deps or dev-deps'}
{'statusCode': 0, 'package': '@0xsequence/abi_0.0.0-20220427161307', 'message': 'no deps or dev-deps'}
{'statusCode': 0, 'package': '@0xsequence/abi_0.0.0-20220427162812', 'message': 'no deps or dev-deps'}
{'statusCode': 0, 'package': '@0xsequence/abi_0.36.13', 'message': 'no deps or dev-deps'}
{'statusCode': 0, 'package': '@0xsequence/abi_0.37.0', 'message': 'no deps or dev-deps'}
{'statusCode': 0, 'package': '@0xsequence/abi_0.37.1', 'message': 'no deps or dev-deps'}
{'statusCode': 0, 'package': '@0xsequence/abi_0.0.0-20220506174803', 'message': 'no deps or dev-deps'}
{'statusCode': 0, 'package': '@0xsequence/abi_0.0.0-20220506195001', 'message': 'no deps or dev-deps'}
{'statusCode': 0, 'package': '@0xsequence/abi_0.0.0-20220513134147', 'message': 'no deps or dev-deps'}
{'statusCode': 0, 'package': '@0xsequence/abi_0.38.0', 'message': 'no deps or dev-deps'}
{'statusCode': 0, 'package': '@0xsequence/abi_0.38.1', 'message': 'no deps or dev-deps'}
{'statusCode': 0, 'package': '@0xsequence/abi_0.38.2', 'message': 'no deps or dev-deps'}
{'statusCode': 0, 'package': '@0xsequence/abi_0.39.0', 'message': 'no deps or dev-deps'}
{'statusCode': 0, 'package': '@0xsequence/abi_0.0.0-20220519151110', 'message': 'no deps or dev-deps'}
{'statusCode': 0, 'package': '@0xsequence/abi_0.0.0-20220519202656', 'message': 'no deps or dev-deps'}
{'statusCode': 0, 'package': '@0xsequence/abi_0.0.0-20220601185217', 'message': 'no deps or dev-deps'}
{'statusCode': 0, 'package': '@0xsequence/abi_0.39.1', 'message': 'no deps or dev-deps'}
{'statusCode': 0, 'package': '@0xsequence/abi_0.39.2', 'message': 'no deps or dev-deps'}
{'statusCode': 0, 'package': '@0xsequence/abi_0.0.0-20220609204505', 'message': 'no deps or dev-deps'}
{'statusCode': 0, 'package': '@0xsequence/abi_0.0.0-20220610134843', 'message': 'no deps or dev-deps'}
{'statusCode': 0, 'package': '@0xsequence/abi_0.39.3', 'message': 'no deps or dev-deps'}
{'statusCode': 0, 'package': '@0xsequence/abi_0.0.0-20220614152529', 'message': 'no deps or dev-deps'}
{'statusCode': 0, 'package': '@0xsequence/abi_0.0.0-20220616121217', 'message': 'no deps or dev-deps'}
{'statusCode': 0, 'package': '@0xsequence/abi_0.39.4', 'message': 'no deps or dev-deps'}
{'statusCode': 0, 'package': '@0xsequence/abi_0.39.5', 'message': 'no deps or dev-deps'}
{'statusCode': 0, 'package': '@0xsequence/abi_0.39.6', 'message': 'no deps or dev-deps'}
{'statusCode': 0, 'package': '@0xsequence/abi_0.0.0-26b08ee9-20220629135033', 'message': 'no deps or dev-deps'}
{'statusCode': 0, 'package': '@0xsequence/abi_0.0.0-cdbb3137-20220630190630', 'message': 'no deps or dev-deps'}
{'statusCode': 0, 'package': '@0xsequence/abi_0.0.0-cdbb3137-20220630191603', 'message': 'no deps or dev-deps'}
{'statusCode': 0, 'package': '@0xsequence/abi_0.0.0-cdbb3137-20220630192830', 'message': 'no deps or dev-deps'}
{'statusCode': 0, 'package': '@0xsequence/abi_0.0.0-20220630194654', 'message': 'no deps or dev-deps'}
{'statusCode': 0, 'package': '@0xsequence/abi_0.0.0-20220630211555', 'message': 'no deps or dev-deps'}
{'statusCode': 0, 'package': '@0xsequence/abi_0.0.0-20220630215108', 'message': 'no deps or dev-deps'}
{'statusCode': 0, 'package': '@0xsequence/abi_0.0.0-20220703182449', 'message': 'no deps or dev-deps'}
{'statusCode': 0, 'package': '@0xsequence/abi_0.0.0-20220704043930', 'message': 'no deps or dev-deps'}
{'statusCode': 0, 'package': '@0xsequence/abi_0.0.0-20220706193010', 'message': 'no deps or dev-deps'}
{'statusCode': 0, 'package': '@0xsequence/abi_0.0.0-20220710174545', 'message': 'no deps or dev-deps'}
{'statusCode': 0, 'package': '@0xsequence/abi_0.0.0-coolcats-0.36.12-20220711222640', 'message': 'no deps or dev-deps'}
{'statusCode': 0, 'package': '@0xsequence/abi_0.40.0', 'message': 'no deps or dev-deps'}
{'statusCode': 0, 'package': '@0xsequence/abi_0.40.1', 'message': 'no deps or dev-deps'}
{'statusCode': 0, 'package': '@0xsequence/abi_0.0.0-20220713211319', 'message': 'no deps or dev-deps'}
{'statusCode': 0, 'package': '@0xsequence/abi_0.0.0-20220714164224', 'message': 'no deps or dev-deps'}
{'statusCode': 0, 'package': '@0xsequence/abi_0.40.2', 'message': 'no deps or dev-deps'}
{'statusCode': 0, 'package': '@0xsequence/abi_0.0.0-20220719173737', 'message': 'no deps or dev-deps'}
{'statusCode': 0, 'package': '@0xsequence/abi_0.0.0-20220722145329', 'message': 'no deps or dev-deps'}
{'statusCode': 0, 'package': '@0xsequence/abi_0.0.0-20220725200200', 'message': 'no deps or dev-deps'}
{'statusCode': 0, 'package': '@0xsequence/abi_0.40.3', 'message': 'no deps or dev-deps'}
{'statusCode': 0, 'package': '@0xsequence/abi_0.0.0-20220728141414', 'message': 'no deps or dev-deps'}
{'statusCode': 0, 'package': '@0xsequence/abi_0.40.4', 'message': 'no deps or dev-deps'}
{'statusCode': 0, 'package': '@0xsequence/abi_0.0.0-20220728215555', 'message': 'no deps or dev-deps'}
{'statusCode': 0, 'package': '@0xsequence/abi_0.40.5', 'message': 'no deps or dev-deps'}
{'statusCode': 0, 'package': '@0xsequence/abi_0.0.0-20220804202525', 'message': 'no deps or dev-deps'}
{'statusCode': 0, 'package': '@0xsequence/abi_0.40.6', 'message': 'no deps or dev-deps'}
{'statusCode': 0, 'package': '@0xsequence/abi_0.0.0-20220825181818', 'message': 'no deps or dev-deps'}
{'statusCode': 0, 'package': '@0xsequence/abi_0.0.0-20220825190100', 'message': 'no deps or dev-deps'}
{'statusCode': 0, 'package': '@0xsequence/abi_0.41.0', 'message': 'no deps or dev-deps'}
{'statusCode': 0, 'package': '@0xsequence/abi_0.41.1', 'message': 'no deps or dev-deps'}
{'statusCode': 0, 'package': '@0xsequence/abi_0.41.2', 'message': 'no deps or dev-deps'}
{'statusCode': 0, 'package': '@0xsequence/abi_0.41.3', 'message': 'no deps or dev-deps'}
{'statusCode': 0, 'package': '@0xsequence/abi_0.42.0', 'message': 'no deps or dev-deps'}
{'statusCode': 0, 'package': '@0xsequence/abi_0.42.1', 'message': 'no deps or dev-deps'}
{'statusCode': 0, 'package': '@0xsequence/abi_0.42.2', 'message': 'no deps or dev-deps'}
{'statusCode': 0, 'package': '@0xsequence/abi_0.42.3', 'message': 'no deps or dev-deps'}
{'statusCode': 0, 'package': '@0xsequence/abi_0.42.4', 'message': 'no deps or dev-deps'}
{'statusCode': 0, 'package': '@0xsequence/abi_0.42.5', 'message': 'no deps or dev-deps'}
{'statusCode': 0, 'package': '@0xsequence/abi_0.42.6', 'message': 'no deps or dev-deps'}
{'statusCode': 0, 'package': '@0xsequence/abi_0.42.7', 'message': 'no deps or dev-deps'}
{'statusCode': 0, 'package': '@0xsequence/abi_0.42.8', 'message': 'no deps or dev-deps'}
{'statusCode': 0, 'package': '@0xsequence/abi_0.42.9', 'message': 'no deps or dev-deps'}
{'statusCode': 0, 'package': '@0xsequence/abi_0.42.10', 'message': 'no deps or dev-deps'}
{'statusCode': 0, 'package': '@0xsequence/abi_0.43.0', 'message': 'no deps or dev-deps'}
{'statusCode': 0, 'package': '@0xsequence/abi_0.43.1', 'message': 'no deps or dev-deps'}
{'statusCode': 0, 'package': '@0xsequence/abi_0.43.2', 'message': 'no deps or dev-deps'}
{'statusCode': 0, 'package': '@0xsequence/abi_0.43.3', 'message': 'no deps or dev-deps'}
{'statusCode': 0, 'package': '@0xsequence/abi_0.0.0-20221124173317', 'message': 'no deps or dev-deps'}
{'statusCode': 0, 'package': '@0xsequence/abi_0.43.4', 'message': 'no deps or dev-deps'}
{'statusCode': 0, 'package': '@0xsequence/abi_0.43.5', 'message': 'no deps or dev-deps'}
{'statusCode': 0, 'package': '@0xsequence/abi_0.43.6', 'message': 'no deps or dev-deps'}
{'statusCode': 0, 'package': '@0xsequence/abi_0.43.7', 'message': 'no deps or dev-deps'}
{'statusCode': 0, 'package': '@0xsequence/abi_0.7.0', 'message': 'no deps or dev-deps'}
{'statusCode': 0, 'package': '@0xsequence/abi_0.8.0', 'message': 'no deps or dev-deps'}
{'statusCode': 0, 'package': '@0xsequence/abi_0.8.1', 'message': 'no deps or dev-deps'}
{'statusCode': 0, 'package': '@0xsequence/abi_0.8.2', 'message': 'no deps or dev-deps'}
{'statusCode': 0, 'package': '@0xsequence/abi_0.8.3', 'message': 'no deps or dev-deps'}
{'statusCode': 0, 'package': '@0xsequence/abi_0.8.4', 'message': 'no deps or dev-deps'}
{'statusCode': 0, 'package': '@0xsequence/abi_0.8.5', 'message': 'no deps or dev-deps'}
{'statusCode': 0, 'package': '@0xsequence/abi_0.9.1', 'message': 'no deps or dev-deps'}
{'statusCode': 0, 'package': '@0xsequence/abi_0.9.3', 'message': 'no deps or dev-deps'}
{'statusCode': 0, 'package': '@0xsequence/abi_0.9.6', 'message': 'no deps or dev-deps'}
{'statusCode': 0, 'package': '@0xsequence/abi_0.10.0', 'message': 'no deps or dev-deps'}
{'statusCode': 0, 'package': '@0xsequence/abi_0.10.1', 'message': 'no deps or dev-deps'}
{'statusCode': 0, 'package': '@0xsequence/abi_0.10.2', 'message': 'no deps or dev-deps'}
{'statusCode': 0, 'package': '@0xsequence/abi_0.10.3', 'message': 'no deps or dev-deps'}
{'statusCode': 0, 'package': '@0xsequence/abi_0.10.4', 'message': 'no deps or dev-deps'}
{'statusCode': 0, 'package': '@0xsequence/abi_0.10.5', 'message': 'no deps or dev-deps'}
{'statusCode': 0, 'package': '@0xsequence/abi_0.10.6', 'message': 'no deps or dev-deps'}
{'statusCode': 0, 'package': '@0xsequence/abi_0.10.7', 'message': 'no deps or dev-deps'}
{'statusCode': 0, 'package': '@0xsequence/abi_0.10.8', 'message': 'no deps or dev-deps'}
{'statusCode': 0, 'package': '@0xsequence/abi_0.10.9', 'message': 'no deps or dev-deps'}
{'statusCode': 0, 'package': '@0xsequence/abi_0.11.0', 'message': 'no deps or dev-deps'}
{'statusCode': 0, 'package': '@0xsequence/abi_0.11.1', 'message': 'no deps or dev-deps'}
{'statusCode': 0, 'package': '@0xsequence/abi_0.11.2', 'message': 'no deps or dev-deps'}
{'statusCode': 0, 'package': '@0xsequence/abi_0.11.3', 'message': 'no deps or dev-deps'}
{'statusCode': 0, 'package': '@0xsequence/abi_0.11.4', 'message': 'no deps or dev-deps'}
{'statusCode': 0, 'package': '@0xsequence/abi_0.12.0', 'message': 'no deps or dev-deps'}
{'statusCode': 0, 'package': '@0xsequence/abi_0.12.1', 'message': 'no deps or dev-deps'}
{'statusCode': 0, 'package': '@0xsequence/abi_0.13.0', 'message': 'no deps or dev-deps'}
{'statusCode': 0, 'package': '@0xsequence/abi_0.14.0', 'message': 'no deps or dev-deps'}
{'statusCode': 0, 'package': '@0xsequence/abi_0.14.3', 'message': 'no deps or dev-deps'}
{'statusCode': 0, 'package': '@0xsequence/abi_0.15.1', 'message': 'no deps or dev-deps'}
{'statusCode': 0, 'package': '@0xsequence/abi_0.16.0', 'message': 'no deps or dev-deps'}
{'statusCode': 0, 'package': '@0xsequence/abi_0.18.0', 'message': 'no deps or dev-deps'}
{'statusCode': 0, 'package': '@0xsequence/abi_0.19.0', 'message': 'no deps or dev-deps'}
{'statusCode': 0, 'package': '@0xsequence/abi_0.19.2', 'message': 'no deps or dev-deps'}
{'statusCode': 0, 'package': '@0xsequence/abi_0.19.3', 'message': 'no deps or dev-deps'}
{'statusCode': 0, 'package': '@0xsequence/abi_0.21.0', 'message': 'no deps or dev-deps'}
{'statusCode': 0, 'package': '@0xsequence/abi_0.21.2', 'message': 'no deps or dev-deps'}
{'statusCode': 0, 'package': '@0xsequence/abi_0.21.3', 'message': 'no deps or dev-deps'}
{'statusCode': 0, 'package': '@0xsequence/abi_0.21.4', 'message': 'no deps or dev-deps'}
{'statusCode': 0, 'package': '@0xsequence/abi_0.21.5', 'message': 'no deps or dev-deps'}
{'statusCode': 0, 'package': '@0xsequence/abi_0.22.0', 'message': 'no deps or dev-deps'}
{'statusCode': 0, 'package': '@0xsequence/abi_0.22.1', 'message': 'no deps or dev-deps'}
{'statusCode': 0, 'package': '@0xsequence/abi_0.22.2', 'message': 'no deps or dev-deps'}
{'statusCode': 0, 'package': '@0xsequence/abi_0.23.0', 'message': 'no deps or dev-deps'}
{'statusCode': 0, 'package': '@0xsequence/abi_0.25.0', 'message': 'no deps or dev-deps'}
{'statusCode': 0, 'package': '@0xsequence/abi_0.25.1', 'message': 'no deps or dev-deps'}
{'statusCode': 0, 'package': '@0xsequence/abi_0.27.0', 'message': 'no deps or dev-deps'}
{'statusCode': 0, 'package': '@0xsequence/abi_0.28.0', 'message': 'no deps or dev-deps'}
{'statusCode': 0, 'package': '@0xsequence/abi_0.0.0-202182516517', 'message': 'no deps or dev-deps'}
{'statusCode': 0, 'package': '@0xsequence/abi_0.0.0-202182517435', 'message': 'no deps or dev-deps'}
{'statusCode': 0, 'package': '@0xsequence/abi_0.0.0-2021827201516', 'message': 'no deps or dev-deps'}
{'statusCode': 0, 'package': '@0xsequence/abi_0.29.0', 'message': 'no deps or dev-deps'}
{'statusCode': 0, 'package': '@0xsequence/abi_0.29.8', 'message': 'no deps or dev-deps'}
{'statusCode': 0, 'package': '@0xsequence/abi_0.30.0', 'message': 'no deps or dev-deps'}
{'statusCode': 0, 'package': '@0xsequence/abi_0.31.0', 'message': 'no deps or dev-deps'}
{'statusCode': 0, 'package': '@0xsequence/abi_0.34.0', 'message': 'no deps or dev-deps'}
{'statusCode': 0, 'package': '@0xsequence/abi_0.35.0', 'message': 'no deps or dev-deps'}
{'statusCode': 0, 'package': '@0xsequence/abi_0.35.1', 'message': 'no deps or dev-deps'}
{'statusCode': 0, 'package': '@0xsequence/abi_0.35.2', 'message': 'no deps or dev-deps'}
{'statusCode': 0, 'package': '@0xsequence/abi_0.35.3', 'message': 'no deps or dev-deps'}
{'statusCode': 0, 'package': '@0xsequence/abi_0.35.4', 'message': 'no deps or dev-deps'}
{'statusCode': 0, 'package': '@0xsequence/abi_0.35.5', 'message': 'no deps or dev-deps'}
{'statusCode': 0, 'package': '@0xsequence/abi_0.35.6', 'message': 'no deps or dev-deps'}
{'statusCode': 0, 'package': '@0xsequence/abi_0.35.7', 'message': 'no deps or dev-deps'}
{'statusCode': 0, 'package': '@0xsequence/abi_0.35.8', 'message': 'no deps or dev-deps'}
{'statusCode': 0, 'package': '@0xsequence/abi_0.35.9', 'message': 'no deps or dev-deps'}
{'statusCode': 0, 'package': '@0xsequence/abi_0.35.10', 'message': 'no deps or dev-deps'}
{'statusCode': 0, 'package': '@0xsequence/abi_0.35.11', 'message': 'no deps or dev-deps'}
{'statusCode': 0, 'package': '@0xsequence/abi_0.35.12', 'message': 'no deps or dev-deps'}
{'statusCode': 0, 'package': '@0xsequence/abi_0.36.0', 'message': 'no deps or dev-deps'}
{'statusCode': 0, 'package': '@0xsequence/abi_0.36.1', 'message': 'no deps or dev-deps'}
{'statusCode': 0, 'package': '@0xsequence/abi_0.36.2', 'message': 'no deps or dev-deps'}
{'statusCode': 0, 'package': '@0xsequence/abi_0.36.3', 'message': 'no deps or dev-deps'}
{'statusCode': 0, 'package': '@0xsequence/abi_0.36.4', 'message': 'no deps or dev-deps'}
{'statusCode': 0, 'package': '@0xsequence/abi_0.36.5', 'message': 'no deps or dev-deps'}
{'statusCode': 0, 'package': '@0xsequence/abi_0.36.6', 'message': 'no deps or dev-deps'}
{'statusCode': 0, 'package': '@0xsequence/abi_0.36.7', 'message': 'no deps or dev-deps'}
{'statusCode': 0, 'package': '@0xsequence/abi_0.36.8', 'message': 'no deps or dev-deps'}
{'statusCode': 0, 'package': '@0xsequence/abi_0.36.9', 'message': 'no deps or dev-deps'}
{'statusCode': 0, 'package': '@0xsequence/abi_0.36.10', 'message': 'no deps or dev-deps'}
{'statusCode': 0, 'package': '@0xsequence/abi_0.0.0-20220418165517', 'message': 'no deps or dev-deps'}
{'statusCode': 0, 'package': '@0xsequence/abi_0.36.11', 'message': 'no deps or dev-deps'}
{'statusCode': 0, 'package': '@0xsequence/abi_0.0.0-20220425195445', 'message': 'no deps or dev-deps'}
{'statusCode': 0, 'package': '@0xsequence/abi_0.36.12', 'message': 'no deps or dev-deps'}
{'statusCode': 0, 'package': '@0xsequence/abi_0.0.0-20220427054350', 'message': 'no deps or dev-deps'}
{'statusCode': 0, 'package': '@0xsequence/abi_0.0.0-20220427055332', 'message': 'no deps or dev-deps'}
{'statusCode': 0, 'package': '@0xsequence/abi_0.0.0-20220427161307', 'message': 'no deps or dev-deps'}
{'statusCode': 0, 'package': '@0xsequence/abi_0.0.0-20220427162812', 'message': 'no deps or dev-deps'}
{'statusCode': 0, 'package': '@0xsequence/abi_0.36.13', 'message': 'no deps or dev-deps'}
{'statusCode': 0, 'package': '@0xsequence/abi_0.37.0', 'message': 'no deps or dev-deps'}
{'statusCode': 0, 'package': '@0xsequence/abi_0.37.1', 'message': 'no deps or dev-deps'}
{'statusCode': 0, 'package': '@0xsequence/abi_0.0.0-20220506174803', 'message': 'no deps or dev-deps'}
{'statusCode': 0, 'package': '@0xsequence/abi_0.0.0-20220506195001', 'message': 'no deps or dev-deps'}
{'statusCode': 0, 'package': '@0xsequence/abi_0.0.0-20220513134147', 'message': 'no deps or dev-deps'}
{'statusCode': 0, 'package': '@0xsequence/abi_0.38.0', 'message': 'no deps or dev-deps'}
{'statusCode': 0, 'package': '@0xsequence/abi_0.38.1', 'message': 'no deps or dev-deps'}
{'statusCode': 0, 'package': '@0xsequence/abi_0.38.2', 'message': 'no deps or dev-deps'}
{'statusCode': 0, 'package': '@0xsequence/abi_0.39.0', 'message': 'no deps or dev-deps'}
{'statusCode': 0, 'package': '@0xsequence/abi_0.0.0-20220519151110', 'message': 'no deps or dev-deps'}
{'statusCode': 0, 'package': '@0xsequence/abi_0.0.0-20220519202656', 'message': 'no deps or dev-deps'}
{'statusCode': 0, 'package': '@0xsequence/abi_0.0.0-20220601185217', 'message': 'no deps or dev-deps'}
{'statusCode': 0, 'package': '@0xsequence/abi_0.39.1', 'message': 'no deps or dev-deps'}
{'statusCode': 0, 'package': '@0xsequence/abi_0.39.2', 'message': 'no deps or dev-deps'}
{'statusCode': 0, 'package': '@0xsequence/abi_0.0.0-20220609204505', 'message': 'no deps or dev-deps'}
{'statusCode': 0, 'package': '@0xsequence/abi_0.0.0-20220610134843', 'message': 'no deps or dev-deps'}
{'statusCode': 0, 'package': '@0xsequence/abi_0.39.3', 'message': 'no deps or dev-deps'}
{'statusCode': 0, 'package': '@0xsequence/abi_0.0.0-20220614152529', 'message': 'no deps or dev-deps'}
{'statusCode': 0, 'package': '@0xsequence/abi_0.0.0-20220616121217', 'message': 'no deps or dev-deps'}
{'statusCode': 0, 'package': '@0xsequence/abi_0.39.4', 'message': 'no deps or dev-deps'}
{'statusCode': 0, 'package': '@0xsequence/abi_0.39.5', 'message': 'no deps or dev-deps'}
{'statusCode': 0, 'package': '@0xsequence/abi_0.39.6', 'message': 'no deps or dev-deps'}
{'statusCode': 0, 'package': '@0xsequence/abi_0.0.0-26b08ee9-20220629135033', 'message': 'no deps or dev-deps'}
{'statusCode': 0, 'package': '@0xsequence/abi_0.0.0-cdbb3137-20220630190630', 'message': 'no deps or dev-deps'}
{'statusCode': 0, 'package': '@0xsequence/abi_0.0.0-cdbb3137-20220630191603', 'message': 'no deps or dev-deps'}
{'statusCode': 0, 'package': '@0xsequence/abi_0.0.0-cdbb3137-20220630192830', 'message': 'no deps or dev-deps'}
{'statusCode': 0, 'package': '@0xsequence/abi_0.0.0-20220630194654', 'message': 'no deps or dev-deps'}
{'statusCode': 0, 'package': '@0xsequence/abi_0.0.0-20220630211555', 'message': 'no deps or dev-deps'}
{'statusCode': 0, 'package': '@0xsequence/abi_0.0.0-20220630215108', 'message': 'no deps or dev-deps'}
{'statusCode': 0, 'package': '@0xsequence/abi_0.0.0-20220703182449', 'message': 'no deps or dev-deps'}
{'statusCode': 0, 'package': '@0xsequence/abi_0.0.0-20220704043930', 'message': 'no deps or dev-deps'}
{'statusCode': 0, 'package': '@0xsequence/abi_0.0.0-20220706193010', 'message': 'no deps or dev-deps'}
{'statusCode': 0, 'package': '@0xsequence/abi_0.0.0-20220710174545', 'message': 'no deps or dev-deps'}
{'statusCode': 0, 'package': '@0xsequence/abi_0.0.0-coolcats-0.36.12-20220711222640', 'message': 'no deps or dev-deps'}
{'statusCode': 0, 'package': '@0xsequence/abi_0.40.0', 'message': 'no deps or dev-deps'}
{'statusCode': 0, 'package': '@0xsequence/abi_0.40.1', 'message': 'no deps or dev-deps'}
{'statusCode': 0, 'package': '@0xsequence/abi_0.0.0-20220713211319', 'message': 'no deps or dev-deps'}
{'statusCode': 0, 'package': '@0xsequence/abi_0.0.0-20220714164224', 'message': 'no deps or dev-deps'}
{'statusCode': 0, 'package': '@0xsequence/abi_0.40.2', 'message': 'no deps or dev-deps'}
{'statusCode': 0, 'package': '@0xsequence/abi_0.0.0-20220719173737', 'message': 'no deps or dev-deps'}
{'statusCode': 0, 'package': '@0xsequence/abi_0.0.0-20220722145329', 'message': 'no deps or dev-deps'}
{'statusCode': 0, 'package': '@0xsequence/abi_0.0.0-20220725200200', 'message': 'no deps or dev-deps'}
{'statusCode': 0, 'package': '@0xsequence/abi_0.40.3', 'message': 'no deps or dev-deps'}
{'statusCode': 0, 'package': '@0xsequence/abi_0.0.0-20220728141414', 'message': 'no deps or dev-deps'}
{'statusCode': 0, 'package': '@0xsequence/abi_0.40.4', 'message': 'no deps or dev-deps'}
{'statusCode': 0, 'package': '@0xsequence/abi_0.0.0-20220728215555', 'message': 'no deps or dev-deps'}
{'statusCode': 0, 'package': '@0xsequence/abi_0.40.5', 'message': 'no deps or dev-deps'}
{'statusCode': 0, 'package': '@0xsequence/abi_0.0.0-20220804202525', 'message': 'no deps or dev-deps'}
{'statusCode': 0, 'package': '@0xsequence/abi_0.40.6', 'message': 'no deps or dev-deps'}
{'statusCode': 0, 'package': '@0xsequence/abi_0.0.0-20220825181818', 'message': 'no deps or dev-deps'}
{'statusCode': 0, 'package': '@0xsequence/abi_0.0.0-20220825190100', 'message': 'no deps or dev-deps'}
{'statusCode': 0, 'package': '@0xsequence/abi_0.41.0', 'message': 'no deps or dev-deps'}
{'statusCode': 0, 'package': '@0xsequence/abi_0.41.1', 'message': 'no deps or dev-deps'}
{'statusCode': 0, 'package': '@0xsequence/abi_0.41.2', 'message': 'no deps or dev-deps'}
{'statusCode': 0, 'package': '@0xsequence/abi_0.41.3', 'message': 'no deps or dev-deps'}
{'statusCode': 0, 'package': '@0xsequence/abi_0.42.0', 'message': 'no deps or dev-deps'}
{'statusCode': 0, 'package': '@0xsequence/abi_0.42.1', 'message': 'no deps or dev-deps'}
{'statusCode': 0, 'package': '@0xsequence/abi_0.42.2', 'message': 'no deps or dev-deps'}
{'statusCode': 0, 'package': '@0xsequence/abi_0.42.3', 'message': 'no deps or dev-deps'}
{'statusCode': 0, 'package': '@0xsequence/abi_0.42.4', 'message': 'no deps or dev-deps'}
{'statusCode': 0, 'package': '@0xsequence/abi_0.42.5', 'message': 'no deps or dev-deps'}
{'statusCode': 0, 'package': '@0xsequence/abi_0.42.6', 'message': 'no deps or dev-deps'}
{'statusCode': 0, 'package': '@0xsequence/abi_0.42.7', 'message': 'no deps or dev-deps'}
{'statusCode': 0, 'package': '@0xsequence/abi_0.42.8', 'message': 'no deps or dev-deps'}
{'statusCode': 0, 'package': '@0xsequence/abi_0.42.9', 'message': 'no deps or dev-deps'}
{'statusCode': 0, 'package': '@0xsequence/abi_0.42.10', 'message': 'no deps or dev-deps'}
{'statusCode': 0, 'package': '@0xsequence/abi_0.43.0', 'message': 'no deps or dev-deps'}
{'statusCode': 0, 'package': '@0xsequence/abi_0.43.1', 'message': 'no deps or dev-deps'}
{'statusCode': 0, 'package': '@0xsequence/abi_0.43.2', 'message': 'no deps or dev-deps'}
{'statusCode': 0, 'package': '@0xsequence/abi_0.43.3', 'message': 'no deps or dev-deps'}
{'statusCode': 0, 'package': '@0xsequence/abi_0.0.0-20221124173317', 'message': 'no deps or dev-deps'}
{'statusCode': 0, 'package': '@0xsequence/abi_0.43.4', 'message': 'no deps or dev-deps'}
{'statusCode': 0, 'package': '@0xsequence/abi_0.43.5', 'message': 'no deps or dev-deps'}
{'statusCode': 0, 'package': '@0xsequence/abi_0.43.6', 'message': 'no deps or dev-deps'}
{'statusCode': 0, 'package': '@0xsequence/abi_0.43.7', 'message': 'no deps or dev-deps'}
{'statusCode': 0, 'package': '@0xsequence/abi_0.7.0', 'message': 'no deps or dev-deps'}
{'statusCode': 0, 'package': '@0xsequence/abi_0.8.0', 'message': 'no deps or dev-deps'}
{'statusCode': 0, 'package': '@0xsequence/abi_0.8.1', 'message': 'no deps or dev-deps'}
{'statusCode': 0, 'package': '@0xsequence/abi_0.8.2', 'message': 'no deps or dev-deps'}
{'statusCode': 0, 'package': '@0xsequence/abi_0.8.3', 'message': 'no deps or dev-deps'}
{'statusCode': 0, 'package': '@0xsequence/abi_0.8.4', 'message': 'no deps or dev-deps'}
{'statusCode': 0, 'package': '@0xsequence/abi_0.8.5', 'message': 'no deps or dev-deps'}
{'statusCode': 0, 'package': '@0xsequence/abi_0.9.1', 'message': 'no deps or dev-deps'}
{'statusCode': 0, 'package': '@0xsequence/abi_0.9.3', 'message': 'no deps or dev-deps'}
{'statusCode': 0, 'package': '@0xsequence/abi_0.9.6', 'message': 'no deps or dev-deps'}
{'statusCode': 0, 'package': '@0xsequence/abi_0.10.0', 'message': 'no deps or dev-deps'}
{'statusCode': 0, 'package': '@0xsequence/abi_0.10.1', 'message': 'no deps or dev-deps'}
{'statusCode': 0, 'package': '@0xsequence/abi_0.10.2', 'message': 'no deps or dev-deps'}
{'statusCode': 0, 'package': '@0xsequence/abi_0.10.3', 'message': 'no deps or dev-deps'}
{'statusCode': 0, 'package': '@0xsequence/abi_0.10.4', 'message': 'no deps or dev-deps'}
{'statusCode': 0, 'package': '@0xsequence/abi_0.10.5', 'message': 'no deps or dev-deps'}
{'statusCode': 0, 'package': '@0xsequence/abi_0.10.6', 'message': 'no deps or dev-deps'}
{'statusCode': 0, 'package': '@0xsequence/abi_0.10.7', 'message': 'no deps or dev-deps'}
{'statusCode': 0, 'package': '@0xsequence/abi_0.10.8', 'message': 'no deps or dev-deps'}
{'statusCode': 0, 'package': '@0xsequence/abi_0.10.9', 'message': 'no deps or dev-deps'}
{'statusCode': 0, 'package': '@0xsequence/abi_0.11.0', 'message': 'no deps or dev-deps'}
{'statusCode': 0, 'package': '@0xsequence/abi_0.11.1', 'message': 'no deps or dev-deps'}
{'statusCode': 0, 'package': '@0xsequence/abi_0.11.2', 'message': 'no deps or dev-deps'}
{'statusCode': 0, 'package': '@0xsequence/abi_0.11.3', 'message': 'no deps or dev-deps'}
{'statusCode': 0, 'package': '@0xsequence/abi_0.11.4', 'message': 'no deps or dev-deps'}
{'statusCode': 0, 'package': '@0xsequence/abi_0.12.0', 'message': 'no deps or dev-deps'}
{'statusCode': 0, 'package': '@0xsequence/abi_0.12.1', 'message': 'no deps or dev-deps'}
{'statusCode': 0, 'package': '@0xsequence/abi_0.13.0', 'message': 'no deps or dev-deps'}
{'statusCode': 0, 'package': '@0xsequence/abi_0.14.0', 'message': 'no deps or dev-deps'}
{'statusCode': 0, 'package': '@0xsequence/abi_0.14.3', 'message': 'no deps or dev-deps'}
{'statusCode': 0, 'package': '@0xsequence/abi_0.15.1', 'message': 'no deps or dev-deps'}
{'statusCode': 0, 'package': '@0xsequence/abi_0.16.0', 'message': 'no deps or dev-deps'}
{'statusCode': 0, 'package': '@0xsequence/abi_0.18.0', 'message': 'no deps or dev-deps'}
{'statusCode': 0, 'package': '@0xsequence/abi_0.19.0', 'message': 'no deps or dev-deps'}
{'statusCode': 0, 'package': '@0xsequence/abi_0.19.2', 'message': 'no deps or dev-deps'}
{'statusCode': 0, 'package': '@0xsequence/abi_0.19.3', 'message': 'no deps or dev-deps'}
{'statusCode': 0, 'package': '@0xsequence/abi_0.21.0', 'message': 'no deps or dev-deps'}
{'statusCode': 0, 'package': '@0xsequence/abi_0.21.2', 'message': 'no deps or dev-deps'}
{'statusCode': 0, 'package': '@0xsequence/abi_0.21.3', 'message': 'no deps or dev-deps'}
{'statusCode': 0, 'package': '@0xsequence/abi_0.21.4', 'message': 'no deps or dev-deps'}
{'statusCode': 0, 'package': '@0xsequence/abi_0.21.5', 'message': 'no deps or dev-deps'}
{'statusCode': 0, 'package': '@0xsequence/abi_0.22.0', 'message': 'no deps or dev-deps'}
{'statusCode': 0, 'package': '@0xsequence/abi_0.22.1', 'message': 'no deps or dev-deps'}
{'statusCode': 0, 'package': '@0xsequence/abi_0.22.2', 'message': 'no deps or dev-deps'}
{'statusCode': 0, 'package': '@0xsequence/abi_0.23.0', 'message': 'no deps or dev-deps'}
{'statusCode': 0, 'package': '@0xsequence/abi_0.25.0', 'message': 'no deps or dev-deps'}
{'statusCode': 0, 'package': '@0xsequence/abi_0.25.1', 'message': 'no deps or dev-deps'}
{'statusCode': 0, 'package': '@0xsequence/abi_0.27.0', 'message': 'no deps or dev-deps'}
{'statusCode': 0, 'package': '@0xsequence/abi_0.28.0', 'message': 'no deps or dev-deps'}
{'statusCode': 0, 'package': '@0xsequence/abi_0.0.0-202182516517', 'message': 'no deps or dev-deps'}
{'statusCode': 0, 'package': '@0xsequence/abi_0.0.0-202182517435', 'message': 'no deps or dev-deps'}
{'statusCode': 0, 'package': '@0xsequence/abi_0.0.0-2021827201516', 'message': 'no deps or dev-deps'}
{'statusCode': 0, 'package': '@0xsequence/abi_0.29.0', 'message': 'no deps or dev-deps'}
{'statusCode': 0, 'package': '@0xsequence/abi_0.29.8', 'message': 'no deps or dev-deps'}
{'statusCode': 0, 'package': '@0xsequence/abi_0.30.0', 'message': 'no deps or dev-deps'}
{'statusCode': 0, 'package': '@0xsequence/abi_0.31.0', 'message': 'no deps or dev-deps'}
{'statusCode': 0, 'package': '@0xsequence/abi_0.34.0', 'message': 'no deps or dev-deps'}
{'statusCode': 0, 'package': '@0xsequence/abi_0.35.0', 'message': 'no deps or dev-deps'}
{'statusCode': 0, 'package': '@0xsequence/abi_0.35.1', 'message': 'no deps or dev-deps'}
{'statusCode': 0, 'package': '@0xsequence/abi_0.35.2', 'message': 'no deps or dev-deps'}
{'statusCode': 0, 'package': '@0xsequence/abi_0.35.3', 'message': 'no deps or dev-deps'}
{'statusCode': 0, 'package': '@0xsequence/abi_0.35.4', 'message': 'no deps or dev-deps'}
{'statusCode': 0, 'package': '@0xsequence/abi_0.35.5', 'message': 'no deps or dev-deps'}
{'statusCode': 0, 'package': '@0xsequence/abi_0.35.6', 'message': 'no deps or dev-deps'}
{'statusCode': 0, 'package': '@0xsequence/abi_0.35.7', 'message': 'no deps or dev-deps'}
{'statusCode': 0, 'package': '@0xsequence/abi_0.35.8', 'message': 'no deps or dev-deps'}
{'statusCode': 0, 'package': '@0xsequence/abi_0.35.9', 'message': 'no deps or dev-deps'}
{'statusCode': 0, 'package': '@0xsequence/abi_0.35.10', 'message': 'no deps or dev-deps'}
{'statusCode': 0, 'package': '@0xsequence/abi_0.35.11', 'message': 'no deps or dev-deps'}
{'statusCode': 0, 'package': '@0xsequence/abi_0.35.12', 'message': 'no deps or dev-deps'}
{'statusCode': 0, 'package': '@0xsequence/abi_0.36.0', 'message': 'no deps or dev-deps'}
{'statusCode': 0, 'package': '@0xsequence/abi_0.36.1', 'message': 'no deps or dev-deps'}
{'statusCode': 0, 'package': '@0xsequence/abi_0.36.2', 'message': 'no deps or dev-deps'}
{'statusCode': 0, 'package': '@0xsequence/abi_0.36.3', 'message': 'no deps or dev-deps'}
{'statusCode': 0, 'package': '@0xsequence/abi_0.36.4', 'message': 'no deps or dev-deps'}
{'statusCode': 0, 'package': '@0xsequence/abi_0.36.5', 'message': 'no deps or dev-deps'}
{'statusCode': 0, 'package': '@0xsequence/abi_0.36.6', 'message': 'no deps or dev-deps'}
{'statusCode': 0, 'package': '@0xsequence/abi_0.36.7', 'message': 'no deps or dev-deps'}
{'statusCode': 0, 'package': '@0xsequence/abi_0.36.8', 'message': 'no deps or dev-deps'}
{'statusCode': 0, 'package': '@0xsequence/abi_0.36.9', 'message': 'no deps or dev-deps'}
{'statusCode': 0, 'package': '@0xsequence/abi_0.36.10', 'message': 'no deps or dev-deps'}
{'statusCode': 0, 'package': '@0xsequence/abi_0.0.0-20220418165517', 'message': 'no deps or dev-deps'}
{'statusCode': 0, 'package': '@0xsequence/abi_0.36.11', 'message': 'no deps or dev-deps'}
{'statusCode': 0, 'package': '@0xsequence/abi_0.0.0-20220425195445', 'message': 'no deps or dev-deps'}
{'statusCode': 0, 'package': '@0xsequence/abi_0.36.12', 'message': 'no deps or dev-deps'}
{'statusCode': 0, 'package': '@0xsequence/abi_0.0.0-20220427054350', 'message': 'no deps or dev-deps'}
{'statusCode': 0, 'package': '@0xsequence/abi_0.0.0-20220427055332', 'message': 'no deps or dev-deps'}
{'statusCode': 0, 'package': '@0xsequence/abi_0.0.0-20220427161307', 'message': 'no deps or dev-deps'}
{'statusCode': 0, 'package': '@0xsequence/abi_0.0.0-20220427162812', 'message': 'no deps or dev-deps'}
{'statusCode': 0, 'package': '@0xsequence/abi_0.36.13', 'message': 'no deps or dev-deps'}
{'statusCode': 0, 'package': '@0xsequence/abi_0.37.0', 'message': 'no deps or dev-deps'}
{'statusCode': 0, 'package': '@0xsequence/abi_0.37.1', 'message': 'no deps or dev-deps'}
{'statusCode': 0, 'package': '@0xsequence/abi_0.0.0-20220506174803', 'message': 'no deps or dev-deps'}
{'statusCode': 0, 'package': '@0xsequence/abi_0.0.0-20220506195001', 'message': 'no deps or dev-deps'}
{'statusCode': 0, 'package': '@0xsequence/abi_0.0.0-20220513134147', 'message': 'no deps or dev-deps'}
{'statusCode': 0, 'package': '@0xsequence/abi_0.38.0', 'message': 'no deps or dev-deps'}
{'statusCode': 0, 'package': '@0xsequence/abi_0.38.1', 'message': 'no deps or dev-deps'}
{'statusCode': 0, 'package': '@0xsequence/abi_0.38.2', 'message': 'no deps or dev-deps'}
{'statusCode': 0, 'package': '@0xsequence/abi_0.39.0', 'message': 'no deps or dev-deps'}
{'statusCode': 0, 'package': '@0xsequence/abi_0.0.0-20220519151110', 'message': 'no deps or dev-deps'}
{'statusCode': 0, 'package': '@0xsequence/abi_0.0.0-20220519202656', 'message': 'no deps or dev-deps'}
{'statusCode': 0, 'package': '@0xsequence/abi_0.0.0-20220601185217', 'message': 'no deps or dev-deps'}
{'statusCode': 0, 'package': '@0xsequence/abi_0.39.1', 'message': 'no deps or dev-deps'}
{'statusCode': 0, 'package': '@0xsequence/abi_0.39.2', 'message': 'no deps or dev-deps'}
{'statusCode': 0, 'package': '@0xsequence/abi_0.0.0-20220609204505', 'message': 'no deps or dev-deps'}
{'statusCode': 0, 'package': '@0xsequence/abi_0.0.0-20220610134843', 'message': 'no deps or dev-deps'}
{'statusCode': 0, 'package': '@0xsequence/abi_0.39.3', 'message': 'no deps or dev-deps'}
{'statusCode': 0, 'package': '@0xsequence/abi_0.0.0-20220614152529', 'message': 'no deps or dev-deps'}
{'statusCode': 0, 'package': '@0xsequence/abi_0.0.0-20220616121217', 'message': 'no deps or dev-deps'}
{'statusCode': 0, 'package': '@0xsequence/abi_0.39.4', 'message': 'no deps or dev-deps'}
{'statusCode': 0, 'package': '@0xsequence/abi_0.39.5', 'message': 'no deps or dev-deps'}
{'statusCode': 0, 'package': '@0xsequence/abi_0.39.6', 'message': 'no deps or dev-deps'}
{'statusCode': 0, 'package': '@0xsequence/abi_0.0.0-26b08ee9-20220629135033', 'message': 'no deps or dev-deps'}
{'statusCode': 0, 'package': '@0xsequence/abi_0.0.0-cdbb3137-20220630190630', 'message': 'no deps or dev-deps'}
{'statusCode': 0, 'package': '@0xsequence/abi_0.0.0-cdbb3137-20220630191603', 'message': 'no deps or dev-deps'}
{'statusCode': 0, 'package': '@0xsequence/abi_0.0.0-cdbb3137-20220630192830', 'message': 'no deps or dev-deps'}
{'statusCode': 0, 'package': '@0xsequence/abi_0.0.0-20220630194654', 'message': 'no deps or dev-deps'}
{'statusCode': 0, 'package': '@0xsequence/abi_0.0.0-20220630211555', 'message': 'no deps or dev-deps'}
{'statusCode': 0, 'package': '@0xsequence/abi_0.0.0-20220630215108', 'message': 'no deps or dev-deps'}
{'statusCode': 0, 'package': '@0xsequence/abi_0.0.0-20220703182449', 'message': 'no deps or dev-deps'}
{'statusCode': 0, 'package': '@0xsequence/abi_0.0.0-20220704043930', 'message': 'no deps or dev-deps'}
{'statusCode': 0, 'package': '@0xsequence/abi_0.0.0-20220706193010', 'message': 'no deps or dev-deps'}
{'statusCode': 0, 'package': '@0xsequence/abi_0.0.0-20220710174545', 'message': 'no deps or dev-deps'}
{'statusCode': 0, 'package': '@0xsequence/abi_0.0.0-coolcats-0.36.12-20220711222640', 'message': 'no deps or dev-deps'}
{'statusCode': 0, 'package': '@0xsequence/abi_0.40.0', 'message': 'no deps or dev-deps'}
{'statusCode': 0, 'package': '@0xsequence/abi_0.40.1', 'message': 'no deps or dev-deps'}
{'statusCode': 0, 'package': '@0xsequence/abi_0.0.0-20220713211319', 'message': 'no deps or dev-deps'}
{'statusCode': 0, 'package': '@0xsequence/abi_0.0.0-20220714164224', 'message': 'no deps or dev-deps'}
{'statusCode': 0, 'package': '@0xsequence/abi_0.40.2', 'message': 'no deps or dev-deps'}
{'statusCode': 0, 'package': '@0xsequence/abi_0.0.0-20220719173737', 'message': 'no deps or dev-deps'}
{'statusCode': 0, 'package': '@0xsequence/abi_0.0.0-20220722145329', 'message': 'no deps or dev-deps'}
{'statusCode': 0, 'package': '@0xsequence/abi_0.0.0-20220725200200', 'message': 'no deps or dev-deps'}
{'statusCode': 0, 'package': '@0xsequence/abi_0.40.3', 'message': 'no deps or dev-deps'}
{'statusCode': 0, 'package': '@0xsequence/abi_0.0.0-20220728141414', 'message': 'no deps or dev-deps'}
{'statusCode': 0, 'package': '@0xsequence/abi_0.40.4', 'message': 'no deps or dev-deps'}
{'statusCode': 0, 'package': '@0xsequence/abi_0.0.0-20220728215555', 'message': 'no deps or dev-deps'}
{'statusCode': 0, 'package': '@0xsequence/abi_0.40.5', 'message': 'no deps or dev-deps'}
{'statusCode': 0, 'package': '@0xsequence/abi_0.0.0-20220804202525', 'message': 'no deps or dev-deps'}
{'statusCode': 0, 'package': '@0xsequence/abi_0.40.6', 'message': 'no deps or dev-deps'}
{'statusCode': 0, 'package': '@0xsequence/abi_0.0.0-20220825181818', 'message': 'no deps or dev-deps'}
{'statusCode': 0, 'package': '@0xsequence/abi_0.0.0-20220825190100', 'message': 'no deps or dev-deps'}
{'statusCode': 0, 'package': '@0xsequence/abi_0.41.0', 'message': 'no deps or dev-deps'}
{'statusCode': 0, 'package': '@0xsequence/abi_0.41.1', 'message': 'no deps or dev-deps'}
{'statusCode': 0, 'package': '@0xsequence/abi_0.41.2', 'message': 'no deps or dev-deps'}
{'statusCode': 0, 'package': '@0xsequence/abi_0.41.3', 'message': 'no deps or dev-deps'}
{'statusCode': 0, 'package': '@0xsequence/abi_0.42.0', 'message': 'no deps or dev-deps'}
{'statusCode': 0, 'package': '@0xsequence/abi_0.42.1', 'message': 'no deps or dev-deps'}
{'statusCode': 0, 'package': '@0xsequence/abi_0.42.2', 'message': 'no deps or dev-deps'}
{'statusCode': 0, 'package': '@0xsequence/abi_0.42.3', 'message': 'no deps or dev-deps'}
{'statusCode': 0, 'package': '@0xsequence/abi_0.42.4', 'message': 'no deps or dev-deps'}
{'statusCode': 0, 'package': '@0xsequence/abi_0.42.5', 'message': 'no deps or dev-deps'}
{'statusCode': 0, 'package': '@0xsequence/abi_0.42.6', 'message': 'no deps or dev-deps'}
{'statusCode': 0, 'package': '@0xsequence/abi_0.42.7', 'message': 'no deps or dev-deps'}
{'statusCode': 0, 'package': '@0xsequence/abi_0.42.8', 'message': 'no deps or dev-deps'}
{'statusCode': 0, 'package': '@0xsequence/abi_0.42.9', 'message': 'no deps or dev-deps'}
{'statusCode': 0, 'package': '@0xsequence/abi_0.42.10', 'message': 'no deps or dev-deps'}
{'statusCode': 0, 'package': '@0xsequence/abi_0.43.0', 'message': 'no deps or dev-deps'}
{'statusCode': 0, 'package': '@0xsequence/abi_0.43.1', 'message': 'no deps or dev-deps'}
{'statusCode': 0, 'package': '@0xsequence/abi_0.43.2', 'message': 'no deps or dev-deps'}
{'statusCode': 0, 'package': '@0xsequence/abi_0.43.3', 'message': 'no deps or dev-deps'}
{'statusCode': 0, 'package': '@0xsequence/abi_0.0.0-20221124173317', 'message': 'no deps or dev-deps'}
{'statusCode': 0, 'package': '@0xsequence/abi_0.43.4', 'message': 'no deps or dev-deps'}
{'statusCode': 0, 'package': '@0xsequence/abi_0.43.5', 'message': 'no deps or dev-deps'}
{'statusCode': 0, 'package': '@0xsequence/abi_0.43.6', 'message': 'no deps or dev-deps'}
{'statusCode': 0, 'package': '@0xsequence/abi_0.43.7', 'message': 'no deps or dev-deps'}
{'statusCode': 0, 'package': '@0xsequence/abi_0.7.0', 'message': 'no deps or dev-deps'}
{'statusCode': 0, 'package': '@0xsequence/abi_0.8.0', 'message': 'no deps or dev-deps'}
{'statusCode': 0, 'package': '@0xsequence/abi_0.8.1', 'message': 'no deps or dev-deps'}
{'statusCode': 0, 'package': '@0xsequence/abi_0.8.2', 'message': 'no deps or dev-deps'}
{'statusCode': 0, 'package': '@0xsequence/abi_0.8.3', 'message': 'no deps or dev-deps'}
{'statusCode': 0, 'package': '@0xsequence/abi_0.8.4', 'message': 'no deps or dev-deps'}
{'statusCode': 0, 'package': '@0xsequence/abi_0.8.5', 'message': 'no deps or dev-deps'}
{'statusCode': 0, 'package': '@0xsequence/abi_0.9.1', 'message': 'no deps or dev-deps'}
{'statusCode': 0, 'package': '@0xsequence/abi_0.9.3', 'message': 'no deps or dev-deps'}
{'statusCode': 0, 'package': '@0xsequence/abi_0.9.6', 'message': 'no deps or dev-deps'}
{'statusCode': 0, 'package': '@0xsequence/abi_0.10.0', 'message': 'no deps or dev-deps'}
{'statusCode': 0, 'package': '@0xsequence/abi_0.10.1', 'message': 'no deps or dev-deps'}
{'statusCode': 0, 'package': '@0xsequence/abi_0.10.2', 'message': 'no deps or dev-deps'}
{'statusCode': 0, 'package': '@0xsequence/abi_0.10.3', 'message': 'no deps or dev-deps'}
{'statusCode': 0, 'package': '@0xsequence/abi_0.10.4', 'message': 'no deps or dev-deps'}
{'statusCode': 0, 'package': '@0xsequence/abi_0.10.5', 'message': 'no deps or dev-deps'}
{'statusCode': 0, 'package': '@0xsequence/abi_0.10.6', 'message': 'no deps or dev-deps'}
{'statusCode': 0, 'package': '@0xsequence/abi_0.10.7', 'message': 'no deps or dev-deps'}
{'statusCode': 0, 'package': '@0xsequence/abi_0.10.8', 'message': 'no deps or dev-deps'}
{'statusCode': 0, 'package': '@0xsequence/abi_0.10.9', 'message': 'no deps or dev-deps'}
{'statusCode': 0, 'package': '@0xsequence/abi_0.11.0', 'message': 'no deps or dev-deps'}
{'statusCode': 0, 'package': '@0xsequence/abi_0.11.1', 'message': 'no deps or dev-deps'}
{'statusCode': 0, 'package': '@0xsequence/abi_0.11.2', 'message': 'no deps or dev-deps'}
{'statusCode': 0, 'package': '@0xsequence/abi_0.11.3', 'message': 'no deps or dev-deps'}
{'statusCode': 0, 'package': '@0xsequence/abi_0.11.4', 'message': 'no deps or dev-deps'}
{'statusCode': 0, 'package': '@0xsequence/abi_0.12.0', 'message': 'no deps or dev-deps'}
{'statusCode': 0, 'package': '@0xsequence/abi_0.12.1', 'message': 'no deps or dev-deps'}
{'statusCode': 0, 'package': '@0xsequence/abi_0.13.0', 'message': 'no deps or dev-deps'}
{'statusCode': 0, 'package': '@0xsequence/abi_0.14.0', 'message': 'no deps or dev-deps'}
{'statusCode': 0, 'package': '@0xsequence/abi_0.14.3', 'message': 'no deps or dev-deps'}
{'statusCode': 0, 'package': '@0xsequence/abi_0.15.1', 'message': 'no deps or dev-deps'}
{'statusCode': 0, 'package': '@0xsequence/abi_0.16.0', 'message': 'no deps or dev-deps'}
{'statusCode': 0, 'package': '@0xsequence/abi_0.18.0', 'message': 'no deps or dev-deps'}
{'statusCode': 0, 'package': '@0xsequence/abi_0.19.0', 'message': 'no deps or dev-deps'}
{'statusCode': 0, 'package': '@0xsequence/abi_0.19.2', 'message': 'no deps or dev-deps'}
{'statusCode': 0, 'package': '@0xsequence/abi_0.19.3', 'message': 'no deps or dev-deps'}
{'statusCode': 0, 'package': '@0xsequence/abi_0.21.0', 'message': 'no deps or dev-deps'}
{'statusCode': 0, 'package': '@0xsequence/abi_0.21.2', 'message': 'no deps or dev-deps'}
{'statusCode': 0, 'package': '@0xsequence/abi_0.21.3', 'message': 'no deps or dev-deps'}
{'statusCode': 0, 'package': '@0xsequence/abi_0.21.4', 'message': 'no deps or dev-deps'}
{'statusCode': 0, 'package': '@0xsequence/abi_0.21.5', 'message': 'no deps or dev-deps'}
{'statusCode': 0, 'package': '@0xsequence/abi_0.22.0', 'message': 'no deps or dev-deps'}
{'statusCode': 0, 'package': '@0xsequence/abi_0.22.1', 'message': 'no deps or dev-deps'}
{'statusCode': 0, 'package': '@0xsequence/abi_0.22.2', 'message': 'no deps or dev-deps'}
{'statusCode': 0, 'package': '@0xsequence/abi_0.23.0', 'message': 'no deps or dev-deps'}
{'statusCode': 0, 'package': '@0xsequence/abi_0.25.0', 'message': 'no deps or dev-deps'}
{'statusCode': 0, 'package': '@0xsequence/abi_0.25.1', 'message': 'no deps or dev-deps'}
{'statusCode': 0, 'package': '@0xsequence/abi_0.27.0', 'message': 'no deps or dev-deps'}
{'statusCode': 0, 'package': '@0xsequence/abi_0.28.0', 'message': 'no deps or dev-deps'}
{'statusCode': 0, 'package': '@0xsequence/abi_0.0.0-202182516517', 'message': 'no deps or dev-deps'}
{'statusCode': 0, 'package': '@0xsequence/abi_0.0.0-202182517435', 'message': 'no deps or dev-deps'}
{'statusCode': 0, 'package': '@0xsequence/abi_0.0.0-2021827201516', 'message': 'no deps or dev-deps'}
{'statusCode': 0, 'package': '@0xsequence/abi_0.29.0', 'message': 'no deps or dev-deps'}
{'statusCode': 0, 'package': '@0xsequence/abi_0.29.8', 'message': 'no deps or dev-deps'}
{'statusCode': 0, 'package': '@0xsequence/abi_0.30.0', 'message': 'no deps or dev-deps'}
{'statusCode': 0, 'package': '@0xsequence/abi_0.31.0', 'message': 'no deps or dev-deps'}
{'statusCode': 0, 'package': '@0xsequence/abi_0.34.0', 'message': 'no deps or dev-deps'}
{'statusCode': 0, 'package': '@0xsequence/abi_0.35.0', 'message': 'no deps or dev-deps'}
{'statusCode': 0, 'package': '@0xsequence/abi_0.35.1', 'message': 'no deps or dev-deps'}
{'statusCode': 0, 'package': '@0xsequence/abi_0.35.2', 'message': 'no deps or dev-deps'}
{'statusCode': 0, 'package': '@0xsequence/abi_0.35.3', 'message': 'no deps or dev-deps'}
{'statusCode': 0, 'package': '@0xsequence/abi_0.35.4', 'message': 'no deps or dev-deps'}
{'statusCode': 0, 'package': '@0xsequence/abi_0.35.5', 'message': 'no deps or dev-deps'}
{'statusCode': 0, 'package': '@0xsequence/abi_0.35.6', 'message': 'no deps or dev-deps'}
{'statusCode': 0, 'package': '@0xsequence/abi_0.35.7', 'message': 'no deps or dev-deps'}
{'statusCode': 0, 'package': '@0xsequence/abi_0.35.8', 'message': 'no deps or dev-deps'}
{'statusCode': 0, 'package': '@0xsequence/abi_0.35.9', 'message': 'no deps or dev-deps'}
{'statusCode': 0, 'package': '@0xsequence/abi_0.35.10', 'message': 'no deps or dev-deps'}
{'statusCode': 0, 'package': '@0xsequence/abi_0.35.11', 'message': 'no deps or dev-deps'}
{'statusCode': 0, 'package': '@0xsequence/abi_0.35.12', 'message': 'no deps or dev-deps'}
{'statusCode': 0, 'package': '@0xsequence/abi_0.36.0', 'message': 'no deps or dev-deps'}
{'statusCode': 0, 'package': '@0xsequence/abi_0.36.1', 'message': 'no deps or dev-deps'}
{'statusCode': 0, 'package': '@0xsequence/abi_0.36.2', 'message': 'no deps or dev-deps'}
{'statusCode': 0, 'package': '@0xsequence/abi_0.36.3', 'message': 'no deps or dev-deps'}
{'statusCode': 0, 'package': '@0xsequence/abi_0.36.4', 'message': 'no deps or dev-deps'}
{'statusCode': 0, 'package': '@0xsequence/abi_0.36.5', 'message': 'no deps or dev-deps'}
{'statusCode': 0, 'package': '@0xsequence/abi_0.36.6', 'message': 'no deps or dev-deps'}
{'statusCode': 0, 'package': '@0xsequence/abi_0.36.7', 'message': 'no deps or dev-deps'}
{'statusCode': 0, 'package': '@0xsequence/abi_0.36.8', 'message': 'no deps or dev-deps'}
{'statusCode': 0, 'package': '@0xsequence/abi_0.36.9', 'message': 'no deps or dev-deps'}
{'statusCode': 0, 'package': '@0xsequence/abi_0.36.10', 'message': 'no deps or dev-deps'}
{'statusCode': 0, 'package': '@0xsequence/abi_0.0.0-20220418165517', 'message': 'no deps or dev-deps'}
{'statusCode': 0, 'package': '@0xsequence/abi_0.36.11', 'message': 'no deps or dev-deps'}
{'statusCode': 0, 'package': '@0xsequence/abi_0.0.0-20220425195445', 'message': 'no deps or dev-deps'}
{'statusCode': 0, 'package': '@0xsequence/abi_0.36.12', 'message': 'no deps or dev-deps'}
{'statusCode': 0, 'package': '@0xsequence/abi_0.0.0-20220427054350', 'message': 'no deps or dev-deps'}
{'statusCode': 0, 'package': '@0xsequence/abi_0.0.0-20220427055332', 'message': 'no deps or dev-deps'}
{'statusCode': 0, 'package': '@0xsequence/abi_0.0.0-20220427161307', 'message': 'no deps or dev-deps'}
{'statusCode': 0, 'package': '@0xsequence/abi_0.0.0-20220427162812', 'message': 'no deps or dev-deps'}
{'statusCode': 0, 'package': '@0xsequence/abi_0.36.13', 'message': 'no deps or dev-deps'}
{'statusCode': 0, 'package': '@0xsequence/abi_0.37.0', 'message': 'no deps or dev-deps'}
{'statusCode': 0, 'package': '@0xsequence/abi_0.37.1', 'message': 'no deps or dev-deps'}
{'statusCode': 0, 'package': '@0xsequence/abi_0.0.0-20220506174803', 'message': 'no deps or dev-deps'}
{'statusCode': 0, 'package': '@0xsequence/abi_0.0.0-20220506195001', 'message': 'no deps or dev-deps'}
{'statusCode': 0, 'package': '@0xsequence/abi_0.0.0-20220513134147', 'message': 'no deps or dev-deps'}
{'statusCode': 0, 'package': '@0xsequence/abi_0.38.0', 'message': 'no deps or dev-deps'}
{'statusCode': 0, 'package': '@0xsequence/abi_0.38.1', 'message': 'no deps or dev-deps'}
{'statusCode': 0, 'package': '@0xsequence/abi_0.38.2', 'message': 'no deps or dev-deps'}
{'statusCode': 0, 'package': '@0xsequence/abi_0.39.0', 'message': 'no deps or dev-deps'}
{'statusCode': 0, 'package': '@0xsequence/abi_0.0.0-20220519151110', 'message': 'no deps or dev-deps'}
{'statusCode': 0, 'package': '@0xsequence/abi_0.0.0-20220519202656', 'message': 'no deps or dev-deps'}
{'statusCode': 0, 'package': '@0xsequence/abi_0.0.0-20220601185217', 'message': 'no deps or dev-deps'}
{'statusCode': 0, 'package': '@0xsequence/abi_0.39.1', 'message': 'no deps or dev-deps'}
{'statusCode': 0, 'package': '@0xsequence/abi_0.39.2', 'message': 'no deps or dev-deps'}
{'statusCode': 0, 'package': '@0xsequence/abi_0.0.0-20220609204505', 'message': 'no deps or dev-deps'}
{'statusCode': 0, 'package': '@0xsequence/abi_0.0.0-20220610134843', 'message': 'no deps or dev-deps'}
{'statusCode': 0, 'package': '@0xsequence/abi_0.39.3', 'message': 'no deps or dev-deps'}
{'statusCode': 0, 'package': '@0xsequence/abi_0.0.0-20220614152529', 'message': 'no deps or dev-deps'}
{'statusCode': 0, 'package': '@0xsequence/abi_0.0.0-20220616121217', 'message': 'no deps or dev-deps'}
{'statusCode': 0, 'package': '@0xsequence/abi_0.39.4', 'message': 'no deps or dev-deps'}
{'statusCode': 0, 'package': '@0xsequence/abi_0.39.5', 'message': 'no deps or dev-deps'}
{'statusCode': 0, 'package': '@0xsequence/abi_0.39.6', 'message': 'no deps or dev-deps'}
{'statusCode': 0, 'package': '@0xsequence/abi_0.0.0-26b08ee9-20220629135033', 'message': 'no deps or dev-deps'}
{'statusCode': 0, 'package': '@0xsequence/abi_0.0.0-cdbb3137-20220630190630', 'message': 'no deps or dev-deps'}
{'statusCode': 0, 'package': '@0xsequence/abi_0.0.0-cdbb3137-20220630191603', 'message': 'no deps or dev-deps'}
{'statusCode': 0, 'package': '@0xsequence/abi_0.0.0-cdbb3137-20220630192830', 'message': 'no deps or dev-deps'}
{'statusCode': 0, 'package': '@0xsequence/abi_0.0.0-20220630194654', 'message': 'no deps or dev-deps'}
{'statusCode': 0, 'package': '@0xsequence/abi_0.0.0-20220630211555', 'message': 'no deps or dev-deps'}
{'statusCode': 0, 'package': '@0xsequence/abi_0.0.0-20220630215108', 'message': 'no deps or dev-deps'}
{'statusCode': 0, 'package': '@0xsequence/abi_0.0.0-20220703182449', 'message': 'no deps or dev-deps'}
{'statusCode': 0, 'package': '@0xsequence/abi_0.0.0-20220704043930', 'message': 'no deps or dev-deps'}
{'statusCode': 0, 'package': '@0xsequence/abi_0.0.0-20220706193010', 'message': 'no deps or dev-deps'}
{'statusCode': 0, 'package': '@0xsequence/abi_0.0.0-20220710174545', 'message': 'no deps or dev-deps'}
{'statusCode': 0, 'package': '@0xsequence/abi_0.0.0-coolcats-0.36.12-20220711222640', 'message': 'no deps or dev-deps'}
{'statusCode': 0, 'package': '@0xsequence/abi_0.40.0', 'message': 'no deps or dev-deps'}
{'statusCode': 0, 'package': '@0xsequence/abi_0.40.1', 'message': 'no deps or dev-deps'}
{'statusCode': 0, 'package': '@0xsequence/abi_0.0.0-20220713211319', 'message': 'no deps or dev-deps'}
{'statusCode': 0, 'package': '@0xsequence/abi_0.0.0-20220714164224', 'message': 'no deps or dev-deps'}
{'statusCode': 0, 'package': '@0xsequence/abi_0.40.2', 'message': 'no deps or dev-deps'}
{'statusCode': 0, 'package': '@0xsequence/abi_0.0.0-20220719173737', 'message': 'no deps or dev-deps'}
{'statusCode': 0, 'package': '@0xsequence/abi_0.0.0-20220722145329', 'message': 'no deps or dev-deps'}
{'statusCode': 0, 'package': '@0xsequence/abi_0.0.0-20220725200200', 'message': 'no deps or dev-deps'}
{'statusCode': 0, 'package': '@0xsequence/abi_0.40.3', 'message': 'no deps or dev-deps'}
{'statusCode': 0, 'package': '@0xsequence/abi_0.0.0-20220728141414', 'message': 'no deps or dev-deps'}
{'statusCode': 0, 'package': '@0xsequence/abi_0.40.4', 'message': 'no deps or dev-deps'}
{'statusCode': 0, 'package': '@0xsequence/abi_0.0.0-20220728215555', 'message': 'no deps or dev-deps'}
{'statusCode': 0, 'package': '@0xsequence/abi_0.40.5', 'message': 'no deps or dev-deps'}
{'statusCode': 0, 'package': '@0xsequence/abi_0.0.0-20220804202525', 'message': 'no deps or dev-deps'}
{'statusCode': 0, 'package': '@0xsequence/abi_0.40.6', 'message': 'no deps or dev-deps'}
{'statusCode': 0, 'package': '@0xsequence/abi_0.0.0-20220825181818', 'message': 'no deps or dev-deps'}
{'statusCode': 0, 'package': '@0xsequence/abi_0.0.0-20220825190100', 'message': 'no deps or dev-deps'}
{'statusCode': 0, 'package': '@0xsequence/abi_0.41.0', 'message': 'no deps or dev-deps'}
{'statusCode': 0, 'package': '@0xsequence/abi_0.41.1', 'message': 'no deps or dev-deps'}
{'statusCode': 0, 'package': '@0xsequence/abi_0.41.2', 'message': 'no deps or dev-deps'}
{'statusCode': 0, 'package': '@0xsequence/abi_0.41.3', 'message': 'no deps or dev-deps'}
{'statusCode': 0, 'package': '@0xsequence/abi_0.42.0', 'message': 'no deps or dev-deps'}
{'statusCode': 0, 'package': '@0xsequence/abi_0.42.1', 'message': 'no deps or dev-deps'}
{'statusCode': 0, 'package': '@0xsequence/abi_0.42.2', 'message': 'no deps or dev-deps'}
{'statusCode': 0, 'package': '@0xsequence/abi_0.42.3', 'message': 'no deps or dev-deps'}
{'statusCode': 0, 'package': '@0xsequence/abi_0.42.4', 'message': 'no deps or dev-deps'}
{'statusCode': 0, 'package': '@0xsequence/abi_0.42.5', 'message': 'no deps or dev-deps'}
{'statusCode': 0, 'package': '@0xsequence/abi_0.42.6', 'message': 'no deps or dev-deps'}
{'statusCode': 0, 'package': '@0xsequence/abi_0.42.7', 'message': 'no deps or dev-deps'}
{'statusCode': 0, 'package': '@0xsequence/abi_0.42.8', 'message': 'no deps or dev-deps'}
{'statusCode': 0, 'package': '@0xsequence/abi_0.42.9', 'message': 'no deps or dev-deps'}
{'statusCode': 0, 'package': '@0xsequence/abi_0.42.10', 'message': 'no deps or dev-deps'}
{'statusCode': 0, 'package': '@0xsequence/abi_0.43.0', 'message': 'no deps or dev-deps'}
{'statusCode': 0, 'package': '@0xsequence/abi_0.43.1', 'message': 'no deps or dev-deps'}
{'statusCode': 0, 'package': '@0xsequence/abi_0.43.2', 'message': 'no deps or dev-deps'}
{'statusCode': 0, 'package': '@0xsequence/abi_0.43.3', 'message': 'no deps or dev-deps'}
{'statusCode': 0, 'package': '@0xsequence/abi_0.0.0-20221124173317', 'message': 'no deps or dev-deps'}
{'statusCode': 0, 'package': '@0xsequence/abi_0.43.4', 'message': 'no deps or dev-deps'}
{'statusCode': 0, 'package': '@0xsequence/abi_0.43.5', 'message': 'no deps or dev-deps'}
{'statusCode': 0, 'package': '@0xsequence/abi_0.43.6', 'message': 'no deps or dev-deps'}
{'statusCode': 0, 'package': '@0xsequence/abi_0.43.7', 'message': 'no deps or dev-deps'}
{'statusCode': 0, 'package': '@0xsequence/api_0.7.0', 'message': 'no deps or dev-deps'}
{'statusCode': 0, 'package': '@0xsequence/api_0.8.0', 'message': 'no deps or dev-deps'}
{'statusCode': 0, 'package': '@0xsequence/api_0.8.1', 'message': 'no deps or dev-deps'}
{'statusCode': 0, 'package': '@0xsequence/api_0.8.2', 'message': 'no deps or dev-deps'}
{'statusCode': 0, 'package': '@0xsequence/api_0.8.3', 'message': 'no deps or dev-deps'}
{'statusCode': 0, 'package': '@0xsequence/api_0.8.4', 'message': 'no deps or dev-deps'}
{'statusCode': 0, 'package': '@0xsequence/api_0.8.5', 'message': 'no deps or dev-deps'}
{'statusCode': 0, 'package': '@0xsequence/api_0.9.0', 'message': 'no deps or dev-deps'}
{'statusCode': 0, 'package': '@0xsequence/api_0.9.1', 'message': 'no deps or dev-deps'}
{'statusCode': 0, 'package': '@0xsequence/api_0.9.2', 'message': 'no deps or dev-deps'}
{'statusCode': 0, 'package': '@0xsequence/api_0.9.3', 'message': 'no deps or dev-deps'}
{'statusCode': 0, 'package': '@0xsequence/api_0.43.0', 'message': 'no deps or dev-deps'}
{'statusCode': 0, 'package': '@0xsequence/api_0.43.1', 'message': 'no deps or dev-deps'}
{'statusCode': 0, 'package': '@0xsequence/api_0.43.2', 'message': 'no deps or dev-deps'}
{'statusCode': 0, 'package': '@0xsequence/api_0.43.3', 'message': 'no deps or dev-deps'}
{'statusCode': 0, 'package': '@0xsequence/api_0.0.0-20221124173317', 'message': 'no deps or dev-deps'}
{'statusCode': 0, 'package': '@0xsequence/api_0.43.4', 'message': 'no deps or dev-deps'}
{'statusCode': 0, 'package': '@0xsequence/api_0.43.5', 'message': 'no deps or dev-deps'}
{'statusCode': 0, 'package': '@0xsequence/api_0.43.6', 'message': 'no deps or dev-deps'}
{'statusCode': 0, 'package': '@0xsequence/api_0.43.7', 'message': 'no deps or dev-deps'}
{'statusCode': 0, 'package': '@0xsequence/api_0.7.0', 'message': 'no deps or dev-deps'}
{'statusCode': 0, 'package': '@0xsequence/api_0.8.0', 'message': 'no deps or dev-deps'}
{'statusCode': 0, 'package': '@0xsequence/api_0.8.1', 'message': 'no deps or dev-deps'}
{'statusCode': 0, 'package': '@0xsequence/api_0.8.2', 'message': 'no deps or dev-deps'}
{'statusCode': 0, 'package': '@0xsequence/api_0.8.3', 'message': 'no deps or dev-deps'}
{'statusCode': 0, 'package': '@0xsequence/api_0.8.4', 'message': 'no deps or dev-deps'}
{'statusCode': 0, 'package': '@0xsequence/api_0.8.5', 'message': 'no deps or dev-deps'}
{'statusCode': 0, 'package': '@0xsequence/api_0.9.0', 'message': 'no deps or dev-deps'}
{'statusCode': 0, 'package': '@0xsequence/api_0.9.1', 'message': 'no deps or dev-deps'}
{'statusCode': 0, 'package': '@0xsequence/api_0.9.2', 'message': 'no deps or dev-deps'}
{'statusCode': 0, 'package': '@0xsequence/api_0.9.3', 'message': 'no deps or dev-deps'}
{'statusCode': 0, 'package': '@0xsequence/api_0.43.0', 'message': 'no deps or dev-deps'}
{'statusCode': 0, 'package': '@0xsequence/api_0.43.1', 'message': 'no deps or dev-deps'}
{'statusCode': 0, 'package': '@0xsequence/api_0.43.2', 'message': 'no deps or dev-deps'}
{'statusCode': 0, 'package': '@0xsequence/api_0.43.3', 'message': 'no deps or dev-deps'}
{'statusCode': 0, 'package': '@0xsequence/api_0.0.0-20221124173317', 'message': 'no deps or dev-deps'}
{'statusCode': 0, 'package': '@0xsequence/api_0.43.4', 'message': 'no deps or dev-deps'}
{'statusCode': 0, 'package': '@0xsequence/api_0.43.5', 'message': 'no deps or dev-deps'}
{'statusCode': 0, 'package': '@0xsequence/api_0.43.6', 'message': 'no deps or dev-deps'}
{'statusCode': 0, 'package': '@0xsequence/api_0.43.7', 'message': 'no deps or dev-deps'}
{'statusCode': 0, 'package': '@0xsequence/api_0.7.0', 'message': 'no deps or dev-deps'}
{'statusCode': 0, 'package': '@0xsequence/api_0.8.0', 'message': 'no deps or dev-deps'}
{'statusCode': 0, 'package': '@0xsequence/api_0.8.1', 'message': 'no deps or dev-deps'}
{'statusCode': 0, 'package': '@0xsequence/api_0.8.2', 'message': 'no deps or dev-deps'}
{'statusCode': 0, 'package': '@0xsequence/api_0.8.3', 'message': 'no deps or dev-deps'}
{'statusCode': 0, 'package': '@0xsequence/api_0.8.4', 'message': 'no deps or dev-deps'}
{'statusCode': 0, 'package': '@0xsequence/api_0.8.5', 'message': 'no deps or dev-deps'}
{'statusCode': 0, 'package': '@0xsequence/api_0.9.0', 'message': 'no deps or dev-deps'}
{'statusCode': 0, 'package': '@0xsequence/api_0.9.1', 'message': 'no deps or dev-deps'}
{'statusCode': 0, 'package': '@0xsequence/api_0.9.2', 'message': 'no deps or dev-deps'}
{'statusCode': 0, 'package': '@0xsequence/api_0.9.3', 'message': 'no deps or dev-deps'}
{'statusCode': 0, 'package': '@0xsequence/api_0.43.0', 'message': 'no deps or dev-deps'}
{'statusCode': 0, 'package': '@0xsequence/api_0.43.1', 'message': 'no deps or dev-deps'}
{'statusCode': 0, 'package': '@0xsequence/api_0.43.2', 'message': 'no deps or dev-deps'}
{'statusCode': 0, 'package': '@0xsequence/api_0.43.3', 'message': 'no deps or dev-deps'}
{'statusCode': 0, 'package': '@0xsequence/api_0.0.0-20221124173317', 'message': 'no deps or dev-deps'}
{'statusCode': 0, 'package': '@0xsequence/api_0.43.4', 'message': 'no deps or dev-deps'}
{'statusCode': 0, 'package': '@0xsequence/api_0.43.5', 'message': 'no deps or dev-deps'}
{'statusCode': 0, 'package': '@0xsequence/api_0.43.6', 'message': 'no deps or dev-deps'}
{'statusCode': 0, 'package': '@0xsequence/api_0.43.7', 'message': 'no deps or dev-deps'}
{'statusCode': 0, 'package': '@0xsequence/api_0.7.0', 'message': 'no deps or dev-deps'}
{'statusCode': 0, 'package': '@0xsequence/api_0.8.0', 'message': 'no deps or dev-deps'}
{'statusCode': 0, 'package': '@0xsequence/api_0.8.1', 'message': 'no deps or dev-deps'}
{'statusCode': 0, 'package': '@0xsequence/api_0.8.2', 'message': 'no deps or dev-deps'}
{'statusCode': 0, 'package': '@0xsequence/api_0.8.3', 'message': 'no deps or dev-deps'}
{'statusCode': 0, 'package': '@0xsequence/api_0.8.4', 'message': 'no deps or dev-deps'}
{'statusCode': 0, 'package': '@0xsequence/api_0.8.5', 'message': 'no deps or dev-deps'}
{'statusCode': 0, 'package': '@0xsequence/api_0.9.0', 'message': 'no deps or dev-deps'}
{'statusCode': 0, 'package': '@0xsequence/api_0.9.1', 'message': 'no deps or dev-deps'}
{'statusCode': 0, 'package': '@0xsequence/api_0.9.2', 'message': 'no deps or dev-deps'}
{'statusCode': 0, 'package': '@0xsequence/api_0.9.3', 'message': 'no deps or dev-deps'}
{'statusCode': 0, 'package': '@0xsequence/api_0.43.0', 'message': 'no deps or dev-deps'}
{'statusCode': 0, 'package': '@0xsequence/api_0.43.1', 'message': 'no deps or dev-deps'}
{'statusCode': 0, 'package': '@0xsequence/api_0.43.2', 'message': 'no deps or dev-deps'}
{'statusCode': 0, 'package': '@0xsequence/api_0.43.3', 'message': 'no deps or dev-deps'}
{'statusCode': 0, 'package': '@0xsequence/api_0.0.0-20221124173317', 'message': 'no deps or dev-deps'}
{'statusCode': 0, 'package': '@0xsequence/api_0.43.4', 'message': 'no deps or dev-deps'}
{'statusCode': 0, 'package': '@0xsequence/api_0.43.5', 'message': 'no deps or dev-deps'}
{'statusCode': 0, 'package': '@0xsequence/api_0.43.6', 'message': 'no deps or dev-deps'}
{'statusCode': 0, 'package': '@0xsequence/api_0.43.7', 'message': 'no deps or dev-deps'}
{'statusCode': 0, 'package': '@0xsequence/api_0.7.0', 'message': 'no deps or dev-deps'}
{'statusCode': 0, 'package': '@0xsequence/api_0.8.0', 'message': 'no deps or dev-deps'}
{'statusCode': 0, 'package': '@0xsequence/api_0.8.1', 'message': 'no deps or dev-deps'}
{'statusCode': 0, 'package': '@0xsequence/api_0.8.2', 'message': 'no deps or dev-deps'}
{'statusCode': 0, 'package': '@0xsequence/api_0.8.3', 'message': 'no deps or dev-deps'}
{'statusCode': 0, 'package': '@0xsequence/api_0.8.4', 'message': 'no deps or dev-deps'}
{'statusCode': 0, 'package': '@0xsequence/api_0.8.5', 'message': 'no deps or dev-deps'}
{'statusCode': 0, 'package': '@0xsequence/api_0.9.0', 'message': 'no deps or dev-deps'}
{'statusCode': 0, 'package': '@0xsequence/api_0.9.1', 'message': 'no deps or dev-deps'}
{'statusCode': 0, 'package': '@0xsequence/api_0.9.2', 'message': 'no deps or dev-deps'}
{'statusCode': 0, 'package': '@0xsequence/api_0.9.3', 'message': 'no deps or dev-deps'}
{'statusCode': 0, 'package': '@0xsequence/api_0.43.0', 'message': 'no deps or dev-deps'}
{'statusCode': 0, 'package': '@0xsequence/api_0.43.1', 'message': 'no deps or dev-deps'}
{'statusCode': 0, 'package': '@0xsequence/api_0.43.2', 'message': 'no deps or dev-deps'}
{'statusCode': 0, 'package': '@0xsequence/api_0.43.3', 'message': 'no deps or dev-deps'}
{'statusCode': 0, 'package': '@0xsequence/api_0.0.0-20221124173317', 'message': 'no deps or dev-deps'}
{'statusCode': 0, 'package': '@0xsequence/api_0.43.4', 'message': 'no deps or dev-deps'}
{'statusCode': 0, 'package': '@0xsequence/api_0.43.5', 'message': 'no deps or dev-deps'}
{'statusCode': 0, 'package': '@0xsequence/api_0.43.6', 'message': 'no deps or dev-deps'}
{'statusCode': 0, 'package': '@0xsequence/api_0.43.7', 'message': 'no deps or dev-deps'}
{'statusCode': 0, 'package': '@0xsequence/api_0.7.0', 'message': 'no deps or dev-deps'}
{'statusCode': 0, 'package': '@0xsequence/api_0.8.0', 'message': 'no deps or dev-deps'}
{'statusCode': 0, 'package': '@0xsequence/api_0.8.1', 'message': 'no deps or dev-deps'}
{'statusCode': 0, 'package': '@0xsequence/api_0.8.2', 'message': 'no deps or dev-deps'}
{'statusCode': 0, 'package': '@0xsequence/api_0.8.3', 'message': 'no deps or dev-deps'}
{'statusCode': 0, 'package': '@0xsequence/api_0.8.4', 'message': 'no deps or dev-deps'}
{'statusCode': 0, 'package': '@0xsequence/api_0.8.5', 'message': 'no deps or dev-deps'}
{'statusCode': 0, 'package': '@0xsequence/api_0.9.0', 'message': 'no deps or dev-deps'}
{'statusCode': 0, 'package': '@0xsequence/api_0.9.1', 'message': 'no deps or dev-deps'}
{'statusCode': 0, 'package': '@0xsequence/api_0.9.2', 'message': 'no deps or dev-deps'}
{'statusCode': 0, 'package': '@0xsequence/api_0.9.3', 'message': 'no deps or dev-deps'}
{'statusCode': 0, 'package': '@0xsequence/api_0.43.0', 'message': 'no deps or dev-deps'}
{'statusCode': 0, 'package': '@0xsequence/api_0.43.1', 'message': 'no deps or dev-deps'}
{'statusCode': 0, 'package': '@0xsequence/api_0.43.2', 'message': 'no deps or dev-deps'}
{'statusCode': 0, 'package': '@0xsequence/api_0.43.3', 'message': 'no deps or dev-deps'}
{'statusCode': 0, 'package': '@0xsequence/api_0.0.0-20221124173317', 'message': 'no deps or dev-deps'}
{'statusCode': 0, 'package': '@0xsequence/api_0.43.4', 'message': 'no deps or dev-deps'}
{'statusCode': 0, 'package': '@0xsequence/api_0.43.5', 'message': 'no deps or dev-deps'}
{'statusCode': 0, 'package': '@0xsequence/api_0.43.6', 'message': 'no deps or dev-deps'}
{'statusCode': 0, 'package': '@0xsequence/api_0.43.7', 'message': 'no deps or dev-deps'}
{'statusCode': 0, 'package': '@0xsequence/api_0.7.0', 'message': 'no deps or dev-deps'}
{'statusCode': 0, 'package': '@0xsequence/api_0.8.0', 'message': 'no deps or dev-deps'}
{'statusCode': 0, 'package': '@0xsequence/api_0.8.1', 'message': 'no deps or dev-deps'}
{'statusCode': 0, 'package': '@0xsequence/api_0.8.2', 'message': 'no deps or dev-deps'}
{'statusCode': 0, 'package': '@0xsequence/api_0.8.3', 'message': 'no deps or dev-deps'}
{'statusCode': 0, 'package': '@0xsequence/api_0.8.4', 'message': 'no deps or dev-deps'}
{'statusCode': 0, 'package': '@0xsequence/api_0.8.5', 'message': 'no deps or dev-deps'}
{'statusCode': 0, 'package': '@0xsequence/api_0.9.0', 'message': 'no deps or dev-deps'}
{'statusCode': 0, 'package': '@0xsequence/api_0.9.1', 'message': 'no deps or dev-deps'}
{'statusCode': 0, 'package': '@0xsequence/api_0.9.2', 'message': 'no deps or dev-deps'}
{'statusCode': 0, 'package': '@0xsequence/api_0.9.3', 'message': 'no deps or dev-deps'}
{'statusCode': 0, 'package': '@0xsequence/api_0.43.0', 'message': 'no deps or dev-deps'}
{'statusCode': 0, 'package': '@0xsequence/api_0.43.1', 'message': 'no deps or dev-deps'}
{'statusCode': 0, 'package': '@0xsequence/api_0.43.2', 'message': 'no deps or dev-deps'}
{'statusCode': 0, 'package': '@0xsequence/api_0.43.3', 'message': 'no deps or dev-deps'}
{'statusCode': 0, 'package': '@0xsequence/api_0.0.0-20221124173317', 'message': 'no deps or dev-deps'}
{'statusCode': 0, 'package': '@0xsequence/api_0.43.4', 'message': 'no deps or dev-deps'}
{'statusCode': 0, 'package': '@0xsequence/api_0.43.5', 'message': 'no deps or dev-deps'}
{'statusCode': 0, 'package': '@0xsequence/api_0.43.6', 'message': 'no deps or dev-deps'}
{'statusCode': 0, 'package': '@0xsequence/api_0.43.7', 'message': 'no deps or dev-deps'}
{'statusCode': 0, 'package': '@0xsequence/api_0.7.0', 'message': 'no deps or dev-deps'}
{'statusCode': 0, 'package': '@0xsequence/api_0.8.0', 'message': 'no deps or dev-deps'}
{'statusCode': 0, 'package': '@0xsequence/api_0.8.1', 'message': 'no deps or dev-deps'}
{'statusCode': 0, 'package': '@0xsequence/api_0.8.2', 'message': 'no deps or dev-deps'}
{'statusCode': 0, 'package': '@0xsequence/api_0.8.3', 'message': 'no deps or dev-deps'}
{'statusCode': 0, 'package': '@0xsequence/api_0.8.4', 'message': 'no deps or dev-deps'}
{'statusCode': 0, 'package': '@0xsequence/api_0.8.5', 'message': 'no deps or dev-deps'}
{'statusCode': 0, 'package': '@0xsequence/api_0.9.0', 'message': 'no deps or dev-deps'}
{'statusCode': 0, 'package': '@0xsequence/api_0.9.1', 'message': 'no deps or dev-deps'}
{'statusCode': 0, 'package': '@0xsequence/api_0.9.2', 'message': 'no deps or dev-deps'}
{'statusCode': 0, 'package': '@0xsequence/api_0.9.3', 'message': 'no deps or dev-deps'}
{'statusCode': 0, 'package': '@0xsequence/api_0.43.0', 'message': 'no deps or dev-deps'}
{'statusCode': 0, 'package': '@0xsequence/api_0.43.1', 'message': 'no deps or dev-deps'}
{'statusCode': 0, 'package': '@0xsequence/api_0.43.2', 'message': 'no deps or dev-deps'}
{'statusCode': 0, 'package': '@0xsequence/api_0.43.3', 'message': 'no deps or dev-deps'}
{'statusCode': 0, 'package': '@0xsequence/api_0.0.0-20221124173317', 'message': 'no deps or dev-deps'}
{'statusCode': 0, 'package': '@0xsequence/api_0.43.4', 'message': 'no deps or dev-deps'}
{'statusCode': 0, 'package': '@0xsequence/api_0.43.5', 'message': 'no deps or dev-deps'}
{'statusCode': 0, 'package': '@0xsequence/api_0.43.6', 'message': 'no deps or dev-deps'}
{'statusCode': 0, 'package': '@0xsequence/api_0.43.7', 'message': 'no deps or dev-deps'}
{'statusCode': 0, 'package': '@0xsequence/api_0.7.0', 'message': 'no deps or dev-deps'}
{'statusCode': 0, 'package': '@0xsequence/api_0.8.0', 'message': 'no deps or dev-deps'}
{'statusCode': 0, 'package': '@0xsequence/api_0.8.1', 'message': 'no deps or dev-deps'}
{'statusCode': 0, 'package': '@0xsequence/api_0.8.2', 'message': 'no deps or dev-deps'}
{'statusCode': 0, 'package': '@0xsequence/api_0.8.3', 'message': 'no deps or dev-deps'}
{'statusCode': 0, 'package': '@0xsequence/api_0.8.4', 'message': 'no deps or dev-deps'}
{'statusCode': 0, 'package': '@0xsequence/api_0.8.5', 'message': 'no deps or dev-deps'}
{'statusCode': 0, 'package': '@0xsequence/api_0.9.0', 'message': 'no deps or dev-deps'}
{'statusCode': 0, 'package': '@0xsequence/api_0.9.1', 'message': 'no deps or dev-deps'}
{'statusCode': 0, 'package': '@0xsequence/api_0.9.2', 'message': 'no deps or dev-deps'}
{'statusCode': 0, 'package': '@0xsequence/api_0.9.3', 'message': 'no deps or dev-deps'}
{'statusCode': 0, 'package': '@0xsequence/api_0.43.0', 'message': 'no deps or dev-deps'}
{'statusCode': 0, 'package': '@0xsequence/api_0.43.1', 'message': 'no deps or dev-deps'}
{'statusCode': 0, 'package': '@0xsequence/api_0.43.2', 'message': 'no deps or dev-deps'}
{'statusCode': 0, 'package': '@0xsequence/api_0.43.3', 'message': 'no deps or dev-deps'}
{'statusCode': 0, 'package': '@0xsequence/api_0.0.0-20221124173317', 'message': 'no deps or dev-deps'}
{'statusCode': 0, 'package': '@0xsequence/api_0.43.4', 'message': 'no deps or dev-deps'}
{'statusCode': 0, 'package': '@0xsequence/api_0.43.5', 'message': 'no deps or dev-deps'}
{'statusCode': 0, 'package': '@0xsequence/api_0.43.6', 'message': 'no deps or dev-deps'}
{'statusCode': 0, 'package': '@0xsequence/api_0.43.7', 'message': 'no deps or dev-deps'}
{'statusCode': 0, 'package': '@0xsequence/api_0.7.0', 'message': 'no deps or dev-deps'}
{'statusCode': 0, 'package': '@0xsequence/api_0.8.0', 'message': 'no deps or dev-deps'}
{'statusCode': 0, 'package': '@0xsequence/api_0.8.1', 'message': 'no deps or dev-deps'}
{'statusCode': 0, 'package': '@0xsequence/api_0.8.2', 'message': 'no deps or dev-deps'}
{'statusCode': 0, 'package': '@0xsequence/api_0.8.3', 'message': 'no deps or dev-deps'}
{'statusCode': 0, 'package': '@0xsequence/api_0.8.4', 'message': 'no deps or dev-deps'}
{'statusCode': 0, 'package': '@0xsequence/api_0.8.5', 'message': 'no deps or dev-deps'}
{'statusCode': 0, 'package': '@0xsequence/api_0.9.0', 'message': 'no deps or dev-deps'}
{'statusCode': 0, 'package': '@0xsequence/api_0.9.1', 'message': 'no deps or dev-deps'}
{'statusCode': 0, 'package': '@0xsequence/api_0.9.2', 'message': 'no deps or dev-deps'}
{'statusCode': 0, 'package': '@0xsequence/api_0.9.3', 'message': 'no deps or dev-deps'}
{'statusCode': 0, 'package': '@0xsequence/api_0.43.0', 'message': 'no deps or dev-deps'}
{'statusCode': 0, 'package': '@0xsequence/api_0.43.1', 'message': 'no deps or dev-deps'}
{'statusCode': 0, 'package': '@0xsequence/api_0.43.2', 'message': 'no deps or dev-deps'}
{'statusCode': 0, 'package': '@0xsequence/api_0.43.3', 'message': 'no deps or dev-deps'}
{'statusCode': 0, 'package': '@0xsequence/api_0.0.0-20221124173317', 'message': 'no deps or dev-deps'}
{'statusCode': 0, 'package': '@0xsequence/api_0.43.4', 'message': 'no deps or dev-deps'}
{'statusCode': 0, 'package': '@0xsequence/api_0.43.5', 'message': 'no deps or dev-deps'}
{'statusCode': 0, 'package': '@0xsequence/api_0.43.6', 'message': 'no deps or dev-deps'}
{'statusCode': 0, 'package': '@0xsequence/api_0.43.7', 'message': 'no deps or dev-deps'}
{'statusCode': 0, 'package': '@0xsequence/api_0.7.0', 'message': 'no deps or dev-deps'}
{'statusCode': 0, 'package': '@0xsequence/api_0.8.0', 'message': 'no deps or dev-deps'}
{'statusCode': 0, 'package': '@0xsequence/api_0.8.1', 'message': 'no deps or dev-deps'}
{'statusCode': 0, 'package': '@0xsequence/api_0.8.2', 'message': 'no deps or dev-deps'}
{'statusCode': 0, 'package': '@0xsequence/api_0.8.3', 'message': 'no deps or dev-deps'}
{'statusCode': 0, 'package': '@0xsequence/api_0.8.4', 'message': 'no deps or dev-deps'}
{'statusCode': 0, 'package': '@0xsequence/api_0.8.5', 'message': 'no deps or dev-deps'}
{'statusCode': 0, 'package': '@0xsequence/api_0.9.0', 'message': 'no deps or dev-deps'}
{'statusCode': 0, 'package': '@0xsequence/api_0.9.1', 'message': 'no deps or dev-deps'}
{'statusCode': 0, 'package': '@0xsequence/api_0.9.2', 'message': 'no deps or dev-deps'}
{'statusCode': 0, 'package': '@0xsequence/api_0.9.3', 'message': 'no deps or dev-deps'}
{'statusCode': 0, 'package': '@0xsequence/api_0.43.0', 'message': 'no deps or dev-deps'}
{'statusCode': 0, 'package': '@0xsequence/api_0.43.1', 'message': 'no deps or dev-deps'}
{'statusCode': 0, 'package': '@0xsequence/api_0.43.2', 'message': 'no deps or dev-deps'}
{'statusCode': 0, 'package': '@0xsequence/api_0.43.3', 'message': 'no deps or dev-deps'}
{'statusCode': 0, 'package': '@0xsequence/api_0.0.0-20221124173317', 'message': 'no deps or dev-deps'}
{'statusCode': 0, 'package': '@0xsequence/api_0.43.4', 'message': 'no deps or dev-deps'}
{'statusCode': 0, 'package': '@0xsequence/api_0.43.5', 'message': 'no deps or dev-deps'}
{'statusCode': 0, 'package': '@0xsequence/api_0.43.6', 'message': 'no deps or dev-deps'}
{'statusCode': 0, 'package': '@0xsequence/api_0.43.7', 'message': 'no deps or dev-deps'}
{'statusCode': 0, 'package': '@0xsequence/api_0.7.0', 'message': 'no deps or dev-deps'}
{'statusCode': 0, 'package': '@0xsequence/api_0.8.0', 'message': 'no deps or dev-deps'}
{'statusCode': 0, 'package': '@0xsequence/api_0.8.1', 'message': 'no deps or dev-deps'}
{'statusCode': 0, 'package': '@0xsequence/api_0.8.2', 'message': 'no deps or dev-deps'}
{'statusCode': 0, 'package': '@0xsequence/api_0.8.3', 'message': 'no deps or dev-deps'}
{'statusCode': 0, 'package': '@0xsequence/api_0.8.4', 'message': 'no deps or dev-deps'}
{'statusCode': 0, 'package': '@0xsequence/api_0.8.5', 'message': 'no deps or dev-deps'}
{'statusCode': 0, 'package': '@0xsequence/api_0.9.0', 'message': 'no deps or dev-deps'}
{'statusCode': 0, 'package': '@0xsequence/api_0.9.1', 'message': 'no deps or dev-deps'}
{'statusCode': 0, 'package': '@0xsequence/api_0.9.2', 'message': 'no deps or dev-deps'}
{'statusCode': 0, 'package': '@0xsequence/api_0.9.3', 'message': 'no deps or dev-deps'}
{'statusCode': 0, 'package': '@0xsequence/api_0.43.0', 'message': 'no deps or dev-deps'}
{'statusCode': 0, 'package': '@0xsequence/api_0.43.1', 'message': 'no deps or dev-deps'}
{'statusCode': 0, 'package': '@0xsequence/api_0.43.2', 'message': 'no deps or dev-deps'}
{'statusCode': 0, 'package': '@0xsequence/api_0.43.3', 'message': 'no deps or dev-deps'}
{'statusCode': 0, 'package': '@0xsequence/api_0.0.0-20221124173317', 'message': 'no deps or dev-deps'}
{'statusCode': 0, 'package': '@0xsequence/api_0.43.4', 'message': 'no deps or dev-deps'}
{'statusCode': 0, 'package': '@0xsequence/api_0.43.5', 'message': 'no deps or dev-deps'}
{'statusCode': 0, 'package': '@0xsequence/api_0.43.6', 'message': 'no deps or dev-deps'}
{'statusCode': 0, 'package': '@0xsequence/api_0.43.7', 'message': 'no deps or dev-deps'}
{'statusCode': 0, 'package': '@0xsequence/api_0.7.0', 'message': 'no deps or dev-deps'}
{'statusCode': 0, 'package': '@0xsequence/api_0.8.0', 'message': 'no deps or dev-deps'}
{'statusCode': 0, 'package': '@0xsequence/api_0.8.1', 'message': 'no deps or dev-deps'}
{'statusCode': 0, 'package': '@0xsequence/api_0.8.2', 'message': 'no deps or dev-deps'}
{'statusCode': 0, 'package': '@0xsequence/api_0.8.3', 'message': 'no deps or dev-deps'}
{'statusCode': 0, 'package': '@0xsequence/api_0.8.4', 'message': 'no deps or dev-deps'}
{'statusCode': 0, 'package': '@0xsequence/api_0.8.5', 'message': 'no deps or dev-deps'}
{'statusCode': 0, 'package': '@0xsequence/api_0.9.0', 'message': 'no deps or dev-deps'}
{'statusCode': 0, 'package': '@0xsequence/api_0.9.1', 'message': 'no deps or dev-deps'}
{'statusCode': 0, 'package': '@0xsequence/api_0.9.2', 'message': 'no deps or dev-deps'}
{'statusCode': 0, 'package': '@0xsequence/api_0.9.3', 'message': 'no deps or dev-deps'}
{'statusCode': 0, 'package': '@0xsequence/api_0.43.0', 'message': 'no deps or dev-deps'}
{'statusCode': 0, 'package': '@0xsequence/api_0.43.1', 'message': 'no deps or dev-deps'}
{'statusCode': 0, 'package': '@0xsequence/api_0.43.2', 'message': 'no deps or dev-deps'}
{'statusCode': 0, 'package': '@0xsequence/api_0.43.3', 'message': 'no deps or dev-deps'}
{'statusCode': 0, 'package': '@0xsequence/api_0.0.0-20221124173317', 'message': 'no deps or dev-deps'}
{'statusCode': 0, 'package': '@0xsequence/api_0.43.4', 'message': 'no deps or dev-deps'}
{'statusCode': 0, 'package': '@0xsequence/api_0.43.5', 'message': 'no deps or dev-deps'}
{'statusCode': 0, 'package': '@0xsequence/api_0.43.6', 'message': 'no deps or dev-deps'}
{'statusCode': 0, 'package': '@0xsequence/api_0.43.7', 'message': 'no deps or dev-deps'}
{'statusCode': 0, 'package': '@0xsequence/api_0.7.0', 'message': 'no deps or dev-deps'}
{'statusCode': 0, 'package': '@0xsequence/api_0.8.0', 'message': 'no deps or dev-deps'}
{'statusCode': 0, 'package': '@0xsequence/api_0.8.1', 'message': 'no deps or dev-deps'}
{'statusCode': 0, 'package': '@0xsequence/api_0.8.2', 'message': 'no deps or dev-deps'}
{'statusCode': 0, 'package': '@0xsequence/api_0.8.3', 'message': 'no deps or dev-deps'}
{'statusCode': 0, 'package': '@0xsequence/api_0.8.4', 'message': 'no deps or dev-deps'}
{'statusCode': 0, 'package': '@0xsequence/api_0.8.5', 'message': 'no deps or dev-deps'}
{'statusCode': 0, 'package': '@0xsequence/api_0.9.0', 'message': 'no deps or dev-deps'}
{'statusCode': 0, 'package': '@0xsequence/api_0.9.1', 'message': 'no deps or dev-deps'}
{'statusCode': 0, 'package': '@0xsequence/api_0.9.2', 'message': 'no deps or dev-deps'}
{'statusCode': 0, 'package': '@0xsequence/api_0.9.3', 'message': 'no deps or dev-deps'}
{'statusCode': 0, 'package': '@0xsequence/api_0.43.0', 'message': 'no deps or dev-deps'}
{'statusCode': 0, 'package': '@0xsequence/api_0.43.1', 'message': 'no deps or dev-deps'}
{'statusCode': 0, 'package': '@0xsequence/api_0.43.2', 'message': 'no deps or dev-deps'}
{'statusCode': 0, 'package': '@0xsequence/api_0.43.3', 'message': 'no deps or dev-deps'}
{'statusCode': 0, 'package': '@0xsequence/api_0.0.0-20221124173317', 'message': 'no deps or dev-deps'}
{'statusCode': 0, 'package': '@0xsequence/api_0.43.4', 'message': 'no deps or dev-deps'}
{'statusCode': 0, 'package': '@0xsequence/api_0.43.5', 'message': 'no deps or dev-deps'}
{'statusCode': 0, 'package': '@0xsequence/api_0.43.6', 'message': 'no deps or dev-deps'}
{'statusCode': 0, 'package': '@0xsequence/api_0.43.7', 'message': 'no deps or dev-deps'}
{'statusCode': 0, 'package': '@0xsequence/api_0.7.0', 'message': 'no deps or dev-deps'}
{'statusCode': 0, 'package': '@0xsequence/api_0.8.0', 'message': 'no deps or dev-deps'}
{'statusCode': 0, 'package': '@0xsequence/api_0.8.1', 'message': 'no deps or dev-deps'}
{'statusCode': 0, 'package': '@0xsequence/api_0.8.2', 'message': 'no deps or dev-deps'}
{'statusCode': 0, 'package': '@0xsequence/api_0.8.3', 'message': 'no deps or dev-deps'}
{'statusCode': 0, 'package': '@0xsequence/api_0.8.4', 'message': 'no deps or dev-deps'}
{'statusCode': 0, 'package': '@0xsequence/api_0.8.5', 'message': 'no deps or dev-deps'}
{'statusCode': 0, 'package': '@0xsequence/api_0.9.0', 'message': 'no deps or dev-deps'}
{'statusCode': 0, 'package': '@0xsequence/api_0.9.1', 'message': 'no deps or dev-deps'}
{'statusCode': 0, 'package': '@0xsequence/api_0.9.2', 'message': 'no deps or dev-deps'}
{'statusCode': 0, 'package': '@0xsequence/api_0.9.3', 'message': 'no deps or dev-deps'}
{'statusCode': 0, 'package': '@0xsequence/api_0.43.0', 'message': 'no deps or dev-deps'}
{'statusCode': 0, 'package': '@0xsequence/api_0.43.1', 'message': 'no deps or dev-deps'}
{'statusCode': 0, 'package': '@0xsequence/api_0.43.2', 'message': 'no deps or dev-deps'}
{'statusCode': 0, 'package': '@0xsequence/api_0.43.3', 'message': 'no deps or dev-deps'}
{'statusCode': 0, 'package': '@0xsequence/api_0.0.0-20221124173317', 'message': 'no deps or dev-deps'}
{'statusCode': 0, 'package': '@0xsequence/api_0.43.4', 'message': 'no deps or dev-deps'}
{'statusCode': 0, 'package': '@0xsequence/api_0.43.5', 'message': 'no deps or dev-deps'}
{'statusCode': 0, 'package': '@0xsequence/api_0.43.6', 'message': 'no deps or dev-deps'}
{'statusCode': 0, 'package': '@0xsequence/api_0.43.7', 'message': 'no deps or dev-deps'}
{'statusCode': 0, 'package': '@0xsequence/api_0.7.0', 'message': 'no deps or dev-deps'}
{'statusCode': 0, 'package': '@0xsequence/api_0.8.0', 'message': 'no deps or dev-deps'}
{'statusCode': 0, 'package': '@0xsequence/api_0.8.1', 'message': 'no deps or dev-deps'}
{'statusCode': 0, 'package': '@0xsequence/api_0.8.2', 'message': 'no deps or dev-deps'}
{'statusCode': 0, 'package': '@0xsequence/api_0.8.3', 'message': 'no deps or dev-deps'}
{'statusCode': 0, 'package': '@0xsequence/api_0.8.4', 'message': 'no deps or dev-deps'}
{'statusCode': 0, 'package': '@0xsequence/api_0.8.5', 'message': 'no deps or dev-deps'}
{'statusCode': 0, 'package': '@0xsequence/api_0.9.0', 'message': 'no deps or dev-deps'}
{'statusCode': 0, 'package': '@0xsequence/api_0.9.1', 'message': 'no deps or dev-deps'}
{'statusCode': 0, 'package': '@0xsequence/api_0.9.2', 'message': 'no deps or dev-deps'}
{'statusCode': 0, 'package': '@0xsequence/api_0.9.3', 'message': 'no deps or dev-deps'}
{'statusCode': 0, 'package': '@0xsequence/api_0.43.0', 'message': 'no deps or dev-deps'}
{'statusCode': 0, 'package': '@0xsequence/api_0.43.1', 'message': 'no deps or dev-deps'}
{'statusCode': 0, 'package': '@0xsequence/api_0.43.2', 'message': 'no deps or dev-deps'}
{'statusCode': 0, 'package': '@0xsequence/api_0.43.3', 'message': 'no deps or dev-deps'}
{'statusCode': 0, 'package': '@0xsequence/api_0.0.0-20221124173317', 'message': 'no deps or dev-deps'}
{'statusCode': 0, 'package': '@0xsequence/api_0.43.4', 'message': 'no deps or dev-deps'}
{'statusCode': 0, 'package': '@0xsequence/api_0.43.5', 'message': 'no deps or dev-deps'}
{'statusCode': 0, 'package': '@0xsequence/api_0.43.6', 'message': 'no deps or dev-deps'}
{'statusCode': 0, 'package': '@0xsequence/api_0.43.7', 'message': 'no deps or dev-deps'}
{'statusCode': 0, 'package': '@0xsequence/api_0.7.0', 'message': 'no deps or dev-deps'}
{'statusCode': 0, 'package': '@0xsequence/api_0.8.0', 'message': 'no deps or dev-deps'}
{'statusCode': 0, 'package': '@0xsequence/api_0.8.1', 'message': 'no deps or dev-deps'}
{'statusCode': 0, 'package': '@0xsequence/api_0.8.2', 'message': 'no deps or dev-deps'}
{'statusCode': 0, 'package': '@0xsequence/api_0.8.3', 'message': 'no deps or dev-deps'}
{'statusCode': 0, 'package': '@0xsequence/api_0.8.4', 'message': 'no deps or dev-deps'}
{'statusCode': 0, 'package': '@0xsequence/api_0.8.5', 'message': 'no deps or dev-deps'}
{'statusCode': 0, 'package': '@0xsequence/api_0.9.0', 'message': 'no deps or dev-deps'}
{'statusCode': 0, 'package': '@0xsequence/api_0.9.1', 'message': 'no deps or dev-deps'}
{'statusCode': 0, 'package': '@0xsequence/api_0.9.2', 'message': 'no deps or dev-deps'}
{'statusCode': 0, 'package': '@0xsequence/api_0.9.3', 'message': 'no deps or dev-deps'}
{'statusCode': 0, 'package': '@0xsequence/api_0.43.0', 'message': 'no deps or dev-deps'}
{'statusCode': 0, 'package': '@0xsequence/api_0.43.1', 'message': 'no deps or dev-deps'}
{'statusCode': 0, 'package': '@0xsequence/api_0.43.2', 'message': 'no deps or dev-deps'}
{'statusCode': 0, 'package': '@0xsequence/api_0.43.3', 'message': 'no deps or dev-deps'}
{'statusCode': 0, 'package': '@0xsequence/api_0.0.0-20221124173317', 'message': 'no deps or dev-deps'}
{'statusCode': 0, 'package': '@0xsequence/api_0.43.4', 'message': 'no deps or dev-deps'}
{'statusCode': 0, 'package': '@0xsequence/api_0.43.5', 'message': 'no deps or dev-deps'}
{'statusCode': 0, 'package': '@0xsequence/api_0.43.6', 'message': 'no deps or dev-deps'}
{'statusCode': 0, 'package': '@0xsequence/api_0.43.7', 'message': 'no deps or dev-deps'}
{'statusCode': 0, 'package': '@0xsequence/api_0.7.0', 'message': 'no deps or dev-deps'}
{'statusCode': 0, 'package': '@0xsequence/api_0.8.0', 'message': 'no deps or dev-deps'}
{'statusCode': 0, 'package': '@0xsequence/api_0.8.1', 'message': 'no deps or dev-deps'}
{'statusCode': 0, 'package': '@0xsequence/api_0.8.2', 'message': 'no deps or dev-deps'}
{'statusCode': 0, 'package': '@0xsequence/api_0.8.3', 'message': 'no deps or dev-deps'}
{'statusCode': 0, 'package': '@0xsequence/api_0.8.4', 'message': 'no deps or dev-deps'}
{'statusCode': 0, 'package': '@0xsequence/api_0.8.5', 'message': 'no deps or dev-deps'}
{'statusCode': 0, 'package': '@0xsequence/api_0.9.0', 'message': 'no deps or dev-deps'}
{'statusCode': 0, 'package': '@0xsequence/api_0.9.1', 'message': 'no deps or dev-deps'}
{'statusCode': 0, 'package': '@0xsequence/api_0.9.2', 'message': 'no deps or dev-deps'}
{'statusCode': 0, 'package': '@0xsequence/api_0.9.3', 'message': 'no deps or dev-deps'}
{'statusCode': 0, 'package': '@0xsequence/api_0.43.0', 'message': 'no deps or dev-deps'}
{'statusCode': 0, 'package': '@0xsequence/api_0.43.1', 'message': 'no deps or dev-deps'}
{'statusCode': 0, 'package': '@0xsequence/api_0.43.2', 'message': 'no deps or dev-deps'}
{'statusCode': 0, 'package': '@0xsequence/api_0.43.3', 'message': 'no deps or dev-deps'}
{'statusCode': 0, 'package': '@0xsequence/api_0.0.0-20221124173317', 'message': 'no deps or dev-deps'}
{'statusCode': 0, 'package': '@0xsequence/api_0.43.4', 'message': 'no deps or dev-deps'}
{'statusCode': 0, 'package': '@0xsequence/api_0.43.5', 'message': 'no deps or dev-deps'}
{'statusCode': 0, 'package': '@0xsequence/api_0.43.6', 'message': 'no deps or dev-deps'}
{'statusCode': 0, 'package': '@0xsequence/api_0.43.7', 'message': 'no deps or dev-deps'}
{'statusCode': 0, 'package': '@0xsequence/api_0.7.0', 'message': 'no deps or dev-deps'}
{'statusCode': 0, 'package': '@0xsequence/api_0.8.0', 'message': 'no deps or dev-deps'}
{'statusCode': 0, 'package': '@0xsequence/api_0.8.1', 'message': 'no deps or dev-deps'}
{'statusCode': 0, 'package': '@0xsequence/api_0.8.2', 'message': 'no deps or dev-deps'}
{'statusCode': 0, 'package': '@0xsequence/api_0.8.3', 'message': 'no deps or dev-deps'}
{'statusCode': 0, 'package': '@0xsequence/api_0.8.4', 'message': 'no deps or dev-deps'}
{'statusCode': 0, 'package': '@0xsequence/api_0.8.5', 'message': 'no deps or dev-deps'}
{'statusCode': 0, 'package': '@0xsequence/api_0.9.0', 'message': 'no deps or dev-deps'}
{'statusCode': 0, 'package': '@0xsequence/api_0.9.1', 'message': 'no deps or dev-deps'}
{'statusCode': 0, 'package': '@0xsequence/api_0.9.2', 'message': 'no deps or dev-deps'}
{'statusCode': 0, 'package': '@0xsequence/api_0.9.3', 'message': 'no deps or dev-deps'}
{'statusCode': 0, 'package': '@0xsequence/api_0.43.0', 'message': 'no deps or dev-deps'}
{'statusCode': 0, 'package': '@0xsequence/api_0.43.1', 'message': 'no deps or dev-deps'}
{'statusCode': 0, 'package': '@0xsequence/api_0.43.2', 'message': 'no deps or dev-deps'}
{'statusCode': 0, 'package': '@0xsequence/api_0.43.3', 'message': 'no deps or dev-deps'}
{'statusCode': 0, 'package': '@0xsequence/api_0.0.0-20221124173317', 'message': 'no deps or dev-deps'}
{'statusCode': 0, 'package': '@0xsequence/api_0.43.4', 'message': 'no deps or dev-deps'}
{'statusCode': 0, 'package': '@0xsequence/api_0.43.5', 'message': 'no deps or dev-deps'}
{'statusCode': 0, 'package': '@0xsequence/api_0.43.6', 'message': 'no deps or dev-deps'}
{'statusCode': 0, 'package': '@0xsequence/api_0.43.7', 'message': 'no deps or dev-deps'}
{'statusCode': 0, 'package': '@0xsequence/api_0.7.0', 'message': 'no deps or dev-deps'}
{'statusCode': 0, 'package': '@0xsequence/api_0.8.0', 'message': 'no deps or dev-deps'}
{'statusCode': 0, 'package': '@0xsequence/api_0.8.1', 'message': 'no deps or dev-deps'}
{'statusCode': 0, 'package': '@0xsequence/api_0.8.2', 'message': 'no deps or dev-deps'}
{'statusCode': 0, 'package': '@0xsequence/api_0.8.3', 'message': 'no deps or dev-deps'}
{'statusCode': 0, 'package': '@0xsequence/api_0.8.4', 'message': 'no deps or dev-deps'}
{'statusCode': 0, 'package': '@0xsequence/api_0.8.5', 'message': 'no deps or dev-deps'}
{'statusCode': 0, 'package': '@0xsequence/api_0.9.0', 'message': 'no deps or dev-deps'}
{'statusCode': 0, 'package': '@0xsequence/api_0.9.1', 'message': 'no deps or dev-deps'}
{'statusCode': 0, 'package': '@0xsequence/api_0.9.2', 'message': 'no deps or dev-deps'}
{'statusCode': 0, 'package': '@0xsequence/api_0.9.3', 'message': 'no deps or dev-deps'}
{'statusCode': 0, 'package': '@0xsequence/api_0.43.0', 'message': 'no deps or dev-deps'}
{'statusCode': 0, 'package': '@0xsequence/api_0.43.1', 'message': 'no deps or dev-deps'}
{'statusCode': 0, 'package': '@0xsequence/api_0.43.2', 'message': 'no deps or dev-deps'}
{'statusCode': 0, 'package': '@0xsequence/api_0.43.3', 'message': 'no deps or dev-deps'}
{'statusCode': 0, 'package': '@0xsequence/api_0.0.0-20221124173317', 'message': 'no deps or dev-deps'}
{'statusCode': 0, 'package': '@0xsequence/api_0.43.4', 'message': 'no deps or dev-deps'}
{'statusCode': 0, 'package': '@0xsequence/api_0.43.5', 'message': 'no deps or dev-deps'}
{'statusCode': 0, 'package': '@0xsequence/api_0.43.6', 'message': 'no deps or dev-deps'}
{'statusCode': 0, 'package': '@0xsequence/api_0.43.7', 'message': 'no deps or dev-deps'}
{'statusCode': 0, 'package': '@0xsequence/api_0.7.0', 'message': 'no deps or dev-deps'}
{'statusCode': 0, 'package': '@0xsequence/api_0.8.0', 'message': 'no deps or dev-deps'}
{'statusCode': 0, 'package': '@0xsequence/api_0.8.1', 'message': 'no deps or dev-deps'}
{'statusCode': 0, 'package': '@0xsequence/api_0.8.2', 'message': 'no deps or dev-deps'}
{'statusCode': 0, 'package': '@0xsequence/api_0.8.3', 'message': 'no deps or dev-deps'}
{'statusCode': 0, 'package': '@0xsequence/api_0.8.4', 'message': 'no deps or dev-deps'}
{'statusCode': 0, 'package': '@0xsequence/api_0.8.5', 'message': 'no deps or dev-deps'}
{'statusCode': 0, 'package': '@0xsequence/api_0.9.0', 'message': 'no deps or dev-deps'}
{'statusCode': 0, 'package': '@0xsequence/api_0.9.1', 'message': 'no deps or dev-deps'}
{'statusCode': 0, 'package': '@0xsequence/api_0.9.2', 'message': 'no deps or dev-deps'}
{'statusCode': 0, 'package': '@0xsequence/api_0.9.3', 'message': 'no deps or dev-deps'}
{'statusCode': 0, 'package': '@0xsequence/api_0.43.0', 'message': 'no deps or dev-deps'}
{'statusCode': 0, 'package': '@0xsequence/api_0.43.1', 'message': 'no deps or dev-deps'}
{'statusCode': 0, 'package': '@0xsequence/api_0.43.2', 'message': 'no deps or dev-deps'}
{'statusCode': 0, 'package': '@0xsequence/api_0.43.3', 'message': 'no deps or dev-deps'}
{'statusCode': 0, 'package': '@0xsequence/api_0.0.0-20221124173317', 'message': 'no deps or dev-deps'}
{'statusCode': 0, 'package': '@0xsequence/api_0.43.4', 'message': 'no deps or dev-deps'}
{'statusCode': 0, 'package': '@0xsequence/api_0.43.5', 'message': 'no deps or dev-deps'}
{'statusCode': 0, 'package': '@0xsequence/api_0.43.6', 'message': 'no deps or dev-deps'}
{'statusCode': 0, 'package': '@0xsequence/api_0.43.7', 'message': 'no deps or dev-deps'}
{'statusCode': 0, 'package': '@0xsequence/api_0.7.0', 'message': 'no deps or dev-deps'}
{'statusCode': 0, 'package': '@0xsequence/api_0.8.0', 'message': 'no deps or dev-deps'}
{'statusCode': 0, 'package': '@0xsequence/api_0.8.1', 'message': 'no deps or dev-deps'}
{'statusCode': 0, 'package': '@0xsequence/api_0.8.2', 'message': 'no deps or dev-deps'}
{'statusCode': 0, 'package': '@0xsequence/api_0.8.3', 'message': 'no deps or dev-deps'}
{'statusCode': 0, 'package': '@0xsequence/api_0.8.4', 'message': 'no deps or dev-deps'}
{'statusCode': 0, 'package': '@0xsequence/api_0.8.5', 'message': 'no deps or dev-deps'}
{'statusCode': 0, 'package': '@0xsequence/api_0.9.0', 'message': 'no deps or dev-deps'}
{'statusCode': 0, 'package': '@0xsequence/api_0.9.1', 'message': 'no deps or dev-deps'}
{'statusCode': 0, 'package': '@0xsequence/api_0.9.2', 'message': 'no deps or dev-deps'}
{'statusCode': 0, 'package': '@0xsequence/api_0.9.3', 'message': 'no deps or dev-deps'}
{'statusCode': 0, 'package': '@0xsequence/api_0.43.0', 'message': 'no deps or dev-deps'}
{'statusCode': 0, 'package': '@0xsequence/api_0.43.1', 'message': 'no deps or dev-deps'}
{'statusCode': 0, 'package': '@0xsequence/api_0.43.2', 'message': 'no deps or dev-deps'}
{'statusCode': 0, 'package': '@0xsequence/api_0.43.3', 'message': 'no deps or dev-deps'}
{'statusCode': 0, 'package': '@0xsequence/api_0.0.0-20221124173317', 'message': 'no deps or dev-deps'}
{'statusCode': 0, 'package': '@0xsequence/api_0.43.4', 'message': 'no deps or dev-deps'}
{'statusCode': 0, 'package': '@0xsequence/api_0.43.5', 'message': 'no deps or dev-deps'}
{'statusCode': 0, 'package': '@0xsequence/api_0.43.6', 'message': 'no deps or dev-deps'}
{'statusCode': 0, 'package': '@0xsequence/api_0.43.7', 'message': 'no deps or dev-deps'}
{'statusCode': 0, 'package': '@0xsequence/api_0.7.0', 'message': 'no deps or dev-deps'}
{'statusCode': 0, 'package': '@0xsequence/api_0.8.0', 'message': 'no deps or dev-deps'}
{'statusCode': 0, 'package': '@0xsequence/api_0.8.1', 'message': 'no deps or dev-deps'}
{'statusCode': 0, 'package': '@0xsequence/api_0.8.2', 'message': 'no deps or dev-deps'}
{'statusCode': 0, 'package': '@0xsequence/api_0.8.3', 'message': 'no deps or dev-deps'}
{'statusCode': 0, 'package': '@0xsequence/api_0.8.4', 'message': 'no deps or dev-deps'}
{'statusCode': 0, 'package': '@0xsequence/api_0.8.5', 'message': 'no deps or dev-deps'}
{'statusCode': 0, 'package': '@0xsequence/api_0.9.0', 'message': 'no deps or dev-deps'}
{'statusCode': 0, 'package': '@0xsequence/api_0.9.1', 'message': 'no deps or dev-deps'}
{'statusCode': 0, 'package': '@0xsequence/api_0.9.2', 'message': 'no deps or dev-deps'}
{'statusCode': 0, 'package': '@0xsequence/api_0.9.3', 'message': 'no deps or dev-deps'}
{'statusCode': 0, 'package': '@0xsequence/api_0.43.0', 'message': 'no deps or dev-deps'}
{'statusCode': 0, 'package': '@0xsequence/api_0.43.1', 'message': 'no deps or dev-deps'}
{'statusCode': 0, 'package': '@0xsequence/api_0.43.2', 'message': 'no deps or dev-deps'}
{'statusCode': 0, 'package': '@0xsequence/api_0.43.3', 'message': 'no deps or dev-deps'}
{'statusCode': 0, 'package': '@0xsequence/api_0.0.0-20221124173317', 'message': 'no deps or dev-deps'}
{'statusCode': 0, 'package': '@0xsequence/api_0.43.4', 'message': 'no deps or dev-deps'}
{'statusCode': 0, 'package': '@0xsequence/api_0.43.5', 'message': 'no deps or dev-deps'}
{'statusCode': 0, 'package': '@0xsequence/api_0.43.6', 'message': 'no deps or dev-deps'}
{'statusCode': 0, 'package': '@0xsequence/api_0.43.7', 'message': 'no deps or dev-deps'}
{'statusCode': 0, 'package': '@0xsequence/api_0.7.0', 'message': 'no deps or dev-deps'}
{'statusCode': 0, 'package': '@0xsequence/api_0.8.0', 'message': 'no deps or dev-deps'}
{'statusCode': 0, 'package': '@0xsequence/api_0.8.1', 'message': 'no deps or dev-deps'}
{'statusCode': 0, 'package': '@0xsequence/api_0.8.2', 'message': 'no deps or dev-deps'}
{'statusCode': 0, 'package': '@0xsequence/api_0.8.3', 'message': 'no deps or dev-deps'}
{'statusCode': 0, 'package': '@0xsequence/api_0.8.4', 'message': 'no deps or dev-deps'}
{'statusCode': 0, 'package': '@0xsequence/api_0.8.5', 'message': 'no deps or dev-deps'}
{'statusCode': 0, 'package': '@0xsequence/api_0.9.0', 'message': 'no deps or dev-deps'}
{'statusCode': 0, 'package': '@0xsequence/api_0.9.1', 'message': 'no deps or dev-deps'}
{'statusCode': 0, 'package': '@0xsequence/api_0.9.2', 'message': 'no deps or dev-deps'}
{'statusCode': 0, 'package': '@0xsequence/api_0.9.3', 'message': 'no deps or dev-deps'}
{'statusCode': 0, 'package': '@0xsequence/api_0.43.0', 'message': 'no deps or dev-deps'}
{'statusCode': 0, 'package': '@0xsequence/api_0.43.1', 'message': 'no deps or dev-deps'}
{'statusCode': 0, 'package': '@0xsequence/api_0.43.2', 'message': 'no deps or dev-deps'}
{'statusCode': 0, 'package': '@0xsequence/api_0.43.3', 'message': 'no deps or dev-deps'}
{'statusCode': 0, 'package': '@0xsequence/api_0.0.0-20221124173317', 'message': 'no deps or dev-deps'}
{'statusCode': 0, 'package': '@0xsequence/api_0.43.4', 'message': 'no deps or dev-deps'}
{'statusCode': 0, 'package': '@0xsequence/api_0.43.5', 'message': 'no deps or dev-deps'}
{'statusCode': 0, 'package': '@0xsequence/api_0.43.6', 'message': 'no deps or dev-deps'}
{'statusCode': 0, 'package': '@0xsequence/api_0.43.7', 'message': 'no deps or dev-deps'}
{'statusCode': 0, 'package': '@0xsequence/api_0.7.0', 'message': 'no deps or dev-deps'}
{'statusCode': 0, 'package': '@0xsequence/api_0.8.0', 'message': 'no deps or dev-deps'}
{'statusCode': 0, 'package': '@0xsequence/api_0.8.1', 'message': 'no deps or dev-deps'}
{'statusCode': 0, 'package': '@0xsequence/api_0.8.2', 'message': 'no deps or dev-deps'}
{'statusCode': 0, 'package': '@0xsequence/api_0.8.3', 'message': 'no deps or dev-deps'}
{'statusCode': 0, 'package': '@0xsequence/api_0.8.4', 'message': 'no deps or dev-deps'}
{'statusCode': 0, 'package': '@0xsequence/api_0.8.5', 'message': 'no deps or dev-deps'}
{'statusCode': 0, 'package': '@0xsequence/api_0.9.0', 'message': 'no deps or dev-deps'}
{'statusCode': 0, 'package': '@0xsequence/api_0.9.1', 'message': 'no deps or dev-deps'}
{'statusCode': 0, 'package': '@0xsequence/api_0.9.2', 'message': 'no deps or dev-deps'}
{'statusCode': 0, 'package': '@0xsequence/api_0.9.3', 'message': 'no deps or dev-deps'}
{'statusCode': 0, 'package': '@0xsequence/api_0.43.0', 'message': 'no deps or dev-deps'}
{'statusCode': 0, 'package': '@0xsequence/api_0.43.1', 'message': 'no deps or dev-deps'}
{'statusCode': 0, 'package': '@0xsequence/api_0.43.2', 'message': 'no deps or dev-deps'}
{'statusCode': 0, 'package': '@0xsequence/api_0.43.3', 'message': 'no deps or dev-deps'}
{'statusCode': 0, 'package': '@0xsequence/api_0.0.0-20221124173317', 'message': 'no deps or dev-deps'}
{'statusCode': 0, 'package': '@0xsequence/api_0.43.4', 'message': 'no deps or dev-deps'}
{'statusCode': 0, 'package': '@0xsequence/api_0.43.5', 'message': 'no deps or dev-deps'}
{'statusCode': 0, 'package': '@0xsequence/api_0.43.6', 'message': 'no deps or dev-deps'}
{'statusCode': 0, 'package': '@0xsequence/api_0.43.7', 'message': 'no deps or dev-deps'}
{'statusCode': 0, 'package': '@0xsequence/api_0.7.0', 'message': 'no deps or dev-deps'}
{'statusCode': 0, 'package': '@0xsequence/api_0.8.0', 'message': 'no deps or dev-deps'}
{'statusCode': 0, 'package': '@0xsequence/api_0.8.1', 'message': 'no deps or dev-deps'}
{'statusCode': 0, 'package': '@0xsequence/api_0.8.2', 'message': 'no deps or dev-deps'}
{'statusCode': 0, 'package': '@0xsequence/api_0.8.3', 'message': 'no deps or dev-deps'}
{'statusCode': 0, 'package': '@0xsequence/api_0.8.4', 'message': 'no deps or dev-deps'}
{'statusCode': 0, 'package': '@0xsequence/api_0.8.5', 'message': 'no deps or dev-deps'}
{'statusCode': 0, 'package': '@0xsequence/api_0.9.0', 'message': 'no deps or dev-deps'}
{'statusCode': 0, 'package': '@0xsequence/api_0.9.1', 'message': 'no deps or dev-deps'}
{'statusCode': 0, 'package': '@0xsequence/api_0.9.2', 'message': 'no deps or dev-deps'}
{'statusCode': 0, 'package': '@0xsequence/api_0.9.3', 'message': 'no deps or dev-deps'}
{'statusCode': 0, 'package': '@0xsequence/api_0.43.0', 'message': 'no deps or dev-deps'}
{'statusCode': 0, 'package': '@0xsequence/api_0.43.1', 'message': 'no deps or dev-deps'}
{'statusCode': 0, 'package': '@0xsequence/api_0.43.2', 'message': 'no deps or dev-deps'}
{'statusCode': 0, 'package': '@0xsequence/api_0.43.3', 'message': 'no deps or dev-deps'}
{'statusCode': 0, 'package': '@0xsequence/api_0.0.0-20221124173317', 'message': 'no deps or dev-deps'}
{'statusCode': 0, 'package': '@0xsequence/api_0.43.4', 'message': 'no deps or dev-deps'}
{'statusCode': 0, 'package': '@0xsequence/api_0.43.5', 'message': 'no deps or dev-deps'}
{'statusCode': 0, 'package': '@0xsequence/api_0.43.6', 'message': 'no deps or dev-deps'}
{'statusCode': 0, 'package': '@0xsequence/api_0.43.7', 'message': 'no deps or dev-deps'}
{'statusCode': 0, 'package': '@0xsequence/api_0.7.0', 'message': 'no deps or dev-deps'}
{'statusCode': 0, 'package': '@0xsequence/api_0.8.0', 'message': 'no deps or dev-deps'}
{'statusCode': 0, 'package': '@0xsequence/api_0.8.1', 'message': 'no deps or dev-deps'}
{'statusCode': 0, 'package': '@0xsequence/api_0.8.2', 'message': 'no deps or dev-deps'}
{'statusCode': 0, 'package': '@0xsequence/api_0.8.3', 'message': 'no deps or dev-deps'}
{'statusCode': 0, 'package': '@0xsequence/api_0.8.4', 'message': 'no deps or dev-deps'}
{'statusCode': 0, 'package': '@0xsequence/api_0.8.5', 'message': 'no deps or dev-deps'}
{'statusCode': 0, 'package': '@0xsequence/api_0.9.0', 'message': 'no deps or dev-deps'}
{'statusCode': 0, 'package': '@0xsequence/api_0.9.1', 'message': 'no deps or dev-deps'}
{'statusCode': 0, 'package': '@0xsequence/api_0.9.2', 'message': 'no deps or dev-deps'}
{'statusCode': 0, 'package': '@0xsequence/api_0.9.3', 'message': 'no deps or dev-deps'}
{'statusCode': 0, 'package': '@0xsequence/api_0.43.0', 'message': 'no deps or dev-deps'}
{'statusCode': 0, 'package': '@0xsequence/api_0.43.1', 'message': 'no deps or dev-deps'}
{'statusCode': 0, 'package': '@0xsequence/api_0.43.2', 'message': 'no deps or dev-deps'}
{'statusCode': 0, 'package': '@0xsequence/api_0.43.3', 'message': 'no deps or dev-deps'}
{'statusCode': 0, 'package': '@0xsequence/api_0.0.0-20221124173317', 'message': 'no deps or dev-deps'}
{'statusCode': 0, 'package': '@0xsequence/api_0.43.4', 'message': 'no deps or dev-deps'}
{'statusCode': 0, 'package': '@0xsequence/api_0.43.5', 'message': 'no deps or dev-deps'}
{'statusCode': 0, 'package': '@0xsequence/api_0.43.6', 'message': 'no deps or dev-deps'}
{'statusCode': 0, 'package': '@0xsequence/api_0.43.7', 'message': 'no deps or dev-deps'}
{'statusCode': 0, 'package': '@0xsequence/api_0.7.0', 'message': 'no deps or dev-deps'}
{'statusCode': 0, 'package': '@0xsequence/api_0.8.0', 'message': 'no deps or dev-deps'}
{'statusCode': 0, 'package': '@0xsequence/api_0.8.1', 'message': 'no deps or dev-deps'}
{'statusCode': 0, 'package': '@0xsequence/api_0.8.2', 'message': 'no deps or dev-deps'}
{'statusCode': 0, 'package': '@0xsequence/api_0.8.3', 'message': 'no deps or dev-deps'}
{'statusCode': 0, 'package': '@0xsequence/api_0.8.4', 'message': 'no deps or dev-deps'}
{'statusCode': 0, 'package': '@0xsequence/api_0.8.5', 'message': 'no deps or dev-deps'}
{'statusCode': 0, 'package': '@0xsequence/api_0.9.0', 'message': 'no deps or dev-deps'}
{'statusCode': 0, 'package': '@0xsequence/api_0.9.1', 'message': 'no deps or dev-deps'}
{'statusCode': 0, 'package': '@0xsequence/api_0.9.2', 'message': 'no deps or dev-deps'}
{'statusCode': 0, 'package': '@0xsequence/api_0.9.3', 'message': 'no deps or dev-deps'}
{'statusCode': 0, 'package': '@0xsequence/api_0.43.0', 'message': 'no deps or dev-deps'}
{'statusCode': 0, 'package': '@0xsequence/api_0.43.1', 'message': 'no deps or dev-deps'}
{'statusCode': 0, 'package': '@0xsequence/api_0.43.2', 'message': 'no deps or dev-deps'}
{'statusCode': 0, 'package': '@0xsequence/api_0.43.3', 'message': 'no deps or dev-deps'}
{'statusCode': 0, 'package': '@0xsequence/api_0.0.0-20221124173317', 'message': 'no deps or dev-deps'}
{'statusCode': 0, 'package': '@0xsequence/api_0.43.4', 'message': 'no deps or dev-deps'}
{'statusCode': 0, 'package': '@0xsequence/api_0.43.5', 'message': 'no deps or dev-deps'}
{'statusCode': 0, 'package': '@0xsequence/api_0.43.6', 'message': 'no deps or dev-deps'}
{'statusCode': 0, 'package': '@0xsequence/api_0.43.7', 'message': 'no deps or dev-deps'}
{'statusCode': 0, 'package': '@0xsequence/api_0.7.0', 'message': 'no deps or dev-deps'}
{'statusCode': 0, 'package': '@0xsequence/api_0.8.0', 'message': 'no deps or dev-deps'}
{'statusCode': 0, 'package': '@0xsequence/api_0.8.1', 'message': 'no deps or dev-deps'}
{'statusCode': 0, 'package': '@0xsequence/api_0.8.2', 'message': 'no deps or dev-deps'}
{'statusCode': 0, 'package': '@0xsequence/api_0.8.3', 'message': 'no deps or dev-deps'}
{'statusCode': 0, 'package': '@0xsequence/api_0.8.4', 'message': 'no deps or dev-deps'}
{'statusCode': 0, 'package': '@0xsequence/api_0.8.5', 'message': 'no deps or dev-deps'}
{'statusCode': 0, 'package': '@0xsequence/api_0.9.0', 'message': 'no deps or dev-deps'}
{'statusCode': 0, 'package': '@0xsequence/api_0.9.1', 'message': 'no deps or dev-deps'}
{'statusCode': 0, 'package': '@0xsequence/api_0.9.2', 'message': 'no deps or dev-deps'}
{'statusCode': 0, 'package': '@0xsequence/api_0.9.3', 'message': 'no deps or dev-deps'}
{'statusCode': 0, 'package': '@0xsequence/api_0.43.0', 'message': 'no deps or dev-deps'}
{'statusCode': 0, 'package': '@0xsequence/api_0.43.1', 'message': 'no deps or dev-deps'}
{'statusCode': 0, 'package': '@0xsequence/api_0.43.2', 'message': 'no deps or dev-deps'}
{'statusCode': 0, 'package': '@0xsequence/api_0.43.3', 'message': 'no deps or dev-deps'}
{'statusCode': 0, 'package': '@0xsequence/api_0.0.0-20221124173317', 'message': 'no deps or dev-deps'}
{'statusCode': 0, 'package': '@0xsequence/api_0.43.4', 'message': 'no deps or dev-deps'}
{'statusCode': 0, 'package': '@0xsequence/api_0.43.5', 'message': 'no deps or dev-deps'}
{'statusCode': 0, 'package': '@0xsequence/api_0.43.6', 'message': 'no deps or dev-deps'}
{'statusCode': 0, 'package': '@0xsequence/api_0.43.7', 'message': 'no deps or dev-deps'}
{'statusCode': 0, 'package': '@0xsequence/api_0.7.0', 'message': 'no deps or dev-deps'}
{'statusCode': 0, 'package': '@0xsequence/api_0.8.0', 'message': 'no deps or dev-deps'}
{'statusCode': 0, 'package': '@0xsequence/api_0.8.1', 'message': 'no deps or dev-deps'}
{'statusCode': 0, 'package': '@0xsequence/api_0.8.2', 'message': 'no deps or dev-deps'}
{'statusCode': 0, 'package': '@0xsequence/api_0.8.3', 'message': 'no deps or dev-deps'}
{'statusCode': 0, 'package': '@0xsequence/api_0.8.4', 'message': 'no deps or dev-deps'}
{'statusCode': 0, 'package': '@0xsequence/api_0.8.5', 'message': 'no deps or dev-deps'}
{'statusCode': 0, 'package': '@0xsequence/api_0.9.0', 'message': 'no deps or dev-deps'}
{'statusCode': 0, 'package': '@0xsequence/api_0.9.1', 'message': 'no deps or dev-deps'}
{'statusCode': 0, 'package': '@0xsequence/api_0.9.2', 'message': 'no deps or dev-deps'}
{'statusCode': 0, 'package': '@0xsequence/api_0.9.3', 'message': 'no deps or dev-deps'}
{'statusCode': 0, 'package': '@0xsequence/api_0.43.0', 'message': 'no deps or dev-deps'}
{'statusCode': 0, 'package': '@0xsequence/api_0.43.1', 'message': 'no deps or dev-deps'}
{'statusCode': 0, 'package': '@0xsequence/api_0.43.2', 'message': 'no deps or dev-deps'}
{'statusCode': 0, 'package': '@0xsequence/api_0.43.3', 'message': 'no deps or dev-deps'}
{'statusCode': 0, 'package': '@0xsequence/api_0.0.0-20221124173317', 'message': 'no deps or dev-deps'}
{'statusCode': 0, 'package': '@0xsequence/api_0.43.4', 'message': 'no deps or dev-deps'}
{'statusCode': 0, 'package': '@0xsequence/api_0.43.5', 'message': 'no deps or dev-deps'}
{'statusCode': 0, 'package': '@0xsequence/api_0.43.6', 'message': 'no deps or dev-deps'}
{'statusCode': 0, 'package': '@0xsequence/api_0.43.7', 'message': 'no deps or dev-deps'}
{'statusCode': 0, 'package': '@0xsequence/api_0.7.0', 'message': 'no deps or dev-deps'}
{'statusCode': 0, 'package': '@0xsequence/api_0.8.0', 'message': 'no deps or dev-deps'}
{'statusCode': 0, 'package': '@0xsequence/api_0.8.1', 'message': 'no deps or dev-deps'}
{'statusCode': 0, 'package': '@0xsequence/api_0.8.2', 'message': 'no deps or dev-deps'}
{'statusCode': 0, 'package': '@0xsequence/api_0.8.3', 'message': 'no deps or dev-deps'}
{'statusCode': 0, 'package': '@0xsequence/api_0.8.4', 'message': 'no deps or dev-deps'}
{'statusCode': 0, 'package': '@0xsequence/api_0.8.5', 'message': 'no deps or dev-deps'}
{'statusCode': 0, 'package': '@0xsequence/api_0.9.0', 'message': 'no deps or dev-deps'}
{'statusCode': 0, 'package': '@0xsequence/api_0.9.1', 'message': 'no deps or dev-deps'}
{'statusCode': 0, 'package': '@0xsequence/api_0.9.2', 'message': 'no deps or dev-deps'}
{'statusCode': 0, 'package': '@0xsequence/api_0.9.3', 'message': 'no deps or dev-deps'}
{'statusCode': 0, 'package': '@0xsequence/api_0.43.0', 'message': 'no deps or dev-deps'}
{'statusCode': 0, 'package': '@0xsequence/api_0.43.1', 'message': 'no deps or dev-deps'}
{'statusCode': 0, 'package': '@0xsequence/api_0.43.2', 'message': 'no deps or dev-deps'}
{'statusCode': 0, 'package': '@0xsequence/api_0.43.3', 'message': 'no deps or dev-deps'}
{'statusCode': 0, 'package': '@0xsequence/api_0.0.0-20221124173317', 'message': 'no deps or dev-deps'}
{'statusCode': 0, 'package': '@0xsequence/api_0.43.4', 'message': 'no deps or dev-deps'}
{'statusCode': 0, 'package': '@0xsequence/api_0.43.5', 'message': 'no deps or dev-deps'}
{'statusCode': 0, 'package': '@0xsequence/api_0.43.6', 'message': 'no deps or dev-deps'}
{'statusCode': 0, 'package': '@0xsequence/api_0.43.7', 'message': 'no deps or dev-deps'}
{'statusCode': 0, 'package': '@0xsequence/api_0.7.0', 'message': 'no deps or dev-deps'}
{'statusCode': 0, 'package': '@0xsequence/api_0.8.0', 'message': 'no deps or dev-deps'}
{'statusCode': 0, 'package': '@0xsequence/api_0.8.1', 'message': 'no deps or dev-deps'}
{'statusCode': 0, 'package': '@0xsequence/api_0.8.2', 'message': 'no deps or dev-deps'}
{'statusCode': 0, 'package': '@0xsequence/api_0.8.3', 'message': 'no deps or dev-deps'}
{'statusCode': 0, 'package': '@0xsequence/api_0.8.4', 'message': 'no deps or dev-deps'}
{'statusCode': 0, 'package': '@0xsequence/api_0.8.5', 'message': 'no deps or dev-deps'}
{'statusCode': 0, 'package': '@0xsequence/api_0.9.0', 'message': 'no deps or dev-deps'}
{'statusCode': 0, 'package': '@0xsequence/api_0.9.1', 'message': 'no deps or dev-deps'}
{'statusCode': 0, 'package': '@0xsequence/api_0.9.2', 'message': 'no deps or dev-deps'}
{'statusCode': 0, 'package': '@0xsequence/api_0.9.3', 'message': 'no deps or dev-deps'}
{'statusCode': 0, 'package': '@0xsequence/api_0.43.0', 'message': 'no deps or dev-deps'}
{'statusCode': 0, 'package': '@0xsequence/api_0.43.1', 'message': 'no deps or dev-deps'}
{'statusCode': 0, 'package': '@0xsequence/api_0.43.2', 'message': 'no deps or dev-deps'}
{'statusCode': 0, 'package': '@0xsequence/api_0.43.3', 'message': 'no deps or dev-deps'}
{'statusCode': 0, 'package': '@0xsequence/api_0.0.0-20221124173317', 'message': 'no deps or dev-deps'}
{'statusCode': 0, 'package': '@0xsequence/api_0.43.4', 'message': 'no deps or dev-deps'}
{'statusCode': 0, 'package': '@0xsequence/api_0.43.5', 'message': 'no deps or dev-deps'}
{'statusCode': 0, 'package': '@0xsequence/api_0.43.6', 'message': 'no deps or dev-deps'}
{'statusCode': 0, 'package': '@0xsequence/api_0.43.7', 'message': 'no deps or dev-deps'}
{'statusCode': 0, 'package': '@0xsequence/api_0.7.0', 'message': 'no deps or dev-deps'}
{'statusCode': 0, 'package': '@0xsequence/api_0.8.0', 'message': 'no deps or dev-deps'}
{'statusCode': 0, 'package': '@0xsequence/api_0.8.1', 'message': 'no deps or dev-deps'}
{'statusCode': 0, 'package': '@0xsequence/api_0.8.2', 'message': 'no deps or dev-deps'}
{'statusCode': 0, 'package': '@0xsequence/api_0.8.3', 'message': 'no deps or dev-deps'}
{'statusCode': 0, 'package': '@0xsequence/api_0.8.4', 'message': 'no deps or dev-deps'}
{'statusCode': 0, 'package': '@0xsequence/api_0.8.5', 'message': 'no deps or dev-deps'}
{'statusCode': 0, 'package': '@0xsequence/api_0.9.0', 'message': 'no deps or dev-deps'}
{'statusCode': 0, 'package': '@0xsequence/api_0.9.1', 'message': 'no deps or dev-deps'}
{'statusCode': 0, 'package': '@0xsequence/api_0.9.2', 'message': 'no deps or dev-deps'}
{'statusCode': 0, 'package': '@0xsequence/api_0.9.3', 'message': 'no deps or dev-deps'}
{'statusCode': 0, 'package': '@0xsequence/api_0.43.0', 'message': 'no deps or dev-deps'}
{'statusCode': 0, 'package': '@0xsequence/api_0.43.1', 'message': 'no deps or dev-deps'}
{'statusCode': 0, 'package': '@0xsequence/api_0.43.2', 'message': 'no deps or dev-deps'}
{'statusCode': 0, 'package': '@0xsequence/api_0.43.3', 'message': 'no deps or dev-deps'}
{'statusCode': 0, 'package': '@0xsequence/api_0.0.0-20221124173317', 'message': 'no deps or dev-deps'}
{'statusCode': 0, 'package': '@0xsequence/api_0.43.4', 'message': 'no deps or dev-deps'}
{'statusCode': 0, 'package': '@0xsequence/api_0.43.5', 'message': 'no deps or dev-deps'}
{'statusCode': 0, 'package': '@0xsequence/api_0.43.6', 'message': 'no deps or dev-deps'}
{'statusCode': 0, 'package': '@0xsequence/api_0.43.7', 'message': 'no deps or dev-deps'}
{'statusCode': 0, 'package': '@0xsequence/api_0.7.0', 'message': 'no deps or dev-deps'}
{'statusCode': 0, 'package': '@0xsequence/api_0.8.0', 'message': 'no deps or dev-deps'}
{'statusCode': 0, 'package': '@0xsequence/api_0.8.1', 'message': 'no deps or dev-deps'}
{'statusCode': 0, 'package': '@0xsequence/api_0.8.2', 'message': 'no deps or dev-deps'}
{'statusCode': 0, 'package': '@0xsequence/api_0.8.3', 'message': 'no deps or dev-deps'}
{'statusCode': 0, 'package': '@0xsequence/api_0.8.4', 'message': 'no deps or dev-deps'}
{'statusCode': 0, 'package': '@0xsequence/api_0.8.5', 'message': 'no deps or dev-deps'}
{'statusCode': 0, 'package': '@0xsequence/api_0.9.0', 'message': 'no deps or dev-deps'}
{'statusCode': 0, 'package': '@0xsequence/api_0.9.1', 'message': 'no deps or dev-deps'}
{'statusCode': 0, 'package': '@0xsequence/api_0.9.2', 'message': 'no deps or dev-deps'}
{'statusCode': 0, 'package': '@0xsequence/api_0.9.3', 'message': 'no deps or dev-deps'}
{'statusCode': 0, 'package': '@0xsequence/api_0.43.0', 'message': 'no deps or dev-deps'}
{'statusCode': 0, 'package': '@0xsequence/api_0.43.1', 'message': 'no deps or dev-deps'}
{'statusCode': 0, 'package': '@0xsequence/api_0.43.2', 'message': 'no deps or dev-deps'}
{'statusCode': 0, 'package': '@0xsequence/api_0.43.3', 'message': 'no deps or dev-deps'}
{'statusCode': 0, 'package': '@0xsequence/api_0.0.0-20221124173317', 'message': 'no deps or dev-deps'}
{'statusCode': 0, 'package': '@0xsequence/api_0.43.4', 'message': 'no deps or dev-deps'}
{'statusCode': 0, 'package': '@0xsequence/api_0.43.5', 'message': 'no deps or dev-deps'}
{'statusCode': 0, 'package': '@0xsequence/api_0.43.6', 'message': 'no deps or dev-deps'}
{'statusCode': 0, 'package': '@0xsequence/api_0.43.7', 'message': 'no deps or dev-deps'}
{'statusCode': 0, 'package': '@0xsequence/api_0.7.0', 'message': 'no deps or dev-deps'}
{'statusCode': 0, 'package': '@0xsequence/api_0.8.0', 'message': 'no deps or dev-deps'}
{'statusCode': 0, 'package': '@0xsequence/api_0.8.1', 'message': 'no deps or dev-deps'}
{'statusCode': 0, 'package': '@0xsequence/api_0.8.2', 'message': 'no deps or dev-deps'}
{'statusCode': 0, 'package': '@0xsequence/api_0.8.3', 'message': 'no deps or dev-deps'}
{'statusCode': 0, 'package': '@0xsequence/api_0.8.4', 'message': 'no deps or dev-deps'}
{'statusCode': 0, 'package': '@0xsequence/api_0.8.5', 'message': 'no deps or dev-deps'}
{'statusCode': 0, 'package': '@0xsequence/api_0.9.0', 'message': 'no deps or dev-deps'}
{'statusCode': 0, 'package': '@0xsequence/api_0.9.1', 'message': 'no deps or dev-deps'}
{'statusCode': 0, 'package': '@0xsequence/api_0.9.2', 'message': 'no deps or dev-deps'}
{'statusCode': 0, 'package': '@0xsequence/api_0.9.3', 'message': 'no deps or dev-deps'}
{'statusCode': 0, 'package': '@0xsequence/api_0.43.0', 'message': 'no deps or dev-deps'}
{'statusCode': 0, 'package': '@0xsequence/api_0.43.1', 'message': 'no deps or dev-deps'}
{'statusCode': 0, 'package': '@0xsequence/api_0.43.2', 'message': 'no deps or dev-deps'}
{'statusCode': 0, 'package': '@0xsequence/api_0.43.3', 'message': 'no deps or dev-deps'}
{'statusCode': 0, 'package': '@0xsequence/api_0.0.0-20221124173317', 'message': 'no deps or dev-deps'}
{'statusCode': 0, 'package': '@0xsequence/api_0.43.4', 'message': 'no deps or dev-deps'}
{'statusCode': 0, 'package': '@0xsequence/api_0.43.5', 'message': 'no deps or dev-deps'}
{'statusCode': 0, 'package': '@0xsequence/api_0.43.6', 'message': 'no deps or dev-deps'}
{'statusCode': 0, 'package': '@0xsequence/api_0.43.7', 'message': 'no deps or dev-deps'}
{'statusCode': 0, 'package': '@0xsequence/api_0.7.0', 'message': 'no deps or dev-deps'}
{'statusCode': 0, 'package': '@0xsequence/api_0.8.0', 'message': 'no deps or dev-deps'}
{'statusCode': 0, 'package': '@0xsequence/api_0.8.1', 'message': 'no deps or dev-deps'}
{'statusCode': 0, 'package': '@0xsequence/api_0.8.2', 'message': 'no deps or dev-deps'}
{'statusCode': 0, 'package': '@0xsequence/api_0.8.3', 'message': 'no deps or dev-deps'}
{'statusCode': 0, 'package': '@0xsequence/api_0.8.4', 'message': 'no deps or dev-deps'}
{'statusCode': 0, 'package': '@0xsequence/api_0.8.5', 'message': 'no deps or dev-deps'}
{'statusCode': 0, 'package': '@0xsequence/api_0.9.0', 'message': 'no deps or dev-deps'}
{'statusCode': 0, 'package': '@0xsequence/api_0.9.1', 'message': 'no deps or dev-deps'}
{'statusCode': 0, 'package': '@0xsequence/api_0.9.2', 'message': 'no deps or dev-deps'}
{'statusCode': 0, 'package': '@0xsequence/api_0.9.3', 'message': 'no deps or dev-deps'}
{'statusCode': 0, 'package': '@0xsequence/api_0.43.0', 'message': 'no deps or dev-deps'}
{'statusCode': 0, 'package': '@0xsequence/api_0.43.1', 'message': 'no deps or dev-deps'}
{'statusCode': 0, 'package': '@0xsequence/api_0.43.2', 'message': 'no deps or dev-deps'}
{'statusCode': 0, 'package': '@0xsequence/api_0.43.3', 'message': 'no deps or dev-deps'}
{'statusCode': 0, 'package': '@0xsequence/api_0.0.0-20221124173317', 'message': 'no deps or dev-deps'}
{'statusCode': 0, 'package': '@0xsequence/api_0.43.4', 'message': 'no deps or dev-deps'}
{'statusCode': 0, 'package': '@0xsequence/api_0.43.5', 'message': 'no deps or dev-deps'}
{'statusCode': 0, 'package': '@0xsequence/api_0.43.6', 'message': 'no deps or dev-deps'}
{'statusCode': 0, 'package': '@0xsequence/api_0.43.7', 'message': 'no deps or dev-deps'}
{'statusCode': 0, 'package': '@0xsequence/api_0.7.0', 'message': 'no deps or dev-deps'}
{'statusCode': 0, 'package': '@0xsequence/api_0.8.0', 'message': 'no deps or dev-deps'}
{'statusCode': 0, 'package': '@0xsequence/api_0.8.1', 'message': 'no deps or dev-deps'}
{'statusCode': 0, 'package': '@0xsequence/api_0.8.2', 'message': 'no deps or dev-deps'}
{'statusCode': 0, 'package': '@0xsequence/api_0.8.3', 'message': 'no deps or dev-deps'}
{'statusCode': 0, 'package': '@0xsequence/api_0.8.4', 'message': 'no deps or dev-deps'}
{'statusCode': 0, 'package': '@0xsequence/api_0.8.5', 'message': 'no deps or dev-deps'}
{'statusCode': 0, 'package': '@0xsequence/api_0.9.0', 'message': 'no deps or dev-deps'}
{'statusCode': 0, 'package': '@0xsequence/api_0.9.1', 'message': 'no deps or dev-deps'}
{'statusCode': 0, 'package': '@0xsequence/api_0.9.2', 'message': 'no deps or dev-deps'}
{'statusCode': 0, 'package': '@0xsequence/api_0.9.3', 'message': 'no deps or dev-deps'}
{'statusCode': 0, 'package': '@0xsequence/api_0.43.0', 'message': 'no deps or dev-deps'}
{'statusCode': 0, 'package': '@0xsequence/api_0.43.1', 'message': 'no deps or dev-deps'}
{'statusCode': 0, 'package': '@0xsequence/api_0.43.2', 'message': 'no deps or dev-deps'}
{'statusCode': 0, 'package': '@0xsequence/api_0.43.3', 'message': 'no deps or dev-deps'}
{'statusCode': 0, 'package': '@0xsequence/api_0.0.0-20221124173317', 'message': 'no deps or dev-deps'}
{'statusCode': 0, 'package': '@0xsequence/api_0.43.4', 'message': 'no deps or dev-deps'}
{'statusCode': 0, 'package': '@0xsequence/api_0.43.5', 'message': 'no deps or dev-deps'}
{'statusCode': 0, 'package': '@0xsequence/api_0.43.6', 'message': 'no deps or dev-deps'}
{'statusCode': 0, 'package': '@0xsequence/api_0.43.7', 'message': 'no deps or dev-deps'}
{'statusCode': 0, 'package': '@0xsequence/api_0.7.0', 'message': 'no deps or dev-deps'}
{'statusCode': 0, 'package': '@0xsequence/api_0.8.0', 'message': 'no deps or dev-deps'}
{'statusCode': 0, 'package': '@0xsequence/api_0.8.1', 'message': 'no deps or dev-deps'}
{'statusCode': 0, 'package': '@0xsequence/api_0.8.2', 'message': 'no deps or dev-deps'}
{'statusCode': 0, 'package': '@0xsequence/api_0.8.3', 'message': 'no deps or dev-deps'}
{'statusCode': 0, 'package': '@0xsequence/api_0.8.4', 'message': 'no deps or dev-deps'}
{'statusCode': 0, 'package': '@0xsequence/api_0.8.5', 'message': 'no deps or dev-deps'}
{'statusCode': 0, 'package': '@0xsequence/api_0.9.0', 'message': 'no deps or dev-deps'}
{'statusCode': 0, 'package': '@0xsequence/api_0.9.1', 'message': 'no deps or dev-deps'}
{'statusCode': 0, 'package': '@0xsequence/api_0.9.2', 'message': 'no deps or dev-deps'}
{'statusCode': 0, 'package': '@0xsequence/api_0.9.3', 'message': 'no deps or dev-deps'}
{'statusCode': 0, 'package': '@0xsequence/api_0.43.0', 'message': 'no deps or dev-deps'}
{'statusCode': 0, 'package': '@0xsequence/api_0.43.1', 'message': 'no deps or dev-deps'}
{'statusCode': 0, 'package': '@0xsequence/api_0.43.2', 'message': 'no deps or dev-deps'}
{'statusCode': 0, 'package': '@0xsequence/api_0.43.3', 'message': 'no deps or dev-deps'}
{'statusCode': 0, 'package': '@0xsequence/api_0.0.0-20221124173317', 'message': 'no deps or dev-deps'}
{'statusCode': 0, 'package': '@0xsequence/api_0.43.4', 'message': 'no deps or dev-deps'}
{'statusCode': 0, 'package': '@0xsequence/api_0.43.5', 'message': 'no deps or dev-deps'}
{'statusCode': 0, 'package': '@0xsequence/api_0.43.6', 'message': 'no deps or dev-deps'}
{'statusCode': 0, 'package': '@0xsequence/api_0.43.7', 'message': 'no deps or dev-deps'}
{'statusCode': 0, 'package': '@0xsequence/api_0.7.0', 'message': 'no deps or dev-deps'}
{'statusCode': 0, 'package': '@0xsequence/api_0.8.0', 'message': 'no deps or dev-deps'}
{'statusCode': 0, 'package': '@0xsequence/api_0.8.1', 'message': 'no deps or dev-deps'}
{'statusCode': 0, 'package': '@0xsequence/api_0.8.2', 'message': 'no deps or dev-deps'}
{'statusCode': 0, 'package': '@0xsequence/api_0.8.3', 'message': 'no deps or dev-deps'}
{'statusCode': 0, 'package': '@0xsequence/api_0.8.4', 'message': 'no deps or dev-deps'}
{'statusCode': 0, 'package': '@0xsequence/api_0.8.5', 'message': 'no deps or dev-deps'}
{'statusCode': 0, 'package': '@0xsequence/api_0.9.0', 'message': 'no deps or dev-deps'}
{'statusCode': 0, 'package': '@0xsequence/api_0.9.1', 'message': 'no deps or dev-deps'}
{'statusCode': 0, 'package': '@0xsequence/api_0.9.2', 'message': 'no deps or dev-deps'}
{'statusCode': 0, 'package': '@0xsequence/api_0.9.3', 'message': 'no deps or dev-deps'}
{'statusCode': 0, 'package': '@0xsequence/api_0.43.0', 'message': 'no deps or dev-deps'}
{'statusCode': 0, 'package': '@0xsequence/api_0.43.1', 'message': 'no deps or dev-deps'}
{'statusCode': 0, 'package': '@0xsequence/api_0.43.2', 'message': 'no deps or dev-deps'}
{'statusCode': 0, 'package': '@0xsequence/api_0.43.3', 'message': 'no deps or dev-deps'}
{'statusCode': 0, 'package': '@0xsequence/api_0.0.0-20221124173317', 'message': 'no deps or dev-deps'}
{'statusCode': 0, 'package': '@0xsequence/api_0.43.4', 'message': 'no deps or dev-deps'}
{'statusCode': 0, 'package': '@0xsequence/api_0.43.5', 'message': 'no deps or dev-deps'}
{'statusCode': 0, 'package': '@0xsequence/api_0.43.6', 'message': 'no deps or dev-deps'}
{'statusCode': 0, 'package': '@0xsequence/api_0.43.7', 'message': 'no deps or dev-deps'}
{'statusCode': 0, 'package': '@0xsequence/api_0.7.0', 'message': 'no deps or dev-deps'}
{'statusCode': 0, 'package': '@0xsequence/api_0.8.0', 'message': 'no deps or dev-deps'}
{'statusCode': 0, 'package': '@0xsequence/api_0.8.1', 'message': 'no deps or dev-deps'}
{'statusCode': 0, 'package': '@0xsequence/api_0.8.2', 'message': 'no deps or dev-deps'}
{'statusCode': 0, 'package': '@0xsequence/api_0.8.3', 'message': 'no deps or dev-deps'}
{'statusCode': 0, 'package': '@0xsequence/api_0.8.4', 'message': 'no deps or dev-deps'}
{'statusCode': 0, 'package': '@0xsequence/api_0.8.5', 'message': 'no deps or dev-deps'}
{'statusCode': 0, 'package': '@0xsequence/api_0.9.0', 'message': 'no deps or dev-deps'}
{'statusCode': 0, 'package': '@0xsequence/api_0.9.1', 'message': 'no deps or dev-deps'}
{'statusCode': 0, 'package': '@0xsequence/api_0.9.2', 'message': 'no deps or dev-deps'}
{'statusCode': 0, 'package': '@0xsequence/api_0.9.3', 'message': 'no deps or dev-deps'}
{'statusCode': 0, 'package': '@0xsequence/api_0.43.0', 'message': 'no deps or dev-deps'}
{'statusCode': 0, 'package': '@0xsequence/api_0.43.1', 'message': 'no deps or dev-deps'}
{'statusCode': 0, 'package': '@0xsequence/api_0.43.2', 'message': 'no deps or dev-deps'}
{'statusCode': 0, 'package': '@0xsequence/api_0.43.3', 'message': 'no deps or dev-deps'}
{'statusCode': 0, 'package': '@0xsequence/api_0.0.0-20221124173317', 'message': 'no deps or dev-deps'}
{'statusCode': 0, 'package': '@0xsequence/api_0.43.4', 'message': 'no deps or dev-deps'}
{'statusCode': 0, 'package': '@0xsequence/api_0.43.5', 'message': 'no deps or dev-deps'}
{'statusCode': 0, 'package': '@0xsequence/api_0.43.6', 'message': 'no deps or dev-deps'}
{'statusCode': 0, 'package': '@0xsequence/api_0.43.7', 'message': 'no deps or dev-deps'}
{'statusCode': 0, 'package': '@0xsequence/api_0.7.0', 'message': 'no deps or dev-deps'}
{'statusCode': 0, 'package': '@0xsequence/api_0.8.0', 'message': 'no deps or dev-deps'}
{'statusCode': 0, 'package': '@0xsequence/api_0.8.1', 'message': 'no deps or dev-deps'}
{'statusCode': 0, 'package': '@0xsequence/api_0.8.2', 'message': 'no deps or dev-deps'}
{'statusCode': 0, 'package': '@0xsequence/api_0.8.3', 'message': 'no deps or dev-deps'}
{'statusCode': 0, 'package': '@0xsequence/api_0.8.4', 'message': 'no deps or dev-deps'}
{'statusCode': 0, 'package': '@0xsequence/api_0.8.5', 'message': 'no deps or dev-deps'}
{'statusCode': 0, 'package': '@0xsequence/api_0.9.0', 'message': 'no deps or dev-deps'}
{'statusCode': 0, 'package': '@0xsequence/api_0.9.1', 'message': 'no deps or dev-deps'}
{'statusCode': 0, 'package': '@0xsequence/api_0.9.2', 'message': 'no deps or dev-deps'}
{'statusCode': 0, 'package': '@0xsequence/api_0.9.3', 'message': 'no deps or dev-deps'}
{'statusCode': 0, 'package': '@0xsequence/api_0.43.0', 'message': 'no deps or dev-deps'}
{'statusCode': 0, 'package': '@0xsequence/api_0.43.1', 'message': 'no deps or dev-deps'}
{'statusCode': 0, 'package': '@0xsequence/api_0.43.2', 'message': 'no deps or dev-deps'}
{'statusCode': 0, 'package': '@0xsequence/api_0.43.3', 'message': 'no deps or dev-deps'}
{'statusCode': 0, 'package': '@0xsequence/api_0.0.0-20221124173317', 'message': 'no deps or dev-deps'}
{'statusCode': 0, 'package': '@0xsequence/api_0.43.4', 'message': 'no deps or dev-deps'}
{'statusCode': 0, 'package': '@0xsequence/api_0.43.5', 'message': 'no deps or dev-deps'}
{'statusCode': 0, 'package': '@0xsequence/api_0.43.6', 'message': 'no deps or dev-deps'}
{'statusCode': 0, 'package': '@0xsequence/api_0.43.7', 'message': 'no deps or dev-deps'}
{'statusCode': 0, 'package': '@0xsequence/api_0.7.0', 'message': 'no deps or dev-deps'}
{'statusCode': 0, 'package': '@0xsequence/api_0.8.0', 'message': 'no deps or dev-deps'}
{'statusCode': 0, 'package': '@0xsequence/api_0.8.1', 'message': 'no deps or dev-deps'}
{'statusCode': 0, 'package': '@0xsequence/api_0.8.2', 'message': 'no deps or dev-deps'}
{'statusCode': 0, 'package': '@0xsequence/api_0.8.3', 'message': 'no deps or dev-deps'}
{'statusCode': 0, 'package': '@0xsequence/api_0.8.4', 'message': 'no deps or dev-deps'}
{'statusCode': 0, 'package': '@0xsequence/api_0.8.5', 'message': 'no deps or dev-deps'}
{'statusCode': 0, 'package': '@0xsequence/api_0.9.0', 'message': 'no deps or dev-deps'}
{'statusCode': 0, 'package': '@0xsequence/api_0.9.1', 'message': 'no deps or dev-deps'}
{'statusCode': 0, 'package': '@0xsequence/api_0.9.2', 'message': 'no deps or dev-deps'}
{'statusCode': 0, 'package': '@0xsequence/api_0.9.3', 'message': 'no deps or dev-deps'}
{'statusCode': 0, 'package': '@0xsequence/api_0.43.0', 'message': 'no deps or dev-deps'}
{'statusCode': 0, 'package': '@0xsequence/api_0.43.1', 'message': 'no deps or dev-deps'}
{'statusCode': 0, 'package': '@0xsequence/api_0.43.2', 'message': 'no deps or dev-deps'}
{'statusCode': 0, 'package': '@0xsequence/api_0.43.3', 'message': 'no deps or dev-deps'}
{'statusCode': 0, 'package': '@0xsequence/api_0.0.0-20221124173317', 'message': 'no deps or dev-deps'}
{'statusCode': 0, 'package': '@0xsequence/api_0.43.4', 'message': 'no deps or dev-deps'}
{'statusCode': 0, 'package': '@0xsequence/api_0.43.5', 'message': 'no deps or dev-deps'}
{'statusCode': 0, 'package': '@0xsequence/api_0.43.6', 'message': 'no deps or dev-deps'}
{'statusCode': 0, 'package': '@0xsequence/api_0.43.7', 'message': 'no deps or dev-deps'}
{'statusCode': 0, 'package': '@0xsequence/api_0.7.0', 'message': 'no deps or dev-deps'}
{'statusCode': 0, 'package': '@0xsequence/api_0.8.0', 'message': 'no deps or dev-deps'}
{'statusCode': 0, 'package': '@0xsequence/api_0.8.1', 'message': 'no deps or dev-deps'}
{'statusCode': 0, 'package': '@0xsequence/api_0.8.2', 'message': 'no deps or dev-deps'}
{'statusCode': 0, 'package': '@0xsequence/api_0.8.3', 'message': 'no deps or dev-deps'}
{'statusCode': 0, 'package': '@0xsequence/api_0.8.4', 'message': 'no deps or dev-deps'}
{'statusCode': 0, 'package': '@0xsequence/api_0.8.5', 'message': 'no deps or dev-deps'}
{'statusCode': 0, 'package': '@0xsequence/api_0.9.0', 'message': 'no deps or dev-deps'}
{'statusCode': 0, 'package': '@0xsequence/api_0.9.1', 'message': 'no deps or dev-deps'}
{'statusCode': 0, 'package': '@0xsequence/api_0.9.2', 'message': 'no deps or dev-deps'}
{'statusCode': 0, 'package': '@0xsequence/api_0.9.3', 'message': 'no deps or dev-deps'}
{'statusCode': 0, 'package': '@0xsequence/api_0.43.0', 'message': 'no deps or dev-deps'}
{'statusCode': 0, 'package': '@0xsequence/api_0.43.1', 'message': 'no deps or dev-deps'}
{'statusCode': 0, 'package': '@0xsequence/api_0.43.2', 'message': 'no deps or dev-deps'}
{'statusCode': 0, 'package': '@0xsequence/api_0.43.3', 'message': 'no deps or dev-deps'}
{'statusCode': 0, 'package': '@0xsequence/api_0.0.0-20221124173317', 'message': 'no deps or dev-deps'}
{'statusCode': 0, 'package': '@0xsequence/api_0.43.4', 'message': 'no deps or dev-deps'}
{'statusCode': 0, 'package': '@0xsequence/api_0.43.5', 'message': 'no deps or dev-deps'}
{'statusCode': 0, 'package': '@0xsequence/api_0.43.6', 'message': 'no deps or dev-deps'}
{'statusCode': 0, 'package': '@0xsequence/api_0.43.7', 'message': 'no deps or dev-deps'}
{'statusCode': 0, 'package': '@0xsequence/api_0.7.0', 'message': 'no deps or dev-deps'}
{'statusCode': 0, 'package': '@0xsequence/api_0.8.0', 'message': 'no deps or dev-deps'}
{'statusCode': 0, 'package': '@0xsequence/api_0.8.1', 'message': 'no deps or dev-deps'}
{'statusCode': 0, 'package': '@0xsequence/api_0.8.2', 'message': 'no deps or dev-deps'}
{'statusCode': 0, 'package': '@0xsequence/api_0.8.3', 'message': 'no deps or dev-deps'}
{'statusCode': 0, 'package': '@0xsequence/api_0.8.4', 'message': 'no deps or dev-deps'}
{'statusCode': 0, 'package': '@0xsequence/api_0.8.5', 'message': 'no deps or dev-deps'}
{'statusCode': 0, 'package': '@0xsequence/api_0.9.0', 'message': 'no deps or dev-deps'}
{'statusCode': 0, 'package': '@0xsequence/api_0.9.1', 'message': 'no deps or dev-deps'}
{'statusCode': 0, 'package': '@0xsequence/api_0.9.2', 'message': 'no deps or dev-deps'}
{'statusCode': 0, 'package': '@0xsequence/api_0.9.3', 'message': 'no deps or dev-deps'}
{'statusCode': 0, 'package': '@0xsequence/api_0.43.0', 'message': 'no deps or dev-deps'}
{'statusCode': 0, 'package': '@0xsequence/api_0.43.1', 'message': 'no deps or dev-deps'}
{'statusCode': 0, 'package': '@0xsequence/api_0.43.2', 'message': 'no deps or dev-deps'}
{'statusCode': 0, 'package': '@0xsequence/api_0.43.3', 'message': 'no deps or dev-deps'}
{'statusCode': 0, 'package': '@0xsequence/api_0.0.0-20221124173317', 'message': 'no deps or dev-deps'}
{'statusCode': 0, 'package': '@0xsequence/api_0.43.4', 'message': 'no deps or dev-deps'}
{'statusCode': 0, 'package': '@0xsequence/api_0.43.5', 'message': 'no deps or dev-deps'}
{'statusCode': 0, 'package': '@0xsequence/api_0.43.6', 'message': 'no deps or dev-deps'}
{'statusCode': 0, 'package': '@0xsequence/api_0.43.7', 'message': 'no deps or dev-deps'}
{'statusCode': 0, 'package': '@0xsequence/api_0.7.0', 'message': 'no deps or dev-deps'}
{'statusCode': 0, 'package': '@0xsequence/api_0.8.0', 'message': 'no deps or dev-deps'}
{'statusCode': 0, 'package': '@0xsequence/api_0.8.1', 'message': 'no deps or dev-deps'}
{'statusCode': 0, 'package': '@0xsequence/api_0.8.2', 'message': 'no deps or dev-deps'}
{'statusCode': 0, 'package': '@0xsequence/api_0.8.3', 'message': 'no deps or dev-deps'}
{'statusCode': 0, 'package': '@0xsequence/api_0.8.4', 'message': 'no deps or dev-deps'}
{'statusCode': 0, 'package': '@0xsequence/api_0.8.5', 'message': 'no deps or dev-deps'}
{'statusCode': 0, 'package': '@0xsequence/api_0.9.0', 'message': 'no deps or dev-deps'}
{'statusCode': 0, 'package': '@0xsequence/api_0.9.1', 'message': 'no deps or dev-deps'}
{'statusCode': 0, 'package': '@0xsequence/api_0.9.2', 'message': 'no deps or dev-deps'}
{'statusCode': 0, 'package': '@0xsequence/api_0.9.3', 'message': 'no deps or dev-deps'}
{'statusCode': 0, 'package': '@0xsequence/api_0.43.0', 'message': 'no deps or dev-deps'}
{'statusCode': 0, 'package': '@0xsequence/api_0.43.1', 'message': 'no deps or dev-deps'}
{'statusCode': 0, 'package': '@0xsequence/api_0.43.2', 'message': 'no deps or dev-deps'}
{'statusCode': 0, 'package': '@0xsequence/api_0.43.3', 'message': 'no deps or dev-deps'}
{'statusCode': 0, 'package': '@0xsequence/api_0.0.0-20221124173317', 'message': 'no deps or dev-deps'}
{'statusCode': 0, 'package': '@0xsequence/api_0.43.4', 'message': 'no deps or dev-deps'}
{'statusCode': 0, 'package': '@0xsequence/api_0.43.5', 'message': 'no deps or dev-deps'}
{'statusCode': 0, 'package': '@0xsequence/api_0.43.6', 'message': 'no deps or dev-deps'}
{'statusCode': 0, 'package': '@0xsequence/api_0.43.7', 'message': 'no deps or dev-deps'}
{'statusCode': 0, 'package': '@0xsequence/guard_0.7.0', 'message': 'no deps or dev-deps'}
{'statusCode': 0, 'package': '@0xsequence/guard_0.8.0', 'message': 'no deps or dev-deps'}
{'statusCode': 0, 'package': '@0xsequence/guard_0.8.1', 'message': 'no deps or dev-deps'}
{'statusCode': 0, 'package': '@0xsequence/guard_0.8.2', 'message': 'no deps or dev-deps'}
{'statusCode': 0, 'package': '@0xsequence/guard_0.8.3', 'message': 'no deps or dev-deps'}
{'statusCode': 0, 'package': '@0xsequence/guard_0.8.4', 'message': 'no deps or dev-deps'}
{'statusCode': 0, 'package': '@0xsequence/guard_0.8.5', 'message': 'no deps or dev-deps'}
{'statusCode': 0, 'package': '@0xsequence/guard_0.9.1', 'message': 'no deps or dev-deps'}
{'statusCode': 0, 'package': '@0xsequence/guard_0.9.3', 'message': 'no deps or dev-deps'}
{'statusCode': 0, 'package': '@0xsequence/guard_0.9.6', 'message': 'no deps or dev-deps'}
{'statusCode': 0, 'package': '@0xsequence/guard_0.10.0', 'message': 'no deps or dev-deps'}
{'statusCode': 0, 'package': '@0xsequence/guard_0.10.1', 'message': 'no deps or dev-deps'}
{'statusCode': 0, 'package': '@0xsequence/guard_0.10.2', 'message': 'no deps or dev-deps'}
{'statusCode': 0, 'package': '@0xsequence/guard_0.10.3', 'message': 'no deps or dev-deps'}
{'statusCode': 0, 'package': '@0xsequence/guard_0.10.4', 'message': 'no deps or dev-deps'}
{'statusCode': 0, 'package': '@0xsequence/guard_0.10.5', 'message': 'no deps or dev-deps'}
{'statusCode': 0, 'package': '@0xsequence/guard_0.10.6', 'message': 'no deps or dev-deps'}
{'statusCode': 0, 'package': '@0xsequence/guard_0.10.7', 'message': 'no deps or dev-deps'}
{'statusCode': 0, 'package': '@0xsequence/guard_0.10.8', 'message': 'no deps or dev-deps'}
{'statusCode': 0, 'package': '@0xsequence/guard_0.10.9', 'message': 'no deps or dev-deps'}
{'statusCode': 0, 'package': '@0xsequence/guard_0.11.0', 'message': 'no deps or dev-deps'}
{'statusCode': 0, 'package': '@0xsequence/guard_0.11.1', 'message': 'no deps or dev-deps'}
{'statusCode': 0, 'package': '@0xsequence/guard_0.11.2', 'message': 'no deps or dev-deps'}
{'statusCode': 0, 'package': '@0xsequence/guard_0.11.3', 'message': 'no deps or dev-deps'}
{'statusCode': 0, 'package': '@0xsequence/guard_0.11.4', 'message': 'no deps or dev-deps'}
{'statusCode': 0, 'package': '@0xsequence/guard_0.12.0', 'message': 'no deps or dev-deps'}
{'statusCode': 0, 'package': '@0xsequence/guard_0.12.1', 'message': 'no deps or dev-deps'}
{'statusCode': 0, 'package': '@0xsequence/guard_0.13.0', 'message': 'no deps or dev-deps'}
{'statusCode': 0, 'package': '@0xsequence/guard_0.14.0', 'message': 'no deps or dev-deps'}
{'statusCode': 0, 'package': '@0xsequence/guard_0.14.3', 'message': 'no deps or dev-deps'}
{'statusCode': 0, 'package': '@0xsequence/guard_0.15.1', 'message': 'no deps or dev-deps'}
{'statusCode': 0, 'package': '@0xsequence/guard_0.16.0', 'message': 'no deps or dev-deps'}
{'statusCode': 0, 'package': '@0xsequence/guard_0.18.0', 'message': 'no deps or dev-deps'}
{'statusCode': 0, 'package': '@0xsequence/guard_0.19.0', 'message': 'no deps or dev-deps'}
{'statusCode': 0, 'package': '@0xsequence/guard_0.19.3', 'message': 'no deps or dev-deps'}
{'statusCode': 0, 'package': '@0xsequence/guard_0.21.0', 'message': 'no deps or dev-deps'}
{'statusCode': 0, 'package': '@0xsequence/guard_0.21.2', 'message': 'no deps or dev-deps'}
{'statusCode': 0, 'package': '@0xsequence/guard_0.21.3', 'message': 'no deps or dev-deps'}
{'statusCode': 0, 'package': '@0xsequence/guard_0.21.4', 'message': 'no deps or dev-deps'}
{'statusCode': 0, 'package': '@0xsequence/guard_0.21.5', 'message': 'no deps or dev-deps'}
{'statusCode': 0, 'package': '@0xsequence/guard_0.22.0', 'message': 'no deps or dev-deps'}
{'statusCode': 0, 'package': '@0xsequence/guard_0.22.1', 'message': 'no deps or dev-deps'}
{'statusCode': 0, 'package': '@0xsequence/guard_0.22.2', 'message': 'no deps or dev-deps'}
{'statusCode': 0, 'package': '@0xsequence/guard_0.23.0', 'message': 'no deps or dev-deps'}
{'statusCode': 0, 'package': '@0xsequence/guard_0.25.0', 'message': 'no deps or dev-deps'}
{'statusCode': 0, 'package': '@0xsequence/guard_0.25.1', 'message': 'no deps or dev-deps'}
{'statusCode': 0, 'package': '@0xsequence/guard_0.27.0', 'message': 'no deps or dev-deps'}
{'statusCode': 0, 'package': '@0xsequence/guard_0.28.0', 'message': 'no deps or dev-deps'}
{'statusCode': 0, 'package': '@0xsequence/guard_0.0.0-2021827201516', 'message': 'no deps or dev-deps'}
{'statusCode': 0, 'package': '@0xsequence/guard_0.29.8', 'message': 'no deps or dev-deps'}
{'statusCode': 0, 'package': '@0xsequence/guard_0.30.0', 'message': 'no deps or dev-deps'}
{'statusCode': 0, 'package': '@0xsequence/guard_0.31.0', 'message': 'no deps or dev-deps'}
{'statusCode': 0, 'package': '@0xsequence/guard_0.34.0', 'message': 'no deps or dev-deps'}
{'statusCode': 0, 'package': '@0xsequence/guard_0.35.0', 'message': 'no deps or dev-deps'}
{'statusCode': 0, 'package': '@0xsequence/guard_0.35.1', 'message': 'no deps or dev-deps'}
{'statusCode': 0, 'package': '@0xsequence/guard_0.35.2', 'message': 'no deps or dev-deps'}
{'statusCode': 0, 'package': '@0xsequence/guard_0.35.3', 'message': 'no deps or dev-deps'}
{'statusCode': 0, 'package': '@0xsequence/guard_0.35.4', 'message': 'no deps or dev-deps'}
{'statusCode': 0, 'package': '@0xsequence/guard_0.35.5', 'message': 'no deps or dev-deps'}
{'statusCode': 0, 'package': '@0xsequence/guard_0.35.6', 'message': 'no deps or dev-deps'}
{'statusCode': 0, 'package': '@0xsequence/guard_0.35.7', 'message': 'no deps or dev-deps'}
{'statusCode': 0, 'package': '@0xsequence/guard_0.35.8', 'message': 'no deps or dev-deps'}
{'statusCode': 0, 'package': '@0xsequence/guard_0.35.9', 'message': 'no deps or dev-deps'}
{'statusCode': 0, 'package': '@0xsequence/guard_0.35.10', 'message': 'no deps or dev-deps'}
{'statusCode': 0, 'package': '@0xsequence/guard_0.35.11', 'message': 'no deps or dev-deps'}
{'statusCode': 0, 'package': '@0xsequence/guard_0.35.12', 'message': 'no deps or dev-deps'}
{'statusCode': 0, 'package': '@0xsequence/guard_0.36.0', 'message': 'no deps or dev-deps'}
{'statusCode': 0, 'package': '@0xsequence/guard_0.36.1', 'message': 'no deps or dev-deps'}
{'statusCode': 0, 'package': '@0xsequence/guard_0.36.2', 'message': 'no deps or dev-deps'}
{'statusCode': 0, 'package': '@0xsequence/guard_0.36.3', 'message': 'no deps or dev-deps'}
{'statusCode': 0, 'package': '@0xsequence/guard_0.36.4', 'message': 'no deps or dev-deps'}
{'statusCode': 0, 'package': '@0xsequence/guard_0.36.5', 'message': 'no deps or dev-deps'}
{'statusCode': 0, 'package': '@0xsequence/guard_0.36.6', 'message': 'no deps or dev-deps'}
{'statusCode': 0, 'package': '@0xsequence/guard_0.36.7', 'message': 'no deps or dev-deps'}
{'statusCode': 0, 'package': '@0xsequence/guard_0.36.8', 'message': 'no deps or dev-deps'}
{'statusCode': 0, 'package': '@0xsequence/guard_0.36.9', 'message': 'no deps or dev-deps'}
{'statusCode': 0, 'package': '@0xsequence/guard_0.36.10', 'message': 'no deps or dev-deps'}
{'statusCode': 0, 'package': '@0xsequence/guard_0.0.0-20220418165517', 'message': 'no deps or dev-deps'}
{'statusCode': 0, 'package': '@0xsequence/guard_0.36.11', 'message': 'no deps or dev-deps'}
{'statusCode': 0, 'package': '@0xsequence/guard_0.0.0-20220425195445', 'message': 'no deps or dev-deps'}
{'statusCode': 0, 'package': '@0xsequence/guard_0.36.12', 'message': 'no deps or dev-deps'}
{'statusCode': 0, 'package': '@0xsequence/guard_0.0.0-20220427054350', 'message': 'no deps or dev-deps'}
{'statusCode': 0, 'package': '@0xsequence/guard_0.0.0-20220427055332', 'message': 'no deps or dev-deps'}
{'statusCode': 0, 'package': '@0xsequence/guard_0.0.0-20220427161307', 'message': 'no deps or dev-deps'}
{'statusCode': 0, 'package': '@0xsequence/guard_0.0.0-20220427162812', 'message': 'no deps or dev-deps'}
{'statusCode': 0, 'package': '@0xsequence/guard_0.36.13', 'message': 'no deps or dev-deps'}
{'statusCode': 0, 'package': '@0xsequence/guard_0.37.0', 'message': 'no deps or dev-deps'}
{'statusCode': 0, 'package': '@0xsequence/guard_0.37.1', 'message': 'no deps or dev-deps'}
{'statusCode': 0, 'package': '@0xsequence/guard_0.0.0-20220506174803', 'message': 'no deps or dev-deps'}
{'statusCode': 0, 'package': '@0xsequence/guard_0.0.0-20220506195001', 'message': 'no deps or dev-deps'}
{'statusCode': 0, 'package': '@0xsequence/guard_0.0.0-20220513134147', 'message': 'no deps or dev-deps'}
{'statusCode': 0, 'package': '@0xsequence/guard_0.38.0', 'message': 'no deps or dev-deps'}
{'statusCode': 0, 'package': '@0xsequence/guard_0.38.1', 'message': 'no deps or dev-deps'}
{'statusCode': 0, 'package': '@0xsequence/guard_0.38.2', 'message': 'no deps or dev-deps'}
{'statusCode': 0, 'package': '@0xsequence/guard_0.39.0', 'message': 'no deps or dev-deps'}
{'statusCode': 0, 'package': '@0xsequence/guard_0.0.0-20220519151110', 'message': 'no deps or dev-deps'}
{'statusCode': 0, 'package': '@0xsequence/guard_0.0.0-20220519202656', 'message': 'no deps or dev-deps'}
{'statusCode': 0, 'package': '@0xsequence/guard_0.0.0-20220601185217', 'message': 'no deps or dev-deps'}
{'statusCode': 0, 'package': '@0xsequence/guard_0.39.1', 'message': 'no deps or dev-deps'}
{'statusCode': 0, 'package': '@0xsequence/guard_0.39.2', 'message': 'no deps or dev-deps'}
{'statusCode': 0, 'package': '@0xsequence/guard_0.0.0-20220609204505', 'message': 'no deps or dev-deps'}
{'statusCode': 0, 'package': '@0xsequence/guard_0.0.0-20220610134843', 'message': 'no deps or dev-deps'}
{'statusCode': 0, 'package': '@0xsequence/guard_0.39.3', 'message': 'no deps or dev-deps'}
{'statusCode': 0, 'package': '@0xsequence/guard_0.0.0-20220614152529', 'message': 'no deps or dev-deps'}
{'statusCode': 0, 'package': '@0xsequence/guard_0.0.0-20220616121217', 'message': 'no deps or dev-deps'}
{'statusCode': 0, 'package': '@0xsequence/guard_0.39.4', 'message': 'no deps or dev-deps'}
{'statusCode': 0, 'package': '@0xsequence/guard_0.39.5', 'message': 'no deps or dev-deps'}
{'statusCode': 0, 'package': '@0xsequence/guard_0.39.6', 'message': 'no deps or dev-deps'}
{'statusCode': 0, 'package': '@0xsequence/guard_0.0.0-26b08ee9-20220629135033', 'message': 'no deps or dev-deps'}
{'statusCode': 0, 'package': '@0xsequence/guard_0.0.0-cdbb3137-20220630190630', 'message': 'no deps or dev-deps'}
{'statusCode': 0, 'package': '@0xsequence/guard_0.0.0-cdbb3137-20220630191603', 'message': 'no deps or dev-deps'}
{'statusCode': 0, 'package': '@0xsequence/guard_0.0.0-cdbb3137-20220630192830', 'message': 'no deps or dev-deps'}
{'statusCode': 0, 'package': '@0xsequence/guard_0.0.0-20220630194654', 'message': 'no deps or dev-deps'}
{'statusCode': 0, 'package': '@0xsequence/guard_0.0.0-20220630211555', 'message': 'no deps or dev-deps'}
{'statusCode': 0, 'package': '@0xsequence/guard_0.0.0-20220630215108', 'message': 'no deps or dev-deps'}
{'statusCode': 0, 'package': '@0xsequence/guard_0.0.0-20220703182449', 'message': 'no deps or dev-deps'}
{'statusCode': 0, 'package': '@0xsequence/guard_0.0.0-20220704043930', 'message': 'no deps or dev-deps'}
{'statusCode': 0, 'package': '@0xsequence/guard_0.0.0-20220706193010', 'message': 'no deps or dev-deps'}
{'statusCode': 0, 'package': '@0xsequence/guard_0.0.0-20220710174545', 'message': 'no deps or dev-deps'}
{'statusCode': 0, 'package': '@0xsequence/guard_0.0.0-coolcats-0.36.12-20220711222640', 'message': 'no deps or dev-deps'}
{'statusCode': 0, 'package': '@0xsequence/guard_0.40.0', 'message': 'no deps or dev-deps'}
{'statusCode': 0, 'package': '@0xsequence/guard_0.40.1', 'message': 'no deps or dev-deps'}
{'statusCode': 0, 'package': '@0xsequence/guard_0.0.0-20220713211319', 'message': 'no deps or dev-deps'}
{'statusCode': 0, 'package': '@0xsequence/guard_0.0.0-20220714164224', 'message': 'no deps or dev-deps'}
{'statusCode': 0, 'package': '@0xsequence/guard_0.40.2', 'message': 'no deps or dev-deps'}
{'statusCode': 0, 'package': '@0xsequence/guard_0.0.0-20220719173737', 'message': 'no deps or dev-deps'}
{'statusCode': 0, 'package': '@0xsequence/guard_0.0.0-20220722145329', 'message': 'no deps or dev-deps'}
{'statusCode': 0, 'package': '@0xsequence/guard_0.0.0-20220725200200', 'message': 'no deps or dev-deps'}
{'statusCode': 0, 'package': '@0xsequence/guard_0.40.3', 'message': 'no deps or dev-deps'}
{'statusCode': 0, 'package': '@0xsequence/guard_0.0.0-20220728141414', 'message': 'no deps or dev-deps'}
{'statusCode': 0, 'package': '@0xsequence/guard_0.40.4', 'message': 'no deps or dev-deps'}
{'statusCode': 0, 'package': '@0xsequence/guard_0.0.0-20220728215555', 'message': 'no deps or dev-deps'}
{'statusCode': 0, 'package': '@0xsequence/guard_0.40.5', 'message': 'no deps or dev-deps'}
{'statusCode': 0, 'package': '@0xsequence/guard_0.0.0-20220804202525', 'message': 'no deps or dev-deps'}
{'statusCode': 0, 'package': '@0xsequence/guard_0.40.6', 'message': 'no deps or dev-deps'}
{'statusCode': 0, 'package': '@0xsequence/guard_0.0.0-20220825181818', 'message': 'no deps or dev-deps'}
{'statusCode': 0, 'package': '@0xsequence/guard_0.0.0-20220825190100', 'message': 'no deps or dev-deps'}
{'statusCode': 0, 'package': '@0xsequence/guard_0.41.0', 'message': 'no deps or dev-deps'}
{'statusCode': 0, 'package': '@0xsequence/guard_0.41.1', 'message': 'no deps or dev-deps'}
{'statusCode': 0, 'package': '@0xsequence/guard_0.41.2', 'message': 'no deps or dev-deps'}
{'statusCode': 0, 'package': '@0xsequence/guard_0.41.3', 'message': 'no deps or dev-deps'}
{'statusCode': 0, 'package': '@0xsequence/guard_0.42.0', 'message': 'no deps or dev-deps'}
{'statusCode': 0, 'package': '@0xsequence/guard_0.42.1', 'message': 'no deps or dev-deps'}
{'statusCode': 0, 'package': '@0xsequence/guard_0.42.2', 'message': 'no deps or dev-deps'}
{'statusCode': 0, 'package': '@0xsequence/guard_0.42.3', 'message': 'no deps or dev-deps'}
{'statusCode': 0, 'package': '@0xsequence/guard_0.42.4', 'message': 'no deps or dev-deps'}
{'statusCode': 0, 'package': '@0xsequence/guard_0.42.5', 'message': 'no deps or dev-deps'}
{'statusCode': 0, 'package': '@0xsequence/guard_0.42.6', 'message': 'no deps or dev-deps'}
{'statusCode': 0, 'package': '@0xsequence/guard_0.42.7', 'message': 'no deps or dev-deps'}
{'statusCode': 0, 'package': '@0xsequence/guard_0.42.8', 'message': 'no deps or dev-deps'}
{'statusCode': 0, 'package': '@0xsequence/guard_0.42.9', 'message': 'no deps or dev-deps'}
{'statusCode': 0, 'package': '@0xsequence/guard_0.42.10', 'message': 'no deps or dev-deps'}
{'statusCode': 0, 'package': '@0xsequence/guard_0.43.0', 'message': 'no deps or dev-deps'}
{'statusCode': 0, 'package': '@0xsequence/guard_0.43.1', 'message': 'no deps or dev-deps'}
{'statusCode': 0, 'package': '@0xsequence/guard_0.43.2', 'message': 'no deps or dev-deps'}
{'statusCode': 0, 'package': '@0xsequence/guard_0.43.3', 'message': 'no deps or dev-deps'}
{'statusCode': 0, 'package': '@0xsequence/guard_0.0.0-20221124173317', 'message': 'no deps or dev-deps'}
{'statusCode': 0, 'package': '@0xsequence/guard_0.43.4', 'message': 'no deps or dev-deps'}
{'statusCode': 0, 'package': '@0xsequence/guard_0.43.5', 'message': 'no deps or dev-deps'}
{'statusCode': 0, 'package': '@0xsequence/guard_0.43.6', 'message': 'no deps or dev-deps'}
{'statusCode': 0, 'package': '@0xsequence/guard_0.43.7', 'message': 'no deps or dev-deps'}
{'statusCode': 0, 'package': '@0xsequence/guard_0.7.0', 'message': 'no deps or dev-deps'}
{'statusCode': 0, 'package': '@0xsequence/guard_0.8.0', 'message': 'no deps or dev-deps'}
{'statusCode': 0, 'package': '@0xsequence/guard_0.8.1', 'message': 'no deps or dev-deps'}
{'statusCode': 0, 'package': '@0xsequence/guard_0.8.2', 'message': 'no deps or dev-deps'}
{'statusCode': 0, 'package': '@0xsequence/guard_0.8.3', 'message': 'no deps or dev-deps'}
{'statusCode': 0, 'package': '@0xsequence/guard_0.8.4', 'message': 'no deps or dev-deps'}
{'statusCode': 0, 'package': '@0xsequence/guard_0.8.5', 'message': 'no deps or dev-deps'}
{'statusCode': 0, 'package': '@0xsequence/guard_0.9.1', 'message': 'no deps or dev-deps'}
{'statusCode': 0, 'package': '@0xsequence/guard_0.9.3', 'message': 'no deps or dev-deps'}
{'statusCode': 0, 'package': '@0xsequence/guard_0.9.6', 'message': 'no deps or dev-deps'}
{'statusCode': 0, 'package': '@0xsequence/guard_0.10.0', 'message': 'no deps or dev-deps'}
{'statusCode': 0, 'package': '@0xsequence/guard_0.10.1', 'message': 'no deps or dev-deps'}
{'statusCode': 0, 'package': '@0xsequence/guard_0.10.2', 'message': 'no deps or dev-deps'}
{'statusCode': 0, 'package': '@0xsequence/guard_0.10.3', 'message': 'no deps or dev-deps'}
{'statusCode': 0, 'package': '@0xsequence/guard_0.10.4', 'message': 'no deps or dev-deps'}
{'statusCode': 0, 'package': '@0xsequence/guard_0.10.5', 'message': 'no deps or dev-deps'}
{'statusCode': 0, 'package': '@0xsequence/guard_0.10.6', 'message': 'no deps or dev-deps'}
{'statusCode': 0, 'package': '@0xsequence/guard_0.10.7', 'message': 'no deps or dev-deps'}
{'statusCode': 0, 'package': '@0xsequence/guard_0.10.8', 'message': 'no deps or dev-deps'}
{'statusCode': 0, 'package': '@0xsequence/guard_0.10.9', 'message': 'no deps or dev-deps'}
{'statusCode': 0, 'package': '@0xsequence/guard_0.11.0', 'message': 'no deps or dev-deps'}
{'statusCode': 0, 'package': '@0xsequence/guard_0.11.1', 'message': 'no deps or dev-deps'}
{'statusCode': 0, 'package': '@0xsequence/guard_0.11.2', 'message': 'no deps or dev-deps'}
{'statusCode': 0, 'package': '@0xsequence/guard_0.11.3', 'message': 'no deps or dev-deps'}
{'statusCode': 0, 'package': '@0xsequence/guard_0.11.4', 'message': 'no deps or dev-deps'}
{'statusCode': 0, 'package': '@0xsequence/guard_0.12.0', 'message': 'no deps or dev-deps'}
{'statusCode': 0, 'package': '@0xsequence/guard_0.12.1', 'message': 'no deps or dev-deps'}
{'statusCode': 0, 'package': '@0xsequence/guard_0.13.0', 'message': 'no deps or dev-deps'}
{'statusCode': 0, 'package': '@0xsequence/guard_0.14.0', 'message': 'no deps or dev-deps'}
{'statusCode': 0, 'package': '@0xsequence/guard_0.14.3', 'message': 'no deps or dev-deps'}
{'statusCode': 0, 'package': '@0xsequence/guard_0.15.1', 'message': 'no deps or dev-deps'}
{'statusCode': 0, 'package': '@0xsequence/guard_0.16.0', 'message': 'no deps or dev-deps'}
{'statusCode': 0, 'package': '@0xsequence/guard_0.18.0', 'message': 'no deps or dev-deps'}
{'statusCode': 0, 'package': '@0xsequence/guard_0.19.0', 'message': 'no deps or dev-deps'}
{'statusCode': 0, 'package': '@0xsequence/guard_0.19.3', 'message': 'no deps or dev-deps'}
{'statusCode': 0, 'package': '@0xsequence/guard_0.21.0', 'message': 'no deps or dev-deps'}
{'statusCode': 0, 'package': '@0xsequence/guard_0.21.2', 'message': 'no deps or dev-deps'}
{'statusCode': 0, 'package': '@0xsequence/guard_0.21.3', 'message': 'no deps or dev-deps'}
{'statusCode': 0, 'package': '@0xsequence/guard_0.21.4', 'message': 'no deps or dev-deps'}
{'statusCode': 0, 'package': '@0xsequence/guard_0.21.5', 'message': 'no deps or dev-deps'}
{'statusCode': 0, 'package': '@0xsequence/guard_0.22.0', 'message': 'no deps or dev-deps'}
{'statusCode': 0, 'package': '@0xsequence/guard_0.22.1', 'message': 'no deps or dev-deps'}
{'statusCode': 0, 'package': '@0xsequence/guard_0.22.2', 'message': 'no deps or dev-deps'}
{'statusCode': 0, 'package': '@0xsequence/guard_0.23.0', 'message': 'no deps or dev-deps'}
{'statusCode': 0, 'package': '@0xsequence/guard_0.25.0', 'message': 'no deps or dev-deps'}
{'statusCode': 0, 'package': '@0xsequence/guard_0.25.1', 'message': 'no deps or dev-deps'}
{'statusCode': 0, 'package': '@0xsequence/guard_0.27.0', 'message': 'no deps or dev-deps'}
{'statusCode': 0, 'package': '@0xsequence/guard_0.28.0', 'message': 'no deps or dev-deps'}
{'statusCode': 0, 'package': '@0xsequence/guard_0.0.0-2021827201516', 'message': 'no deps or dev-deps'}
{'statusCode': 0, 'package': '@0xsequence/guard_0.29.8', 'message': 'no deps or dev-deps'}
{'statusCode': 0, 'package': '@0xsequence/guard_0.30.0', 'message': 'no deps or dev-deps'}
{'statusCode': 0, 'package': '@0xsequence/guard_0.31.0', 'message': 'no deps or dev-deps'}
{'statusCode': 0, 'package': '@0xsequence/guard_0.34.0', 'message': 'no deps or dev-deps'}
{'statusCode': 0, 'package': '@0xsequence/guard_0.35.0', 'message': 'no deps or dev-deps'}
{'statusCode': 0, 'package': '@0xsequence/guard_0.35.1', 'message': 'no deps or dev-deps'}
{'statusCode': 0, 'package': '@0xsequence/guard_0.35.2', 'message': 'no deps or dev-deps'}
{'statusCode': 0, 'package': '@0xsequence/guard_0.35.3', 'message': 'no deps or dev-deps'}
{'statusCode': 0, 'package': '@0xsequence/guard_0.35.4', 'message': 'no deps or dev-deps'}
{'statusCode': 0, 'package': '@0xsequence/guard_0.35.5', 'message': 'no deps or dev-deps'}
{'statusCode': 0, 'package': '@0xsequence/guard_0.35.6', 'message': 'no deps or dev-deps'}
{'statusCode': 0, 'package': '@0xsequence/guard_0.35.7', 'message': 'no deps or dev-deps'}
{'statusCode': 0, 'package': '@0xsequence/guard_0.35.8', 'message': 'no deps or dev-deps'}
{'statusCode': 0, 'package': '@0xsequence/guard_0.35.9', 'message': 'no deps or dev-deps'}
{'statusCode': 0, 'package': '@0xsequence/guard_0.35.10', 'message': 'no deps or dev-deps'}
{'statusCode': 0, 'package': '@0xsequence/guard_0.35.11', 'message': 'no deps or dev-deps'}
{'statusCode': 0, 'package': '@0xsequence/guard_0.35.12', 'message': 'no deps or dev-deps'}
{'statusCode': 0, 'package': '@0xsequence/guard_0.36.0', 'message': 'no deps or dev-deps'}
{'statusCode': 0, 'package': '@0xsequence/guard_0.36.1', 'message': 'no deps or dev-deps'}
{'statusCode': 0, 'package': '@0xsequence/guard_0.36.2', 'message': 'no deps or dev-deps'}
{'statusCode': 0, 'package': '@0xsequence/guard_0.36.3', 'message': 'no deps or dev-deps'}
{'statusCode': 0, 'package': '@0xsequence/guard_0.36.4', 'message': 'no deps or dev-deps'}
{'statusCode': 0, 'package': '@0xsequence/guard_0.36.5', 'message': 'no deps or dev-deps'}
{'statusCode': 0, 'package': '@0xsequence/guard_0.36.6', 'message': 'no deps or dev-deps'}
{'statusCode': 0, 'package': '@0xsequence/guard_0.36.7', 'message': 'no deps or dev-deps'}
{'statusCode': 0, 'package': '@0xsequence/guard_0.36.8', 'message': 'no deps or dev-deps'}
{'statusCode': 0, 'package': '@0xsequence/guard_0.36.9', 'message': 'no deps or dev-deps'}
{'statusCode': 0, 'package': '@0xsequence/guard_0.36.10', 'message': 'no deps or dev-deps'}
{'statusCode': 0, 'package': '@0xsequence/guard_0.0.0-20220418165517', 'message': 'no deps or dev-deps'}
{'statusCode': 0, 'package': '@0xsequence/guard_0.36.11', 'message': 'no deps or dev-deps'}
{'statusCode': 0, 'package': '@0xsequence/guard_0.0.0-20220425195445', 'message': 'no deps or dev-deps'}
{'statusCode': 0, 'package': '@0xsequence/guard_0.36.12', 'message': 'no deps or dev-deps'}
{'statusCode': 0, 'package': '@0xsequence/guard_0.0.0-20220427054350', 'message': 'no deps or dev-deps'}
{'statusCode': 0, 'package': '@0xsequence/guard_0.0.0-20220427055332', 'message': 'no deps or dev-deps'}
{'statusCode': 0, 'package': '@0xsequence/guard_0.0.0-20220427161307', 'message': 'no deps or dev-deps'}
{'statusCode': 0, 'package': '@0xsequence/guard_0.0.0-20220427162812', 'message': 'no deps or dev-deps'}
{'statusCode': 0, 'package': '@0xsequence/guard_0.36.13', 'message': 'no deps or dev-deps'}
{'statusCode': 0, 'package': '@0xsequence/guard_0.37.0', 'message': 'no deps or dev-deps'}
{'statusCode': 0, 'package': '@0xsequence/guard_0.37.1', 'message': 'no deps or dev-deps'}
{'statusCode': 0, 'package': '@0xsequence/guard_0.0.0-20220506174803', 'message': 'no deps or dev-deps'}
{'statusCode': 0, 'package': '@0xsequence/guard_0.0.0-20220506195001', 'message': 'no deps or dev-deps'}
{'statusCode': 0, 'package': '@0xsequence/guard_0.0.0-20220513134147', 'message': 'no deps or dev-deps'}
{'statusCode': 0, 'package': '@0xsequence/guard_0.38.0', 'message': 'no deps or dev-deps'}
{'statusCode': 0, 'package': '@0xsequence/guard_0.38.1', 'message': 'no deps or dev-deps'}
{'statusCode': 0, 'package': '@0xsequence/guard_0.38.2', 'message': 'no deps or dev-deps'}
{'statusCode': 0, 'package': '@0xsequence/guard_0.39.0', 'message': 'no deps or dev-deps'}
{'statusCode': 0, 'package': '@0xsequence/guard_0.0.0-20220519151110', 'message': 'no deps or dev-deps'}
{'statusCode': 0, 'package': '@0xsequence/guard_0.0.0-20220519202656', 'message': 'no deps or dev-deps'}
{'statusCode': 0, 'package': '@0xsequence/guard_0.0.0-20220601185217', 'message': 'no deps or dev-deps'}
{'statusCode': 0, 'package': '@0xsequence/guard_0.39.1', 'message': 'no deps or dev-deps'}
{'statusCode': 0, 'package': '@0xsequence/guard_0.39.2', 'message': 'no deps or dev-deps'}
{'statusCode': 0, 'package': '@0xsequence/guard_0.0.0-20220609204505', 'message': 'no deps or dev-deps'}
{'statusCode': 0, 'package': '@0xsequence/guard_0.0.0-20220610134843', 'message': 'no deps or dev-deps'}
{'statusCode': 0, 'package': '@0xsequence/guard_0.39.3', 'message': 'no deps or dev-deps'}
{'statusCode': 0, 'package': '@0xsequence/guard_0.0.0-20220614152529', 'message': 'no deps or dev-deps'}
{'statusCode': 0, 'package': '@0xsequence/guard_0.0.0-20220616121217', 'message': 'no deps or dev-deps'}
{'statusCode': 0, 'package': '@0xsequence/guard_0.39.4', 'message': 'no deps or dev-deps'}
{'statusCode': 0, 'package': '@0xsequence/guard_0.39.5', 'message': 'no deps or dev-deps'}
{'statusCode': 0, 'package': '@0xsequence/guard_0.39.6', 'message': 'no deps or dev-deps'}
{'statusCode': 0, 'package': '@0xsequence/guard_0.0.0-26b08ee9-20220629135033', 'message': 'no deps or dev-deps'}
{'statusCode': 0, 'package': '@0xsequence/guard_0.0.0-cdbb3137-20220630190630', 'message': 'no deps or dev-deps'}
{'statusCode': 0, 'package': '@0xsequence/guard_0.0.0-cdbb3137-20220630191603', 'message': 'no deps or dev-deps'}
{'statusCode': 0, 'package': '@0xsequence/guard_0.0.0-cdbb3137-20220630192830', 'message': 'no deps or dev-deps'}
{'statusCode': 0, 'package': '@0xsequence/guard_0.0.0-20220630194654', 'message': 'no deps or dev-deps'}
{'statusCode': 0, 'package': '@0xsequence/guard_0.0.0-20220630211555', 'message': 'no deps or dev-deps'}
{'statusCode': 0, 'package': '@0xsequence/guard_0.0.0-20220630215108', 'message': 'no deps or dev-deps'}
{'statusCode': 0, 'package': '@0xsequence/guard_0.0.0-20220703182449', 'message': 'no deps or dev-deps'}
{'statusCode': 0, 'package': '@0xsequence/guard_0.0.0-20220704043930', 'message': 'no deps or dev-deps'}
{'statusCode': 0, 'package': '@0xsequence/guard_0.0.0-20220706193010', 'message': 'no deps or dev-deps'}
{'statusCode': 0, 'package': '@0xsequence/guard_0.0.0-20220710174545', 'message': 'no deps or dev-deps'}
{'statusCode': 0, 'package': '@0xsequence/guard_0.0.0-coolcats-0.36.12-20220711222640', 'message': 'no deps or dev-deps'}
{'statusCode': 0, 'package': '@0xsequence/guard_0.40.0', 'message': 'no deps or dev-deps'}
{'statusCode': 0, 'package': '@0xsequence/guard_0.40.1', 'message': 'no deps or dev-deps'}
{'statusCode': 0, 'package': '@0xsequence/guard_0.0.0-20220713211319', 'message': 'no deps or dev-deps'}
{'statusCode': 0, 'package': '@0xsequence/guard_0.0.0-20220714164224', 'message': 'no deps or dev-deps'}
{'statusCode': 0, 'package': '@0xsequence/guard_0.40.2', 'message': 'no deps or dev-deps'}
{'statusCode': 0, 'package': '@0xsequence/guard_0.0.0-20220719173737', 'message': 'no deps or dev-deps'}
{'statusCode': 0, 'package': '@0xsequence/guard_0.0.0-20220722145329', 'message': 'no deps or dev-deps'}
{'statusCode': 0, 'package': '@0xsequence/guard_0.0.0-20220725200200', 'message': 'no deps or dev-deps'}
{'statusCode': 0, 'package': '@0xsequence/guard_0.40.3', 'message': 'no deps or dev-deps'}
{'statusCode': 0, 'package': '@0xsequence/guard_0.0.0-20220728141414', 'message': 'no deps or dev-deps'}
{'statusCode': 0, 'package': '@0xsequence/guard_0.40.4', 'message': 'no deps or dev-deps'}
{'statusCode': 0, 'package': '@0xsequence/guard_0.0.0-20220728215555', 'message': 'no deps or dev-deps'}
{'statusCode': 0, 'package': '@0xsequence/guard_0.40.5', 'message': 'no deps or dev-deps'}
{'statusCode': 0, 'package': '@0xsequence/guard_0.0.0-20220804202525', 'message': 'no deps or dev-deps'}
{'statusCode': 0, 'package': '@0xsequence/guard_0.40.6', 'message': 'no deps or dev-deps'}
{'statusCode': 0, 'package': '@0xsequence/guard_0.0.0-20220825181818', 'message': 'no deps or dev-deps'}
{'statusCode': 0, 'package': '@0xsequence/guard_0.0.0-20220825190100', 'message': 'no deps or dev-deps'}
{'statusCode': 0, 'package': '@0xsequence/guard_0.41.0', 'message': 'no deps or dev-deps'}
{'statusCode': 0, 'package': '@0xsequence/guard_0.41.1', 'message': 'no deps or dev-deps'}
{'statusCode': 0, 'package': '@0xsequence/guard_0.41.2', 'message': 'no deps or dev-deps'}
{'statusCode': 0, 'package': '@0xsequence/guard_0.41.3', 'message': 'no deps or dev-deps'}
{'statusCode': 0, 'package': '@0xsequence/guard_0.42.0', 'message': 'no deps or dev-deps'}
{'statusCode': 0, 'package': '@0xsequence/guard_0.42.1', 'message': 'no deps or dev-deps'}
{'statusCode': 0, 'package': '@0xsequence/guard_0.42.2', 'message': 'no deps or dev-deps'}
{'statusCode': 0, 'package': '@0xsequence/guard_0.42.3', 'message': 'no deps or dev-deps'}
{'statusCode': 0, 'package': '@0xsequence/guard_0.42.4', 'message': 'no deps or dev-deps'}
{'statusCode': 0, 'package': '@0xsequence/guard_0.42.5', 'message': 'no deps or dev-deps'}
{'statusCode': 0, 'package': '@0xsequence/guard_0.42.6', 'message': 'no deps or dev-deps'}
{'statusCode': 0, 'package': '@0xsequence/guard_0.42.7', 'message': 'no deps or dev-deps'}
{'statusCode': 0, 'package': '@0xsequence/guard_0.42.8', 'message': 'no deps or dev-deps'}
{'statusCode': 0, 'package': '@0xsequence/guard_0.42.9', 'message': 'no deps or dev-deps'}
{'statusCode': 0, 'package': '@0xsequence/guard_0.42.10', 'message': 'no deps or dev-deps'}
{'statusCode': 0, 'package': '@0xsequence/guard_0.43.0', 'message': 'no deps or dev-deps'}
{'statusCode': 0, 'package': '@0xsequence/guard_0.43.1', 'message': 'no deps or dev-deps'}
{'statusCode': 0, 'package': '@0xsequence/guard_0.43.2', 'message': 'no deps or dev-deps'}
{'statusCode': 0, 'package': '@0xsequence/guard_0.43.3', 'message': 'no deps or dev-deps'}
{'statusCode': 0, 'package': '@0xsequence/guard_0.0.0-20221124173317', 'message': 'no deps or dev-deps'}
{'statusCode': 0, 'package': '@0xsequence/guard_0.43.4', 'message': 'no deps or dev-deps'}
{'statusCode': 0, 'package': '@0xsequence/guard_0.43.5', 'message': 'no deps or dev-deps'}
{'statusCode': 0, 'package': '@0xsequence/guard_0.43.6', 'message': 'no deps or dev-deps'}
{'statusCode': 0, 'package': '@0xsequence/guard_0.43.7', 'message': 'no deps or dev-deps'}
{'statusCode': 0, 'package': '@0xsequence/guard_0.7.0', 'message': 'no deps or dev-deps'}
{'statusCode': 0, 'package': '@0xsequence/guard_0.8.0', 'message': 'no deps or dev-deps'}
{'statusCode': 0, 'package': '@0xsequence/guard_0.8.1', 'message': 'no deps or dev-deps'}
{'statusCode': 0, 'package': '@0xsequence/guard_0.8.2', 'message': 'no deps or dev-deps'}
{'statusCode': 0, 'package': '@0xsequence/guard_0.8.3', 'message': 'no deps or dev-deps'}
{'statusCode': 0, 'package': '@0xsequence/guard_0.8.4', 'message': 'no deps or dev-deps'}
{'statusCode': 0, 'package': '@0xsequence/guard_0.8.5', 'message': 'no deps or dev-deps'}
{'statusCode': 0, 'package': '@0xsequence/guard_0.9.1', 'message': 'no deps or dev-deps'}
{'statusCode': 0, 'package': '@0xsequence/guard_0.9.3', 'message': 'no deps or dev-deps'}
{'statusCode': 0, 'package': '@0xsequence/guard_0.9.6', 'message': 'no deps or dev-deps'}
{'statusCode': 0, 'package': '@0xsequence/guard_0.10.0', 'message': 'no deps or dev-deps'}
{'statusCode': 0, 'package': '@0xsequence/guard_0.10.1', 'message': 'no deps or dev-deps'}
{'statusCode': 0, 'package': '@0xsequence/guard_0.10.2', 'message': 'no deps or dev-deps'}
{'statusCode': 0, 'package': '@0xsequence/guard_0.10.3', 'message': 'no deps or dev-deps'}
{'statusCode': 0, 'package': '@0xsequence/guard_0.10.4', 'message': 'no deps or dev-deps'}
{'statusCode': 0, 'package': '@0xsequence/guard_0.10.5', 'message': 'no deps or dev-deps'}
{'statusCode': 0, 'package': '@0xsequence/guard_0.10.6', 'message': 'no deps or dev-deps'}
{'statusCode': 0, 'package': '@0xsequence/guard_0.10.7', 'message': 'no deps or dev-deps'}
{'statusCode': 0, 'package': '@0xsequence/guard_0.10.8', 'message': 'no deps or dev-deps'}
{'statusCode': 0, 'package': '@0xsequence/guard_0.10.9', 'message': 'no deps or dev-deps'}
{'statusCode': 0, 'package': '@0xsequence/guard_0.11.0', 'message': 'no deps or dev-deps'}
{'statusCode': 0, 'package': '@0xsequence/guard_0.11.1', 'message': 'no deps or dev-deps'}
{'statusCode': 0, 'package': '@0xsequence/guard_0.11.2', 'message': 'no deps or dev-deps'}
{'statusCode': 0, 'package': '@0xsequence/guard_0.11.3', 'message': 'no deps or dev-deps'}
{'statusCode': 0, 'package': '@0xsequence/guard_0.11.4', 'message': 'no deps or dev-deps'}
{'statusCode': 0, 'package': '@0xsequence/guard_0.12.0', 'message': 'no deps or dev-deps'}
{'statusCode': 0, 'package': '@0xsequence/guard_0.12.1', 'message': 'no deps or dev-deps'}
{'statusCode': 0, 'package': '@0xsequence/guard_0.13.0', 'message': 'no deps or dev-deps'}
{'statusCode': 0, 'package': '@0xsequence/guard_0.14.0', 'message': 'no deps or dev-deps'}
{'statusCode': 0, 'package': '@0xsequence/guard_0.14.3', 'message': 'no deps or dev-deps'}
{'statusCode': 0, 'package': '@0xsequence/guard_0.15.1', 'message': 'no deps or dev-deps'}
{'statusCode': 0, 'package': '@0xsequence/guard_0.16.0', 'message': 'no deps or dev-deps'}
{'statusCode': 0, 'package': '@0xsequence/guard_0.18.0', 'message': 'no deps or dev-deps'}
{'statusCode': 0, 'package': '@0xsequence/guard_0.19.0', 'message': 'no deps or dev-deps'}
{'statusCode': 0, 'package': '@0xsequence/guard_0.19.3', 'message': 'no deps or dev-deps'}
{'statusCode': 0, 'package': '@0xsequence/guard_0.21.0', 'message': 'no deps or dev-deps'}
{'statusCode': 0, 'package': '@0xsequence/guard_0.21.2', 'message': 'no deps or dev-deps'}
{'statusCode': 0, 'package': '@0xsequence/guard_0.21.3', 'message': 'no deps or dev-deps'}
{'statusCode': 0, 'package': '@0xsequence/guard_0.21.4', 'message': 'no deps or dev-deps'}
{'statusCode': 0, 'package': '@0xsequence/guard_0.21.5', 'message': 'no deps or dev-deps'}
{'statusCode': 0, 'package': '@0xsequence/guard_0.22.0', 'message': 'no deps or dev-deps'}
{'statusCode': 0, 'package': '@0xsequence/guard_0.22.1', 'message': 'no deps or dev-deps'}
{'statusCode': 0, 'package': '@0xsequence/guard_0.22.2', 'message': 'no deps or dev-deps'}
{'statusCode': 0, 'package': '@0xsequence/guard_0.23.0', 'message': 'no deps or dev-deps'}
{'statusCode': 0, 'package': '@0xsequence/guard_0.25.0', 'message': 'no deps or dev-deps'}
{'statusCode': 0, 'package': '@0xsequence/guard_0.25.1', 'message': 'no deps or dev-deps'}
{'statusCode': 0, 'package': '@0xsequence/guard_0.27.0', 'message': 'no deps or dev-deps'}
{'statusCode': 0, 'package': '@0xsequence/guard_0.28.0', 'message': 'no deps or dev-deps'}
{'statusCode': 0, 'package': '@0xsequence/guard_0.0.0-2021827201516', 'message': 'no deps or dev-deps'}
{'statusCode': 0, 'package': '@0xsequence/guard_0.29.8', 'message': 'no deps or dev-deps'}
{'statusCode': 0, 'package': '@0xsequence/guard_0.30.0', 'message': 'no deps or dev-deps'}
{'statusCode': 0, 'package': '@0xsequence/guard_0.31.0', 'message': 'no deps or dev-deps'}
{'statusCode': 0, 'package': '@0xsequence/guard_0.34.0', 'message': 'no deps or dev-deps'}
{'statusCode': 0, 'package': '@0xsequence/guard_0.35.0', 'message': 'no deps or dev-deps'}
{'statusCode': 0, 'package': '@0xsequence/guard_0.35.1', 'message': 'no deps or dev-deps'}
{'statusCode': 0, 'package': '@0xsequence/guard_0.35.2', 'message': 'no deps or dev-deps'}
{'statusCode': 0, 'package': '@0xsequence/guard_0.35.3', 'message': 'no deps or dev-deps'}
{'statusCode': 0, 'package': '@0xsequence/guard_0.35.4', 'message': 'no deps or dev-deps'}
{'statusCode': 0, 'package': '@0xsequence/guard_0.35.5', 'message': 'no deps or dev-deps'}
{'statusCode': 0, 'package': '@0xsequence/guard_0.35.6', 'message': 'no deps or dev-deps'}
{'statusCode': 0, 'package': '@0xsequence/guard_0.35.7', 'message': 'no deps or dev-deps'}
{'statusCode': 0, 'package': '@0xsequence/guard_0.35.8', 'message': 'no deps or dev-deps'}
{'statusCode': 0, 'package': '@0xsequence/guard_0.35.9', 'message': 'no deps or dev-deps'}
{'statusCode': 0, 'package': '@0xsequence/guard_0.35.10', 'message': 'no deps or dev-deps'}
{'statusCode': 0, 'package': '@0xsequence/guard_0.35.11', 'message': 'no deps or dev-deps'}
{'statusCode': 0, 'package': '@0xsequence/guard_0.35.12', 'message': 'no deps or dev-deps'}
{'statusCode': 0, 'package': '@0xsequence/guard_0.36.0', 'message': 'no deps or dev-deps'}
{'statusCode': 0, 'package': '@0xsequence/guard_0.36.1', 'message': 'no deps or dev-deps'}
{'statusCode': 0, 'package': '@0xsequence/guard_0.36.2', 'message': 'no deps or dev-deps'}
{'statusCode': 0, 'package': '@0xsequence/guard_0.36.3', 'message': 'no deps or dev-deps'}
{'statusCode': 0, 'package': '@0xsequence/guard_0.36.4', 'message': 'no deps or dev-deps'}
{'statusCode': 0, 'package': '@0xsequence/guard_0.36.5', 'message': 'no deps or dev-deps'}
{'statusCode': 0, 'package': '@0xsequence/guard_0.36.6', 'message': 'no deps or dev-deps'}
{'statusCode': 0, 'package': '@0xsequence/guard_0.36.7', 'message': 'no deps or dev-deps'}
{'statusCode': 0, 'package': '@0xsequence/guard_0.36.8', 'message': 'no deps or dev-deps'}
{'statusCode': 0, 'package': '@0xsequence/guard_0.36.9', 'message': 'no deps or dev-deps'}
{'statusCode': 0, 'package': '@0xsequence/guard_0.36.10', 'message': 'no deps or dev-deps'}
{'statusCode': 0, 'package': '@0xsequence/guard_0.0.0-20220418165517', 'message': 'no deps or dev-deps'}
{'statusCode': 0, 'package': '@0xsequence/guard_0.36.11', 'message': 'no deps or dev-deps'}
{'statusCode': 0, 'package': '@0xsequence/guard_0.0.0-20220425195445', 'message': 'no deps or dev-deps'}
{'statusCode': 0, 'package': '@0xsequence/guard_0.36.12', 'message': 'no deps or dev-deps'}
{'statusCode': 0, 'package': '@0xsequence/guard_0.0.0-20220427054350', 'message': 'no deps or dev-deps'}
{'statusCode': 0, 'package': '@0xsequence/guard_0.0.0-20220427055332', 'message': 'no deps or dev-deps'}
{'statusCode': 0, 'package': '@0xsequence/guard_0.0.0-20220427161307', 'message': 'no deps or dev-deps'}
{'statusCode': 0, 'package': '@0xsequence/guard_0.0.0-20220427162812', 'message': 'no deps or dev-deps'}
{'statusCode': 0, 'package': '@0xsequence/guard_0.36.13', 'message': 'no deps or dev-deps'}
{'statusCode': 0, 'package': '@0xsequence/guard_0.37.0', 'message': 'no deps or dev-deps'}
{'statusCode': 0, 'package': '@0xsequence/guard_0.37.1', 'message': 'no deps or dev-deps'}
{'statusCode': 0, 'package': '@0xsequence/guard_0.0.0-20220506174803', 'message': 'no deps or dev-deps'}
{'statusCode': 0, 'package': '@0xsequence/guard_0.0.0-20220506195001', 'message': 'no deps or dev-deps'}
{'statusCode': 0, 'package': '@0xsequence/guard_0.0.0-20220513134147', 'message': 'no deps or dev-deps'}
{'statusCode': 0, 'package': '@0xsequence/guard_0.38.0', 'message': 'no deps or dev-deps'}
{'statusCode': 0, 'package': '@0xsequence/guard_0.38.1', 'message': 'no deps or dev-deps'}
{'statusCode': 0, 'package': '@0xsequence/guard_0.38.2', 'message': 'no deps or dev-deps'}
{'statusCode': 0, 'package': '@0xsequence/guard_0.39.0', 'message': 'no deps or dev-deps'}
{'statusCode': 0, 'package': '@0xsequence/guard_0.0.0-20220519151110', 'message': 'no deps or dev-deps'}
{'statusCode': 0, 'package': '@0xsequence/guard_0.0.0-20220519202656', 'message': 'no deps or dev-deps'}
{'statusCode': 0, 'package': '@0xsequence/guard_0.0.0-20220601185217', 'message': 'no deps or dev-deps'}
{'statusCode': 0, 'package': '@0xsequence/guard_0.39.1', 'message': 'no deps or dev-deps'}
{'statusCode': 0, 'package': '@0xsequence/guard_0.39.2', 'message': 'no deps or dev-deps'}
{'statusCode': 0, 'package': '@0xsequence/guard_0.0.0-20220609204505', 'message': 'no deps or dev-deps'}
{'statusCode': 0, 'package': '@0xsequence/guard_0.0.0-20220610134843', 'message': 'no deps or dev-deps'}
{'statusCode': 0, 'package': '@0xsequence/guard_0.39.3', 'message': 'no deps or dev-deps'}
{'statusCode': 0, 'package': '@0xsequence/guard_0.0.0-20220614152529', 'message': 'no deps or dev-deps'}
{'statusCode': 0, 'package': '@0xsequence/guard_0.0.0-20220616121217', 'message': 'no deps or dev-deps'}
{'statusCode': 0, 'package': '@0xsequence/guard_0.39.4', 'message': 'no deps or dev-deps'}
{'statusCode': 0, 'package': '@0xsequence/guard_0.39.5', 'message': 'no deps or dev-deps'}
{'statusCode': 0, 'package': '@0xsequence/guard_0.39.6', 'message': 'no deps or dev-deps'}
{'statusCode': 0, 'package': '@0xsequence/guard_0.0.0-26b08ee9-20220629135033', 'message': 'no deps or dev-deps'}
{'statusCode': 0, 'package': '@0xsequence/guard_0.0.0-cdbb3137-20220630190630', 'message': 'no deps or dev-deps'}
{'statusCode': 0, 'package': '@0xsequence/guard_0.0.0-cdbb3137-20220630191603', 'message': 'no deps or dev-deps'}
{'statusCode': 0, 'package': '@0xsequence/guard_0.0.0-cdbb3137-20220630192830', 'message': 'no deps or dev-deps'}
{'statusCode': 0, 'package': '@0xsequence/guard_0.0.0-20220630194654', 'message': 'no deps or dev-deps'}
{'statusCode': 0, 'package': '@0xsequence/guard_0.0.0-20220630211555', 'message': 'no deps or dev-deps'}
{'statusCode': 0, 'package': '@0xsequence/guard_0.0.0-20220630215108', 'message': 'no deps or dev-deps'}
{'statusCode': 0, 'package': '@0xsequence/guard_0.0.0-20220703182449', 'message': 'no deps or dev-deps'}
{'statusCode': 0, 'package': '@0xsequence/guard_0.0.0-20220704043930', 'message': 'no deps or dev-deps'}
{'statusCode': 0, 'package': '@0xsequence/guard_0.0.0-20220706193010', 'message': 'no deps or dev-deps'}
{'statusCode': 0, 'package': '@0xsequence/guard_0.0.0-20220710174545', 'message': 'no deps or dev-deps'}
{'statusCode': 0, 'package': '@0xsequence/guard_0.0.0-coolcats-0.36.12-20220711222640', 'message': 'no deps or dev-deps'}
{'statusCode': 0, 'package': '@0xsequence/guard_0.40.0', 'message': 'no deps or dev-deps'}
{'statusCode': 0, 'package': '@0xsequence/guard_0.40.1', 'message': 'no deps or dev-deps'}
{'statusCode': 0, 'package': '@0xsequence/guard_0.0.0-20220713211319', 'message': 'no deps or dev-deps'}
{'statusCode': 0, 'package': '@0xsequence/guard_0.0.0-20220714164224', 'message': 'no deps or dev-deps'}
{'statusCode': 0, 'package': '@0xsequence/guard_0.40.2', 'message': 'no deps or dev-deps'}
{'statusCode': 0, 'package': '@0xsequence/guard_0.0.0-20220719173737', 'message': 'no deps or dev-deps'}
{'statusCode': 0, 'package': '@0xsequence/guard_0.0.0-20220722145329', 'message': 'no deps or dev-deps'}
{'statusCode': 0, 'package': '@0xsequence/guard_0.0.0-20220725200200', 'message': 'no deps or dev-deps'}
{'statusCode': 0, 'package': '@0xsequence/guard_0.40.3', 'message': 'no deps or dev-deps'}
{'statusCode': 0, 'package': '@0xsequence/guard_0.0.0-20220728141414', 'message': 'no deps or dev-deps'}
{'statusCode': 0, 'package': '@0xsequence/guard_0.40.4', 'message': 'no deps or dev-deps'}
{'statusCode': 0, 'package': '@0xsequence/guard_0.0.0-20220728215555', 'message': 'no deps or dev-deps'}
{'statusCode': 0, 'package': '@0xsequence/guard_0.40.5', 'message': 'no deps or dev-deps'}
{'statusCode': 0, 'package': '@0xsequence/guard_0.0.0-20220804202525', 'message': 'no deps or dev-deps'}
{'statusCode': 0, 'package': '@0xsequence/guard_0.40.6', 'message': 'no deps or dev-deps'}
{'statusCode': 0, 'package': '@0xsequence/guard_0.0.0-20220825181818', 'message': 'no deps or dev-deps'}
{'statusCode': 0, 'package': '@0xsequence/guard_0.0.0-20220825190100', 'message': 'no deps or dev-deps'}
{'statusCode': 0, 'package': '@0xsequence/guard_0.41.0', 'message': 'no deps or dev-deps'}
{'statusCode': 0, 'package': '@0xsequence/guard_0.41.1', 'message': 'no deps or dev-deps'}
{'statusCode': 0, 'package': '@0xsequence/guard_0.41.2', 'message': 'no deps or dev-deps'}
{'statusCode': 0, 'package': '@0xsequence/guard_0.41.3', 'message': 'no deps or dev-deps'}
{'statusCode': 0, 'package': '@0xsequence/guard_0.42.0', 'message': 'no deps or dev-deps'}
{'statusCode': 0, 'package': '@0xsequence/guard_0.42.1', 'message': 'no deps or dev-deps'}
{'statusCode': 0, 'package': '@0xsequence/guard_0.42.2', 'message': 'no deps or dev-deps'}
{'statusCode': 0, 'package': '@0xsequence/guard_0.42.3', 'message': 'no deps or dev-deps'}
{'statusCode': 0, 'package': '@0xsequence/guard_0.42.4', 'message': 'no deps or dev-deps'}
{'statusCode': 0, 'package': '@0xsequence/guard_0.42.5', 'message': 'no deps or dev-deps'}
{'statusCode': 0, 'package': '@0xsequence/guard_0.42.6', 'message': 'no deps or dev-deps'}
{'statusCode': 0, 'package': '@0xsequence/guard_0.42.7', 'message': 'no deps or dev-deps'}
{'statusCode': 0, 'package': '@0xsequence/guard_0.42.8', 'message': 'no deps or dev-deps'}
{'statusCode': 0, 'package': '@0xsequence/guard_0.42.9', 'message': 'no deps or dev-deps'}
{'statusCode': 0, 'package': '@0xsequence/guard_0.42.10', 'message': 'no deps or dev-deps'}
{'statusCode': 0, 'package': '@0xsequence/guard_0.43.0', 'message': 'no deps or dev-deps'}
{'statusCode': 0, 'package': '@0xsequence/guard_0.43.1', 'message': 'no deps or dev-deps'}
{'statusCode': 0, 'package': '@0xsequence/guard_0.43.2', 'message': 'no deps or dev-deps'}
{'statusCode': 0, 'package': '@0xsequence/guard_0.43.3', 'message': 'no deps or dev-deps'}
{'statusCode': 0, 'package': '@0xsequence/guard_0.0.0-20221124173317', 'message': 'no deps or dev-deps'}
{'statusCode': 0, 'package': '@0xsequence/guard_0.43.4', 'message': 'no deps or dev-deps'}
{'statusCode': 0, 'package': '@0xsequence/guard_0.43.5', 'message': 'no deps or dev-deps'}
{'statusCode': 0, 'package': '@0xsequence/guard_0.43.6', 'message': 'no deps or dev-deps'}
{'statusCode': 0, 'package': '@0xsequence/guard_0.43.7', 'message': 'no deps or dev-deps'}
{'statusCode': 0, 'package': '@0xsequence/guard_0.7.0', 'message': 'no deps or dev-deps'}
{'statusCode': 0, 'package': '@0xsequence/guard_0.8.0', 'message': 'no deps or dev-deps'}
{'statusCode': 0, 'package': '@0xsequence/guard_0.8.1', 'message': 'no deps or dev-deps'}
{'statusCode': 0, 'package': '@0xsequence/guard_0.8.2', 'message': 'no deps or dev-deps'}
{'statusCode': 0, 'package': '@0xsequence/guard_0.8.3', 'message': 'no deps or dev-deps'}
{'statusCode': 0, 'package': '@0xsequence/guard_0.8.4', 'message': 'no deps or dev-deps'}
{'statusCode': 0, 'package': '@0xsequence/guard_0.8.5', 'message': 'no deps or dev-deps'}
{'statusCode': 0, 'package': '@0xsequence/guard_0.9.1', 'message': 'no deps or dev-deps'}
{'statusCode': 0, 'package': '@0xsequence/guard_0.9.3', 'message': 'no deps or dev-deps'}
{'statusCode': 0, 'package': '@0xsequence/guard_0.9.6', 'message': 'no deps or dev-deps'}
{'statusCode': 0, 'package': '@0xsequence/guard_0.10.0', 'message': 'no deps or dev-deps'}
{'statusCode': 0, 'package': '@0xsequence/guard_0.10.1', 'message': 'no deps or dev-deps'}
{'statusCode': 0, 'package': '@0xsequence/guard_0.10.2', 'message': 'no deps or dev-deps'}
{'statusCode': 0, 'package': '@0xsequence/guard_0.10.3', 'message': 'no deps or dev-deps'}
{'statusCode': 0, 'package': '@0xsequence/guard_0.10.4', 'message': 'no deps or dev-deps'}
{'statusCode': 0, 'package': '@0xsequence/guard_0.10.5', 'message': 'no deps or dev-deps'}
{'statusCode': 0, 'package': '@0xsequence/guard_0.10.6', 'message': 'no deps or dev-deps'}
{'statusCode': 0, 'package': '@0xsequence/guard_0.10.7', 'message': 'no deps or dev-deps'}
{'statusCode': 0, 'package': '@0xsequence/guard_0.10.8', 'message': 'no deps or dev-deps'}
{'statusCode': 0, 'package': '@0xsequence/guard_0.10.9', 'message': 'no deps or dev-deps'}
{'statusCode': 0, 'package': '@0xsequence/guard_0.11.0', 'message': 'no deps or dev-deps'}
{'statusCode': 0, 'package': '@0xsequence/guard_0.11.1', 'message': 'no deps or dev-deps'}
{'statusCode': 0, 'package': '@0xsequence/guard_0.11.2', 'message': 'no deps or dev-deps'}
{'statusCode': 0, 'package': '@0xsequence/guard_0.11.3', 'message': 'no deps or dev-deps'}
{'statusCode': 0, 'package': '@0xsequence/guard_0.11.4', 'message': 'no deps or dev-deps'}
{'statusCode': 0, 'package': '@0xsequence/guard_0.12.0', 'message': 'no deps or dev-deps'}
{'statusCode': 0, 'package': '@0xsequence/guard_0.12.1', 'message': 'no deps or dev-deps'}
{'statusCode': 0, 'package': '@0xsequence/guard_0.13.0', 'message': 'no deps or dev-deps'}
{'statusCode': 0, 'package': '@0xsequence/guard_0.14.0', 'message': 'no deps or dev-deps'}
{'statusCode': 0, 'package': '@0xsequence/guard_0.14.3', 'message': 'no deps or dev-deps'}
{'statusCode': 0, 'package': '@0xsequence/guard_0.15.1', 'message': 'no deps or dev-deps'}
{'statusCode': 0, 'package': '@0xsequence/guard_0.16.0', 'message': 'no deps or dev-deps'}
{'statusCode': 0, 'package': '@0xsequence/guard_0.18.0', 'message': 'no deps or dev-deps'}
{'statusCode': 0, 'package': '@0xsequence/guard_0.19.0', 'message': 'no deps or dev-deps'}
{'statusCode': 0, 'package': '@0xsequence/guard_0.19.3', 'message': 'no deps or dev-deps'}
{'statusCode': 0, 'package': '@0xsequence/guard_0.21.0', 'message': 'no deps or dev-deps'}
{'statusCode': 0, 'package': '@0xsequence/guard_0.21.2', 'message': 'no deps or dev-deps'}
{'statusCode': 0, 'package': '@0xsequence/guard_0.21.3', 'message': 'no deps or dev-deps'}
{'statusCode': 0, 'package': '@0xsequence/guard_0.21.4', 'message': 'no deps or dev-deps'}
{'statusCode': 0, 'package': '@0xsequence/guard_0.21.5', 'message': 'no deps or dev-deps'}
{'statusCode': 0, 'package': '@0xsequence/guard_0.22.0', 'message': 'no deps or dev-deps'}
{'statusCode': 0, 'package': '@0xsequence/guard_0.22.1', 'message': 'no deps or dev-deps'}
{'statusCode': 0, 'package': '@0xsequence/guard_0.22.2', 'message': 'no deps or dev-deps'}
{'statusCode': 0, 'package': '@0xsequence/guard_0.23.0', 'message': 'no deps or dev-deps'}
{'statusCode': 0, 'package': '@0xsequence/guard_0.25.0', 'message': 'no deps or dev-deps'}
{'statusCode': 0, 'package': '@0xsequence/guard_0.25.1', 'message': 'no deps or dev-deps'}
{'statusCode': 0, 'package': '@0xsequence/guard_0.27.0', 'message': 'no deps or dev-deps'}
{'statusCode': 0, 'package': '@0xsequence/guard_0.28.0', 'message': 'no deps or dev-deps'}
{'statusCode': 0, 'package': '@0xsequence/guard_0.0.0-2021827201516', 'message': 'no deps or dev-deps'}
{'statusCode': 0, 'package': '@0xsequence/guard_0.29.8', 'message': 'no deps or dev-deps'}
{'statusCode': 0, 'package': '@0xsequence/guard_0.30.0', 'message': 'no deps or dev-deps'}
{'statusCode': 0, 'package': '@0xsequence/guard_0.31.0', 'message': 'no deps or dev-deps'}
{'statusCode': 0, 'package': '@0xsequence/guard_0.34.0', 'message': 'no deps or dev-deps'}
{'statusCode': 0, 'package': '@0xsequence/guard_0.35.0', 'message': 'no deps or dev-deps'}
{'statusCode': 0, 'package': '@0xsequence/guard_0.35.1', 'message': 'no deps or dev-deps'}
{'statusCode': 0, 'package': '@0xsequence/guard_0.35.2', 'message': 'no deps or dev-deps'}
{'statusCode': 0, 'package': '@0xsequence/guard_0.35.3', 'message': 'no deps or dev-deps'}
{'statusCode': 0, 'package': '@0xsequence/guard_0.35.4', 'message': 'no deps or dev-deps'}
{'statusCode': 0, 'package': '@0xsequence/guard_0.35.5', 'message': 'no deps or dev-deps'}
{'statusCode': 0, 'package': '@0xsequence/guard_0.35.6', 'message': 'no deps or dev-deps'}
{'statusCode': 0, 'package': '@0xsequence/guard_0.35.7', 'message': 'no deps or dev-deps'}
{'statusCode': 0, 'package': '@0xsequence/guard_0.35.8', 'message': 'no deps or dev-deps'}
{'statusCode': 0, 'package': '@0xsequence/guard_0.35.9', 'message': 'no deps or dev-deps'}
{'statusCode': 0, 'package': '@0xsequence/guard_0.35.10', 'message': 'no deps or dev-deps'}
{'statusCode': 0, 'package': '@0xsequence/guard_0.35.11', 'message': 'no deps or dev-deps'}
{'statusCode': 0, 'package': '@0xsequence/guard_0.35.12', 'message': 'no deps or dev-deps'}
{'statusCode': 0, 'package': '@0xsequence/guard_0.36.0', 'message': 'no deps or dev-deps'}
{'statusCode': 0, 'package': '@0xsequence/guard_0.36.1', 'message': 'no deps or dev-deps'}
{'statusCode': 0, 'package': '@0xsequence/guard_0.36.2', 'message': 'no deps or dev-deps'}
{'statusCode': 0, 'package': '@0xsequence/guard_0.36.3', 'message': 'no deps or dev-deps'}
{'statusCode': 0, 'package': '@0xsequence/guard_0.36.4', 'message': 'no deps or dev-deps'}
{'statusCode': 0, 'package': '@0xsequence/guard_0.36.5', 'message': 'no deps or dev-deps'}
{'statusCode': 0, 'package': '@0xsequence/guard_0.36.6', 'message': 'no deps or dev-deps'}
{'statusCode': 0, 'package': '@0xsequence/guard_0.36.7', 'message': 'no deps or dev-deps'}
{'statusCode': 0, 'package': '@0xsequence/guard_0.36.8', 'message': 'no deps or dev-deps'}
{'statusCode': 0, 'package': '@0xsequence/guard_0.36.9', 'message': 'no deps or dev-deps'}
{'statusCode': 0, 'package': '@0xsequence/guard_0.36.10', 'message': 'no deps or dev-deps'}
{'statusCode': 0, 'package': '@0xsequence/guard_0.0.0-20220418165517', 'message': 'no deps or dev-deps'}
{'statusCode': 0, 'package': '@0xsequence/guard_0.36.11', 'message': 'no deps or dev-deps'}
{'statusCode': 0, 'package': '@0xsequence/guard_0.0.0-20220425195445', 'message': 'no deps or dev-deps'}
{'statusCode': 0, 'package': '@0xsequence/guard_0.36.12', 'message': 'no deps or dev-deps'}
{'statusCode': 0, 'package': '@0xsequence/guard_0.0.0-20220427054350', 'message': 'no deps or dev-deps'}
{'statusCode': 0, 'package': '@0xsequence/guard_0.0.0-20220427055332', 'message': 'no deps or dev-deps'}
{'statusCode': 0, 'package': '@0xsequence/guard_0.0.0-20220427161307', 'message': 'no deps or dev-deps'}
{'statusCode': 0, 'package': '@0xsequence/guard_0.0.0-20220427162812', 'message': 'no deps or dev-deps'}
{'statusCode': 0, 'package': '@0xsequence/guard_0.36.13', 'message': 'no deps or dev-deps'}
{'statusCode': 0, 'package': '@0xsequence/guard_0.37.0', 'message': 'no deps or dev-deps'}
{'statusCode': 0, 'package': '@0xsequence/guard_0.37.1', 'message': 'no deps or dev-deps'}
{'statusCode': 0, 'package': '@0xsequence/guard_0.0.0-20220506174803', 'message': 'no deps or dev-deps'}
{'statusCode': 0, 'package': '@0xsequence/guard_0.0.0-20220506195001', 'message': 'no deps or dev-deps'}
{'statusCode': 0, 'package': '@0xsequence/guard_0.0.0-20220513134147', 'message': 'no deps or dev-deps'}
{'statusCode': 0, 'package': '@0xsequence/guard_0.38.0', 'message': 'no deps or dev-deps'}
{'statusCode': 0, 'package': '@0xsequence/guard_0.38.1', 'message': 'no deps or dev-deps'}
{'statusCode': 0, 'package': '@0xsequence/guard_0.38.2', 'message': 'no deps or dev-deps'}
{'statusCode': 0, 'package': '@0xsequence/guard_0.39.0', 'message': 'no deps or dev-deps'}
{'statusCode': 0, 'package': '@0xsequence/guard_0.0.0-20220519151110', 'message': 'no deps or dev-deps'}
{'statusCode': 0, 'package': '@0xsequence/guard_0.0.0-20220519202656', 'message': 'no deps or dev-deps'}
{'statusCode': 0, 'package': '@0xsequence/guard_0.0.0-20220601185217', 'message': 'no deps or dev-deps'}
{'statusCode': 0, 'package': '@0xsequence/guard_0.39.1', 'message': 'no deps or dev-deps'}
{'statusCode': 0, 'package': '@0xsequence/guard_0.39.2', 'message': 'no deps or dev-deps'}
{'statusCode': 0, 'package': '@0xsequence/guard_0.0.0-20220609204505', 'message': 'no deps or dev-deps'}
{'statusCode': 0, 'package': '@0xsequence/guard_0.0.0-20220610134843', 'message': 'no deps or dev-deps'}
{'statusCode': 0, 'package': '@0xsequence/guard_0.39.3', 'message': 'no deps or dev-deps'}
{'statusCode': 0, 'package': '@0xsequence/guard_0.0.0-20220614152529', 'message': 'no deps or dev-deps'}
{'statusCode': 0, 'package': '@0xsequence/guard_0.0.0-20220616121217', 'message': 'no deps or dev-deps'}
{'statusCode': 0, 'package': '@0xsequence/guard_0.39.4', 'message': 'no deps or dev-deps'}
{'statusCode': 0, 'package': '@0xsequence/guard_0.39.5', 'message': 'no deps or dev-deps'}
{'statusCode': 0, 'package': '@0xsequence/guard_0.39.6', 'message': 'no deps or dev-deps'}
{'statusCode': 0, 'package': '@0xsequence/guard_0.0.0-26b08ee9-20220629135033', 'message': 'no deps or dev-deps'}
{'statusCode': 0, 'package': '@0xsequence/guard_0.0.0-cdbb3137-20220630190630', 'message': 'no deps or dev-deps'}
{'statusCode': 0, 'package': '@0xsequence/guard_0.0.0-cdbb3137-20220630191603', 'message': 'no deps or dev-deps'}
{'statusCode': 0, 'package': '@0xsequence/guard_0.0.0-cdbb3137-20220630192830', 'message': 'no deps or dev-deps'}
{'statusCode': 0, 'package': '@0xsequence/guard_0.0.0-20220630194654', 'message': 'no deps or dev-deps'}
{'statusCode': 0, 'package': '@0xsequence/guard_0.0.0-20220630211555', 'message': 'no deps or dev-deps'}
{'statusCode': 0, 'package': '@0xsequence/guard_0.0.0-20220630215108', 'message': 'no deps or dev-deps'}
{'statusCode': 0, 'package': '@0xsequence/guard_0.0.0-20220703182449', 'message': 'no deps or dev-deps'}
{'statusCode': 0, 'package': '@0xsequence/guard_0.0.0-20220704043930', 'message': 'no deps or dev-deps'}
{'statusCode': 0, 'package': '@0xsequence/guard_0.0.0-20220706193010', 'message': 'no deps or dev-deps'}
{'statusCode': 0, 'package': '@0xsequence/guard_0.0.0-20220710174545', 'message': 'no deps or dev-deps'}
{'statusCode': 0, 'package': '@0xsequence/guard_0.0.0-coolcats-0.36.12-20220711222640', 'message': 'no deps or dev-deps'}
{'statusCode': 0, 'package': '@0xsequence/guard_0.40.0', 'message': 'no deps or dev-deps'}
{'statusCode': 0, 'package': '@0xsequence/guard_0.40.1', 'message': 'no deps or dev-deps'}
{'statusCode': 0, 'package': '@0xsequence/guard_0.0.0-20220713211319', 'message': 'no deps or dev-deps'}
{'statusCode': 0, 'package': '@0xsequence/guard_0.0.0-20220714164224', 'message': 'no deps or dev-deps'}
{'statusCode': 0, 'package': '@0xsequence/guard_0.40.2', 'message': 'no deps or dev-deps'}
{'statusCode': 0, 'package': '@0xsequence/guard_0.0.0-20220719173737', 'message': 'no deps or dev-deps'}
{'statusCode': 0, 'package': '@0xsequence/guard_0.0.0-20220722145329', 'message': 'no deps or dev-deps'}
{'statusCode': 0, 'package': '@0xsequence/guard_0.0.0-20220725200200', 'message': 'no deps or dev-deps'}
{'statusCode': 0, 'package': '@0xsequence/guard_0.40.3', 'message': 'no deps or dev-deps'}
{'statusCode': 0, 'package': '@0xsequence/guard_0.0.0-20220728141414', 'message': 'no deps or dev-deps'}
{'statusCode': 0, 'package': '@0xsequence/guard_0.40.4', 'message': 'no deps or dev-deps'}
{'statusCode': 0, 'package': '@0xsequence/guard_0.0.0-20220728215555', 'message': 'no deps or dev-deps'}
{'statusCode': 0, 'package': '@0xsequence/guard_0.40.5', 'message': 'no deps or dev-deps'}
{'statusCode': 0, 'package': '@0xsequence/guard_0.0.0-20220804202525', 'message': 'no deps or dev-deps'}
{'statusCode': 0, 'package': '@0xsequence/guard_0.40.6', 'message': 'no deps or dev-deps'}
{'statusCode': 0, 'package': '@0xsequence/guard_0.0.0-20220825181818', 'message': 'no deps or dev-deps'}
{'statusCode': 0, 'package': '@0xsequence/guard_0.0.0-20220825190100', 'message': 'no deps or dev-deps'}
{'statusCode': 0, 'package': '@0xsequence/guard_0.41.0', 'message': 'no deps or dev-deps'}
{'statusCode': 0, 'package': '@0xsequence/guard_0.41.1', 'message': 'no deps or dev-deps'}
{'statusCode': 0, 'package': '@0xsequence/guard_0.41.2', 'message': 'no deps or dev-deps'}
{'statusCode': 0, 'package': '@0xsequence/guard_0.41.3', 'message': 'no deps or dev-deps'}
{'statusCode': 0, 'package': '@0xsequence/guard_0.42.0', 'message': 'no deps or dev-deps'}
{'statusCode': 0, 'package': '@0xsequence/guard_0.42.1', 'message': 'no deps or dev-deps'}
{'statusCode': 0, 'package': '@0xsequence/guard_0.42.2', 'message': 'no deps or dev-deps'}
{'statusCode': 0, 'package': '@0xsequence/guard_0.42.3', 'message': 'no deps or dev-deps'}
{'statusCode': 0, 'package': '@0xsequence/guard_0.42.4', 'message': 'no deps or dev-deps'}
{'statusCode': 0, 'package': '@0xsequence/guard_0.42.5', 'message': 'no deps or dev-deps'}
{'statusCode': 0, 'package': '@0xsequence/guard_0.42.6', 'message': 'no deps or dev-deps'}
{'statusCode': 0, 'package': '@0xsequence/guard_0.42.7', 'message': 'no deps or dev-deps'}
{'statusCode': 0, 'package': '@0xsequence/guard_0.42.8', 'message': 'no deps or dev-deps'}
{'statusCode': 0, 'package': '@0xsequence/guard_0.42.9', 'message': 'no deps or dev-deps'}
{'statusCode': 0, 'package': '@0xsequence/guard_0.42.10', 'message': 'no deps or dev-deps'}
{'statusCode': 0, 'package': '@0xsequence/guard_0.43.0', 'message': 'no deps or dev-deps'}
{'statusCode': 0, 'package': '@0xsequence/guard_0.43.1', 'message': 'no deps or dev-deps'}
{'statusCode': 0, 'package': '@0xsequence/guard_0.43.2', 'message': 'no deps or dev-deps'}
{'statusCode': 0, 'package': '@0xsequence/guard_0.43.3', 'message': 'no deps or dev-deps'}
{'statusCode': 0, 'package': '@0xsequence/guard_0.0.0-20221124173317', 'message': 'no deps or dev-deps'}
{'statusCode': 0, 'package': '@0xsequence/guard_0.43.4', 'message': 'no deps or dev-deps'}
{'statusCode': 0, 'package': '@0xsequence/guard_0.43.5', 'message': 'no deps or dev-deps'}
{'statusCode': 0, 'package': '@0xsequence/guard_0.43.6', 'message': 'no deps or dev-deps'}
{'statusCode': 0, 'package': '@0xsequence/guard_0.43.7', 'message': 'no deps or dev-deps'}
{'statusCode': 0, 'package': '@0xsequence/guard_0.7.0', 'message': 'no deps or dev-deps'}
{'statusCode': 0, 'package': '@0xsequence/guard_0.8.0', 'message': 'no deps or dev-deps'}
{'statusCode': 0, 'package': '@0xsequence/guard_0.8.1', 'message': 'no deps or dev-deps'}
{'statusCode': 0, 'package': '@0xsequence/guard_0.8.2', 'message': 'no deps or dev-deps'}
{'statusCode': 0, 'package': '@0xsequence/guard_0.8.3', 'message': 'no deps or dev-deps'}
{'statusCode': 0, 'package': '@0xsequence/guard_0.8.4', 'message': 'no deps or dev-deps'}
{'statusCode': 0, 'package': '@0xsequence/guard_0.8.5', 'message': 'no deps or dev-deps'}
{'statusCode': 0, 'package': '@0xsequence/guard_0.9.1', 'message': 'no deps or dev-deps'}
{'statusCode': 0, 'package': '@0xsequence/guard_0.9.3', 'message': 'no deps or dev-deps'}
{'statusCode': 0, 'package': '@0xsequence/guard_0.9.6', 'message': 'no deps or dev-deps'}
{'statusCode': 0, 'package': '@0xsequence/guard_0.10.0', 'message': 'no deps or dev-deps'}
{'statusCode': 0, 'package': '@0xsequence/guard_0.10.1', 'message': 'no deps or dev-deps'}
{'statusCode': 0, 'package': '@0xsequence/guard_0.10.2', 'message': 'no deps or dev-deps'}
{'statusCode': 0, 'package': '@0xsequence/guard_0.10.3', 'message': 'no deps or dev-deps'}
{'statusCode': 0, 'package': '@0xsequence/guard_0.10.4', 'message': 'no deps or dev-deps'}
{'statusCode': 0, 'package': '@0xsequence/guard_0.10.5', 'message': 'no deps or dev-deps'}
{'statusCode': 0, 'package': '@0xsequence/guard_0.10.6', 'message': 'no deps or dev-deps'}
{'statusCode': 0, 'package': '@0xsequence/guard_0.10.7', 'message': 'no deps or dev-deps'}
{'statusCode': 0, 'package': '@0xsequence/guard_0.10.8', 'message': 'no deps or dev-deps'}
{'statusCode': 0, 'package': '@0xsequence/guard_0.10.9', 'message': 'no deps or dev-deps'}
{'statusCode': 0, 'package': '@0xsequence/guard_0.11.0', 'message': 'no deps or dev-deps'}
{'statusCode': 0, 'package': '@0xsequence/guard_0.11.1', 'message': 'no deps or dev-deps'}
{'statusCode': 0, 'package': '@0xsequence/guard_0.11.2', 'message': 'no deps or dev-deps'}
{'statusCode': 0, 'package': '@0xsequence/guard_0.11.3', 'message': 'no deps or dev-deps'}
{'statusCode': 0, 'package': '@0xsequence/guard_0.11.4', 'message': 'no deps or dev-deps'}
{'statusCode': 0, 'package': '@0xsequence/guard_0.12.0', 'message': 'no deps or dev-deps'}
{'statusCode': 0, 'package': '@0xsequence/guard_0.12.1', 'message': 'no deps or dev-deps'}
{'statusCode': 0, 'package': '@0xsequence/guard_0.13.0', 'message': 'no deps or dev-deps'}
{'statusCode': 0, 'package': '@0xsequence/guard_0.14.0', 'message': 'no deps or dev-deps'}
{'statusCode': 0, 'package': '@0xsequence/guard_0.14.3', 'message': 'no deps or dev-deps'}
{'statusCode': 0, 'package': '@0xsequence/guard_0.15.1', 'message': 'no deps or dev-deps'}
{'statusCode': 0, 'package': '@0xsequence/guard_0.16.0', 'message': 'no deps or dev-deps'}
{'statusCode': 0, 'package': '@0xsequence/guard_0.18.0', 'message': 'no deps or dev-deps'}
{'statusCode': 0, 'package': '@0xsequence/guard_0.19.0', 'message': 'no deps or dev-deps'}
{'statusCode': 0, 'package': '@0xsequence/guard_0.19.3', 'message': 'no deps or dev-deps'}
{'statusCode': 0, 'package': '@0xsequence/guard_0.21.0', 'message': 'no deps or dev-deps'}
{'statusCode': 0, 'package': '@0xsequence/guard_0.21.2', 'message': 'no deps or dev-deps'}
{'statusCode': 0, 'package': '@0xsequence/guard_0.21.3', 'message': 'no deps or dev-deps'}
{'statusCode': 0, 'package': '@0xsequence/guard_0.21.4', 'message': 'no deps or dev-deps'}
{'statusCode': 0, 'package': '@0xsequence/guard_0.21.5', 'message': 'no deps or dev-deps'}
{'statusCode': 0, 'package': '@0xsequence/guard_0.22.0', 'message': 'no deps or dev-deps'}
{'statusCode': 0, 'package': '@0xsequence/guard_0.22.1', 'message': 'no deps or dev-deps'}
{'statusCode': 0, 'package': '@0xsequence/guard_0.22.2', 'message': 'no deps or dev-deps'}
{'statusCode': 0, 'package': '@0xsequence/guard_0.23.0', 'message': 'no deps or dev-deps'}
{'statusCode': 0, 'package': '@0xsequence/guard_0.25.0', 'message': 'no deps or dev-deps'}
{'statusCode': 0, 'package': '@0xsequence/guard_0.25.1', 'message': 'no deps or dev-deps'}
{'statusCode': 0, 'package': '@0xsequence/guard_0.27.0', 'message': 'no deps or dev-deps'}
{'statusCode': 0, 'package': '@0xsequence/guard_0.28.0', 'message': 'no deps or dev-deps'}
{'statusCode': 0, 'package': '@0xsequence/guard_0.0.0-2021827201516', 'message': 'no deps or dev-deps'}
{'statusCode': 0, 'package': '@0xsequence/guard_0.29.8', 'message': 'no deps or dev-deps'}
{'statusCode': 0, 'package': '@0xsequence/guard_0.30.0', 'message': 'no deps or dev-deps'}
{'statusCode': 0, 'package': '@0xsequence/guard_0.31.0', 'message': 'no deps or dev-deps'}
{'statusCode': 0, 'package': '@0xsequence/guard_0.34.0', 'message': 'no deps or dev-deps'}
{'statusCode': 0, 'package': '@0xsequence/guard_0.35.0', 'message': 'no deps or dev-deps'}
{'statusCode': 0, 'package': '@0xsequence/guard_0.35.1', 'message': 'no deps or dev-deps'}
{'statusCode': 0, 'package': '@0xsequence/guard_0.35.2', 'message': 'no deps or dev-deps'}
{'statusCode': 0, 'package': '@0xsequence/guard_0.35.3', 'message': 'no deps or dev-deps'}
{'statusCode': 0, 'package': '@0xsequence/guard_0.35.4', 'message': 'no deps or dev-deps'}
{'statusCode': 0, 'package': '@0xsequence/guard_0.35.5', 'message': 'no deps or dev-deps'}
{'statusCode': 0, 'package': '@0xsequence/guard_0.35.6', 'message': 'no deps or dev-deps'}
{'statusCode': 0, 'package': '@0xsequence/guard_0.35.7', 'message': 'no deps or dev-deps'}
{'statusCode': 0, 'package': '@0xsequence/guard_0.35.8', 'message': 'no deps or dev-deps'}
{'statusCode': 0, 'package': '@0xsequence/guard_0.35.9', 'message': 'no deps or dev-deps'}
{'statusCode': 0, 'package': '@0xsequence/guard_0.35.10', 'message': 'no deps or dev-deps'}
{'statusCode': 0, 'package': '@0xsequence/guard_0.35.11', 'message': 'no deps or dev-deps'}
{'statusCode': 0, 'package': '@0xsequence/guard_0.35.12', 'message': 'no deps or dev-deps'}
{'statusCode': 0, 'package': '@0xsequence/guard_0.36.0', 'message': 'no deps or dev-deps'}
{'statusCode': 0, 'package': '@0xsequence/guard_0.36.1', 'message': 'no deps or dev-deps'}
{'statusCode': 0, 'package': '@0xsequence/guard_0.36.2', 'message': 'no deps or dev-deps'}
{'statusCode': 0, 'package': '@0xsequence/guard_0.36.3', 'message': 'no deps or dev-deps'}
{'statusCode': 0, 'package': '@0xsequence/guard_0.36.4', 'message': 'no deps or dev-deps'}
{'statusCode': 0, 'package': '@0xsequence/guard_0.36.5', 'message': 'no deps or dev-deps'}
{'statusCode': 0, 'package': '@0xsequence/guard_0.36.6', 'message': 'no deps or dev-deps'}
{'statusCode': 0, 'package': '@0xsequence/guard_0.36.7', 'message': 'no deps or dev-deps'}
{'statusCode': 0, 'package': '@0xsequence/guard_0.36.8', 'message': 'no deps or dev-deps'}
{'statusCode': 0, 'package': '@0xsequence/guard_0.36.9', 'message': 'no deps or dev-deps'}
{'statusCode': 0, 'package': '@0xsequence/guard_0.36.10', 'message': 'no deps or dev-deps'}
{'statusCode': 0, 'package': '@0xsequence/guard_0.0.0-20220418165517', 'message': 'no deps or dev-deps'}
{'statusCode': 0, 'package': '@0xsequence/guard_0.36.11', 'message': 'no deps or dev-deps'}
{'statusCode': 0, 'package': '@0xsequence/guard_0.0.0-20220425195445', 'message': 'no deps or dev-deps'}
{'statusCode': 0, 'package': '@0xsequence/guard_0.36.12', 'message': 'no deps or dev-deps'}
{'statusCode': 0, 'package': '@0xsequence/guard_0.0.0-20220427054350', 'message': 'no deps or dev-deps'}
{'statusCode': 0, 'package': '@0xsequence/guard_0.0.0-20220427055332', 'message': 'no deps or dev-deps'}
{'statusCode': 0, 'package': '@0xsequence/guard_0.0.0-20220427161307', 'message': 'no deps or dev-deps'}
{'statusCode': 0, 'package': '@0xsequence/guard_0.0.0-20220427162812', 'message': 'no deps or dev-deps'}
{'statusCode': 0, 'package': '@0xsequence/guard_0.36.13', 'message': 'no deps or dev-deps'}
{'statusCode': 0, 'package': '@0xsequence/guard_0.37.0', 'message': 'no deps or dev-deps'}
{'statusCode': 0, 'package': '@0xsequence/guard_0.37.1', 'message': 'no deps or dev-deps'}
{'statusCode': 0, 'package': '@0xsequence/guard_0.0.0-20220506174803', 'message': 'no deps or dev-deps'}
{'statusCode': 0, 'package': '@0xsequence/guard_0.0.0-20220506195001', 'message': 'no deps or dev-deps'}
{'statusCode': 0, 'package': '@0xsequence/guard_0.0.0-20220513134147', 'message': 'no deps or dev-deps'}
{'statusCode': 0, 'package': '@0xsequence/guard_0.38.0', 'message': 'no deps or dev-deps'}
{'statusCode': 0, 'package': '@0xsequence/guard_0.38.1', 'message': 'no deps or dev-deps'}
{'statusCode': 0, 'package': '@0xsequence/guard_0.38.2', 'message': 'no deps or dev-deps'}
{'statusCode': 0, 'package': '@0xsequence/guard_0.39.0', 'message': 'no deps or dev-deps'}
{'statusCode': 0, 'package': '@0xsequence/guard_0.0.0-20220519151110', 'message': 'no deps or dev-deps'}
{'statusCode': 0, 'package': '@0xsequence/guard_0.0.0-20220519202656', 'message': 'no deps or dev-deps'}
{'statusCode': 0, 'package': '@0xsequence/guard_0.0.0-20220601185217', 'message': 'no deps or dev-deps'}
{'statusCode': 0, 'package': '@0xsequence/guard_0.39.1', 'message': 'no deps or dev-deps'}
{'statusCode': 0, 'package': '@0xsequence/guard_0.39.2', 'message': 'no deps or dev-deps'}
{'statusCode': 0, 'package': '@0xsequence/guard_0.0.0-20220609204505', 'message': 'no deps or dev-deps'}
{'statusCode': 0, 'package': '@0xsequence/guard_0.0.0-20220610134843', 'message': 'no deps or dev-deps'}
{'statusCode': 0, 'package': '@0xsequence/guard_0.39.3', 'message': 'no deps or dev-deps'}
{'statusCode': 0, 'package': '@0xsequence/guard_0.0.0-20220614152529', 'message': 'no deps or dev-deps'}
{'statusCode': 0, 'package': '@0xsequence/guard_0.0.0-20220616121217', 'message': 'no deps or dev-deps'}
{'statusCode': 0, 'package': '@0xsequence/guard_0.39.4', 'message': 'no deps or dev-deps'}
{'statusCode': 0, 'package': '@0xsequence/guard_0.39.5', 'message': 'no deps or dev-deps'}
{'statusCode': 0, 'package': '@0xsequence/guard_0.39.6', 'message': 'no deps or dev-deps'}
{'statusCode': 0, 'package': '@0xsequence/guard_0.0.0-26b08ee9-20220629135033', 'message': 'no deps or dev-deps'}
{'statusCode': 0, 'package': '@0xsequence/guard_0.0.0-cdbb3137-20220630190630', 'message': 'no deps or dev-deps'}
{'statusCode': 0, 'package': '@0xsequence/guard_0.0.0-cdbb3137-20220630191603', 'message': 'no deps or dev-deps'}
{'statusCode': 0, 'package': '@0xsequence/guard_0.0.0-cdbb3137-20220630192830', 'message': 'no deps or dev-deps'}
{'statusCode': 0, 'package': '@0xsequence/guard_0.0.0-20220630194654', 'message': 'no deps or dev-deps'}
{'statusCode': 0, 'package': '@0xsequence/guard_0.0.0-20220630211555', 'message': 'no deps or dev-deps'}
{'statusCode': 0, 'package': '@0xsequence/guard_0.0.0-20220630215108', 'message': 'no deps or dev-deps'}
{'statusCode': 0, 'package': '@0xsequence/guard_0.0.0-20220703182449', 'message': 'no deps or dev-deps'}
{'statusCode': 0, 'package': '@0xsequence/guard_0.0.0-20220704043930', 'message': 'no deps or dev-deps'}
{'statusCode': 0, 'package': '@0xsequence/guard_0.0.0-20220706193010', 'message': 'no deps or dev-deps'}
{'statusCode': 0, 'package': '@0xsequence/guard_0.0.0-20220710174545', 'message': 'no deps or dev-deps'}
{'statusCode': 0, 'package': '@0xsequence/guard_0.0.0-coolcats-0.36.12-20220711222640', 'message': 'no deps or dev-deps'}
{'statusCode': 0, 'package': '@0xsequence/guard_0.40.0', 'message': 'no deps or dev-deps'}
{'statusCode': 0, 'package': '@0xsequence/guard_0.40.1', 'message': 'no deps or dev-deps'}
{'statusCode': 0, 'package': '@0xsequence/guard_0.0.0-20220713211319', 'message': 'no deps or dev-deps'}
{'statusCode': 0, 'package': '@0xsequence/guard_0.0.0-20220714164224', 'message': 'no deps or dev-deps'}
{'statusCode': 0, 'package': '@0xsequence/guard_0.40.2', 'message': 'no deps or dev-deps'}
{'statusCode': 0, 'package': '@0xsequence/guard_0.0.0-20220719173737', 'message': 'no deps or dev-deps'}
{'statusCode': 0, 'package': '@0xsequence/guard_0.0.0-20220722145329', 'message': 'no deps or dev-deps'}
{'statusCode': 0, 'package': '@0xsequence/guard_0.0.0-20220725200200', 'message': 'no deps or dev-deps'}
{'statusCode': 0, 'package': '@0xsequence/guard_0.40.3', 'message': 'no deps or dev-deps'}
{'statusCode': 0, 'package': '@0xsequence/guard_0.0.0-20220728141414', 'message': 'no deps or dev-deps'}
{'statusCode': 0, 'package': '@0xsequence/guard_0.40.4', 'message': 'no deps or dev-deps'}
{'statusCode': 0, 'package': '@0xsequence/guard_0.0.0-20220728215555', 'message': 'no deps or dev-deps'}
{'statusCode': 0, 'package': '@0xsequence/guard_0.40.5', 'message': 'no deps or dev-deps'}
{'statusCode': 0, 'package': '@0xsequence/guard_0.0.0-20220804202525', 'message': 'no deps or dev-deps'}
{'statusCode': 0, 'package': '@0xsequence/guard_0.40.6', 'message': 'no deps or dev-deps'}
{'statusCode': 0, 'package': '@0xsequence/guard_0.0.0-20220825181818', 'message': 'no deps or dev-deps'}
{'statusCode': 0, 'package': '@0xsequence/guard_0.0.0-20220825190100', 'message': 'no deps or dev-deps'}
{'statusCode': 0, 'package': '@0xsequence/guard_0.41.0', 'message': 'no deps or dev-deps'}
{'statusCode': 0, 'package': '@0xsequence/guard_0.41.1', 'message': 'no deps or dev-deps'}
{'statusCode': 0, 'package': '@0xsequence/guard_0.41.2', 'message': 'no deps or dev-deps'}
{'statusCode': 0, 'package': '@0xsequence/guard_0.41.3', 'message': 'no deps or dev-deps'}
{'statusCode': 0, 'package': '@0xsequence/guard_0.42.0', 'message': 'no deps or dev-deps'}
{'statusCode': 0, 'package': '@0xsequence/guard_0.42.1', 'message': 'no deps or dev-deps'}
{'statusCode': 0, 'package': '@0xsequence/guard_0.42.2', 'message': 'no deps or dev-deps'}
{'statusCode': 0, 'package': '@0xsequence/guard_0.42.3', 'message': 'no deps or dev-deps'}
{'statusCode': 0, 'package': '@0xsequence/guard_0.42.4', 'message': 'no deps or dev-deps'}
{'statusCode': 0, 'package': '@0xsequence/guard_0.42.5', 'message': 'no deps or dev-deps'}
{'statusCode': 0, 'package': '@0xsequence/guard_0.42.6', 'message': 'no deps or dev-deps'}
{'statusCode': 0, 'package': '@0xsequence/guard_0.42.7', 'message': 'no deps or dev-deps'}
{'statusCode': 0, 'package': '@0xsequence/guard_0.42.8', 'message': 'no deps or dev-deps'}
{'statusCode': 0, 'package': '@0xsequence/guard_0.42.9', 'message': 'no deps or dev-deps'}
{'statusCode': 0, 'package': '@0xsequence/guard_0.42.10', 'message': 'no deps or dev-deps'}
{'statusCode': 0, 'package': '@0xsequence/guard_0.43.0', 'message': 'no deps or dev-deps'}
{'statusCode': 0, 'package': '@0xsequence/guard_0.43.1', 'message': 'no deps or dev-deps'}
{'statusCode': 0, 'package': '@0xsequence/guard_0.43.2', 'message': 'no deps or dev-deps'}
{'statusCode': 0, 'package': '@0xsequence/guard_0.43.3', 'message': 'no deps or dev-deps'}
{'statusCode': 0, 'package': '@0xsequence/guard_0.0.0-20221124173317', 'message': 'no deps or dev-deps'}
{'statusCode': 0, 'package': '@0xsequence/guard_0.43.4', 'message': 'no deps or dev-deps'}
{'statusCode': 0, 'package': '@0xsequence/guard_0.43.5', 'message': 'no deps or dev-deps'}
{'statusCode': 0, 'package': '@0xsequence/guard_0.43.6', 'message': 'no deps or dev-deps'}
{'statusCode': 0, 'package': '@0xsequence/guard_0.43.7', 'message': 'no deps or dev-deps'}
{'statusCode': 0, 'package': '@0xsequence/guard_0.7.0', 'message': 'no deps or dev-deps'}
{'statusCode': 0, 'package': '@0xsequence/guard_0.8.0', 'message': 'no deps or dev-deps'}
{'statusCode': 0, 'package': '@0xsequence/guard_0.8.1', 'message': 'no deps or dev-deps'}
{'statusCode': 0, 'package': '@0xsequence/guard_0.8.2', 'message': 'no deps or dev-deps'}
{'statusCode': 0, 'package': '@0xsequence/guard_0.8.3', 'message': 'no deps or dev-deps'}
{'statusCode': 0, 'package': '@0xsequence/guard_0.8.4', 'message': 'no deps or dev-deps'}
{'statusCode': 0, 'package': '@0xsequence/guard_0.8.5', 'message': 'no deps or dev-deps'}
{'statusCode': 0, 'package': '@0xsequence/guard_0.9.1', 'message': 'no deps or dev-deps'}
{'statusCode': 0, 'package': '@0xsequence/guard_0.9.3', 'message': 'no deps or dev-deps'}
{'statusCode': 0, 'package': '@0xsequence/guard_0.9.6', 'message': 'no deps or dev-deps'}
{'statusCode': 0, 'package': '@0xsequence/guard_0.10.0', 'message': 'no deps or dev-deps'}
{'statusCode': 0, 'package': '@0xsequence/guard_0.10.1', 'message': 'no deps or dev-deps'}
{'statusCode': 0, 'package': '@0xsequence/guard_0.10.2', 'message': 'no deps or dev-deps'}
{'statusCode': 0, 'package': '@0xsequence/guard_0.10.3', 'message': 'no deps or dev-deps'}
{'statusCode': 0, 'package': '@0xsequence/guard_0.10.4', 'message': 'no deps or dev-deps'}
{'statusCode': 0, 'package': '@0xsequence/guard_0.10.5', 'message': 'no deps or dev-deps'}
{'statusCode': 0, 'package': '@0xsequence/guard_0.10.6', 'message': 'no deps or dev-deps'}
{'statusCode': 0, 'package': '@0xsequence/guard_0.10.7', 'message': 'no deps or dev-deps'}
{'statusCode': 0, 'package': '@0xsequence/guard_0.10.8', 'message': 'no deps or dev-deps'}
{'statusCode': 0, 'package': '@0xsequence/guard_0.10.9', 'message': 'no deps or dev-deps'}
{'statusCode': 0, 'package': '@0xsequence/guard_0.11.0', 'message': 'no deps or dev-deps'}
{'statusCode': 0, 'package': '@0xsequence/guard_0.11.1', 'message': 'no deps or dev-deps'}
{'statusCode': 0, 'package': '@0xsequence/guard_0.11.2', 'message': 'no deps or dev-deps'}
{'statusCode': 0, 'package': '@0xsequence/guard_0.11.3', 'message': 'no deps or dev-deps'}
{'statusCode': 0, 'package': '@0xsequence/guard_0.11.4', 'message': 'no deps or dev-deps'}
{'statusCode': 0, 'package': '@0xsequence/guard_0.12.0', 'message': 'no deps or dev-deps'}
{'statusCode': 0, 'package': '@0xsequence/guard_0.12.1', 'message': 'no deps or dev-deps'}
{'statusCode': 0, 'package': '@0xsequence/guard_0.13.0', 'message': 'no deps or dev-deps'}
{'statusCode': 0, 'package': '@0xsequence/guard_0.14.0', 'message': 'no deps or dev-deps'}
{'statusCode': 0, 'package': '@0xsequence/guard_0.14.3', 'message': 'no deps or dev-deps'}
{'statusCode': 0, 'package': '@0xsequence/guard_0.15.1', 'message': 'no deps or dev-deps'}
{'statusCode': 0, 'package': '@0xsequence/guard_0.16.0', 'message': 'no deps or dev-deps'}
{'statusCode': 0, 'package': '@0xsequence/guard_0.18.0', 'message': 'no deps or dev-deps'}
{'statusCode': 0, 'package': '@0xsequence/guard_0.19.0', 'message': 'no deps or dev-deps'}
{'statusCode': 0, 'package': '@0xsequence/guard_0.19.3', 'message': 'no deps or dev-deps'}
{'statusCode': 0, 'package': '@0xsequence/guard_0.21.0', 'message': 'no deps or dev-deps'}
{'statusCode': 0, 'package': '@0xsequence/guard_0.21.2', 'message': 'no deps or dev-deps'}
{'statusCode': 0, 'package': '@0xsequence/guard_0.21.3', 'message': 'no deps or dev-deps'}
{'statusCode': 0, 'package': '@0xsequence/guard_0.21.4', 'message': 'no deps or dev-deps'}
{'statusCode': 0, 'package': '@0xsequence/guard_0.21.5', 'message': 'no deps or dev-deps'}
{'statusCode': 0, 'package': '@0xsequence/guard_0.22.0', 'message': 'no deps or dev-deps'}
{'statusCode': 0, 'package': '@0xsequence/guard_0.22.1', 'message': 'no deps or dev-deps'}
{'statusCode': 0, 'package': '@0xsequence/guard_0.22.2', 'message': 'no deps or dev-deps'}
{'statusCode': 0, 'package': '@0xsequence/guard_0.23.0', 'message': 'no deps or dev-deps'}
{'statusCode': 0, 'package': '@0xsequence/guard_0.25.0', 'message': 'no deps or dev-deps'}
{'statusCode': 0, 'package': '@0xsequence/guard_0.25.1', 'message': 'no deps or dev-deps'}
{'statusCode': 0, 'package': '@0xsequence/guard_0.27.0', 'message': 'no deps or dev-deps'}
{'statusCode': 0, 'package': '@0xsequence/guard_0.28.0', 'message': 'no deps or dev-deps'}
{'statusCode': 0, 'package': '@0xsequence/guard_0.0.0-2021827201516', 'message': 'no deps or dev-deps'}
{'statusCode': 0, 'package': '@0xsequence/guard_0.29.8', 'message': 'no deps or dev-deps'}
{'statusCode': 0, 'package': '@0xsequence/guard_0.30.0', 'message': 'no deps or dev-deps'}
{'statusCode': 0, 'package': '@0xsequence/guard_0.31.0', 'message': 'no deps or dev-deps'}
{'statusCode': 0, 'package': '@0xsequence/guard_0.34.0', 'message': 'no deps or dev-deps'}
{'statusCode': 0, 'package': '@0xsequence/guard_0.35.0', 'message': 'no deps or dev-deps'}
{'statusCode': 0, 'package': '@0xsequence/guard_0.35.1', 'message': 'no deps or dev-deps'}
{'statusCode': 0, 'package': '@0xsequence/guard_0.35.2', 'message': 'no deps or dev-deps'}
{'statusCode': 0, 'package': '@0xsequence/guard_0.35.3', 'message': 'no deps or dev-deps'}
{'statusCode': 0, 'package': '@0xsequence/guard_0.35.4', 'message': 'no deps or dev-deps'}
{'statusCode': 0, 'package': '@0xsequence/guard_0.35.5', 'message': 'no deps or dev-deps'}
{'statusCode': 0, 'package': '@0xsequence/guard_0.35.6', 'message': 'no deps or dev-deps'}
{'statusCode': 0, 'package': '@0xsequence/guard_0.35.7', 'message': 'no deps or dev-deps'}
{'statusCode': 0, 'package': '@0xsequence/guard_0.35.8', 'message': 'no deps or dev-deps'}
{'statusCode': 0, 'package': '@0xsequence/guard_0.35.9', 'message': 'no deps or dev-deps'}
{'statusCode': 0, 'package': '@0xsequence/guard_0.35.10', 'message': 'no deps or dev-deps'}
{'statusCode': 0, 'package': '@0xsequence/guard_0.35.11', 'message': 'no deps or dev-deps'}
{'statusCode': 0, 'package': '@0xsequence/guard_0.35.12', 'message': 'no deps or dev-deps'}
{'statusCode': 0, 'package': '@0xsequence/guard_0.36.0', 'message': 'no deps or dev-deps'}
{'statusCode': 0, 'package': '@0xsequence/guard_0.36.1', 'message': 'no deps or dev-deps'}
{'statusCode': 0, 'package': '@0xsequence/guard_0.36.2', 'message': 'no deps or dev-deps'}
{'statusCode': 0, 'package': '@0xsequence/guard_0.36.3', 'message': 'no deps or dev-deps'}
{'statusCode': 0, 'package': '@0xsequence/guard_0.36.4', 'message': 'no deps or dev-deps'}
{'statusCode': 0, 'package': '@0xsequence/guard_0.36.5', 'message': 'no deps or dev-deps'}
{'statusCode': 0, 'package': '@0xsequence/guard_0.36.6', 'message': 'no deps or dev-deps'}
{'statusCode': 0, 'package': '@0xsequence/guard_0.36.7', 'message': 'no deps or dev-deps'}
{'statusCode': 0, 'package': '@0xsequence/guard_0.36.8', 'message': 'no deps or dev-deps'}
{'statusCode': 0, 'package': '@0xsequence/guard_0.36.9', 'message': 'no deps or dev-deps'}
{'statusCode': 0, 'package': '@0xsequence/guard_0.36.10', 'message': 'no deps or dev-deps'}
{'statusCode': 0, 'package': '@0xsequence/guard_0.0.0-20220418165517', 'message': 'no deps or dev-deps'}
{'statusCode': 0, 'package': '@0xsequence/guard_0.36.11', 'message': 'no deps or dev-deps'}
{'statusCode': 0, 'package': '@0xsequence/guard_0.0.0-20220425195445', 'message': 'no deps or dev-deps'}
{'statusCode': 0, 'package': '@0xsequence/guard_0.36.12', 'message': 'no deps or dev-deps'}
{'statusCode': 0, 'package': '@0xsequence/guard_0.0.0-20220427054350', 'message': 'no deps or dev-deps'}
{'statusCode': 0, 'package': '@0xsequence/guard_0.0.0-20220427055332', 'message': 'no deps or dev-deps'}
{'statusCode': 0, 'package': '@0xsequence/guard_0.0.0-20220427161307', 'message': 'no deps or dev-deps'}
{'statusCode': 0, 'package': '@0xsequence/guard_0.0.0-20220427162812', 'message': 'no deps or dev-deps'}
{'statusCode': 0, 'package': '@0xsequence/guard_0.36.13', 'message': 'no deps or dev-deps'}
{'statusCode': 0, 'package': '@0xsequence/guard_0.37.0', 'message': 'no deps or dev-deps'}
{'statusCode': 0, 'package': '@0xsequence/guard_0.37.1', 'message': 'no deps or dev-deps'}
{'statusCode': 0, 'package': '@0xsequence/guard_0.0.0-20220506174803', 'message': 'no deps or dev-deps'}
{'statusCode': 0, 'package': '@0xsequence/guard_0.0.0-20220506195001', 'message': 'no deps or dev-deps'}
{'statusCode': 0, 'package': '@0xsequence/guard_0.0.0-20220513134147', 'message': 'no deps or dev-deps'}
{'statusCode': 0, 'package': '@0xsequence/guard_0.38.0', 'message': 'no deps or dev-deps'}
{'statusCode': 0, 'package': '@0xsequence/guard_0.38.1', 'message': 'no deps or dev-deps'}
{'statusCode': 0, 'package': '@0xsequence/guard_0.38.2', 'message': 'no deps or dev-deps'}
{'statusCode': 0, 'package': '@0xsequence/guard_0.39.0', 'message': 'no deps or dev-deps'}
{'statusCode': 0, 'package': '@0xsequence/guard_0.0.0-20220519151110', 'message': 'no deps or dev-deps'}
{'statusCode': 0, 'package': '@0xsequence/guard_0.0.0-20220519202656', 'message': 'no deps or dev-deps'}
{'statusCode': 0, 'package': '@0xsequence/guard_0.0.0-20220601185217', 'message': 'no deps or dev-deps'}
{'statusCode': 0, 'package': '@0xsequence/guard_0.39.1', 'message': 'no deps or dev-deps'}
{'statusCode': 0, 'package': '@0xsequence/guard_0.39.2', 'message': 'no deps or dev-deps'}
{'statusCode': 0, 'package': '@0xsequence/guard_0.0.0-20220609204505', 'message': 'no deps or dev-deps'}
{'statusCode': 0, 'package': '@0xsequence/guard_0.0.0-20220610134843', 'message': 'no deps or dev-deps'}
{'statusCode': 0, 'package': '@0xsequence/guard_0.39.3', 'message': 'no deps or dev-deps'}
{'statusCode': 0, 'package': '@0xsequence/guard_0.0.0-20220614152529', 'message': 'no deps or dev-deps'}
{'statusCode': 0, 'package': '@0xsequence/guard_0.0.0-20220616121217', 'message': 'no deps or dev-deps'}
{'statusCode': 0, 'package': '@0xsequence/guard_0.39.4', 'message': 'no deps or dev-deps'}
{'statusCode': 0, 'package': '@0xsequence/guard_0.39.5', 'message': 'no deps or dev-deps'}
{'statusCode': 0, 'package': '@0xsequence/guard_0.39.6', 'message': 'no deps or dev-deps'}
{'statusCode': 0, 'package': '@0xsequence/guard_0.0.0-26b08ee9-20220629135033', 'message': 'no deps or dev-deps'}
{'statusCode': 0, 'package': '@0xsequence/guard_0.0.0-cdbb3137-20220630190630', 'message': 'no deps or dev-deps'}
{'statusCode': 0, 'package': '@0xsequence/guard_0.0.0-cdbb3137-20220630191603', 'message': 'no deps or dev-deps'}
{'statusCode': 0, 'package': '@0xsequence/guard_0.0.0-cdbb3137-20220630192830', 'message': 'no deps or dev-deps'}
{'statusCode': 0, 'package': '@0xsequence/guard_0.0.0-20220630194654', 'message': 'no deps or dev-deps'}
{'statusCode': 0, 'package': '@0xsequence/guard_0.0.0-20220630211555', 'message': 'no deps or dev-deps'}
{'statusCode': 0, 'package': '@0xsequence/guard_0.0.0-20220630215108', 'message': 'no deps or dev-deps'}
{'statusCode': 0, 'package': '@0xsequence/guard_0.0.0-20220703182449', 'message': 'no deps or dev-deps'}
{'statusCode': 0, 'package': '@0xsequence/guard_0.0.0-20220704043930', 'message': 'no deps or dev-deps'}
{'statusCode': 0, 'package': '@0xsequence/guard_0.0.0-20220706193010', 'message': 'no deps or dev-deps'}
{'statusCode': 0, 'package': '@0xsequence/guard_0.0.0-20220710174545', 'message': 'no deps or dev-deps'}
{'statusCode': 0, 'package': '@0xsequence/guard_0.0.0-coolcats-0.36.12-20220711222640', 'message': 'no deps or dev-deps'}
{'statusCode': 0, 'package': '@0xsequence/guard_0.40.0', 'message': 'no deps or dev-deps'}
{'statusCode': 0, 'package': '@0xsequence/guard_0.40.1', 'message': 'no deps or dev-deps'}
{'statusCode': 0, 'package': '@0xsequence/guard_0.0.0-20220713211319', 'message': 'no deps or dev-deps'}
{'statusCode': 0, 'package': '@0xsequence/guard_0.0.0-20220714164224', 'message': 'no deps or dev-deps'}
{'statusCode': 0, 'package': '@0xsequence/guard_0.40.2', 'message': 'no deps or dev-deps'}
{'statusCode': 0, 'package': '@0xsequence/guard_0.0.0-20220719173737', 'message': 'no deps or dev-deps'}
{'statusCode': 0, 'package': '@0xsequence/guard_0.0.0-20220722145329', 'message': 'no deps or dev-deps'}
{'statusCode': 0, 'package': '@0xsequence/guard_0.0.0-20220725200200', 'message': 'no deps or dev-deps'}
{'statusCode': 0, 'package': '@0xsequence/guard_0.40.3', 'message': 'no deps or dev-deps'}
{'statusCode': 0, 'package': '@0xsequence/guard_0.0.0-20220728141414', 'message': 'no deps or dev-deps'}
{'statusCode': 0, 'package': '@0xsequence/guard_0.40.4', 'message': 'no deps or dev-deps'}
{'statusCode': 0, 'package': '@0xsequence/guard_0.0.0-20220728215555', 'message': 'no deps or dev-deps'}
{'statusCode': 0, 'package': '@0xsequence/guard_0.40.5', 'message': 'no deps or dev-deps'}
{'statusCode': 0, 'package': '@0xsequence/guard_0.0.0-20220804202525', 'message': 'no deps or dev-deps'}
{'statusCode': 0, 'package': '@0xsequence/guard_0.40.6', 'message': 'no deps or dev-deps'}
{'statusCode': 0, 'package': '@0xsequence/guard_0.0.0-20220825181818', 'message': 'no deps or dev-deps'}
{'statusCode': 0, 'package': '@0xsequence/guard_0.0.0-20220825190100', 'message': 'no deps or dev-deps'}
{'statusCode': 0, 'package': '@0xsequence/guard_0.41.0', 'message': 'no deps or dev-deps'}
{'statusCode': 0, 'package': '@0xsequence/guard_0.41.1', 'message': 'no deps or dev-deps'}
{'statusCode': 0, 'package': '@0xsequence/guard_0.41.2', 'message': 'no deps or dev-deps'}
{'statusCode': 0, 'package': '@0xsequence/guard_0.41.3', 'message': 'no deps or dev-deps'}
{'statusCode': 0, 'package': '@0xsequence/guard_0.42.0', 'message': 'no deps or dev-deps'}
{'statusCode': 0, 'package': '@0xsequence/guard_0.42.1', 'message': 'no deps or dev-deps'}
{'statusCode': 0, 'package': '@0xsequence/guard_0.42.2', 'message': 'no deps or dev-deps'}
{'statusCode': 0, 'package': '@0xsequence/guard_0.42.3', 'message': 'no deps or dev-deps'}
{'statusCode': 0, 'package': '@0xsequence/guard_0.42.4', 'message': 'no deps or dev-deps'}
{'statusCode': 0, 'package': '@0xsequence/guard_0.42.5', 'message': 'no deps or dev-deps'}
{'statusCode': 0, 'package': '@0xsequence/guard_0.42.6', 'message': 'no deps or dev-deps'}
{'statusCode': 0, 'package': '@0xsequence/guard_0.42.7', 'message': 'no deps or dev-deps'}
{'statusCode': 0, 'package': '@0xsequence/guard_0.42.8', 'message': 'no deps or dev-deps'}
{'statusCode': 0, 'package': '@0xsequence/guard_0.42.9', 'message': 'no deps or dev-deps'}
{'statusCode': 0, 'package': '@0xsequence/guard_0.42.10', 'message': 'no deps or dev-deps'}
{'statusCode': 0, 'package': '@0xsequence/guard_0.43.0', 'message': 'no deps or dev-deps'}
{'statusCode': 0, 'package': '@0xsequence/guard_0.43.1', 'message': 'no deps or dev-deps'}
{'statusCode': 0, 'package': '@0xsequence/guard_0.43.2', 'message': 'no deps or dev-deps'}
{'statusCode': 0, 'package': '@0xsequence/guard_0.43.3', 'message': 'no deps or dev-deps'}
{'statusCode': 0, 'package': '@0xsequence/guard_0.0.0-20221124173317', 'message': 'no deps or dev-deps'}
{'statusCode': 0, 'package': '@0xsequence/guard_0.43.4', 'message': 'no deps or dev-deps'}
{'statusCode': 0, 'package': '@0xsequence/guard_0.43.5', 'message': 'no deps or dev-deps'}
{'statusCode': 0, 'package': '@0xsequence/guard_0.43.6', 'message': 'no deps or dev-deps'}
{'statusCode': 0, 'package': '@0xsequence/guard_0.43.7', 'message': 'no deps or dev-deps'}
{'statusCode': 0, 'package': '@0xsequence/guard_0.7.0', 'message': 'no deps or dev-deps'}
{'statusCode': 0, 'package': '@0xsequence/guard_0.8.0', 'message': 'no deps or dev-deps'}
{'statusCode': 0, 'package': '@0xsequence/guard_0.8.1', 'message': 'no deps or dev-deps'}
{'statusCode': 0, 'package': '@0xsequence/guard_0.8.2', 'message': 'no deps or dev-deps'}
{'statusCode': 0, 'package': '@0xsequence/guard_0.8.3', 'message': 'no deps or dev-deps'}
{'statusCode': 0, 'package': '@0xsequence/guard_0.8.4', 'message': 'no deps or dev-deps'}
{'statusCode': 0, 'package': '@0xsequence/guard_0.8.5', 'message': 'no deps or dev-deps'}
{'statusCode': 0, 'package': '@0xsequence/guard_0.9.1', 'message': 'no deps or dev-deps'}
{'statusCode': 0, 'package': '@0xsequence/guard_0.9.3', 'message': 'no deps or dev-deps'}
{'statusCode': 0, 'package': '@0xsequence/guard_0.9.6', 'message': 'no deps or dev-deps'}
{'statusCode': 0, 'package': '@0xsequence/guard_0.10.0', 'message': 'no deps or dev-deps'}
{'statusCode': 0, 'package': '@0xsequence/guard_0.10.1', 'message': 'no deps or dev-deps'}
{'statusCode': 0, 'package': '@0xsequence/guard_0.10.2', 'message': 'no deps or dev-deps'}
{'statusCode': 0, 'package': '@0xsequence/guard_0.10.3', 'message': 'no deps or dev-deps'}
{'statusCode': 0, 'package': '@0xsequence/guard_0.10.4', 'message': 'no deps or dev-deps'}
{'statusCode': 0, 'package': '@0xsequence/guard_0.10.5', 'message': 'no deps or dev-deps'}
{'statusCode': 0, 'package': '@0xsequence/guard_0.10.6', 'message': 'no deps or dev-deps'}
{'statusCode': 0, 'package': '@0xsequence/guard_0.10.7', 'message': 'no deps or dev-deps'}
{'statusCode': 0, 'package': '@0xsequence/guard_0.10.8', 'message': 'no deps or dev-deps'}
{'statusCode': 0, 'package': '@0xsequence/guard_0.10.9', 'message': 'no deps or dev-deps'}
{'statusCode': 0, 'package': '@0xsequence/guard_0.11.0', 'message': 'no deps or dev-deps'}
{'statusCode': 0, 'package': '@0xsequence/guard_0.11.1', 'message': 'no deps or dev-deps'}
{'statusCode': 0, 'package': '@0xsequence/guard_0.11.2', 'message': 'no deps or dev-deps'}
{'statusCode': 0, 'package': '@0xsequence/guard_0.11.3', 'message': 'no deps or dev-deps'}
{'statusCode': 0, 'package': '@0xsequence/guard_0.11.4', 'message': 'no deps or dev-deps'}
{'statusCode': 0, 'package': '@0xsequence/guard_0.12.0', 'message': 'no deps or dev-deps'}
{'statusCode': 0, 'package': '@0xsequence/guard_0.12.1', 'message': 'no deps or dev-deps'}
{'statusCode': 0, 'package': '@0xsequence/guard_0.13.0', 'message': 'no deps or dev-deps'}
{'statusCode': 0, 'package': '@0xsequence/guard_0.14.0', 'message': 'no deps or dev-deps'}
{'statusCode': 0, 'package': '@0xsequence/guard_0.14.3', 'message': 'no deps or dev-deps'}
{'statusCode': 0, 'package': '@0xsequence/guard_0.15.1', 'message': 'no deps or dev-deps'}
{'statusCode': 0, 'package': '@0xsequence/guard_0.16.0', 'message': 'no deps or dev-deps'}
{'statusCode': 0, 'package': '@0xsequence/guard_0.18.0', 'message': 'no deps or dev-deps'}
{'statusCode': 0, 'package': '@0xsequence/guard_0.19.0', 'message': 'no deps or dev-deps'}
{'statusCode': 0, 'package': '@0xsequence/guard_0.19.3', 'message': 'no deps or dev-deps'}
{'statusCode': 0, 'package': '@0xsequence/guard_0.21.0', 'message': 'no deps or dev-deps'}
{'statusCode': 0, 'package': '@0xsequence/guard_0.21.2', 'message': 'no deps or dev-deps'}
{'statusCode': 0, 'package': '@0xsequence/guard_0.21.3', 'message': 'no deps or dev-deps'}
{'statusCode': 0, 'package': '@0xsequence/guard_0.21.4', 'message': 'no deps or dev-deps'}
{'statusCode': 0, 'package': '@0xsequence/guard_0.21.5', 'message': 'no deps or dev-deps'}
{'statusCode': 0, 'package': '@0xsequence/guard_0.22.0', 'message': 'no deps or dev-deps'}
{'statusCode': 0, 'package': '@0xsequence/guard_0.22.1', 'message': 'no deps or dev-deps'}
{'statusCode': 0, 'package': '@0xsequence/guard_0.22.2', 'message': 'no deps or dev-deps'}
{'statusCode': 0, 'package': '@0xsequence/guard_0.23.0', 'message': 'no deps or dev-deps'}
{'statusCode': 0, 'package': '@0xsequence/guard_0.25.0', 'message': 'no deps or dev-deps'}
{'statusCode': 0, 'package': '@0xsequence/guard_0.25.1', 'message': 'no deps or dev-deps'}
{'statusCode': 0, 'package': '@0xsequence/guard_0.27.0', 'message': 'no deps or dev-deps'}
{'statusCode': 0, 'package': '@0xsequence/guard_0.28.0', 'message': 'no deps or dev-deps'}
{'statusCode': 0, 'package': '@0xsequence/guard_0.0.0-2021827201516', 'message': 'no deps or dev-deps'}
{'statusCode': 0, 'package': '@0xsequence/guard_0.29.8', 'message': 'no deps or dev-deps'}
{'statusCode': 0, 'package': '@0xsequence/guard_0.30.0', 'message': 'no deps or dev-deps'}
{'statusCode': 0, 'package': '@0xsequence/guard_0.31.0', 'message': 'no deps or dev-deps'}
{'statusCode': 0, 'package': '@0xsequence/guard_0.34.0', 'message': 'no deps or dev-deps'}
{'statusCode': 0, 'package': '@0xsequence/guard_0.35.0', 'message': 'no deps or dev-deps'}
{'statusCode': 0, 'package': '@0xsequence/guard_0.35.1', 'message': 'no deps or dev-deps'}
{'statusCode': 0, 'package': '@0xsequence/guard_0.35.2', 'message': 'no deps or dev-deps'}
{'statusCode': 0, 'package': '@0xsequence/guard_0.35.3', 'message': 'no deps or dev-deps'}
{'statusCode': 0, 'package': '@0xsequence/guard_0.35.4', 'message': 'no deps or dev-deps'}
{'statusCode': 0, 'package': '@0xsequence/guard_0.35.5', 'message': 'no deps or dev-deps'}
{'statusCode': 0, 'package': '@0xsequence/guard_0.35.6', 'message': 'no deps or dev-deps'}
{'statusCode': 0, 'package': '@0xsequence/guard_0.35.7', 'message': 'no deps or dev-deps'}
{'statusCode': 0, 'package': '@0xsequence/guard_0.35.8', 'message': 'no deps or dev-deps'}
{'statusCode': 0, 'package': '@0xsequence/guard_0.35.9', 'message': 'no deps or dev-deps'}
{'statusCode': 0, 'package': '@0xsequence/guard_0.35.10', 'message': 'no deps or dev-deps'}
{'statusCode': 0, 'package': '@0xsequence/guard_0.35.11', 'message': 'no deps or dev-deps'}
{'statusCode': 0, 'package': '@0xsequence/guard_0.35.12', 'message': 'no deps or dev-deps'}
{'statusCode': 0, 'package': '@0xsequence/guard_0.36.0', 'message': 'no deps or dev-deps'}
{'statusCode': 0, 'package': '@0xsequence/guard_0.36.1', 'message': 'no deps or dev-deps'}
{'statusCode': 0, 'package': '@0xsequence/guard_0.36.2', 'message': 'no deps or dev-deps'}
{'statusCode': 0, 'package': '@0xsequence/guard_0.36.3', 'message': 'no deps or dev-deps'}
{'statusCode': 0, 'package': '@0xsequence/guard_0.36.4', 'message': 'no deps or dev-deps'}
{'statusCode': 0, 'package': '@0xsequence/guard_0.36.5', 'message': 'no deps or dev-deps'}
{'statusCode': 0, 'package': '@0xsequence/guard_0.36.6', 'message': 'no deps or dev-deps'}
{'statusCode': 0, 'package': '@0xsequence/guard_0.36.7', 'message': 'no deps or dev-deps'}
{'statusCode': 0, 'package': '@0xsequence/guard_0.36.8', 'message': 'no deps or dev-deps'}
{'statusCode': 0, 'package': '@0xsequence/guard_0.36.9', 'message': 'no deps or dev-deps'}
{'statusCode': 0, 'package': '@0xsequence/guard_0.36.10', 'message': 'no deps or dev-deps'}
{'statusCode': 0, 'package': '@0xsequence/guard_0.0.0-20220418165517', 'message': 'no deps or dev-deps'}
{'statusCode': 0, 'package': '@0xsequence/guard_0.36.11', 'message': 'no deps or dev-deps'}
{'statusCode': 0, 'package': '@0xsequence/guard_0.0.0-20220425195445', 'message': 'no deps or dev-deps'}
{'statusCode': 0, 'package': '@0xsequence/guard_0.36.12', 'message': 'no deps or dev-deps'}
{'statusCode': 0, 'package': '@0xsequence/guard_0.0.0-20220427054350', 'message': 'no deps or dev-deps'}
{'statusCode': 0, 'package': '@0xsequence/guard_0.0.0-20220427055332', 'message': 'no deps or dev-deps'}
{'statusCode': 0, 'package': '@0xsequence/guard_0.0.0-20220427161307', 'message': 'no deps or dev-deps'}
{'statusCode': 0, 'package': '@0xsequence/guard_0.0.0-20220427162812', 'message': 'no deps or dev-deps'}
{'statusCode': 0, 'package': '@0xsequence/guard_0.36.13', 'message': 'no deps or dev-deps'}
{'statusCode': 0, 'package': '@0xsequence/guard_0.37.0', 'message': 'no deps or dev-deps'}
{'statusCode': 0, 'package': '@0xsequence/guard_0.37.1', 'message': 'no deps or dev-deps'}
{'statusCode': 0, 'package': '@0xsequence/guard_0.0.0-20220506174803', 'message': 'no deps or dev-deps'}
{'statusCode': 0, 'package': '@0xsequence/guard_0.0.0-20220506195001', 'message': 'no deps or dev-deps'}
{'statusCode': 0, 'package': '@0xsequence/guard_0.0.0-20220513134147', 'message': 'no deps or dev-deps'}
{'statusCode': 0, 'package': '@0xsequence/guard_0.38.0', 'message': 'no deps or dev-deps'}
{'statusCode': 0, 'package': '@0xsequence/guard_0.38.1', 'message': 'no deps or dev-deps'}
{'statusCode': 0, 'package': '@0xsequence/guard_0.38.2', 'message': 'no deps or dev-deps'}
{'statusCode': 0, 'package': '@0xsequence/guard_0.39.0', 'message': 'no deps or dev-deps'}
{'statusCode': 0, 'package': '@0xsequence/guard_0.0.0-20220519151110', 'message': 'no deps or dev-deps'}
{'statusCode': 0, 'package': '@0xsequence/guard_0.0.0-20220519202656', 'message': 'no deps or dev-deps'}
{'statusCode': 0, 'package': '@0xsequence/guard_0.0.0-20220601185217', 'message': 'no deps or dev-deps'}
{'statusCode': 0, 'package': '@0xsequence/guard_0.39.1', 'message': 'no deps or dev-deps'}
{'statusCode': 0, 'package': '@0xsequence/guard_0.39.2', 'message': 'no deps or dev-deps'}
{'statusCode': 0, 'package': '@0xsequence/guard_0.0.0-20220609204505', 'message': 'no deps or dev-deps'}
{'statusCode': 0, 'package': '@0xsequence/guard_0.0.0-20220610134843', 'message': 'no deps or dev-deps'}
{'statusCode': 0, 'package': '@0xsequence/guard_0.39.3', 'message': 'no deps or dev-deps'}
{'statusCode': 0, 'package': '@0xsequence/guard_0.0.0-20220614152529', 'message': 'no deps or dev-deps'}
{'statusCode': 0, 'package': '@0xsequence/guard_0.0.0-20220616121217', 'message': 'no deps or dev-deps'}
{'statusCode': 0, 'package': '@0xsequence/guard_0.39.4', 'message': 'no deps or dev-deps'}
{'statusCode': 0, 'package': '@0xsequence/guard_0.39.5', 'message': 'no deps or dev-deps'}
{'statusCode': 0, 'package': '@0xsequence/guard_0.39.6', 'message': 'no deps or dev-deps'}
{'statusCode': 0, 'package': '@0xsequence/guard_0.0.0-26b08ee9-20220629135033', 'message': 'no deps or dev-deps'}
{'statusCode': 0, 'package': '@0xsequence/guard_0.0.0-cdbb3137-20220630190630', 'message': 'no deps or dev-deps'}
{'statusCode': 0, 'package': '@0xsequence/guard_0.0.0-cdbb3137-20220630191603', 'message': 'no deps or dev-deps'}
{'statusCode': 0, 'package': '@0xsequence/guard_0.0.0-cdbb3137-20220630192830', 'message': 'no deps or dev-deps'}
{'statusCode': 0, 'package': '@0xsequence/guard_0.0.0-20220630194654', 'message': 'no deps or dev-deps'}
{'statusCode': 0, 'package': '@0xsequence/guard_0.0.0-20220630211555', 'message': 'no deps or dev-deps'}
{'statusCode': 0, 'package': '@0xsequence/guard_0.0.0-20220630215108', 'message': 'no deps or dev-deps'}
{'statusCode': 0, 'package': '@0xsequence/guard_0.0.0-20220703182449', 'message': 'no deps or dev-deps'}
{'statusCode': 0, 'package': '@0xsequence/guard_0.0.0-20220704043930', 'message': 'no deps or dev-deps'}
{'statusCode': 0, 'package': '@0xsequence/guard_0.0.0-20220706193010', 'message': 'no deps or dev-deps'}
{'statusCode': 0, 'package': '@0xsequence/guard_0.0.0-20220710174545', 'message': 'no deps or dev-deps'}
{'statusCode': 0, 'package': '@0xsequence/guard_0.0.0-coolcats-0.36.12-20220711222640', 'message': 'no deps or dev-deps'}
{'statusCode': 0, 'package': '@0xsequence/guard_0.40.0', 'message': 'no deps or dev-deps'}
{'statusCode': 0, 'package': '@0xsequence/guard_0.40.1', 'message': 'no deps or dev-deps'}
{'statusCode': 0, 'package': '@0xsequence/guard_0.0.0-20220713211319', 'message': 'no deps or dev-deps'}
{'statusCode': 0, 'package': '@0xsequence/guard_0.0.0-20220714164224', 'message': 'no deps or dev-deps'}
{'statusCode': 0, 'package': '@0xsequence/guard_0.40.2', 'message': 'no deps or dev-deps'}
{'statusCode': 0, 'package': '@0xsequence/guard_0.0.0-20220719173737', 'message': 'no deps or dev-deps'}
{'statusCode': 0, 'package': '@0xsequence/guard_0.0.0-20220722145329', 'message': 'no deps or dev-deps'}
{'statusCode': 0, 'package': '@0xsequence/guard_0.0.0-20220725200200', 'message': 'no deps or dev-deps'}
{'statusCode': 0, 'package': '@0xsequence/guard_0.40.3', 'message': 'no deps or dev-deps'}
{'statusCode': 0, 'package': '@0xsequence/guard_0.0.0-20220728141414', 'message': 'no deps or dev-deps'}
{'statusCode': 0, 'package': '@0xsequence/guard_0.40.4', 'message': 'no deps or dev-deps'}
{'statusCode': 0, 'package': '@0xsequence/guard_0.0.0-20220728215555', 'message': 'no deps or dev-deps'}
{'statusCode': 0, 'package': '@0xsequence/guard_0.40.5', 'message': 'no deps or dev-deps'}
{'statusCode': 0, 'package': '@0xsequence/guard_0.0.0-20220804202525', 'message': 'no deps or dev-deps'}
{'statusCode': 0, 'package': '@0xsequence/guard_0.40.6', 'message': 'no deps or dev-deps'}
{'statusCode': 0, 'package': '@0xsequence/guard_0.0.0-20220825181818', 'message': 'no deps or dev-deps'}
{'statusCode': 0, 'package': '@0xsequence/guard_0.0.0-20220825190100', 'message': 'no deps or dev-deps'}
{'statusCode': 0, 'package': '@0xsequence/guard_0.41.0', 'message': 'no deps or dev-deps'}
{'statusCode': 0, 'package': '@0xsequence/guard_0.41.1', 'message': 'no deps or dev-deps'}
{'statusCode': 0, 'package': '@0xsequence/guard_0.41.2', 'message': 'no deps or dev-deps'}
{'statusCode': 0, 'package': '@0xsequence/guard_0.41.3', 'message': 'no deps or dev-deps'}
{'statusCode': 0, 'package': '@0xsequence/guard_0.42.0', 'message': 'no deps or dev-deps'}
{'statusCode': 0, 'package': '@0xsequence/guard_0.42.1', 'message': 'no deps or dev-deps'}
{'statusCode': 0, 'package': '@0xsequence/guard_0.42.2', 'message': 'no deps or dev-deps'}
{'statusCode': 0, 'package': '@0xsequence/guard_0.42.3', 'message': 'no deps or dev-deps'}
{'statusCode': 0, 'package': '@0xsequence/guard_0.42.4', 'message': 'no deps or dev-deps'}
{'statusCode': 0, 'package': '@0xsequence/guard_0.42.5', 'message': 'no deps or dev-deps'}
{'statusCode': 0, 'package': '@0xsequence/guard_0.42.6', 'message': 'no deps or dev-deps'}
{'statusCode': 0, 'package': '@0xsequence/guard_0.42.7', 'message': 'no deps or dev-deps'}
{'statusCode': 0, 'package': '@0xsequence/guard_0.42.8', 'message': 'no deps or dev-deps'}
{'statusCode': 0, 'package': '@0xsequence/guard_0.42.9', 'message': 'no deps or dev-deps'}
{'statusCode': 0, 'package': '@0xsequence/guard_0.42.10', 'message': 'no deps or dev-deps'}
{'statusCode': 0, 'package': '@0xsequence/guard_0.43.0', 'message': 'no deps or dev-deps'}
{'statusCode': 0, 'package': '@0xsequence/guard_0.43.1', 'message': 'no deps or dev-deps'}
{'statusCode': 0, 'package': '@0xsequence/guard_0.43.2', 'message': 'no deps or dev-deps'}
{'statusCode': 0, 'package': '@0xsequence/guard_0.43.3', 'message': 'no deps or dev-deps'}
{'statusCode': 0, 'package': '@0xsequence/guard_0.0.0-20221124173317', 'message': 'no deps or dev-deps'}
{'statusCode': 0, 'package': '@0xsequence/guard_0.43.4', 'message': 'no deps or dev-deps'}
{'statusCode': 0, 'package': '@0xsequence/guard_0.43.5', 'message': 'no deps or dev-deps'}
{'statusCode': 0, 'package': '@0xsequence/guard_0.43.6', 'message': 'no deps or dev-deps'}
{'statusCode': 0, 'package': '@0xsequence/guard_0.43.7', 'message': 'no deps or dev-deps'}
{'statusCode': 0, 'package': '@0xsequence/guard_0.7.0', 'message': 'no deps or dev-deps'}
{'statusCode': 0, 'package': '@0xsequence/guard_0.8.0', 'message': 'no deps or dev-deps'}
{'statusCode': 0, 'package': '@0xsequence/guard_0.8.1', 'message': 'no deps or dev-deps'}
{'statusCode': 0, 'package': '@0xsequence/guard_0.8.2', 'message': 'no deps or dev-deps'}
{'statusCode': 0, 'package': '@0xsequence/guard_0.8.3', 'message': 'no deps or dev-deps'}
{'statusCode': 0, 'package': '@0xsequence/guard_0.8.4', 'message': 'no deps or dev-deps'}
{'statusCode': 0, 'package': '@0xsequence/guard_0.8.5', 'message': 'no deps or dev-deps'}
{'statusCode': 0, 'package': '@0xsequence/guard_0.9.1', 'message': 'no deps or dev-deps'}
{'statusCode': 0, 'package': '@0xsequence/guard_0.9.3', 'message': 'no deps or dev-deps'}
{'statusCode': 0, 'package': '@0xsequence/guard_0.9.6', 'message': 'no deps or dev-deps'}
{'statusCode': 0, 'package': '@0xsequence/guard_0.10.0', 'message': 'no deps or dev-deps'}
{'statusCode': 0, 'package': '@0xsequence/guard_0.10.1', 'message': 'no deps or dev-deps'}
{'statusCode': 0, 'package': '@0xsequence/guard_0.10.2', 'message': 'no deps or dev-deps'}
{'statusCode': 0, 'package': '@0xsequence/guard_0.10.3', 'message': 'no deps or dev-deps'}
{'statusCode': 0, 'package': '@0xsequence/guard_0.10.4', 'message': 'no deps or dev-deps'}
{'statusCode': 0, 'package': '@0xsequence/guard_0.10.5', 'message': 'no deps or dev-deps'}
{'statusCode': 0, 'package': '@0xsequence/guard_0.10.6', 'message': 'no deps or dev-deps'}
{'statusCode': 0, 'package': '@0xsequence/guard_0.10.7', 'message': 'no deps or dev-deps'}
{'statusCode': 0, 'package': '@0xsequence/guard_0.10.8', 'message': 'no deps or dev-deps'}
{'statusCode': 0, 'package': '@0xsequence/guard_0.10.9', 'message': 'no deps or dev-deps'}
{'statusCode': 0, 'package': '@0xsequence/guard_0.11.0', 'message': 'no deps or dev-deps'}
{'statusCode': 0, 'package': '@0xsequence/guard_0.11.1', 'message': 'no deps or dev-deps'}
{'statusCode': 0, 'package': '@0xsequence/guard_0.11.2', 'message': 'no deps or dev-deps'}
{'statusCode': 0, 'package': '@0xsequence/guard_0.11.3', 'message': 'no deps or dev-deps'}
{'statusCode': 0, 'package': '@0xsequence/guard_0.11.4', 'message': 'no deps or dev-deps'}
{'statusCode': 0, 'package': '@0xsequence/guard_0.12.0', 'message': 'no deps or dev-deps'}
{'statusCode': 0, 'package': '@0xsequence/guard_0.12.1', 'message': 'no deps or dev-deps'}
{'statusCode': 0, 'package': '@0xsequence/guard_0.13.0', 'message': 'no deps or dev-deps'}
{'statusCode': 0, 'package': '@0xsequence/guard_0.14.0', 'message': 'no deps or dev-deps'}
{'statusCode': 0, 'package': '@0xsequence/guard_0.14.3', 'message': 'no deps or dev-deps'}
{'statusCode': 0, 'package': '@0xsequence/guard_0.15.1', 'message': 'no deps or dev-deps'}
{'statusCode': 0, 'package': '@0xsequence/guard_0.16.0', 'message': 'no deps or dev-deps'}
{'statusCode': 0, 'package': '@0xsequence/guard_0.18.0', 'message': 'no deps or dev-deps'}
{'statusCode': 0, 'package': '@0xsequence/guard_0.19.0', 'message': 'no deps or dev-deps'}
{'statusCode': 0, 'package': '@0xsequence/guard_0.19.3', 'message': 'no deps or dev-deps'}
{'statusCode': 0, 'package': '@0xsequence/guard_0.21.0', 'message': 'no deps or dev-deps'}
{'statusCode': 0, 'package': '@0xsequence/guard_0.21.2', 'message': 'no deps or dev-deps'}
{'statusCode': 0, 'package': '@0xsequence/guard_0.21.3', 'message': 'no deps or dev-deps'}
{'statusCode': 0, 'package': '@0xsequence/guard_0.21.4', 'message': 'no deps or dev-deps'}
{'statusCode': 0, 'package': '@0xsequence/guard_0.21.5', 'message': 'no deps or dev-deps'}
{'statusCode': 0, 'package': '@0xsequence/guard_0.22.0', 'message': 'no deps or dev-deps'}
{'statusCode': 0, 'package': '@0xsequence/guard_0.22.1', 'message': 'no deps or dev-deps'}
{'statusCode': 0, 'package': '@0xsequence/guard_0.22.2', 'message': 'no deps or dev-deps'}
{'statusCode': 0, 'package': '@0xsequence/guard_0.23.0', 'message': 'no deps or dev-deps'}
{'statusCode': 0, 'package': '@0xsequence/guard_0.25.0', 'message': 'no deps or dev-deps'}
{'statusCode': 0, 'package': '@0xsequence/guard_0.25.1', 'message': 'no deps or dev-deps'}
{'statusCode': 0, 'package': '@0xsequence/guard_0.27.0', 'message': 'no deps or dev-deps'}
{'statusCode': 0, 'package': '@0xsequence/guard_0.28.0', 'message': 'no deps or dev-deps'}
{'statusCode': 0, 'package': '@0xsequence/guard_0.0.0-2021827201516', 'message': 'no deps or dev-deps'}
{'statusCode': 0, 'package': '@0xsequence/guard_0.29.8', 'message': 'no deps or dev-deps'}
{'statusCode': 0, 'package': '@0xsequence/guard_0.30.0', 'message': 'no deps or dev-deps'}
{'statusCode': 0, 'package': '@0xsequence/guard_0.31.0', 'message': 'no deps or dev-deps'}
{'statusCode': 0, 'package': '@0xsequence/guard_0.34.0', 'message': 'no deps or dev-deps'}
{'statusCode': 0, 'package': '@0xsequence/guard_0.35.0', 'message': 'no deps or dev-deps'}
{'statusCode': 0, 'package': '@0xsequence/guard_0.35.1', 'message': 'no deps or dev-deps'}
{'statusCode': 0, 'package': '@0xsequence/guard_0.35.2', 'message': 'no deps or dev-deps'}
{'statusCode': 0, 'package': '@0xsequence/guard_0.35.3', 'message': 'no deps or dev-deps'}
{'statusCode': 0, 'package': '@0xsequence/guard_0.35.4', 'message': 'no deps or dev-deps'}
{'statusCode': 0, 'package': '@0xsequence/guard_0.35.5', 'message': 'no deps or dev-deps'}
{'statusCode': 0, 'package': '@0xsequence/guard_0.35.6', 'message': 'no deps or dev-deps'}
{'statusCode': 0, 'package': '@0xsequence/guard_0.35.7', 'message': 'no deps or dev-deps'}
{'statusCode': 0, 'package': '@0xsequence/guard_0.35.8', 'message': 'no deps or dev-deps'}
{'statusCode': 0, 'package': '@0xsequence/guard_0.35.9', 'message': 'no deps or dev-deps'}
{'statusCode': 0, 'package': '@0xsequence/guard_0.35.10', 'message': 'no deps or dev-deps'}
{'statusCode': 0, 'package': '@0xsequence/guard_0.35.11', 'message': 'no deps or dev-deps'}
{'statusCode': 0, 'package': '@0xsequence/guard_0.35.12', 'message': 'no deps or dev-deps'}
{'statusCode': 0, 'package': '@0xsequence/guard_0.36.0', 'message': 'no deps or dev-deps'}
{'statusCode': 0, 'package': '@0xsequence/guard_0.36.1', 'message': 'no deps or dev-deps'}
{'statusCode': 0, 'package': '@0xsequence/guard_0.36.2', 'message': 'no deps or dev-deps'}
{'statusCode': 0, 'package': '@0xsequence/guard_0.36.3', 'message': 'no deps or dev-deps'}
{'statusCode': 0, 'package': '@0xsequence/guard_0.36.4', 'message': 'no deps or dev-deps'}
{'statusCode': 0, 'package': '@0xsequence/guard_0.36.5', 'message': 'no deps or dev-deps'}
{'statusCode': 0, 'package': '@0xsequence/guard_0.36.6', 'message': 'no deps or dev-deps'}
{'statusCode': 0, 'package': '@0xsequence/guard_0.36.7', 'message': 'no deps or dev-deps'}
{'statusCode': 0, 'package': '@0xsequence/guard_0.36.8', 'message': 'no deps or dev-deps'}
{'statusCode': 0, 'package': '@0xsequence/guard_0.36.9', 'message': 'no deps or dev-deps'}
{'statusCode': 0, 'package': '@0xsequence/guard_0.36.10', 'message': 'no deps or dev-deps'}
{'statusCode': 0, 'package': '@0xsequence/guard_0.0.0-20220418165517', 'message': 'no deps or dev-deps'}
{'statusCode': 0, 'package': '@0xsequence/guard_0.36.11', 'message': 'no deps or dev-deps'}
{'statusCode': 0, 'package': '@0xsequence/guard_0.0.0-20220425195445', 'message': 'no deps or dev-deps'}
{'statusCode': 0, 'package': '@0xsequence/guard_0.36.12', 'message': 'no deps or dev-deps'}
{'statusCode': 0, 'package': '@0xsequence/guard_0.0.0-20220427054350', 'message': 'no deps or dev-deps'}
{'statusCode': 0, 'package': '@0xsequence/guard_0.0.0-20220427055332', 'message': 'no deps or dev-deps'}
{'statusCode': 0, 'package': '@0xsequence/guard_0.0.0-20220427161307', 'message': 'no deps or dev-deps'}
{'statusCode': 0, 'package': '@0xsequence/guard_0.0.0-20220427162812', 'message': 'no deps or dev-deps'}
{'statusCode': 0, 'package': '@0xsequence/guard_0.36.13', 'message': 'no deps or dev-deps'}
{'statusCode': 0, 'package': '@0xsequence/guard_0.37.0', 'message': 'no deps or dev-deps'}
{'statusCode': 0, 'package': '@0xsequence/guard_0.37.1', 'message': 'no deps or dev-deps'}
{'statusCode': 0, 'package': '@0xsequence/guard_0.0.0-20220506174803', 'message': 'no deps or dev-deps'}
{'statusCode': 0, 'package': '@0xsequence/guard_0.0.0-20220506195001', 'message': 'no deps or dev-deps'}
{'statusCode': 0, 'package': '@0xsequence/guard_0.0.0-20220513134147', 'message': 'no deps or dev-deps'}
{'statusCode': 0, 'package': '@0xsequence/guard_0.38.0', 'message': 'no deps or dev-deps'}
{'statusCode': 0, 'package': '@0xsequence/guard_0.38.1', 'message': 'no deps or dev-deps'}
{'statusCode': 0, 'package': '@0xsequence/guard_0.38.2', 'message': 'no deps or dev-deps'}
{'statusCode': 0, 'package': '@0xsequence/guard_0.39.0', 'message': 'no deps or dev-deps'}
{'statusCode': 0, 'package': '@0xsequence/guard_0.0.0-20220519151110', 'message': 'no deps or dev-deps'}
{'statusCode': 0, 'package': '@0xsequence/guard_0.0.0-20220519202656', 'message': 'no deps or dev-deps'}
{'statusCode': 0, 'package': '@0xsequence/guard_0.0.0-20220601185217', 'message': 'no deps or dev-deps'}
{'statusCode': 0, 'package': '@0xsequence/guard_0.39.1', 'message': 'no deps or dev-deps'}
{'statusCode': 0, 'package': '@0xsequence/guard_0.39.2', 'message': 'no deps or dev-deps'}
{'statusCode': 0, 'package': '@0xsequence/guard_0.0.0-20220609204505', 'message': 'no deps or dev-deps'}
{'statusCode': 0, 'package': '@0xsequence/guard_0.0.0-20220610134843', 'message': 'no deps or dev-deps'}
{'statusCode': 0, 'package': '@0xsequence/guard_0.39.3', 'message': 'no deps or dev-deps'}
{'statusCode': 0, 'package': '@0xsequence/guard_0.0.0-20220614152529', 'message': 'no deps or dev-deps'}
{'statusCode': 0, 'package': '@0xsequence/guard_0.0.0-20220616121217', 'message': 'no deps or dev-deps'}
{'statusCode': 0, 'package': '@0xsequence/guard_0.39.4', 'message': 'no deps or dev-deps'}
{'statusCode': 0, 'package': '@0xsequence/guard_0.39.5', 'message': 'no deps or dev-deps'}
{'statusCode': 0, 'package': '@0xsequence/guard_0.39.6', 'message': 'no deps or dev-deps'}
{'statusCode': 0, 'package': '@0xsequence/guard_0.0.0-26b08ee9-20220629135033', 'message': 'no deps or dev-deps'}
{'statusCode': 0, 'package': '@0xsequence/guard_0.0.0-cdbb3137-20220630190630', 'message': 'no deps or dev-deps'}
{'statusCode': 0, 'package': '@0xsequence/guard_0.0.0-cdbb3137-20220630191603', 'message': 'no deps or dev-deps'}
{'statusCode': 0, 'package': '@0xsequence/guard_0.0.0-cdbb3137-20220630192830', 'message': 'no deps or dev-deps'}
{'statusCode': 0, 'package': '@0xsequence/guard_0.0.0-20220630194654', 'message': 'no deps or dev-deps'}
{'statusCode': 0, 'package': '@0xsequence/guard_0.0.0-20220630211555', 'message': 'no deps or dev-deps'}
{'statusCode': 0, 'package': '@0xsequence/guard_0.0.0-20220630215108', 'message': 'no deps or dev-deps'}
{'statusCode': 0, 'package': '@0xsequence/guard_0.0.0-20220703182449', 'message': 'no deps or dev-deps'}
{'statusCode': 0, 'package': '@0xsequence/guard_0.0.0-20220704043930', 'message': 'no deps or dev-deps'}
{'statusCode': 0, 'package': '@0xsequence/guard_0.0.0-20220706193010', 'message': 'no deps or dev-deps'}
{'statusCode': 0, 'package': '@0xsequence/guard_0.0.0-20220710174545', 'message': 'no deps or dev-deps'}
{'statusCode': 0, 'package': '@0xsequence/guard_0.0.0-coolcats-0.36.12-20220711222640', 'message': 'no deps or dev-deps'}
{'statusCode': 0, 'package': '@0xsequence/guard_0.40.0', 'message': 'no deps or dev-deps'}
{'statusCode': 0, 'package': '@0xsequence/guard_0.40.1', 'message': 'no deps or dev-deps'}
{'statusCode': 0, 'package': '@0xsequence/guard_0.0.0-20220713211319', 'message': 'no deps or dev-deps'}
{'statusCode': 0, 'package': '@0xsequence/guard_0.0.0-20220714164224', 'message': 'no deps or dev-deps'}
{'statusCode': 0, 'package': '@0xsequence/guard_0.40.2', 'message': 'no deps or dev-deps'}
{'statusCode': 0, 'package': '@0xsequence/guard_0.0.0-20220719173737', 'message': 'no deps or dev-deps'}
{'statusCode': 0, 'package': '@0xsequence/guard_0.0.0-20220722145329', 'message': 'no deps or dev-deps'}
{'statusCode': 0, 'package': '@0xsequence/guard_0.0.0-20220725200200', 'message': 'no deps or dev-deps'}
{'statusCode': 0, 'package': '@0xsequence/guard_0.40.3', 'message': 'no deps or dev-deps'}
{'statusCode': 0, 'package': '@0xsequence/guard_0.0.0-20220728141414', 'message': 'no deps or dev-deps'}
{'statusCode': 0, 'package': '@0xsequence/guard_0.40.4', 'message': 'no deps or dev-deps'}
{'statusCode': 0, 'package': '@0xsequence/guard_0.0.0-20220728215555', 'message': 'no deps or dev-deps'}
{'statusCode': 0, 'package': '@0xsequence/guard_0.40.5', 'message': 'no deps or dev-deps'}
{'statusCode': 0, 'package': '@0xsequence/guard_0.0.0-20220804202525', 'message': 'no deps or dev-deps'}
{'statusCode': 0, 'package': '@0xsequence/guard_0.40.6', 'message': 'no deps or dev-deps'}
{'statusCode': 0, 'package': '@0xsequence/guard_0.0.0-20220825181818', 'message': 'no deps or dev-deps'}
{'statusCode': 0, 'package': '@0xsequence/guard_0.0.0-20220825190100', 'message': 'no deps or dev-deps'}
{'statusCode': 0, 'package': '@0xsequence/guard_0.41.0', 'message': 'no deps or dev-deps'}
{'statusCode': 0, 'package': '@0xsequence/guard_0.41.1', 'message': 'no deps or dev-deps'}
{'statusCode': 0, 'package': '@0xsequence/guard_0.41.2', 'message': 'no deps or dev-deps'}
{'statusCode': 0, 'package': '@0xsequence/guard_0.41.3', 'message': 'no deps or dev-deps'}
{'statusCode': 0, 'package': '@0xsequence/guard_0.42.0', 'message': 'no deps or dev-deps'}
{'statusCode': 0, 'package': '@0xsequence/guard_0.42.1', 'message': 'no deps or dev-deps'}
{'statusCode': 0, 'package': '@0xsequence/guard_0.42.2', 'message': 'no deps or dev-deps'}
{'statusCode': 0, 'package': '@0xsequence/guard_0.42.3', 'message': 'no deps or dev-deps'}
{'statusCode': 0, 'package': '@0xsequence/guard_0.42.4', 'message': 'no deps or dev-deps'}
{'statusCode': 0, 'package': '@0xsequence/guard_0.42.5', 'message': 'no deps or dev-deps'}
{'statusCode': 0, 'package': '@0xsequence/guard_0.42.6', 'message': 'no deps or dev-deps'}
{'statusCode': 0, 'package': '@0xsequence/guard_0.42.7', 'message': 'no deps or dev-deps'}
{'statusCode': 0, 'package': '@0xsequence/guard_0.42.8', 'message': 'no deps or dev-deps'}
{'statusCode': 0, 'package': '@0xsequence/guard_0.42.9', 'message': 'no deps or dev-deps'}
{'statusCode': 0, 'package': '@0xsequence/guard_0.42.10', 'message': 'no deps or dev-deps'}
{'statusCode': 0, 'package': '@0xsequence/guard_0.43.0', 'message': 'no deps or dev-deps'}
{'statusCode': 0, 'package': '@0xsequence/guard_0.43.1', 'message': 'no deps or dev-deps'}
{'statusCode': 0, 'package': '@0xsequence/guard_0.43.2', 'message': 'no deps or dev-deps'}
{'statusCode': 0, 'package': '@0xsequence/guard_0.43.3', 'message': 'no deps or dev-deps'}
{'statusCode': 0, 'package': '@0xsequence/guard_0.0.0-20221124173317', 'message': 'no deps or dev-deps'}
{'statusCode': 0, 'package': '@0xsequence/guard_0.43.4', 'message': 'no deps or dev-deps'}
{'statusCode': 0, 'package': '@0xsequence/guard_0.43.5', 'message': 'no deps or dev-deps'}
{'statusCode': 0, 'package': '@0xsequence/guard_0.43.6', 'message': 'no deps or dev-deps'}
{'statusCode': 0, 'package': '@0xsequence/guard_0.43.7', 'message': 'no deps or dev-deps'}
{'statusCode': 0, 'package': '@0xsequence/guard_0.7.0', 'message': 'no deps or dev-deps'}
{'statusCode': 0, 'package': '@0xsequence/guard_0.8.0', 'message': 'no deps or dev-deps'}
{'statusCode': 0, 'package': '@0xsequence/guard_0.8.1', 'message': 'no deps or dev-deps'}
{'statusCode': 0, 'package': '@0xsequence/guard_0.8.2', 'message': 'no deps or dev-deps'}
{'statusCode': 0, 'package': '@0xsequence/guard_0.8.3', 'message': 'no deps or dev-deps'}
{'statusCode': 0, 'package': '@0xsequence/guard_0.8.4', 'message': 'no deps or dev-deps'}
{'statusCode': 0, 'package': '@0xsequence/guard_0.8.5', 'message': 'no deps or dev-deps'}
{'statusCode': 0, 'package': '@0xsequence/guard_0.9.1', 'message': 'no deps or dev-deps'}
{'statusCode': 0, 'package': '@0xsequence/guard_0.9.3', 'message': 'no deps or dev-deps'}
{'statusCode': 0, 'package': '@0xsequence/guard_0.9.6', 'message': 'no deps or dev-deps'}
{'statusCode': 0, 'package': '@0xsequence/guard_0.10.0', 'message': 'no deps or dev-deps'}
{'statusCode': 0, 'package': '@0xsequence/guard_0.10.1', 'message': 'no deps or dev-deps'}
{'statusCode': 0, 'package': '@0xsequence/guard_0.10.2', 'message': 'no deps or dev-deps'}
{'statusCode': 0, 'package': '@0xsequence/guard_0.10.3', 'message': 'no deps or dev-deps'}
{'statusCode': 0, 'package': '@0xsequence/guard_0.10.4', 'message': 'no deps or dev-deps'}
{'statusCode': 0, 'package': '@0xsequence/guard_0.10.5', 'message': 'no deps or dev-deps'}
{'statusCode': 0, 'package': '@0xsequence/guard_0.10.6', 'message': 'no deps or dev-deps'}
{'statusCode': 0, 'package': '@0xsequence/guard_0.10.7', 'message': 'no deps or dev-deps'}
{'statusCode': 0, 'package': '@0xsequence/guard_0.10.8', 'message': 'no deps or dev-deps'}
{'statusCode': 0, 'package': '@0xsequence/guard_0.10.9', 'message': 'no deps or dev-deps'}
{'statusCode': 0, 'package': '@0xsequence/guard_0.11.0', 'message': 'no deps or dev-deps'}
{'statusCode': 0, 'package': '@0xsequence/guard_0.11.1', 'message': 'no deps or dev-deps'}
{'statusCode': 0, 'package': '@0xsequence/guard_0.11.2', 'message': 'no deps or dev-deps'}
{'statusCode': 0, 'package': '@0xsequence/guard_0.11.3', 'message': 'no deps or dev-deps'}
{'statusCode': 0, 'package': '@0xsequence/guard_0.11.4', 'message': 'no deps or dev-deps'}
{'statusCode': 0, 'package': '@0xsequence/guard_0.12.0', 'message': 'no deps or dev-deps'}
{'statusCode': 0, 'package': '@0xsequence/guard_0.12.1', 'message': 'no deps or dev-deps'}
{'statusCode': 0, 'package': '@0xsequence/guard_0.13.0', 'message': 'no deps or dev-deps'}
{'statusCode': 0, 'package': '@0xsequence/guard_0.14.0', 'message': 'no deps or dev-deps'}
{'statusCode': 0, 'package': '@0xsequence/guard_0.14.3', 'message': 'no deps or dev-deps'}
{'statusCode': 0, 'package': '@0xsequence/guard_0.15.1', 'message': 'no deps or dev-deps'}
{'statusCode': 0, 'package': '@0xsequence/guard_0.16.0', 'message': 'no deps or dev-deps'}
{'statusCode': 0, 'package': '@0xsequence/guard_0.18.0', 'message': 'no deps or dev-deps'}
{'statusCode': 0, 'package': '@0xsequence/guard_0.19.0', 'message': 'no deps or dev-deps'}
{'statusCode': 0, 'package': '@0xsequence/guard_0.19.3', 'message': 'no deps or dev-deps'}
{'statusCode': 0, 'package': '@0xsequence/guard_0.21.0', 'message': 'no deps or dev-deps'}
{'statusCode': 0, 'package': '@0xsequence/guard_0.21.2', 'message': 'no deps or dev-deps'}
{'statusCode': 0, 'package': '@0xsequence/guard_0.21.3', 'message': 'no deps or dev-deps'}
{'statusCode': 0, 'package': '@0xsequence/guard_0.21.4', 'message': 'no deps or dev-deps'}
{'statusCode': 0, 'package': '@0xsequence/guard_0.21.5', 'message': 'no deps or dev-deps'}
{'statusCode': 0, 'package': '@0xsequence/guard_0.22.0', 'message': 'no deps or dev-deps'}
{'statusCode': 0, 'package': '@0xsequence/guard_0.22.1', 'message': 'no deps or dev-deps'}
{'statusCode': 0, 'package': '@0xsequence/guard_0.22.2', 'message': 'no deps or dev-deps'}
{'statusCode': 0, 'package': '@0xsequence/guard_0.23.0', 'message': 'no deps or dev-deps'}
{'statusCode': 0, 'package': '@0xsequence/guard_0.25.0', 'message': 'no deps or dev-deps'}
{'statusCode': 0, 'package': '@0xsequence/guard_0.25.1', 'message': 'no deps or dev-deps'}
{'statusCode': 0, 'package': '@0xsequence/guard_0.27.0', 'message': 'no deps or dev-deps'}
{'statusCode': 0, 'package': '@0xsequence/guard_0.28.0', 'message': 'no deps or dev-deps'}
{'statusCode': 0, 'package': '@0xsequence/guard_0.0.0-2021827201516', 'message': 'no deps or dev-deps'}
{'statusCode': 0, 'package': '@0xsequence/guard_0.29.8', 'message': 'no deps or dev-deps'}
{'statusCode': 0, 'package': '@0xsequence/guard_0.30.0', 'message': 'no deps or dev-deps'}
{'statusCode': 0, 'package': '@0xsequence/guard_0.31.0', 'message': 'no deps or dev-deps'}
{'statusCode': 0, 'package': '@0xsequence/guard_0.34.0', 'message': 'no deps or dev-deps'}
{'statusCode': 0, 'package': '@0xsequence/guard_0.35.0', 'message': 'no deps or dev-deps'}
{'statusCode': 0, 'package': '@0xsequence/guard_0.35.1', 'message': 'no deps or dev-deps'}
{'statusCode': 0, 'package': '@0xsequence/guard_0.35.2', 'message': 'no deps or dev-deps'}
{'statusCode': 0, 'package': '@0xsequence/guard_0.35.3', 'message': 'no deps or dev-deps'}
{'statusCode': 0, 'package': '@0xsequence/guard_0.35.4', 'message': 'no deps or dev-deps'}
{'statusCode': 0, 'package': '@0xsequence/guard_0.35.5', 'message': 'no deps or dev-deps'}
{'statusCode': 0, 'package': '@0xsequence/guard_0.35.6', 'message': 'no deps or dev-deps'}
{'statusCode': 0, 'package': '@0xsequence/guard_0.35.7', 'message': 'no deps or dev-deps'}
{'statusCode': 0, 'package': '@0xsequence/guard_0.35.8', 'message': 'no deps or dev-deps'}
{'statusCode': 0, 'package': '@0xsequence/guard_0.35.9', 'message': 'no deps or dev-deps'}
{'statusCode': 0, 'package': '@0xsequence/guard_0.35.10', 'message': 'no deps or dev-deps'}
{'statusCode': 0, 'package': '@0xsequence/guard_0.35.11', 'message': 'no deps or dev-deps'}
{'statusCode': 0, 'package': '@0xsequence/guard_0.35.12', 'message': 'no deps or dev-deps'}
{'statusCode': 0, 'package': '@0xsequence/guard_0.36.0', 'message': 'no deps or dev-deps'}
{'statusCode': 0, 'package': '@0xsequence/guard_0.36.1', 'message': 'no deps or dev-deps'}
{'statusCode': 0, 'package': '@0xsequence/guard_0.36.2', 'message': 'no deps or dev-deps'}
{'statusCode': 0, 'package': '@0xsequence/guard_0.36.3', 'message': 'no deps or dev-deps'}
{'statusCode': 0, 'package': '@0xsequence/guard_0.36.4', 'message': 'no deps or dev-deps'}
{'statusCode': 0, 'package': '@0xsequence/guard_0.36.5', 'message': 'no deps or dev-deps'}
{'statusCode': 0, 'package': '@0xsequence/guard_0.36.6', 'message': 'no deps or dev-deps'}
{'statusCode': 0, 'package': '@0xsequence/guard_0.36.7', 'message': 'no deps or dev-deps'}
{'statusCode': 0, 'package': '@0xsequence/guard_0.36.8', 'message': 'no deps or dev-deps'}
{'statusCode': 0, 'package': '@0xsequence/guard_0.36.9', 'message': 'no deps or dev-deps'}
{'statusCode': 0, 'package': '@0xsequence/guard_0.36.10', 'message': 'no deps or dev-deps'}
{'statusCode': 0, 'package': '@0xsequence/guard_0.0.0-20220418165517', 'message': 'no deps or dev-deps'}
{'statusCode': 0, 'package': '@0xsequence/guard_0.36.11', 'message': 'no deps or dev-deps'}
{'statusCode': 0, 'package': '@0xsequence/guard_0.0.0-20220425195445', 'message': 'no deps or dev-deps'}
{'statusCode': 0, 'package': '@0xsequence/guard_0.36.12', 'message': 'no deps or dev-deps'}
{'statusCode': 0, 'package': '@0xsequence/guard_0.0.0-20220427054350', 'message': 'no deps or dev-deps'}
{'statusCode': 0, 'package': '@0xsequence/guard_0.0.0-20220427055332', 'message': 'no deps or dev-deps'}
{'statusCode': 0, 'package': '@0xsequence/guard_0.0.0-20220427161307', 'message': 'no deps or dev-deps'}
{'statusCode': 0, 'package': '@0xsequence/guard_0.0.0-20220427162812', 'message': 'no deps or dev-deps'}
{'statusCode': 0, 'package': '@0xsequence/guard_0.36.13', 'message': 'no deps or dev-deps'}
{'statusCode': 0, 'package': '@0xsequence/guard_0.37.0', 'message': 'no deps or dev-deps'}
{'statusCode': 0, 'package': '@0xsequence/guard_0.37.1', 'message': 'no deps or dev-deps'}
{'statusCode': 0, 'package': '@0xsequence/guard_0.0.0-20220506174803', 'message': 'no deps or dev-deps'}
{'statusCode': 0, 'package': '@0xsequence/guard_0.0.0-20220506195001', 'message': 'no deps or dev-deps'}
{'statusCode': 0, 'package': '@0xsequence/guard_0.0.0-20220513134147', 'message': 'no deps or dev-deps'}
{'statusCode': 0, 'package': '@0xsequence/guard_0.38.0', 'message': 'no deps or dev-deps'}
{'statusCode': 0, 'package': '@0xsequence/guard_0.38.1', 'message': 'no deps or dev-deps'}
{'statusCode': 0, 'package': '@0xsequence/guard_0.38.2', 'message': 'no deps or dev-deps'}
{'statusCode': 0, 'package': '@0xsequence/guard_0.39.0', 'message': 'no deps or dev-deps'}
{'statusCode': 0, 'package': '@0xsequence/guard_0.0.0-20220519151110', 'message': 'no deps or dev-deps'}
{'statusCode': 0, 'package': '@0xsequence/guard_0.0.0-20220519202656', 'message': 'no deps or dev-deps'}
{'statusCode': 0, 'package': '@0xsequence/guard_0.0.0-20220601185217', 'message': 'no deps or dev-deps'}
{'statusCode': 0, 'package': '@0xsequence/guard_0.39.1', 'message': 'no deps or dev-deps'}
{'statusCode': 0, 'package': '@0xsequence/guard_0.39.2', 'message': 'no deps or dev-deps'}
{'statusCode': 0, 'package': '@0xsequence/guard_0.0.0-20220609204505', 'message': 'no deps or dev-deps'}
{'statusCode': 0, 'package': '@0xsequence/guard_0.0.0-20220610134843', 'message': 'no deps or dev-deps'}
{'statusCode': 0, 'package': '@0xsequence/guard_0.39.3', 'message': 'no deps or dev-deps'}
{'statusCode': 0, 'package': '@0xsequence/guard_0.0.0-20220614152529', 'message': 'no deps or dev-deps'}
{'statusCode': 0, 'package': '@0xsequence/guard_0.0.0-20220616121217', 'message': 'no deps or dev-deps'}
{'statusCode': 0, 'package': '@0xsequence/guard_0.39.4', 'message': 'no deps or dev-deps'}
{'statusCode': 0, 'package': '@0xsequence/guard_0.39.5', 'message': 'no deps or dev-deps'}
{'statusCode': 0, 'package': '@0xsequence/guard_0.39.6', 'message': 'no deps or dev-deps'}
{'statusCode': 0, 'package': '@0xsequence/guard_0.0.0-26b08ee9-20220629135033', 'message': 'no deps or dev-deps'}
{'statusCode': 0, 'package': '@0xsequence/guard_0.0.0-cdbb3137-20220630190630', 'message': 'no deps or dev-deps'}
{'statusCode': 0, 'package': '@0xsequence/guard_0.0.0-cdbb3137-20220630191603', 'message': 'no deps or dev-deps'}
{'statusCode': 0, 'package': '@0xsequence/guard_0.0.0-cdbb3137-20220630192830', 'message': 'no deps or dev-deps'}
{'statusCode': 0, 'package': '@0xsequence/guard_0.0.0-20220630194654', 'message': 'no deps or dev-deps'}
{'statusCode': 0, 'package': '@0xsequence/guard_0.0.0-20220630211555', 'message': 'no deps or dev-deps'}
{'statusCode': 0, 'package': '@0xsequence/guard_0.0.0-20220630215108', 'message': 'no deps or dev-deps'}
{'statusCode': 0, 'package': '@0xsequence/guard_0.0.0-20220703182449', 'message': 'no deps or dev-deps'}
{'statusCode': 0, 'package': '@0xsequence/guard_0.0.0-20220704043930', 'message': 'no deps or dev-deps'}
{'statusCode': 0, 'package': '@0xsequence/guard_0.0.0-20220706193010', 'message': 'no deps or dev-deps'}
{'statusCode': 0, 'package': '@0xsequence/guard_0.0.0-20220710174545', 'message': 'no deps or dev-deps'}
{'statusCode': 0, 'package': '@0xsequence/guard_0.0.0-coolcats-0.36.12-20220711222640', 'message': 'no deps or dev-deps'}
{'statusCode': 0, 'package': '@0xsequence/guard_0.40.0', 'message': 'no deps or dev-deps'}
{'statusCode': 0, 'package': '@0xsequence/guard_0.40.1', 'message': 'no deps or dev-deps'}
{'statusCode': 0, 'package': '@0xsequence/guard_0.0.0-20220713211319', 'message': 'no deps or dev-deps'}
{'statusCode': 0, 'package': '@0xsequence/guard_0.0.0-20220714164224', 'message': 'no deps or dev-deps'}
{'statusCode': 0, 'package': '@0xsequence/guard_0.40.2', 'message': 'no deps or dev-deps'}
{'statusCode': 0, 'package': '@0xsequence/guard_0.0.0-20220719173737', 'message': 'no deps or dev-deps'}
{'statusCode': 0, 'package': '@0xsequence/guard_0.0.0-20220722145329', 'message': 'no deps or dev-deps'}
{'statusCode': 0, 'package': '@0xsequence/guard_0.0.0-20220725200200', 'message': 'no deps or dev-deps'}
{'statusCode': 0, 'package': '@0xsequence/guard_0.40.3', 'message': 'no deps or dev-deps'}
{'statusCode': 0, 'package': '@0xsequence/guard_0.0.0-20220728141414', 'message': 'no deps or dev-deps'}
{'statusCode': 0, 'package': '@0xsequence/guard_0.40.4', 'message': 'no deps or dev-deps'}
{'statusCode': 0, 'package': '@0xsequence/guard_0.0.0-20220728215555', 'message': 'no deps or dev-deps'}
{'statusCode': 0, 'package': '@0xsequence/guard_0.40.5', 'message': 'no deps or dev-deps'}
{'statusCode': 0, 'package': '@0xsequence/guard_0.0.0-20220804202525', 'message': 'no deps or dev-deps'}
{'statusCode': 0, 'package': '@0xsequence/guard_0.40.6', 'message': 'no deps or dev-deps'}
{'statusCode': 0, 'package': '@0xsequence/guard_0.0.0-20220825181818', 'message': 'no deps or dev-deps'}
{'statusCode': 0, 'package': '@0xsequence/guard_0.0.0-20220825190100', 'message': 'no deps or dev-deps'}
{'statusCode': 0, 'package': '@0xsequence/guard_0.41.0', 'message': 'no deps or dev-deps'}
{'statusCode': 0, 'package': '@0xsequence/guard_0.41.1', 'message': 'no deps or dev-deps'}
{'statusCode': 0, 'package': '@0xsequence/guard_0.41.2', 'message': 'no deps or dev-deps'}
{'statusCode': 0, 'package': '@0xsequence/guard_0.41.3', 'message': 'no deps or dev-deps'}
{'statusCode': 0, 'package': '@0xsequence/guard_0.42.0', 'message': 'no deps or dev-deps'}
{'statusCode': 0, 'package': '@0xsequence/guard_0.42.1', 'message': 'no deps or dev-deps'}
{'statusCode': 0, 'package': '@0xsequence/guard_0.42.2', 'message': 'no deps or dev-deps'}
{'statusCode': 0, 'package': '@0xsequence/guard_0.42.3', 'message': 'no deps or dev-deps'}
{'statusCode': 0, 'package': '@0xsequence/guard_0.42.4', 'message': 'no deps or dev-deps'}
{'statusCode': 0, 'package': '@0xsequence/guard_0.42.5', 'message': 'no deps or dev-deps'}
{'statusCode': 0, 'package': '@0xsequence/guard_0.42.6', 'message': 'no deps or dev-deps'}
{'statusCode': 0, 'package': '@0xsequence/guard_0.42.7', 'message': 'no deps or dev-deps'}
{'statusCode': 0, 'package': '@0xsequence/guard_0.42.8', 'message': 'no deps or dev-deps'}
{'statusCode': 0, 'package': '@0xsequence/guard_0.42.9', 'message': 'no deps or dev-deps'}
{'statusCode': 0, 'package': '@0xsequence/guard_0.42.10', 'message': 'no deps or dev-deps'}
{'statusCode': 0, 'package': '@0xsequence/guard_0.43.0', 'message': 'no deps or dev-deps'}
{'statusCode': 0, 'package': '@0xsequence/guard_0.43.1', 'message': 'no deps or dev-deps'}
{'statusCode': 0, 'package': '@0xsequence/guard_0.43.2', 'message': 'no deps or dev-deps'}
{'statusCode': 0, 'package': '@0xsequence/guard_0.43.3', 'message': 'no deps or dev-deps'}
{'statusCode': 0, 'package': '@0xsequence/guard_0.0.0-20221124173317', 'message': 'no deps or dev-deps'}
{'statusCode': 0, 'package': '@0xsequence/guard_0.43.4', 'message': 'no deps or dev-deps'}
{'statusCode': 0, 'package': '@0xsequence/guard_0.43.5', 'message': 'no deps or dev-deps'}
{'statusCode': 0, 'package': '@0xsequence/guard_0.43.6', 'message': 'no deps or dev-deps'}
{'statusCode': 0, 'package': '@0xsequence/guard_0.43.7', 'message': 'no deps or dev-deps'}
{'statusCode': 0, 'package': '@0xsequence/guard_0.7.0', 'message': 'no deps or dev-deps'}
{'statusCode': 0, 'package': '@0xsequence/guard_0.8.0', 'message': 'no deps or dev-deps'}
{'statusCode': 0, 'package': '@0xsequence/guard_0.8.1', 'message': 'no deps or dev-deps'}
{'statusCode': 0, 'package': '@0xsequence/guard_0.8.2', 'message': 'no deps or dev-deps'}
{'statusCode': 0, 'package': '@0xsequence/guard_0.8.3', 'message': 'no deps or dev-deps'}
{'statusCode': 0, 'package': '@0xsequence/guard_0.8.4', 'message': 'no deps or dev-deps'}
{'statusCode': 0, 'package': '@0xsequence/guard_0.8.5', 'message': 'no deps or dev-deps'}
{'statusCode': 0, 'package': '@0xsequence/guard_0.9.1', 'message': 'no deps or dev-deps'}
{'statusCode': 0, 'package': '@0xsequence/guard_0.9.3', 'message': 'no deps or dev-deps'}
{'statusCode': 0, 'package': '@0xsequence/guard_0.9.6', 'message': 'no deps or dev-deps'}
{'statusCode': 0, 'package': '@0xsequence/guard_0.10.0', 'message': 'no deps or dev-deps'}
{'statusCode': 0, 'package': '@0xsequence/guard_0.10.1', 'message': 'no deps or dev-deps'}
{'statusCode': 0, 'package': '@0xsequence/guard_0.10.2', 'message': 'no deps or dev-deps'}
{'statusCode': 0, 'package': '@0xsequence/guard_0.10.3', 'message': 'no deps or dev-deps'}
{'statusCode': 0, 'package': '@0xsequence/guard_0.10.4', 'message': 'no deps or dev-deps'}
{'statusCode': 0, 'package': '@0xsequence/guard_0.10.5', 'message': 'no deps or dev-deps'}
{'statusCode': 0, 'package': '@0xsequence/guard_0.10.6', 'message': 'no deps or dev-deps'}
{'statusCode': 0, 'package': '@0xsequence/guard_0.10.7', 'message': 'no deps or dev-deps'}
{'statusCode': 0, 'package': '@0xsequence/guard_0.10.8', 'message': 'no deps or dev-deps'}
{'statusCode': 0, 'package': '@0xsequence/guard_0.10.9', 'message': 'no deps or dev-deps'}
{'statusCode': 0, 'package': '@0xsequence/guard_0.11.0', 'message': 'no deps or dev-deps'}
{'statusCode': 0, 'package': '@0xsequence/guard_0.11.1', 'message': 'no deps or dev-deps'}
{'statusCode': 0, 'package': '@0xsequence/guard_0.11.2', 'message': 'no deps or dev-deps'}
{'statusCode': 0, 'package': '@0xsequence/guard_0.11.3', 'message': 'no deps or dev-deps'}
{'statusCode': 0, 'package': '@0xsequence/guard_0.11.4', 'message': 'no deps or dev-deps'}
{'statusCode': 0, 'package': '@0xsequence/guard_0.12.0', 'message': 'no deps or dev-deps'}
{'statusCode': 0, 'package': '@0xsequence/guard_0.12.1', 'message': 'no deps or dev-deps'}
{'statusCode': 0, 'package': '@0xsequence/guard_0.13.0', 'message': 'no deps or dev-deps'}
{'statusCode': 0, 'package': '@0xsequence/guard_0.14.0', 'message': 'no deps or dev-deps'}
{'statusCode': 0, 'package': '@0xsequence/guard_0.14.3', 'message': 'no deps or dev-deps'}
{'statusCode': 0, 'package': '@0xsequence/guard_0.15.1', 'message': 'no deps or dev-deps'}
{'statusCode': 0, 'package': '@0xsequence/guard_0.16.0', 'message': 'no deps or dev-deps'}
{'statusCode': 0, 'package': '@0xsequence/guard_0.18.0', 'message': 'no deps or dev-deps'}
{'statusCode': 0, 'package': '@0xsequence/guard_0.19.0', 'message': 'no deps or dev-deps'}
{'statusCode': 0, 'package': '@0xsequence/guard_0.19.3', 'message': 'no deps or dev-deps'}
{'statusCode': 0, 'package': '@0xsequence/guard_0.21.0', 'message': 'no deps or dev-deps'}
{'statusCode': 0, 'package': '@0xsequence/guard_0.21.2', 'message': 'no deps or dev-deps'}
{'statusCode': 0, 'package': '@0xsequence/guard_0.21.3', 'message': 'no deps or dev-deps'}
{'statusCode': 0, 'package': '@0xsequence/guard_0.21.4', 'message': 'no deps or dev-deps'}
{'statusCode': 0, 'package': '@0xsequence/guard_0.21.5', 'message': 'no deps or dev-deps'}
{'statusCode': 0, 'package': '@0xsequence/guard_0.22.0', 'message': 'no deps or dev-deps'}
{'statusCode': 0, 'package': '@0xsequence/guard_0.22.1', 'message': 'no deps or dev-deps'}
{'statusCode': 0, 'package': '@0xsequence/guard_0.22.2', 'message': 'no deps or dev-deps'}
{'statusCode': 0, 'package': '@0xsequence/guard_0.23.0', 'message': 'no deps or dev-deps'}
{'statusCode': 0, 'package': '@0xsequence/guard_0.25.0', 'message': 'no deps or dev-deps'}
{'statusCode': 0, 'package': '@0xsequence/guard_0.25.1', 'message': 'no deps or dev-deps'}
{'statusCode': 0, 'package': '@0xsequence/guard_0.27.0', 'message': 'no deps or dev-deps'}
{'statusCode': 0, 'package': '@0xsequence/guard_0.28.0', 'message': 'no deps or dev-deps'}
{'statusCode': 0, 'package': '@0xsequence/guard_0.0.0-2021827201516', 'message': 'no deps or dev-deps'}
{'statusCode': 0, 'package': '@0xsequence/guard_0.29.8', 'message': 'no deps or dev-deps'}
{'statusCode': 0, 'package': '@0xsequence/guard_0.30.0', 'message': 'no deps or dev-deps'}
{'statusCode': 0, 'package': '@0xsequence/guard_0.31.0', 'message': 'no deps or dev-deps'}
{'statusCode': 0, 'package': '@0xsequence/guard_0.34.0', 'message': 'no deps or dev-deps'}
{'statusCode': 0, 'package': '@0xsequence/guard_0.35.0', 'message': 'no deps or dev-deps'}
{'statusCode': 0, 'package': '@0xsequence/guard_0.35.1', 'message': 'no deps or dev-deps'}
{'statusCode': 0, 'package': '@0xsequence/guard_0.35.2', 'message': 'no deps or dev-deps'}
{'statusCode': 0, 'package': '@0xsequence/guard_0.35.3', 'message': 'no deps or dev-deps'}
{'statusCode': 0, 'package': '@0xsequence/guard_0.35.4', 'message': 'no deps or dev-deps'}
{'statusCode': 0, 'package': '@0xsequence/guard_0.35.5', 'message': 'no deps or dev-deps'}
{'statusCode': 0, 'package': '@0xsequence/guard_0.35.6', 'message': 'no deps or dev-deps'}
{'statusCode': 0, 'package': '@0xsequence/guard_0.35.7', 'message': 'no deps or dev-deps'}
{'statusCode': 0, 'package': '@0xsequence/guard_0.35.8', 'message': 'no deps or dev-deps'}
{'statusCode': 0, 'package': '@0xsequence/guard_0.35.9', 'message': 'no deps or dev-deps'}
{'statusCode': 0, 'package': '@0xsequence/guard_0.35.10', 'message': 'no deps or dev-deps'}
{'statusCode': 0, 'package': '@0xsequence/guard_0.35.11', 'message': 'no deps or dev-deps'}
{'statusCode': 0, 'package': '@0xsequence/guard_0.35.12', 'message': 'no deps or dev-deps'}
{'statusCode': 0, 'package': '@0xsequence/guard_0.36.0', 'message': 'no deps or dev-deps'}
{'statusCode': 0, 'package': '@0xsequence/guard_0.36.1', 'message': 'no deps or dev-deps'}
{'statusCode': 0, 'package': '@0xsequence/guard_0.36.2', 'message': 'no deps or dev-deps'}
{'statusCode': 0, 'package': '@0xsequence/guard_0.36.3', 'message': 'no deps or dev-deps'}
{'statusCode': 0, 'package': '@0xsequence/guard_0.36.4', 'message': 'no deps or dev-deps'}
{'statusCode': 0, 'package': '@0xsequence/guard_0.36.5', 'message': 'no deps or dev-deps'}
{'statusCode': 0, 'package': '@0xsequence/guard_0.36.6', 'message': 'no deps or dev-deps'}
{'statusCode': 0, 'package': '@0xsequence/guard_0.36.7', 'message': 'no deps or dev-deps'}
{'statusCode': 0, 'package': '@0xsequence/guard_0.36.8', 'message': 'no deps or dev-deps'}
{'statusCode': 0, 'package': '@0xsequence/guard_0.36.9', 'message': 'no deps or dev-deps'}
{'statusCode': 0, 'package': '@0xsequence/guard_0.36.10', 'message': 'no deps or dev-deps'}
{'statusCode': 0, 'package': '@0xsequence/guard_0.0.0-20220418165517', 'message': 'no deps or dev-deps'}
{'statusCode': 0, 'package': '@0xsequence/guard_0.36.11', 'message': 'no deps or dev-deps'}
{'statusCode': 0, 'package': '@0xsequence/guard_0.0.0-20220425195445', 'message': 'no deps or dev-deps'}
{'statusCode': 0, 'package': '@0xsequence/guard_0.36.12', 'message': 'no deps or dev-deps'}
{'statusCode': 0, 'package': '@0xsequence/guard_0.0.0-20220427054350', 'message': 'no deps or dev-deps'}
{'statusCode': 0, 'package': '@0xsequence/guard_0.0.0-20220427055332', 'message': 'no deps or dev-deps'}
{'statusCode': 0, 'package': '@0xsequence/guard_0.0.0-20220427161307', 'message': 'no deps or dev-deps'}
{'statusCode': 0, 'package': '@0xsequence/guard_0.0.0-20220427162812', 'message': 'no deps or dev-deps'}
{'statusCode': 0, 'package': '@0xsequence/guard_0.36.13', 'message': 'no deps or dev-deps'}
{'statusCode': 0, 'package': '@0xsequence/guard_0.37.0', 'message': 'no deps or dev-deps'}
{'statusCode': 0, 'package': '@0xsequence/guard_0.37.1', 'message': 'no deps or dev-deps'}
{'statusCode': 0, 'package': '@0xsequence/guard_0.0.0-20220506174803', 'message': 'no deps or dev-deps'}
{'statusCode': 0, 'package': '@0xsequence/guard_0.0.0-20220506195001', 'message': 'no deps or dev-deps'}
{'statusCode': 0, 'package': '@0xsequence/guard_0.0.0-20220513134147', 'message': 'no deps or dev-deps'}
{'statusCode': 0, 'package': '@0xsequence/guard_0.38.0', 'message': 'no deps or dev-deps'}
{'statusCode': 0, 'package': '@0xsequence/guard_0.38.1', 'message': 'no deps or dev-deps'}
{'statusCode': 0, 'package': '@0xsequence/guard_0.38.2', 'message': 'no deps or dev-deps'}
{'statusCode': 0, 'package': '@0xsequence/guard_0.39.0', 'message': 'no deps or dev-deps'}
{'statusCode': 0, 'package': '@0xsequence/guard_0.0.0-20220519151110', 'message': 'no deps or dev-deps'}
{'statusCode': 0, 'package': '@0xsequence/guard_0.0.0-20220519202656', 'message': 'no deps or dev-deps'}
{'statusCode': 0, 'package': '@0xsequence/guard_0.0.0-20220601185217', 'message': 'no deps or dev-deps'}
{'statusCode': 0, 'package': '@0xsequence/guard_0.39.1', 'message': 'no deps or dev-deps'}
{'statusCode': 0, 'package': '@0xsequence/guard_0.39.2', 'message': 'no deps or dev-deps'}
{'statusCode': 0, 'package': '@0xsequence/guard_0.0.0-20220609204505', 'message': 'no deps or dev-deps'}
{'statusCode': 0, 'package': '@0xsequence/guard_0.0.0-20220610134843', 'message': 'no deps or dev-deps'}
{'statusCode': 0, 'package': '@0xsequence/guard_0.39.3', 'message': 'no deps or dev-deps'}
{'statusCode': 0, 'package': '@0xsequence/guard_0.0.0-20220614152529', 'message': 'no deps or dev-deps'}
{'statusCode': 0, 'package': '@0xsequence/guard_0.0.0-20220616121217', 'message': 'no deps or dev-deps'}
{'statusCode': 0, 'package': '@0xsequence/guard_0.39.4', 'message': 'no deps or dev-deps'}
{'statusCode': 0, 'package': '@0xsequence/guard_0.39.5', 'message': 'no deps or dev-deps'}
{'statusCode': 0, 'package': '@0xsequence/guard_0.39.6', 'message': 'no deps or dev-deps'}
{'statusCode': 0, 'package': '@0xsequence/guard_0.0.0-26b08ee9-20220629135033', 'message': 'no deps or dev-deps'}
{'statusCode': 0, 'package': '@0xsequence/guard_0.0.0-cdbb3137-20220630190630', 'message': 'no deps or dev-deps'}
{'statusCode': 0, 'package': '@0xsequence/guard_0.0.0-cdbb3137-20220630191603', 'message': 'no deps or dev-deps'}
{'statusCode': 0, 'package': '@0xsequence/guard_0.0.0-cdbb3137-20220630192830', 'message': 'no deps or dev-deps'}
{'statusCode': 0, 'package': '@0xsequence/guard_0.0.0-20220630194654', 'message': 'no deps or dev-deps'}
{'statusCode': 0, 'package': '@0xsequence/guard_0.0.0-20220630211555', 'message': 'no deps or dev-deps'}
{'statusCode': 0, 'package': '@0xsequence/guard_0.0.0-20220630215108', 'message': 'no deps or dev-deps'}
{'statusCode': 0, 'package': '@0xsequence/guard_0.0.0-20220703182449', 'message': 'no deps or dev-deps'}
{'statusCode': 0, 'package': '@0xsequence/guard_0.0.0-20220704043930', 'message': 'no deps or dev-deps'}
{'statusCode': 0, 'package': '@0xsequence/guard_0.0.0-20220706193010', 'message': 'no deps or dev-deps'}
{'statusCode': 0, 'package': '@0xsequence/guard_0.0.0-20220710174545', 'message': 'no deps or dev-deps'}
{'statusCode': 0, 'package': '@0xsequence/guard_0.0.0-coolcats-0.36.12-20220711222640', 'message': 'no deps or dev-deps'}
{'statusCode': 0, 'package': '@0xsequence/guard_0.40.0', 'message': 'no deps or dev-deps'}
{'statusCode': 0, 'package': '@0xsequence/guard_0.40.1', 'message': 'no deps or dev-deps'}
{'statusCode': 0, 'package': '@0xsequence/guard_0.0.0-20220713211319', 'message': 'no deps or dev-deps'}
{'statusCode': 0, 'package': '@0xsequence/guard_0.0.0-20220714164224', 'message': 'no deps or dev-deps'}
{'statusCode': 0, 'package': '@0xsequence/guard_0.40.2', 'message': 'no deps or dev-deps'}
{'statusCode': 0, 'package': '@0xsequence/guard_0.0.0-20220719173737', 'message': 'no deps or dev-deps'}
{'statusCode': 0, 'package': '@0xsequence/guard_0.0.0-20220722145329', 'message': 'no deps or dev-deps'}
{'statusCode': 0, 'package': '@0xsequence/guard_0.0.0-20220725200200', 'message': 'no deps or dev-deps'}
{'statusCode': 0, 'package': '@0xsequence/guard_0.40.3', 'message': 'no deps or dev-deps'}
{'statusCode': 0, 'package': '@0xsequence/guard_0.0.0-20220728141414', 'message': 'no deps or dev-deps'}
{'statusCode': 0, 'package': '@0xsequence/guard_0.40.4', 'message': 'no deps or dev-deps'}
{'statusCode': 0, 'package': '@0xsequence/guard_0.0.0-20220728215555', 'message': 'no deps or dev-deps'}
{'statusCode': 0, 'package': '@0xsequence/guard_0.40.5', 'message': 'no deps or dev-deps'}
{'statusCode': 0, 'package': '@0xsequence/guard_0.0.0-20220804202525', 'message': 'no deps or dev-deps'}
{'statusCode': 0, 'package': '@0xsequence/guard_0.40.6', 'message': 'no deps or dev-deps'}
{'statusCode': 0, 'package': '@0xsequence/guard_0.0.0-20220825181818', 'message': 'no deps or dev-deps'}
{'statusCode': 0, 'package': '@0xsequence/guard_0.0.0-20220825190100', 'message': 'no deps or dev-deps'}
{'statusCode': 0, 'package': '@0xsequence/guard_0.41.0', 'message': 'no deps or dev-deps'}
{'statusCode': 0, 'package': '@0xsequence/guard_0.41.1', 'message': 'no deps or dev-deps'}
{'statusCode': 0, 'package': '@0xsequence/guard_0.41.2', 'message': 'no deps or dev-deps'}
{'statusCode': 0, 'package': '@0xsequence/guard_0.41.3', 'message': 'no deps or dev-deps'}
{'statusCode': 0, 'package': '@0xsequence/guard_0.42.0', 'message': 'no deps or dev-deps'}
{'statusCode': 0, 'package': '@0xsequence/guard_0.42.1', 'message': 'no deps or dev-deps'}
{'statusCode': 0, 'package': '@0xsequence/guard_0.42.2', 'message': 'no deps or dev-deps'}
{'statusCode': 0, 'package': '@0xsequence/guard_0.42.3', 'message': 'no deps or dev-deps'}
{'statusCode': 0, 'package': '@0xsequence/guard_0.42.4', 'message': 'no deps or dev-deps'}
{'statusCode': 0, 'package': '@0xsequence/guard_0.42.5', 'message': 'no deps or dev-deps'}
{'statusCode': 0, 'package': '@0xsequence/guard_0.42.6', 'message': 'no deps or dev-deps'}
{'statusCode': 0, 'package': '@0xsequence/guard_0.42.7', 'message': 'no deps or dev-deps'}
{'statusCode': 0, 'package': '@0xsequence/guard_0.42.8', 'message': 'no deps or dev-deps'}
{'statusCode': 0, 'package': '@0xsequence/guard_0.42.9', 'message': 'no deps or dev-deps'}
{'statusCode': 0, 'package': '@0xsequence/guard_0.42.10', 'message': 'no deps or dev-deps'}
{'statusCode': 0, 'package': '@0xsequence/guard_0.43.0', 'message': 'no deps or dev-deps'}
{'statusCode': 0, 'package': '@0xsequence/guard_0.43.1', 'message': 'no deps or dev-deps'}
{'statusCode': 0, 'package': '@0xsequence/guard_0.43.2', 'message': 'no deps or dev-deps'}
{'statusCode': 0, 'package': '@0xsequence/guard_0.43.3', 'message': 'no deps or dev-deps'}
{'statusCode': 0, 'package': '@0xsequence/guard_0.0.0-20221124173317', 'message': 'no deps or dev-deps'}
{'statusCode': 0, 'package': '@0xsequence/guard_0.43.4', 'message': 'no deps or dev-deps'}
{'statusCode': 0, 'package': '@0xsequence/guard_0.43.5', 'message': 'no deps or dev-deps'}
{'statusCode': 0, 'package': '@0xsequence/guard_0.43.6', 'message': 'no deps or dev-deps'}
{'statusCode': 0, 'package': '@0xsequence/guard_0.43.7', 'message': 'no deps or dev-deps'}
{'statusCode': 0, 'package': '@0xsequence/guard_0.7.0', 'message': 'no deps or dev-deps'}
{'statusCode': 0, 'package': '@0xsequence/guard_0.8.0', 'message': 'no deps or dev-deps'}
{'statusCode': 0, 'package': '@0xsequence/guard_0.8.1', 'message': 'no deps or dev-deps'}
{'statusCode': 0, 'package': '@0xsequence/guard_0.8.2', 'message': 'no deps or dev-deps'}
{'statusCode': 0, 'package': '@0xsequence/guard_0.8.3', 'message': 'no deps or dev-deps'}
{'statusCode': 0, 'package': '@0xsequence/guard_0.8.4', 'message': 'no deps or dev-deps'}
{'statusCode': 0, 'package': '@0xsequence/guard_0.8.5', 'message': 'no deps or dev-deps'}
{'statusCode': 0, 'package': '@0xsequence/guard_0.9.1', 'message': 'no deps or dev-deps'}
{'statusCode': 0, 'package': '@0xsequence/guard_0.9.3', 'message': 'no deps or dev-deps'}
{'statusCode': 0, 'package': '@0xsequence/guard_0.9.6', 'message': 'no deps or dev-deps'}
{'statusCode': 0, 'package': '@0xsequence/guard_0.10.0', 'message': 'no deps or dev-deps'}
{'statusCode': 0, 'package': '@0xsequence/guard_0.10.1', 'message': 'no deps or dev-deps'}
{'statusCode': 0, 'package': '@0xsequence/guard_0.10.2', 'message': 'no deps or dev-deps'}
{'statusCode': 0, 'package': '@0xsequence/guard_0.10.3', 'message': 'no deps or dev-deps'}
{'statusCode': 0, 'package': '@0xsequence/guard_0.10.4', 'message': 'no deps or dev-deps'}
{'statusCode': 0, 'package': '@0xsequence/guard_0.10.5', 'message': 'no deps or dev-deps'}
{'statusCode': 0, 'package': '@0xsequence/guard_0.10.6', 'message': 'no deps or dev-deps'}
{'statusCode': 0, 'package': '@0xsequence/guard_0.10.7', 'message': 'no deps or dev-deps'}
{'statusCode': 0, 'package': '@0xsequence/guard_0.10.8', 'message': 'no deps or dev-deps'}
{'statusCode': 0, 'package': '@0xsequence/guard_0.10.9', 'message': 'no deps or dev-deps'}
{'statusCode': 0, 'package': '@0xsequence/guard_0.11.0', 'message': 'no deps or dev-deps'}
{'statusCode': 0, 'package': '@0xsequence/guard_0.11.1', 'message': 'no deps or dev-deps'}
{'statusCode': 0, 'package': '@0xsequence/guard_0.11.2', 'message': 'no deps or dev-deps'}
{'statusCode': 0, 'package': '@0xsequence/guard_0.11.3', 'message': 'no deps or dev-deps'}
{'statusCode': 0, 'package': '@0xsequence/guard_0.11.4', 'message': 'no deps or dev-deps'}
{'statusCode': 0, 'package': '@0xsequence/guard_0.12.0', 'message': 'no deps or dev-deps'}
{'statusCode': 0, 'package': '@0xsequence/guard_0.12.1', 'message': 'no deps or dev-deps'}
{'statusCode': 0, 'package': '@0xsequence/guard_0.13.0', 'message': 'no deps or dev-deps'}
{'statusCode': 0, 'package': '@0xsequence/guard_0.14.0', 'message': 'no deps or dev-deps'}
{'statusCode': 0, 'package': '@0xsequence/guard_0.14.3', 'message': 'no deps or dev-deps'}
{'statusCode': 0, 'package': '@0xsequence/guard_0.15.1', 'message': 'no deps or dev-deps'}
{'statusCode': 0, 'package': '@0xsequence/guard_0.16.0', 'message': 'no deps or dev-deps'}
{'statusCode': 0, 'package': '@0xsequence/guard_0.18.0', 'message': 'no deps or dev-deps'}
{'statusCode': 0, 'package': '@0xsequence/guard_0.19.0', 'message': 'no deps or dev-deps'}
{'statusCode': 0, 'package': '@0xsequence/guard_0.19.3', 'message': 'no deps or dev-deps'}
{'statusCode': 0, 'package': '@0xsequence/guard_0.21.0', 'message': 'no deps or dev-deps'}
{'statusCode': 0, 'package': '@0xsequence/guard_0.21.2', 'message': 'no deps or dev-deps'}
{'statusCode': 0, 'package': '@0xsequence/guard_0.21.3', 'message': 'no deps or dev-deps'}
{'statusCode': 0, 'package': '@0xsequence/guard_0.21.4', 'message': 'no deps or dev-deps'}
{'statusCode': 0, 'package': '@0xsequence/guard_0.21.5', 'message': 'no deps or dev-deps'}
{'statusCode': 0, 'package': '@0xsequence/guard_0.22.0', 'message': 'no deps or dev-deps'}
{'statusCode': 0, 'package': '@0xsequence/guard_0.22.1', 'message': 'no deps or dev-deps'}
{'statusCode': 0, 'package': '@0xsequence/guard_0.22.2', 'message': 'no deps or dev-deps'}
{'statusCode': 0, 'package': '@0xsequence/guard_0.23.0', 'message': 'no deps or dev-deps'}
{'statusCode': 0, 'package': '@0xsequence/guard_0.25.0', 'message': 'no deps or dev-deps'}
{'statusCode': 0, 'package': '@0xsequence/guard_0.25.1', 'message': 'no deps or dev-deps'}
{'statusCode': 0, 'package': '@0xsequence/guard_0.27.0', 'message': 'no deps or dev-deps'}
{'statusCode': 0, 'package': '@0xsequence/guard_0.28.0', 'message': 'no deps or dev-deps'}
{'statusCode': 0, 'package': '@0xsequence/guard_0.0.0-2021827201516', 'message': 'no deps or dev-deps'}
{'statusCode': 0, 'package': '@0xsequence/guard_0.29.8', 'message': 'no deps or dev-deps'}
{'statusCode': 0, 'package': '@0xsequence/guard_0.30.0', 'message': 'no deps or dev-deps'}
{'statusCode': 0, 'package': '@0xsequence/guard_0.31.0', 'message': 'no deps or dev-deps'}
{'statusCode': 0, 'package': '@0xsequence/guard_0.34.0', 'message': 'no deps or dev-deps'}
{'statusCode': 0, 'package': '@0xsequence/guard_0.35.0', 'message': 'no deps or dev-deps'}
{'statusCode': 0, 'package': '@0xsequence/guard_0.35.1', 'message': 'no deps or dev-deps'}
{'statusCode': 0, 'package': '@0xsequence/guard_0.35.2', 'message': 'no deps or dev-deps'}
{'statusCode': 0, 'package': '@0xsequence/guard_0.35.3', 'message': 'no deps or dev-deps'}
{'statusCode': 0, 'package': '@0xsequence/guard_0.35.4', 'message': 'no deps or dev-deps'}
{'statusCode': 0, 'package': '@0xsequence/guard_0.35.5', 'message': 'no deps or dev-deps'}
{'statusCode': 0, 'package': '@0xsequence/guard_0.35.6', 'message': 'no deps or dev-deps'}
{'statusCode': 0, 'package': '@0xsequence/guard_0.35.7', 'message': 'no deps or dev-deps'}
{'statusCode': 0, 'package': '@0xsequence/guard_0.35.8', 'message': 'no deps or dev-deps'}
{'statusCode': 0, 'package': '@0xsequence/guard_0.35.9', 'message': 'no deps or dev-deps'}
{'statusCode': 0, 'package': '@0xsequence/guard_0.35.10', 'message': 'no deps or dev-deps'}
{'statusCode': 0, 'package': '@0xsequence/guard_0.35.11', 'message': 'no deps or dev-deps'}
{'statusCode': 0, 'package': '@0xsequence/guard_0.35.12', 'message': 'no deps or dev-deps'}
{'statusCode': 0, 'package': '@0xsequence/guard_0.36.0', 'message': 'no deps or dev-deps'}
{'statusCode': 0, 'package': '@0xsequence/guard_0.36.1', 'message': 'no deps or dev-deps'}
{'statusCode': 0, 'package': '@0xsequence/guard_0.36.2', 'message': 'no deps or dev-deps'}
{'statusCode': 0, 'package': '@0xsequence/guard_0.36.3', 'message': 'no deps or dev-deps'}
{'statusCode': 0, 'package': '@0xsequence/guard_0.36.4', 'message': 'no deps or dev-deps'}
{'statusCode': 0, 'package': '@0xsequence/guard_0.36.5', 'message': 'no deps or dev-deps'}
{'statusCode': 0, 'package': '@0xsequence/guard_0.36.6', 'message': 'no deps or dev-deps'}
{'statusCode': 0, 'package': '@0xsequence/guard_0.36.7', 'message': 'no deps or dev-deps'}
{'statusCode': 0, 'package': '@0xsequence/guard_0.36.8', 'message': 'no deps or dev-deps'}
{'statusCode': 0, 'package': '@0xsequence/guard_0.36.9', 'message': 'no deps or dev-deps'}
{'statusCode': 0, 'package': '@0xsequence/guard_0.36.10', 'message': 'no deps or dev-deps'}
{'statusCode': 0, 'package': '@0xsequence/guard_0.0.0-20220418165517', 'message': 'no deps or dev-deps'}
{'statusCode': 0, 'package': '@0xsequence/guard_0.36.11', 'message': 'no deps or dev-deps'}
{'statusCode': 0, 'package': '@0xsequence/guard_0.0.0-20220425195445', 'message': 'no deps or dev-deps'}
{'statusCode': 0, 'package': '@0xsequence/guard_0.36.12', 'message': 'no deps or dev-deps'}
{'statusCode': 0, 'package': '@0xsequence/guard_0.0.0-20220427054350', 'message': 'no deps or dev-deps'}
{'statusCode': 0, 'package': '@0xsequence/guard_0.0.0-20220427055332', 'message': 'no deps or dev-deps'}
{'statusCode': 0, 'package': '@0xsequence/guard_0.0.0-20220427161307', 'message': 'no deps or dev-deps'}
{'statusCode': 0, 'package': '@0xsequence/guard_0.0.0-20220427162812', 'message': 'no deps or dev-deps'}
{'statusCode': 0, 'package': '@0xsequence/guard_0.36.13', 'message': 'no deps or dev-deps'}
{'statusCode': 0, 'package': '@0xsequence/guard_0.37.0', 'message': 'no deps or dev-deps'}
{'statusCode': 0, 'package': '@0xsequence/guard_0.37.1', 'message': 'no deps or dev-deps'}
{'statusCode': 0, 'package': '@0xsequence/guard_0.0.0-20220506174803', 'message': 'no deps or dev-deps'}
{'statusCode': 0, 'package': '@0xsequence/guard_0.0.0-20220506195001', 'message': 'no deps or dev-deps'}
{'statusCode': 0, 'package': '@0xsequence/guard_0.0.0-20220513134147', 'message': 'no deps or dev-deps'}
{'statusCode': 0, 'package': '@0xsequence/guard_0.38.0', 'message': 'no deps or dev-deps'}
{'statusCode': 0, 'package': '@0xsequence/guard_0.38.1', 'message': 'no deps or dev-deps'}
{'statusCode': 0, 'package': '@0xsequence/guard_0.38.2', 'message': 'no deps or dev-deps'}
{'statusCode': 0, 'package': '@0xsequence/guard_0.39.0', 'message': 'no deps or dev-deps'}
{'statusCode': 0, 'package': '@0xsequence/guard_0.0.0-20220519151110', 'message': 'no deps or dev-deps'}
{'statusCode': 0, 'package': '@0xsequence/guard_0.0.0-20220519202656', 'message': 'no deps or dev-deps'}
{'statusCode': 0, 'package': '@0xsequence/guard_0.0.0-20220601185217', 'message': 'no deps or dev-deps'}
{'statusCode': 0, 'package': '@0xsequence/guard_0.39.1', 'message': 'no deps or dev-deps'}
{'statusCode': 0, 'package': '@0xsequence/guard_0.39.2', 'message': 'no deps or dev-deps'}
{'statusCode': 0, 'package': '@0xsequence/guard_0.0.0-20220609204505', 'message': 'no deps or dev-deps'}
{'statusCode': 0, 'package': '@0xsequence/guard_0.0.0-20220610134843', 'message': 'no deps or dev-deps'}
{'statusCode': 0, 'package': '@0xsequence/guard_0.39.3', 'message': 'no deps or dev-deps'}
{'statusCode': 0, 'package': '@0xsequence/guard_0.0.0-20220614152529', 'message': 'no deps or dev-deps'}
{'statusCode': 0, 'package': '@0xsequence/guard_0.0.0-20220616121217', 'message': 'no deps or dev-deps'}
{'statusCode': 0, 'package': '@0xsequence/guard_0.39.4', 'message': 'no deps or dev-deps'}
{'statusCode': 0, 'package': '@0xsequence/guard_0.39.5', 'message': 'no deps or dev-deps'}
{'statusCode': 0, 'package': '@0xsequence/guard_0.39.6', 'message': 'no deps or dev-deps'}
{'statusCode': 0, 'package': '@0xsequence/guard_0.0.0-26b08ee9-20220629135033', 'message': 'no deps or dev-deps'}
{'statusCode': 0, 'package': '@0xsequence/guard_0.0.0-cdbb3137-20220630190630', 'message': 'no deps or dev-deps'}
{'statusCode': 0, 'package': '@0xsequence/guard_0.0.0-cdbb3137-20220630191603', 'message': 'no deps or dev-deps'}
{'statusCode': 0, 'package': '@0xsequence/guard_0.0.0-cdbb3137-20220630192830', 'message': 'no deps or dev-deps'}
{'statusCode': 0, 'package': '@0xsequence/guard_0.0.0-20220630194654', 'message': 'no deps or dev-deps'}
{'statusCode': 0, 'package': '@0xsequence/guard_0.0.0-20220630211555', 'message': 'no deps or dev-deps'}
{'statusCode': 0, 'package': '@0xsequence/guard_0.0.0-20220630215108', 'message': 'no deps or dev-deps'}
{'statusCode': 0, 'package': '@0xsequence/guard_0.0.0-20220703182449', 'message': 'no deps or dev-deps'}
{'statusCode': 0, 'package': '@0xsequence/guard_0.0.0-20220704043930', 'message': 'no deps or dev-deps'}
{'statusCode': 0, 'package': '@0xsequence/guard_0.0.0-20220706193010', 'message': 'no deps or dev-deps'}
{'statusCode': 0, 'package': '@0xsequence/guard_0.0.0-20220710174545', 'message': 'no deps or dev-deps'}
{'statusCode': 0, 'package': '@0xsequence/guard_0.0.0-coolcats-0.36.12-20220711222640', 'message': 'no deps or dev-deps'}
{'statusCode': 0, 'package': '@0xsequence/guard_0.40.0', 'message': 'no deps or dev-deps'}
{'statusCode': 0, 'package': '@0xsequence/guard_0.40.1', 'message': 'no deps or dev-deps'}
{'statusCode': 0, 'package': '@0xsequence/guard_0.0.0-20220713211319', 'message': 'no deps or dev-deps'}
{'statusCode': 0, 'package': '@0xsequence/guard_0.0.0-20220714164224', 'message': 'no deps or dev-deps'}
{'statusCode': 0, 'package': '@0xsequence/guard_0.40.2', 'message': 'no deps or dev-deps'}
{'statusCode': 0, 'package': '@0xsequence/guard_0.0.0-20220719173737', 'message': 'no deps or dev-deps'}
{'statusCode': 0, 'package': '@0xsequence/guard_0.0.0-20220722145329', 'message': 'no deps or dev-deps'}
{'statusCode': 0, 'package': '@0xsequence/guard_0.0.0-20220725200200', 'message': 'no deps or dev-deps'}
{'statusCode': 0, 'package': '@0xsequence/guard_0.40.3', 'message': 'no deps or dev-deps'}
{'statusCode': 0, 'package': '@0xsequence/guard_0.0.0-20220728141414', 'message': 'no deps or dev-deps'}
{'statusCode': 0, 'package': '@0xsequence/guard_0.40.4', 'message': 'no deps or dev-deps'}
{'statusCode': 0, 'package': '@0xsequence/guard_0.0.0-20220728215555', 'message': 'no deps or dev-deps'}
{'statusCode': 0, 'package': '@0xsequence/guard_0.40.5', 'message': 'no deps or dev-deps'}
{'statusCode': 0, 'package': '@0xsequence/guard_0.0.0-20220804202525', 'message': 'no deps or dev-deps'}
{'statusCode': 0, 'package': '@0xsequence/guard_0.40.6', 'message': 'no deps or dev-deps'}
{'statusCode': 0, 'package': '@0xsequence/guard_0.0.0-20220825181818', 'message': 'no deps or dev-deps'}
{'statusCode': 0, 'package': '@0xsequence/guard_0.0.0-20220825190100', 'message': 'no deps or dev-deps'}
{'statusCode': 0, 'package': '@0xsequence/guard_0.41.0', 'message': 'no deps or dev-deps'}
{'statusCode': 0, 'package': '@0xsequence/guard_0.41.1', 'message': 'no deps or dev-deps'}
{'statusCode': 0, 'package': '@0xsequence/guard_0.41.2', 'message': 'no deps or dev-deps'}
{'statusCode': 0, 'package': '@0xsequence/guard_0.41.3', 'message': 'no deps or dev-deps'}
{'statusCode': 0, 'package': '@0xsequence/guard_0.42.0', 'message': 'no deps or dev-deps'}
{'statusCode': 0, 'package': '@0xsequence/guard_0.42.1', 'message': 'no deps or dev-deps'}
{'statusCode': 0, 'package': '@0xsequence/guard_0.42.2', 'message': 'no deps or dev-deps'}
{'statusCode': 0, 'package': '@0xsequence/guard_0.42.3', 'message': 'no deps or dev-deps'}
{'statusCode': 0, 'package': '@0xsequence/guard_0.42.4', 'message': 'no deps or dev-deps'}
{'statusCode': 0, 'package': '@0xsequence/guard_0.42.5', 'message': 'no deps or dev-deps'}
{'statusCode': 0, 'package': '@0xsequence/guard_0.42.6', 'message': 'no deps or dev-deps'}
{'statusCode': 0, 'package': '@0xsequence/guard_0.42.7', 'message': 'no deps or dev-deps'}
{'statusCode': 0, 'package': '@0xsequence/guard_0.42.8', 'message': 'no deps or dev-deps'}
{'statusCode': 0, 'package': '@0xsequence/guard_0.42.9', 'message': 'no deps or dev-deps'}
{'statusCode': 0, 'package': '@0xsequence/guard_0.42.10', 'message': 'no deps or dev-deps'}
{'statusCode': 0, 'package': '@0xsequence/guard_0.43.0', 'message': 'no deps or dev-deps'}
{'statusCode': 0, 'package': '@0xsequence/guard_0.43.1', 'message': 'no deps or dev-deps'}
{'statusCode': 0, 'package': '@0xsequence/guard_0.43.2', 'message': 'no deps or dev-deps'}
{'statusCode': 0, 'package': '@0xsequence/guard_0.43.3', 'message': 'no deps or dev-deps'}
{'statusCode': 0, 'package': '@0xsequence/guard_0.0.0-20221124173317', 'message': 'no deps or dev-deps'}
{'statusCode': 0, 'package': '@0xsequence/guard_0.43.4', 'message': 'no deps or dev-deps'}
{'statusCode': 0, 'package': '@0xsequence/guard_0.43.5', 'message': 'no deps or dev-deps'}
{'statusCode': 0, 'package': '@0xsequence/guard_0.43.6', 'message': 'no deps or dev-deps'}
{'statusCode': 0, 'package': '@0xsequence/guard_0.43.7', 'message': 'no deps or dev-deps'}
{'statusCode': 0, 'package': '@0xsequence/guard_0.7.0', 'message': 'no deps or dev-deps'}
{'statusCode': 0, 'package': '@0xsequence/guard_0.8.0', 'message': 'no deps or dev-deps'}
{'statusCode': 0, 'package': '@0xsequence/guard_0.8.1', 'message': 'no deps or dev-deps'}
{'statusCode': 0, 'package': '@0xsequence/guard_0.8.2', 'message': 'no deps or dev-deps'}
{'statusCode': 0, 'package': '@0xsequence/guard_0.8.3', 'message': 'no deps or dev-deps'}
{'statusCode': 0, 'package': '@0xsequence/guard_0.8.4', 'message': 'no deps or dev-deps'}
{'statusCode': 0, 'package': '@0xsequence/guard_0.8.5', 'message': 'no deps or dev-deps'}
{'statusCode': 0, 'package': '@0xsequence/guard_0.9.1', 'message': 'no deps or dev-deps'}
{'statusCode': 0, 'package': '@0xsequence/guard_0.9.3', 'message': 'no deps or dev-deps'}
{'statusCode': 0, 'package': '@0xsequence/guard_0.9.6', 'message': 'no deps or dev-deps'}
{'statusCode': 0, 'package': '@0xsequence/guard_0.10.0', 'message': 'no deps or dev-deps'}
{'statusCode': 0, 'package': '@0xsequence/guard_0.10.1', 'message': 'no deps or dev-deps'}
{'statusCode': 0, 'package': '@0xsequence/guard_0.10.2', 'message': 'no deps or dev-deps'}
{'statusCode': 0, 'package': '@0xsequence/guard_0.10.3', 'message': 'no deps or dev-deps'}
{'statusCode': 0, 'package': '@0xsequence/guard_0.10.4', 'message': 'no deps or dev-deps'}
{'statusCode': 0, 'package': '@0xsequence/guard_0.10.5', 'message': 'no deps or dev-deps'}
{'statusCode': 0, 'package': '@0xsequence/guard_0.10.6', 'message': 'no deps or dev-deps'}
{'statusCode': 0, 'package': '@0xsequence/guard_0.10.7', 'message': 'no deps or dev-deps'}
{'statusCode': 0, 'package': '@0xsequence/guard_0.10.8', 'message': 'no deps or dev-deps'}
{'statusCode': 0, 'package': '@0xsequence/guard_0.10.9', 'message': 'no deps or dev-deps'}
{'statusCode': 0, 'package': '@0xsequence/guard_0.11.0', 'message': 'no deps or dev-deps'}
{'statusCode': 0, 'package': '@0xsequence/guard_0.11.1', 'message': 'no deps or dev-deps'}
{'statusCode': 0, 'package': '@0xsequence/guard_0.11.2', 'message': 'no deps or dev-deps'}
{'statusCode': 0, 'package': '@0xsequence/guard_0.11.3', 'message': 'no deps or dev-deps'}
{'statusCode': 0, 'package': '@0xsequence/guard_0.11.4', 'message': 'no deps or dev-deps'}
{'statusCode': 0, 'package': '@0xsequence/guard_0.12.0', 'message': 'no deps or dev-deps'}
{'statusCode': 0, 'package': '@0xsequence/guard_0.12.1', 'message': 'no deps or dev-deps'}
{'statusCode': 0, 'package': '@0xsequence/guard_0.13.0', 'message': 'no deps or dev-deps'}
{'statusCode': 0, 'package': '@0xsequence/guard_0.14.0', 'message': 'no deps or dev-deps'}
{'statusCode': 0, 'package': '@0xsequence/guard_0.14.3', 'message': 'no deps or dev-deps'}
{'statusCode': 0, 'package': '@0xsequence/guard_0.15.1', 'message': 'no deps or dev-deps'}
{'statusCode': 0, 'package': '@0xsequence/guard_0.16.0', 'message': 'no deps or dev-deps'}
{'statusCode': 0, 'package': '@0xsequence/guard_0.18.0', 'message': 'no deps or dev-deps'}
{'statusCode': 0, 'package': '@0xsequence/guard_0.19.0', 'message': 'no deps or dev-deps'}
{'statusCode': 0, 'package': '@0xsequence/guard_0.19.3', 'message': 'no deps or dev-deps'}
{'statusCode': 0, 'package': '@0xsequence/guard_0.21.0', 'message': 'no deps or dev-deps'}
{'statusCode': 0, 'package': '@0xsequence/guard_0.21.2', 'message': 'no deps or dev-deps'}
{'statusCode': 0, 'package': '@0xsequence/guard_0.21.3', 'message': 'no deps or dev-deps'}
{'statusCode': 0, 'package': '@0xsequence/guard_0.21.4', 'message': 'no deps or dev-deps'}
{'statusCode': 0, 'package': '@0xsequence/guard_0.21.5', 'message': 'no deps or dev-deps'}
{'statusCode': 0, 'package': '@0xsequence/guard_0.22.0', 'message': 'no deps or dev-deps'}
{'statusCode': 0, 'package': '@0xsequence/guard_0.22.1', 'message': 'no deps or dev-deps'}
{'statusCode': 0, 'package': '@0xsequence/guard_0.22.2', 'message': 'no deps or dev-deps'}
{'statusCode': 0, 'package': '@0xsequence/guard_0.23.0', 'message': 'no deps or dev-deps'}
{'statusCode': 0, 'package': '@0xsequence/guard_0.25.0', 'message': 'no deps or dev-deps'}
{'statusCode': 0, 'package': '@0xsequence/guard_0.25.1', 'message': 'no deps or dev-deps'}
{'statusCode': 0, 'package': '@0xsequence/guard_0.27.0', 'message': 'no deps or dev-deps'}
{'statusCode': 0, 'package': '@0xsequence/guard_0.28.0', 'message': 'no deps or dev-deps'}
{'statusCode': 0, 'package': '@0xsequence/guard_0.0.0-2021827201516', 'message': 'no deps or dev-deps'}
{'statusCode': 0, 'package': '@0xsequence/guard_0.29.8', 'message': 'no deps or dev-deps'}
{'statusCode': 0, 'package': '@0xsequence/guard_0.30.0', 'message': 'no deps or dev-deps'}
{'statusCode': 0, 'package': '@0xsequence/guard_0.31.0', 'message': 'no deps or dev-deps'}
{'statusCode': 0, 'package': '@0xsequence/guard_0.34.0', 'message': 'no deps or dev-deps'}
{'statusCode': 0, 'package': '@0xsequence/guard_0.35.0', 'message': 'no deps or dev-deps'}
{'statusCode': 0, 'package': '@0xsequence/guard_0.35.1', 'message': 'no deps or dev-deps'}
{'statusCode': 0, 'package': '@0xsequence/guard_0.35.2', 'message': 'no deps or dev-deps'}
{'statusCode': 0, 'package': '@0xsequence/guard_0.35.3', 'message': 'no deps or dev-deps'}
{'statusCode': 0, 'package': '@0xsequence/guard_0.35.4', 'message': 'no deps or dev-deps'}
{'statusCode': 0, 'package': '@0xsequence/guard_0.35.5', 'message': 'no deps or dev-deps'}
{'statusCode': 0, 'package': '@0xsequence/guard_0.35.6', 'message': 'no deps or dev-deps'}
{'statusCode': 0, 'package': '@0xsequence/guard_0.35.7', 'message': 'no deps or dev-deps'}
{'statusCode': 0, 'package': '@0xsequence/guard_0.35.8', 'message': 'no deps or dev-deps'}
{'statusCode': 0, 'package': '@0xsequence/guard_0.35.9', 'message': 'no deps or dev-deps'}
{'statusCode': 0, 'package': '@0xsequence/guard_0.35.10', 'message': 'no deps or dev-deps'}
{'statusCode': 0, 'package': '@0xsequence/guard_0.35.11', 'message': 'no deps or dev-deps'}
{'statusCode': 0, 'package': '@0xsequence/guard_0.35.12', 'message': 'no deps or dev-deps'}
{'statusCode': 0, 'package': '@0xsequence/guard_0.36.0', 'message': 'no deps or dev-deps'}
{'statusCode': 0, 'package': '@0xsequence/guard_0.36.1', 'message': 'no deps or dev-deps'}
{'statusCode': 0, 'package': '@0xsequence/guard_0.36.2', 'message': 'no deps or dev-deps'}
{'statusCode': 0, 'package': '@0xsequence/guard_0.36.3', 'message': 'no deps or dev-deps'}
{'statusCode': 0, 'package': '@0xsequence/guard_0.36.4', 'message': 'no deps or dev-deps'}
{'statusCode': 0, 'package': '@0xsequence/guard_0.36.5', 'message': 'no deps or dev-deps'}
{'statusCode': 0, 'package': '@0xsequence/guard_0.36.6', 'message': 'no deps or dev-deps'}
{'statusCode': 0, 'package': '@0xsequence/guard_0.36.7', 'message': 'no deps or dev-deps'}
{'statusCode': 0, 'package': '@0xsequence/guard_0.36.8', 'message': 'no deps or dev-deps'}
{'statusCode': 0, 'package': '@0xsequence/guard_0.36.9', 'message': 'no deps or dev-deps'}
{'statusCode': 0, 'package': '@0xsequence/guard_0.36.10', 'message': 'no deps or dev-deps'}
{'statusCode': 0, 'package': '@0xsequence/guard_0.0.0-20220418165517', 'message': 'no deps or dev-deps'}
{'statusCode': 0, 'package': '@0xsequence/guard_0.36.11', 'message': 'no deps or dev-deps'}
{'statusCode': 0, 'package': '@0xsequence/guard_0.0.0-20220425195445', 'message': 'no deps or dev-deps'}
{'statusCode': 0, 'package': '@0xsequence/guard_0.36.12', 'message': 'no deps or dev-deps'}
{'statusCode': 0, 'package': '@0xsequence/guard_0.0.0-20220427054350', 'message': 'no deps or dev-deps'}
{'statusCode': 0, 'package': '@0xsequence/guard_0.0.0-20220427055332', 'message': 'no deps or dev-deps'}
{'statusCode': 0, 'package': '@0xsequence/guard_0.0.0-20220427161307', 'message': 'no deps or dev-deps'}
{'statusCode': 0, 'package': '@0xsequence/guard_0.0.0-20220427162812', 'message': 'no deps or dev-deps'}
{'statusCode': 0, 'package': '@0xsequence/guard_0.36.13', 'message': 'no deps or dev-deps'}
{'statusCode': 0, 'package': '@0xsequence/guard_0.37.0', 'message': 'no deps or dev-deps'}
{'statusCode': 0, 'package': '@0xsequence/guard_0.37.1', 'message': 'no deps or dev-deps'}
{'statusCode': 0, 'package': '@0xsequence/guard_0.0.0-20220506174803', 'message': 'no deps or dev-deps'}
{'statusCode': 0, 'package': '@0xsequence/guard_0.0.0-20220506195001', 'message': 'no deps or dev-deps'}
{'statusCode': 0, 'package': '@0xsequence/guard_0.0.0-20220513134147', 'message': 'no deps or dev-deps'}
{'statusCode': 0, 'package': '@0xsequence/guard_0.38.0', 'message': 'no deps or dev-deps'}
{'statusCode': 0, 'package': '@0xsequence/guard_0.38.1', 'message': 'no deps or dev-deps'}
{'statusCode': 0, 'package': '@0xsequence/guard_0.38.2', 'message': 'no deps or dev-deps'}
{'statusCode': 0, 'package': '@0xsequence/guard_0.39.0', 'message': 'no deps or dev-deps'}
{'statusCode': 0, 'package': '@0xsequence/guard_0.0.0-20220519151110', 'message': 'no deps or dev-deps'}
{'statusCode': 0, 'package': '@0xsequence/guard_0.0.0-20220519202656', 'message': 'no deps or dev-deps'}
{'statusCode': 0, 'package': '@0xsequence/guard_0.0.0-20220601185217', 'message': 'no deps or dev-deps'}
{'statusCode': 0, 'package': '@0xsequence/guard_0.39.1', 'message': 'no deps or dev-deps'}
{'statusCode': 0, 'package': '@0xsequence/guard_0.39.2', 'message': 'no deps or dev-deps'}
{'statusCode': 0, 'package': '@0xsequence/guard_0.0.0-20220609204505', 'message': 'no deps or dev-deps'}
{'statusCode': 0, 'package': '@0xsequence/guard_0.0.0-20220610134843', 'message': 'no deps or dev-deps'}
{'statusCode': 0, 'package': '@0xsequence/guard_0.39.3', 'message': 'no deps or dev-deps'}
{'statusCode': 0, 'package': '@0xsequence/guard_0.0.0-20220614152529', 'message': 'no deps or dev-deps'}
{'statusCode': 0, 'package': '@0xsequence/guard_0.0.0-20220616121217', 'message': 'no deps or dev-deps'}
{'statusCode': 0, 'package': '@0xsequence/guard_0.39.4', 'message': 'no deps or dev-deps'}
{'statusCode': 0, 'package': '@0xsequence/guard_0.39.5', 'message': 'no deps or dev-deps'}
{'statusCode': 0, 'package': '@0xsequence/guard_0.39.6', 'message': 'no deps or dev-deps'}
{'statusCode': 0, 'package': '@0xsequence/guard_0.0.0-26b08ee9-20220629135033', 'message': 'no deps or dev-deps'}
{'statusCode': 0, 'package': '@0xsequence/guard_0.0.0-cdbb3137-20220630190630', 'message': 'no deps or dev-deps'}
{'statusCode': 0, 'package': '@0xsequence/guard_0.0.0-cdbb3137-20220630191603', 'message': 'no deps or dev-deps'}
{'statusCode': 0, 'package': '@0xsequence/guard_0.0.0-cdbb3137-20220630192830', 'message': 'no deps or dev-deps'}
{'statusCode': 0, 'package': '@0xsequence/guard_0.0.0-20220630194654', 'message': 'no deps or dev-deps'}
{'statusCode': 0, 'package': '@0xsequence/guard_0.0.0-20220630211555', 'message': 'no deps or dev-deps'}
{'statusCode': 0, 'package': '@0xsequence/guard_0.0.0-20220630215108', 'message': 'no deps or dev-deps'}
{'statusCode': 0, 'package': '@0xsequence/guard_0.0.0-20220703182449', 'message': 'no deps or dev-deps'}
{'statusCode': 0, 'package': '@0xsequence/guard_0.0.0-20220704043930', 'message': 'no deps or dev-deps'}
{'statusCode': 0, 'package': '@0xsequence/guard_0.0.0-20220706193010', 'message': 'no deps or dev-deps'}
{'statusCode': 0, 'package': '@0xsequence/guard_0.0.0-20220710174545', 'message': 'no deps or dev-deps'}
{'statusCode': 0, 'package': '@0xsequence/guard_0.0.0-coolcats-0.36.12-20220711222640', 'message': 'no deps or dev-deps'}
{'statusCode': 0, 'package': '@0xsequence/guard_0.40.0', 'message': 'no deps or dev-deps'}
{'statusCode': 0, 'package': '@0xsequence/guard_0.40.1', 'message': 'no deps or dev-deps'}
{'statusCode': 0, 'package': '@0xsequence/guard_0.0.0-20220713211319', 'message': 'no deps or dev-deps'}
{'statusCode': 0, 'package': '@0xsequence/guard_0.0.0-20220714164224', 'message': 'no deps or dev-deps'}
{'statusCode': 0, 'package': '@0xsequence/guard_0.40.2', 'message': 'no deps or dev-deps'}
{'statusCode': 0, 'package': '@0xsequence/guard_0.0.0-20220719173737', 'message': 'no deps or dev-deps'}
{'statusCode': 0, 'package': '@0xsequence/guard_0.0.0-20220722145329', 'message': 'no deps or dev-deps'}
{'statusCode': 0, 'package': '@0xsequence/guard_0.0.0-20220725200200', 'message': 'no deps or dev-deps'}
{'statusCode': 0, 'package': '@0xsequence/guard_0.40.3', 'message': 'no deps or dev-deps'}
{'statusCode': 0, 'package': '@0xsequence/guard_0.0.0-20220728141414', 'message': 'no deps or dev-deps'}
{'statusCode': 0, 'package': '@0xsequence/guard_0.40.4', 'message': 'no deps or dev-deps'}
{'statusCode': 0, 'package': '@0xsequence/guard_0.0.0-20220728215555', 'message': 'no deps or dev-deps'}
{'statusCode': 0, 'package': '@0xsequence/guard_0.40.5', 'message': 'no deps or dev-deps'}
{'statusCode': 0, 'package': '@0xsequence/guard_0.0.0-20220804202525', 'message': 'no deps or dev-deps'}
{'statusCode': 0, 'package': '@0xsequence/guard_0.40.6', 'message': 'no deps or dev-deps'}
{'statusCode': 0, 'package': '@0xsequence/guard_0.0.0-20220825181818', 'message': 'no deps or dev-deps'}
{'statusCode': 0, 'package': '@0xsequence/guard_0.0.0-20220825190100', 'message': 'no deps or dev-deps'}
{'statusCode': 0, 'package': '@0xsequence/guard_0.41.0', 'message': 'no deps or dev-deps'}
{'statusCode': 0, 'package': '@0xsequence/guard_0.41.1', 'message': 'no deps or dev-deps'}
{'statusCode': 0, 'package': '@0xsequence/guard_0.41.2', 'message': 'no deps or dev-deps'}
{'statusCode': 0, 'package': '@0xsequence/guard_0.41.3', 'message': 'no deps or dev-deps'}
{'statusCode': 0, 'package': '@0xsequence/guard_0.42.0', 'message': 'no deps or dev-deps'}
{'statusCode': 0, 'package': '@0xsequence/guard_0.42.1', 'message': 'no deps or dev-deps'}
{'statusCode': 0, 'package': '@0xsequence/guard_0.42.2', 'message': 'no deps or dev-deps'}
{'statusCode': 0, 'package': '@0xsequence/guard_0.42.3', 'message': 'no deps or dev-deps'}
{'statusCode': 0, 'package': '@0xsequence/guard_0.42.4', 'message': 'no deps or dev-deps'}
{'statusCode': 0, 'package': '@0xsequence/guard_0.42.5', 'message': 'no deps or dev-deps'}
{'statusCode': 0, 'package': '@0xsequence/guard_0.42.6', 'message': 'no deps or dev-deps'}
{'statusCode': 0, 'package': '@0xsequence/guard_0.42.7', 'message': 'no deps or dev-deps'}
{'statusCode': 0, 'package': '@0xsequence/guard_0.42.8', 'message': 'no deps or dev-deps'}
{'statusCode': 0, 'package': '@0xsequence/guard_0.42.9', 'message': 'no deps or dev-deps'}
{'statusCode': 0, 'package': '@0xsequence/guard_0.42.10', 'message': 'no deps or dev-deps'}
{'statusCode': 0, 'package': '@0xsequence/guard_0.43.0', 'message': 'no deps or dev-deps'}
{'statusCode': 0, 'package': '@0xsequence/guard_0.43.1', 'message': 'no deps or dev-deps'}
{'statusCode': 0, 'package': '@0xsequence/guard_0.43.2', 'message': 'no deps or dev-deps'}
{'statusCode': 0, 'package': '@0xsequence/guard_0.43.3', 'message': 'no deps or dev-deps'}
{'statusCode': 0, 'package': '@0xsequence/guard_0.0.0-20221124173317', 'message': 'no deps or dev-deps'}
{'statusCode': 0, 'package': '@0xsequence/guard_0.43.4', 'message': 'no deps or dev-deps'}
{'statusCode': 0, 'package': '@0xsequence/guard_0.43.5', 'message': 'no deps or dev-deps'}
{'statusCode': 0, 'package': '@0xsequence/guard_0.43.6', 'message': 'no deps or dev-deps'}
{'statusCode': 0, 'package': '@0xsequence/guard_0.43.7', 'message': 'no deps or dev-deps'}
{'statusCode': 0, 'package': '@0xsequence/guard_0.7.0', 'message': 'no deps or dev-deps'}
{'statusCode': 0, 'package': '@0xsequence/guard_0.8.0', 'message': 'no deps or dev-deps'}
{'statusCode': 0, 'package': '@0xsequence/guard_0.8.1', 'message': 'no deps or dev-deps'}
{'statusCode': 0, 'package': '@0xsequence/guard_0.8.2', 'message': 'no deps or dev-deps'}
{'statusCode': 0, 'package': '@0xsequence/guard_0.8.3', 'message': 'no deps or dev-deps'}
{'statusCode': 0, 'package': '@0xsequence/guard_0.8.4', 'message': 'no deps or dev-deps'}
{'statusCode': 0, 'package': '@0xsequence/guard_0.8.5', 'message': 'no deps or dev-deps'}
{'statusCode': 0, 'package': '@0xsequence/guard_0.9.1', 'message': 'no deps or dev-deps'}
{'statusCode': 0, 'package': '@0xsequence/guard_0.9.3', 'message': 'no deps or dev-deps'}
{'statusCode': 0, 'package': '@0xsequence/guard_0.9.6', 'message': 'no deps or dev-deps'}
{'statusCode': 0, 'package': '@0xsequence/guard_0.10.0', 'message': 'no deps or dev-deps'}
{'statusCode': 0, 'package': '@0xsequence/guard_0.10.1', 'message': 'no deps or dev-deps'}
{'statusCode': 0, 'package': '@0xsequence/guard_0.10.2', 'message': 'no deps or dev-deps'}
{'statusCode': 0, 'package': '@0xsequence/guard_0.10.3', 'message': 'no deps or dev-deps'}
{'statusCode': 0, 'package': '@0xsequence/guard_0.10.4', 'message': 'no deps or dev-deps'}
{'statusCode': 0, 'package': '@0xsequence/guard_0.10.5', 'message': 'no deps or dev-deps'}
{'statusCode': 0, 'package': '@0xsequence/guard_0.10.6', 'message': 'no deps or dev-deps'}
{'statusCode': 0, 'package': '@0xsequence/guard_0.10.7', 'message': 'no deps or dev-deps'}
{'statusCode': 0, 'package': '@0xsequence/guard_0.10.8', 'message': 'no deps or dev-deps'}
{'statusCode': 0, 'package': '@0xsequence/guard_0.10.9', 'message': 'no deps or dev-deps'}
{'statusCode': 0, 'package': '@0xsequence/guard_0.11.0', 'message': 'no deps or dev-deps'}
{'statusCode': 0, 'package': '@0xsequence/guard_0.11.1', 'message': 'no deps or dev-deps'}
{'statusCode': 0, 'package': '@0xsequence/guard_0.11.2', 'message': 'no deps or dev-deps'}
{'statusCode': 0, 'package': '@0xsequence/guard_0.11.3', 'message': 'no deps or dev-deps'}
{'statusCode': 0, 'package': '@0xsequence/guard_0.11.4', 'message': 'no deps or dev-deps'}
{'statusCode': 0, 'package': '@0xsequence/guard_0.12.0', 'message': 'no deps or dev-deps'}
{'statusCode': 0, 'package': '@0xsequence/guard_0.12.1', 'message': 'no deps or dev-deps'}
{'statusCode': 0, 'package': '@0xsequence/guard_0.13.0', 'message': 'no deps or dev-deps'}
{'statusCode': 0, 'package': '@0xsequence/guard_0.14.0', 'message': 'no deps or dev-deps'}
{'statusCode': 0, 'package': '@0xsequence/guard_0.14.3', 'message': 'no deps or dev-deps'}
{'statusCode': 0, 'package': '@0xsequence/guard_0.15.1', 'message': 'no deps or dev-deps'}
{'statusCode': 0, 'package': '@0xsequence/guard_0.16.0', 'message': 'no deps or dev-deps'}
{'statusCode': 0, 'package': '@0xsequence/guard_0.18.0', 'message': 'no deps or dev-deps'}
{'statusCode': 0, 'package': '@0xsequence/guard_0.19.0', 'message': 'no deps or dev-deps'}
{'statusCode': 0, 'package': '@0xsequence/guard_0.19.3', 'message': 'no deps or dev-deps'}
{'statusCode': 0, 'package': '@0xsequence/guard_0.21.0', 'message': 'no deps or dev-deps'}
{'statusCode': 0, 'package': '@0xsequence/guard_0.21.2', 'message': 'no deps or dev-deps'}
{'statusCode': 0, 'package': '@0xsequence/guard_0.21.3', 'message': 'no deps or dev-deps'}
{'statusCode': 0, 'package': '@0xsequence/guard_0.21.4', 'message': 'no deps or dev-deps'}
{'statusCode': 0, 'package': '@0xsequence/guard_0.21.5', 'message': 'no deps or dev-deps'}
{'statusCode': 0, 'package': '@0xsequence/guard_0.22.0', 'message': 'no deps or dev-deps'}
{'statusCode': 0, 'package': '@0xsequence/guard_0.22.1', 'message': 'no deps or dev-deps'}
{'statusCode': 0, 'package': '@0xsequence/guard_0.22.2', 'message': 'no deps or dev-deps'}
{'statusCode': 0, 'package': '@0xsequence/guard_0.23.0', 'message': 'no deps or dev-deps'}
{'statusCode': 0, 'package': '@0xsequence/guard_0.25.0', 'message': 'no deps or dev-deps'}
{'statusCode': 0, 'package': '@0xsequence/guard_0.25.1', 'message': 'no deps or dev-deps'}
{'statusCode': 0, 'package': '@0xsequence/guard_0.27.0', 'message': 'no deps or dev-deps'}
{'statusCode': 0, 'package': '@0xsequence/guard_0.28.0', 'message': 'no deps or dev-deps'}
{'statusCode': 0, 'package': '@0xsequence/guard_0.0.0-2021827201516', 'message': 'no deps or dev-deps'}
{'statusCode': 0, 'package': '@0xsequence/guard_0.29.8', 'message': 'no deps or dev-deps'}
{'statusCode': 0, 'package': '@0xsequence/guard_0.30.0', 'message': 'no deps or dev-deps'}
{'statusCode': 0, 'package': '@0xsequence/guard_0.31.0', 'message': 'no deps or dev-deps'}
{'statusCode': 0, 'package': '@0xsequence/guard_0.34.0', 'message': 'no deps or dev-deps'}
{'statusCode': 0, 'package': '@0xsequence/guard_0.35.0', 'message': 'no deps or dev-deps'}
{'statusCode': 0, 'package': '@0xsequence/guard_0.35.1', 'message': 'no deps or dev-deps'}
{'statusCode': 0, 'package': '@0xsequence/guard_0.35.2', 'message': 'no deps or dev-deps'}
{'statusCode': 0, 'package': '@0xsequence/guard_0.35.3', 'message': 'no deps or dev-deps'}
{'statusCode': 0, 'package': '@0xsequence/guard_0.35.4', 'message': 'no deps or dev-deps'}
{'statusCode': 0, 'package': '@0xsequence/guard_0.35.5', 'message': 'no deps or dev-deps'}
{'statusCode': 0, 'package': '@0xsequence/guard_0.35.6', 'message': 'no deps or dev-deps'}
{'statusCode': 0, 'package': '@0xsequence/guard_0.35.7', 'message': 'no deps or dev-deps'}
{'statusCode': 0, 'package': '@0xsequence/guard_0.35.8', 'message': 'no deps or dev-deps'}
{'statusCode': 0, 'package': '@0xsequence/guard_0.35.9', 'message': 'no deps or dev-deps'}
{'statusCode': 0, 'package': '@0xsequence/guard_0.35.10', 'message': 'no deps or dev-deps'}
{'statusCode': 0, 'package': '@0xsequence/guard_0.35.11', 'message': 'no deps or dev-deps'}
{'statusCode': 0, 'package': '@0xsequence/guard_0.35.12', 'message': 'no deps or dev-deps'}
{'statusCode': 0, 'package': '@0xsequence/guard_0.36.0', 'message': 'no deps or dev-deps'}
{'statusCode': 0, 'package': '@0xsequence/guard_0.36.1', 'message': 'no deps or dev-deps'}
{'statusCode': 0, 'package': '@0xsequence/guard_0.36.2', 'message': 'no deps or dev-deps'}
{'statusCode': 0, 'package': '@0xsequence/guard_0.36.3', 'message': 'no deps or dev-deps'}
{'statusCode': 0, 'package': '@0xsequence/guard_0.36.4', 'message': 'no deps or dev-deps'}
{'statusCode': 0, 'package': '@0xsequence/guard_0.36.5', 'message': 'no deps or dev-deps'}
{'statusCode': 0, 'package': '@0xsequence/guard_0.36.6', 'message': 'no deps or dev-deps'}
{'statusCode': 0, 'package': '@0xsequence/guard_0.36.7', 'message': 'no deps or dev-deps'}
{'statusCode': 0, 'package': '@0xsequence/guard_0.36.8', 'message': 'no deps or dev-deps'}
{'statusCode': 0, 'package': '@0xsequence/guard_0.36.9', 'message': 'no deps or dev-deps'}
{'statusCode': 0, 'package': '@0xsequence/guard_0.36.10', 'message': 'no deps or dev-deps'}
{'statusCode': 0, 'package': '@0xsequence/guard_0.0.0-20220418165517', 'message': 'no deps or dev-deps'}
{'statusCode': 0, 'package': '@0xsequence/guard_0.36.11', 'message': 'no deps or dev-deps'}
{'statusCode': 0, 'package': '@0xsequence/guard_0.0.0-20220425195445', 'message': 'no deps or dev-deps'}
{'statusCode': 0, 'package': '@0xsequence/guard_0.36.12', 'message': 'no deps or dev-deps'}
{'statusCode': 0, 'package': '@0xsequence/guard_0.0.0-20220427054350', 'message': 'no deps or dev-deps'}
{'statusCode': 0, 'package': '@0xsequence/guard_0.0.0-20220427055332', 'message': 'no deps or dev-deps'}
{'statusCode': 0, 'package': '@0xsequence/guard_0.0.0-20220427161307', 'message': 'no deps or dev-deps'}
{'statusCode': 0, 'package': '@0xsequence/guard_0.0.0-20220427162812', 'message': 'no deps or dev-deps'}
{'statusCode': 0, 'package': '@0xsequence/guard_0.36.13', 'message': 'no deps or dev-deps'}
{'statusCode': 0, 'package': '@0xsequence/guard_0.37.0', 'message': 'no deps or dev-deps'}
{'statusCode': 0, 'package': '@0xsequence/guard_0.37.1', 'message': 'no deps or dev-deps'}
{'statusCode': 0, 'package': '@0xsequence/guard_0.0.0-20220506174803', 'message': 'no deps or dev-deps'}
{'statusCode': 0, 'package': '@0xsequence/guard_0.0.0-20220506195001', 'message': 'no deps or dev-deps'}
{'statusCode': 0, 'package': '@0xsequence/guard_0.0.0-20220513134147', 'message': 'no deps or dev-deps'}
{'statusCode': 0, 'package': '@0xsequence/guard_0.38.0', 'message': 'no deps or dev-deps'}
{'statusCode': 0, 'package': '@0xsequence/guard_0.38.1', 'message': 'no deps or dev-deps'}
{'statusCode': 0, 'package': '@0xsequence/guard_0.38.2', 'message': 'no deps or dev-deps'}
{'statusCode': 0, 'package': '@0xsequence/guard_0.39.0', 'message': 'no deps or dev-deps'}
{'statusCode': 0, 'package': '@0xsequence/guard_0.0.0-20220519151110', 'message': 'no deps or dev-deps'}
{'statusCode': 0, 'package': '@0xsequence/guard_0.0.0-20220519202656', 'message': 'no deps or dev-deps'}
{'statusCode': 0, 'package': '@0xsequence/guard_0.0.0-20220601185217', 'message': 'no deps or dev-deps'}
{'statusCode': 0, 'package': '@0xsequence/guard_0.39.1', 'message': 'no deps or dev-deps'}
{'statusCode': 0, 'package': '@0xsequence/guard_0.39.2', 'message': 'no deps or dev-deps'}
{'statusCode': 0, 'package': '@0xsequence/guard_0.0.0-20220609204505', 'message': 'no deps or dev-deps'}
{'statusCode': 0, 'package': '@0xsequence/guard_0.0.0-20220610134843', 'message': 'no deps or dev-deps'}
{'statusCode': 0, 'package': '@0xsequence/guard_0.39.3', 'message': 'no deps or dev-deps'}
{'statusCode': 0, 'package': '@0xsequence/guard_0.0.0-20220614152529', 'message': 'no deps or dev-deps'}
{'statusCode': 0, 'package': '@0xsequence/guard_0.0.0-20220616121217', 'message': 'no deps or dev-deps'}
{'statusCode': 0, 'package': '@0xsequence/guard_0.39.4', 'message': 'no deps or dev-deps'}
{'statusCode': 0, 'package': '@0xsequence/guard_0.39.5', 'message': 'no deps or dev-deps'}
{'statusCode': 0, 'package': '@0xsequence/guard_0.39.6', 'message': 'no deps or dev-deps'}
{'statusCode': 0, 'package': '@0xsequence/guard_0.0.0-26b08ee9-20220629135033', 'message': 'no deps or dev-deps'}
{'statusCode': 0, 'package': '@0xsequence/guard_0.0.0-cdbb3137-20220630190630', 'message': 'no deps or dev-deps'}
{'statusCode': 0, 'package': '@0xsequence/guard_0.0.0-cdbb3137-20220630191603', 'message': 'no deps or dev-deps'}
{'statusCode': 0, 'package': '@0xsequence/guard_0.0.0-cdbb3137-20220630192830', 'message': 'no deps or dev-deps'}
{'statusCode': 0, 'package': '@0xsequence/guard_0.0.0-20220630194654', 'message': 'no deps or dev-deps'}
{'statusCode': 0, 'package': '@0xsequence/guard_0.0.0-20220630211555', 'message': 'no deps or dev-deps'}
{'statusCode': 0, 'package': '@0xsequence/guard_0.0.0-20220630215108', 'message': 'no deps or dev-deps'}
{'statusCode': 0, 'package': '@0xsequence/guard_0.0.0-20220703182449', 'message': 'no deps or dev-deps'}
{'statusCode': 0, 'package': '@0xsequence/guard_0.0.0-20220704043930', 'message': 'no deps or dev-deps'}
{'statusCode': 0, 'package': '@0xsequence/guard_0.0.0-20220706193010', 'message': 'no deps or dev-deps'}
{'statusCode': 0, 'package': '@0xsequence/guard_0.0.0-20220710174545', 'message': 'no deps or dev-deps'}
{'statusCode': 0, 'package': '@0xsequence/guard_0.0.0-coolcats-0.36.12-20220711222640', 'message': 'no deps or dev-deps'}
{'statusCode': 0, 'package': '@0xsequence/guard_0.40.0', 'message': 'no deps or dev-deps'}
{'statusCode': 0, 'package': '@0xsequence/guard_0.40.1', 'message': 'no deps or dev-deps'}
{'statusCode': 0, 'package': '@0xsequence/guard_0.0.0-20220713211319', 'message': 'no deps or dev-deps'}
{'statusCode': 0, 'package': '@0xsequence/guard_0.0.0-20220714164224', 'message': 'no deps or dev-deps'}
{'statusCode': 0, 'package': '@0xsequence/guard_0.40.2', 'message': 'no deps or dev-deps'}
{'statusCode': 0, 'package': '@0xsequence/guard_0.0.0-20220719173737', 'message': 'no deps or dev-deps'}
{'statusCode': 0, 'package': '@0xsequence/guard_0.0.0-20220722145329', 'message': 'no deps or dev-deps'}
{'statusCode': 0, 'package': '@0xsequence/guard_0.0.0-20220725200200', 'message': 'no deps or dev-deps'}
{'statusCode': 0, 'package': '@0xsequence/guard_0.40.3', 'message': 'no deps or dev-deps'}
{'statusCode': 0, 'package': '@0xsequence/guard_0.0.0-20220728141414', 'message': 'no deps or dev-deps'}
{'statusCode': 0, 'package': '@0xsequence/guard_0.40.4', 'message': 'no deps or dev-deps'}
{'statusCode': 0, 'package': '@0xsequence/guard_0.0.0-20220728215555', 'message': 'no deps or dev-deps'}
{'statusCode': 0, 'package': '@0xsequence/guard_0.40.5', 'message': 'no deps or dev-deps'}
{'statusCode': 0, 'package': '@0xsequence/guard_0.0.0-20220804202525', 'message': 'no deps or dev-deps'}
{'statusCode': 0, 'package': '@0xsequence/guard_0.40.6', 'message': 'no deps or dev-deps'}
{'statusCode': 0, 'package': '@0xsequence/guard_0.0.0-20220825181818', 'message': 'no deps or dev-deps'}
{'statusCode': 0, 'package': '@0xsequence/guard_0.0.0-20220825190100', 'message': 'no deps or dev-deps'}
{'statusCode': 0, 'package': '@0xsequence/guard_0.41.0', 'message': 'no deps or dev-deps'}
{'statusCode': 0, 'package': '@0xsequence/guard_0.41.1', 'message': 'no deps or dev-deps'}
{'statusCode': 0, 'package': '@0xsequence/guard_0.41.2', 'message': 'no deps or dev-deps'}
{'statusCode': 0, 'package': '@0xsequence/guard_0.41.3', 'message': 'no deps or dev-deps'}
{'statusCode': 0, 'package': '@0xsequence/guard_0.42.0', 'message': 'no deps or dev-deps'}
{'statusCode': 0, 'package': '@0xsequence/guard_0.42.1', 'message': 'no deps or dev-deps'}
{'statusCode': 0, 'package': '@0xsequence/guard_0.42.2', 'message': 'no deps or dev-deps'}
{'statusCode': 0, 'package': '@0xsequence/guard_0.42.3', 'message': 'no deps or dev-deps'}
{'statusCode': 0, 'package': '@0xsequence/guard_0.42.4', 'message': 'no deps or dev-deps'}
{'statusCode': 0, 'package': '@0xsequence/guard_0.42.5', 'message': 'no deps or dev-deps'}
{'statusCode': 0, 'package': '@0xsequence/guard_0.42.6', 'message': 'no deps or dev-deps'}
{'statusCode': 0, 'package': '@0xsequence/guard_0.42.7', 'message': 'no deps or dev-deps'}
{'statusCode': 0, 'package': '@0xsequence/guard_0.42.8', 'message': 'no deps or dev-deps'}
{'statusCode': 0, 'package': '@0xsequence/guard_0.42.9', 'message': 'no deps or dev-deps'}
{'statusCode': 0, 'package': '@0xsequence/guard_0.42.10', 'message': 'no deps or dev-deps'}
{'statusCode': 0, 'package': '@0xsequence/guard_0.43.0', 'message': 'no deps or dev-deps'}
{'statusCode': 0, 'package': '@0xsequence/guard_0.43.1', 'message': 'no deps or dev-deps'}
{'statusCode': 0, 'package': '@0xsequence/guard_0.43.2', 'message': 'no deps or dev-deps'}
{'statusCode': 0, 'package': '@0xsequence/guard_0.43.3', 'message': 'no deps or dev-deps'}
{'statusCode': 0, 'package': '@0xsequence/guard_0.0.0-20221124173317', 'message': 'no deps or dev-deps'}
{'statusCode': 0, 'package': '@0xsequence/guard_0.43.4', 'message': 'no deps or dev-deps'}
{'statusCode': 0, 'package': '@0xsequence/guard_0.43.5', 'message': 'no deps or dev-deps'}
{'statusCode': 0, 'package': '@0xsequence/guard_0.43.6', 'message': 'no deps or dev-deps'}
{'statusCode': 0, 'package': '@0xsequence/guard_0.43.7', 'message': 'no deps or dev-deps'}
{'statusCode': 0, 'package': '@0xsequence/guard_0.7.0', 'message': 'no deps or dev-deps'}
{'statusCode': 0, 'package': '@0xsequence/guard_0.8.0', 'message': 'no deps or dev-deps'}
{'statusCode': 0, 'package': '@0xsequence/guard_0.8.1', 'message': 'no deps or dev-deps'}
{'statusCode': 0, 'package': '@0xsequence/guard_0.8.2', 'message': 'no deps or dev-deps'}
{'statusCode': 0, 'package': '@0xsequence/guard_0.8.3', 'message': 'no deps or dev-deps'}
{'statusCode': 0, 'package': '@0xsequence/guard_0.8.4', 'message': 'no deps or dev-deps'}
{'statusCode': 0, 'package': '@0xsequence/guard_0.8.5', 'message': 'no deps or dev-deps'}
{'statusCode': 0, 'package': '@0xsequence/guard_0.9.1', 'message': 'no deps or dev-deps'}
{'statusCode': 0, 'package': '@0xsequence/guard_0.9.3', 'message': 'no deps or dev-deps'}
{'statusCode': 0, 'package': '@0xsequence/guard_0.9.6', 'message': 'no deps or dev-deps'}
{'statusCode': 0, 'package': '@0xsequence/guard_0.10.0', 'message': 'no deps or dev-deps'}
{'statusCode': 0, 'package': '@0xsequence/guard_0.10.1', 'message': 'no deps or dev-deps'}
{'statusCode': 0, 'package': '@0xsequence/guard_0.10.2', 'message': 'no deps or dev-deps'}
{'statusCode': 0, 'package': '@0xsequence/guard_0.10.3', 'message': 'no deps or dev-deps'}
{'statusCode': 0, 'package': '@0xsequence/guard_0.10.4', 'message': 'no deps or dev-deps'}
{'statusCode': 0, 'package': '@0xsequence/guard_0.10.5', 'message': 'no deps or dev-deps'}
{'statusCode': 0, 'package': '@0xsequence/guard_0.10.6', 'message': 'no deps or dev-deps'}
{'statusCode': 0, 'package': '@0xsequence/guard_0.10.7', 'message': 'no deps or dev-deps'}
{'statusCode': 0, 'package': '@0xsequence/guard_0.10.8', 'message': 'no deps or dev-deps'}
{'statusCode': 0, 'package': '@0xsequence/guard_0.10.9', 'message': 'no deps or dev-deps'}
{'statusCode': 0, 'package': '@0xsequence/guard_0.11.0', 'message': 'no deps or dev-deps'}
{'statusCode': 0, 'package': '@0xsequence/guard_0.11.1', 'message': 'no deps or dev-deps'}
{'statusCode': 0, 'package': '@0xsequence/guard_0.11.2', 'message': 'no deps or dev-deps'}
{'statusCode': 0, 'package': '@0xsequence/guard_0.11.3', 'message': 'no deps or dev-deps'}
{'statusCode': 0, 'package': '@0xsequence/guard_0.11.4', 'message': 'no deps or dev-deps'}
{'statusCode': 0, 'package': '@0xsequence/guard_0.12.0', 'message': 'no deps or dev-deps'}
{'statusCode': 0, 'package': '@0xsequence/guard_0.12.1', 'message': 'no deps or dev-deps'}
{'statusCode': 0, 'package': '@0xsequence/guard_0.13.0', 'message': 'no deps or dev-deps'}
{'statusCode': 0, 'package': '@0xsequence/guard_0.14.0', 'message': 'no deps or dev-deps'}
{'statusCode': 0, 'package': '@0xsequence/guard_0.14.3', 'message': 'no deps or dev-deps'}
{'statusCode': 0, 'package': '@0xsequence/guard_0.15.1', 'message': 'no deps or dev-deps'}
{'statusCode': 0, 'package': '@0xsequence/guard_0.16.0', 'message': 'no deps or dev-deps'}
{'statusCode': 0, 'package': '@0xsequence/guard_0.18.0', 'message': 'no deps or dev-deps'}
{'statusCode': 0, 'package': '@0xsequence/guard_0.19.0', 'message': 'no deps or dev-deps'}
{'statusCode': 0, 'package': '@0xsequence/guard_0.19.3', 'message': 'no deps or dev-deps'}
{'statusCode': 0, 'package': '@0xsequence/guard_0.21.0', 'message': 'no deps or dev-deps'}
{'statusCode': 0, 'package': '@0xsequence/guard_0.21.2', 'message': 'no deps or dev-deps'}
{'statusCode': 0, 'package': '@0xsequence/guard_0.21.3', 'message': 'no deps or dev-deps'}
{'statusCode': 0, 'package': '@0xsequence/guard_0.21.4', 'message': 'no deps or dev-deps'}
{'statusCode': 0, 'package': '@0xsequence/guard_0.21.5', 'message': 'no deps or dev-deps'}
{'statusCode': 0, 'package': '@0xsequence/guard_0.22.0', 'message': 'no deps or dev-deps'}
{'statusCode': 0, 'package': '@0xsequence/guard_0.22.1', 'message': 'no deps or dev-deps'}
{'statusCode': 0, 'package': '@0xsequence/guard_0.22.2', 'message': 'no deps or dev-deps'}
{'statusCode': 0, 'package': '@0xsequence/guard_0.23.0', 'message': 'no deps or dev-deps'}
{'statusCode': 0, 'package': '@0xsequence/guard_0.25.0', 'message': 'no deps or dev-deps'}
{'statusCode': 0, 'package': '@0xsequence/guard_0.25.1', 'message': 'no deps or dev-deps'}
{'statusCode': 0, 'package': '@0xsequence/guard_0.27.0', 'message': 'no deps or dev-deps'}
{'statusCode': 0, 'package': '@0xsequence/guard_0.28.0', 'message': 'no deps or dev-deps'}
{'statusCode': 0, 'package': '@0xsequence/guard_0.0.0-2021827201516', 'message': 'no deps or dev-deps'}
{'statusCode': 0, 'package': '@0xsequence/guard_0.29.8', 'message': 'no deps or dev-deps'}
{'statusCode': 0, 'package': '@0xsequence/guard_0.30.0', 'message': 'no deps or dev-deps'}
{'statusCode': 0, 'package': '@0xsequence/guard_0.31.0', 'message': 'no deps or dev-deps'}
{'statusCode': 0, 'package': '@0xsequence/guard_0.34.0', 'message': 'no deps or dev-deps'}
{'statusCode': 0, 'package': '@0xsequence/guard_0.35.0', 'message': 'no deps or dev-deps'}
{'statusCode': 0, 'package': '@0xsequence/guard_0.35.1', 'message': 'no deps or dev-deps'}
{'statusCode': 0, 'package': '@0xsequence/guard_0.35.2', 'message': 'no deps or dev-deps'}
{'statusCode': 0, 'package': '@0xsequence/guard_0.35.3', 'message': 'no deps or dev-deps'}
{'statusCode': 0, 'package': '@0xsequence/guard_0.35.4', 'message': 'no deps or dev-deps'}
{'statusCode': 0, 'package': '@0xsequence/guard_0.35.5', 'message': 'no deps or dev-deps'}
{'statusCode': 0, 'package': '@0xsequence/guard_0.35.6', 'message': 'no deps or dev-deps'}
{'statusCode': 0, 'package': '@0xsequence/guard_0.35.7', 'message': 'no deps or dev-deps'}
{'statusCode': 0, 'package': '@0xsequence/guard_0.35.8', 'message': 'no deps or dev-deps'}
{'statusCode': 0, 'package': '@0xsequence/guard_0.35.9', 'message': 'no deps or dev-deps'}
{'statusCode': 0, 'package': '@0xsequence/guard_0.35.10', 'message': 'no deps or dev-deps'}
{'statusCode': 0, 'package': '@0xsequence/guard_0.35.11', 'message': 'no deps or dev-deps'}
{'statusCode': 0, 'package': '@0xsequence/guard_0.35.12', 'message': 'no deps or dev-deps'}
{'statusCode': 0, 'package': '@0xsequence/guard_0.36.0', 'message': 'no deps or dev-deps'}
{'statusCode': 0, 'package': '@0xsequence/guard_0.36.1', 'message': 'no deps or dev-deps'}
{'statusCode': 0, 'package': '@0xsequence/guard_0.36.2', 'message': 'no deps or dev-deps'}
{'statusCode': 0, 'package': '@0xsequence/guard_0.36.3', 'message': 'no deps or dev-deps'}
{'statusCode': 0, 'package': '@0xsequence/guard_0.36.4', 'message': 'no deps or dev-deps'}
{'statusCode': 0, 'package': '@0xsequence/guard_0.36.5', 'message': 'no deps or dev-deps'}
{'statusCode': 0, 'package': '@0xsequence/guard_0.36.6', 'message': 'no deps or dev-deps'}
{'statusCode': 0, 'package': '@0xsequence/guard_0.36.7', 'message': 'no deps or dev-deps'}
{'statusCode': 0, 'package': '@0xsequence/guard_0.36.8', 'message': 'no deps or dev-deps'}
{'statusCode': 0, 'package': '@0xsequence/guard_0.36.9', 'message': 'no deps or dev-deps'}
{'statusCode': 0, 'package': '@0xsequence/guard_0.36.10', 'message': 'no deps or dev-deps'}
{'statusCode': 0, 'package': '@0xsequence/guard_0.0.0-20220418165517', 'message': 'no deps or dev-deps'}
{'statusCode': 0, 'package': '@0xsequence/guard_0.36.11', 'message': 'no deps or dev-deps'}
{'statusCode': 0, 'package': '@0xsequence/guard_0.0.0-20220425195445', 'message': 'no deps or dev-deps'}
{'statusCode': 0, 'package': '@0xsequence/guard_0.36.12', 'message': 'no deps or dev-deps'}
{'statusCode': 0, 'package': '@0xsequence/guard_0.0.0-20220427054350', 'message': 'no deps or dev-deps'}
{'statusCode': 0, 'package': '@0xsequence/guard_0.0.0-20220427055332', 'message': 'no deps or dev-deps'}
{'statusCode': 0, 'package': '@0xsequence/guard_0.0.0-20220427161307', 'message': 'no deps or dev-deps'}
{'statusCode': 0, 'package': '@0xsequence/guard_0.0.0-20220427162812', 'message': 'no deps or dev-deps'}
{'statusCode': 0, 'package': '@0xsequence/guard_0.36.13', 'message': 'no deps or dev-deps'}
{'statusCode': 0, 'package': '@0xsequence/guard_0.37.0', 'message': 'no deps or dev-deps'}
{'statusCode': 0, 'package': '@0xsequence/guard_0.37.1', 'message': 'no deps or dev-deps'}
{'statusCode': 0, 'package': '@0xsequence/guard_0.0.0-20220506174803', 'message': 'no deps or dev-deps'}
{'statusCode': 0, 'package': '@0xsequence/guard_0.0.0-20220506195001', 'message': 'no deps or dev-deps'}
{'statusCode': 0, 'package': '@0xsequence/guard_0.0.0-20220513134147', 'message': 'no deps or dev-deps'}
{'statusCode': 0, 'package': '@0xsequence/guard_0.38.0', 'message': 'no deps or dev-deps'}
{'statusCode': 0, 'package': '@0xsequence/guard_0.38.1', 'message': 'no deps or dev-deps'}
{'statusCode': 0, 'package': '@0xsequence/guard_0.38.2', 'message': 'no deps or dev-deps'}
{'statusCode': 0, 'package': '@0xsequence/guard_0.39.0', 'message': 'no deps or dev-deps'}
{'statusCode': 0, 'package': '@0xsequence/guard_0.0.0-20220519151110', 'message': 'no deps or dev-deps'}
{'statusCode': 0, 'package': '@0xsequence/guard_0.0.0-20220519202656', 'message': 'no deps or dev-deps'}
{'statusCode': 0, 'package': '@0xsequence/guard_0.0.0-20220601185217', 'message': 'no deps or dev-deps'}
{'statusCode': 0, 'package': '@0xsequence/guard_0.39.1', 'message': 'no deps or dev-deps'}
{'statusCode': 0, 'package': '@0xsequence/guard_0.39.2', 'message': 'no deps or dev-deps'}
{'statusCode': 0, 'package': '@0xsequence/guard_0.0.0-20220609204505', 'message': 'no deps or dev-deps'}
{'statusCode': 0, 'package': '@0xsequence/guard_0.0.0-20220610134843', 'message': 'no deps or dev-deps'}
{'statusCode': 0, 'package': '@0xsequence/guard_0.39.3', 'message': 'no deps or dev-deps'}
{'statusCode': 0, 'package': '@0xsequence/guard_0.0.0-20220614152529', 'message': 'no deps or dev-deps'}
{'statusCode': 0, 'package': '@0xsequence/guard_0.0.0-20220616121217', 'message': 'no deps or dev-deps'}
{'statusCode': 0, 'package': '@0xsequence/guard_0.39.4', 'message': 'no deps or dev-deps'}
{'statusCode': 0, 'package': '@0xsequence/guard_0.39.5', 'message': 'no deps or dev-deps'}
{'statusCode': 0, 'package': '@0xsequence/guard_0.39.6', 'message': 'no deps or dev-deps'}
{'statusCode': 0, 'package': '@0xsequence/guard_0.0.0-26b08ee9-20220629135033', 'message': 'no deps or dev-deps'}
{'statusCode': 0, 'package': '@0xsequence/guard_0.0.0-cdbb3137-20220630190630', 'message': 'no deps or dev-deps'}
{'statusCode': 0, 'package': '@0xsequence/guard_0.0.0-cdbb3137-20220630191603', 'message': 'no deps or dev-deps'}
{'statusCode': 0, 'package': '@0xsequence/guard_0.0.0-cdbb3137-20220630192830', 'message': 'no deps or dev-deps'}
{'statusCode': 0, 'package': '@0xsequence/guard_0.0.0-20220630194654', 'message': 'no deps or dev-deps'}
{'statusCode': 0, 'package': '@0xsequence/guard_0.0.0-20220630211555', 'message': 'no deps or dev-deps'}
{'statusCode': 0, 'package': '@0xsequence/guard_0.0.0-20220630215108', 'message': 'no deps or dev-deps'}
{'statusCode': 0, 'package': '@0xsequence/guard_0.0.0-20220703182449', 'message': 'no deps or dev-deps'}
{'statusCode': 0, 'package': '@0xsequence/guard_0.0.0-20220704043930', 'message': 'no deps or dev-deps'}
{'statusCode': 0, 'package': '@0xsequence/guard_0.0.0-20220706193010', 'message': 'no deps or dev-deps'}
{'statusCode': 0, 'package': '@0xsequence/guard_0.0.0-20220710174545', 'message': 'no deps or dev-deps'}
{'statusCode': 0, 'package': '@0xsequence/guard_0.0.0-coolcats-0.36.12-20220711222640', 'message': 'no deps or dev-deps'}
{'statusCode': 0, 'package': '@0xsequence/guard_0.40.0', 'message': 'no deps or dev-deps'}
{'statusCode': 0, 'package': '@0xsequence/guard_0.40.1', 'message': 'no deps or dev-deps'}
{'statusCode': 0, 'package': '@0xsequence/guard_0.0.0-20220713211319', 'message': 'no deps or dev-deps'}
{'statusCode': 0, 'package': '@0xsequence/guard_0.0.0-20220714164224', 'message': 'no deps or dev-deps'}
{'statusCode': 0, 'package': '@0xsequence/guard_0.40.2', 'message': 'no deps or dev-deps'}
{'statusCode': 0, 'package': '@0xsequence/guard_0.0.0-20220719173737', 'message': 'no deps or dev-deps'}
{'statusCode': 0, 'package': '@0xsequence/guard_0.0.0-20220722145329', 'message': 'no deps or dev-deps'}
{'statusCode': 0, 'package': '@0xsequence/guard_0.0.0-20220725200200', 'message': 'no deps or dev-deps'}
{'statusCode': 0, 'package': '@0xsequence/guard_0.40.3', 'message': 'no deps or dev-deps'}
{'statusCode': 0, 'package': '@0xsequence/guard_0.0.0-20220728141414', 'message': 'no deps or dev-deps'}
{'statusCode': 0, 'package': '@0xsequence/guard_0.40.4', 'message': 'no deps or dev-deps'}
{'statusCode': 0, 'package': '@0xsequence/guard_0.0.0-20220728215555', 'message': 'no deps or dev-deps'}
{'statusCode': 0, 'package': '@0xsequence/guard_0.40.5', 'message': 'no deps or dev-deps'}
{'statusCode': 0, 'package': '@0xsequence/guard_0.0.0-20220804202525', 'message': 'no deps or dev-deps'}
{'statusCode': 0, 'package': '@0xsequence/guard_0.40.6', 'message': 'no deps or dev-deps'}
{'statusCode': 0, 'package': '@0xsequence/guard_0.0.0-20220825181818', 'message': 'no deps or dev-deps'}
{'statusCode': 0, 'package': '@0xsequence/guard_0.0.0-20220825190100', 'message': 'no deps or dev-deps'}
{'statusCode': 0, 'package': '@0xsequence/guard_0.41.0', 'message': 'no deps or dev-deps'}
{'statusCode': 0, 'package': '@0xsequence/guard_0.41.1', 'message': 'no deps or dev-deps'}
{'statusCode': 0, 'package': '@0xsequence/guard_0.41.2', 'message': 'no deps or dev-deps'}
{'statusCode': 0, 'package': '@0xsequence/guard_0.41.3', 'message': 'no deps or dev-deps'}
{'statusCode': 0, 'package': '@0xsequence/guard_0.42.0', 'message': 'no deps or dev-deps'}
{'statusCode': 0, 'package': '@0xsequence/guard_0.42.1', 'message': 'no deps or dev-deps'}
{'statusCode': 0, 'package': '@0xsequence/guard_0.42.2', 'message': 'no deps or dev-deps'}
{'statusCode': 0, 'package': '@0xsequence/guard_0.42.3', 'message': 'no deps or dev-deps'}
{'statusCode': 0, 'package': '@0xsequence/guard_0.42.4', 'message': 'no deps or dev-deps'}
{'statusCode': 0, 'package': '@0xsequence/guard_0.42.5', 'message': 'no deps or dev-deps'}
{'statusCode': 0, 'package': '@0xsequence/guard_0.42.6', 'message': 'no deps or dev-deps'}
{'statusCode': 0, 'package': '@0xsequence/guard_0.42.7', 'message': 'no deps or dev-deps'}
{'statusCode': 0, 'package': '@0xsequence/guard_0.42.8', 'message': 'no deps or dev-deps'}
{'statusCode': 0, 'package': '@0xsequence/guard_0.42.9', 'message': 'no deps or dev-deps'}
{'statusCode': 0, 'package': '@0xsequence/guard_0.42.10', 'message': 'no deps or dev-deps'}
{'statusCode': 0, 'package': '@0xsequence/guard_0.43.0', 'message': 'no deps or dev-deps'}
{'statusCode': 0, 'package': '@0xsequence/guard_0.43.1', 'message': 'no deps or dev-deps'}
{'statusCode': 0, 'package': '@0xsequence/guard_0.43.2', 'message': 'no deps or dev-deps'}
{'statusCode': 0, 'package': '@0xsequence/guard_0.43.3', 'message': 'no deps or dev-deps'}
{'statusCode': 0, 'package': '@0xsequence/guard_0.0.0-20221124173317', 'message': 'no deps or dev-deps'}
{'statusCode': 0, 'package': '@0xsequence/guard_0.43.4', 'message': 'no deps or dev-deps'}
{'statusCode': 0, 'package': '@0xsequence/guard_0.43.5', 'message': 'no deps or dev-deps'}
{'statusCode': 0, 'package': '@0xsequence/guard_0.43.6', 'message': 'no deps or dev-deps'}
{'statusCode': 0, 'package': '@0xsequence/guard_0.43.7', 'message': 'no deps or dev-deps'}
{'statusCode': 0, 'package': '@0xsequence/guard_0.7.0', 'message': 'no deps or dev-deps'}
{'statusCode': 0, 'package': '@0xsequence/guard_0.8.0', 'message': 'no deps or dev-deps'}
{'statusCode': 0, 'package': '@0xsequence/guard_0.8.1', 'message': 'no deps or dev-deps'}
{'statusCode': 0, 'package': '@0xsequence/guard_0.8.2', 'message': 'no deps or dev-deps'}
{'statusCode': 0, 'package': '@0xsequence/guard_0.8.3', 'message': 'no deps or dev-deps'}
{'statusCode': 0, 'package': '@0xsequence/guard_0.8.4', 'message': 'no deps or dev-deps'}
{'statusCode': 0, 'package': '@0xsequence/guard_0.8.5', 'message': 'no deps or dev-deps'}
{'statusCode': 0, 'package': '@0xsequence/guard_0.9.1', 'message': 'no deps or dev-deps'}
{'statusCode': 0, 'package': '@0xsequence/guard_0.9.3', 'message': 'no deps or dev-deps'}
{'statusCode': 0, 'package': '@0xsequence/guard_0.9.6', 'message': 'no deps or dev-deps'}
{'statusCode': 0, 'package': '@0xsequence/guard_0.10.0', 'message': 'no deps or dev-deps'}
{'statusCode': 0, 'package': '@0xsequence/guard_0.10.1', 'message': 'no deps or dev-deps'}
{'statusCode': 0, 'package': '@0xsequence/guard_0.10.2', 'message': 'no deps or dev-deps'}
{'statusCode': 0, 'package': '@0xsequence/guard_0.10.3', 'message': 'no deps or dev-deps'}
{'statusCode': 0, 'package': '@0xsequence/guard_0.10.4', 'message': 'no deps or dev-deps'}
{'statusCode': 0, 'package': '@0xsequence/guard_0.10.5', 'message': 'no deps or dev-deps'}
{'statusCode': 0, 'package': '@0xsequence/guard_0.10.6', 'message': 'no deps or dev-deps'}
{'statusCode': 0, 'package': '@0xsequence/guard_0.10.7', 'message': 'no deps or dev-deps'}
{'statusCode': 0, 'package': '@0xsequence/guard_0.10.8', 'message': 'no deps or dev-deps'}
{'statusCode': 0, 'package': '@0xsequence/guard_0.10.9', 'message': 'no deps or dev-deps'}
{'statusCode': 0, 'package': '@0xsequence/guard_0.11.0', 'message': 'no deps or dev-deps'}
{'statusCode': 0, 'package': '@0xsequence/guard_0.11.1', 'message': 'no deps or dev-deps'}
{'statusCode': 0, 'package': '@0xsequence/guard_0.11.2', 'message': 'no deps or dev-deps'}
{'statusCode': 0, 'package': '@0xsequence/guard_0.11.3', 'message': 'no deps or dev-deps'}
{'statusCode': 0, 'package': '@0xsequence/guard_0.11.4', 'message': 'no deps or dev-deps'}
{'statusCode': 0, 'package': '@0xsequence/guard_0.12.0', 'message': 'no deps or dev-deps'}
{'statusCode': 0, 'package': '@0xsequence/guard_0.12.1', 'message': 'no deps or dev-deps'}
{'statusCode': 0, 'package': '@0xsequence/guard_0.13.0', 'message': 'no deps or dev-deps'}
{'statusCode': 0, 'package': '@0xsequence/guard_0.14.0', 'message': 'no deps or dev-deps'}
{'statusCode': 0, 'package': '@0xsequence/guard_0.14.3', 'message': 'no deps or dev-deps'}
{'statusCode': 0, 'package': '@0xsequence/guard_0.15.1', 'message': 'no deps or dev-deps'}
{'statusCode': 0, 'package': '@0xsequence/guard_0.16.0', 'message': 'no deps or dev-deps'}
{'statusCode': 0, 'package': '@0xsequence/guard_0.18.0', 'message': 'no deps or dev-deps'}
{'statusCode': 0, 'package': '@0xsequence/guard_0.19.0', 'message': 'no deps or dev-deps'}
{'statusCode': 0, 'package': '@0xsequence/guard_0.19.3', 'message': 'no deps or dev-deps'}
{'statusCode': 0, 'package': '@0xsequence/guard_0.21.0', 'message': 'no deps or dev-deps'}
{'statusCode': 0, 'package': '@0xsequence/guard_0.21.2', 'message': 'no deps or dev-deps'}
{'statusCode': 0, 'package': '@0xsequence/guard_0.21.3', 'message': 'no deps or dev-deps'}
{'statusCode': 0, 'package': '@0xsequence/guard_0.21.4', 'message': 'no deps or dev-deps'}
{'statusCode': 0, 'package': '@0xsequence/guard_0.21.5', 'message': 'no deps or dev-deps'}
{'statusCode': 0, 'package': '@0xsequence/guard_0.22.0', 'message': 'no deps or dev-deps'}
{'statusCode': 0, 'package': '@0xsequence/guard_0.22.1', 'message': 'no deps or dev-deps'}
{'statusCode': 0, 'package': '@0xsequence/guard_0.22.2', 'message': 'no deps or dev-deps'}
{'statusCode': 0, 'package': '@0xsequence/guard_0.23.0', 'message': 'no deps or dev-deps'}
{'statusCode': 0, 'package': '@0xsequence/guard_0.25.0', 'message': 'no deps or dev-deps'}
{'statusCode': 0, 'package': '@0xsequence/guard_0.25.1', 'message': 'no deps or dev-deps'}
{'statusCode': 0, 'package': '@0xsequence/guard_0.27.0', 'message': 'no deps or dev-deps'}
{'statusCode': 0, 'package': '@0xsequence/guard_0.28.0', 'message': 'no deps or dev-deps'}
{'statusCode': 0, 'package': '@0xsequence/guard_0.0.0-2021827201516', 'message': 'no deps or dev-deps'}
{'statusCode': 0, 'package': '@0xsequence/guard_0.29.8', 'message': 'no deps or dev-deps'}
{'statusCode': 0, 'package': '@0xsequence/guard_0.30.0', 'message': 'no deps or dev-deps'}
{'statusCode': 0, 'package': '@0xsequence/guard_0.31.0', 'message': 'no deps or dev-deps'}
{'statusCode': 0, 'package': '@0xsequence/guard_0.34.0', 'message': 'no deps or dev-deps'}
{'statusCode': 0, 'package': '@0xsequence/guard_0.35.0', 'message': 'no deps or dev-deps'}
{'statusCode': 0, 'package': '@0xsequence/guard_0.35.1', 'message': 'no deps or dev-deps'}
{'statusCode': 0, 'package': '@0xsequence/guard_0.35.2', 'message': 'no deps or dev-deps'}
{'statusCode': 0, 'package': '@0xsequence/guard_0.35.3', 'message': 'no deps or dev-deps'}
{'statusCode': 0, 'package': '@0xsequence/guard_0.35.4', 'message': 'no deps or dev-deps'}
{'statusCode': 0, 'package': '@0xsequence/guard_0.35.5', 'message': 'no deps or dev-deps'}
{'statusCode': 0, 'package': '@0xsequence/guard_0.35.6', 'message': 'no deps or dev-deps'}
{'statusCode': 0, 'package': '@0xsequence/guard_0.35.7', 'message': 'no deps or dev-deps'}
{'statusCode': 0, 'package': '@0xsequence/guard_0.35.8', 'message': 'no deps or dev-deps'}
{'statusCode': 0, 'package': '@0xsequence/guard_0.35.9', 'message': 'no deps or dev-deps'}
{'statusCode': 0, 'package': '@0xsequence/guard_0.35.10', 'message': 'no deps or dev-deps'}
{'statusCode': 0, 'package': '@0xsequence/guard_0.35.11', 'message': 'no deps or dev-deps'}
{'statusCode': 0, 'package': '@0xsequence/guard_0.35.12', 'message': 'no deps or dev-deps'}
{'statusCode': 0, 'package': '@0xsequence/guard_0.36.0', 'message': 'no deps or dev-deps'}
{'statusCode': 0, 'package': '@0xsequence/guard_0.36.1', 'message': 'no deps or dev-deps'}
{'statusCode': 0, 'package': '@0xsequence/guard_0.36.2', 'message': 'no deps or dev-deps'}
{'statusCode': 0, 'package': '@0xsequence/guard_0.36.3', 'message': 'no deps or dev-deps'}
{'statusCode': 0, 'package': '@0xsequence/guard_0.36.4', 'message': 'no deps or dev-deps'}
{'statusCode': 0, 'package': '@0xsequence/guard_0.36.5', 'message': 'no deps or dev-deps'}
{'statusCode': 0, 'package': '@0xsequence/guard_0.36.6', 'message': 'no deps or dev-deps'}
{'statusCode': 0, 'package': '@0xsequence/guard_0.36.7', 'message': 'no deps or dev-deps'}
{'statusCode': 0, 'package': '@0xsequence/guard_0.36.8', 'message': 'no deps or dev-deps'}
{'statusCode': 0, 'package': '@0xsequence/guard_0.36.9', 'message': 'no deps or dev-deps'}
{'statusCode': 0, 'package': '@0xsequence/guard_0.36.10', 'message': 'no deps or dev-deps'}
{'statusCode': 0, 'package': '@0xsequence/guard_0.0.0-20220418165517', 'message': 'no deps or dev-deps'}
{'statusCode': 0, 'package': '@0xsequence/guard_0.36.11', 'message': 'no deps or dev-deps'}
{'statusCode': 0, 'package': '@0xsequence/guard_0.0.0-20220425195445', 'message': 'no deps or dev-deps'}
{'statusCode': 0, 'package': '@0xsequence/guard_0.36.12', 'message': 'no deps or dev-deps'}
{'statusCode': 0, 'package': '@0xsequence/guard_0.0.0-20220427054350', 'message': 'no deps or dev-deps'}
{'statusCode': 0, 'package': '@0xsequence/guard_0.0.0-20220427055332', 'message': 'no deps or dev-deps'}
{'statusCode': 0, 'package': '@0xsequence/guard_0.0.0-20220427161307', 'message': 'no deps or dev-deps'}
{'statusCode': 0, 'package': '@0xsequence/guard_0.0.0-20220427162812', 'message': 'no deps or dev-deps'}
{'statusCode': 0, 'package': '@0xsequence/guard_0.36.13', 'message': 'no deps or dev-deps'}
{'statusCode': 0, 'package': '@0xsequence/guard_0.37.0', 'message': 'no deps or dev-deps'}
{'statusCode': 0, 'package': '@0xsequence/guard_0.37.1', 'message': 'no deps or dev-deps'}
{'statusCode': 0, 'package': '@0xsequence/guard_0.0.0-20220506174803', 'message': 'no deps or dev-deps'}
{'statusCode': 0, 'package': '@0xsequence/guard_0.0.0-20220506195001', 'message': 'no deps or dev-deps'}
{'statusCode': 0, 'package': '@0xsequence/guard_0.0.0-20220513134147', 'message': 'no deps or dev-deps'}
{'statusCode': 0, 'package': '@0xsequence/guard_0.38.0', 'message': 'no deps or dev-deps'}
{'statusCode': 0, 'package': '@0xsequence/guard_0.38.1', 'message': 'no deps or dev-deps'}
{'statusCode': 0, 'package': '@0xsequence/guard_0.38.2', 'message': 'no deps or dev-deps'}
{'statusCode': 0, 'package': '@0xsequence/guard_0.39.0', 'message': 'no deps or dev-deps'}
{'statusCode': 0, 'package': '@0xsequence/guard_0.0.0-20220519151110', 'message': 'no deps or dev-deps'}
{'statusCode': 0, 'package': '@0xsequence/guard_0.0.0-20220519202656', 'message': 'no deps or dev-deps'}
{'statusCode': 0, 'package': '@0xsequence/guard_0.0.0-20220601185217', 'message': 'no deps or dev-deps'}
{'statusCode': 0, 'package': '@0xsequence/guard_0.39.1', 'message': 'no deps or dev-deps'}
{'statusCode': 0, 'package': '@0xsequence/guard_0.39.2', 'message': 'no deps or dev-deps'}
{'statusCode': 0, 'package': '@0xsequence/guard_0.0.0-20220609204505', 'message': 'no deps or dev-deps'}
{'statusCode': 0, 'package': '@0xsequence/guard_0.0.0-20220610134843', 'message': 'no deps or dev-deps'}
{'statusCode': 0, 'package': '@0xsequence/guard_0.39.3', 'message': 'no deps or dev-deps'}
{'statusCode': 0, 'package': '@0xsequence/guard_0.0.0-20220614152529', 'message': 'no deps or dev-deps'}
{'statusCode': 0, 'package': '@0xsequence/guard_0.0.0-20220616121217', 'message': 'no deps or dev-deps'}
{'statusCode': 0, 'package': '@0xsequence/guard_0.39.4', 'message': 'no deps or dev-deps'}
{'statusCode': 0, 'package': '@0xsequence/guard_0.39.5', 'message': 'no deps or dev-deps'}
{'statusCode': 0, 'package': '@0xsequence/guard_0.39.6', 'message': 'no deps or dev-deps'}
{'statusCode': 0, 'package': '@0xsequence/guard_0.0.0-26b08ee9-20220629135033', 'message': 'no deps or dev-deps'}
{'statusCode': 0, 'package': '@0xsequence/guard_0.0.0-cdbb3137-20220630190630', 'message': 'no deps or dev-deps'}
{'statusCode': 0, 'package': '@0xsequence/guard_0.0.0-cdbb3137-20220630191603', 'message': 'no deps or dev-deps'}
{'statusCode': 0, 'package': '@0xsequence/guard_0.0.0-cdbb3137-20220630192830', 'message': 'no deps or dev-deps'}
{'statusCode': 0, 'package': '@0xsequence/guard_0.0.0-20220630194654', 'message': 'no deps or dev-deps'}
{'statusCode': 0, 'package': '@0xsequence/guard_0.0.0-20220630211555', 'message': 'no deps or dev-deps'}
{'statusCode': 0, 'package': '@0xsequence/guard_0.0.0-20220630215108', 'message': 'no deps or dev-deps'}
{'statusCode': 0, 'package': '@0xsequence/guard_0.0.0-20220703182449', 'message': 'no deps or dev-deps'}
{'statusCode': 0, 'package': '@0xsequence/guard_0.0.0-20220704043930', 'message': 'no deps or dev-deps'}
{'statusCode': 0, 'package': '@0xsequence/guard_0.0.0-20220706193010', 'message': 'no deps or dev-deps'}
{'statusCode': 0, 'package': '@0xsequence/guard_0.0.0-20220710174545', 'message': 'no deps or dev-deps'}
{'statusCode': 0, 'package': '@0xsequence/guard_0.0.0-coolcats-0.36.12-20220711222640', 'message': 'no deps or dev-deps'}
{'statusCode': 0, 'package': '@0xsequence/guard_0.40.0', 'message': 'no deps or dev-deps'}
{'statusCode': 0, 'package': '@0xsequence/guard_0.40.1', 'message': 'no deps or dev-deps'}
{'statusCode': 0, 'package': '@0xsequence/guard_0.0.0-20220713211319', 'message': 'no deps or dev-deps'}
{'statusCode': 0, 'package': '@0xsequence/guard_0.0.0-20220714164224', 'message': 'no deps or dev-deps'}
{'statusCode': 0, 'package': '@0xsequence/guard_0.40.2', 'message': 'no deps or dev-deps'}
{'statusCode': 0, 'package': '@0xsequence/guard_0.0.0-20220719173737', 'message': 'no deps or dev-deps'}
{'statusCode': 0, 'package': '@0xsequence/guard_0.0.0-20220722145329', 'message': 'no deps or dev-deps'}
{'statusCode': 0, 'package': '@0xsequence/guard_0.0.0-20220725200200', 'message': 'no deps or dev-deps'}
{'statusCode': 0, 'package': '@0xsequence/guard_0.40.3', 'message': 'no deps or dev-deps'}
{'statusCode': 0, 'package': '@0xsequence/guard_0.0.0-20220728141414', 'message': 'no deps or dev-deps'}
{'statusCode': 0, 'package': '@0xsequence/guard_0.40.4', 'message': 'no deps or dev-deps'}
{'statusCode': 0, 'package': '@0xsequence/guard_0.0.0-20220728215555', 'message': 'no deps or dev-deps'}
{'statusCode': 0, 'package': '@0xsequence/guard_0.40.5', 'message': 'no deps or dev-deps'}
{'statusCode': 0, 'package': '@0xsequence/guard_0.0.0-20220804202525', 'message': 'no deps or dev-deps'}
{'statusCode': 0, 'package': '@0xsequence/guard_0.40.6', 'message': 'no deps or dev-deps'}
{'statusCode': 0, 'package': '@0xsequence/guard_0.0.0-20220825181818', 'message': 'no deps or dev-deps'}
{'statusCode': 0, 'package': '@0xsequence/guard_0.0.0-20220825190100', 'message': 'no deps or dev-deps'}
{'statusCode': 0, 'package': '@0xsequence/guard_0.41.0', 'message': 'no deps or dev-deps'}
{'statusCode': 0, 'package': '@0xsequence/guard_0.41.1', 'message': 'no deps or dev-deps'}
{'statusCode': 0, 'package': '@0xsequence/guard_0.41.2', 'message': 'no deps or dev-deps'}
{'statusCode': 0, 'package': '@0xsequence/guard_0.41.3', 'message': 'no deps or dev-deps'}
{'statusCode': 0, 'package': '@0xsequence/guard_0.42.0', 'message': 'no deps or dev-deps'}
{'statusCode': 0, 'package': '@0xsequence/guard_0.42.1', 'message': 'no deps or dev-deps'}
{'statusCode': 0, 'package': '@0xsequence/guard_0.42.2', 'message': 'no deps or dev-deps'}
{'statusCode': 0, 'package': '@0xsequence/guard_0.42.3', 'message': 'no deps or dev-deps'}
{'statusCode': 0, 'package': '@0xsequence/guard_0.42.4', 'message': 'no deps or dev-deps'}
{'statusCode': 0, 'package': '@0xsequence/guard_0.42.5', 'message': 'no deps or dev-deps'}
{'statusCode': 0, 'package': '@0xsequence/guard_0.42.6', 'message': 'no deps or dev-deps'}
{'statusCode': 0, 'package': '@0xsequence/guard_0.42.7', 'message': 'no deps or dev-deps'}
{'statusCode': 0, 'package': '@0xsequence/guard_0.42.8', 'message': 'no deps or dev-deps'}
{'statusCode': 0, 'package': '@0xsequence/guard_0.42.9', 'message': 'no deps or dev-deps'}
{'statusCode': 0, 'package': '@0xsequence/guard_0.42.10', 'message': 'no deps or dev-deps'}
{'statusCode': 0, 'package': '@0xsequence/guard_0.43.0', 'message': 'no deps or dev-deps'}
{'statusCode': 0, 'package': '@0xsequence/guard_0.43.1', 'message': 'no deps or dev-deps'}
{'statusCode': 0, 'package': '@0xsequence/guard_0.43.2', 'message': 'no deps or dev-deps'}
{'statusCode': 0, 'package': '@0xsequence/guard_0.43.3', 'message': 'no deps or dev-deps'}
{'statusCode': 0, 'package': '@0xsequence/guard_0.0.0-20221124173317', 'message': 'no deps or dev-deps'}
{'statusCode': 0, 'package': '@0xsequence/guard_0.43.4', 'message': 'no deps or dev-deps'}
{'statusCode': 0, 'package': '@0xsequence/guard_0.43.5', 'message': 'no deps or dev-deps'}
{'statusCode': 0, 'package': '@0xsequence/guard_0.43.6', 'message': 'no deps or dev-deps'}
{'statusCode': 0, 'package': '@0xsequence/guard_0.43.7', 'message': 'no deps or dev-deps'}
{'statusCode': 0, 'package': '@0xsequence/guard_0.7.0', 'message': 'no deps or dev-deps'}
{'statusCode': 0, 'package': '@0xsequence/guard_0.8.0', 'message': 'no deps or dev-deps'}
{'statusCode': 0, 'package': '@0xsequence/guard_0.8.1', 'message': 'no deps or dev-deps'}
{'statusCode': 0, 'package': '@0xsequence/guard_0.8.2', 'message': 'no deps or dev-deps'}
{'statusCode': 0, 'package': '@0xsequence/guard_0.8.3', 'message': 'no deps or dev-deps'}
{'statusCode': 0, 'package': '@0xsequence/guard_0.8.4', 'message': 'no deps or dev-deps'}
{'statusCode': 0, 'package': '@0xsequence/guard_0.8.5', 'message': 'no deps or dev-deps'}
{'statusCode': 0, 'package': '@0xsequence/guard_0.9.1', 'message': 'no deps or dev-deps'}
{'statusCode': 0, 'package': '@0xsequence/guard_0.9.3', 'message': 'no deps or dev-deps'}
{'statusCode': 0, 'package': '@0xsequence/guard_0.9.6', 'message': 'no deps or dev-deps'}
{'statusCode': 0, 'package': '@0xsequence/guard_0.10.0', 'message': 'no deps or dev-deps'}
{'statusCode': 0, 'package': '@0xsequence/guard_0.10.1', 'message': 'no deps or dev-deps'}
{'statusCode': 0, 'package': '@0xsequence/guard_0.10.2', 'message': 'no deps or dev-deps'}
{'statusCode': 0, 'package': '@0xsequence/guard_0.10.3', 'message': 'no deps or dev-deps'}
{'statusCode': 0, 'package': '@0xsequence/guard_0.10.4', 'message': 'no deps or dev-deps'}
{'statusCode': 0, 'package': '@0xsequence/guard_0.10.5', 'message': 'no deps or dev-deps'}
{'statusCode': 0, 'package': '@0xsequence/guard_0.10.6', 'message': 'no deps or dev-deps'}
{'statusCode': 0, 'package': '@0xsequence/guard_0.10.7', 'message': 'no deps or dev-deps'}
{'statusCode': 0, 'package': '@0xsequence/guard_0.10.8', 'message': 'no deps or dev-deps'}
{'statusCode': 0, 'package': '@0xsequence/guard_0.10.9', 'message': 'no deps or dev-deps'}
{'statusCode': 0, 'package': '@0xsequence/guard_0.11.0', 'message': 'no deps or dev-deps'}
{'statusCode': 0, 'package': '@0xsequence/guard_0.11.1', 'message': 'no deps or dev-deps'}
{'statusCode': 0, 'package': '@0xsequence/guard_0.11.2', 'message': 'no deps or dev-deps'}
{'statusCode': 0, 'package': '@0xsequence/guard_0.11.3', 'message': 'no deps or dev-deps'}
{'statusCode': 0, 'package': '@0xsequence/guard_0.11.4', 'message': 'no deps or dev-deps'}
{'statusCode': 0, 'package': '@0xsequence/guard_0.12.0', 'message': 'no deps or dev-deps'}
{'statusCode': 0, 'package': '@0xsequence/guard_0.12.1', 'message': 'no deps or dev-deps'}
{'statusCode': 0, 'package': '@0xsequence/guard_0.13.0', 'message': 'no deps or dev-deps'}
{'statusCode': 0, 'package': '@0xsequence/guard_0.14.0', 'message': 'no deps or dev-deps'}
{'statusCode': 0, 'package': '@0xsequence/guard_0.14.3', 'message': 'no deps or dev-deps'}
{'statusCode': 0, 'package': '@0xsequence/guard_0.15.1', 'message': 'no deps or dev-deps'}
{'statusCode': 0, 'package': '@0xsequence/guard_0.16.0', 'message': 'no deps or dev-deps'}
{'statusCode': 0, 'package': '@0xsequence/guard_0.18.0', 'message': 'no deps or dev-deps'}
{'statusCode': 0, 'package': '@0xsequence/guard_0.19.0', 'message': 'no deps or dev-deps'}
{'statusCode': 0, 'package': '@0xsequence/guard_0.19.3', 'message': 'no deps or dev-deps'}
{'statusCode': 0, 'package': '@0xsequence/guard_0.21.0', 'message': 'no deps or dev-deps'}
{'statusCode': 0, 'package': '@0xsequence/guard_0.21.2', 'message': 'no deps or dev-deps'}
{'statusCode': 0, 'package': '@0xsequence/guard_0.21.3', 'message': 'no deps or dev-deps'}
{'statusCode': 0, 'package': '@0xsequence/guard_0.21.4', 'message': 'no deps or dev-deps'}
{'statusCode': 0, 'package': '@0xsequence/guard_0.21.5', 'message': 'no deps or dev-deps'}
{'statusCode': 0, 'package': '@0xsequence/guard_0.22.0', 'message': 'no deps or dev-deps'}
{'statusCode': 0, 'package': '@0xsequence/guard_0.22.1', 'message': 'no deps or dev-deps'}
{'statusCode': 0, 'package': '@0xsequence/guard_0.22.2', 'message': 'no deps or dev-deps'}
{'statusCode': 0, 'package': '@0xsequence/guard_0.23.0', 'message': 'no deps or dev-deps'}
{'statusCode': 0, 'package': '@0xsequence/guard_0.25.0', 'message': 'no deps or dev-deps'}
{'statusCode': 0, 'package': '@0xsequence/guard_0.25.1', 'message': 'no deps or dev-deps'}
{'statusCode': 0, 'package': '@0xsequence/guard_0.27.0', 'message': 'no deps or dev-deps'}
{'statusCode': 0, 'package': '@0xsequence/guard_0.28.0', 'message': 'no deps or dev-deps'}
{'statusCode': 0, 'package': '@0xsequence/guard_0.0.0-2021827201516', 'message': 'no deps or dev-deps'}
{'statusCode': 0, 'package': '@0xsequence/guard_0.29.8', 'message': 'no deps or dev-deps'}
{'statusCode': 0, 'package': '@0xsequence/guard_0.30.0', 'message': 'no deps or dev-deps'}
{'statusCode': 0, 'package': '@0xsequence/guard_0.31.0', 'message': 'no deps or dev-deps'}
{'statusCode': 0, 'package': '@0xsequence/guard_0.34.0', 'message': 'no deps or dev-deps'}
{'statusCode': 0, 'package': '@0xsequence/guard_0.35.0', 'message': 'no deps or dev-deps'}
{'statusCode': 0, 'package': '@0xsequence/guard_0.35.1', 'message': 'no deps or dev-deps'}
{'statusCode': 0, 'package': '@0xsequence/guard_0.35.2', 'message': 'no deps or dev-deps'}
{'statusCode': 0, 'package': '@0xsequence/guard_0.35.3', 'message': 'no deps or dev-deps'}
{'statusCode': 0, 'package': '@0xsequence/guard_0.35.4', 'message': 'no deps or dev-deps'}
{'statusCode': 0, 'package': '@0xsequence/guard_0.35.5', 'message': 'no deps or dev-deps'}
{'statusCode': 0, 'package': '@0xsequence/guard_0.35.6', 'message': 'no deps or dev-deps'}
{'statusCode': 0, 'package': '@0xsequence/guard_0.35.7', 'message': 'no deps or dev-deps'}
{'statusCode': 0, 'package': '@0xsequence/guard_0.35.8', 'message': 'no deps or dev-deps'}
{'statusCode': 0, 'package': '@0xsequence/guard_0.35.9', 'message': 'no deps or dev-deps'}
{'statusCode': 0, 'package': '@0xsequence/guard_0.35.10', 'message': 'no deps or dev-deps'}
{'statusCode': 0, 'package': '@0xsequence/guard_0.35.11', 'message': 'no deps or dev-deps'}
{'statusCode': 0, 'package': '@0xsequence/guard_0.35.12', 'message': 'no deps or dev-deps'}
{'statusCode': 0, 'package': '@0xsequence/guard_0.36.0', 'message': 'no deps or dev-deps'}
{'statusCode': 0, 'package': '@0xsequence/guard_0.36.1', 'message': 'no deps or dev-deps'}
{'statusCode': 0, 'package': '@0xsequence/guard_0.36.2', 'message': 'no deps or dev-deps'}
{'statusCode': 0, 'package': '@0xsequence/guard_0.36.3', 'message': 'no deps or dev-deps'}
{'statusCode': 0, 'package': '@0xsequence/guard_0.36.4', 'message': 'no deps or dev-deps'}
{'statusCode': 0, 'package': '@0xsequence/guard_0.36.5', 'message': 'no deps or dev-deps'}
{'statusCode': 0, 'package': '@0xsequence/guard_0.36.6', 'message': 'no deps or dev-deps'}
{'statusCode': 0, 'package': '@0xsequence/guard_0.36.7', 'message': 'no deps or dev-deps'}
{'statusCode': 0, 'package': '@0xsequence/guard_0.36.8', 'message': 'no deps or dev-deps'}
{'statusCode': 0, 'package': '@0xsequence/guard_0.36.9', 'message': 'no deps or dev-deps'}
{'statusCode': 0, 'package': '@0xsequence/guard_0.36.10', 'message': 'no deps or dev-deps'}
{'statusCode': 0, 'package': '@0xsequence/guard_0.0.0-20220418165517', 'message': 'no deps or dev-deps'}
{'statusCode': 0, 'package': '@0xsequence/guard_0.36.11', 'message': 'no deps or dev-deps'}
{'statusCode': 0, 'package': '@0xsequence/guard_0.0.0-20220425195445', 'message': 'no deps or dev-deps'}
{'statusCode': 0, 'package': '@0xsequence/guard_0.36.12', 'message': 'no deps or dev-deps'}
{'statusCode': 0, 'package': '@0xsequence/guard_0.0.0-20220427054350', 'message': 'no deps or dev-deps'}
{'statusCode': 0, 'package': '@0xsequence/guard_0.0.0-20220427055332', 'message': 'no deps or dev-deps'}
{'statusCode': 0, 'package': '@0xsequence/guard_0.0.0-20220427161307', 'message': 'no deps or dev-deps'}
{'statusCode': 0, 'package': '@0xsequence/guard_0.0.0-20220427162812', 'message': 'no deps or dev-deps'}
{'statusCode': 0, 'package': '@0xsequence/guard_0.36.13', 'message': 'no deps or dev-deps'}
{'statusCode': 0, 'package': '@0xsequence/guard_0.37.0', 'message': 'no deps or dev-deps'}
{'statusCode': 0, 'package': '@0xsequence/guard_0.37.1', 'message': 'no deps or dev-deps'}
{'statusCode': 0, 'package': '@0xsequence/guard_0.0.0-20220506174803', 'message': 'no deps or dev-deps'}
{'statusCode': 0, 'package': '@0xsequence/guard_0.0.0-20220506195001', 'message': 'no deps or dev-deps'}
{'statusCode': 0, 'package': '@0xsequence/guard_0.0.0-20220513134147', 'message': 'no deps or dev-deps'}
{'statusCode': 0, 'package': '@0xsequence/guard_0.38.0', 'message': 'no deps or dev-deps'}
{'statusCode': 0, 'package': '@0xsequence/guard_0.38.1', 'message': 'no deps or dev-deps'}
{'statusCode': 0, 'package': '@0xsequence/guard_0.38.2', 'message': 'no deps or dev-deps'}
{'statusCode': 0, 'package': '@0xsequence/guard_0.39.0', 'message': 'no deps or dev-deps'}
{'statusCode': 0, 'package': '@0xsequence/guard_0.0.0-20220519151110', 'message': 'no deps or dev-deps'}
{'statusCode': 0, 'package': '@0xsequence/guard_0.0.0-20220519202656', 'message': 'no deps or dev-deps'}
{'statusCode': 0, 'package': '@0xsequence/guard_0.0.0-20220601185217', 'message': 'no deps or dev-deps'}
{'statusCode': 0, 'package': '@0xsequence/guard_0.39.1', 'message': 'no deps or dev-deps'}
{'statusCode': 0, 'package': '@0xsequence/guard_0.39.2', 'message': 'no deps or dev-deps'}
{'statusCode': 0, 'package': '@0xsequence/guard_0.0.0-20220609204505', 'message': 'no deps or dev-deps'}
{'statusCode': 0, 'package': '@0xsequence/guard_0.0.0-20220610134843', 'message': 'no deps or dev-deps'}
{'statusCode': 0, 'package': '@0xsequence/guard_0.39.3', 'message': 'no deps or dev-deps'}
{'statusCode': 0, 'package': '@0xsequence/guard_0.0.0-20220614152529', 'message': 'no deps or dev-deps'}
{'statusCode': 0, 'package': '@0xsequence/guard_0.0.0-20220616121217', 'message': 'no deps or dev-deps'}
{'statusCode': 0, 'package': '@0xsequence/guard_0.39.4', 'message': 'no deps or dev-deps'}
{'statusCode': 0, 'package': '@0xsequence/guard_0.39.5', 'message': 'no deps or dev-deps'}
{'statusCode': 0, 'package': '@0xsequence/guard_0.39.6', 'message': 'no deps or dev-deps'}
{'statusCode': 0, 'package': '@0xsequence/guard_0.0.0-26b08ee9-20220629135033', 'message': 'no deps or dev-deps'}
{'statusCode': 0, 'package': '@0xsequence/guard_0.0.0-cdbb3137-20220630190630', 'message': 'no deps or dev-deps'}
{'statusCode': 0, 'package': '@0xsequence/guard_0.0.0-cdbb3137-20220630191603', 'message': 'no deps or dev-deps'}
{'statusCode': 0, 'package': '@0xsequence/guard_0.0.0-cdbb3137-20220630192830', 'message': 'no deps or dev-deps'}
{'statusCode': 0, 'package': '@0xsequence/guard_0.0.0-20220630194654', 'message': 'no deps or dev-deps'}
{'statusCode': 0, 'package': '@0xsequence/guard_0.0.0-20220630211555', 'message': 'no deps or dev-deps'}
{'statusCode': 0, 'package': '@0xsequence/guard_0.0.0-20220630215108', 'message': 'no deps or dev-deps'}
{'statusCode': 0, 'package': '@0xsequence/guard_0.0.0-20220703182449', 'message': 'no deps or dev-deps'}
{'statusCode': 0, 'package': '@0xsequence/guard_0.0.0-20220704043930', 'message': 'no deps or dev-deps'}
{'statusCode': 0, 'package': '@0xsequence/guard_0.0.0-20220706193010', 'message': 'no deps or dev-deps'}
{'statusCode': 0, 'package': '@0xsequence/guard_0.0.0-20220710174545', 'message': 'no deps or dev-deps'}
{'statusCode': 0, 'package': '@0xsequence/guard_0.0.0-coolcats-0.36.12-20220711222640', 'message': 'no deps or dev-deps'}
{'statusCode': 0, 'package': '@0xsequence/guard_0.40.0', 'message': 'no deps or dev-deps'}
{'statusCode': 0, 'package': '@0xsequence/guard_0.40.1', 'message': 'no deps or dev-deps'}
{'statusCode': 0, 'package': '@0xsequence/guard_0.0.0-20220713211319', 'message': 'no deps or dev-deps'}
{'statusCode': 0, 'package': '@0xsequence/guard_0.0.0-20220714164224', 'message': 'no deps or dev-deps'}
{'statusCode': 0, 'package': '@0xsequence/guard_0.40.2', 'message': 'no deps or dev-deps'}
{'statusCode': 0, 'package': '@0xsequence/guard_0.0.0-20220719173737', 'message': 'no deps or dev-deps'}
{'statusCode': 0, 'package': '@0xsequence/guard_0.0.0-20220722145329', 'message': 'no deps or dev-deps'}
{'statusCode': 0, 'package': '@0xsequence/guard_0.0.0-20220725200200', 'message': 'no deps or dev-deps'}
{'statusCode': 0, 'package': '@0xsequence/guard_0.40.3', 'message': 'no deps or dev-deps'}
{'statusCode': 0, 'package': '@0xsequence/guard_0.0.0-20220728141414', 'message': 'no deps or dev-deps'}
{'statusCode': 0, 'package': '@0xsequence/guard_0.40.4', 'message': 'no deps or dev-deps'}
{'statusCode': 0, 'package': '@0xsequence/guard_0.0.0-20220728215555', 'message': 'no deps or dev-deps'}
{'statusCode': 0, 'package': '@0xsequence/guard_0.40.5', 'message': 'no deps or dev-deps'}
{'statusCode': 0, 'package': '@0xsequence/guard_0.0.0-20220804202525', 'message': 'no deps or dev-deps'}
{'statusCode': 0, 'package': '@0xsequence/guard_0.40.6', 'message': 'no deps or dev-deps'}
{'statusCode': 0, 'package': '@0xsequence/guard_0.0.0-20220825181818', 'message': 'no deps or dev-deps'}
{'statusCode': 0, 'package': '@0xsequence/guard_0.0.0-20220825190100', 'message': 'no deps or dev-deps'}
{'statusCode': 0, 'package': '@0xsequence/guard_0.41.0', 'message': 'no deps or dev-deps'}
{'statusCode': 0, 'package': '@0xsequence/guard_0.41.1', 'message': 'no deps or dev-deps'}
{'statusCode': 0, 'package': '@0xsequence/guard_0.41.2', 'message': 'no deps or dev-deps'}
{'statusCode': 0, 'package': '@0xsequence/guard_0.41.3', 'message': 'no deps or dev-deps'}
{'statusCode': 0, 'package': '@0xsequence/guard_0.42.0', 'message': 'no deps or dev-deps'}
{'statusCode': 0, 'package': '@0xsequence/guard_0.42.1', 'message': 'no deps or dev-deps'}
{'statusCode': 0, 'package': '@0xsequence/guard_0.42.2', 'message': 'no deps or dev-deps'}
{'statusCode': 0, 'package': '@0xsequence/guard_0.42.3', 'message': 'no deps or dev-deps'}
{'statusCode': 0, 'package': '@0xsequence/guard_0.42.4', 'message': 'no deps or dev-deps'}
{'statusCode': 0, 'package': '@0xsequence/guard_0.42.5', 'message': 'no deps or dev-deps'}
{'statusCode': 0, 'package': '@0xsequence/guard_0.42.6', 'message': 'no deps or dev-deps'}
{'statusCode': 0, 'package': '@0xsequence/guard_0.42.7', 'message': 'no deps or dev-deps'}
{'statusCode': 0, 'package': '@0xsequence/guard_0.42.8', 'message': 'no deps or dev-deps'}
{'statusCode': 0, 'package': '@0xsequence/guard_0.42.9', 'message': 'no deps or dev-deps'}
{'statusCode': 0, 'package': '@0xsequence/guard_0.42.10', 'message': 'no deps or dev-deps'}
{'statusCode': 0, 'package': '@0xsequence/guard_0.43.0', 'message': 'no deps or dev-deps'}
{'statusCode': 0, 'package': '@0xsequence/guard_0.43.1', 'message': 'no deps or dev-deps'}
{'statusCode': 0, 'package': '@0xsequence/guard_0.43.2', 'message': 'no deps or dev-deps'}
{'statusCode': 0, 'package': '@0xsequence/guard_0.43.3', 'message': 'no deps or dev-deps'}
{'statusCode': 0, 'package': '@0xsequence/guard_0.0.0-20221124173317', 'message': 'no deps or dev-deps'}
{'statusCode': 0, 'package': '@0xsequence/guard_0.43.4', 'message': 'no deps or dev-deps'}
{'statusCode': 0, 'package': '@0xsequence/guard_0.43.5', 'message': 'no deps or dev-deps'}
{'statusCode': 0, 'package': '@0xsequence/guard_0.43.6', 'message': 'no deps or dev-deps'}
{'statusCode': 0, 'package': '@0xsequence/guard_0.43.7', 'message': 'no deps or dev-deps'}
{'statusCode': 0, 'package': '@0xsequence/guard_0.7.0', 'message': 'no deps or dev-deps'}
{'statusCode': 0, 'package': '@0xsequence/guard_0.8.0', 'message': 'no deps or dev-deps'}
{'statusCode': 0, 'package': '@0xsequence/guard_0.8.1', 'message': 'no deps or dev-deps'}
{'statusCode': 0, 'package': '@0xsequence/guard_0.8.2', 'message': 'no deps or dev-deps'}
{'statusCode': 0, 'package': '@0xsequence/guard_0.8.3', 'message': 'no deps or dev-deps'}
{'statusCode': 0, 'package': '@0xsequence/guard_0.8.4', 'message': 'no deps or dev-deps'}
{'statusCode': 0, 'package': '@0xsequence/guard_0.8.5', 'message': 'no deps or dev-deps'}
{'statusCode': 0, 'package': '@0xsequence/guard_0.9.1', 'message': 'no deps or dev-deps'}
{'statusCode': 0, 'package': '@0xsequence/guard_0.9.3', 'message': 'no deps or dev-deps'}
{'statusCode': 0, 'package': '@0xsequence/guard_0.9.6', 'message': 'no deps or dev-deps'}
{'statusCode': 0, 'package': '@0xsequence/guard_0.10.0', 'message': 'no deps or dev-deps'}
{'statusCode': 0, 'package': '@0xsequence/guard_0.10.1', 'message': 'no deps or dev-deps'}
{'statusCode': 0, 'package': '@0xsequence/guard_0.10.2', 'message': 'no deps or dev-deps'}
{'statusCode': 0, 'package': '@0xsequence/guard_0.10.3', 'message': 'no deps or dev-deps'}
{'statusCode': 0, 'package': '@0xsequence/guard_0.10.4', 'message': 'no deps or dev-deps'}
{'statusCode': 0, 'package': '@0xsequence/guard_0.10.5', 'message': 'no deps or dev-deps'}
{'statusCode': 0, 'package': '@0xsequence/guard_0.10.6', 'message': 'no deps or dev-deps'}
{'statusCode': 0, 'package': '@0xsequence/guard_0.10.7', 'message': 'no deps or dev-deps'}
{'statusCode': 0, 'package': '@0xsequence/guard_0.10.8', 'message': 'no deps or dev-deps'}
{'statusCode': 0, 'package': '@0xsequence/guard_0.10.9', 'message': 'no deps or dev-deps'}
{'statusCode': 0, 'package': '@0xsequence/guard_0.11.0', 'message': 'no deps or dev-deps'}
{'statusCode': 0, 'package': '@0xsequence/guard_0.11.1', 'message': 'no deps or dev-deps'}
{'statusCode': 0, 'package': '@0xsequence/guard_0.11.2', 'message': 'no deps or dev-deps'}
{'statusCode': 0, 'package': '@0xsequence/guard_0.11.3', 'message': 'no deps or dev-deps'}
{'statusCode': 0, 'package': '@0xsequence/guard_0.11.4', 'message': 'no deps or dev-deps'}
{'statusCode': 0, 'package': '@0xsequence/guard_0.12.0', 'message': 'no deps or dev-deps'}
{'statusCode': 0, 'package': '@0xsequence/guard_0.12.1', 'message': 'no deps or dev-deps'}
{'statusCode': 0, 'package': '@0xsequence/guard_0.13.0', 'message': 'no deps or dev-deps'}
{'statusCode': 0, 'package': '@0xsequence/guard_0.14.0', 'message': 'no deps or dev-deps'}
{'statusCode': 0, 'package': '@0xsequence/guard_0.14.3', 'message': 'no deps or dev-deps'}
{'statusCode': 0, 'package': '@0xsequence/guard_0.15.1', 'message': 'no deps or dev-deps'}
{'statusCode': 0, 'package': '@0xsequence/guard_0.16.0', 'message': 'no deps or dev-deps'}
{'statusCode': 0, 'package': '@0xsequence/guard_0.18.0', 'message': 'no deps or dev-deps'}
{'statusCode': 0, 'package': '@0xsequence/guard_0.19.0', 'message': 'no deps or dev-deps'}
{'statusCode': 0, 'package': '@0xsequence/guard_0.19.3', 'message': 'no deps or dev-deps'}
{'statusCode': 0, 'package': '@0xsequence/guard_0.21.0', 'message': 'no deps or dev-deps'}
{'statusCode': 0, 'package': '@0xsequence/guard_0.21.2', 'message': 'no deps or dev-deps'}
{'statusCode': 0, 'package': '@0xsequence/guard_0.21.3', 'message': 'no deps or dev-deps'}
{'statusCode': 0, 'package': '@0xsequence/guard_0.21.4', 'message': 'no deps or dev-deps'}
{'statusCode': 0, 'package': '@0xsequence/guard_0.21.5', 'message': 'no deps or dev-deps'}
{'statusCode': 0, 'package': '@0xsequence/guard_0.22.0', 'message': 'no deps or dev-deps'}
{'statusCode': 0, 'package': '@0xsequence/guard_0.22.1', 'message': 'no deps or dev-deps'}
{'statusCode': 0, 'package': '@0xsequence/guard_0.22.2', 'message': 'no deps or dev-deps'}
{'statusCode': 0, 'package': '@0xsequence/guard_0.23.0', 'message': 'no deps or dev-deps'}
{'statusCode': 0, 'package': '@0xsequence/guard_0.25.0', 'message': 'no deps or dev-deps'}
{'statusCode': 0, 'package': '@0xsequence/guard_0.25.1', 'message': 'no deps or dev-deps'}
{'statusCode': 0, 'package': '@0xsequence/guard_0.27.0', 'message': 'no deps or dev-deps'}
{'statusCode': 0, 'package': '@0xsequence/guard_0.28.0', 'message': 'no deps or dev-deps'}
{'statusCode': 0, 'package': '@0xsequence/guard_0.0.0-2021827201516', 'message': 'no deps or dev-deps'}
{'statusCode': 0, 'package': '@0xsequence/guard_0.29.8', 'message': 'no deps or dev-deps'}
{'statusCode': 0, 'package': '@0xsequence/guard_0.30.0', 'message': 'no deps or dev-deps'}
{'statusCode': 0, 'package': '@0xsequence/guard_0.31.0', 'message': 'no deps or dev-deps'}
{'statusCode': 0, 'package': '@0xsequence/guard_0.34.0', 'message': 'no deps or dev-deps'}
{'statusCode': 0, 'package': '@0xsequence/guard_0.35.0', 'message': 'no deps or dev-deps'}
{'statusCode': 0, 'package': '@0xsequence/guard_0.35.1', 'message': 'no deps or dev-deps'}
{'statusCode': 0, 'package': '@0xsequence/guard_0.35.2', 'message': 'no deps or dev-deps'}
{'statusCode': 0, 'package': '@0xsequence/guard_0.35.3', 'message': 'no deps or dev-deps'}
{'statusCode': 0, 'package': '@0xsequence/guard_0.35.4', 'message': 'no deps or dev-deps'}
{'statusCode': 0, 'package': '@0xsequence/guard_0.35.5', 'message': 'no deps or dev-deps'}
{'statusCode': 0, 'package': '@0xsequence/guard_0.35.6', 'message': 'no deps or dev-deps'}
{'statusCode': 0, 'package': '@0xsequence/guard_0.35.7', 'message': 'no deps or dev-deps'}
{'statusCode': 0, 'package': '@0xsequence/guard_0.35.8', 'message': 'no deps or dev-deps'}
{'statusCode': 0, 'package': '@0xsequence/guard_0.35.9', 'message': 'no deps or dev-deps'}
{'statusCode': 0, 'package': '@0xsequence/guard_0.35.10', 'message': 'no deps or dev-deps'}
{'statusCode': 0, 'package': '@0xsequence/guard_0.35.11', 'message': 'no deps or dev-deps'}
{'statusCode': 0, 'package': '@0xsequence/guard_0.35.12', 'message': 'no deps or dev-deps'}
{'statusCode': 0, 'package': '@0xsequence/guard_0.36.0', 'message': 'no deps or dev-deps'}
{'statusCode': 0, 'package': '@0xsequence/guard_0.36.1', 'message': 'no deps or dev-deps'}
{'statusCode': 0, 'package': '@0xsequence/guard_0.36.2', 'message': 'no deps or dev-deps'}
{'statusCode': 0, 'package': '@0xsequence/guard_0.36.3', 'message': 'no deps or dev-deps'}
{'statusCode': 0, 'package': '@0xsequence/guard_0.36.4', 'message': 'no deps or dev-deps'}
{'statusCode': 0, 'package': '@0xsequence/guard_0.36.5', 'message': 'no deps or dev-deps'}
{'statusCode': 0, 'package': '@0xsequence/guard_0.36.6', 'message': 'no deps or dev-deps'}
{'statusCode': 0, 'package': '@0xsequence/guard_0.36.7', 'message': 'no deps or dev-deps'}
{'statusCode': 0, 'package': '@0xsequence/guard_0.36.8', 'message': 'no deps or dev-deps'}
{'statusCode': 0, 'package': '@0xsequence/guard_0.36.9', 'message': 'no deps or dev-deps'}
{'statusCode': 0, 'package': '@0xsequence/guard_0.36.10', 'message': 'no deps or dev-deps'}
{'statusCode': 0, 'package': '@0xsequence/guard_0.0.0-20220418165517', 'message': 'no deps or dev-deps'}
{'statusCode': 0, 'package': '@0xsequence/guard_0.36.11', 'message': 'no deps or dev-deps'}
{'statusCode': 0, 'package': '@0xsequence/guard_0.0.0-20220425195445', 'message': 'no deps or dev-deps'}
{'statusCode': 0, 'package': '@0xsequence/guard_0.36.12', 'message': 'no deps or dev-deps'}
{'statusCode': 0, 'package': '@0xsequence/guard_0.0.0-20220427054350', 'message': 'no deps or dev-deps'}
{'statusCode': 0, 'package': '@0xsequence/guard_0.0.0-20220427055332', 'message': 'no deps or dev-deps'}
{'statusCode': 0, 'package': '@0xsequence/guard_0.0.0-20220427161307', 'message': 'no deps or dev-deps'}
{'statusCode': 0, 'package': '@0xsequence/guard_0.0.0-20220427162812', 'message': 'no deps or dev-deps'}
{'statusCode': 0, 'package': '@0xsequence/guard_0.36.13', 'message': 'no deps or dev-deps'}
{'statusCode': 0, 'package': '@0xsequence/guard_0.37.0', 'message': 'no deps or dev-deps'}
{'statusCode': 0, 'package': '@0xsequence/guard_0.37.1', 'message': 'no deps or dev-deps'}
{'statusCode': 0, 'package': '@0xsequence/guard_0.0.0-20220506174803', 'message': 'no deps or dev-deps'}
{'statusCode': 0, 'package': '@0xsequence/guard_0.0.0-20220506195001', 'message': 'no deps or dev-deps'}
{'statusCode': 0, 'package': '@0xsequence/guard_0.0.0-20220513134147', 'message': 'no deps or dev-deps'}
{'statusCode': 0, 'package': '@0xsequence/guard_0.38.0', 'message': 'no deps or dev-deps'}
{'statusCode': 0, 'package': '@0xsequence/guard_0.38.1', 'message': 'no deps or dev-deps'}
{'statusCode': 0, 'package': '@0xsequence/guard_0.38.2', 'message': 'no deps or dev-deps'}
{'statusCode': 0, 'package': '@0xsequence/guard_0.39.0', 'message': 'no deps or dev-deps'}
{'statusCode': 0, 'package': '@0xsequence/guard_0.0.0-20220519151110', 'message': 'no deps or dev-deps'}
{'statusCode': 0, 'package': '@0xsequence/guard_0.0.0-20220519202656', 'message': 'no deps or dev-deps'}
{'statusCode': 0, 'package': '@0xsequence/guard_0.0.0-20220601185217', 'message': 'no deps or dev-deps'}
{'statusCode': 0, 'package': '@0xsequence/guard_0.39.1', 'message': 'no deps or dev-deps'}
{'statusCode': 0, 'package': '@0xsequence/guard_0.39.2', 'message': 'no deps or dev-deps'}
{'statusCode': 0, 'package': '@0xsequence/guard_0.0.0-20220609204505', 'message': 'no deps or dev-deps'}
{'statusCode': 0, 'package': '@0xsequence/guard_0.0.0-20220610134843', 'message': 'no deps or dev-deps'}
{'statusCode': 0, 'package': '@0xsequence/guard_0.39.3', 'message': 'no deps or dev-deps'}
{'statusCode': 0, 'package': '@0xsequence/guard_0.0.0-20220614152529', 'message': 'no deps or dev-deps'}
{'statusCode': 0, 'package': '@0xsequence/guard_0.0.0-20220616121217', 'message': 'no deps or dev-deps'}
{'statusCode': 0, 'package': '@0xsequence/guard_0.39.4', 'message': 'no deps or dev-deps'}
{'statusCode': 0, 'package': '@0xsequence/guard_0.39.5', 'message': 'no deps or dev-deps'}
{'statusCode': 0, 'package': '@0xsequence/guard_0.39.6', 'message': 'no deps or dev-deps'}
{'statusCode': 0, 'package': '@0xsequence/guard_0.0.0-26b08ee9-20220629135033', 'message': 'no deps or dev-deps'}
{'statusCode': 0, 'package': '@0xsequence/guard_0.0.0-cdbb3137-20220630190630', 'message': 'no deps or dev-deps'}
{'statusCode': 0, 'package': '@0xsequence/guard_0.0.0-cdbb3137-20220630191603', 'message': 'no deps or dev-deps'}
{'statusCode': 0, 'package': '@0xsequence/guard_0.0.0-cdbb3137-20220630192830', 'message': 'no deps or dev-deps'}
{'statusCode': 0, 'package': '@0xsequence/guard_0.0.0-20220630194654', 'message': 'no deps or dev-deps'}
{'statusCode': 0, 'package': '@0xsequence/guard_0.0.0-20220630211555', 'message': 'no deps or dev-deps'}
{'statusCode': 0, 'package': '@0xsequence/guard_0.0.0-20220630215108', 'message': 'no deps or dev-deps'}
{'statusCode': 0, 'package': '@0xsequence/guard_0.0.0-20220703182449', 'message': 'no deps or dev-deps'}
{'statusCode': 0, 'package': '@0xsequence/guard_0.0.0-20220704043930', 'message': 'no deps or dev-deps'}
{'statusCode': 0, 'package': '@0xsequence/guard_0.0.0-20220706193010', 'message': 'no deps or dev-deps'}
{'statusCode': 0, 'package': '@0xsequence/guard_0.0.0-20220710174545', 'message': 'no deps or dev-deps'}
{'statusCode': 0, 'package': '@0xsequence/guard_0.0.0-coolcats-0.36.12-20220711222640', 'message': 'no deps or dev-deps'}
{'statusCode': 0, 'package': '@0xsequence/guard_0.40.0', 'message': 'no deps or dev-deps'}
{'statusCode': 0, 'package': '@0xsequence/guard_0.40.1', 'message': 'no deps or dev-deps'}
{'statusCode': 0, 'package': '@0xsequence/guard_0.0.0-20220713211319', 'message': 'no deps or dev-deps'}
{'statusCode': 0, 'package': '@0xsequence/guard_0.0.0-20220714164224', 'message': 'no deps or dev-deps'}
{'statusCode': 0, 'package': '@0xsequence/guard_0.40.2', 'message': 'no deps or dev-deps'}
{'statusCode': 0, 'package': '@0xsequence/guard_0.0.0-20220719173737', 'message': 'no deps or dev-deps'}
{'statusCode': 0, 'package': '@0xsequence/guard_0.0.0-20220722145329', 'message': 'no deps or dev-deps'}
{'statusCode': 0, 'package': '@0xsequence/guard_0.0.0-20220725200200', 'message': 'no deps or dev-deps'}
{'statusCode': 0, 'package': '@0xsequence/guard_0.40.3', 'message': 'no deps or dev-deps'}
{'statusCode': 0, 'package': '@0xsequence/guard_0.0.0-20220728141414', 'message': 'no deps or dev-deps'}
{'statusCode': 0, 'package': '@0xsequence/guard_0.40.4', 'message': 'no deps or dev-deps'}
{'statusCode': 0, 'package': '@0xsequence/guard_0.0.0-20220728215555', 'message': 'no deps or dev-deps'}
{'statusCode': 0, 'package': '@0xsequence/guard_0.40.5', 'message': 'no deps or dev-deps'}
{'statusCode': 0, 'package': '@0xsequence/guard_0.0.0-20220804202525', 'message': 'no deps or dev-deps'}
{'statusCode': 0, 'package': '@0xsequence/guard_0.40.6', 'message': 'no deps or dev-deps'}
{'statusCode': 0, 'package': '@0xsequence/guard_0.0.0-20220825181818', 'message': 'no deps or dev-deps'}
{'statusCode': 0, 'package': '@0xsequence/guard_0.0.0-20220825190100', 'message': 'no deps or dev-deps'}
{'statusCode': 0, 'package': '@0xsequence/guard_0.41.0', 'message': 'no deps or dev-deps'}
{'statusCode': 0, 'package': '@0xsequence/guard_0.41.1', 'message': 'no deps or dev-deps'}
{'statusCode': 0, 'package': '@0xsequence/guard_0.41.2', 'message': 'no deps or dev-deps'}
{'statusCode': 0, 'package': '@0xsequence/guard_0.41.3', 'message': 'no deps or dev-deps'}
{'statusCode': 0, 'package': '@0xsequence/guard_0.42.0', 'message': 'no deps or dev-deps'}
{'statusCode': 0, 'package': '@0xsequence/guard_0.42.1', 'message': 'no deps or dev-deps'}
{'statusCode': 0, 'package': '@0xsequence/guard_0.42.2', 'message': 'no deps or dev-deps'}
{'statusCode': 0, 'package': '@0xsequence/guard_0.42.3', 'message': 'no deps or dev-deps'}
{'statusCode': 0, 'package': '@0xsequence/guard_0.42.4', 'message': 'no deps or dev-deps'}
{'statusCode': 0, 'package': '@0xsequence/guard_0.42.5', 'message': 'no deps or dev-deps'}
{'statusCode': 0, 'package': '@0xsequence/guard_0.42.6', 'message': 'no deps or dev-deps'}
{'statusCode': 0, 'package': '@0xsequence/guard_0.42.7', 'message': 'no deps or dev-deps'}
{'statusCode': 0, 'package': '@0xsequence/guard_0.42.8', 'message': 'no deps or dev-deps'}
{'statusCode': 0, 'package': '@0xsequence/guard_0.42.9', 'message': 'no deps or dev-deps'}
{'statusCode': 0, 'package': '@0xsequence/guard_0.42.10', 'message': 'no deps or dev-deps'}
{'statusCode': 0, 'package': '@0xsequence/guard_0.43.0', 'message': 'no deps or dev-deps'}
{'statusCode': 0, 'package': '@0xsequence/guard_0.43.1', 'message': 'no deps or dev-deps'}
{'statusCode': 0, 'package': '@0xsequence/guard_0.43.2', 'message': 'no deps or dev-deps'}
{'statusCode': 0, 'package': '@0xsequence/guard_0.43.3', 'message': 'no deps or dev-deps'}
{'statusCode': 0, 'package': '@0xsequence/guard_0.0.0-20221124173317', 'message': 'no deps or dev-deps'}
{'statusCode': 0, 'package': '@0xsequence/guard_0.43.4', 'message': 'no deps or dev-deps'}
{'statusCode': 0, 'package': '@0xsequence/guard_0.43.5', 'message': 'no deps or dev-deps'}
{'statusCode': 0, 'package': '@0xsequence/guard_0.43.6', 'message': 'no deps or dev-deps'}
{'statusCode': 0, 'package': '@0xsequence/guard_0.43.7', 'message': 'no deps or dev-deps'}
{'statusCode': 0, 'package': '@0xsequence/guard_0.7.0', 'message': 'no deps or dev-deps'}
{'statusCode': 0, 'package': '@0xsequence/guard_0.8.0', 'message': 'no deps or dev-deps'}
{'statusCode': 0, 'package': '@0xsequence/guard_0.8.1', 'message': 'no deps or dev-deps'}
{'statusCode': 0, 'package': '@0xsequence/guard_0.8.2', 'message': 'no deps or dev-deps'}
{'statusCode': 0, 'package': '@0xsequence/guard_0.8.3', 'message': 'no deps or dev-deps'}
{'statusCode': 0, 'package': '@0xsequence/guard_0.8.4', 'message': 'no deps or dev-deps'}
{'statusCode': 0, 'package': '@0xsequence/guard_0.8.5', 'message': 'no deps or dev-deps'}
{'statusCode': 0, 'package': '@0xsequence/guard_0.9.1', 'message': 'no deps or dev-deps'}
{'statusCode': 0, 'package': '@0xsequence/guard_0.9.3', 'message': 'no deps or dev-deps'}
{'statusCode': 0, 'package': '@0xsequence/guard_0.9.6', 'message': 'no deps or dev-deps'}
{'statusCode': 0, 'package': '@0xsequence/guard_0.10.0', 'message': 'no deps or dev-deps'}
{'statusCode': 0, 'package': '@0xsequence/guard_0.10.1', 'message': 'no deps or dev-deps'}
{'statusCode': 0, 'package': '@0xsequence/guard_0.10.2', 'message': 'no deps or dev-deps'}
{'statusCode': 0, 'package': '@0xsequence/guard_0.10.3', 'message': 'no deps or dev-deps'}
{'statusCode': 0, 'package': '@0xsequence/guard_0.10.4', 'message': 'no deps or dev-deps'}
{'statusCode': 0, 'package': '@0xsequence/guard_0.10.5', 'message': 'no deps or dev-deps'}
{'statusCode': 0, 'package': '@0xsequence/guard_0.10.6', 'message': 'no deps or dev-deps'}
{'statusCode': 0, 'package': '@0xsequence/guard_0.10.7', 'message': 'no deps or dev-deps'}
{'statusCode': 0, 'package': '@0xsequence/guard_0.10.8', 'message': 'no deps or dev-deps'}
{'statusCode': 0, 'package': '@0xsequence/guard_0.10.9', 'message': 'no deps or dev-deps'}
{'statusCode': 0, 'package': '@0xsequence/guard_0.11.0', 'message': 'no deps or dev-deps'}
{'statusCode': 0, 'package': '@0xsequence/guard_0.11.1', 'message': 'no deps or dev-deps'}
{'statusCode': 0, 'package': '@0xsequence/guard_0.11.2', 'message': 'no deps or dev-deps'}
{'statusCode': 0, 'package': '@0xsequence/guard_0.11.3', 'message': 'no deps or dev-deps'}
{'statusCode': 0, 'package': '@0xsequence/guard_0.11.4', 'message': 'no deps or dev-deps'}
{'statusCode': 0, 'package': '@0xsequence/guard_0.12.0', 'message': 'no deps or dev-deps'}
{'statusCode': 0, 'package': '@0xsequence/guard_0.12.1', 'message': 'no deps or dev-deps'}
{'statusCode': 0, 'package': '@0xsequence/guard_0.13.0', 'message': 'no deps or dev-deps'}
{'statusCode': 0, 'package': '@0xsequence/guard_0.14.0', 'message': 'no deps or dev-deps'}
{'statusCode': 0, 'package': '@0xsequence/guard_0.14.3', 'message': 'no deps or dev-deps'}
{'statusCode': 0, 'package': '@0xsequence/guard_0.15.1', 'message': 'no deps or dev-deps'}
{'statusCode': 0, 'package': '@0xsequence/guard_0.16.0', 'message': 'no deps or dev-deps'}
{'statusCode': 0, 'package': '@0xsequence/guard_0.18.0', 'message': 'no deps or dev-deps'}
{'statusCode': 0, 'package': '@0xsequence/guard_0.19.0', 'message': 'no deps or dev-deps'}
{'statusCode': 0, 'package': '@0xsequence/guard_0.19.3', 'message': 'no deps or dev-deps'}
{'statusCode': 0, 'package': '@0xsequence/guard_0.21.0', 'message': 'no deps or dev-deps'}
{'statusCode': 0, 'package': '@0xsequence/guard_0.21.2', 'message': 'no deps or dev-deps'}
{'statusCode': 0, 'package': '@0xsequence/guard_0.21.3', 'message': 'no deps or dev-deps'}
{'statusCode': 0, 'package': '@0xsequence/guard_0.21.4', 'message': 'no deps or dev-deps'}
{'statusCode': 0, 'package': '@0xsequence/guard_0.21.5', 'message': 'no deps or dev-deps'}
{'statusCode': 0, 'package': '@0xsequence/guard_0.22.0', 'message': 'no deps or dev-deps'}
{'statusCode': 0, 'package': '@0xsequence/guard_0.22.1', 'message': 'no deps or dev-deps'}
{'statusCode': 0, 'package': '@0xsequence/guard_0.22.2', 'message': 'no deps or dev-deps'}
{'statusCode': 0, 'package': '@0xsequence/guard_0.23.0', 'message': 'no deps or dev-deps'}
{'statusCode': 0, 'package': '@0xsequence/guard_0.25.0', 'message': 'no deps or dev-deps'}
{'statusCode': 0, 'package': '@0xsequence/guard_0.25.1', 'message': 'no deps or dev-deps'}
{'statusCode': 0, 'package': '@0xsequence/guard_0.27.0', 'message': 'no deps or dev-deps'}
{'statusCode': 0, 'package': '@0xsequence/guard_0.28.0', 'message': 'no deps or dev-deps'}
{'statusCode': 0, 'package': '@0xsequence/guard_0.0.0-2021827201516', 'message': 'no deps or dev-deps'}
{'statusCode': 0, 'package': '@0xsequence/guard_0.29.8', 'message': 'no deps or dev-deps'}
{'statusCode': 0, 'package': '@0xsequence/guard_0.30.0', 'message': 'no deps or dev-deps'}
{'statusCode': 0, 'package': '@0xsequence/guard_0.31.0', 'message': 'no deps or dev-deps'}
{'statusCode': 0, 'package': '@0xsequence/guard_0.34.0', 'message': 'no deps or dev-deps'}
{'statusCode': 0, 'package': '@0xsequence/guard_0.35.0', 'message': 'no deps or dev-deps'}
{'statusCode': 0, 'package': '@0xsequence/guard_0.35.1', 'message': 'no deps or dev-deps'}
{'statusCode': 0, 'package': '@0xsequence/guard_0.35.2', 'message': 'no deps or dev-deps'}
{'statusCode': 0, 'package': '@0xsequence/guard_0.35.3', 'message': 'no deps or dev-deps'}
{'statusCode': 0, 'package': '@0xsequence/guard_0.35.4', 'message': 'no deps or dev-deps'}
{'statusCode': 0, 'package': '@0xsequence/guard_0.35.5', 'message': 'no deps or dev-deps'}
{'statusCode': 0, 'package': '@0xsequence/guard_0.35.6', 'message': 'no deps or dev-deps'}
{'statusCode': 0, 'package': '@0xsequence/guard_0.35.7', 'message': 'no deps or dev-deps'}
{'statusCode': 0, 'package': '@0xsequence/guard_0.35.8', 'message': 'no deps or dev-deps'}
{'statusCode': 0, 'package': '@0xsequence/guard_0.35.9', 'message': 'no deps or dev-deps'}
{'statusCode': 0, 'package': '@0xsequence/guard_0.35.10', 'message': 'no deps or dev-deps'}
{'statusCode': 0, 'package': '@0xsequence/guard_0.35.11', 'message': 'no deps or dev-deps'}
{'statusCode': 0, 'package': '@0xsequence/guard_0.35.12', 'message': 'no deps or dev-deps'}
{'statusCode': 0, 'package': '@0xsequence/guard_0.36.0', 'message': 'no deps or dev-deps'}
{'statusCode': 0, 'package': '@0xsequence/guard_0.36.1', 'message': 'no deps or dev-deps'}
{'statusCode': 0, 'package': '@0xsequence/guard_0.36.2', 'message': 'no deps or dev-deps'}
{'statusCode': 0, 'package': '@0xsequence/guard_0.36.3', 'message': 'no deps or dev-deps'}
{'statusCode': 0, 'package': '@0xsequence/guard_0.36.4', 'message': 'no deps or dev-deps'}
{'statusCode': 0, 'package': '@0xsequence/guard_0.36.5', 'message': 'no deps or dev-deps'}
{'statusCode': 0, 'package': '@0xsequence/guard_0.36.6', 'message': 'no deps or dev-deps'}
{'statusCode': 0, 'package': '@0xsequence/guard_0.36.7', 'message': 'no deps or dev-deps'}
{'statusCode': 0, 'package': '@0xsequence/guard_0.36.8', 'message': 'no deps or dev-deps'}
{'statusCode': 0, 'package': '@0xsequence/guard_0.36.9', 'message': 'no deps or dev-deps'}
{'statusCode': 0, 'package': '@0xsequence/guard_0.36.10', 'message': 'no deps or dev-deps'}
{'statusCode': 0, 'package': '@0xsequence/guard_0.0.0-20220418165517', 'message': 'no deps or dev-deps'}
{'statusCode': 0, 'package': '@0xsequence/guard_0.36.11', 'message': 'no deps or dev-deps'}
{'statusCode': 0, 'package': '@0xsequence/guard_0.0.0-20220425195445', 'message': 'no deps or dev-deps'}
{'statusCode': 0, 'package': '@0xsequence/guard_0.36.12', 'message': 'no deps or dev-deps'}
{'statusCode': 0, 'package': '@0xsequence/guard_0.0.0-20220427054350', 'message': 'no deps or dev-deps'}
{'statusCode': 0, 'package': '@0xsequence/guard_0.0.0-20220427055332', 'message': 'no deps or dev-deps'}
{'statusCode': 0, 'package': '@0xsequence/guard_0.0.0-20220427161307', 'message': 'no deps or dev-deps'}
{'statusCode': 0, 'package': '@0xsequence/guard_0.0.0-20220427162812', 'message': 'no deps or dev-deps'}
{'statusCode': 0, 'package': '@0xsequence/guard_0.36.13', 'message': 'no deps or dev-deps'}
{'statusCode': 0, 'package': '@0xsequence/guard_0.37.0', 'message': 'no deps or dev-deps'}
{'statusCode': 0, 'package': '@0xsequence/guard_0.37.1', 'message': 'no deps or dev-deps'}
{'statusCode': 0, 'package': '@0xsequence/guard_0.0.0-20220506174803', 'message': 'no deps or dev-deps'}
{'statusCode': 0, 'package': '@0xsequence/guard_0.0.0-20220506195001', 'message': 'no deps or dev-deps'}
{'statusCode': 0, 'package': '@0xsequence/guard_0.0.0-20220513134147', 'message': 'no deps or dev-deps'}
{'statusCode': 0, 'package': '@0xsequence/guard_0.38.0', 'message': 'no deps or dev-deps'}
{'statusCode': 0, 'package': '@0xsequence/guard_0.38.1', 'message': 'no deps or dev-deps'}
{'statusCode': 0, 'package': '@0xsequence/guard_0.38.2', 'message': 'no deps or dev-deps'}
{'statusCode': 0, 'package': '@0xsequence/guard_0.39.0', 'message': 'no deps or dev-deps'}
{'statusCode': 0, 'package': '@0xsequence/guard_0.0.0-20220519151110', 'message': 'no deps or dev-deps'}
{'statusCode': 0, 'package': '@0xsequence/guard_0.0.0-20220519202656', 'message': 'no deps or dev-deps'}
{'statusCode': 0, 'package': '@0xsequence/guard_0.0.0-20220601185217', 'message': 'no deps or dev-deps'}
{'statusCode': 0, 'package': '@0xsequence/guard_0.39.1', 'message': 'no deps or dev-deps'}
{'statusCode': 0, 'package': '@0xsequence/guard_0.39.2', 'message': 'no deps or dev-deps'}
{'statusCode': 0, 'package': '@0xsequence/guard_0.0.0-20220609204505', 'message': 'no deps or dev-deps'}
{'statusCode': 0, 'package': '@0xsequence/guard_0.0.0-20220610134843', 'message': 'no deps or dev-deps'}
{'statusCode': 0, 'package': '@0xsequence/guard_0.39.3', 'message': 'no deps or dev-deps'}
{'statusCode': 0, 'package': '@0xsequence/guard_0.0.0-20220614152529', 'message': 'no deps or dev-deps'}
{'statusCode': 0, 'package': '@0xsequence/guard_0.0.0-20220616121217', 'message': 'no deps or dev-deps'}
{'statusCode': 0, 'package': '@0xsequence/guard_0.39.4', 'message': 'no deps or dev-deps'}
{'statusCode': 0, 'package': '@0xsequence/guard_0.39.5', 'message': 'no deps or dev-deps'}
{'statusCode': 0, 'package': '@0xsequence/guard_0.39.6', 'message': 'no deps or dev-deps'}
{'statusCode': 0, 'package': '@0xsequence/guard_0.0.0-26b08ee9-20220629135033', 'message': 'no deps or dev-deps'}
{'statusCode': 0, 'package': '@0xsequence/guard_0.0.0-cdbb3137-20220630190630', 'message': 'no deps or dev-deps'}
{'statusCode': 0, 'package': '@0xsequence/guard_0.0.0-cdbb3137-20220630191603', 'message': 'no deps or dev-deps'}
{'statusCode': 0, 'package': '@0xsequence/guard_0.0.0-cdbb3137-20220630192830', 'message': 'no deps or dev-deps'}
{'statusCode': 0, 'package': '@0xsequence/guard_0.0.0-20220630194654', 'message': 'no deps or dev-deps'}
{'statusCode': 0, 'package': '@0xsequence/guard_0.0.0-20220630211555', 'message': 'no deps or dev-deps'}
{'statusCode': 0, 'package': '@0xsequence/guard_0.0.0-20220630215108', 'message': 'no deps or dev-deps'}
{'statusCode': 0, 'package': '@0xsequence/guard_0.0.0-20220703182449', 'message': 'no deps or dev-deps'}
{'statusCode': 0, 'package': '@0xsequence/guard_0.0.0-20220704043930', 'message': 'no deps or dev-deps'}
{'statusCode': 0, 'package': '@0xsequence/guard_0.0.0-20220706193010', 'message': 'no deps or dev-deps'}
{'statusCode': 0, 'package': '@0xsequence/guard_0.0.0-20220710174545', 'message': 'no deps or dev-deps'}
{'statusCode': 0, 'package': '@0xsequence/guard_0.0.0-coolcats-0.36.12-20220711222640', 'message': 'no deps or dev-deps'}
{'statusCode': 0, 'package': '@0xsequence/guard_0.40.0', 'message': 'no deps or dev-deps'}
{'statusCode': 0, 'package': '@0xsequence/guard_0.40.1', 'message': 'no deps or dev-deps'}
{'statusCode': 0, 'package': '@0xsequence/guard_0.0.0-20220713211319', 'message': 'no deps or dev-deps'}
{'statusCode': 0, 'package': '@0xsequence/guard_0.0.0-20220714164224', 'message': 'no deps or dev-deps'}
{'statusCode': 0, 'package': '@0xsequence/guard_0.40.2', 'message': 'no deps or dev-deps'}
{'statusCode': 0, 'package': '@0xsequence/guard_0.0.0-20220719173737', 'message': 'no deps or dev-deps'}
{'statusCode': 0, 'package': '@0xsequence/guard_0.0.0-20220722145329', 'message': 'no deps or dev-deps'}
{'statusCode': 0, 'package': '@0xsequence/guard_0.0.0-20220725200200', 'message': 'no deps or dev-deps'}
{'statusCode': 0, 'package': '@0xsequence/guard_0.40.3', 'message': 'no deps or dev-deps'}
{'statusCode': 0, 'package': '@0xsequence/guard_0.0.0-20220728141414', 'message': 'no deps or dev-deps'}
{'statusCode': 0, 'package': '@0xsequence/guard_0.40.4', 'message': 'no deps or dev-deps'}
{'statusCode': 0, 'package': '@0xsequence/guard_0.0.0-20220728215555', 'message': 'no deps or dev-deps'}
{'statusCode': 0, 'package': '@0xsequence/guard_0.40.5', 'message': 'no deps or dev-deps'}
{'statusCode': 0, 'package': '@0xsequence/guard_0.0.0-20220804202525', 'message': 'no deps or dev-deps'}
{'statusCode': 0, 'package': '@0xsequence/guard_0.40.6', 'message': 'no deps or dev-deps'}
{'statusCode': 0, 'package': '@0xsequence/guard_0.0.0-20220825181818', 'message': 'no deps or dev-deps'}
{'statusCode': 0, 'package': '@0xsequence/guard_0.0.0-20220825190100', 'message': 'no deps or dev-deps'}
{'statusCode': 0, 'package': '@0xsequence/guard_0.41.0', 'message': 'no deps or dev-deps'}
{'statusCode': 0, 'package': '@0xsequence/guard_0.41.1', 'message': 'no deps or dev-deps'}
{'statusCode': 0, 'package': '@0xsequence/guard_0.41.2', 'message': 'no deps or dev-deps'}
{'statusCode': 0, 'package': '@0xsequence/guard_0.41.3', 'message': 'no deps or dev-deps'}
{'statusCode': 0, 'package': '@0xsequence/guard_0.42.0', 'message': 'no deps or dev-deps'}
{'statusCode': 0, 'package': '@0xsequence/guard_0.42.1', 'message': 'no deps or dev-deps'}
{'statusCode': 0, 'package': '@0xsequence/guard_0.42.2', 'message': 'no deps or dev-deps'}
{'statusCode': 0, 'package': '@0xsequence/guard_0.42.3', 'message': 'no deps or dev-deps'}
{'statusCode': 0, 'package': '@0xsequence/guard_0.42.4', 'message': 'no deps or dev-deps'}
{'statusCode': 0, 'package': '@0xsequence/guard_0.42.5', 'message': 'no deps or dev-deps'}
{'statusCode': 0, 'package': '@0xsequence/guard_0.42.6', 'message': 'no deps or dev-deps'}
{'statusCode': 0, 'package': '@0xsequence/guard_0.42.7', 'message': 'no deps or dev-deps'}
{'statusCode': 0, 'package': '@0xsequence/guard_0.42.8', 'message': 'no deps or dev-deps'}
{'statusCode': 0, 'package': '@0xsequence/guard_0.42.9', 'message': 'no deps or dev-deps'}
{'statusCode': 0, 'package': '@0xsequence/guard_0.42.10', 'message': 'no deps or dev-deps'}
{'statusCode': 0, 'package': '@0xsequence/guard_0.43.0', 'message': 'no deps or dev-deps'}
{'statusCode': 0, 'package': '@0xsequence/guard_0.43.1', 'message': 'no deps or dev-deps'}
{'statusCode': 0, 'package': '@0xsequence/guard_0.43.2', 'message': 'no deps or dev-deps'}
{'statusCode': 0, 'package': '@0xsequence/guard_0.43.3', 'message': 'no deps or dev-deps'}
{'statusCode': 0, 'package': '@0xsequence/guard_0.0.0-20221124173317', 'message': 'no deps or dev-deps'}
{'statusCode': 0, 'package': '@0xsequence/guard_0.43.4', 'message': 'no deps or dev-deps'}
{'statusCode': 0, 'package': '@0xsequence/guard_0.43.5', 'message': 'no deps or dev-deps'}
{'statusCode': 0, 'package': '@0xsequence/guard_0.43.6', 'message': 'no deps or dev-deps'}
{'statusCode': 0, 'package': '@0xsequence/guard_0.43.7', 'message': 'no deps or dev-deps'}
{'statusCode': 0, 'package': '@0xsequence/guard_0.7.0', 'message': 'no deps or dev-deps'}
{'statusCode': 0, 'package': '@0xsequence/guard_0.8.0', 'message': 'no deps or dev-deps'}
{'statusCode': 0, 'package': '@0xsequence/guard_0.8.1', 'message': 'no deps or dev-deps'}
{'statusCode': 0, 'package': '@0xsequence/guard_0.8.2', 'message': 'no deps or dev-deps'}
{'statusCode': 0, 'package': '@0xsequence/guard_0.8.3', 'message': 'no deps or dev-deps'}
{'statusCode': 0, 'package': '@0xsequence/guard_0.8.4', 'message': 'no deps or dev-deps'}
{'statusCode': 0, 'package': '@0xsequence/guard_0.8.5', 'message': 'no deps or dev-deps'}
{'statusCode': 0, 'package': '@0xsequence/guard_0.9.1', 'message': 'no deps or dev-deps'}
{'statusCode': 0, 'package': '@0xsequence/guard_0.9.3', 'message': 'no deps or dev-deps'}
{'statusCode': 0, 'package': '@0xsequence/guard_0.9.6', 'message': 'no deps or dev-deps'}
{'statusCode': 0, 'package': '@0xsequence/guard_0.10.0', 'message': 'no deps or dev-deps'}
{'statusCode': 0, 'package': '@0xsequence/guard_0.10.1', 'message': 'no deps or dev-deps'}
{'statusCode': 0, 'package': '@0xsequence/guard_0.10.2', 'message': 'no deps or dev-deps'}
{'statusCode': 0, 'package': '@0xsequence/guard_0.10.3', 'message': 'no deps or dev-deps'}
{'statusCode': 0, 'package': '@0xsequence/guard_0.10.4', 'message': 'no deps or dev-deps'}
{'statusCode': 0, 'package': '@0xsequence/guard_0.10.5', 'message': 'no deps or dev-deps'}
{'statusCode': 0, 'package': '@0xsequence/guard_0.10.6', 'message': 'no deps or dev-deps'}
{'statusCode': 0, 'package': '@0xsequence/guard_0.10.7', 'message': 'no deps or dev-deps'}
{'statusCode': 0, 'package': '@0xsequence/guard_0.10.8', 'message': 'no deps or dev-deps'}
{'statusCode': 0, 'package': '@0xsequence/guard_0.10.9', 'message': 'no deps or dev-deps'}
{'statusCode': 0, 'package': '@0xsequence/guard_0.11.0', 'message': 'no deps or dev-deps'}
{'statusCode': 0, 'package': '@0xsequence/guard_0.11.1', 'message': 'no deps or dev-deps'}
{'statusCode': 0, 'package': '@0xsequence/guard_0.11.2', 'message': 'no deps or dev-deps'}
{'statusCode': 0, 'package': '@0xsequence/guard_0.11.3', 'message': 'no deps or dev-deps'}
{'statusCode': 0, 'package': '@0xsequence/guard_0.11.4', 'message': 'no deps or dev-deps'}
{'statusCode': 0, 'package': '@0xsequence/guard_0.12.0', 'message': 'no deps or dev-deps'}
{'statusCode': 0, 'package': '@0xsequence/guard_0.12.1', 'message': 'no deps or dev-deps'}
{'statusCode': 0, 'package': '@0xsequence/guard_0.13.0', 'message': 'no deps or dev-deps'}
{'statusCode': 0, 'package': '@0xsequence/guard_0.14.0', 'message': 'no deps or dev-deps'}
{'statusCode': 0, 'package': '@0xsequence/guard_0.14.3', 'message': 'no deps or dev-deps'}
{'statusCode': 0, 'package': '@0xsequence/guard_0.15.1', 'message': 'no deps or dev-deps'}
{'statusCode': 0, 'package': '@0xsequence/guard_0.16.0', 'message': 'no deps or dev-deps'}
{'statusCode': 0, 'package': '@0xsequence/guard_0.18.0', 'message': 'no deps or dev-deps'}
{'statusCode': 0, 'package': '@0xsequence/guard_0.19.0', 'message': 'no deps or dev-deps'}
{'statusCode': 0, 'package': '@0xsequence/guard_0.19.3', 'message': 'no deps or dev-deps'}
{'statusCode': 0, 'package': '@0xsequence/guard_0.21.0', 'message': 'no deps or dev-deps'}
{'statusCode': 0, 'package': '@0xsequence/guard_0.21.2', 'message': 'no deps or dev-deps'}
{'statusCode': 0, 'package': '@0xsequence/guard_0.21.3', 'message': 'no deps or dev-deps'}
{'statusCode': 0, 'package': '@0xsequence/guard_0.21.4', 'message': 'no deps or dev-deps'}
{'statusCode': 0, 'package': '@0xsequence/guard_0.21.5', 'message': 'no deps or dev-deps'}
{'statusCode': 0, 'package': '@0xsequence/guard_0.22.0', 'message': 'no deps or dev-deps'}
{'statusCode': 0, 'package': '@0xsequence/guard_0.22.1', 'message': 'no deps or dev-deps'}
{'statusCode': 0, 'package': '@0xsequence/guard_0.22.2', 'message': 'no deps or dev-deps'}
{'statusCode': 0, 'package': '@0xsequence/guard_0.23.0', 'message': 'no deps or dev-deps'}
{'statusCode': 0, 'package': '@0xsequence/guard_0.25.0', 'message': 'no deps or dev-deps'}
{'statusCode': 0, 'package': '@0xsequence/guard_0.25.1', 'message': 'no deps or dev-deps'}
{'statusCode': 0, 'package': '@0xsequence/guard_0.27.0', 'message': 'no deps or dev-deps'}
{'statusCode': 0, 'package': '@0xsequence/guard_0.28.0', 'message': 'no deps or dev-deps'}
{'statusCode': 0, 'package': '@0xsequence/guard_0.0.0-2021827201516', 'message': 'no deps or dev-deps'}
{'statusCode': 0, 'package': '@0xsequence/guard_0.29.8', 'message': 'no deps or dev-deps'}
{'statusCode': 0, 'package': '@0xsequence/guard_0.30.0', 'message': 'no deps or dev-deps'}
{'statusCode': 0, 'package': '@0xsequence/guard_0.31.0', 'message': 'no deps or dev-deps'}
{'statusCode': 0, 'package': '@0xsequence/guard_0.34.0', 'message': 'no deps or dev-deps'}
{'statusCode': 0, 'package': '@0xsequence/guard_0.35.0', 'message': 'no deps or dev-deps'}
{'statusCode': 0, 'package': '@0xsequence/guard_0.35.1', 'message': 'no deps or dev-deps'}
{'statusCode': 0, 'package': '@0xsequence/guard_0.35.2', 'message': 'no deps or dev-deps'}
{'statusCode': 0, 'package': '@0xsequence/guard_0.35.3', 'message': 'no deps or dev-deps'}
{'statusCode': 0, 'package': '@0xsequence/guard_0.35.4', 'message': 'no deps or dev-deps'}
{'statusCode': 0, 'package': '@0xsequence/guard_0.35.5', 'message': 'no deps or dev-deps'}
{'statusCode': 0, 'package': '@0xsequence/guard_0.35.6', 'message': 'no deps or dev-deps'}
{'statusCode': 0, 'package': '@0xsequence/guard_0.35.7', 'message': 'no deps or dev-deps'}
{'statusCode': 0, 'package': '@0xsequence/guard_0.35.8', 'message': 'no deps or dev-deps'}
{'statusCode': 0, 'package': '@0xsequence/guard_0.35.9', 'message': 'no deps or dev-deps'}
{'statusCode': 0, 'package': '@0xsequence/guard_0.35.10', 'message': 'no deps or dev-deps'}
{'statusCode': 0, 'package': '@0xsequence/guard_0.35.11', 'message': 'no deps or dev-deps'}
{'statusCode': 0, 'package': '@0xsequence/guard_0.35.12', 'message': 'no deps or dev-deps'}
{'statusCode': 0, 'package': '@0xsequence/guard_0.36.0', 'message': 'no deps or dev-deps'}
{'statusCode': 0, 'package': '@0xsequence/guard_0.36.1', 'message': 'no deps or dev-deps'}
{'statusCode': 0, 'package': '@0xsequence/guard_0.36.2', 'message': 'no deps or dev-deps'}
{'statusCode': 0, 'package': '@0xsequence/guard_0.36.3', 'message': 'no deps or dev-deps'}
{'statusCode': 0, 'package': '@0xsequence/guard_0.36.4', 'message': 'no deps or dev-deps'}
{'statusCode': 0, 'package': '@0xsequence/guard_0.36.5', 'message': 'no deps or dev-deps'}
{'statusCode': 0, 'package': '@0xsequence/guard_0.36.6', 'message': 'no deps or dev-deps'}
{'statusCode': 0, 'package': '@0xsequence/guard_0.36.7', 'message': 'no deps or dev-deps'}
{'statusCode': 0, 'package': '@0xsequence/guard_0.36.8', 'message': 'no deps or dev-deps'}
{'statusCode': 0, 'package': '@0xsequence/guard_0.36.9', 'message': 'no deps or dev-deps'}
{'statusCode': 0, 'package': '@0xsequence/guard_0.36.10', 'message': 'no deps or dev-deps'}
{'statusCode': 0, 'package': '@0xsequence/guard_0.0.0-20220418165517', 'message': 'no deps or dev-deps'}
{'statusCode': 0, 'package': '@0xsequence/guard_0.36.11', 'message': 'no deps or dev-deps'}
{'statusCode': 0, 'package': '@0xsequence/guard_0.0.0-20220425195445', 'message': 'no deps or dev-deps'}
{'statusCode': 0, 'package': '@0xsequence/guard_0.36.12', 'message': 'no deps or dev-deps'}
{'statusCode': 0, 'package': '@0xsequence/guard_0.0.0-20220427054350', 'message': 'no deps or dev-deps'}
{'statusCode': 0, 'package': '@0xsequence/guard_0.0.0-20220427055332', 'message': 'no deps or dev-deps'}
{'statusCode': 0, 'package': '@0xsequence/guard_0.0.0-20220427161307', 'message': 'no deps or dev-deps'}
{'statusCode': 0, 'package': '@0xsequence/guard_0.0.0-20220427162812', 'message': 'no deps or dev-deps'}
{'statusCode': 0, 'package': '@0xsequence/guard_0.36.13', 'message': 'no deps or dev-deps'}
{'statusCode': 0, 'package': '@0xsequence/guard_0.37.0', 'message': 'no deps or dev-deps'}
{'statusCode': 0, 'package': '@0xsequence/guard_0.37.1', 'message': 'no deps or dev-deps'}
{'statusCode': 0, 'package': '@0xsequence/guard_0.0.0-20220506174803', 'message': 'no deps or dev-deps'}
{'statusCode': 0, 'package': '@0xsequence/guard_0.0.0-20220506195001', 'message': 'no deps or dev-deps'}
{'statusCode': 0, 'package': '@0xsequence/guard_0.0.0-20220513134147', 'message': 'no deps or dev-deps'}
{'statusCode': 0, 'package': '@0xsequence/guard_0.38.0', 'message': 'no deps or dev-deps'}
{'statusCode': 0, 'package': '@0xsequence/guard_0.38.1', 'message': 'no deps or dev-deps'}
{'statusCode': 0, 'package': '@0xsequence/guard_0.38.2', 'message': 'no deps or dev-deps'}
{'statusCode': 0, 'package': '@0xsequence/guard_0.39.0', 'message': 'no deps or dev-deps'}
{'statusCode': 0, 'package': '@0xsequence/guard_0.0.0-20220519151110', 'message': 'no deps or dev-deps'}
{'statusCode': 0, 'package': '@0xsequence/guard_0.0.0-20220519202656', 'message': 'no deps or dev-deps'}
{'statusCode': 0, 'package': '@0xsequence/guard_0.0.0-20220601185217', 'message': 'no deps or dev-deps'}
{'statusCode': 0, 'package': '@0xsequence/guard_0.39.1', 'message': 'no deps or dev-deps'}
{'statusCode': 0, 'package': '@0xsequence/guard_0.39.2', 'message': 'no deps or dev-deps'}
{'statusCode': 0, 'package': '@0xsequence/guard_0.0.0-20220609204505', 'message': 'no deps or dev-deps'}
{'statusCode': 0, 'package': '@0xsequence/guard_0.0.0-20220610134843', 'message': 'no deps or dev-deps'}
{'statusCode': 0, 'package': '@0xsequence/guard_0.39.3', 'message': 'no deps or dev-deps'}
{'statusCode': 0, 'package': '@0xsequence/guard_0.0.0-20220614152529', 'message': 'no deps or dev-deps'}
{'statusCode': 0, 'package': '@0xsequence/guard_0.0.0-20220616121217', 'message': 'no deps or dev-deps'}
{'statusCode': 0, 'package': '@0xsequence/guard_0.39.4', 'message': 'no deps or dev-deps'}
{'statusCode': 0, 'package': '@0xsequence/guard_0.39.5', 'message': 'no deps or dev-deps'}
{'statusCode': 0, 'package': '@0xsequence/guard_0.39.6', 'message': 'no deps or dev-deps'}
{'statusCode': 0, 'package': '@0xsequence/guard_0.0.0-26b08ee9-20220629135033', 'message': 'no deps or dev-deps'}
{'statusCode': 0, 'package': '@0xsequence/guard_0.0.0-cdbb3137-20220630190630', 'message': 'no deps or dev-deps'}
{'statusCode': 0, 'package': '@0xsequence/guard_0.0.0-cdbb3137-20220630191603', 'message': 'no deps or dev-deps'}
{'statusCode': 0, 'package': '@0xsequence/guard_0.0.0-cdbb3137-20220630192830', 'message': 'no deps or dev-deps'}
{'statusCode': 0, 'package': '@0xsequence/guard_0.0.0-20220630194654', 'message': 'no deps or dev-deps'}
{'statusCode': 0, 'package': '@0xsequence/guard_0.0.0-20220630211555', 'message': 'no deps or dev-deps'}
{'statusCode': 0, 'package': '@0xsequence/guard_0.0.0-20220630215108', 'message': 'no deps or dev-deps'}
{'statusCode': 0, 'package': '@0xsequence/guard_0.0.0-20220703182449', 'message': 'no deps or dev-deps'}
{'statusCode': 0, 'package': '@0xsequence/guard_0.0.0-20220704043930', 'message': 'no deps or dev-deps'}
{'statusCode': 0, 'package': '@0xsequence/guard_0.0.0-20220706193010', 'message': 'no deps or dev-deps'}
{'statusCode': 0, 'package': '@0xsequence/guard_0.0.0-20220710174545', 'message': 'no deps or dev-deps'}
{'statusCode': 0, 'package': '@0xsequence/guard_0.0.0-coolcats-0.36.12-20220711222640', 'message': 'no deps or dev-deps'}
{'statusCode': 0, 'package': '@0xsequence/guard_0.40.0', 'message': 'no deps or dev-deps'}
{'statusCode': 0, 'package': '@0xsequence/guard_0.40.1', 'message': 'no deps or dev-deps'}
{'statusCode': 0, 'package': '@0xsequence/guard_0.0.0-20220713211319', 'message': 'no deps or dev-deps'}
{'statusCode': 0, 'package': '@0xsequence/guard_0.0.0-20220714164224', 'message': 'no deps or dev-deps'}
{'statusCode': 0, 'package': '@0xsequence/guard_0.40.2', 'message': 'no deps or dev-deps'}
{'statusCode': 0, 'package': '@0xsequence/guard_0.0.0-20220719173737', 'message': 'no deps or dev-deps'}
{'statusCode': 0, 'package': '@0xsequence/guard_0.0.0-20220722145329', 'message': 'no deps or dev-deps'}
{'statusCode': 0, 'package': '@0xsequence/guard_0.0.0-20220725200200', 'message': 'no deps or dev-deps'}
{'statusCode': 0, 'package': '@0xsequence/guard_0.40.3', 'message': 'no deps or dev-deps'}
{'statusCode': 0, 'package': '@0xsequence/guard_0.0.0-20220728141414', 'message': 'no deps or dev-deps'}
{'statusCode': 0, 'package': '@0xsequence/guard_0.40.4', 'message': 'no deps or dev-deps'}
{'statusCode': 0, 'package': '@0xsequence/guard_0.0.0-20220728215555', 'message': 'no deps or dev-deps'}
{'statusCode': 0, 'package': '@0xsequence/guard_0.40.5', 'message': 'no deps or dev-deps'}
{'statusCode': 0, 'package': '@0xsequence/guard_0.0.0-20220804202525', 'message': 'no deps or dev-deps'}
{'statusCode': 0, 'package': '@0xsequence/guard_0.40.6', 'message': 'no deps or dev-deps'}
{'statusCode': 0, 'package': '@0xsequence/guard_0.0.0-20220825181818', 'message': 'no deps or dev-deps'}
{'statusCode': 0, 'package': '@0xsequence/guard_0.0.0-20220825190100', 'message': 'no deps or dev-deps'}
{'statusCode': 0, 'package': '@0xsequence/guard_0.41.0', 'message': 'no deps or dev-deps'}
{'statusCode': 0, 'package': '@0xsequence/guard_0.41.1', 'message': 'no deps or dev-deps'}
{'statusCode': 0, 'package': '@0xsequence/guard_0.41.2', 'message': 'no deps or dev-deps'}
{'statusCode': 0, 'package': '@0xsequence/guard_0.41.3', 'message': 'no deps or dev-deps'}
{'statusCode': 0, 'package': '@0xsequence/guard_0.42.0', 'message': 'no deps or dev-deps'}
{'statusCode': 0, 'package': '@0xsequence/guard_0.42.1', 'message': 'no deps or dev-deps'}
{'statusCode': 0, 'package': '@0xsequence/guard_0.42.2', 'message': 'no deps or dev-deps'}
{'statusCode': 0, 'package': '@0xsequence/guard_0.42.3', 'message': 'no deps or dev-deps'}
{'statusCode': 0, 'package': '@0xsequence/guard_0.42.4', 'message': 'no deps or dev-deps'}
{'statusCode': 0, 'package': '@0xsequence/guard_0.42.5', 'message': 'no deps or dev-deps'}
{'statusCode': 0, 'package': '@0xsequence/guard_0.42.6', 'message': 'no deps or dev-deps'}
{'statusCode': 0, 'package': '@0xsequence/guard_0.42.7', 'message': 'no deps or dev-deps'}
{'statusCode': 0, 'package': '@0xsequence/guard_0.42.8', 'message': 'no deps or dev-deps'}
{'statusCode': 0, 'package': '@0xsequence/guard_0.42.9', 'message': 'no deps or dev-deps'}
{'statusCode': 0, 'package': '@0xsequence/guard_0.42.10', 'message': 'no deps or dev-deps'}
{'statusCode': 0, 'package': '@0xsequence/guard_0.43.0', 'message': 'no deps or dev-deps'}
{'statusCode': 0, 'package': '@0xsequence/guard_0.43.1', 'message': 'no deps or dev-deps'}
{'statusCode': 0, 'package': '@0xsequence/guard_0.43.2', 'message': 'no deps or dev-deps'}
{'statusCode': 0, 'package': '@0xsequence/guard_0.43.3', 'message': 'no deps or dev-deps'}
{'statusCode': 0, 'package': '@0xsequence/guard_0.0.0-20221124173317', 'message': 'no deps or dev-deps'}
{'statusCode': 0, 'package': '@0xsequence/guard_0.43.4', 'message': 'no deps or dev-deps'}
{'statusCode': 0, 'package': '@0xsequence/guard_0.43.5', 'message': 'no deps or dev-deps'}
{'statusCode': 0, 'package': '@0xsequence/guard_0.43.6', 'message': 'no deps or dev-deps'}
{'statusCode': 0, 'package': '@0xsequence/guard_0.43.7', 'message': 'no deps or dev-deps'}
{'statusCode': 0, 'package': '@0xsequence/guard_0.7.0', 'message': 'no deps or dev-deps'}
{'statusCode': 0, 'package': '@0xsequence/guard_0.8.0', 'message': 'no deps or dev-deps'}
{'statusCode': 0, 'package': '@0xsequence/guard_0.8.1', 'message': 'no deps or dev-deps'}
{'statusCode': 0, 'package': '@0xsequence/guard_0.8.2', 'message': 'no deps or dev-deps'}
{'statusCode': 0, 'package': '@0xsequence/guard_0.8.3', 'message': 'no deps or dev-deps'}
{'statusCode': 0, 'package': '@0xsequence/guard_0.8.4', 'message': 'no deps or dev-deps'}
{'statusCode': 0, 'package': '@0xsequence/guard_0.8.5', 'message': 'no deps or dev-deps'}
{'statusCode': 0, 'package': '@0xsequence/guard_0.9.1', 'message': 'no deps or dev-deps'}
{'statusCode': 0, 'package': '@0xsequence/guard_0.9.3', 'message': 'no deps or dev-deps'}
{'statusCode': 0, 'package': '@0xsequence/guard_0.9.6', 'message': 'no deps or dev-deps'}
{'statusCode': 0, 'package': '@0xsequence/guard_0.10.0', 'message': 'no deps or dev-deps'}
{'statusCode': 0, 'package': '@0xsequence/guard_0.10.1', 'message': 'no deps or dev-deps'}
{'statusCode': 0, 'package': '@0xsequence/guard_0.10.2', 'message': 'no deps or dev-deps'}
{'statusCode': 0, 'package': '@0xsequence/guard_0.10.3', 'message': 'no deps or dev-deps'}
{'statusCode': 0, 'package': '@0xsequence/guard_0.10.4', 'message': 'no deps or dev-deps'}
{'statusCode': 0, 'package': '@0xsequence/guard_0.10.5', 'message': 'no deps or dev-deps'}
{'statusCode': 0, 'package': '@0xsequence/guard_0.10.6', 'message': 'no deps or dev-deps'}
{'statusCode': 0, 'package': '@0xsequence/guard_0.10.7', 'message': 'no deps or dev-deps'}
{'statusCode': 0, 'package': '@0xsequence/guard_0.10.8', 'message': 'no deps or dev-deps'}
{'statusCode': 0, 'package': '@0xsequence/guard_0.10.9', 'message': 'no deps or dev-deps'}
{'statusCode': 0, 'package': '@0xsequence/guard_0.11.0', 'message': 'no deps or dev-deps'}
{'statusCode': 0, 'package': '@0xsequence/guard_0.11.1', 'message': 'no deps or dev-deps'}
{'statusCode': 0, 'package': '@0xsequence/guard_0.11.2', 'message': 'no deps or dev-deps'}
{'statusCode': 0, 'package': '@0xsequence/guard_0.11.3', 'message': 'no deps or dev-deps'}
{'statusCode': 0, 'package': '@0xsequence/guard_0.11.4', 'message': 'no deps or dev-deps'}
{'statusCode': 0, 'package': '@0xsequence/guard_0.12.0', 'message': 'no deps or dev-deps'}
{'statusCode': 0, 'package': '@0xsequence/guard_0.12.1', 'message': 'no deps or dev-deps'}
{'statusCode': 0, 'package': '@0xsequence/guard_0.13.0', 'message': 'no deps or dev-deps'}
{'statusCode': 0, 'package': '@0xsequence/guard_0.14.0', 'message': 'no deps or dev-deps'}
{'statusCode': 0, 'package': '@0xsequence/guard_0.14.3', 'message': 'no deps or dev-deps'}
{'statusCode': 0, 'package': '@0xsequence/guard_0.15.1', 'message': 'no deps or dev-deps'}
{'statusCode': 0, 'package': '@0xsequence/guard_0.16.0', 'message': 'no deps or dev-deps'}
{'statusCode': 0, 'package': '@0xsequence/guard_0.18.0', 'message': 'no deps or dev-deps'}
{'statusCode': 0, 'package': '@0xsequence/guard_0.19.0', 'message': 'no deps or dev-deps'}
{'statusCode': 0, 'package': '@0xsequence/guard_0.19.3', 'message': 'no deps or dev-deps'}
{'statusCode': 0, 'package': '@0xsequence/guard_0.21.0', 'message': 'no deps or dev-deps'}
{'statusCode': 0, 'package': '@0xsequence/guard_0.21.2', 'message': 'no deps or dev-deps'}
{'statusCode': 0, 'package': '@0xsequence/guard_0.21.3', 'message': 'no deps or dev-deps'}
{'statusCode': 0, 'package': '@0xsequence/guard_0.21.4', 'message': 'no deps or dev-deps'}
{'statusCode': 0, 'package': '@0xsequence/guard_0.21.5', 'message': 'no deps or dev-deps'}
{'statusCode': 0, 'package': '@0xsequence/guard_0.22.0', 'message': 'no deps or dev-deps'}
{'statusCode': 0, 'package': '@0xsequence/guard_0.22.1', 'message': 'no deps or dev-deps'}
{'statusCode': 0, 'package': '@0xsequence/guard_0.22.2', 'message': 'no deps or dev-deps'}
{'statusCode': 0, 'package': '@0xsequence/guard_0.23.0', 'message': 'no deps or dev-deps'}
{'statusCode': 0, 'package': '@0xsequence/guard_0.25.0', 'message': 'no deps or dev-deps'}
{'statusCode': 0, 'package': '@0xsequence/guard_0.25.1', 'message': 'no deps or dev-deps'}
{'statusCode': 0, 'package': '@0xsequence/guard_0.27.0', 'message': 'no deps or dev-deps'}
{'statusCode': 0, 'package': '@0xsequence/guard_0.28.0', 'message': 'no deps or dev-deps'}
{'statusCode': 0, 'package': '@0xsequence/guard_0.0.0-2021827201516', 'message': 'no deps or dev-deps'}
{'statusCode': 0, 'package': '@0xsequence/guard_0.29.8', 'message': 'no deps or dev-deps'}
{'statusCode': 0, 'package': '@0xsequence/guard_0.30.0', 'message': 'no deps or dev-deps'}
{'statusCode': 0, 'package': '@0xsequence/guard_0.31.0', 'message': 'no deps or dev-deps'}
{'statusCode': 0, 'package': '@0xsequence/guard_0.34.0', 'message': 'no deps or dev-deps'}
{'statusCode': 0, 'package': '@0xsequence/guard_0.35.0', 'message': 'no deps or dev-deps'}
{'statusCode': 0, 'package': '@0xsequence/guard_0.35.1', 'message': 'no deps or dev-deps'}
{'statusCode': 0, 'package': '@0xsequence/guard_0.35.2', 'message': 'no deps or dev-deps'}
{'statusCode': 0, 'package': '@0xsequence/guard_0.35.3', 'message': 'no deps or dev-deps'}
{'statusCode': 0, 'package': '@0xsequence/guard_0.35.4', 'message': 'no deps or dev-deps'}
{'statusCode': 0, 'package': '@0xsequence/guard_0.35.5', 'message': 'no deps or dev-deps'}
{'statusCode': 0, 'package': '@0xsequence/guard_0.35.6', 'message': 'no deps or dev-deps'}
{'statusCode': 0, 'package': '@0xsequence/guard_0.35.7', 'message': 'no deps or dev-deps'}
{'statusCode': 0, 'package': '@0xsequence/guard_0.35.8', 'message': 'no deps or dev-deps'}
{'statusCode': 0, 'package': '@0xsequence/guard_0.35.9', 'message': 'no deps or dev-deps'}
{'statusCode': 0, 'package': '@0xsequence/guard_0.35.10', 'message': 'no deps or dev-deps'}
{'statusCode': 0, 'package': '@0xsequence/guard_0.35.11', 'message': 'no deps or dev-deps'}
{'statusCode': 0, 'package': '@0xsequence/guard_0.35.12', 'message': 'no deps or dev-deps'}
{'statusCode': 0, 'package': '@0xsequence/guard_0.36.0', 'message': 'no deps or dev-deps'}
{'statusCode': 0, 'package': '@0xsequence/guard_0.36.1', 'message': 'no deps or dev-deps'}
{'statusCode': 0, 'package': '@0xsequence/guard_0.36.2', 'message': 'no deps or dev-deps'}
{'statusCode': 0, 'package': '@0xsequence/guard_0.36.3', 'message': 'no deps or dev-deps'}
{'statusCode': 0, 'package': '@0xsequence/guard_0.36.4', 'message': 'no deps or dev-deps'}
{'statusCode': 0, 'package': '@0xsequence/guard_0.36.5', 'message': 'no deps or dev-deps'}
{'statusCode': 0, 'package': '@0xsequence/guard_0.36.6', 'message': 'no deps or dev-deps'}
{'statusCode': 0, 'package': '@0xsequence/guard_0.36.7', 'message': 'no deps or dev-deps'}
{'statusCode': 0, 'package': '@0xsequence/guard_0.36.8', 'message': 'no deps or dev-deps'}
{'statusCode': 0, 'package': '@0xsequence/guard_0.36.9', 'message': 'no deps or dev-deps'}
{'statusCode': 0, 'package': '@0xsequence/guard_0.36.10', 'message': 'no deps or dev-deps'}
{'statusCode': 0, 'package': '@0xsequence/guard_0.0.0-20220418165517', 'message': 'no deps or dev-deps'}
{'statusCode': 0, 'package': '@0xsequence/guard_0.36.11', 'message': 'no deps or dev-deps'}
{'statusCode': 0, 'package': '@0xsequence/guard_0.0.0-20220425195445', 'message': 'no deps or dev-deps'}
{'statusCode': 0, 'package': '@0xsequence/guard_0.36.12', 'message': 'no deps or dev-deps'}
{'statusCode': 0, 'package': '@0xsequence/guard_0.0.0-20220427054350', 'message': 'no deps or dev-deps'}
{'statusCode': 0, 'package': '@0xsequence/guard_0.0.0-20220427055332', 'message': 'no deps or dev-deps'}
{'statusCode': 0, 'package': '@0xsequence/guard_0.0.0-20220427161307', 'message': 'no deps or dev-deps'}
{'statusCode': 0, 'package': '@0xsequence/guard_0.0.0-20220427162812', 'message': 'no deps or dev-deps'}
{'statusCode': 0, 'package': '@0xsequence/guard_0.36.13', 'message': 'no deps or dev-deps'}
{'statusCode': 0, 'package': '@0xsequence/guard_0.37.0', 'message': 'no deps or dev-deps'}
{'statusCode': 0, 'package': '@0xsequence/guard_0.37.1', 'message': 'no deps or dev-deps'}
{'statusCode': 0, 'package': '@0xsequence/guard_0.0.0-20220506174803', 'message': 'no deps or dev-deps'}
{'statusCode': 0, 'package': '@0xsequence/guard_0.0.0-20220506195001', 'message': 'no deps or dev-deps'}
{'statusCode': 0, 'package': '@0xsequence/guard_0.0.0-20220513134147', 'message': 'no deps or dev-deps'}
{'statusCode': 0, 'package': '@0xsequence/guard_0.38.0', 'message': 'no deps or dev-deps'}
{'statusCode': 0, 'package': '@0xsequence/guard_0.38.1', 'message': 'no deps or dev-deps'}
{'statusCode': 0, 'package': '@0xsequence/guard_0.38.2', 'message': 'no deps or dev-deps'}
{'statusCode': 0, 'package': '@0xsequence/guard_0.39.0', 'message': 'no deps or dev-deps'}
{'statusCode': 0, 'package': '@0xsequence/guard_0.0.0-20220519151110', 'message': 'no deps or dev-deps'}
{'statusCode': 0, 'package': '@0xsequence/guard_0.0.0-20220519202656', 'message': 'no deps or dev-deps'}
{'statusCode': 0, 'package': '@0xsequence/guard_0.0.0-20220601185217', 'message': 'no deps or dev-deps'}
{'statusCode': 0, 'package': '@0xsequence/guard_0.39.1', 'message': 'no deps or dev-deps'}
{'statusCode': 0, 'package': '@0xsequence/guard_0.39.2', 'message': 'no deps or dev-deps'}
{'statusCode': 0, 'package': '@0xsequence/guard_0.0.0-20220609204505', 'message': 'no deps or dev-deps'}
{'statusCode': 0, 'package': '@0xsequence/guard_0.0.0-20220610134843', 'message': 'no deps or dev-deps'}
{'statusCode': 0, 'package': '@0xsequence/guard_0.39.3', 'message': 'no deps or dev-deps'}
{'statusCode': 0, 'package': '@0xsequence/guard_0.0.0-20220614152529', 'message': 'no deps or dev-deps'}
{'statusCode': 0, 'package': '@0xsequence/guard_0.0.0-20220616121217', 'message': 'no deps or dev-deps'}
{'statusCode': 0, 'package': '@0xsequence/guard_0.39.4', 'message': 'no deps or dev-deps'}
{'statusCode': 0, 'package': '@0xsequence/guard_0.39.5', 'message': 'no deps or dev-deps'}
{'statusCode': 0, 'package': '@0xsequence/guard_0.39.6', 'message': 'no deps or dev-deps'}
{'statusCode': 0, 'package': '@0xsequence/guard_0.0.0-26b08ee9-20220629135033', 'message': 'no deps or dev-deps'}
{'statusCode': 0, 'package': '@0xsequence/guard_0.0.0-cdbb3137-20220630190630', 'message': 'no deps or dev-deps'}
{'statusCode': 0, 'package': '@0xsequence/guard_0.0.0-cdbb3137-20220630191603', 'message': 'no deps or dev-deps'}
{'statusCode': 0, 'package': '@0xsequence/guard_0.0.0-cdbb3137-20220630192830', 'message': 'no deps or dev-deps'}
{'statusCode': 0, 'package': '@0xsequence/guard_0.0.0-20220630194654', 'message': 'no deps or dev-deps'}
{'statusCode': 0, 'package': '@0xsequence/guard_0.0.0-20220630211555', 'message': 'no deps or dev-deps'}
{'statusCode': 0, 'package': '@0xsequence/guard_0.0.0-20220630215108', 'message': 'no deps or dev-deps'}
{'statusCode': 0, 'package': '@0xsequence/guard_0.0.0-20220703182449', 'message': 'no deps or dev-deps'}
{'statusCode': 0, 'package': '@0xsequence/guard_0.0.0-20220704043930', 'message': 'no deps or dev-deps'}
{'statusCode': 0, 'package': '@0xsequence/guard_0.0.0-20220706193010', 'message': 'no deps or dev-deps'}
{'statusCode': 0, 'package': '@0xsequence/guard_0.0.0-20220710174545', 'message': 'no deps or dev-deps'}
{'statusCode': 0, 'package': '@0xsequence/guard_0.0.0-coolcats-0.36.12-20220711222640', 'message': 'no deps or dev-deps'}
{'statusCode': 0, 'package': '@0xsequence/guard_0.40.0', 'message': 'no deps or dev-deps'}
{'statusCode': 0, 'package': '@0xsequence/guard_0.40.1', 'message': 'no deps or dev-deps'}
{'statusCode': 0, 'package': '@0xsequence/guard_0.0.0-20220713211319', 'message': 'no deps or dev-deps'}
{'statusCode': 0, 'package': '@0xsequence/guard_0.0.0-20220714164224', 'message': 'no deps or dev-deps'}
{'statusCode': 0, 'package': '@0xsequence/guard_0.40.2', 'message': 'no deps or dev-deps'}
{'statusCode': 0, 'package': '@0xsequence/guard_0.0.0-20220719173737', 'message': 'no deps or dev-deps'}
{'statusCode': 0, 'package': '@0xsequence/guard_0.0.0-20220722145329', 'message': 'no deps or dev-deps'}
{'statusCode': 0, 'package': '@0xsequence/guard_0.0.0-20220725200200', 'message': 'no deps or dev-deps'}
{'statusCode': 0, 'package': '@0xsequence/guard_0.40.3', 'message': 'no deps or dev-deps'}
{'statusCode': 0, 'package': '@0xsequence/guard_0.0.0-20220728141414', 'message': 'no deps or dev-deps'}
{'statusCode': 0, 'package': '@0xsequence/guard_0.40.4', 'message': 'no deps or dev-deps'}
{'statusCode': 0, 'package': '@0xsequence/guard_0.0.0-20220728215555', 'message': 'no deps or dev-deps'}
{'statusCode': 0, 'package': '@0xsequence/guard_0.40.5', 'message': 'no deps or dev-deps'}
{'statusCode': 0, 'package': '@0xsequence/guard_0.0.0-20220804202525', 'message': 'no deps or dev-deps'}
{'statusCode': 0, 'package': '@0xsequence/guard_0.40.6', 'message': 'no deps or dev-deps'}
{'statusCode': 0, 'package': '@0xsequence/guard_0.0.0-20220825181818', 'message': 'no deps or dev-deps'}
{'statusCode': 0, 'package': '@0xsequence/guard_0.0.0-20220825190100', 'message': 'no deps or dev-deps'}
{'statusCode': 0, 'package': '@0xsequence/guard_0.41.0', 'message': 'no deps or dev-deps'}
{'statusCode': 0, 'package': '@0xsequence/guard_0.41.1', 'message': 'no deps or dev-deps'}
{'statusCode': 0, 'package': '@0xsequence/guard_0.41.2', 'message': 'no deps or dev-deps'}
{'statusCode': 0, 'package': '@0xsequence/guard_0.41.3', 'message': 'no deps or dev-deps'}
{'statusCode': 0, 'package': '@0xsequence/guard_0.42.0', 'message': 'no deps or dev-deps'}
{'statusCode': 0, 'package': '@0xsequence/guard_0.42.1', 'message': 'no deps or dev-deps'}
{'statusCode': 0, 'package': '@0xsequence/guard_0.42.2', 'message': 'no deps or dev-deps'}
{'statusCode': 0, 'package': '@0xsequence/guard_0.42.3', 'message': 'no deps or dev-deps'}
{'statusCode': 0, 'package': '@0xsequence/guard_0.42.4', 'message': 'no deps or dev-deps'}
{'statusCode': 0, 'package': '@0xsequence/guard_0.42.5', 'message': 'no deps or dev-deps'}
{'statusCode': 0, 'package': '@0xsequence/guard_0.42.6', 'message': 'no deps or dev-deps'}
{'statusCode': 0, 'package': '@0xsequence/guard_0.42.7', 'message': 'no deps or dev-deps'}
{'statusCode': 0, 'package': '@0xsequence/guard_0.42.8', 'message': 'no deps or dev-deps'}
{'statusCode': 0, 'package': '@0xsequence/guard_0.42.9', 'message': 'no deps or dev-deps'}
{'statusCode': 0, 'package': '@0xsequence/guard_0.42.10', 'message': 'no deps or dev-deps'}
{'statusCode': 0, 'package': '@0xsequence/guard_0.43.0', 'message': 'no deps or dev-deps'}
{'statusCode': 0, 'package': '@0xsequence/guard_0.43.1', 'message': 'no deps or dev-deps'}
{'statusCode': 0, 'package': '@0xsequence/guard_0.43.2', 'message': 'no deps or dev-deps'}
{'statusCode': 0, 'package': '@0xsequence/guard_0.43.3', 'message': 'no deps or dev-deps'}
{'statusCode': 0, 'package': '@0xsequence/guard_0.0.0-20221124173317', 'message': 'no deps or dev-deps'}
{'statusCode': 0, 'package': '@0xsequence/guard_0.43.4', 'message': 'no deps or dev-deps'}
{'statusCode': 0, 'package': '@0xsequence/guard_0.43.5', 'message': 'no deps or dev-deps'}
{'statusCode': 0, 'package': '@0xsequence/guard_0.43.6', 'message': 'no deps or dev-deps'}
{'statusCode': 0, 'package': '@0xsequence/guard_0.43.7', 'message': 'no deps or dev-deps'}
{'statusCode': 0, 'package': '@0xsequence/guard_0.7.0', 'message': 'no deps or dev-deps'}
{'statusCode': 0, 'package': '@0xsequence/guard_0.8.0', 'message': 'no deps or dev-deps'}
{'statusCode': 0, 'package': '@0xsequence/guard_0.8.1', 'message': 'no deps or dev-deps'}
{'statusCode': 0, 'package': '@0xsequence/guard_0.8.2', 'message': 'no deps or dev-deps'}
{'statusCode': 0, 'package': '@0xsequence/guard_0.8.3', 'message': 'no deps or dev-deps'}
{'statusCode': 0, 'package': '@0xsequence/guard_0.8.4', 'message': 'no deps or dev-deps'}
{'statusCode': 0, 'package': '@0xsequence/guard_0.8.5', 'message': 'no deps or dev-deps'}
{'statusCode': 0, 'package': '@0xsequence/guard_0.9.1', 'message': 'no deps or dev-deps'}
{'statusCode': 0, 'package': '@0xsequence/guard_0.9.3', 'message': 'no deps or dev-deps'}
{'statusCode': 0, 'package': '@0xsequence/guard_0.9.6', 'message': 'no deps or dev-deps'}
{'statusCode': 0, 'package': '@0xsequence/guard_0.10.0', 'message': 'no deps or dev-deps'}
{'statusCode': 0, 'package': '@0xsequence/guard_0.10.1', 'message': 'no deps or dev-deps'}
{'statusCode': 0, 'package': '@0xsequence/guard_0.10.2', 'message': 'no deps or dev-deps'}
{'statusCode': 0, 'package': '@0xsequence/guard_0.10.3', 'message': 'no deps or dev-deps'}
{'statusCode': 0, 'package': '@0xsequence/guard_0.10.4', 'message': 'no deps or dev-deps'}
{'statusCode': 0, 'package': '@0xsequence/guard_0.10.5', 'message': 'no deps or dev-deps'}
{'statusCode': 0, 'package': '@0xsequence/guard_0.10.6', 'message': 'no deps or dev-deps'}
{'statusCode': 0, 'package': '@0xsequence/guard_0.10.7', 'message': 'no deps or dev-deps'}
{'statusCode': 0, 'package': '@0xsequence/guard_0.10.8', 'message': 'no deps or dev-deps'}
{'statusCode': 0, 'package': '@0xsequence/guard_0.10.9', 'message': 'no deps or dev-deps'}
{'statusCode': 0, 'package': '@0xsequence/guard_0.11.0', 'message': 'no deps or dev-deps'}
{'statusCode': 0, 'package': '@0xsequence/guard_0.11.1', 'message': 'no deps or dev-deps'}
{'statusCode': 0, 'package': '@0xsequence/guard_0.11.2', 'message': 'no deps or dev-deps'}
{'statusCode': 0, 'package': '@0xsequence/guard_0.11.3', 'message': 'no deps or dev-deps'}
{'statusCode': 0, 'package': '@0xsequence/guard_0.11.4', 'message': 'no deps or dev-deps'}
{'statusCode': 0, 'package': '@0xsequence/guard_0.12.0', 'message': 'no deps or dev-deps'}
{'statusCode': 0, 'package': '@0xsequence/guard_0.12.1', 'message': 'no deps or dev-deps'}
{'statusCode': 0, 'package': '@0xsequence/guard_0.13.0', 'message': 'no deps or dev-deps'}
{'statusCode': 0, 'package': '@0xsequence/guard_0.14.0', 'message': 'no deps or dev-deps'}
{'statusCode': 0, 'package': '@0xsequence/guard_0.14.3', 'message': 'no deps or dev-deps'}
{'statusCode': 0, 'package': '@0xsequence/guard_0.15.1', 'message': 'no deps or dev-deps'}
{'statusCode': 0, 'package': '@0xsequence/guard_0.16.0', 'message': 'no deps or dev-deps'}
{'statusCode': 0, 'package': '@0xsequence/guard_0.18.0', 'message': 'no deps or dev-deps'}
{'statusCode': 0, 'package': '@0xsequence/guard_0.19.0', 'message': 'no deps or dev-deps'}
{'statusCode': 0, 'package': '@0xsequence/guard_0.19.3', 'message': 'no deps or dev-deps'}
{'statusCode': 0, 'package': '@0xsequence/guard_0.21.0', 'message': 'no deps or dev-deps'}
{'statusCode': 0, 'package': '@0xsequence/guard_0.21.2', 'message': 'no deps or dev-deps'}
{'statusCode': 0, 'package': '@0xsequence/guard_0.21.3', 'message': 'no deps or dev-deps'}
{'statusCode': 0, 'package': '@0xsequence/guard_0.21.4', 'message': 'no deps or dev-deps'}
{'statusCode': 0, 'package': '@0xsequence/guard_0.21.5', 'message': 'no deps or dev-deps'}
{'statusCode': 0, 'package': '@0xsequence/guard_0.22.0', 'message': 'no deps or dev-deps'}
{'statusCode': 0, 'package': '@0xsequence/guard_0.22.1', 'message': 'no deps or dev-deps'}
{'statusCode': 0, 'package': '@0xsequence/guard_0.22.2', 'message': 'no deps or dev-deps'}
{'statusCode': 0, 'package': '@0xsequence/guard_0.23.0', 'message': 'no deps or dev-deps'}
{'statusCode': 0, 'package': '@0xsequence/guard_0.25.0', 'message': 'no deps or dev-deps'}
{'statusCode': 0, 'package': '@0xsequence/guard_0.25.1', 'message': 'no deps or dev-deps'}
{'statusCode': 0, 'package': '@0xsequence/guard_0.27.0', 'message': 'no deps or dev-deps'}
{'statusCode': 0, 'package': '@0xsequence/guard_0.28.0', 'message': 'no deps or dev-deps'}
{'statusCode': 0, 'package': '@0xsequence/guard_0.0.0-2021827201516', 'message': 'no deps or dev-deps'}
{'statusCode': 0, 'package': '@0xsequence/guard_0.29.8', 'message': 'no deps or dev-deps'}
{'statusCode': 0, 'package': '@0xsequence/guard_0.30.0', 'message': 'no deps or dev-deps'}
{'statusCode': 0, 'package': '@0xsequence/guard_0.31.0', 'message': 'no deps or dev-deps'}
{'statusCode': 0, 'package': '@0xsequence/guard_0.34.0', 'message': 'no deps or dev-deps'}
{'statusCode': 0, 'package': '@0xsequence/guard_0.35.0', 'message': 'no deps or dev-deps'}
{'statusCode': 0, 'package': '@0xsequence/guard_0.35.1', 'message': 'no deps or dev-deps'}
{'statusCode': 0, 'package': '@0xsequence/guard_0.35.2', 'message': 'no deps or dev-deps'}
{'statusCode': 0, 'package': '@0xsequence/guard_0.35.3', 'message': 'no deps or dev-deps'}
{'statusCode': 0, 'package': '@0xsequence/guard_0.35.4', 'message': 'no deps or dev-deps'}
{'statusCode': 0, 'package': '@0xsequence/guard_0.35.5', 'message': 'no deps or dev-deps'}
{'statusCode': 0, 'package': '@0xsequence/guard_0.35.6', 'message': 'no deps or dev-deps'}
{'statusCode': 0, 'package': '@0xsequence/guard_0.35.7', 'message': 'no deps or dev-deps'}
{'statusCode': 0, 'package': '@0xsequence/guard_0.35.8', 'message': 'no deps or dev-deps'}
{'statusCode': 0, 'package': '@0xsequence/guard_0.35.9', 'message': 'no deps or dev-deps'}
{'statusCode': 0, 'package': '@0xsequence/guard_0.35.10', 'message': 'no deps or dev-deps'}
{'statusCode': 0, 'package': '@0xsequence/guard_0.35.11', 'message': 'no deps or dev-deps'}
{'statusCode': 0, 'package': '@0xsequence/guard_0.35.12', 'message': 'no deps or dev-deps'}
{'statusCode': 0, 'package': '@0xsequence/guard_0.36.0', 'message': 'no deps or dev-deps'}
{'statusCode': 0, 'package': '@0xsequence/guard_0.36.1', 'message': 'no deps or dev-deps'}
{'statusCode': 0, 'package': '@0xsequence/guard_0.36.2', 'message': 'no deps or dev-deps'}
{'statusCode': 0, 'package': '@0xsequence/guard_0.36.3', 'message': 'no deps or dev-deps'}
{'statusCode': 0, 'package': '@0xsequence/guard_0.36.4', 'message': 'no deps or dev-deps'}
{'statusCode': 0, 'package': '@0xsequence/guard_0.36.5', 'message': 'no deps or dev-deps'}
{'statusCode': 0, 'package': '@0xsequence/guard_0.36.6', 'message': 'no deps or dev-deps'}
{'statusCode': 0, 'package': '@0xsequence/guard_0.36.7', 'message': 'no deps or dev-deps'}
{'statusCode': 0, 'package': '@0xsequence/guard_0.36.8', 'message': 'no deps or dev-deps'}
{'statusCode': 0, 'package': '@0xsequence/guard_0.36.9', 'message': 'no deps or dev-deps'}
{'statusCode': 0, 'package': '@0xsequence/guard_0.36.10', 'message': 'no deps or dev-deps'}
{'statusCode': 0, 'package': '@0xsequence/guard_0.0.0-20220418165517', 'message': 'no deps or dev-deps'}
{'statusCode': 0, 'package': '@0xsequence/guard_0.36.11', 'message': 'no deps or dev-deps'}
{'statusCode': 0, 'package': '@0xsequence/guard_0.0.0-20220425195445', 'message': 'no deps or dev-deps'}
{'statusCode': 0, 'package': '@0xsequence/guard_0.36.12', 'message': 'no deps or dev-deps'}
{'statusCode': 0, 'package': '@0xsequence/guard_0.0.0-20220427054350', 'message': 'no deps or dev-deps'}
{'statusCode': 0, 'package': '@0xsequence/guard_0.0.0-20220427055332', 'message': 'no deps or dev-deps'}
{'statusCode': 0, 'package': '@0xsequence/guard_0.0.0-20220427161307', 'message': 'no deps or dev-deps'}
{'statusCode': 0, 'package': '@0xsequence/guard_0.0.0-20220427162812', 'message': 'no deps or dev-deps'}
{'statusCode': 0, 'package': '@0xsequence/guard_0.36.13', 'message': 'no deps or dev-deps'}
{'statusCode': 0, 'package': '@0xsequence/guard_0.37.0', 'message': 'no deps or dev-deps'}
{'statusCode': 0, 'package': '@0xsequence/guard_0.37.1', 'message': 'no deps or dev-deps'}
{'statusCode': 0, 'package': '@0xsequence/guard_0.0.0-20220506174803', 'message': 'no deps or dev-deps'}
{'statusCode': 0, 'package': '@0xsequence/guard_0.0.0-20220506195001', 'message': 'no deps or dev-deps'}
{'statusCode': 0, 'package': '@0xsequence/guard_0.0.0-20220513134147', 'message': 'no deps or dev-deps'}
{'statusCode': 0, 'package': '@0xsequence/guard_0.38.0', 'message': 'no deps or dev-deps'}
{'statusCode': 0, 'package': '@0xsequence/guard_0.38.1', 'message': 'no deps or dev-deps'}
{'statusCode': 0, 'package': '@0xsequence/guard_0.38.2', 'message': 'no deps or dev-deps'}
{'statusCode': 0, 'package': '@0xsequence/guard_0.39.0', 'message': 'no deps or dev-deps'}
{'statusCode': 0, 'package': '@0xsequence/guard_0.0.0-20220519151110', 'message': 'no deps or dev-deps'}
{'statusCode': 0, 'package': '@0xsequence/guard_0.0.0-20220519202656', 'message': 'no deps or dev-deps'}
{'statusCode': 0, 'package': '@0xsequence/guard_0.0.0-20220601185217', 'message': 'no deps or dev-deps'}
{'statusCode': 0, 'package': '@0xsequence/guard_0.39.1', 'message': 'no deps or dev-deps'}
{'statusCode': 0, 'package': '@0xsequence/guard_0.39.2', 'message': 'no deps or dev-deps'}
{'statusCode': 0, 'package': '@0xsequence/guard_0.0.0-20220609204505', 'message': 'no deps or dev-deps'}
{'statusCode': 0, 'package': '@0xsequence/guard_0.0.0-20220610134843', 'message': 'no deps or dev-deps'}
{'statusCode': 0, 'package': '@0xsequence/guard_0.39.3', 'message': 'no deps or dev-deps'}
{'statusCode': 0, 'package': '@0xsequence/guard_0.0.0-20220614152529', 'message': 'no deps or dev-deps'}
{'statusCode': 0, 'package': '@0xsequence/guard_0.0.0-20220616121217', 'message': 'no deps or dev-deps'}
{'statusCode': 0, 'package': '@0xsequence/guard_0.39.4', 'message': 'no deps or dev-deps'}
{'statusCode': 0, 'package': '@0xsequence/guard_0.39.5', 'message': 'no deps or dev-deps'}
{'statusCode': 0, 'package': '@0xsequence/guard_0.39.6', 'message': 'no deps or dev-deps'}
{'statusCode': 0, 'package': '@0xsequence/guard_0.0.0-26b08ee9-20220629135033', 'message': 'no deps or dev-deps'}
{'statusCode': 0, 'package': '@0xsequence/guard_0.0.0-cdbb3137-20220630190630', 'message': 'no deps or dev-deps'}
{'statusCode': 0, 'package': '@0xsequence/guard_0.0.0-cdbb3137-20220630191603', 'message': 'no deps or dev-deps'}
{'statusCode': 0, 'package': '@0xsequence/guard_0.0.0-cdbb3137-20220630192830', 'message': 'no deps or dev-deps'}
{'statusCode': 0, 'package': '@0xsequence/guard_0.0.0-20220630194654', 'message': 'no deps or dev-deps'}
{'statusCode': 0, 'package': '@0xsequence/guard_0.0.0-20220630211555', 'message': 'no deps or dev-deps'}
{'statusCode': 0, 'package': '@0xsequence/guard_0.0.0-20220630215108', 'message': 'no deps or dev-deps'}
{'statusCode': 0, 'package': '@0xsequence/guard_0.0.0-20220703182449', 'message': 'no deps or dev-deps'}
{'statusCode': 0, 'package': '@0xsequence/guard_0.0.0-20220704043930', 'message': 'no deps or dev-deps'}
{'statusCode': 0, 'package': '@0xsequence/guard_0.0.0-20220706193010', 'message': 'no deps or dev-deps'}
{'statusCode': 0, 'package': '@0xsequence/guard_0.0.0-20220710174545', 'message': 'no deps or dev-deps'}
{'statusCode': 0, 'package': '@0xsequence/guard_0.0.0-coolcats-0.36.12-20220711222640', 'message': 'no deps or dev-deps'}
{'statusCode': 0, 'package': '@0xsequence/guard_0.40.0', 'message': 'no deps or dev-deps'}
{'statusCode': 0, 'package': '@0xsequence/guard_0.40.1', 'message': 'no deps or dev-deps'}
{'statusCode': 0, 'package': '@0xsequence/guard_0.0.0-20220713211319', 'message': 'no deps or dev-deps'}
{'statusCode': 0, 'package': '@0xsequence/guard_0.0.0-20220714164224', 'message': 'no deps or dev-deps'}
{'statusCode': 0, 'package': '@0xsequence/guard_0.40.2', 'message': 'no deps or dev-deps'}
{'statusCode': 0, 'package': '@0xsequence/guard_0.0.0-20220719173737', 'message': 'no deps or dev-deps'}
{'statusCode': 0, 'package': '@0xsequence/guard_0.0.0-20220722145329', 'message': 'no deps or dev-deps'}
{'statusCode': 0, 'package': '@0xsequence/guard_0.0.0-20220725200200', 'message': 'no deps or dev-deps'}
{'statusCode': 0, 'package': '@0xsequence/guard_0.40.3', 'message': 'no deps or dev-deps'}
{'statusCode': 0, 'package': '@0xsequence/guard_0.0.0-20220728141414', 'message': 'no deps or dev-deps'}
{'statusCode': 0, 'package': '@0xsequence/guard_0.40.4', 'message': 'no deps or dev-deps'}
{'statusCode': 0, 'package': '@0xsequence/guard_0.0.0-20220728215555', 'message': 'no deps or dev-deps'}
{'statusCode': 0, 'package': '@0xsequence/guard_0.40.5', 'message': 'no deps or dev-deps'}
{'statusCode': 0, 'package': '@0xsequence/guard_0.0.0-20220804202525', 'message': 'no deps or dev-deps'}
{'statusCode': 0, 'package': '@0xsequence/guard_0.40.6', 'message': 'no deps or dev-deps'}
{'statusCode': 0, 'package': '@0xsequence/guard_0.0.0-20220825181818', 'message': 'no deps or dev-deps'}
{'statusCode': 0, 'package': '@0xsequence/guard_0.0.0-20220825190100', 'message': 'no deps or dev-deps'}
{'statusCode': 0, 'package': '@0xsequence/guard_0.41.0', 'message': 'no deps or dev-deps'}
{'statusCode': 0, 'package': '@0xsequence/guard_0.41.1', 'message': 'no deps or dev-deps'}
{'statusCode': 0, 'package': '@0xsequence/guard_0.41.2', 'message': 'no deps or dev-deps'}
{'statusCode': 0, 'package': '@0xsequence/guard_0.41.3', 'message': 'no deps or dev-deps'}
{'statusCode': 0, 'package': '@0xsequence/guard_0.42.0', 'message': 'no deps or dev-deps'}
{'statusCode': 0, 'package': '@0xsequence/guard_0.42.1', 'message': 'no deps or dev-deps'}
{'statusCode': 0, 'package': '@0xsequence/guard_0.42.2', 'message': 'no deps or dev-deps'}
{'statusCode': 0, 'package': '@0xsequence/guard_0.42.3', 'message': 'no deps or dev-deps'}
{'statusCode': 0, 'package': '@0xsequence/guard_0.42.4', 'message': 'no deps or dev-deps'}
{'statusCode': 0, 'package': '@0xsequence/guard_0.42.5', 'message': 'no deps or dev-deps'}
{'statusCode': 0, 'package': '@0xsequence/guard_0.42.6', 'message': 'no deps or dev-deps'}
{'statusCode': 0, 'package': '@0xsequence/guard_0.42.7', 'message': 'no deps or dev-deps'}
{'statusCode': 0, 'package': '@0xsequence/guard_0.42.8', 'message': 'no deps or dev-deps'}
{'statusCode': 0, 'package': '@0xsequence/guard_0.42.9', 'message': 'no deps or dev-deps'}
{'statusCode': 0, 'package': '@0xsequence/guard_0.42.10', 'message': 'no deps or dev-deps'}
{'statusCode': 0, 'package': '@0xsequence/guard_0.43.0', 'message': 'no deps or dev-deps'}
{'statusCode': 0, 'package': '@0xsequence/guard_0.43.1', 'message': 'no deps or dev-deps'}
{'statusCode': 0, 'package': '@0xsequence/guard_0.43.2', 'message': 'no deps or dev-deps'}
{'statusCode': 0, 'package': '@0xsequence/guard_0.43.3', 'message': 'no deps or dev-deps'}
{'statusCode': 0, 'package': '@0xsequence/guard_0.0.0-20221124173317', 'message': 'no deps or dev-deps'}
{'statusCode': 0, 'package': '@0xsequence/guard_0.43.4', 'message': 'no deps or dev-deps'}
{'statusCode': 0, 'package': '@0xsequence/guard_0.43.5', 'message': 'no deps or dev-deps'}
{'statusCode': 0, 'package': '@0xsequence/guard_0.43.6', 'message': 'no deps or dev-deps'}
{'statusCode': 0, 'package': '@0xsequence/guard_0.43.7', 'message': 'no deps or dev-deps'}
{'statusCode': 0, 'package': '@0xsequence/guard_0.7.0', 'message': 'no deps or dev-deps'}
{'statusCode': 0, 'package': '@0xsequence/guard_0.8.0', 'message': 'no deps or dev-deps'}
{'statusCode': 0, 'package': '@0xsequence/guard_0.8.1', 'message': 'no deps or dev-deps'}
{'statusCode': 0, 'package': '@0xsequence/guard_0.8.2', 'message': 'no deps or dev-deps'}
{'statusCode': 0, 'package': '@0xsequence/guard_0.8.3', 'message': 'no deps or dev-deps'}
{'statusCode': 0, 'package': '@0xsequence/guard_0.8.4', 'message': 'no deps or dev-deps'}
{'statusCode': 0, 'package': '@0xsequence/guard_0.8.5', 'message': 'no deps or dev-deps'}
{'statusCode': 0, 'package': '@0xsequence/guard_0.9.1', 'message': 'no deps or dev-deps'}
{'statusCode': 0, 'package': '@0xsequence/guard_0.9.3', 'message': 'no deps or dev-deps'}
{'statusCode': 0, 'package': '@0xsequence/guard_0.9.6', 'message': 'no deps or dev-deps'}
{'statusCode': 0, 'package': '@0xsequence/guard_0.10.0', 'message': 'no deps or dev-deps'}
{'statusCode': 0, 'package': '@0xsequence/guard_0.10.1', 'message': 'no deps or dev-deps'}
{'statusCode': 0, 'package': '@0xsequence/guard_0.10.2', 'message': 'no deps or dev-deps'}
{'statusCode': 0, 'package': '@0xsequence/guard_0.10.3', 'message': 'no deps or dev-deps'}
{'statusCode': 0, 'package': '@0xsequence/guard_0.10.4', 'message': 'no deps or dev-deps'}
{'statusCode': 0, 'package': '@0xsequence/guard_0.10.5', 'message': 'no deps or dev-deps'}
{'statusCode': 0, 'package': '@0xsequence/guard_0.10.6', 'message': 'no deps or dev-deps'}
{'statusCode': 0, 'package': '@0xsequence/guard_0.10.7', 'message': 'no deps or dev-deps'}
{'statusCode': 0, 'package': '@0xsequence/guard_0.10.8', 'message': 'no deps or dev-deps'}
{'statusCode': 0, 'package': '@0xsequence/guard_0.10.9', 'message': 'no deps or dev-deps'}
{'statusCode': 0, 'package': '@0xsequence/guard_0.11.0', 'message': 'no deps or dev-deps'}
{'statusCode': 0, 'package': '@0xsequence/guard_0.11.1', 'message': 'no deps or dev-deps'}
{'statusCode': 0, 'package': '@0xsequence/guard_0.11.2', 'message': 'no deps or dev-deps'}
{'statusCode': 0, 'package': '@0xsequence/guard_0.11.3', 'message': 'no deps or dev-deps'}
{'statusCode': 0, 'package': '@0xsequence/guard_0.11.4', 'message': 'no deps or dev-deps'}
{'statusCode': 0, 'package': '@0xsequence/guard_0.12.0', 'message': 'no deps or dev-deps'}
{'statusCode': 0, 'package': '@0xsequence/guard_0.12.1', 'message': 'no deps or dev-deps'}
{'statusCode': 0, 'package': '@0xsequence/guard_0.13.0', 'message': 'no deps or dev-deps'}
{'statusCode': 0, 'package': '@0xsequence/guard_0.14.0', 'message': 'no deps or dev-deps'}
{'statusCode': 0, 'package': '@0xsequence/guard_0.14.3', 'message': 'no deps or dev-deps'}
{'statusCode': 0, 'package': '@0xsequence/guard_0.15.1', 'message': 'no deps or dev-deps'}
{'statusCode': 0, 'package': '@0xsequence/guard_0.16.0', 'message': 'no deps or dev-deps'}
{'statusCode': 0, 'package': '@0xsequence/guard_0.18.0', 'message': 'no deps or dev-deps'}
{'statusCode': 0, 'package': '@0xsequence/guard_0.19.0', 'message': 'no deps or dev-deps'}
{'statusCode': 0, 'package': '@0xsequence/guard_0.19.3', 'message': 'no deps or dev-deps'}
{'statusCode': 0, 'package': '@0xsequence/guard_0.21.0', 'message': 'no deps or dev-deps'}
{'statusCode': 0, 'package': '@0xsequence/guard_0.21.2', 'message': 'no deps or dev-deps'}
{'statusCode': 0, 'package': '@0xsequence/guard_0.21.3', 'message': 'no deps or dev-deps'}
{'statusCode': 0, 'package': '@0xsequence/guard_0.21.4', 'message': 'no deps or dev-deps'}
{'statusCode': 0, 'package': '@0xsequence/guard_0.21.5', 'message': 'no deps or dev-deps'}
{'statusCode': 0, 'package': '@0xsequence/guard_0.22.0', 'message': 'no deps or dev-deps'}
{'statusCode': 0, 'package': '@0xsequence/guard_0.22.1', 'message': 'no deps or dev-deps'}
{'statusCode': 0, 'package': '@0xsequence/guard_0.22.2', 'message': 'no deps or dev-deps'}
{'statusCode': 0, 'package': '@0xsequence/guard_0.23.0', 'message': 'no deps or dev-deps'}
{'statusCode': 0, 'package': '@0xsequence/guard_0.25.0', 'message': 'no deps or dev-deps'}
{'statusCode': 0, 'package': '@0xsequence/guard_0.25.1', 'message': 'no deps or dev-deps'}
{'statusCode': 0, 'package': '@0xsequence/guard_0.27.0', 'message': 'no deps or dev-deps'}
{'statusCode': 0, 'package': '@0xsequence/guard_0.28.0', 'message': 'no deps or dev-deps'}
{'statusCode': 0, 'package': '@0xsequence/guard_0.0.0-2021827201516', 'message': 'no deps or dev-deps'}
{'statusCode': 0, 'package': '@0xsequence/guard_0.29.8', 'message': 'no deps or dev-deps'}
{'statusCode': 0, 'package': '@0xsequence/guard_0.30.0', 'message': 'no deps or dev-deps'}
{'statusCode': 0, 'package': '@0xsequence/guard_0.31.0', 'message': 'no deps or dev-deps'}
{'statusCode': 0, 'package': '@0xsequence/guard_0.34.0', 'message': 'no deps or dev-deps'}
{'statusCode': 0, 'package': '@0xsequence/guard_0.35.0', 'message': 'no deps or dev-deps'}
{'statusCode': 0, 'package': '@0xsequence/guard_0.35.1', 'message': 'no deps or dev-deps'}
{'statusCode': 0, 'package': '@0xsequence/guard_0.35.2', 'message': 'no deps or dev-deps'}
{'statusCode': 0, 'package': '@0xsequence/guard_0.35.3', 'message': 'no deps or dev-deps'}
{'statusCode': 0, 'package': '@0xsequence/guard_0.35.4', 'message': 'no deps or dev-deps'}
{'statusCode': 0, 'package': '@0xsequence/guard_0.35.5', 'message': 'no deps or dev-deps'}
{'statusCode': 0, 'package': '@0xsequence/guard_0.35.6', 'message': 'no deps or dev-deps'}
{'statusCode': 0, 'package': '@0xsequence/guard_0.35.7', 'message': 'no deps or dev-deps'}
{'statusCode': 0, 'package': '@0xsequence/guard_0.35.8', 'message': 'no deps or dev-deps'}
{'statusCode': 0, 'package': '@0xsequence/guard_0.35.9', 'message': 'no deps or dev-deps'}
{'statusCode': 0, 'package': '@0xsequence/guard_0.35.10', 'message': 'no deps or dev-deps'}
{'statusCode': 0, 'package': '@0xsequence/guard_0.35.11', 'message': 'no deps or dev-deps'}
{'statusCode': 0, 'package': '@0xsequence/guard_0.35.12', 'message': 'no deps or dev-deps'}
{'statusCode': 0, 'package': '@0xsequence/guard_0.36.0', 'message': 'no deps or dev-deps'}
{'statusCode': 0, 'package': '@0xsequence/guard_0.36.1', 'message': 'no deps or dev-deps'}
{'statusCode': 0, 'package': '@0xsequence/guard_0.36.2', 'message': 'no deps or dev-deps'}
{'statusCode': 0, 'package': '@0xsequence/guard_0.36.3', 'message': 'no deps or dev-deps'}
{'statusCode': 0, 'package': '@0xsequence/guard_0.36.4', 'message': 'no deps or dev-deps'}
{'statusCode': 0, 'package': '@0xsequence/guard_0.36.5', 'message': 'no deps or dev-deps'}
{'statusCode': 0, 'package': '@0xsequence/guard_0.36.6', 'message': 'no deps or dev-deps'}
{'statusCode': 0, 'package': '@0xsequence/guard_0.36.7', 'message': 'no deps or dev-deps'}
{'statusCode': 0, 'package': '@0xsequence/guard_0.36.8', 'message': 'no deps or dev-deps'}
{'statusCode': 0, 'package': '@0xsequence/guard_0.36.9', 'message': 'no deps or dev-deps'}
{'statusCode': 0, 'package': '@0xsequence/guard_0.36.10', 'message': 'no deps or dev-deps'}
{'statusCode': 0, 'package': '@0xsequence/guard_0.0.0-20220418165517', 'message': 'no deps or dev-deps'}
{'statusCode': 0, 'package': '@0xsequence/guard_0.36.11', 'message': 'no deps or dev-deps'}
{'statusCode': 0, 'package': '@0xsequence/guard_0.0.0-20220425195445', 'message': 'no deps or dev-deps'}
{'statusCode': 0, 'package': '@0xsequence/guard_0.36.12', 'message': 'no deps or dev-deps'}
{'statusCode': 0, 'package': '@0xsequence/guard_0.0.0-20220427054350', 'message': 'no deps or dev-deps'}
{'statusCode': 0, 'package': '@0xsequence/guard_0.0.0-20220427055332', 'message': 'no deps or dev-deps'}
{'statusCode': 0, 'package': '@0xsequence/guard_0.0.0-20220427161307', 'message': 'no deps or dev-deps'}
{'statusCode': 0, 'package': '@0xsequence/guard_0.0.0-20220427162812', 'message': 'no deps or dev-deps'}
{'statusCode': 0, 'package': '@0xsequence/guard_0.36.13', 'message': 'no deps or dev-deps'}
{'statusCode': 0, 'package': '@0xsequence/guard_0.37.0', 'message': 'no deps or dev-deps'}
{'statusCode': 0, 'package': '@0xsequence/guard_0.37.1', 'message': 'no deps or dev-deps'}
{'statusCode': 0, 'package': '@0xsequence/guard_0.0.0-20220506174803', 'message': 'no deps or dev-deps'}
{'statusCode': 0, 'package': '@0xsequence/guard_0.0.0-20220506195001', 'message': 'no deps or dev-deps'}
{'statusCode': 0, 'package': '@0xsequence/guard_0.0.0-20220513134147', 'message': 'no deps or dev-deps'}
{'statusCode': 0, 'package': '@0xsequence/guard_0.38.0', 'message': 'no deps or dev-deps'}
{'statusCode': 0, 'package': '@0xsequence/guard_0.38.1', 'message': 'no deps or dev-deps'}
{'statusCode': 0, 'package': '@0xsequence/guard_0.38.2', 'message': 'no deps or dev-deps'}
{'statusCode': 0, 'package': '@0xsequence/guard_0.39.0', 'message': 'no deps or dev-deps'}
{'statusCode': 0, 'package': '@0xsequence/guard_0.0.0-20220519151110', 'message': 'no deps or dev-deps'}
{'statusCode': 0, 'package': '@0xsequence/guard_0.0.0-20220519202656', 'message': 'no deps or dev-deps'}
{'statusCode': 0, 'package': '@0xsequence/guard_0.0.0-20220601185217', 'message': 'no deps or dev-deps'}
{'statusCode': 0, 'package': '@0xsequence/guard_0.39.1', 'message': 'no deps or dev-deps'}
{'statusCode': 0, 'package': '@0xsequence/guard_0.39.2', 'message': 'no deps or dev-deps'}
{'statusCode': 0, 'package': '@0xsequence/guard_0.0.0-20220609204505', 'message': 'no deps or dev-deps'}
{'statusCode': 0, 'package': '@0xsequence/guard_0.0.0-20220610134843', 'message': 'no deps or dev-deps'}
{'statusCode': 0, 'package': '@0xsequence/guard_0.39.3', 'message': 'no deps or dev-deps'}
{'statusCode': 0, 'package': '@0xsequence/guard_0.0.0-20220614152529', 'message': 'no deps or dev-deps'}
{'statusCode': 0, 'package': '@0xsequence/guard_0.0.0-20220616121217', 'message': 'no deps or dev-deps'}
{'statusCode': 0, 'package': '@0xsequence/guard_0.39.4', 'message': 'no deps or dev-deps'}
{'statusCode': 0, 'package': '@0xsequence/guard_0.39.5', 'message': 'no deps or dev-deps'}
{'statusCode': 0, 'package': '@0xsequence/guard_0.39.6', 'message': 'no deps or dev-deps'}
{'statusCode': 0, 'package': '@0xsequence/guard_0.0.0-26b08ee9-20220629135033', 'message': 'no deps or dev-deps'}
{'statusCode': 0, 'package': '@0xsequence/guard_0.0.0-cdbb3137-20220630190630', 'message': 'no deps or dev-deps'}
{'statusCode': 0, 'package': '@0xsequence/guard_0.0.0-cdbb3137-20220630191603', 'message': 'no deps or dev-deps'}
{'statusCode': 0, 'package': '@0xsequence/guard_0.0.0-cdbb3137-20220630192830', 'message': 'no deps or dev-deps'}
{'statusCode': 0, 'package': '@0xsequence/guard_0.0.0-20220630194654', 'message': 'no deps or dev-deps'}
{'statusCode': 0, 'package': '@0xsequence/guard_0.0.0-20220630211555', 'message': 'no deps or dev-deps'}
{'statusCode': 0, 'package': '@0xsequence/guard_0.0.0-20220630215108', 'message': 'no deps or dev-deps'}
{'statusCode': 0, 'package': '@0xsequence/guard_0.0.0-20220703182449', 'message': 'no deps or dev-deps'}
{'statusCode': 0, 'package': '@0xsequence/guard_0.0.0-20220704043930', 'message': 'no deps or dev-deps'}
{'statusCode': 0, 'package': '@0xsequence/guard_0.0.0-20220706193010', 'message': 'no deps or dev-deps'}
{'statusCode': 0, 'package': '@0xsequence/guard_0.0.0-20220710174545', 'message': 'no deps or dev-deps'}
{'statusCode': 0, 'package': '@0xsequence/guard_0.0.0-coolcats-0.36.12-20220711222640', 'message': 'no deps or dev-deps'}
{'statusCode': 0, 'package': '@0xsequence/guard_0.40.0', 'message': 'no deps or dev-deps'}
{'statusCode': 0, 'package': '@0xsequence/guard_0.40.1', 'message': 'no deps or dev-deps'}
{'statusCode': 0, 'package': '@0xsequence/guard_0.0.0-20220713211319', 'message': 'no deps or dev-deps'}
{'statusCode': 0, 'package': '@0xsequence/guard_0.0.0-20220714164224', 'message': 'no deps or dev-deps'}
{'statusCode': 0, 'package': '@0xsequence/guard_0.40.2', 'message': 'no deps or dev-deps'}
{'statusCode': 0, 'package': '@0xsequence/guard_0.0.0-20220719173737', 'message': 'no deps or dev-deps'}
{'statusCode': 0, 'package': '@0xsequence/guard_0.0.0-20220722145329', 'message': 'no deps or dev-deps'}
{'statusCode': 0, 'package': '@0xsequence/guard_0.0.0-20220725200200', 'message': 'no deps or dev-deps'}
{'statusCode': 0, 'package': '@0xsequence/guard_0.40.3', 'message': 'no deps or dev-deps'}
{'statusCode': 0, 'package': '@0xsequence/guard_0.0.0-20220728141414', 'message': 'no deps or dev-deps'}
{'statusCode': 0, 'package': '@0xsequence/guard_0.40.4', 'message': 'no deps or dev-deps'}
{'statusCode': 0, 'package': '@0xsequence/guard_0.0.0-20220728215555', 'message': 'no deps or dev-deps'}
{'statusCode': 0, 'package': '@0xsequence/guard_0.40.5', 'message': 'no deps or dev-deps'}
{'statusCode': 0, 'package': '@0xsequence/guard_0.0.0-20220804202525', 'message': 'no deps or dev-deps'}
{'statusCode': 0, 'package': '@0xsequence/guard_0.40.6', 'message': 'no deps or dev-deps'}
{'statusCode': 0, 'package': '@0xsequence/guard_0.0.0-20220825181818', 'message': 'no deps or dev-deps'}
{'statusCode': 0, 'package': '@0xsequence/guard_0.0.0-20220825190100', 'message': 'no deps or dev-deps'}
{'statusCode': 0, 'package': '@0xsequence/guard_0.41.0', 'message': 'no deps or dev-deps'}
{'statusCode': 0, 'package': '@0xsequence/guard_0.41.1', 'message': 'no deps or dev-deps'}
{'statusCode': 0, 'package': '@0xsequence/guard_0.41.2', 'message': 'no deps or dev-deps'}
{'statusCode': 0, 'package': '@0xsequence/guard_0.41.3', 'message': 'no deps or dev-deps'}
{'statusCode': 0, 'package': '@0xsequence/guard_0.42.0', 'message': 'no deps or dev-deps'}
{'statusCode': 0, 'package': '@0xsequence/guard_0.42.1', 'message': 'no deps or dev-deps'}
{'statusCode': 0, 'package': '@0xsequence/guard_0.42.2', 'message': 'no deps or dev-deps'}
{'statusCode': 0, 'package': '@0xsequence/guard_0.42.3', 'message': 'no deps or dev-deps'}
{'statusCode': 0, 'package': '@0xsequence/guard_0.42.4', 'message': 'no deps or dev-deps'}
{'statusCode': 0, 'package': '@0xsequence/guard_0.42.5', 'message': 'no deps or dev-deps'}
{'statusCode': 0, 'package': '@0xsequence/guard_0.42.6', 'message': 'no deps or dev-deps'}
{'statusCode': 0, 'package': '@0xsequence/guard_0.42.7', 'message': 'no deps or dev-deps'}
{'statusCode': 0, 'package': '@0xsequence/guard_0.42.8', 'message': 'no deps or dev-deps'}
{'statusCode': 0, 'package': '@0xsequence/guard_0.42.9', 'message': 'no deps or dev-deps'}
{'statusCode': 0, 'package': '@0xsequence/guard_0.42.10', 'message': 'no deps or dev-deps'}
{'statusCode': 0, 'package': '@0xsequence/guard_0.43.0', 'message': 'no deps or dev-deps'}
{'statusCode': 0, 'package': '@0xsequence/guard_0.43.1', 'message': 'no deps or dev-deps'}
{'statusCode': 0, 'package': '@0xsequence/guard_0.43.2', 'message': 'no deps or dev-deps'}
{'statusCode': 0, 'package': '@0xsequence/guard_0.43.3', 'message': 'no deps or dev-deps'}
{'statusCode': 0, 'package': '@0xsequence/guard_0.0.0-20221124173317', 'message': 'no deps or dev-deps'}
{'statusCode': 0, 'package': '@0xsequence/guard_0.43.4', 'message': 'no deps or dev-deps'}
{'statusCode': 0, 'package': '@0xsequence/guard_0.43.5', 'message': 'no deps or dev-deps'}
{'statusCode': 0, 'package': '@0xsequence/guard_0.43.6', 'message': 'no deps or dev-deps'}
{'statusCode': 0, 'package': '@0xsequence/guard_0.43.7', 'message': 'no deps or dev-deps'}
{'statusCode': 0, 'package': '@0xsequence/guard_0.7.0', 'message': 'no deps or dev-deps'}
{'statusCode': 0, 'package': '@0xsequence/guard_0.8.0', 'message': 'no deps or dev-deps'}
{'statusCode': 0, 'package': '@0xsequence/guard_0.8.1', 'message': 'no deps or dev-deps'}
{'statusCode': 0, 'package': '@0xsequence/guard_0.8.2', 'message': 'no deps or dev-deps'}
{'statusCode': 0, 'package': '@0xsequence/guard_0.8.3', 'message': 'no deps or dev-deps'}
{'statusCode': 0, 'package': '@0xsequence/guard_0.8.4', 'message': 'no deps or dev-deps'}
{'statusCode': 0, 'package': '@0xsequence/guard_0.8.5', 'message': 'no deps or dev-deps'}
{'statusCode': 0, 'package': '@0xsequence/guard_0.9.1', 'message': 'no deps or dev-deps'}
{'statusCode': 0, 'package': '@0xsequence/guard_0.9.3', 'message': 'no deps or dev-deps'}
{'statusCode': 0, 'package': '@0xsequence/guard_0.9.6', 'message': 'no deps or dev-deps'}
{'statusCode': 0, 'package': '@0xsequence/guard_0.10.0', 'message': 'no deps or dev-deps'}
{'statusCode': 0, 'package': '@0xsequence/guard_0.10.1', 'message': 'no deps or dev-deps'}
{'statusCode': 0, 'package': '@0xsequence/guard_0.10.2', 'message': 'no deps or dev-deps'}
{'statusCode': 0, 'package': '@0xsequence/guard_0.10.3', 'message': 'no deps or dev-deps'}
{'statusCode': 0, 'package': '@0xsequence/guard_0.10.4', 'message': 'no deps or dev-deps'}
{'statusCode': 0, 'package': '@0xsequence/guard_0.10.5', 'message': 'no deps or dev-deps'}
{'statusCode': 0, 'package': '@0xsequence/guard_0.10.6', 'message': 'no deps or dev-deps'}
{'statusCode': 0, 'package': '@0xsequence/guard_0.10.7', 'message': 'no deps or dev-deps'}
{'statusCode': 0, 'package': '@0xsequence/guard_0.10.8', 'message': 'no deps or dev-deps'}
{'statusCode': 0, 'package': '@0xsequence/guard_0.10.9', 'message': 'no deps or dev-deps'}
{'statusCode': 0, 'package': '@0xsequence/guard_0.11.0', 'message': 'no deps or dev-deps'}
{'statusCode': 0, 'package': '@0xsequence/guard_0.11.1', 'message': 'no deps or dev-deps'}
{'statusCode': 0, 'package': '@0xsequence/guard_0.11.2', 'message': 'no deps or dev-deps'}
{'statusCode': 0, 'package': '@0xsequence/guard_0.11.3', 'message': 'no deps or dev-deps'}
{'statusCode': 0, 'package': '@0xsequence/guard_0.11.4', 'message': 'no deps or dev-deps'}
{'statusCode': 0, 'package': '@0xsequence/guard_0.12.0', 'message': 'no deps or dev-deps'}
{'statusCode': 0, 'package': '@0xsequence/guard_0.12.1', 'message': 'no deps or dev-deps'}
{'statusCode': 0, 'package': '@0xsequence/guard_0.13.0', 'message': 'no deps or dev-deps'}
{'statusCode': 0, 'package': '@0xsequence/guard_0.14.0', 'message': 'no deps or dev-deps'}
{'statusCode': 0, 'package': '@0xsequence/guard_0.14.3', 'message': 'no deps or dev-deps'}
{'statusCode': 0, 'package': '@0xsequence/guard_0.15.1', 'message': 'no deps or dev-deps'}
{'statusCode': 0, 'package': '@0xsequence/guard_0.16.0', 'message': 'no deps or dev-deps'}
{'statusCode': 0, 'package': '@0xsequence/guard_0.18.0', 'message': 'no deps or dev-deps'}
{'statusCode': 0, 'package': '@0xsequence/guard_0.19.0', 'message': 'no deps or dev-deps'}
{'statusCode': 0, 'package': '@0xsequence/guard_0.19.3', 'message': 'no deps or dev-deps'}
{'statusCode': 0, 'package': '@0xsequence/guard_0.21.0', 'message': 'no deps or dev-deps'}
{'statusCode': 0, 'package': '@0xsequence/guard_0.21.2', 'message': 'no deps or dev-deps'}
{'statusCode': 0, 'package': '@0xsequence/guard_0.21.3', 'message': 'no deps or dev-deps'}
{'statusCode': 0, 'package': '@0xsequence/guard_0.21.4', 'message': 'no deps or dev-deps'}
{'statusCode': 0, 'package': '@0xsequence/guard_0.21.5', 'message': 'no deps or dev-deps'}
{'statusCode': 0, 'package': '@0xsequence/guard_0.22.0', 'message': 'no deps or dev-deps'}
{'statusCode': 0, 'package': '@0xsequence/guard_0.22.1', 'message': 'no deps or dev-deps'}
{'statusCode': 0, 'package': '@0xsequence/guard_0.22.2', 'message': 'no deps or dev-deps'}
{'statusCode': 0, 'package': '@0xsequence/guard_0.23.0', 'message': 'no deps or dev-deps'}
{'statusCode': 0, 'package': '@0xsequence/guard_0.25.0', 'message': 'no deps or dev-deps'}
{'statusCode': 0, 'package': '@0xsequence/guard_0.25.1', 'message': 'no deps or dev-deps'}
{'statusCode': 0, 'package': '@0xsequence/guard_0.27.0', 'message': 'no deps or dev-deps'}
{'statusCode': 0, 'package': '@0xsequence/guard_0.28.0', 'message': 'no deps or dev-deps'}
{'statusCode': 0, 'package': '@0xsequence/guard_0.0.0-2021827201516', 'message': 'no deps or dev-deps'}
{'statusCode': 0, 'package': '@0xsequence/guard_0.29.8', 'message': 'no deps or dev-deps'}
{'statusCode': 0, 'package': '@0xsequence/guard_0.30.0', 'message': 'no deps or dev-deps'}
{'statusCode': 0, 'package': '@0xsequence/guard_0.31.0', 'message': 'no deps or dev-deps'}
{'statusCode': 0, 'package': '@0xsequence/guard_0.34.0', 'message': 'no deps or dev-deps'}
{'statusCode': 0, 'package': '@0xsequence/guard_0.35.0', 'message': 'no deps or dev-deps'}
{'statusCode': 0, 'package': '@0xsequence/guard_0.35.1', 'message': 'no deps or dev-deps'}
{'statusCode': 0, 'package': '@0xsequence/guard_0.35.2', 'message': 'no deps or dev-deps'}
{'statusCode': 0, 'package': '@0xsequence/guard_0.35.3', 'message': 'no deps or dev-deps'}
{'statusCode': 0, 'package': '@0xsequence/guard_0.35.4', 'message': 'no deps or dev-deps'}
{'statusCode': 0, 'package': '@0xsequence/guard_0.35.5', 'message': 'no deps or dev-deps'}
{'statusCode': 0, 'package': '@0xsequence/guard_0.35.6', 'message': 'no deps or dev-deps'}
{'statusCode': 0, 'package': '@0xsequence/guard_0.35.7', 'message': 'no deps or dev-deps'}
{'statusCode': 0, 'package': '@0xsequence/guard_0.35.8', 'message': 'no deps or dev-deps'}
{'statusCode': 0, 'package': '@0xsequence/guard_0.35.9', 'message': 'no deps or dev-deps'}
{'statusCode': 0, 'package': '@0xsequence/guard_0.35.10', 'message': 'no deps or dev-deps'}
{'statusCode': 0, 'package': '@0xsequence/guard_0.35.11', 'message': 'no deps or dev-deps'}
{'statusCode': 0, 'package': '@0xsequence/guard_0.35.12', 'message': 'no deps or dev-deps'}
{'statusCode': 0, 'package': '@0xsequence/guard_0.36.0', 'message': 'no deps or dev-deps'}
{'statusCode': 0, 'package': '@0xsequence/guard_0.36.1', 'message': 'no deps or dev-deps'}
{'statusCode': 0, 'package': '@0xsequence/guard_0.36.2', 'message': 'no deps or dev-deps'}
{'statusCode': 0, 'package': '@0xsequence/guard_0.36.3', 'message': 'no deps or dev-deps'}
{'statusCode': 0, 'package': '@0xsequence/guard_0.36.4', 'message': 'no deps or dev-deps'}
{'statusCode': 0, 'package': '@0xsequence/guard_0.36.5', 'message': 'no deps or dev-deps'}
{'statusCode': 0, 'package': '@0xsequence/guard_0.36.6', 'message': 'no deps or dev-deps'}
{'statusCode': 0, 'package': '@0xsequence/guard_0.36.7', 'message': 'no deps or dev-deps'}
{'statusCode': 0, 'package': '@0xsequence/guard_0.36.8', 'message': 'no deps or dev-deps'}
{'statusCode': 0, 'package': '@0xsequence/guard_0.36.9', 'message': 'no deps or dev-deps'}
{'statusCode': 0, 'package': '@0xsequence/guard_0.36.10', 'message': 'no deps or dev-deps'}
{'statusCode': 0, 'package': '@0xsequence/guard_0.0.0-20220418165517', 'message': 'no deps or dev-deps'}
{'statusCode': 0, 'package': '@0xsequence/guard_0.36.11', 'message': 'no deps or dev-deps'}
{'statusCode': 0, 'package': '@0xsequence/guard_0.0.0-20220425195445', 'message': 'no deps or dev-deps'}
{'statusCode': 0, 'package': '@0xsequence/guard_0.36.12', 'message': 'no deps or dev-deps'}
{'statusCode': 0, 'package': '@0xsequence/guard_0.0.0-20220427054350', 'message': 'no deps or dev-deps'}
{'statusCode': 0, 'package': '@0xsequence/guard_0.0.0-20220427055332', 'message': 'no deps or dev-deps'}
{'statusCode': 0, 'package': '@0xsequence/guard_0.0.0-20220427161307', 'message': 'no deps or dev-deps'}
{'statusCode': 0, 'package': '@0xsequence/guard_0.0.0-20220427162812', 'message': 'no deps or dev-deps'}
{'statusCode': 0, 'package': '@0xsequence/guard_0.36.13', 'message': 'no deps or dev-deps'}
{'statusCode': 0, 'package': '@0xsequence/guard_0.37.0', 'message': 'no deps or dev-deps'}
{'statusCode': 0, 'package': '@0xsequence/guard_0.37.1', 'message': 'no deps or dev-deps'}
{'statusCode': 0, 'package': '@0xsequence/guard_0.0.0-20220506174803', 'message': 'no deps or dev-deps'}
{'statusCode': 0, 'package': '@0xsequence/guard_0.0.0-20220506195001', 'message': 'no deps or dev-deps'}
{'statusCode': 0, 'package': '@0xsequence/guard_0.0.0-20220513134147', 'message': 'no deps or dev-deps'}
{'statusCode': 0, 'package': '@0xsequence/guard_0.38.0', 'message': 'no deps or dev-deps'}
{'statusCode': 0, 'package': '@0xsequence/guard_0.38.1', 'message': 'no deps or dev-deps'}
{'statusCode': 0, 'package': '@0xsequence/guard_0.38.2', 'message': 'no deps or dev-deps'}
{'statusCode': 0, 'package': '@0xsequence/guard_0.39.0', 'message': 'no deps or dev-deps'}
{'statusCode': 0, 'package': '@0xsequence/guard_0.0.0-20220519151110', 'message': 'no deps or dev-deps'}
{'statusCode': 0, 'package': '@0xsequence/guard_0.0.0-20220519202656', 'message': 'no deps or dev-deps'}
{'statusCode': 0, 'package': '@0xsequence/guard_0.0.0-20220601185217', 'message': 'no deps or dev-deps'}
{'statusCode': 0, 'package': '@0xsequence/guard_0.39.1', 'message': 'no deps or dev-deps'}
{'statusCode': 0, 'package': '@0xsequence/guard_0.39.2', 'message': 'no deps or dev-deps'}
{'statusCode': 0, 'package': '@0xsequence/guard_0.0.0-20220609204505', 'message': 'no deps or dev-deps'}
{'statusCode': 0, 'package': '@0xsequence/guard_0.0.0-20220610134843', 'message': 'no deps or dev-deps'}
{'statusCode': 0, 'package': '@0xsequence/guard_0.39.3', 'message': 'no deps or dev-deps'}
{'statusCode': 0, 'package': '@0xsequence/guard_0.0.0-20220614152529', 'message': 'no deps or dev-deps'}
{'statusCode': 0, 'package': '@0xsequence/guard_0.0.0-20220616121217', 'message': 'no deps or dev-deps'}
{'statusCode': 0, 'package': '@0xsequence/guard_0.39.4', 'message': 'no deps or dev-deps'}
{'statusCode': 0, 'package': '@0xsequence/guard_0.39.5', 'message': 'no deps or dev-deps'}
{'statusCode': 0, 'package': '@0xsequence/guard_0.39.6', 'message': 'no deps or dev-deps'}
{'statusCode': 0, 'package': '@0xsequence/guard_0.0.0-26b08ee9-20220629135033', 'message': 'no deps or dev-deps'}
{'statusCode': 0, 'package': '@0xsequence/guard_0.0.0-cdbb3137-20220630190630', 'message': 'no deps or dev-deps'}
{'statusCode': 0, 'package': '@0xsequence/guard_0.0.0-cdbb3137-20220630191603', 'message': 'no deps or dev-deps'}
{'statusCode': 0, 'package': '@0xsequence/guard_0.0.0-cdbb3137-20220630192830', 'message': 'no deps or dev-deps'}
{'statusCode': 0, 'package': '@0xsequence/guard_0.0.0-20220630194654', 'message': 'no deps or dev-deps'}
{'statusCode': 0, 'package': '@0xsequence/guard_0.0.0-20220630211555', 'message': 'no deps or dev-deps'}
{'statusCode': 0, 'package': '@0xsequence/guard_0.0.0-20220630215108', 'message': 'no deps or dev-deps'}
{'statusCode': 0, 'package': '@0xsequence/guard_0.0.0-20220703182449', 'message': 'no deps or dev-deps'}
{'statusCode': 0, 'package': '@0xsequence/guard_0.0.0-20220704043930', 'message': 'no deps or dev-deps'}
{'statusCode': 0, 'package': '@0xsequence/guard_0.0.0-20220706193010', 'message': 'no deps or dev-deps'}
{'statusCode': 0, 'package': '@0xsequence/guard_0.0.0-20220710174545', 'message': 'no deps or dev-deps'}
{'statusCode': 0, 'package': '@0xsequence/guard_0.0.0-coolcats-0.36.12-20220711222640', 'message': 'no deps or dev-deps'}
{'statusCode': 0, 'package': '@0xsequence/guard_0.40.0', 'message': 'no deps or dev-deps'}
{'statusCode': 0, 'package': '@0xsequence/guard_0.40.1', 'message': 'no deps or dev-deps'}
{'statusCode': 0, 'package': '@0xsequence/guard_0.0.0-20220713211319', 'message': 'no deps or dev-deps'}
{'statusCode': 0, 'package': '@0xsequence/guard_0.0.0-20220714164224', 'message': 'no deps or dev-deps'}
{'statusCode': 0, 'package': '@0xsequence/guard_0.40.2', 'message': 'no deps or dev-deps'}
{'statusCode': 0, 'package': '@0xsequence/guard_0.0.0-20220719173737', 'message': 'no deps or dev-deps'}
{'statusCode': 0, 'package': '@0xsequence/guard_0.0.0-20220722145329', 'message': 'no deps or dev-deps'}
{'statusCode': 0, 'package': '@0xsequence/guard_0.0.0-20220725200200', 'message': 'no deps or dev-deps'}
{'statusCode': 0, 'package': '@0xsequence/guard_0.40.3', 'message': 'no deps or dev-deps'}
{'statusCode': 0, 'package': '@0xsequence/guard_0.0.0-20220728141414', 'message': 'no deps or dev-deps'}
{'statusCode': 0, 'package': '@0xsequence/guard_0.40.4', 'message': 'no deps or dev-deps'}
{'statusCode': 0, 'package': '@0xsequence/guard_0.0.0-20220728215555', 'message': 'no deps or dev-deps'}
{'statusCode': 0, 'package': '@0xsequence/guard_0.40.5', 'message': 'no deps or dev-deps'}
{'statusCode': 0, 'package': '@0xsequence/guard_0.0.0-20220804202525', 'message': 'no deps or dev-deps'}
{'statusCode': 0, 'package': '@0xsequence/guard_0.40.6', 'message': 'no deps or dev-deps'}
{'statusCode': 0, 'package': '@0xsequence/guard_0.0.0-20220825181818', 'message': 'no deps or dev-deps'}
{'statusCode': 0, 'package': '@0xsequence/guard_0.0.0-20220825190100', 'message': 'no deps or dev-deps'}
{'statusCode': 0, 'package': '@0xsequence/guard_0.41.0', 'message': 'no deps or dev-deps'}
{'statusCode': 0, 'package': '@0xsequence/guard_0.41.1', 'message': 'no deps or dev-deps'}
{'statusCode': 0, 'package': '@0xsequence/guard_0.41.2', 'message': 'no deps or dev-deps'}
{'statusCode': 0, 'package': '@0xsequence/guard_0.41.3', 'message': 'no deps or dev-deps'}
{'statusCode': 0, 'package': '@0xsequence/guard_0.42.0', 'message': 'no deps or dev-deps'}
{'statusCode': 0, 'package': '@0xsequence/guard_0.42.1', 'message': 'no deps or dev-deps'}
{'statusCode': 0, 'package': '@0xsequence/guard_0.42.2', 'message': 'no deps or dev-deps'}
{'statusCode': 0, 'package': '@0xsequence/guard_0.42.3', 'message': 'no deps or dev-deps'}
{'statusCode': 0, 'package': '@0xsequence/guard_0.42.4', 'message': 'no deps or dev-deps'}
{'statusCode': 0, 'package': '@0xsequence/guard_0.42.5', 'message': 'no deps or dev-deps'}
{'statusCode': 0, 'package': '@0xsequence/guard_0.42.6', 'message': 'no deps or dev-deps'}
{'statusCode': 0, 'package': '@0xsequence/guard_0.42.7', 'message': 'no deps or dev-deps'}
{'statusCode': 0, 'package': '@0xsequence/guard_0.42.8', 'message': 'no deps or dev-deps'}
{'statusCode': 0, 'package': '@0xsequence/guard_0.42.9', 'message': 'no deps or dev-deps'}
{'statusCode': 0, 'package': '@0xsequence/guard_0.42.10', 'message': 'no deps or dev-deps'}
{'statusCode': 0, 'package': '@0xsequence/guard_0.43.0', 'message': 'no deps or dev-deps'}
{'statusCode': 0, 'package': '@0xsequence/guard_0.43.1', 'message': 'no deps or dev-deps'}
{'statusCode': 0, 'package': '@0xsequence/guard_0.43.2', 'message': 'no deps or dev-deps'}
{'statusCode': 0, 'package': '@0xsequence/guard_0.43.3', 'message': 'no deps or dev-deps'}
{'statusCode': 0, 'package': '@0xsequence/guard_0.0.0-20221124173317', 'message': 'no deps or dev-deps'}
{'statusCode': 0, 'package': '@0xsequence/guard_0.43.4', 'message': 'no deps or dev-deps'}
{'statusCode': 0, 'package': '@0xsequence/guard_0.43.5', 'message': 'no deps or dev-deps'}
{'statusCode': 0, 'package': '@0xsequence/guard_0.43.6', 'message': 'no deps or dev-deps'}
{'statusCode': 0, 'package': '@0xsequence/guard_0.43.7', 'message': 'no deps or dev-deps'}
{'statusCode': 0, 'package': '@0xsequence/guard_0.7.0', 'message': 'no deps or dev-deps'}
{'statusCode': 0, 'package': '@0xsequence/guard_0.8.0', 'message': 'no deps or dev-deps'}
{'statusCode': 0, 'package': '@0xsequence/guard_0.8.1', 'message': 'no deps or dev-deps'}
{'statusCode': 0, 'package': '@0xsequence/guard_0.8.2', 'message': 'no deps or dev-deps'}
{'statusCode': 0, 'package': '@0xsequence/guard_0.8.3', 'message': 'no deps or dev-deps'}
{'statusCode': 0, 'package': '@0xsequence/guard_0.8.4', 'message': 'no deps or dev-deps'}
{'statusCode': 0, 'package': '@0xsequence/guard_0.8.5', 'message': 'no deps or dev-deps'}
{'statusCode': 0, 'package': '@0xsequence/guard_0.9.1', 'message': 'no deps or dev-deps'}
{'statusCode': 0, 'package': '@0xsequence/guard_0.9.3', 'message': 'no deps or dev-deps'}
{'statusCode': 0, 'package': '@0xsequence/guard_0.9.6', 'message': 'no deps or dev-deps'}
{'statusCode': 0, 'package': '@0xsequence/guard_0.10.0', 'message': 'no deps or dev-deps'}
{'statusCode': 0, 'package': '@0xsequence/guard_0.10.1', 'message': 'no deps or dev-deps'}
{'statusCode': 0, 'package': '@0xsequence/guard_0.10.2', 'message': 'no deps or dev-deps'}
{'statusCode': 0, 'package': '@0xsequence/guard_0.10.3', 'message': 'no deps or dev-deps'}
{'statusCode': 0, 'package': '@0xsequence/guard_0.10.4', 'message': 'no deps or dev-deps'}
{'statusCode': 0, 'package': '@0xsequence/guard_0.10.5', 'message': 'no deps or dev-deps'}
{'statusCode': 0, 'package': '@0xsequence/guard_0.10.6', 'message': 'no deps or dev-deps'}
{'statusCode': 0, 'package': '@0xsequence/guard_0.10.7', 'message': 'no deps or dev-deps'}
{'statusCode': 0, 'package': '@0xsequence/guard_0.10.8', 'message': 'no deps or dev-deps'}
{'statusCode': 0, 'package': '@0xsequence/guard_0.10.9', 'message': 'no deps or dev-deps'}
{'statusCode': 0, 'package': '@0xsequence/guard_0.11.0', 'message': 'no deps or dev-deps'}
{'statusCode': 0, 'package': '@0xsequence/guard_0.11.1', 'message': 'no deps or dev-deps'}
{'statusCode': 0, 'package': '@0xsequence/guard_0.11.2', 'message': 'no deps or dev-deps'}
{'statusCode': 0, 'package': '@0xsequence/guard_0.11.3', 'message': 'no deps or dev-deps'}
{'statusCode': 0, 'package': '@0xsequence/guard_0.11.4', 'message': 'no deps or dev-deps'}
{'statusCode': 0, 'package': '@0xsequence/guard_0.12.0', 'message': 'no deps or dev-deps'}
{'statusCode': 0, 'package': '@0xsequence/guard_0.12.1', 'message': 'no deps or dev-deps'}
{'statusCode': 0, 'package': '@0xsequence/guard_0.13.0', 'message': 'no deps or dev-deps'}
{'statusCode': 0, 'package': '@0xsequence/guard_0.14.0', 'message': 'no deps or dev-deps'}
{'statusCode': 0, 'package': '@0xsequence/guard_0.14.3', 'message': 'no deps or dev-deps'}
{'statusCode': 0, 'package': '@0xsequence/guard_0.15.1', 'message': 'no deps or dev-deps'}
{'statusCode': 0, 'package': '@0xsequence/guard_0.16.0', 'message': 'no deps or dev-deps'}
{'statusCode': 0, 'package': '@0xsequence/guard_0.18.0', 'message': 'no deps or dev-deps'}
{'statusCode': 0, 'package': '@0xsequence/guard_0.19.0', 'message': 'no deps or dev-deps'}
{'statusCode': 0, 'package': '@0xsequence/guard_0.19.3', 'message': 'no deps or dev-deps'}
{'statusCode': 0, 'package': '@0xsequence/guard_0.21.0', 'message': 'no deps or dev-deps'}
{'statusCode': 0, 'package': '@0xsequence/guard_0.21.2', 'message': 'no deps or dev-deps'}
{'statusCode': 0, 'package': '@0xsequence/guard_0.21.3', 'message': 'no deps or dev-deps'}
{'statusCode': 0, 'package': '@0xsequence/guard_0.21.4', 'message': 'no deps or dev-deps'}
{'statusCode': 0, 'package': '@0xsequence/guard_0.21.5', 'message': 'no deps or dev-deps'}
{'statusCode': 0, 'package': '@0xsequence/guard_0.22.0', 'message': 'no deps or dev-deps'}
{'statusCode': 0, 'package': '@0xsequence/guard_0.22.1', 'message': 'no deps or dev-deps'}
{'statusCode': 0, 'package': '@0xsequence/guard_0.22.2', 'message': 'no deps or dev-deps'}
{'statusCode': 0, 'package': '@0xsequence/guard_0.23.0', 'message': 'no deps or dev-deps'}
{'statusCode': 0, 'package': '@0xsequence/guard_0.25.0', 'message': 'no deps or dev-deps'}
{'statusCode': 0, 'package': '@0xsequence/guard_0.25.1', 'message': 'no deps or dev-deps'}
{'statusCode': 0, 'package': '@0xsequence/guard_0.27.0', 'message': 'no deps or dev-deps'}
{'statusCode': 0, 'package': '@0xsequence/guard_0.28.0', 'message': 'no deps or dev-deps'}
{'statusCode': 0, 'package': '@0xsequence/guard_0.0.0-2021827201516', 'message': 'no deps or dev-deps'}
{'statusCode': 0, 'package': '@0xsequence/guard_0.29.8', 'message': 'no deps or dev-deps'}
{'statusCode': 0, 'package': '@0xsequence/guard_0.30.0', 'message': 'no deps or dev-deps'}
{'statusCode': 0, 'package': '@0xsequence/guard_0.31.0', 'message': 'no deps or dev-deps'}
{'statusCode': 0, 'package': '@0xsequence/guard_0.34.0', 'message': 'no deps or dev-deps'}
{'statusCode': 0, 'package': '@0xsequence/guard_0.35.0', 'message': 'no deps or dev-deps'}
{'statusCode': 0, 'package': '@0xsequence/guard_0.35.1', 'message': 'no deps or dev-deps'}
{'statusCode': 0, 'package': '@0xsequence/guard_0.35.2', 'message': 'no deps or dev-deps'}
{'statusCode': 0, 'package': '@0xsequence/guard_0.35.3', 'message': 'no deps or dev-deps'}
{'statusCode': 0, 'package': '@0xsequence/guard_0.35.4', 'message': 'no deps or dev-deps'}
{'statusCode': 0, 'package': '@0xsequence/guard_0.35.5', 'message': 'no deps or dev-deps'}
{'statusCode': 0, 'package': '@0xsequence/guard_0.35.6', 'message': 'no deps or dev-deps'}
{'statusCode': 0, 'package': '@0xsequence/guard_0.35.7', 'message': 'no deps or dev-deps'}
{'statusCode': 0, 'package': '@0xsequence/guard_0.35.8', 'message': 'no deps or dev-deps'}
{'statusCode': 0, 'package': '@0xsequence/guard_0.35.9', 'message': 'no deps or dev-deps'}
{'statusCode': 0, 'package': '@0xsequence/guard_0.35.10', 'message': 'no deps or dev-deps'}
{'statusCode': 0, 'package': '@0xsequence/guard_0.35.11', 'message': 'no deps or dev-deps'}
{'statusCode': 0, 'package': '@0xsequence/guard_0.35.12', 'message': 'no deps or dev-deps'}
{'statusCode': 0, 'package': '@0xsequence/guard_0.36.0', 'message': 'no deps or dev-deps'}
{'statusCode': 0, 'package': '@0xsequence/guard_0.36.1', 'message': 'no deps or dev-deps'}
{'statusCode': 0, 'package': '@0xsequence/guard_0.36.2', 'message': 'no deps or dev-deps'}
{'statusCode': 0, 'package': '@0xsequence/guard_0.36.3', 'message': 'no deps or dev-deps'}
{'statusCode': 0, 'package': '@0xsequence/guard_0.36.4', 'message': 'no deps or dev-deps'}
{'statusCode': 0, 'package': '@0xsequence/guard_0.36.5', 'message': 'no deps or dev-deps'}
{'statusCode': 0, 'package': '@0xsequence/guard_0.36.6', 'message': 'no deps or dev-deps'}
{'statusCode': 0, 'package': '@0xsequence/guard_0.36.7', 'message': 'no deps or dev-deps'}
{'statusCode': 0, 'package': '@0xsequence/guard_0.36.8', 'message': 'no deps or dev-deps'}
{'statusCode': 0, 'package': '@0xsequence/guard_0.36.9', 'message': 'no deps or dev-deps'}
{'statusCode': 0, 'package': '@0xsequence/guard_0.36.10', 'message': 'no deps or dev-deps'}
{'statusCode': 0, 'package': '@0xsequence/guard_0.0.0-20220418165517', 'message': 'no deps or dev-deps'}
{'statusCode': 0, 'package': '@0xsequence/guard_0.36.11', 'message': 'no deps or dev-deps'}
{'statusCode': 0, 'package': '@0xsequence/guard_0.0.0-20220425195445', 'message': 'no deps or dev-deps'}
{'statusCode': 0, 'package': '@0xsequence/guard_0.36.12', 'message': 'no deps or dev-deps'}
{'statusCode': 0, 'package': '@0xsequence/guard_0.0.0-20220427054350', 'message': 'no deps or dev-deps'}
{'statusCode': 0, 'package': '@0xsequence/guard_0.0.0-20220427055332', 'message': 'no deps or dev-deps'}
{'statusCode': 0, 'package': '@0xsequence/guard_0.0.0-20220427161307', 'message': 'no deps or dev-deps'}
{'statusCode': 0, 'package': '@0xsequence/guard_0.0.0-20220427162812', 'message': 'no deps or dev-deps'}
{'statusCode': 0, 'package': '@0xsequence/guard_0.36.13', 'message': 'no deps or dev-deps'}
{'statusCode': 0, 'package': '@0xsequence/guard_0.37.0', 'message': 'no deps or dev-deps'}
{'statusCode': 0, 'package': '@0xsequence/guard_0.37.1', 'message': 'no deps or dev-deps'}
{'statusCode': 0, 'package': '@0xsequence/guard_0.0.0-20220506174803', 'message': 'no deps or dev-deps'}
{'statusCode': 0, 'package': '@0xsequence/guard_0.0.0-20220506195001', 'message': 'no deps or dev-deps'}
{'statusCode': 0, 'package': '@0xsequence/guard_0.0.0-20220513134147', 'message': 'no deps or dev-deps'}
{'statusCode': 0, 'package': '@0xsequence/guard_0.38.0', 'message': 'no deps or dev-deps'}
{'statusCode': 0, 'package': '@0xsequence/guard_0.38.1', 'message': 'no deps or dev-deps'}
{'statusCode': 0, 'package': '@0xsequence/guard_0.38.2', 'message': 'no deps or dev-deps'}
{'statusCode': 0, 'package': '@0xsequence/guard_0.39.0', 'message': 'no deps or dev-deps'}
{'statusCode': 0, 'package': '@0xsequence/guard_0.0.0-20220519151110', 'message': 'no deps or dev-deps'}
{'statusCode': 0, 'package': '@0xsequence/guard_0.0.0-20220519202656', 'message': 'no deps or dev-deps'}
{'statusCode': 0, 'package': '@0xsequence/guard_0.0.0-20220601185217', 'message': 'no deps or dev-deps'}
{'statusCode': 0, 'package': '@0xsequence/guard_0.39.1', 'message': 'no deps or dev-deps'}
{'statusCode': 0, 'package': '@0xsequence/guard_0.39.2', 'message': 'no deps or dev-deps'}
{'statusCode': 0, 'package': '@0xsequence/guard_0.0.0-20220609204505', 'message': 'no deps or dev-deps'}
{'statusCode': 0, 'package': '@0xsequence/guard_0.0.0-20220610134843', 'message': 'no deps or dev-deps'}
{'statusCode': 0, 'package': '@0xsequence/guard_0.39.3', 'message': 'no deps or dev-deps'}
{'statusCode': 0, 'package': '@0xsequence/guard_0.0.0-20220614152529', 'message': 'no deps or dev-deps'}
{'statusCode': 0, 'package': '@0xsequence/guard_0.0.0-20220616121217', 'message': 'no deps or dev-deps'}
{'statusCode': 0, 'package': '@0xsequence/guard_0.39.4', 'message': 'no deps or dev-deps'}
{'statusCode': 0, 'package': '@0xsequence/guard_0.39.5', 'message': 'no deps or dev-deps'}
{'statusCode': 0, 'package': '@0xsequence/guard_0.39.6', 'message': 'no deps or dev-deps'}
{'statusCode': 0, 'package': '@0xsequence/guard_0.0.0-26b08ee9-20220629135033', 'message': 'no deps or dev-deps'}
{'statusCode': 0, 'package': '@0xsequence/guard_0.0.0-cdbb3137-20220630190630', 'message': 'no deps or dev-deps'}
{'statusCode': 0, 'package': '@0xsequence/guard_0.0.0-cdbb3137-20220630191603', 'message': 'no deps or dev-deps'}
{'statusCode': 0, 'package': '@0xsequence/guard_0.0.0-cdbb3137-20220630192830', 'message': 'no deps or dev-deps'}
{'statusCode': 0, 'package': '@0xsequence/guard_0.0.0-20220630194654', 'message': 'no deps or dev-deps'}
{'statusCode': 0, 'package': '@0xsequence/guard_0.0.0-20220630211555', 'message': 'no deps or dev-deps'}
{'statusCode': 0, 'package': '@0xsequence/guard_0.0.0-20220630215108', 'message': 'no deps or dev-deps'}
{'statusCode': 0, 'package': '@0xsequence/guard_0.0.0-20220703182449', 'message': 'no deps or dev-deps'}
{'statusCode': 0, 'package': '@0xsequence/guard_0.0.0-20220704043930', 'message': 'no deps or dev-deps'}
{'statusCode': 0, 'package': '@0xsequence/guard_0.0.0-20220706193010', 'message': 'no deps or dev-deps'}
{'statusCode': 0, 'package': '@0xsequence/guard_0.0.0-20220710174545', 'message': 'no deps or dev-deps'}
{'statusCode': 0, 'package': '@0xsequence/guard_0.0.0-coolcats-0.36.12-20220711222640', 'message': 'no deps or dev-deps'}
{'statusCode': 0, 'package': '@0xsequence/guard_0.40.0', 'message': 'no deps or dev-deps'}
{'statusCode': 0, 'package': '@0xsequence/guard_0.40.1', 'message': 'no deps or dev-deps'}
{'statusCode': 0, 'package': '@0xsequence/guard_0.0.0-20220713211319', 'message': 'no deps or dev-deps'}
{'statusCode': 0, 'package': '@0xsequence/guard_0.0.0-20220714164224', 'message': 'no deps or dev-deps'}
{'statusCode': 0, 'package': '@0xsequence/guard_0.40.2', 'message': 'no deps or dev-deps'}
{'statusCode': 0, 'package': '@0xsequence/guard_0.0.0-20220719173737', 'message': 'no deps or dev-deps'}
{'statusCode': 0, 'package': '@0xsequence/guard_0.0.0-20220722145329', 'message': 'no deps or dev-deps'}
{'statusCode': 0, 'package': '@0xsequence/guard_0.0.0-20220725200200', 'message': 'no deps or dev-deps'}
{'statusCode': 0, 'package': '@0xsequence/guard_0.40.3', 'message': 'no deps or dev-deps'}
{'statusCode': 0, 'package': '@0xsequence/guard_0.0.0-20220728141414', 'message': 'no deps or dev-deps'}
{'statusCode': 0, 'package': '@0xsequence/guard_0.40.4', 'message': 'no deps or dev-deps'}
{'statusCode': 0, 'package': '@0xsequence/guard_0.0.0-20220728215555', 'message': 'no deps or dev-deps'}
{'statusCode': 0, 'package': '@0xsequence/guard_0.40.5', 'message': 'no deps or dev-deps'}
{'statusCode': 0, 'package': '@0xsequence/guard_0.0.0-20220804202525', 'message': 'no deps or dev-deps'}
{'statusCode': 0, 'package': '@0xsequence/guard_0.40.6', 'message': 'no deps or dev-deps'}
{'statusCode': 0, 'package': '@0xsequence/guard_0.0.0-20220825181818', 'message': 'no deps or dev-deps'}
{'statusCode': 0, 'package': '@0xsequence/guard_0.0.0-20220825190100', 'message': 'no deps or dev-deps'}
{'statusCode': 0, 'package': '@0xsequence/guard_0.41.0', 'message': 'no deps or dev-deps'}
{'statusCode': 0, 'package': '@0xsequence/guard_0.41.1', 'message': 'no deps or dev-deps'}
{'statusCode': 0, 'package': '@0xsequence/guard_0.41.2', 'message': 'no deps or dev-deps'}
{'statusCode': 0, 'package': '@0xsequence/guard_0.41.3', 'message': 'no deps or dev-deps'}
{'statusCode': 0, 'package': '@0xsequence/guard_0.42.0', 'message': 'no deps or dev-deps'}
{'statusCode': 0, 'package': '@0xsequence/guard_0.42.1', 'message': 'no deps or dev-deps'}
{'statusCode': 0, 'package': '@0xsequence/guard_0.42.2', 'message': 'no deps or dev-deps'}
{'statusCode': 0, 'package': '@0xsequence/guard_0.42.3', 'message': 'no deps or dev-deps'}
{'statusCode': 0, 'package': '@0xsequence/guard_0.42.4', 'message': 'no deps or dev-deps'}
{'statusCode': 0, 'package': '@0xsequence/guard_0.42.5', 'message': 'no deps or dev-deps'}
{'statusCode': 0, 'package': '@0xsequence/guard_0.42.6', 'message': 'no deps or dev-deps'}
{'statusCode': 0, 'package': '@0xsequence/guard_0.42.7', 'message': 'no deps or dev-deps'}
{'statusCode': 0, 'package': '@0xsequence/guard_0.42.8', 'message': 'no deps or dev-deps'}
{'statusCode': 0, 'package': '@0xsequence/guard_0.42.9', 'message': 'no deps or dev-deps'}
{'statusCode': 0, 'package': '@0xsequence/guard_0.42.10', 'message': 'no deps or dev-deps'}
{'statusCode': 0, 'package': '@0xsequence/guard_0.43.0', 'message': 'no deps or dev-deps'}
{'statusCode': 0, 'package': '@0xsequence/guard_0.43.1', 'message': 'no deps or dev-deps'}
{'statusCode': 0, 'package': '@0xsequence/guard_0.43.2', 'message': 'no deps or dev-deps'}
{'statusCode': 0, 'package': '@0xsequence/guard_0.43.3', 'message': 'no deps or dev-deps'}
{'statusCode': 0, 'package': '@0xsequence/guard_0.0.0-20221124173317', 'message': 'no deps or dev-deps'}
{'statusCode': 0, 'package': '@0xsequence/guard_0.43.4', 'message': 'no deps or dev-deps'}
{'statusCode': 0, 'package': '@0xsequence/guard_0.43.5', 'message': 'no deps or dev-deps'}
{'statusCode': 0, 'package': '@0xsequence/guard_0.43.6', 'message': 'no deps or dev-deps'}
{'statusCode': 0, 'package': '@0xsequence/guard_0.43.7', 'message': 'no deps or dev-deps'}
{'statusCode': 0, 'package': '@0xsequence/guard_0.7.0', 'message': 'no deps or dev-deps'}
{'statusCode': 0, 'package': '@0xsequence/guard_0.8.0', 'message': 'no deps or dev-deps'}
{'statusCode': 0, 'package': '@0xsequence/guard_0.8.1', 'message': 'no deps or dev-deps'}
{'statusCode': 0, 'package': '@0xsequence/guard_0.8.2', 'message': 'no deps or dev-deps'}
{'statusCode': 0, 'package': '@0xsequence/guard_0.8.3', 'message': 'no deps or dev-deps'}
{'statusCode': 0, 'package': '@0xsequence/guard_0.8.4', 'message': 'no deps or dev-deps'}
{'statusCode': 0, 'package': '@0xsequence/guard_0.8.5', 'message': 'no deps or dev-deps'}
{'statusCode': 0, 'package': '@0xsequence/guard_0.9.1', 'message': 'no deps or dev-deps'}
{'statusCode': 0, 'package': '@0xsequence/guard_0.9.3', 'message': 'no deps or dev-deps'}
{'statusCode': 0, 'package': '@0xsequence/guard_0.9.6', 'message': 'no deps or dev-deps'}
{'statusCode': 0, 'package': '@0xsequence/guard_0.10.0', 'message': 'no deps or dev-deps'}
{'statusCode': 0, 'package': '@0xsequence/guard_0.10.1', 'message': 'no deps or dev-deps'}
{'statusCode': 0, 'package': '@0xsequence/guard_0.10.2', 'message': 'no deps or dev-deps'}
{'statusCode': 0, 'package': '@0xsequence/guard_0.10.3', 'message': 'no deps or dev-deps'}
{'statusCode': 0, 'package': '@0xsequence/guard_0.10.4', 'message': 'no deps or dev-deps'}
{'statusCode': 0, 'package': '@0xsequence/guard_0.10.5', 'message': 'no deps or dev-deps'}
{'statusCode': 0, 'package': '@0xsequence/guard_0.10.6', 'message': 'no deps or dev-deps'}
{'statusCode': 0, 'package': '@0xsequence/guard_0.10.7', 'message': 'no deps or dev-deps'}
{'statusCode': 0, 'package': '@0xsequence/guard_0.10.8', 'message': 'no deps or dev-deps'}
{'statusCode': 0, 'package': '@0xsequence/guard_0.10.9', 'message': 'no deps or dev-deps'}
{'statusCode': 0, 'package': '@0xsequence/guard_0.11.0', 'message': 'no deps or dev-deps'}
{'statusCode': 0, 'package': '@0xsequence/guard_0.11.1', 'message': 'no deps or dev-deps'}
{'statusCode': 0, 'package': '@0xsequence/guard_0.11.2', 'message': 'no deps or dev-deps'}
{'statusCode': 0, 'package': '@0xsequence/guard_0.11.3', 'message': 'no deps or dev-deps'}
{'statusCode': 0, 'package': '@0xsequence/guard_0.11.4', 'message': 'no deps or dev-deps'}
{'statusCode': 0, 'package': '@0xsequence/guard_0.12.0', 'message': 'no deps or dev-deps'}
{'statusCode': 0, 'package': '@0xsequence/guard_0.12.1', 'message': 'no deps or dev-deps'}
{'statusCode': 0, 'package': '@0xsequence/guard_0.13.0', 'message': 'no deps or dev-deps'}
{'statusCode': 0, 'package': '@0xsequence/guard_0.14.0', 'message': 'no deps or dev-deps'}
{'statusCode': 0, 'package': '@0xsequence/guard_0.14.3', 'message': 'no deps or dev-deps'}
{'statusCode': 0, 'package': '@0xsequence/guard_0.15.1', 'message': 'no deps or dev-deps'}
{'statusCode': 0, 'package': '@0xsequence/guard_0.16.0', 'message': 'no deps or dev-deps'}
{'statusCode': 0, 'package': '@0xsequence/guard_0.18.0', 'message': 'no deps or dev-deps'}
{'statusCode': 0, 'package': '@0xsequence/guard_0.19.0', 'message': 'no deps or dev-deps'}
{'statusCode': 0, 'package': '@0xsequence/guard_0.19.3', 'message': 'no deps or dev-deps'}
{'statusCode': 0, 'package': '@0xsequence/guard_0.21.0', 'message': 'no deps or dev-deps'}
{'statusCode': 0, 'package': '@0xsequence/guard_0.21.2', 'message': 'no deps or dev-deps'}
{'statusCode': 0, 'package': '@0xsequence/guard_0.21.3', 'message': 'no deps or dev-deps'}
{'statusCode': 0, 'package': '@0xsequence/guard_0.21.4', 'message': 'no deps or dev-deps'}
{'statusCode': 0, 'package': '@0xsequence/guard_0.21.5', 'message': 'no deps or dev-deps'}
{'statusCode': 0, 'package': '@0xsequence/guard_0.22.0', 'message': 'no deps or dev-deps'}
{'statusCode': 0, 'package': '@0xsequence/guard_0.22.1', 'message': 'no deps or dev-deps'}
{'statusCode': 0, 'package': '@0xsequence/guard_0.22.2', 'message': 'no deps or dev-deps'}
{'statusCode': 0, 'package': '@0xsequence/guard_0.23.0', 'message': 'no deps or dev-deps'}
{'statusCode': 0, 'package': '@0xsequence/guard_0.25.0', 'message': 'no deps or dev-deps'}
{'statusCode': 0, 'package': '@0xsequence/guard_0.25.1', 'message': 'no deps or dev-deps'}
{'statusCode': 0, 'package': '@0xsequence/guard_0.27.0', 'message': 'no deps or dev-deps'}
{'statusCode': 0, 'package': '@0xsequence/guard_0.28.0', 'message': 'no deps or dev-deps'}
{'statusCode': 0, 'package': '@0xsequence/guard_0.0.0-2021827201516', 'message': 'no deps or dev-deps'}
{'statusCode': 0, 'package': '@0xsequence/guard_0.29.8', 'message': 'no deps or dev-deps'}
{'statusCode': 0, 'package': '@0xsequence/guard_0.30.0', 'message': 'no deps or dev-deps'}
{'statusCode': 0, 'package': '@0xsequence/guard_0.31.0', 'message': 'no deps or dev-deps'}
{'statusCode': 0, 'package': '@0xsequence/guard_0.34.0', 'message': 'no deps or dev-deps'}
{'statusCode': 0, 'package': '@0xsequence/guard_0.35.0', 'message': 'no deps or dev-deps'}
{'statusCode': 0, 'package': '@0xsequence/guard_0.35.1', 'message': 'no deps or dev-deps'}
{'statusCode': 0, 'package': '@0xsequence/guard_0.35.2', 'message': 'no deps or dev-deps'}
{'statusCode': 0, 'package': '@0xsequence/guard_0.35.3', 'message': 'no deps or dev-deps'}
{'statusCode': 0, 'package': '@0xsequence/guard_0.35.4', 'message': 'no deps or dev-deps'}
{'statusCode': 0, 'package': '@0xsequence/guard_0.35.5', 'message': 'no deps or dev-deps'}
{'statusCode': 0, 'package': '@0xsequence/guard_0.35.6', 'message': 'no deps or dev-deps'}
{'statusCode': 0, 'package': '@0xsequence/guard_0.35.7', 'message': 'no deps or dev-deps'}
{'statusCode': 0, 'package': '@0xsequence/guard_0.35.8', 'message': 'no deps or dev-deps'}
{'statusCode': 0, 'package': '@0xsequence/guard_0.35.9', 'message': 'no deps or dev-deps'}
{'statusCode': 0, 'package': '@0xsequence/guard_0.35.10', 'message': 'no deps or dev-deps'}
{'statusCode': 0, 'package': '@0xsequence/guard_0.35.11', 'message': 'no deps or dev-deps'}
{'statusCode': 0, 'package': '@0xsequence/guard_0.35.12', 'message': 'no deps or dev-deps'}
{'statusCode': 0, 'package': '@0xsequence/guard_0.36.0', 'message': 'no deps or dev-deps'}
{'statusCode': 0, 'package': '@0xsequence/guard_0.36.1', 'message': 'no deps or dev-deps'}
{'statusCode': 0, 'package': '@0xsequence/guard_0.36.2', 'message': 'no deps or dev-deps'}
{'statusCode': 0, 'package': '@0xsequence/guard_0.36.3', 'message': 'no deps or dev-deps'}
{'statusCode': 0, 'package': '@0xsequence/guard_0.36.4', 'message': 'no deps or dev-deps'}
{'statusCode': 0, 'package': '@0xsequence/guard_0.36.5', 'message': 'no deps or dev-deps'}
{'statusCode': 0, 'package': '@0xsequence/guard_0.36.6', 'message': 'no deps or dev-deps'}
{'statusCode': 0, 'package': '@0xsequence/guard_0.36.7', 'message': 'no deps or dev-deps'}
{'statusCode': 0, 'package': '@0xsequence/guard_0.36.8', 'message': 'no deps or dev-deps'}
{'statusCode': 0, 'package': '@0xsequence/guard_0.36.9', 'message': 'no deps or dev-deps'}
{'statusCode': 0, 'package': '@0xsequence/guard_0.36.10', 'message': 'no deps or dev-deps'}
{'statusCode': 0, 'package': '@0xsequence/guard_0.0.0-20220418165517', 'message': 'no deps or dev-deps'}
{'statusCode': 0, 'package': '@0xsequence/guard_0.36.11', 'message': 'no deps or dev-deps'}
{'statusCode': 0, 'package': '@0xsequence/guard_0.0.0-20220425195445', 'message': 'no deps or dev-deps'}
{'statusCode': 0, 'package': '@0xsequence/guard_0.36.12', 'message': 'no deps or dev-deps'}
{'statusCode': 0, 'package': '@0xsequence/guard_0.0.0-20220427054350', 'message': 'no deps or dev-deps'}
{'statusCode': 0, 'package': '@0xsequence/guard_0.0.0-20220427055332', 'message': 'no deps or dev-deps'}
{'statusCode': 0, 'package': '@0xsequence/guard_0.0.0-20220427161307', 'message': 'no deps or dev-deps'}
{'statusCode': 0, 'package': '@0xsequence/guard_0.0.0-20220427162812', 'message': 'no deps or dev-deps'}
{'statusCode': 0, 'package': '@0xsequence/guard_0.36.13', 'message': 'no deps or dev-deps'}
{'statusCode': 0, 'package': '@0xsequence/guard_0.37.0', 'message': 'no deps or dev-deps'}
{'statusCode': 0, 'package': '@0xsequence/guard_0.37.1', 'message': 'no deps or dev-deps'}
{'statusCode': 0, 'package': '@0xsequence/guard_0.0.0-20220506174803', 'message': 'no deps or dev-deps'}
{'statusCode': 0, 'package': '@0xsequence/guard_0.0.0-20220506195001', 'message': 'no deps or dev-deps'}
{'statusCode': 0, 'package': '@0xsequence/guard_0.0.0-20220513134147', 'message': 'no deps or dev-deps'}
{'statusCode': 0, 'package': '@0xsequence/guard_0.38.0', 'message': 'no deps or dev-deps'}
{'statusCode': 0, 'package': '@0xsequence/guard_0.38.1', 'message': 'no deps or dev-deps'}
{'statusCode': 0, 'package': '@0xsequence/guard_0.38.2', 'message': 'no deps or dev-deps'}
{'statusCode': 0, 'package': '@0xsequence/guard_0.39.0', 'message': 'no deps or dev-deps'}
{'statusCode': 0, 'package': '@0xsequence/guard_0.0.0-20220519151110', 'message': 'no deps or dev-deps'}
{'statusCode': 0, 'package': '@0xsequence/guard_0.0.0-20220519202656', 'message': 'no deps or dev-deps'}
{'statusCode': 0, 'package': '@0xsequence/guard_0.0.0-20220601185217', 'message': 'no deps or dev-deps'}
{'statusCode': 0, 'package': '@0xsequence/guard_0.39.1', 'message': 'no deps or dev-deps'}
{'statusCode': 0, 'package': '@0xsequence/guard_0.39.2', 'message': 'no deps or dev-deps'}
{'statusCode': 0, 'package': '@0xsequence/guard_0.0.0-20220609204505', 'message': 'no deps or dev-deps'}
{'statusCode': 0, 'package': '@0xsequence/guard_0.0.0-20220610134843', 'message': 'no deps or dev-deps'}
{'statusCode': 0, 'package': '@0xsequence/guard_0.39.3', 'message': 'no deps or dev-deps'}
{'statusCode': 0, 'package': '@0xsequence/guard_0.0.0-20220614152529', 'message': 'no deps or dev-deps'}
{'statusCode': 0, 'package': '@0xsequence/guard_0.0.0-20220616121217', 'message': 'no deps or dev-deps'}
{'statusCode': 0, 'package': '@0xsequence/guard_0.39.4', 'message': 'no deps or dev-deps'}
{'statusCode': 0, 'package': '@0xsequence/guard_0.39.5', 'message': 'no deps or dev-deps'}
{'statusCode': 0, 'package': '@0xsequence/guard_0.39.6', 'message': 'no deps or dev-deps'}
{'statusCode': 0, 'package': '@0xsequence/guard_0.0.0-26b08ee9-20220629135033', 'message': 'no deps or dev-deps'}
{'statusCode': 0, 'package': '@0xsequence/guard_0.0.0-cdbb3137-20220630190630', 'message': 'no deps or dev-deps'}
{'statusCode': 0, 'package': '@0xsequence/guard_0.0.0-cdbb3137-20220630191603', 'message': 'no deps or dev-deps'}
{'statusCode': 0, 'package': '@0xsequence/guard_0.0.0-cdbb3137-20220630192830', 'message': 'no deps or dev-deps'}
{'statusCode': 0, 'package': '@0xsequence/guard_0.0.0-20220630194654', 'message': 'no deps or dev-deps'}
{'statusCode': 0, 'package': '@0xsequence/guard_0.0.0-20220630211555', 'message': 'no deps or dev-deps'}
{'statusCode': 0, 'package': '@0xsequence/guard_0.0.0-20220630215108', 'message': 'no deps or dev-deps'}
{'statusCode': 0, 'package': '@0xsequence/guard_0.0.0-20220703182449', 'message': 'no deps or dev-deps'}
{'statusCode': 0, 'package': '@0xsequence/guard_0.0.0-20220704043930', 'message': 'no deps or dev-deps'}
{'statusCode': 0, 'package': '@0xsequence/guard_0.0.0-20220706193010', 'message': 'no deps or dev-deps'}
{'statusCode': 0, 'package': '@0xsequence/guard_0.0.0-20220710174545', 'message': 'no deps or dev-deps'}
{'statusCode': 0, 'package': '@0xsequence/guard_0.0.0-coolcats-0.36.12-20220711222640', 'message': 'no deps or dev-deps'}
{'statusCode': 0, 'package': '@0xsequence/guard_0.40.0', 'message': 'no deps or dev-deps'}
{'statusCode': 0, 'package': '@0xsequence/guard_0.40.1', 'message': 'no deps or dev-deps'}
{'statusCode': 0, 'package': '@0xsequence/guard_0.0.0-20220713211319', 'message': 'no deps or dev-deps'}
{'statusCode': 0, 'package': '@0xsequence/guard_0.0.0-20220714164224', 'message': 'no deps or dev-deps'}
{'statusCode': 0, 'package': '@0xsequence/guard_0.40.2', 'message': 'no deps or dev-deps'}
{'statusCode': 0, 'package': '@0xsequence/guard_0.0.0-20220719173737', 'message': 'no deps or dev-deps'}
{'statusCode': 0, 'package': '@0xsequence/guard_0.0.0-20220722145329', 'message': 'no deps or dev-deps'}
{'statusCode': 0, 'package': '@0xsequence/guard_0.0.0-20220725200200', 'message': 'no deps or dev-deps'}
{'statusCode': 0, 'package': '@0xsequence/guard_0.40.3', 'message': 'no deps or dev-deps'}
{'statusCode': 0, 'package': '@0xsequence/guard_0.0.0-20220728141414', 'message': 'no deps or dev-deps'}
{'statusCode': 0, 'package': '@0xsequence/guard_0.40.4', 'message': 'no deps or dev-deps'}
{'statusCode': 0, 'package': '@0xsequence/guard_0.0.0-20220728215555', 'message': 'no deps or dev-deps'}
{'statusCode': 0, 'package': '@0xsequence/guard_0.40.5', 'message': 'no deps or dev-deps'}
{'statusCode': 0, 'package': '@0xsequence/guard_0.0.0-20220804202525', 'message': 'no deps or dev-deps'}
{'statusCode': 0, 'package': '@0xsequence/guard_0.40.6', 'message': 'no deps or dev-deps'}
{'statusCode': 0, 'package': '@0xsequence/guard_0.0.0-20220825181818', 'message': 'no deps or dev-deps'}
{'statusCode': 0, 'package': '@0xsequence/guard_0.0.0-20220825190100', 'message': 'no deps or dev-deps'}
{'statusCode': 0, 'package': '@0xsequence/guard_0.41.0', 'message': 'no deps or dev-deps'}
{'statusCode': 0, 'package': '@0xsequence/guard_0.41.1', 'message': 'no deps or dev-deps'}
{'statusCode': 0, 'package': '@0xsequence/guard_0.41.2', 'message': 'no deps or dev-deps'}
{'statusCode': 0, 'package': '@0xsequence/guard_0.41.3', 'message': 'no deps or dev-deps'}
{'statusCode': 0, 'package': '@0xsequence/guard_0.42.0', 'message': 'no deps or dev-deps'}
{'statusCode': 0, 'package': '@0xsequence/guard_0.42.1', 'message': 'no deps or dev-deps'}
{'statusCode': 0, 'package': '@0xsequence/guard_0.42.2', 'message': 'no deps or dev-deps'}
{'statusCode': 0, 'package': '@0xsequence/guard_0.42.3', 'message': 'no deps or dev-deps'}
{'statusCode': 0, 'package': '@0xsequence/guard_0.42.4', 'message': 'no deps or dev-deps'}
{'statusCode': 0, 'package': '@0xsequence/guard_0.42.5', 'message': 'no deps or dev-deps'}
{'statusCode': 0, 'package': '@0xsequence/guard_0.42.6', 'message': 'no deps or dev-deps'}
{'statusCode': 0, 'package': '@0xsequence/guard_0.42.7', 'message': 'no deps or dev-deps'}
{'statusCode': 0, 'package': '@0xsequence/guard_0.42.8', 'message': 'no deps or dev-deps'}
{'statusCode': 0, 'package': '@0xsequence/guard_0.42.9', 'message': 'no deps or dev-deps'}
{'statusCode': 0, 'package': '@0xsequence/guard_0.42.10', 'message': 'no deps or dev-deps'}
{'statusCode': 0, 'package': '@0xsequence/guard_0.43.0', 'message': 'no deps or dev-deps'}
{'statusCode': 0, 'package': '@0xsequence/guard_0.43.1', 'message': 'no deps or dev-deps'}
{'statusCode': 0, 'package': '@0xsequence/guard_0.43.2', 'message': 'no deps or dev-deps'}
{'statusCode': 0, 'package': '@0xsequence/guard_0.43.3', 'message': 'no deps or dev-deps'}
{'statusCode': 0, 'package': '@0xsequence/guard_0.0.0-20221124173317', 'message': 'no deps or dev-deps'}
{'statusCode': 0, 'package': '@0xsequence/guard_0.43.4', 'message': 'no deps or dev-deps'}
{'statusCode': 0, 'package': '@0xsequence/guard_0.43.5', 'message': 'no deps or dev-deps'}
{'statusCode': 0, 'package': '@0xsequence/guard_0.43.6', 'message': 'no deps or dev-deps'}
{'statusCode': 0, 'package': '@0xsequence/guard_0.43.7', 'message': 'no deps or dev-deps'}
{'statusCode': 0, 'package': '@0xsequence/guard_0.7.0', 'message': 'no deps or dev-deps'}
{'statusCode': 0, 'package': '@0xsequence/guard_0.8.0', 'message': 'no deps or dev-deps'}
{'statusCode': 0, 'package': '@0xsequence/guard_0.8.1', 'message': 'no deps or dev-deps'}
{'statusCode': 0, 'package': '@0xsequence/guard_0.8.2', 'message': 'no deps or dev-deps'}
{'statusCode': 0, 'package': '@0xsequence/guard_0.8.3', 'message': 'no deps or dev-deps'}
{'statusCode': 0, 'package': '@0xsequence/guard_0.8.4', 'message': 'no deps or dev-deps'}
{'statusCode': 0, 'package': '@0xsequence/guard_0.8.5', 'message': 'no deps or dev-deps'}
{'statusCode': 0, 'package': '@0xsequence/guard_0.9.1', 'message': 'no deps or dev-deps'}
{'statusCode': 0, 'package': '@0xsequence/guard_0.9.3', 'message': 'no deps or dev-deps'}
{'statusCode': 0, 'package': '@0xsequence/guard_0.9.6', 'message': 'no deps or dev-deps'}
{'statusCode': 0, 'package': '@0xsequence/guard_0.10.0', 'message': 'no deps or dev-deps'}
{'statusCode': 0, 'package': '@0xsequence/guard_0.10.1', 'message': 'no deps or dev-deps'}
{'statusCode': 0, 'package': '@0xsequence/guard_0.10.2', 'message': 'no deps or dev-deps'}
{'statusCode': 0, 'package': '@0xsequence/guard_0.10.3', 'message': 'no deps or dev-deps'}
{'statusCode': 0, 'package': '@0xsequence/guard_0.10.4', 'message': 'no deps or dev-deps'}
{'statusCode': 0, 'package': '@0xsequence/guard_0.10.5', 'message': 'no deps or dev-deps'}
{'statusCode': 0, 'package': '@0xsequence/guard_0.10.6', 'message': 'no deps or dev-deps'}
{'statusCode': 0, 'package': '@0xsequence/guard_0.10.7', 'message': 'no deps or dev-deps'}
{'statusCode': 0, 'package': '@0xsequence/guard_0.10.8', 'message': 'no deps or dev-deps'}
{'statusCode': 0, 'package': '@0xsequence/guard_0.10.9', 'message': 'no deps or dev-deps'}
{'statusCode': 0, 'package': '@0xsequence/guard_0.11.0', 'message': 'no deps or dev-deps'}
{'statusCode': 0, 'package': '@0xsequence/guard_0.11.1', 'message': 'no deps or dev-deps'}
{'statusCode': 0, 'package': '@0xsequence/guard_0.11.2', 'message': 'no deps or dev-deps'}
{'statusCode': 0, 'package': '@0xsequence/guard_0.11.3', 'message': 'no deps or dev-deps'}
{'statusCode': 0, 'package': '@0xsequence/guard_0.11.4', 'message': 'no deps or dev-deps'}
{'statusCode': 0, 'package': '@0xsequence/guard_0.12.0', 'message': 'no deps or dev-deps'}
{'statusCode': 0, 'package': '@0xsequence/guard_0.12.1', 'message': 'no deps or dev-deps'}
{'statusCode': 0, 'package': '@0xsequence/guard_0.13.0', 'message': 'no deps or dev-deps'}
{'statusCode': 0, 'package': '@0xsequence/guard_0.14.0', 'message': 'no deps or dev-deps'}
{'statusCode': 0, 'package': '@0xsequence/guard_0.14.3', 'message': 'no deps or dev-deps'}
{'statusCode': 0, 'package': '@0xsequence/guard_0.15.1', 'message': 'no deps or dev-deps'}
{'statusCode': 0, 'package': '@0xsequence/guard_0.16.0', 'message': 'no deps or dev-deps'}
{'statusCode': 0, 'package': '@0xsequence/guard_0.18.0', 'message': 'no deps or dev-deps'}
{'statusCode': 0, 'package': '@0xsequence/guard_0.19.0', 'message': 'no deps or dev-deps'}
{'statusCode': 0, 'package': '@0xsequence/guard_0.19.3', 'message': 'no deps or dev-deps'}
{'statusCode': 0, 'package': '@0xsequence/guard_0.21.0', 'message': 'no deps or dev-deps'}
{'statusCode': 0, 'package': '@0xsequence/guard_0.21.2', 'message': 'no deps or dev-deps'}
{'statusCode': 0, 'package': '@0xsequence/guard_0.21.3', 'message': 'no deps or dev-deps'}
{'statusCode': 0, 'package': '@0xsequence/guard_0.21.4', 'message': 'no deps or dev-deps'}
{'statusCode': 0, 'package': '@0xsequence/guard_0.21.5', 'message': 'no deps or dev-deps'}
{'statusCode': 0, 'package': '@0xsequence/guard_0.22.0', 'message': 'no deps or dev-deps'}
{'statusCode': 0, 'package': '@0xsequence/guard_0.22.1', 'message': 'no deps or dev-deps'}
{'statusCode': 0, 'package': '@0xsequence/guard_0.22.2', 'message': 'no deps or dev-deps'}
{'statusCode': 0, 'package': '@0xsequence/guard_0.23.0', 'message': 'no deps or dev-deps'}
{'statusCode': 0, 'package': '@0xsequence/guard_0.25.0', 'message': 'no deps or dev-deps'}
{'statusCode': 0, 'package': '@0xsequence/guard_0.25.1', 'message': 'no deps or dev-deps'}
{'statusCode': 0, 'package': '@0xsequence/guard_0.27.0', 'message': 'no deps or dev-deps'}
{'statusCode': 0, 'package': '@0xsequence/guard_0.28.0', 'message': 'no deps or dev-deps'}
{'statusCode': 0, 'package': '@0xsequence/guard_0.0.0-2021827201516', 'message': 'no deps or dev-deps'}
{'statusCode': 0, 'package': '@0xsequence/guard_0.29.8', 'message': 'no deps or dev-deps'}
{'statusCode': 0, 'package': '@0xsequence/guard_0.30.0', 'message': 'no deps or dev-deps'}
{'statusCode': 0, 'package': '@0xsequence/guard_0.31.0', 'message': 'no deps or dev-deps'}
{'statusCode': 0, 'package': '@0xsequence/guard_0.34.0', 'message': 'no deps or dev-deps'}
{'statusCode': 0, 'package': '@0xsequence/guard_0.35.0', 'message': 'no deps or dev-deps'}
{'statusCode': 0, 'package': '@0xsequence/guard_0.35.1', 'message': 'no deps or dev-deps'}
{'statusCode': 0, 'package': '@0xsequence/guard_0.35.2', 'message': 'no deps or dev-deps'}
{'statusCode': 0, 'package': '@0xsequence/guard_0.35.3', 'message': 'no deps or dev-deps'}
{'statusCode': 0, 'package': '@0xsequence/guard_0.35.4', 'message': 'no deps or dev-deps'}
{'statusCode': 0, 'package': '@0xsequence/guard_0.35.5', 'message': 'no deps or dev-deps'}
{'statusCode': 0, 'package': '@0xsequence/guard_0.35.6', 'message': 'no deps or dev-deps'}
{'statusCode': 0, 'package': '@0xsequence/guard_0.35.7', 'message': 'no deps or dev-deps'}
{'statusCode': 0, 'package': '@0xsequence/guard_0.35.8', 'message': 'no deps or dev-deps'}
{'statusCode': 0, 'package': '@0xsequence/guard_0.35.9', 'message': 'no deps or dev-deps'}
{'statusCode': 0, 'package': '@0xsequence/guard_0.35.10', 'message': 'no deps or dev-deps'}
{'statusCode': 0, 'package': '@0xsequence/guard_0.35.11', 'message': 'no deps or dev-deps'}
{'statusCode': 0, 'package': '@0xsequence/guard_0.35.12', 'message': 'no deps or dev-deps'}
{'statusCode': 0, 'package': '@0xsequence/guard_0.36.0', 'message': 'no deps or dev-deps'}
{'statusCode': 0, 'package': '@0xsequence/guard_0.36.1', 'message': 'no deps or dev-deps'}
{'statusCode': 0, 'package': '@0xsequence/guard_0.36.2', 'message': 'no deps or dev-deps'}
{'statusCode': 0, 'package': '@0xsequence/guard_0.36.3', 'message': 'no deps or dev-deps'}
{'statusCode': 0, 'package': '@0xsequence/guard_0.36.4', 'message': 'no deps or dev-deps'}
{'statusCode': 0, 'package': '@0xsequence/guard_0.36.5', 'message': 'no deps or dev-deps'}
{'statusCode': 0, 'package': '@0xsequence/guard_0.36.6', 'message': 'no deps or dev-deps'}
{'statusCode': 0, 'package': '@0xsequence/guard_0.36.7', 'message': 'no deps or dev-deps'}
{'statusCode': 0, 'package': '@0xsequence/guard_0.36.8', 'message': 'no deps or dev-deps'}
{'statusCode': 0, 'package': '@0xsequence/guard_0.36.9', 'message': 'no deps or dev-deps'}
{'statusCode': 0, 'package': '@0xsequence/guard_0.36.10', 'message': 'no deps or dev-deps'}
{'statusCode': 0, 'package': '@0xsequence/guard_0.0.0-20220418165517', 'message': 'no deps or dev-deps'}
{'statusCode': 0, 'package': '@0xsequence/guard_0.36.11', 'message': 'no deps or dev-deps'}
{'statusCode': 0, 'package': '@0xsequence/guard_0.0.0-20220425195445', 'message': 'no deps or dev-deps'}
{'statusCode': 0, 'package': '@0xsequence/guard_0.36.12', 'message': 'no deps or dev-deps'}
{'statusCode': 0, 'package': '@0xsequence/guard_0.0.0-20220427054350', 'message': 'no deps or dev-deps'}
{'statusCode': 0, 'package': '@0xsequence/guard_0.0.0-20220427055332', 'message': 'no deps or dev-deps'}
{'statusCode': 0, 'package': '@0xsequence/guard_0.0.0-20220427161307', 'message': 'no deps or dev-deps'}
{'statusCode': 0, 'package': '@0xsequence/guard_0.0.0-20220427162812', 'message': 'no deps or dev-deps'}
{'statusCode': 0, 'package': '@0xsequence/guard_0.36.13', 'message': 'no deps or dev-deps'}
{'statusCode': 0, 'package': '@0xsequence/guard_0.37.0', 'message': 'no deps or dev-deps'}
{'statusCode': 0, 'package': '@0xsequence/guard_0.37.1', 'message': 'no deps or dev-deps'}
{'statusCode': 0, 'package': '@0xsequence/guard_0.0.0-20220506174803', 'message': 'no deps or dev-deps'}
{'statusCode': 0, 'package': '@0xsequence/guard_0.0.0-20220506195001', 'message': 'no deps or dev-deps'}
{'statusCode': 0, 'package': '@0xsequence/guard_0.0.0-20220513134147', 'message': 'no deps or dev-deps'}
{'statusCode': 0, 'package': '@0xsequence/guard_0.38.0', 'message': 'no deps or dev-deps'}
{'statusCode': 0, 'package': '@0xsequence/guard_0.38.1', 'message': 'no deps or dev-deps'}
{'statusCode': 0, 'package': '@0xsequence/guard_0.38.2', 'message': 'no deps or dev-deps'}
{'statusCode': 0, 'package': '@0xsequence/guard_0.39.0', 'message': 'no deps or dev-deps'}
{'statusCode': 0, 'package': '@0xsequence/guard_0.0.0-20220519151110', 'message': 'no deps or dev-deps'}
{'statusCode': 0, 'package': '@0xsequence/guard_0.0.0-20220519202656', 'message': 'no deps or dev-deps'}
{'statusCode': 0, 'package': '@0xsequence/guard_0.0.0-20220601185217', 'message': 'no deps or dev-deps'}
{'statusCode': 0, 'package': '@0xsequence/guard_0.39.1', 'message': 'no deps or dev-deps'}
{'statusCode': 0, 'package': '@0xsequence/guard_0.39.2', 'message': 'no deps or dev-deps'}
{'statusCode': 0, 'package': '@0xsequence/guard_0.0.0-20220609204505', 'message': 'no deps or dev-deps'}
{'statusCode': 0, 'package': '@0xsequence/guard_0.0.0-20220610134843', 'message': 'no deps or dev-deps'}
{'statusCode': 0, 'package': '@0xsequence/guard_0.39.3', 'message': 'no deps or dev-deps'}
{'statusCode': 0, 'package': '@0xsequence/guard_0.0.0-20220614152529', 'message': 'no deps or dev-deps'}
{'statusCode': 0, 'package': '@0xsequence/guard_0.0.0-20220616121217', 'message': 'no deps or dev-deps'}
{'statusCode': 0, 'package': '@0xsequence/guard_0.39.4', 'message': 'no deps or dev-deps'}
{'statusCode': 0, 'package': '@0xsequence/guard_0.39.5', 'message': 'no deps or dev-deps'}
{'statusCode': 0, 'package': '@0xsequence/guard_0.39.6', 'message': 'no deps or dev-deps'}
{'statusCode': 0, 'package': '@0xsequence/guard_0.0.0-26b08ee9-20220629135033', 'message': 'no deps or dev-deps'}
{'statusCode': 0, 'package': '@0xsequence/guard_0.0.0-cdbb3137-20220630190630', 'message': 'no deps or dev-deps'}
{'statusCode': 0, 'package': '@0xsequence/guard_0.0.0-cdbb3137-20220630191603', 'message': 'no deps or dev-deps'}
{'statusCode': 0, 'package': '@0xsequence/guard_0.0.0-cdbb3137-20220630192830', 'message': 'no deps or dev-deps'}
{'statusCode': 0, 'package': '@0xsequence/guard_0.0.0-20220630194654', 'message': 'no deps or dev-deps'}
{'statusCode': 0, 'package': '@0xsequence/guard_0.0.0-20220630211555', 'message': 'no deps or dev-deps'}
{'statusCode': 0, 'package': '@0xsequence/guard_0.0.0-20220630215108', 'message': 'no deps or dev-deps'}
{'statusCode': 0, 'package': '@0xsequence/guard_0.0.0-20220703182449', 'message': 'no deps or dev-deps'}
{'statusCode': 0, 'package': '@0xsequence/guard_0.0.0-20220704043930', 'message': 'no deps or dev-deps'}
{'statusCode': 0, 'package': '@0xsequence/guard_0.0.0-20220706193010', 'message': 'no deps or dev-deps'}
{'statusCode': 0, 'package': '@0xsequence/guard_0.0.0-20220710174545', 'message': 'no deps or dev-deps'}
{'statusCode': 0, 'package': '@0xsequence/guard_0.0.0-coolcats-0.36.12-20220711222640', 'message': 'no deps or dev-deps'}
{'statusCode': 0, 'package': '@0xsequence/guard_0.40.0', 'message': 'no deps or dev-deps'}
{'statusCode': 0, 'package': '@0xsequence/guard_0.40.1', 'message': 'no deps or dev-deps'}
{'statusCode': 0, 'package': '@0xsequence/guard_0.0.0-20220713211319', 'message': 'no deps or dev-deps'}
{'statusCode': 0, 'package': '@0xsequence/guard_0.0.0-20220714164224', 'message': 'no deps or dev-deps'}
{'statusCode': 0, 'package': '@0xsequence/guard_0.40.2', 'message': 'no deps or dev-deps'}
{'statusCode': 0, 'package': '@0xsequence/guard_0.0.0-20220719173737', 'message': 'no deps or dev-deps'}
{'statusCode': 0, 'package': '@0xsequence/guard_0.0.0-20220722145329', 'message': 'no deps or dev-deps'}
{'statusCode': 0, 'package': '@0xsequence/guard_0.0.0-20220725200200', 'message': 'no deps or dev-deps'}
{'statusCode': 0, 'package': '@0xsequence/guard_0.40.3', 'message': 'no deps or dev-deps'}
{'statusCode': 0, 'package': '@0xsequence/guard_0.0.0-20220728141414', 'message': 'no deps or dev-deps'}
{'statusCode': 0, 'package': '@0xsequence/guard_0.40.4', 'message': 'no deps or dev-deps'}
{'statusCode': 0, 'package': '@0xsequence/guard_0.0.0-20220728215555', 'message': 'no deps or dev-deps'}
{'statusCode': 0, 'package': '@0xsequence/guard_0.40.5', 'message': 'no deps or dev-deps'}
{'statusCode': 0, 'package': '@0xsequence/guard_0.0.0-20220804202525', 'message': 'no deps or dev-deps'}
{'statusCode': 0, 'package': '@0xsequence/guard_0.40.6', 'message': 'no deps or dev-deps'}
{'statusCode': 0, 'package': '@0xsequence/guard_0.0.0-20220825181818', 'message': 'no deps or dev-deps'}
{'statusCode': 0, 'package': '@0xsequence/guard_0.0.0-20220825190100', 'message': 'no deps or dev-deps'}
{'statusCode': 0, 'package': '@0xsequence/guard_0.41.0', 'message': 'no deps or dev-deps'}
{'statusCode': 0, 'package': '@0xsequence/guard_0.41.1', 'message': 'no deps or dev-deps'}
{'statusCode': 0, 'package': '@0xsequence/guard_0.41.2', 'message': 'no deps or dev-deps'}
{'statusCode': 0, 'package': '@0xsequence/guard_0.41.3', 'message': 'no deps or dev-deps'}
{'statusCode': 0, 'package': '@0xsequence/guard_0.42.0', 'message': 'no deps or dev-deps'}
{'statusCode': 0, 'package': '@0xsequence/guard_0.42.1', 'message': 'no deps or dev-deps'}
{'statusCode': 0, 'package': '@0xsequence/guard_0.42.2', 'message': 'no deps or dev-deps'}
{'statusCode': 0, 'package': '@0xsequence/guard_0.42.3', 'message': 'no deps or dev-deps'}
{'statusCode': 0, 'package': '@0xsequence/guard_0.42.4', 'message': 'no deps or dev-deps'}
{'statusCode': 0, 'package': '@0xsequence/guard_0.42.5', 'message': 'no deps or dev-deps'}
{'statusCode': 0, 'package': '@0xsequence/guard_0.42.6', 'message': 'no deps or dev-deps'}
{'statusCode': 0, 'package': '@0xsequence/guard_0.42.7', 'message': 'no deps or dev-deps'}
{'statusCode': 0, 'package': '@0xsequence/guard_0.42.8', 'message': 'no deps or dev-deps'}
{'statusCode': 0, 'package': '@0xsequence/guard_0.42.9', 'message': 'no deps or dev-deps'}
{'statusCode': 0, 'package': '@0xsequence/guard_0.42.10', 'message': 'no deps or dev-deps'}
{'statusCode': 0, 'package': '@0xsequence/guard_0.43.0', 'message': 'no deps or dev-deps'}
{'statusCode': 0, 'package': '@0xsequence/guard_0.43.1', 'message': 'no deps or dev-deps'}
{'statusCode': 0, 'package': '@0xsequence/guard_0.43.2', 'message': 'no deps or dev-deps'}
{'statusCode': 0, 'package': '@0xsequence/guard_0.43.3', 'message': 'no deps or dev-deps'}
{'statusCode': 0, 'package': '@0xsequence/guard_0.0.0-20221124173317', 'message': 'no deps or dev-deps'}
{'statusCode': 0, 'package': '@0xsequence/guard_0.43.4', 'message': 'no deps or dev-deps'}
{'statusCode': 0, 'package': '@0xsequence/guard_0.43.5', 'message': 'no deps or dev-deps'}
{'statusCode': 0, 'package': '@0xsequence/guard_0.43.6', 'message': 'no deps or dev-deps'}
{'statusCode': 0, 'package': '@0xsequence/guard_0.43.7', 'message': 'no deps or dev-deps'}
{'statusCode': 0, 'package': '@0xsequence/guard_0.7.0', 'message': 'no deps or dev-deps'}
{'statusCode': 0, 'package': '@0xsequence/guard_0.8.0', 'message': 'no deps or dev-deps'}
{'statusCode': 0, 'package': '@0xsequence/guard_0.8.1', 'message': 'no deps or dev-deps'}
{'statusCode': 0, 'package': '@0xsequence/guard_0.8.2', 'message': 'no deps or dev-deps'}
{'statusCode': 0, 'package': '@0xsequence/guard_0.8.3', 'message': 'no deps or dev-deps'}
{'statusCode': 0, 'package': '@0xsequence/guard_0.8.4', 'message': 'no deps or dev-deps'}
{'statusCode': 0, 'package': '@0xsequence/guard_0.8.5', 'message': 'no deps or dev-deps'}
{'statusCode': 0, 'package': '@0xsequence/guard_0.9.1', 'message': 'no deps or dev-deps'}
{'statusCode': 0, 'package': '@0xsequence/guard_0.9.3', 'message': 'no deps or dev-deps'}
{'statusCode': 0, 'package': '@0xsequence/guard_0.9.6', 'message': 'no deps or dev-deps'}
{'statusCode': 0, 'package': '@0xsequence/guard_0.10.0', 'message': 'no deps or dev-deps'}
{'statusCode': 0, 'package': '@0xsequence/guard_0.10.1', 'message': 'no deps or dev-deps'}
{'statusCode': 0, 'package': '@0xsequence/guard_0.10.2', 'message': 'no deps or dev-deps'}
{'statusCode': 0, 'package': '@0xsequence/guard_0.10.3', 'message': 'no deps or dev-deps'}
{'statusCode': 0, 'package': '@0xsequence/guard_0.10.4', 'message': 'no deps or dev-deps'}
{'statusCode': 0, 'package': '@0xsequence/guard_0.10.5', 'message': 'no deps or dev-deps'}
{'statusCode': 0, 'package': '@0xsequence/guard_0.10.6', 'message': 'no deps or dev-deps'}
{'statusCode': 0, 'package': '@0xsequence/guard_0.10.7', 'message': 'no deps or dev-deps'}
{'statusCode': 0, 'package': '@0xsequence/guard_0.10.8', 'message': 'no deps or dev-deps'}
{'statusCode': 0, 'package': '@0xsequence/guard_0.10.9', 'message': 'no deps or dev-deps'}
{'statusCode': 0, 'package': '@0xsequence/guard_0.11.0', 'message': 'no deps or dev-deps'}
{'statusCode': 0, 'package': '@0xsequence/guard_0.11.1', 'message': 'no deps or dev-deps'}
{'statusCode': 0, 'package': '@0xsequence/guard_0.11.2', 'message': 'no deps or dev-deps'}
{'statusCode': 0, 'package': '@0xsequence/guard_0.11.3', 'message': 'no deps or dev-deps'}
{'statusCode': 0, 'package': '@0xsequence/guard_0.11.4', 'message': 'no deps or dev-deps'}
{'statusCode': 0, 'package': '@0xsequence/guard_0.12.0', 'message': 'no deps or dev-deps'}
{'statusCode': 0, 'package': '@0xsequence/guard_0.12.1', 'message': 'no deps or dev-deps'}
{'statusCode': 0, 'package': '@0xsequence/guard_0.13.0', 'message': 'no deps or dev-deps'}
{'statusCode': 0, 'package': '@0xsequence/guard_0.14.0', 'message': 'no deps or dev-deps'}
{'statusCode': 0, 'package': '@0xsequence/guard_0.14.3', 'message': 'no deps or dev-deps'}
{'statusCode': 0, 'package': '@0xsequence/guard_0.15.1', 'message': 'no deps or dev-deps'}
{'statusCode': 0, 'package': '@0xsequence/guard_0.16.0', 'message': 'no deps or dev-deps'}
{'statusCode': 0, 'package': '@0xsequence/guard_0.18.0', 'message': 'no deps or dev-deps'}
{'statusCode': 0, 'package': '@0xsequence/guard_0.19.0', 'message': 'no deps or dev-deps'}
{'statusCode': 0, 'package': '@0xsequence/guard_0.19.3', 'message': 'no deps or dev-deps'}
{'statusCode': 0, 'package': '@0xsequence/guard_0.21.0', 'message': 'no deps or dev-deps'}
{'statusCode': 0, 'package': '@0xsequence/guard_0.21.2', 'message': 'no deps or dev-deps'}
{'statusCode': 0, 'package': '@0xsequence/guard_0.21.3', 'message': 'no deps or dev-deps'}
{'statusCode': 0, 'package': '@0xsequence/guard_0.21.4', 'message': 'no deps or dev-deps'}
{'statusCode': 0, 'package': '@0xsequence/guard_0.21.5', 'message': 'no deps or dev-deps'}
{'statusCode': 0, 'package': '@0xsequence/guard_0.22.0', 'message': 'no deps or dev-deps'}
{'statusCode': 0, 'package': '@0xsequence/guard_0.22.1', 'message': 'no deps or dev-deps'}
{'statusCode': 0, 'package': '@0xsequence/guard_0.22.2', 'message': 'no deps or dev-deps'}
{'statusCode': 0, 'package': '@0xsequence/guard_0.23.0', 'message': 'no deps or dev-deps'}
{'statusCode': 0, 'package': '@0xsequence/guard_0.25.0', 'message': 'no deps or dev-deps'}
{'statusCode': 0, 'package': '@0xsequence/guard_0.25.1', 'message': 'no deps or dev-deps'}
{'statusCode': 0, 'package': '@0xsequence/guard_0.27.0', 'message': 'no deps or dev-deps'}
{'statusCode': 0, 'package': '@0xsequence/guard_0.28.0', 'message': 'no deps or dev-deps'}
{'statusCode': 0, 'package': '@0xsequence/guard_0.0.0-2021827201516', 'message': 'no deps or dev-deps'}
{'statusCode': 0, 'package': '@0xsequence/guard_0.29.8', 'message': 'no deps or dev-deps'}
{'statusCode': 0, 'package': '@0xsequence/guard_0.30.0', 'message': 'no deps or dev-deps'}
{'statusCode': 0, 'package': '@0xsequence/guard_0.31.0', 'message': 'no deps or dev-deps'}
{'statusCode': 0, 'package': '@0xsequence/guard_0.34.0', 'message': 'no deps or dev-deps'}
{'statusCode': 0, 'package': '@0xsequence/guard_0.35.0', 'message': 'no deps or dev-deps'}
{'statusCode': 0, 'package': '@0xsequence/guard_0.35.1', 'message': 'no deps or dev-deps'}
{'statusCode': 0, 'package': '@0xsequence/guard_0.35.2', 'message': 'no deps or dev-deps'}
{'statusCode': 0, 'package': '@0xsequence/guard_0.35.3', 'message': 'no deps or dev-deps'}
{'statusCode': 0, 'package': '@0xsequence/guard_0.35.4', 'message': 'no deps or dev-deps'}
{'statusCode': 0, 'package': '@0xsequence/guard_0.35.5', 'message': 'no deps or dev-deps'}
{'statusCode': 0, 'package': '@0xsequence/guard_0.35.6', 'message': 'no deps or dev-deps'}
{'statusCode': 0, 'package': '@0xsequence/guard_0.35.7', 'message': 'no deps or dev-deps'}
{'statusCode': 0, 'package': '@0xsequence/guard_0.35.8', 'message': 'no deps or dev-deps'}
{'statusCode': 0, 'package': '@0xsequence/guard_0.35.9', 'message': 'no deps or dev-deps'}
{'statusCode': 0, 'package': '@0xsequence/guard_0.35.10', 'message': 'no deps or dev-deps'}
{'statusCode': 0, 'package': '@0xsequence/guard_0.35.11', 'message': 'no deps or dev-deps'}
{'statusCode': 0, 'package': '@0xsequence/guard_0.35.12', 'message': 'no deps or dev-deps'}
{'statusCode': 0, 'package': '@0xsequence/guard_0.36.0', 'message': 'no deps or dev-deps'}
{'statusCode': 0, 'package': '@0xsequence/guard_0.36.1', 'message': 'no deps or dev-deps'}
{'statusCode': 0, 'package': '@0xsequence/guard_0.36.2', 'message': 'no deps or dev-deps'}
{'statusCode': 0, 'package': '@0xsequence/guard_0.36.3', 'message': 'no deps or dev-deps'}
{'statusCode': 0, 'package': '@0xsequence/guard_0.36.4', 'message': 'no deps or dev-deps'}
{'statusCode': 0, 'package': '@0xsequence/guard_0.36.5', 'message': 'no deps or dev-deps'}
{'statusCode': 0, 'package': '@0xsequence/guard_0.36.6', 'message': 'no deps or dev-deps'}
{'statusCode': 0, 'package': '@0xsequence/guard_0.36.7', 'message': 'no deps or dev-deps'}
{'statusCode': 0, 'package': '@0xsequence/guard_0.36.8', 'message': 'no deps or dev-deps'}
{'statusCode': 0, 'package': '@0xsequence/guard_0.36.9', 'message': 'no deps or dev-deps'}
{'statusCode': 0, 'package': '@0xsequence/guard_0.36.10', 'message': 'no deps or dev-deps'}
{'statusCode': 0, 'package': '@0xsequence/guard_0.0.0-20220418165517', 'message': 'no deps or dev-deps'}
{'statusCode': 0, 'package': '@0xsequence/guard_0.36.11', 'message': 'no deps or dev-deps'}
{'statusCode': 0, 'package': '@0xsequence/guard_0.0.0-20220425195445', 'message': 'no deps or dev-deps'}
{'statusCode': 0, 'package': '@0xsequence/guard_0.36.12', 'message': 'no deps or dev-deps'}
{'statusCode': 0, 'package': '@0xsequence/guard_0.0.0-20220427054350', 'message': 'no deps or dev-deps'}
{'statusCode': 0, 'package': '@0xsequence/guard_0.0.0-20220427055332', 'message': 'no deps or dev-deps'}
{'statusCode': 0, 'package': '@0xsequence/guard_0.0.0-20220427161307', 'message': 'no deps or dev-deps'}
{'statusCode': 0, 'package': '@0xsequence/guard_0.0.0-20220427162812', 'message': 'no deps or dev-deps'}
{'statusCode': 0, 'package': '@0xsequence/guard_0.36.13', 'message': 'no deps or dev-deps'}
{'statusCode': 0, 'package': '@0xsequence/guard_0.37.0', 'message': 'no deps or dev-deps'}
{'statusCode': 0, 'package': '@0xsequence/guard_0.37.1', 'message': 'no deps or dev-deps'}
{'statusCode': 0, 'package': '@0xsequence/guard_0.0.0-20220506174803', 'message': 'no deps or dev-deps'}
{'statusCode': 0, 'package': '@0xsequence/guard_0.0.0-20220506195001', 'message': 'no deps or dev-deps'}
{'statusCode': 0, 'package': '@0xsequence/guard_0.0.0-20220513134147', 'message': 'no deps or dev-deps'}
{'statusCode': 0, 'package': '@0xsequence/guard_0.38.0', 'message': 'no deps or dev-deps'}
{'statusCode': 0, 'package': '@0xsequence/guard_0.38.1', 'message': 'no deps or dev-deps'}
{'statusCode': 0, 'package': '@0xsequence/guard_0.38.2', 'message': 'no deps or dev-deps'}
{'statusCode': 0, 'package': '@0xsequence/guard_0.39.0', 'message': 'no deps or dev-deps'}
{'statusCode': 0, 'package': '@0xsequence/guard_0.0.0-20220519151110', 'message': 'no deps or dev-deps'}
{'statusCode': 0, 'package': '@0xsequence/guard_0.0.0-20220519202656', 'message': 'no deps or dev-deps'}
{'statusCode': 0, 'package': '@0xsequence/guard_0.0.0-20220601185217', 'message': 'no deps or dev-deps'}
{'statusCode': 0, 'package': '@0xsequence/guard_0.39.1', 'message': 'no deps or dev-deps'}
{'statusCode': 0, 'package': '@0xsequence/guard_0.39.2', 'message': 'no deps or dev-deps'}
{'statusCode': 0, 'package': '@0xsequence/guard_0.0.0-20220609204505', 'message': 'no deps or dev-deps'}
{'statusCode': 0, 'package': '@0xsequence/guard_0.0.0-20220610134843', 'message': 'no deps or dev-deps'}
{'statusCode': 0, 'package': '@0xsequence/guard_0.39.3', 'message': 'no deps or dev-deps'}
{'statusCode': 0, 'package': '@0xsequence/guard_0.0.0-20220614152529', 'message': 'no deps or dev-deps'}
{'statusCode': 0, 'package': '@0xsequence/guard_0.0.0-20220616121217', 'message': 'no deps or dev-deps'}
{'statusCode': 0, 'package': '@0xsequence/guard_0.39.4', 'message': 'no deps or dev-deps'}
{'statusCode': 0, 'package': '@0xsequence/guard_0.39.5', 'message': 'no deps or dev-deps'}
{'statusCode': 0, 'package': '@0xsequence/guard_0.39.6', 'message': 'no deps or dev-deps'}
{'statusCode': 0, 'package': '@0xsequence/guard_0.0.0-26b08ee9-20220629135033', 'message': 'no deps or dev-deps'}
{'statusCode': 0, 'package': '@0xsequence/guard_0.0.0-cdbb3137-20220630190630', 'message': 'no deps or dev-deps'}
{'statusCode': 0, 'package': '@0xsequence/guard_0.0.0-cdbb3137-20220630191603', 'message': 'no deps or dev-deps'}
{'statusCode': 0, 'package': '@0xsequence/guard_0.0.0-cdbb3137-20220630192830', 'message': 'no deps or dev-deps'}
{'statusCode': 0, 'package': '@0xsequence/guard_0.0.0-20220630194654', 'message': 'no deps or dev-deps'}
{'statusCode': 0, 'package': '@0xsequence/guard_0.0.0-20220630211555', 'message': 'no deps or dev-deps'}
{'statusCode': 0, 'package': '@0xsequence/guard_0.0.0-20220630215108', 'message': 'no deps or dev-deps'}
{'statusCode': 0, 'package': '@0xsequence/guard_0.0.0-20220703182449', 'message': 'no deps or dev-deps'}
{'statusCode': 0, 'package': '@0xsequence/guard_0.0.0-20220704043930', 'message': 'no deps or dev-deps'}
{'statusCode': 0, 'package': '@0xsequence/guard_0.0.0-20220706193010', 'message': 'no deps or dev-deps'}
{'statusCode': 0, 'package': '@0xsequence/guard_0.0.0-20220710174545', 'message': 'no deps or dev-deps'}
{'statusCode': 0, 'package': '@0xsequence/guard_0.0.0-coolcats-0.36.12-20220711222640', 'message': 'no deps or dev-deps'}
{'statusCode': 0, 'package': '@0xsequence/guard_0.40.0', 'message': 'no deps or dev-deps'}
{'statusCode': 0, 'package': '@0xsequence/guard_0.40.1', 'message': 'no deps or dev-deps'}
{'statusCode': 0, 'package': '@0xsequence/guard_0.0.0-20220713211319', 'message': 'no deps or dev-deps'}
{'statusCode': 0, 'package': '@0xsequence/guard_0.0.0-20220714164224', 'message': 'no deps or dev-deps'}
{'statusCode': 0, 'package': '@0xsequence/guard_0.40.2', 'message': 'no deps or dev-deps'}
{'statusCode': 0, 'package': '@0xsequence/guard_0.0.0-20220719173737', 'message': 'no deps or dev-deps'}
{'statusCode': 0, 'package': '@0xsequence/guard_0.0.0-20220722145329', 'message': 'no deps or dev-deps'}
{'statusCode': 0, 'package': '@0xsequence/guard_0.0.0-20220725200200', 'message': 'no deps or dev-deps'}
{'statusCode': 0, 'package': '@0xsequence/guard_0.40.3', 'message': 'no deps or dev-deps'}
{'statusCode': 0, 'package': '@0xsequence/guard_0.0.0-20220728141414', 'message': 'no deps or dev-deps'}
{'statusCode': 0, 'package': '@0xsequence/guard_0.40.4', 'message': 'no deps or dev-deps'}
{'statusCode': 0, 'package': '@0xsequence/guard_0.0.0-20220728215555', 'message': 'no deps or dev-deps'}
{'statusCode': 0, 'package': '@0xsequence/guard_0.40.5', 'message': 'no deps or dev-deps'}
{'statusCode': 0, 'package': '@0xsequence/guard_0.0.0-20220804202525', 'message': 'no deps or dev-deps'}
{'statusCode': 0, 'package': '@0xsequence/guard_0.40.6', 'message': 'no deps or dev-deps'}
{'statusCode': 0, 'package': '@0xsequence/guard_0.0.0-20220825181818', 'message': 'no deps or dev-deps'}
{'statusCode': 0, 'package': '@0xsequence/guard_0.0.0-20220825190100', 'message': 'no deps or dev-deps'}
{'statusCode': 0, 'package': '@0xsequence/guard_0.41.0', 'message': 'no deps or dev-deps'}
{'statusCode': 0, 'package': '@0xsequence/guard_0.41.1', 'message': 'no deps or dev-deps'}
{'statusCode': 0, 'package': '@0xsequence/guard_0.41.2', 'message': 'no deps or dev-deps'}
{'statusCode': 0, 'package': '@0xsequence/guard_0.41.3', 'message': 'no deps or dev-deps'}
{'statusCode': 0, 'package': '@0xsequence/guard_0.42.0', 'message': 'no deps or dev-deps'}
{'statusCode': 0, 'package': '@0xsequence/guard_0.42.1', 'message': 'no deps or dev-deps'}
{'statusCode': 0, 'package': '@0xsequence/guard_0.42.2', 'message': 'no deps or dev-deps'}
{'statusCode': 0, 'package': '@0xsequence/guard_0.42.3', 'message': 'no deps or dev-deps'}
{'statusCode': 0, 'package': '@0xsequence/guard_0.42.4', 'message': 'no deps or dev-deps'}
{'statusCode': 0, 'package': '@0xsequence/guard_0.42.5', 'message': 'no deps or dev-deps'}
{'statusCode': 0, 'package': '@0xsequence/guard_0.42.6', 'message': 'no deps or dev-deps'}
{'statusCode': 0, 'package': '@0xsequence/guard_0.42.7', 'message': 'no deps or dev-deps'}
{'statusCode': 0, 'package': '@0xsequence/guard_0.42.8', 'message': 'no deps or dev-deps'}
{'statusCode': 0, 'package': '@0xsequence/guard_0.42.9', 'message': 'no deps or dev-deps'}
{'statusCode': 0, 'package': '@0xsequence/guard_0.42.10', 'message': 'no deps or dev-deps'}
{'statusCode': 0, 'package': '@0xsequence/guard_0.43.0', 'message': 'no deps or dev-deps'}
{'statusCode': 0, 'package': '@0xsequence/guard_0.43.1', 'message': 'no deps or dev-deps'}
{'statusCode': 0, 'package': '@0xsequence/guard_0.43.2', 'message': 'no deps or dev-deps'}
{'statusCode': 0, 'package': '@0xsequence/guard_0.43.3', 'message': 'no deps or dev-deps'}
{'statusCode': 0, 'package': '@0xsequence/guard_0.0.0-20221124173317', 'message': 'no deps or dev-deps'}
{'statusCode': 0, 'package': '@0xsequence/guard_0.43.4', 'message': 'no deps or dev-deps'}
{'statusCode': 0, 'package': '@0xsequence/guard_0.43.5', 'message': 'no deps or dev-deps'}
{'statusCode': 0, 'package': '@0xsequence/guard_0.43.6', 'message': 'no deps or dev-deps'}
{'statusCode': 0, 'package': '@0xsequence/guard_0.43.7', 'message': 'no deps or dev-deps'}
{'statusCode': 0, 'package': '@0xsequence/guard_0.7.0', 'message': 'no deps or dev-deps'}
{'statusCode': 0, 'package': '@0xsequence/guard_0.8.0', 'message': 'no deps or dev-deps'}
{'statusCode': 0, 'package': '@0xsequence/guard_0.8.1', 'message': 'no deps or dev-deps'}
{'statusCode': 0, 'package': '@0xsequence/guard_0.8.2', 'message': 'no deps or dev-deps'}
{'statusCode': 0, 'package': '@0xsequence/guard_0.8.3', 'message': 'no deps or dev-deps'}
{'statusCode': 0, 'package': '@0xsequence/guard_0.8.4', 'message': 'no deps or dev-deps'}
{'statusCode': 0, 'package': '@0xsequence/guard_0.8.5', 'message': 'no deps or dev-deps'}
{'statusCode': 0, 'package': '@0xsequence/guard_0.9.1', 'message': 'no deps or dev-deps'}
{'statusCode': 0, 'package': '@0xsequence/guard_0.9.3', 'message': 'no deps or dev-deps'}
{'statusCode': 0, 'package': '@0xsequence/guard_0.9.6', 'message': 'no deps or dev-deps'}
{'statusCode': 0, 'package': '@0xsequence/guard_0.10.0', 'message': 'no deps or dev-deps'}
{'statusCode': 0, 'package': '@0xsequence/guard_0.10.1', 'message': 'no deps or dev-deps'}
{'statusCode': 0, 'package': '@0xsequence/guard_0.10.2', 'message': 'no deps or dev-deps'}
{'statusCode': 0, 'package': '@0xsequence/guard_0.10.3', 'message': 'no deps or dev-deps'}
{'statusCode': 0, 'package': '@0xsequence/guard_0.10.4', 'message': 'no deps or dev-deps'}
{'statusCode': 0, 'package': '@0xsequence/guard_0.10.5', 'message': 'no deps or dev-deps'}
{'statusCode': 0, 'package': '@0xsequence/guard_0.10.6', 'message': 'no deps or dev-deps'}
{'statusCode': 0, 'package': '@0xsequence/guard_0.10.7', 'message': 'no deps or dev-deps'}
{'statusCode': 0, 'package': '@0xsequence/guard_0.10.8', 'message': 'no deps or dev-deps'}
{'statusCode': 0, 'package': '@0xsequence/guard_0.10.9', 'message': 'no deps or dev-deps'}
{'statusCode': 0, 'package': '@0xsequence/guard_0.11.0', 'message': 'no deps or dev-deps'}
{'statusCode': 0, 'package': '@0xsequence/guard_0.11.1', 'message': 'no deps or dev-deps'}
{'statusCode': 0, 'package': '@0xsequence/guard_0.11.2', 'message': 'no deps or dev-deps'}
{'statusCode': 0, 'package': '@0xsequence/guard_0.11.3', 'message': 'no deps or dev-deps'}
{'statusCode': 0, 'package': '@0xsequence/guard_0.11.4', 'message': 'no deps or dev-deps'}
{'statusCode': 0, 'package': '@0xsequence/guard_0.12.0', 'message': 'no deps or dev-deps'}
{'statusCode': 0, 'package': '@0xsequence/guard_0.12.1', 'message': 'no deps or dev-deps'}
{'statusCode': 0, 'package': '@0xsequence/guard_0.13.0', 'message': 'no deps or dev-deps'}
{'statusCode': 0, 'package': '@0xsequence/guard_0.14.0', 'message': 'no deps or dev-deps'}
{'statusCode': 0, 'package': '@0xsequence/guard_0.14.3', 'message': 'no deps or dev-deps'}
{'statusCode': 0, 'package': '@0xsequence/guard_0.15.1', 'message': 'no deps or dev-deps'}
{'statusCode': 0, 'package': '@0xsequence/guard_0.16.0', 'message': 'no deps or dev-deps'}
{'statusCode': 0, 'package': '@0xsequence/guard_0.18.0', 'message': 'no deps or dev-deps'}
{'statusCode': 0, 'package': '@0xsequence/guard_0.19.0', 'message': 'no deps or dev-deps'}
{'statusCode': 0, 'package': '@0xsequence/guard_0.19.3', 'message': 'no deps or dev-deps'}
{'statusCode': 0, 'package': '@0xsequence/guard_0.21.0', 'message': 'no deps or dev-deps'}
{'statusCode': 0, 'package': '@0xsequence/guard_0.21.2', 'message': 'no deps or dev-deps'}
{'statusCode': 0, 'package': '@0xsequence/guard_0.21.3', 'message': 'no deps or dev-deps'}
{'statusCode': 0, 'package': '@0xsequence/guard_0.21.4', 'message': 'no deps or dev-deps'}
{'statusCode': 0, 'package': '@0xsequence/guard_0.21.5', 'message': 'no deps or dev-deps'}
{'statusCode': 0, 'package': '@0xsequence/guard_0.22.0', 'message': 'no deps or dev-deps'}
{'statusCode': 0, 'package': '@0xsequence/guard_0.22.1', 'message': 'no deps or dev-deps'}
{'statusCode': 0, 'package': '@0xsequence/guard_0.22.2', 'message': 'no deps or dev-deps'}
{'statusCode': 0, 'package': '@0xsequence/guard_0.23.0', 'message': 'no deps or dev-deps'}
{'statusCode': 0, 'package': '@0xsequence/guard_0.25.0', 'message': 'no deps or dev-deps'}
{'statusCode': 0, 'package': '@0xsequence/guard_0.25.1', 'message': 'no deps or dev-deps'}
{'statusCode': 0, 'package': '@0xsequence/guard_0.27.0', 'message': 'no deps or dev-deps'}
{'statusCode': 0, 'package': '@0xsequence/guard_0.28.0', 'message': 'no deps or dev-deps'}
{'statusCode': 0, 'package': '@0xsequence/guard_0.0.0-2021827201516', 'message': 'no deps or dev-deps'}
{'statusCode': 0, 'package': '@0xsequence/guard_0.29.8', 'message': 'no deps or dev-deps'}
{'statusCode': 0, 'package': '@0xsequence/guard_0.30.0', 'message': 'no deps or dev-deps'}
{'statusCode': 0, 'package': '@0xsequence/guard_0.31.0', 'message': 'no deps or dev-deps'}
{'statusCode': 0, 'package': '@0xsequence/guard_0.34.0', 'message': 'no deps or dev-deps'}
{'statusCode': 0, 'package': '@0xsequence/guard_0.35.0', 'message': 'no deps or dev-deps'}
{'statusCode': 0, 'package': '@0xsequence/guard_0.35.1', 'message': 'no deps or dev-deps'}
{'statusCode': 0, 'package': '@0xsequence/guard_0.35.2', 'message': 'no deps or dev-deps'}
{'statusCode': 0, 'package': '@0xsequence/guard_0.35.3', 'message': 'no deps or dev-deps'}
{'statusCode': 0, 'package': '@0xsequence/guard_0.35.4', 'message': 'no deps or dev-deps'}
{'statusCode': 0, 'package': '@0xsequence/guard_0.35.5', 'message': 'no deps or dev-deps'}
{'statusCode': 0, 'package': '@0xsequence/guard_0.35.6', 'message': 'no deps or dev-deps'}
{'statusCode': 0, 'package': '@0xsequence/guard_0.35.7', 'message': 'no deps or dev-deps'}
{'statusCode': 0, 'package': '@0xsequence/guard_0.35.8', 'message': 'no deps or dev-deps'}
{'statusCode': 0, 'package': '@0xsequence/guard_0.35.9', 'message': 'no deps or dev-deps'}
{'statusCode': 0, 'package': '@0xsequence/guard_0.35.10', 'message': 'no deps or dev-deps'}
{'statusCode': 0, 'package': '@0xsequence/guard_0.35.11', 'message': 'no deps or dev-deps'}
{'statusCode': 0, 'package': '@0xsequence/guard_0.35.12', 'message': 'no deps or dev-deps'}
{'statusCode': 0, 'package': '@0xsequence/guard_0.36.0', 'message': 'no deps or dev-deps'}
{'statusCode': 0, 'package': '@0xsequence/guard_0.36.1', 'message': 'no deps or dev-deps'}
{'statusCode': 0, 'package': '@0xsequence/guard_0.36.2', 'message': 'no deps or dev-deps'}
{'statusCode': 0, 'package': '@0xsequence/guard_0.36.3', 'message': 'no deps or dev-deps'}
{'statusCode': 0, 'package': '@0xsequence/guard_0.36.4', 'message': 'no deps or dev-deps'}
{'statusCode': 0, 'package': '@0xsequence/guard_0.36.5', 'message': 'no deps or dev-deps'}
{'statusCode': 0, 'package': '@0xsequence/guard_0.36.6', 'message': 'no deps or dev-deps'}
{'statusCode': 0, 'package': '@0xsequence/guard_0.36.7', 'message': 'no deps or dev-deps'}
{'statusCode': 0, 'package': '@0xsequence/guard_0.36.8', 'message': 'no deps or dev-deps'}
{'statusCode': 0, 'package': '@0xsequence/guard_0.36.9', 'message': 'no deps or dev-deps'}
{'statusCode': 0, 'package': '@0xsequence/guard_0.36.10', 'message': 'no deps or dev-deps'}
{'statusCode': 0, 'package': '@0xsequence/guard_0.0.0-20220418165517', 'message': 'no deps or dev-deps'}
{'statusCode': 0, 'package': '@0xsequence/guard_0.36.11', 'message': 'no deps or dev-deps'}
{'statusCode': 0, 'package': '@0xsequence/guard_0.0.0-20220425195445', 'message': 'no deps or dev-deps'}
{'statusCode': 0, 'package': '@0xsequence/guard_0.36.12', 'message': 'no deps or dev-deps'}
{'statusCode': 0, 'package': '@0xsequence/guard_0.0.0-20220427054350', 'message': 'no deps or dev-deps'}
{'statusCode': 0, 'package': '@0xsequence/guard_0.0.0-20220427055332', 'message': 'no deps or dev-deps'}
{'statusCode': 0, 'package': '@0xsequence/guard_0.0.0-20220427161307', 'message': 'no deps or dev-deps'}
{'statusCode': 0, 'package': '@0xsequence/guard_0.0.0-20220427162812', 'message': 'no deps or dev-deps'}
{'statusCode': 0, 'package': '@0xsequence/guard_0.36.13', 'message': 'no deps or dev-deps'}
{'statusCode': 0, 'package': '@0xsequence/guard_0.37.0', 'message': 'no deps or dev-deps'}
{'statusCode': 0, 'package': '@0xsequence/guard_0.37.1', 'message': 'no deps or dev-deps'}
{'statusCode': 0, 'package': '@0xsequence/guard_0.0.0-20220506174803', 'message': 'no deps or dev-deps'}
{'statusCode': 0, 'package': '@0xsequence/guard_0.0.0-20220506195001', 'message': 'no deps or dev-deps'}
{'statusCode': 0, 'package': '@0xsequence/guard_0.0.0-20220513134147', 'message': 'no deps or dev-deps'}
{'statusCode': 0, 'package': '@0xsequence/guard_0.38.0', 'message': 'no deps or dev-deps'}
{'statusCode': 0, 'package': '@0xsequence/guard_0.38.1', 'message': 'no deps or dev-deps'}
{'statusCode': 0, 'package': '@0xsequence/guard_0.38.2', 'message': 'no deps or dev-deps'}
{'statusCode': 0, 'package': '@0xsequence/guard_0.39.0', 'message': 'no deps or dev-deps'}
{'statusCode': 0, 'package': '@0xsequence/guard_0.0.0-20220519151110', 'message': 'no deps or dev-deps'}
{'statusCode': 0, 'package': '@0xsequence/guard_0.0.0-20220519202656', 'message': 'no deps or dev-deps'}
{'statusCode': 0, 'package': '@0xsequence/guard_0.0.0-20220601185217', 'message': 'no deps or dev-deps'}
{'statusCode': 0, 'package': '@0xsequence/guard_0.39.1', 'message': 'no deps or dev-deps'}
{'statusCode': 0, 'package': '@0xsequence/guard_0.39.2', 'message': 'no deps or dev-deps'}
{'statusCode': 0, 'package': '@0xsequence/guard_0.0.0-20220609204505', 'message': 'no deps or dev-deps'}
{'statusCode': 0, 'package': '@0xsequence/guard_0.0.0-20220610134843', 'message': 'no deps or dev-deps'}
{'statusCode': 0, 'package': '@0xsequence/guard_0.39.3', 'message': 'no deps or dev-deps'}
{'statusCode': 0, 'package': '@0xsequence/guard_0.0.0-20220614152529', 'message': 'no deps or dev-deps'}
{'statusCode': 0, 'package': '@0xsequence/guard_0.0.0-20220616121217', 'message': 'no deps or dev-deps'}
{'statusCode': 0, 'package': '@0xsequence/guard_0.39.4', 'message': 'no deps or dev-deps'}
{'statusCode': 0, 'package': '@0xsequence/guard_0.39.5', 'message': 'no deps or dev-deps'}
{'statusCode': 0, 'package': '@0xsequence/guard_0.39.6', 'message': 'no deps or dev-deps'}
{'statusCode': 0, 'package': '@0xsequence/guard_0.0.0-26b08ee9-20220629135033', 'message': 'no deps or dev-deps'}
{'statusCode': 0, 'package': '@0xsequence/guard_0.0.0-cdbb3137-20220630190630', 'message': 'no deps or dev-deps'}
{'statusCode': 0, 'package': '@0xsequence/guard_0.0.0-cdbb3137-20220630191603', 'message': 'no deps or dev-deps'}
{'statusCode': 0, 'package': '@0xsequence/guard_0.0.0-cdbb3137-20220630192830', 'message': 'no deps or dev-deps'}
{'statusCode': 0, 'package': '@0xsequence/guard_0.0.0-20220630194654', 'message': 'no deps or dev-deps'}
{'statusCode': 0, 'package': '@0xsequence/guard_0.0.0-20220630211555', 'message': 'no deps or dev-deps'}
{'statusCode': 0, 'package': '@0xsequence/guard_0.0.0-20220630215108', 'message': 'no deps or dev-deps'}
{'statusCode': 0, 'package': '@0xsequence/guard_0.0.0-20220703182449', 'message': 'no deps or dev-deps'}
{'statusCode': 0, 'package': '@0xsequence/guard_0.0.0-20220704043930', 'message': 'no deps or dev-deps'}
{'statusCode': 0, 'package': '@0xsequence/guard_0.0.0-20220706193010', 'message': 'no deps or dev-deps'}
{'statusCode': 0, 'package': '@0xsequence/guard_0.0.0-20220710174545', 'message': 'no deps or dev-deps'}
{'statusCode': 0, 'package': '@0xsequence/guard_0.0.0-coolcats-0.36.12-20220711222640', 'message': 'no deps or dev-deps'}
{'statusCode': 0, 'package': '@0xsequence/guard_0.40.0', 'message': 'no deps or dev-deps'}
{'statusCode': 0, 'package': '@0xsequence/guard_0.40.1', 'message': 'no deps or dev-deps'}
{'statusCode': 0, 'package': '@0xsequence/guard_0.0.0-20220713211319', 'message': 'no deps or dev-deps'}
{'statusCode': 0, 'package': '@0xsequence/guard_0.0.0-20220714164224', 'message': 'no deps or dev-deps'}
{'statusCode': 0, 'package': '@0xsequence/guard_0.40.2', 'message': 'no deps or dev-deps'}
{'statusCode': 0, 'package': '@0xsequence/guard_0.0.0-20220719173737', 'message': 'no deps or dev-deps'}
{'statusCode': 0, 'package': '@0xsequence/guard_0.0.0-20220722145329', 'message': 'no deps or dev-deps'}
{'statusCode': 0, 'package': '@0xsequence/guard_0.0.0-20220725200200', 'message': 'no deps or dev-deps'}
{'statusCode': 0, 'package': '@0xsequence/guard_0.40.3', 'message': 'no deps or dev-deps'}
{'statusCode': 0, 'package': '@0xsequence/guard_0.0.0-20220728141414', 'message': 'no deps or dev-deps'}
{'statusCode': 0, 'package': '@0xsequence/guard_0.40.4', 'message': 'no deps or dev-deps'}
{'statusCode': 0, 'package': '@0xsequence/guard_0.0.0-20220728215555', 'message': 'no deps or dev-deps'}
{'statusCode': 0, 'package': '@0xsequence/guard_0.40.5', 'message': 'no deps or dev-deps'}
{'statusCode': 0, 'package': '@0xsequence/guard_0.0.0-20220804202525', 'message': 'no deps or dev-deps'}
{'statusCode': 0, 'package': '@0xsequence/guard_0.40.6', 'message': 'no deps or dev-deps'}
{'statusCode': 0, 'package': '@0xsequence/guard_0.0.0-20220825181818', 'message': 'no deps or dev-deps'}
{'statusCode': 0, 'package': '@0xsequence/guard_0.0.0-20220825190100', 'message': 'no deps or dev-deps'}
{'statusCode': 0, 'package': '@0xsequence/guard_0.41.0', 'message': 'no deps or dev-deps'}
{'statusCode': 0, 'package': '@0xsequence/guard_0.41.1', 'message': 'no deps or dev-deps'}
{'statusCode': 0, 'package': '@0xsequence/guard_0.41.2', 'message': 'no deps or dev-deps'}
{'statusCode': 0, 'package': '@0xsequence/guard_0.41.3', 'message': 'no deps or dev-deps'}
{'statusCode': 0, 'package': '@0xsequence/guard_0.42.0', 'message': 'no deps or dev-deps'}
{'statusCode': 0, 'package': '@0xsequence/guard_0.42.1', 'message': 'no deps or dev-deps'}
{'statusCode': 0, 'package': '@0xsequence/guard_0.42.2', 'message': 'no deps or dev-deps'}
{'statusCode': 0, 'package': '@0xsequence/guard_0.42.3', 'message': 'no deps or dev-deps'}
{'statusCode': 0, 'package': '@0xsequence/guard_0.42.4', 'message': 'no deps or dev-deps'}
{'statusCode': 0, 'package': '@0xsequence/guard_0.42.5', 'message': 'no deps or dev-deps'}
{'statusCode': 0, 'package': '@0xsequence/guard_0.42.6', 'message': 'no deps or dev-deps'}
{'statusCode': 0, 'package': '@0xsequence/guard_0.42.7', 'message': 'no deps or dev-deps'}
{'statusCode': 0, 'package': '@0xsequence/guard_0.42.8', 'message': 'no deps or dev-deps'}
{'statusCode': 0, 'package': '@0xsequence/guard_0.42.9', 'message': 'no deps or dev-deps'}
{'statusCode': 0, 'package': '@0xsequence/guard_0.42.10', 'message': 'no deps or dev-deps'}
{'statusCode': 0, 'package': '@0xsequence/guard_0.43.0', 'message': 'no deps or dev-deps'}
{'statusCode': 0, 'package': '@0xsequence/guard_0.43.1', 'message': 'no deps or dev-deps'}
{'statusCode': 0, 'package': '@0xsequence/guard_0.43.2', 'message': 'no deps or dev-deps'}
{'statusCode': 0, 'package': '@0xsequence/guard_0.43.3', 'message': 'no deps or dev-deps'}
{'statusCode': 0, 'package': '@0xsequence/guard_0.0.0-20221124173317', 'message': 'no deps or dev-deps'}
{'statusCode': 0, 'package': '@0xsequence/guard_0.43.4', 'message': 'no deps or dev-deps'}
{'statusCode': 0, 'package': '@0xsequence/guard_0.43.5', 'message': 'no deps or dev-deps'}
{'statusCode': 0, 'package': '@0xsequence/guard_0.43.6', 'message': 'no deps or dev-deps'}
{'statusCode': 0, 'package': '@0xsequence/guard_0.43.7', 'message': 'no deps or dev-deps'}
{'statusCode': 0, 'package': '@0xsequence/guard_0.7.0', 'message': 'no deps or dev-deps'}
{'statusCode': 0, 'package': '@0xsequence/guard_0.8.0', 'message': 'no deps or dev-deps'}
{'statusCode': 0, 'package': '@0xsequence/guard_0.8.1', 'message': 'no deps or dev-deps'}
{'statusCode': 0, 'package': '@0xsequence/guard_0.8.2', 'message': 'no deps or dev-deps'}
{'statusCode': 0, 'package': '@0xsequence/guard_0.8.3', 'message': 'no deps or dev-deps'}
{'statusCode': 0, 'package': '@0xsequence/guard_0.8.4', 'message': 'no deps or dev-deps'}
{'statusCode': 0, 'package': '@0xsequence/guard_0.8.5', 'message': 'no deps or dev-deps'}
{'statusCode': 0, 'package': '@0xsequence/guard_0.9.1', 'message': 'no deps or dev-deps'}
{'statusCode': 0, 'package': '@0xsequence/guard_0.9.3', 'message': 'no deps or dev-deps'}
{'statusCode': 0, 'package': '@0xsequence/guard_0.9.6', 'message': 'no deps or dev-deps'}
{'statusCode': 0, 'package': '@0xsequence/guard_0.10.0', 'message': 'no deps or dev-deps'}
{'statusCode': 0, 'package': '@0xsequence/guard_0.10.1', 'message': 'no deps or dev-deps'}
{'statusCode': 0, 'package': '@0xsequence/guard_0.10.2', 'message': 'no deps or dev-deps'}
{'statusCode': 0, 'package': '@0xsequence/guard_0.10.3', 'message': 'no deps or dev-deps'}
{'statusCode': 0, 'package': '@0xsequence/guard_0.10.4', 'message': 'no deps or dev-deps'}
{'statusCode': 0, 'package': '@0xsequence/guard_0.10.5', 'message': 'no deps or dev-deps'}
{'statusCode': 0, 'package': '@0xsequence/guard_0.10.6', 'message': 'no deps or dev-deps'}
{'statusCode': 0, 'package': '@0xsequence/guard_0.10.7', 'message': 'no deps or dev-deps'}
{'statusCode': 0, 'package': '@0xsequence/guard_0.10.8', 'message': 'no deps or dev-deps'}
{'statusCode': 0, 'package': '@0xsequence/guard_0.10.9', 'message': 'no deps or dev-deps'}
{'statusCode': 0, 'package': '@0xsequence/guard_0.11.0', 'message': 'no deps or dev-deps'}
{'statusCode': 0, 'package': '@0xsequence/guard_0.11.1', 'message': 'no deps or dev-deps'}
{'statusCode': 0, 'package': '@0xsequence/guard_0.11.2', 'message': 'no deps or dev-deps'}
{'statusCode': 0, 'package': '@0xsequence/guard_0.11.3', 'message': 'no deps or dev-deps'}
{'statusCode': 0, 'package': '@0xsequence/guard_0.11.4', 'message': 'no deps or dev-deps'}
{'statusCode': 0, 'package': '@0xsequence/guard_0.12.0', 'message': 'no deps or dev-deps'}
{'statusCode': 0, 'package': '@0xsequence/guard_0.12.1', 'message': 'no deps or dev-deps'}
{'statusCode': 0, 'package': '@0xsequence/guard_0.13.0', 'message': 'no deps or dev-deps'}
{'statusCode': 0, 'package': '@0xsequence/guard_0.14.0', 'message': 'no deps or dev-deps'}
{'statusCode': 0, 'package': '@0xsequence/guard_0.14.3', 'message': 'no deps or dev-deps'}
{'statusCode': 0, 'package': '@0xsequence/guard_0.15.1', 'message': 'no deps or dev-deps'}
{'statusCode': 0, 'package': '@0xsequence/guard_0.16.0', 'message': 'no deps or dev-deps'}
{'statusCode': 0, 'package': '@0xsequence/guard_0.18.0', 'message': 'no deps or dev-deps'}
{'statusCode': 0, 'package': '@0xsequence/guard_0.19.0', 'message': 'no deps or dev-deps'}
{'statusCode': 0, 'package': '@0xsequence/guard_0.19.3', 'message': 'no deps or dev-deps'}
{'statusCode': 0, 'package': '@0xsequence/guard_0.21.0', 'message': 'no deps or dev-deps'}
{'statusCode': 0, 'package': '@0xsequence/guard_0.21.2', 'message': 'no deps or dev-deps'}
{'statusCode': 0, 'package': '@0xsequence/guard_0.21.3', 'message': 'no deps or dev-deps'}
{'statusCode': 0, 'package': '@0xsequence/guard_0.21.4', 'message': 'no deps or dev-deps'}
{'statusCode': 0, 'package': '@0xsequence/guard_0.21.5', 'message': 'no deps or dev-deps'}
{'statusCode': 0, 'package': '@0xsequence/guard_0.22.0', 'message': 'no deps or dev-deps'}
{'statusCode': 0, 'package': '@0xsequence/guard_0.22.1', 'message': 'no deps or dev-deps'}
{'statusCode': 0, 'package': '@0xsequence/guard_0.22.2', 'message': 'no deps or dev-deps'}
{'statusCode': 0, 'package': '@0xsequence/guard_0.23.0', 'message': 'no deps or dev-deps'}
{'statusCode': 0, 'package': '@0xsequence/guard_0.25.0', 'message': 'no deps or dev-deps'}
{'statusCode': 0, 'package': '@0xsequence/guard_0.25.1', 'message': 'no deps or dev-deps'}
{'statusCode': 0, 'package': '@0xsequence/guard_0.27.0', 'message': 'no deps or dev-deps'}
{'statusCode': 0, 'package': '@0xsequence/guard_0.28.0', 'message': 'no deps or dev-deps'}
{'statusCode': 0, 'package': '@0xsequence/guard_0.0.0-2021827201516', 'message': 'no deps or dev-deps'}
{'statusCode': 0, 'package': '@0xsequence/guard_0.29.8', 'message': 'no deps or dev-deps'}
{'statusCode': 0, 'package': '@0xsequence/guard_0.30.0', 'message': 'no deps or dev-deps'}
{'statusCode': 0, 'package': '@0xsequence/guard_0.31.0', 'message': 'no deps or dev-deps'}
{'statusCode': 0, 'package': '@0xsequence/guard_0.34.0', 'message': 'no deps or dev-deps'}
{'statusCode': 0, 'package': '@0xsequence/guard_0.35.0', 'message': 'no deps or dev-deps'}
{'statusCode': 0, 'package': '@0xsequence/guard_0.35.1', 'message': 'no deps or dev-deps'}
{'statusCode': 0, 'package': '@0xsequence/guard_0.35.2', 'message': 'no deps or dev-deps'}
{'statusCode': 0, 'package': '@0xsequence/guard_0.35.3', 'message': 'no deps or dev-deps'}
{'statusCode': 0, 'package': '@0xsequence/guard_0.35.4', 'message': 'no deps or dev-deps'}
{'statusCode': 0, 'package': '@0xsequence/guard_0.35.5', 'message': 'no deps or dev-deps'}
{'statusCode': 0, 'package': '@0xsequence/guard_0.35.6', 'message': 'no deps or dev-deps'}
{'statusCode': 0, 'package': '@0xsequence/guard_0.35.7', 'message': 'no deps or dev-deps'}
{'statusCode': 0, 'package': '@0xsequence/guard_0.35.8', 'message': 'no deps or dev-deps'}
{'statusCode': 0, 'package': '@0xsequence/guard_0.35.9', 'message': 'no deps or dev-deps'}
{'statusCode': 0, 'package': '@0xsequence/guard_0.35.10', 'message': 'no deps or dev-deps'}
{'statusCode': 0, 'package': '@0xsequence/guard_0.35.11', 'message': 'no deps or dev-deps'}
{'statusCode': 0, 'package': '@0xsequence/guard_0.35.12', 'message': 'no deps or dev-deps'}
{'statusCode': 0, 'package': '@0xsequence/guard_0.36.0', 'message': 'no deps or dev-deps'}
{'statusCode': 0, 'package': '@0xsequence/guard_0.36.1', 'message': 'no deps or dev-deps'}
{'statusCode': 0, 'package': '@0xsequence/guard_0.36.2', 'message': 'no deps or dev-deps'}
{'statusCode': 0, 'package': '@0xsequence/guard_0.36.3', 'message': 'no deps or dev-deps'}
{'statusCode': 0, 'package': '@0xsequence/guard_0.36.4', 'message': 'no deps or dev-deps'}
{'statusCode': 0, 'package': '@0xsequence/guard_0.36.5', 'message': 'no deps or dev-deps'}
{'statusCode': 0, 'package': '@0xsequence/guard_0.36.6', 'message': 'no deps or dev-deps'}
{'statusCode': 0, 'package': '@0xsequence/guard_0.36.7', 'message': 'no deps or dev-deps'}
{'statusCode': 0, 'package': '@0xsequence/guard_0.36.8', 'message': 'no deps or dev-deps'}
{'statusCode': 0, 'package': '@0xsequence/guard_0.36.9', 'message': 'no deps or dev-deps'}
{'statusCode': 0, 'package': '@0xsequence/guard_0.36.10', 'message': 'no deps or dev-deps'}
{'statusCode': 0, 'package': '@0xsequence/guard_0.0.0-20220418165517', 'message': 'no deps or dev-deps'}
{'statusCode': 0, 'package': '@0xsequence/guard_0.36.11', 'message': 'no deps or dev-deps'}
{'statusCode': 0, 'package': '@0xsequence/guard_0.0.0-20220425195445', 'message': 'no deps or dev-deps'}
{'statusCode': 0, 'package': '@0xsequence/guard_0.36.12', 'message': 'no deps or dev-deps'}
{'statusCode': 0, 'package': '@0xsequence/guard_0.0.0-20220427054350', 'message': 'no deps or dev-deps'}
{'statusCode': 0, 'package': '@0xsequence/guard_0.0.0-20220427055332', 'message': 'no deps or dev-deps'}
{'statusCode': 0, 'package': '@0xsequence/guard_0.0.0-20220427161307', 'message': 'no deps or dev-deps'}
{'statusCode': 0, 'package': '@0xsequence/guard_0.0.0-20220427162812', 'message': 'no deps or dev-deps'}
{'statusCode': 0, 'package': '@0xsequence/guard_0.36.13', 'message': 'no deps or dev-deps'}
{'statusCode': 0, 'package': '@0xsequence/guard_0.37.0', 'message': 'no deps or dev-deps'}
{'statusCode': 0, 'package': '@0xsequence/guard_0.37.1', 'message': 'no deps or dev-deps'}
{'statusCode': 0, 'package': '@0xsequence/guard_0.0.0-20220506174803', 'message': 'no deps or dev-deps'}
{'statusCode': 0, 'package': '@0xsequence/guard_0.0.0-20220506195001', 'message': 'no deps or dev-deps'}
{'statusCode': 0, 'package': '@0xsequence/guard_0.0.0-20220513134147', 'message': 'no deps or dev-deps'}
{'statusCode': 0, 'package': '@0xsequence/guard_0.38.0', 'message': 'no deps or dev-deps'}
{'statusCode': 0, 'package': '@0xsequence/guard_0.38.1', 'message': 'no deps or dev-deps'}
{'statusCode': 0, 'package': '@0xsequence/guard_0.38.2', 'message': 'no deps or dev-deps'}
{'statusCode': 0, 'package': '@0xsequence/guard_0.39.0', 'message': 'no deps or dev-deps'}
{'statusCode': 0, 'package': '@0xsequence/guard_0.0.0-20220519151110', 'message': 'no deps or dev-deps'}
{'statusCode': 0, 'package': '@0xsequence/guard_0.0.0-20220519202656', 'message': 'no deps or dev-deps'}
{'statusCode': 0, 'package': '@0xsequence/guard_0.0.0-20220601185217', 'message': 'no deps or dev-deps'}
{'statusCode': 0, 'package': '@0xsequence/guard_0.39.1', 'message': 'no deps or dev-deps'}
{'statusCode': 0, 'package': '@0xsequence/guard_0.39.2', 'message': 'no deps or dev-deps'}
{'statusCode': 0, 'package': '@0xsequence/guard_0.0.0-20220609204505', 'message': 'no deps or dev-deps'}
{'statusCode': 0, 'package': '@0xsequence/guard_0.0.0-20220610134843', 'message': 'no deps or dev-deps'}
{'statusCode': 0, 'package': '@0xsequence/guard_0.39.3', 'message': 'no deps or dev-deps'}
{'statusCode': 0, 'package': '@0xsequence/guard_0.0.0-20220614152529', 'message': 'no deps or dev-deps'}
{'statusCode': 0, 'package': '@0xsequence/guard_0.0.0-20220616121217', 'message': 'no deps or dev-deps'}
{'statusCode': 0, 'package': '@0xsequence/guard_0.39.4', 'message': 'no deps or dev-deps'}
{'statusCode': 0, 'package': '@0xsequence/guard_0.39.5', 'message': 'no deps or dev-deps'}
{'statusCode': 0, 'package': '@0xsequence/guard_0.39.6', 'message': 'no deps or dev-deps'}
{'statusCode': 0, 'package': '@0xsequence/guard_0.0.0-26b08ee9-20220629135033', 'message': 'no deps or dev-deps'}
{'statusCode': 0, 'package': '@0xsequence/guard_0.0.0-cdbb3137-20220630190630', 'message': 'no deps or dev-deps'}
{'statusCode': 0, 'package': '@0xsequence/guard_0.0.0-cdbb3137-20220630191603', 'message': 'no deps or dev-deps'}
{'statusCode': 0, 'package': '@0xsequence/guard_0.0.0-cdbb3137-20220630192830', 'message': 'no deps or dev-deps'}
{'statusCode': 0, 'package': '@0xsequence/guard_0.0.0-20220630194654', 'message': 'no deps or dev-deps'}
{'statusCode': 0, 'package': '@0xsequence/guard_0.0.0-20220630211555', 'message': 'no deps or dev-deps'}
{'statusCode': 0, 'package': '@0xsequence/guard_0.0.0-20220630215108', 'message': 'no deps or dev-deps'}
{'statusCode': 0, 'package': '@0xsequence/guard_0.0.0-20220703182449', 'message': 'no deps or dev-deps'}
{'statusCode': 0, 'package': '@0xsequence/guard_0.0.0-20220704043930', 'message': 'no deps or dev-deps'}
{'statusCode': 0, 'package': '@0xsequence/guard_0.0.0-20220706193010', 'message': 'no deps or dev-deps'}
{'statusCode': 0, 'package': '@0xsequence/guard_0.0.0-20220710174545', 'message': 'no deps or dev-deps'}
{'statusCode': 0, 'package': '@0xsequence/guard_0.0.0-coolcats-0.36.12-20220711222640', 'message': 'no deps or dev-deps'}
{'statusCode': 0, 'package': '@0xsequence/guard_0.40.0', 'message': 'no deps or dev-deps'}
{'statusCode': 0, 'package': '@0xsequence/guard_0.40.1', 'message': 'no deps or dev-deps'}
{'statusCode': 0, 'package': '@0xsequence/guard_0.0.0-20220713211319', 'message': 'no deps or dev-deps'}
{'statusCode': 0, 'package': '@0xsequence/guard_0.0.0-20220714164224', 'message': 'no deps or dev-deps'}
{'statusCode': 0, 'package': '@0xsequence/guard_0.40.2', 'message': 'no deps or dev-deps'}
{'statusCode': 0, 'package': '@0xsequence/guard_0.0.0-20220719173737', 'message': 'no deps or dev-deps'}
{'statusCode': 0, 'package': '@0xsequence/guard_0.0.0-20220722145329', 'message': 'no deps or dev-deps'}
{'statusCode': 0, 'package': '@0xsequence/guard_0.0.0-20220725200200', 'message': 'no deps or dev-deps'}
{'statusCode': 0, 'package': '@0xsequence/guard_0.40.3', 'message': 'no deps or dev-deps'}
{'statusCode': 0, 'package': '@0xsequence/guard_0.0.0-20220728141414', 'message': 'no deps or dev-deps'}
{'statusCode': 0, 'package': '@0xsequence/guard_0.40.4', 'message': 'no deps or dev-deps'}
{'statusCode': 0, 'package': '@0xsequence/guard_0.0.0-20220728215555', 'message': 'no deps or dev-deps'}
{'statusCode': 0, 'package': '@0xsequence/guard_0.40.5', 'message': 'no deps or dev-deps'}
{'statusCode': 0, 'package': '@0xsequence/guard_0.0.0-20220804202525', 'message': 'no deps or dev-deps'}
{'statusCode': 0, 'package': '@0xsequence/guard_0.40.6', 'message': 'no deps or dev-deps'}
{'statusCode': 0, 'package': '@0xsequence/guard_0.0.0-20220825181818', 'message': 'no deps or dev-deps'}
{'statusCode': 0, 'package': '@0xsequence/guard_0.0.0-20220825190100', 'message': 'no deps or dev-deps'}
{'statusCode': 0, 'package': '@0xsequence/guard_0.41.0', 'message': 'no deps or dev-deps'}
{'statusCode': 0, 'package': '@0xsequence/guard_0.41.1', 'message': 'no deps or dev-deps'}
{'statusCode': 0, 'package': '@0xsequence/guard_0.41.2', 'message': 'no deps or dev-deps'}
{'statusCode': 0, 'package': '@0xsequence/guard_0.41.3', 'message': 'no deps or dev-deps'}
{'statusCode': 0, 'package': '@0xsequence/guard_0.42.0', 'message': 'no deps or dev-deps'}
{'statusCode': 0, 'package': '@0xsequence/guard_0.42.1', 'message': 'no deps or dev-deps'}
{'statusCode': 0, 'package': '@0xsequence/guard_0.42.2', 'message': 'no deps or dev-deps'}
{'statusCode': 0, 'package': '@0xsequence/guard_0.42.3', 'message': 'no deps or dev-deps'}
{'statusCode': 0, 'package': '@0xsequence/guard_0.42.4', 'message': 'no deps or dev-deps'}
{'statusCode': 0, 'package': '@0xsequence/guard_0.42.5', 'message': 'no deps or dev-deps'}
{'statusCode': 0, 'package': '@0xsequence/guard_0.42.6', 'message': 'no deps or dev-deps'}
{'statusCode': 0, 'package': '@0xsequence/guard_0.42.7', 'message': 'no deps or dev-deps'}
{'statusCode': 0, 'package': '@0xsequence/guard_0.42.8', 'message': 'no deps or dev-deps'}
{'statusCode': 0, 'package': '@0xsequence/guard_0.42.9', 'message': 'no deps or dev-deps'}
{'statusCode': 0, 'package': '@0xsequence/guard_0.42.10', 'message': 'no deps or dev-deps'}
{'statusCode': 0, 'package': '@0xsequence/guard_0.43.0', 'message': 'no deps or dev-deps'}
{'statusCode': 0, 'package': '@0xsequence/guard_0.43.1', 'message': 'no deps or dev-deps'}
{'statusCode': 0, 'package': '@0xsequence/guard_0.43.2', 'message': 'no deps or dev-deps'}
{'statusCode': 0, 'package': '@0xsequence/guard_0.43.3', 'message': 'no deps or dev-deps'}
{'statusCode': 0, 'package': '@0xsequence/guard_0.0.0-20221124173317', 'message': 'no deps or dev-deps'}
{'statusCode': 0, 'package': '@0xsequence/guard_0.43.4', 'message': 'no deps or dev-deps'}
{'statusCode': 0, 'package': '@0xsequence/guard_0.43.5', 'message': 'no deps or dev-deps'}
{'statusCode': 0, 'package': '@0xsequence/guard_0.43.6', 'message': 'no deps or dev-deps'}
{'statusCode': 0, 'package': '@0xsequence/guard_0.43.7', 'message': 'no deps or dev-deps'}
{'statusCode': 0, 'package': '@0xsequence/guard_0.7.0', 'message': 'no deps or dev-deps'}
{'statusCode': 0, 'package': '@0xsequence/guard_0.8.0', 'message': 'no deps or dev-deps'}
{'statusCode': 0, 'package': '@0xsequence/guard_0.8.1', 'message': 'no deps or dev-deps'}
{'statusCode': 0, 'package': '@0xsequence/guard_0.8.2', 'message': 'no deps or dev-deps'}
{'statusCode': 0, 'package': '@0xsequence/guard_0.8.3', 'message': 'no deps or dev-deps'}
{'statusCode': 0, 'package': '@0xsequence/guard_0.8.4', 'message': 'no deps or dev-deps'}
{'statusCode': 0, 'package': '@0xsequence/guard_0.8.5', 'message': 'no deps or dev-deps'}
{'statusCode': 0, 'package': '@0xsequence/guard_0.9.1', 'message': 'no deps or dev-deps'}
{'statusCode': 0, 'package': '@0xsequence/guard_0.9.3', 'message': 'no deps or dev-deps'}
{'statusCode': 0, 'package': '@0xsequence/guard_0.9.6', 'message': 'no deps or dev-deps'}
{'statusCode': 0, 'package': '@0xsequence/guard_0.10.0', 'message': 'no deps or dev-deps'}
{'statusCode': 0, 'package': '@0xsequence/guard_0.10.1', 'message': 'no deps or dev-deps'}
{'statusCode': 0, 'package': '@0xsequence/guard_0.10.2', 'message': 'no deps or dev-deps'}
{'statusCode': 0, 'package': '@0xsequence/guard_0.10.3', 'message': 'no deps or dev-deps'}
{'statusCode': 0, 'package': '@0xsequence/guard_0.10.4', 'message': 'no deps or dev-deps'}
{'statusCode': 0, 'package': '@0xsequence/guard_0.10.5', 'message': 'no deps or dev-deps'}
{'statusCode': 0, 'package': '@0xsequence/guard_0.10.6', 'message': 'no deps or dev-deps'}
{'statusCode': 0, 'package': '@0xsequence/guard_0.10.7', 'message': 'no deps or dev-deps'}
{'statusCode': 0, 'package': '@0xsequence/guard_0.10.8', 'message': 'no deps or dev-deps'}
{'statusCode': 0, 'package': '@0xsequence/guard_0.10.9', 'message': 'no deps or dev-deps'}
{'statusCode': 0, 'package': '@0xsequence/guard_0.11.0', 'message': 'no deps or dev-deps'}
{'statusCode': 0, 'package': '@0xsequence/guard_0.11.1', 'message': 'no deps or dev-deps'}
{'statusCode': 0, 'package': '@0xsequence/guard_0.11.2', 'message': 'no deps or dev-deps'}
{'statusCode': 0, 'package': '@0xsequence/guard_0.11.3', 'message': 'no deps or dev-deps'}
{'statusCode': 0, 'package': '@0xsequence/guard_0.11.4', 'message': 'no deps or dev-deps'}
{'statusCode': 0, 'package': '@0xsequence/guard_0.12.0', 'message': 'no deps or dev-deps'}
{'statusCode': 0, 'package': '@0xsequence/guard_0.12.1', 'message': 'no deps or dev-deps'}
{'statusCode': 0, 'package': '@0xsequence/guard_0.13.0', 'message': 'no deps or dev-deps'}
{'statusCode': 0, 'package': '@0xsequence/guard_0.14.0', 'message': 'no deps or dev-deps'}
{'statusCode': 0, 'package': '@0xsequence/guard_0.14.3', 'message': 'no deps or dev-deps'}
{'statusCode': 0, 'package': '@0xsequence/guard_0.15.1', 'message': 'no deps or dev-deps'}
{'statusCode': 0, 'package': '@0xsequence/guard_0.16.0', 'message': 'no deps or dev-deps'}
{'statusCode': 0, 'package': '@0xsequence/guard_0.18.0', 'message': 'no deps or dev-deps'}
{'statusCode': 0, 'package': '@0xsequence/guard_0.19.0', 'message': 'no deps or dev-deps'}
{'statusCode': 0, 'package': '@0xsequence/guard_0.19.3', 'message': 'no deps or dev-deps'}
{'statusCode': 0, 'package': '@0xsequence/guard_0.21.0', 'message': 'no deps or dev-deps'}
{'statusCode': 0, 'package': '@0xsequence/guard_0.21.2', 'message': 'no deps or dev-deps'}
{'statusCode': 0, 'package': '@0xsequence/guard_0.21.3', 'message': 'no deps or dev-deps'}
{'statusCode': 0, 'package': '@0xsequence/guard_0.21.4', 'message': 'no deps or dev-deps'}
{'statusCode': 0, 'package': '@0xsequence/guard_0.21.5', 'message': 'no deps or dev-deps'}
{'statusCode': 0, 'package': '@0xsequence/guard_0.22.0', 'message': 'no deps or dev-deps'}
{'statusCode': 0, 'package': '@0xsequence/guard_0.22.1', 'message': 'no deps or dev-deps'}
{'statusCode': 0, 'package': '@0xsequence/guard_0.22.2', 'message': 'no deps or dev-deps'}
{'statusCode': 0, 'package': '@0xsequence/guard_0.23.0', 'message': 'no deps or dev-deps'}
{'statusCode': 0, 'package': '@0xsequence/guard_0.25.0', 'message': 'no deps or dev-deps'}
{'statusCode': 0, 'package': '@0xsequence/guard_0.25.1', 'message': 'no deps or dev-deps'}
{'statusCode': 0, 'package': '@0xsequence/guard_0.27.0', 'message': 'no deps or dev-deps'}
{'statusCode': 0, 'package': '@0xsequence/guard_0.28.0', 'message': 'no deps or dev-deps'}
{'statusCode': 0, 'package': '@0xsequence/guard_0.0.0-2021827201516', 'message': 'no deps or dev-deps'}
{'statusCode': 0, 'package': '@0xsequence/guard_0.29.8', 'message': 'no deps or dev-deps'}
{'statusCode': 0, 'package': '@0xsequence/guard_0.30.0', 'message': 'no deps or dev-deps'}
{'statusCode': 0, 'package': '@0xsequence/guard_0.31.0', 'message': 'no deps or dev-deps'}
{'statusCode': 0, 'package': '@0xsequence/guard_0.34.0', 'message': 'no deps or dev-deps'}
{'statusCode': 0, 'package': '@0xsequence/guard_0.35.0', 'message': 'no deps or dev-deps'}
{'statusCode': 0, 'package': '@0xsequence/guard_0.35.1', 'message': 'no deps or dev-deps'}
{'statusCode': 0, 'package': '@0xsequence/guard_0.35.2', 'message': 'no deps or dev-deps'}
{'statusCode': 0, 'package': '@0xsequence/guard_0.35.3', 'message': 'no deps or dev-deps'}
{'statusCode': 0, 'package': '@0xsequence/guard_0.35.4', 'message': 'no deps or dev-deps'}
{'statusCode': 0, 'package': '@0xsequence/guard_0.35.5', 'message': 'no deps or dev-deps'}
{'statusCode': 0, 'package': '@0xsequence/guard_0.35.6', 'message': 'no deps or dev-deps'}
{'statusCode': 0, 'package': '@0xsequence/guard_0.35.7', 'message': 'no deps or dev-deps'}
{'statusCode': 0, 'package': '@0xsequence/guard_0.35.8', 'message': 'no deps or dev-deps'}
{'statusCode': 0, 'package': '@0xsequence/guard_0.35.9', 'message': 'no deps or dev-deps'}
{'statusCode': 0, 'package': '@0xsequence/guard_0.35.10', 'message': 'no deps or dev-deps'}
{'statusCode': 0, 'package': '@0xsequence/guard_0.35.11', 'message': 'no deps or dev-deps'}
{'statusCode': 0, 'package': '@0xsequence/guard_0.35.12', 'message': 'no deps or dev-deps'}
{'statusCode': 0, 'package': '@0xsequence/guard_0.36.0', 'message': 'no deps or dev-deps'}
{'statusCode': 0, 'package': '@0xsequence/guard_0.36.1', 'message': 'no deps or dev-deps'}
{'statusCode': 0, 'package': '@0xsequence/guard_0.36.2', 'message': 'no deps or dev-deps'}
{'statusCode': 0, 'package': '@0xsequence/guard_0.36.3', 'message': 'no deps or dev-deps'}
{'statusCode': 0, 'package': '@0xsequence/guard_0.36.4', 'message': 'no deps or dev-deps'}
{'statusCode': 0, 'package': '@0xsequence/guard_0.36.5', 'message': 'no deps or dev-deps'}
{'statusCode': 0, 'package': '@0xsequence/guard_0.36.6', 'message': 'no deps or dev-deps'}
{'statusCode': 0, 'package': '@0xsequence/guard_0.36.7', 'message': 'no deps or dev-deps'}
{'statusCode': 0, 'package': '@0xsequence/guard_0.36.8', 'message': 'no deps or dev-deps'}
{'statusCode': 0, 'package': '@0xsequence/guard_0.36.9', 'message': 'no deps or dev-deps'}
{'statusCode': 0, 'package': '@0xsequence/guard_0.36.10', 'message': 'no deps or dev-deps'}
{'statusCode': 0, 'package': '@0xsequence/guard_0.0.0-20220418165517', 'message': 'no deps or dev-deps'}
{'statusCode': 0, 'package': '@0xsequence/guard_0.36.11', 'message': 'no deps or dev-deps'}
{'statusCode': 0, 'package': '@0xsequence/guard_0.0.0-20220425195445', 'message': 'no deps or dev-deps'}
{'statusCode': 0, 'package': '@0xsequence/guard_0.36.12', 'message': 'no deps or dev-deps'}
{'statusCode': 0, 'package': '@0xsequence/guard_0.0.0-20220427054350', 'message': 'no deps or dev-deps'}
{'statusCode': 0, 'package': '@0xsequence/guard_0.0.0-20220427055332', 'message': 'no deps or dev-deps'}
{'statusCode': 0, 'package': '@0xsequence/guard_0.0.0-20220427161307', 'message': 'no deps or dev-deps'}
{'statusCode': 0, 'package': '@0xsequence/guard_0.0.0-20220427162812', 'message': 'no deps or dev-deps'}
{'statusCode': 0, 'package': '@0xsequence/guard_0.36.13', 'message': 'no deps or dev-deps'}
{'statusCode': 0, 'package': '@0xsequence/guard_0.37.0', 'message': 'no deps or dev-deps'}
{'statusCode': 0, 'package': '@0xsequence/guard_0.37.1', 'message': 'no deps or dev-deps'}
{'statusCode': 0, 'package': '@0xsequence/guard_0.0.0-20220506174803', 'message': 'no deps or dev-deps'}
{'statusCode': 0, 'package': '@0xsequence/guard_0.0.0-20220506195001', 'message': 'no deps or dev-deps'}
{'statusCode': 0, 'package': '@0xsequence/guard_0.0.0-20220513134147', 'message': 'no deps or dev-deps'}
{'statusCode': 0, 'package': '@0xsequence/guard_0.38.0', 'message': 'no deps or dev-deps'}
{'statusCode': 0, 'package': '@0xsequence/guard_0.38.1', 'message': 'no deps or dev-deps'}
{'statusCode': 0, 'package': '@0xsequence/guard_0.38.2', 'message': 'no deps or dev-deps'}
{'statusCode': 0, 'package': '@0xsequence/guard_0.39.0', 'message': 'no deps or dev-deps'}
{'statusCode': 0, 'package': '@0xsequence/guard_0.0.0-20220519151110', 'message': 'no deps or dev-deps'}
{'statusCode': 0, 'package': '@0xsequence/guard_0.0.0-20220519202656', 'message': 'no deps or dev-deps'}
{'statusCode': 0, 'package': '@0xsequence/guard_0.0.0-20220601185217', 'message': 'no deps or dev-deps'}
{'statusCode': 0, 'package': '@0xsequence/guard_0.39.1', 'message': 'no deps or dev-deps'}
{'statusCode': 0, 'package': '@0xsequence/guard_0.39.2', 'message': 'no deps or dev-deps'}
{'statusCode': 0, 'package': '@0xsequence/guard_0.0.0-20220609204505', 'message': 'no deps or dev-deps'}
{'statusCode': 0, 'package': '@0xsequence/guard_0.0.0-20220610134843', 'message': 'no deps or dev-deps'}
{'statusCode': 0, 'package': '@0xsequence/guard_0.39.3', 'message': 'no deps or dev-deps'}
{'statusCode': 0, 'package': '@0xsequence/guard_0.0.0-20220614152529', 'message': 'no deps or dev-deps'}
{'statusCode': 0, 'package': '@0xsequence/guard_0.0.0-20220616121217', 'message': 'no deps or dev-deps'}
{'statusCode': 0, 'package': '@0xsequence/guard_0.39.4', 'message': 'no deps or dev-deps'}
{'statusCode': 0, 'package': '@0xsequence/guard_0.39.5', 'message': 'no deps or dev-deps'}
{'statusCode': 0, 'package': '@0xsequence/guard_0.39.6', 'message': 'no deps or dev-deps'}
{'statusCode': 0, 'package': '@0xsequence/guard_0.0.0-26b08ee9-20220629135033', 'message': 'no deps or dev-deps'}
{'statusCode': 0, 'package': '@0xsequence/guard_0.0.0-cdbb3137-20220630190630', 'message': 'no deps or dev-deps'}
{'statusCode': 0, 'package': '@0xsequence/guard_0.0.0-cdbb3137-20220630191603', 'message': 'no deps or dev-deps'}
{'statusCode': 0, 'package': '@0xsequence/guard_0.0.0-cdbb3137-20220630192830', 'message': 'no deps or dev-deps'}
{'statusCode': 0, 'package': '@0xsequence/guard_0.0.0-20220630194654', 'message': 'no deps or dev-deps'}
{'statusCode': 0, 'package': '@0xsequence/guard_0.0.0-20220630211555', 'message': 'no deps or dev-deps'}
{'statusCode': 0, 'package': '@0xsequence/guard_0.0.0-20220630215108', 'message': 'no deps or dev-deps'}
{'statusCode': 0, 'package': '@0xsequence/guard_0.0.0-20220703182449', 'message': 'no deps or dev-deps'}
{'statusCode': 0, 'package': '@0xsequence/guard_0.0.0-20220704043930', 'message': 'no deps or dev-deps'}
{'statusCode': 0, 'package': '@0xsequence/guard_0.0.0-20220706193010', 'message': 'no deps or dev-deps'}
{'statusCode': 0, 'package': '@0xsequence/guard_0.0.0-20220710174545', 'message': 'no deps or dev-deps'}
{'statusCode': 0, 'package': '@0xsequence/guard_0.0.0-coolcats-0.36.12-20220711222640', 'message': 'no deps or dev-deps'}
{'statusCode': 0, 'package': '@0xsequence/guard_0.40.0', 'message': 'no deps or dev-deps'}
{'statusCode': 0, 'package': '@0xsequence/guard_0.40.1', 'message': 'no deps or dev-deps'}
{'statusCode': 0, 'package': '@0xsequence/guard_0.0.0-20220713211319', 'message': 'no deps or dev-deps'}
{'statusCode': 0, 'package': '@0xsequence/guard_0.0.0-20220714164224', 'message': 'no deps or dev-deps'}
{'statusCode': 0, 'package': '@0xsequence/guard_0.40.2', 'message': 'no deps or dev-deps'}
{'statusCode': 0, 'package': '@0xsequence/guard_0.0.0-20220719173737', 'message': 'no deps or dev-deps'}
{'statusCode': 0, 'package': '@0xsequence/guard_0.0.0-20220722145329', 'message': 'no deps or dev-deps'}
{'statusCode': 0, 'package': '@0xsequence/guard_0.0.0-20220725200200', 'message': 'no deps or dev-deps'}
{'statusCode': 0, 'package': '@0xsequence/guard_0.40.3', 'message': 'no deps or dev-deps'}
{'statusCode': 0, 'package': '@0xsequence/guard_0.0.0-20220728141414', 'message': 'no deps or dev-deps'}
{'statusCode': 0, 'package': '@0xsequence/guard_0.40.4', 'message': 'no deps or dev-deps'}
{'statusCode': 0, 'package': '@0xsequence/guard_0.0.0-20220728215555', 'message': 'no deps or dev-deps'}
{'statusCode': 0, 'package': '@0xsequence/guard_0.40.5', 'message': 'no deps or dev-deps'}
{'statusCode': 0, 'package': '@0xsequence/guard_0.0.0-20220804202525', 'message': 'no deps or dev-deps'}
{'statusCode': 0, 'package': '@0xsequence/guard_0.40.6', 'message': 'no deps or dev-deps'}
{'statusCode': 0, 'package': '@0xsequence/guard_0.0.0-20220825181818', 'message': 'no deps or dev-deps'}
{'statusCode': 0, 'package': '@0xsequence/guard_0.0.0-20220825190100', 'message': 'no deps or dev-deps'}
{'statusCode': 0, 'package': '@0xsequence/guard_0.41.0', 'message': 'no deps or dev-deps'}
{'statusCode': 0, 'package': '@0xsequence/guard_0.41.1', 'message': 'no deps or dev-deps'}
{'statusCode': 0, 'package': '@0xsequence/guard_0.41.2', 'message': 'no deps or dev-deps'}
{'statusCode': 0, 'package': '@0xsequence/guard_0.41.3', 'message': 'no deps or dev-deps'}
{'statusCode': 0, 'package': '@0xsequence/guard_0.42.0', 'message': 'no deps or dev-deps'}
{'statusCode': 0, 'package': '@0xsequence/guard_0.42.1', 'message': 'no deps or dev-deps'}
{'statusCode': 0, 'package': '@0xsequence/guard_0.42.2', 'message': 'no deps or dev-deps'}
{'statusCode': 0, 'package': '@0xsequence/guard_0.42.3', 'message': 'no deps or dev-deps'}
{'statusCode': 0, 'package': '@0xsequence/guard_0.42.4', 'message': 'no deps or dev-deps'}
{'statusCode': 0, 'package': '@0xsequence/guard_0.42.5', 'message': 'no deps or dev-deps'}
{'statusCode': 0, 'package': '@0xsequence/guard_0.42.6', 'message': 'no deps or dev-deps'}
{'statusCode': 0, 'package': '@0xsequence/guard_0.42.7', 'message': 'no deps or dev-deps'}
{'statusCode': 0, 'package': '@0xsequence/guard_0.42.8', 'message': 'no deps or dev-deps'}
{'statusCode': 0, 'package': '@0xsequence/guard_0.42.9', 'message': 'no deps or dev-deps'}
{'statusCode': 0, 'package': '@0xsequence/guard_0.42.10', 'message': 'no deps or dev-deps'}
{'statusCode': 0, 'package': '@0xsequence/guard_0.43.0', 'message': 'no deps or dev-deps'}
{'statusCode': 0, 'package': '@0xsequence/guard_0.43.1', 'message': 'no deps or dev-deps'}
{'statusCode': 0, 'package': '@0xsequence/guard_0.43.2', 'message': 'no deps or dev-deps'}
{'statusCode': 0, 'package': '@0xsequence/guard_0.43.3', 'message': 'no deps or dev-deps'}
{'statusCode': 0, 'package': '@0xsequence/guard_0.0.0-20221124173317', 'message': 'no deps or dev-deps'}
{'statusCode': 0, 'package': '@0xsequence/guard_0.43.4', 'message': 'no deps or dev-deps'}
{'statusCode': 0, 'package': '@0xsequence/guard_0.43.5', 'message': 'no deps or dev-deps'}
{'statusCode': 0, 'package': '@0xsequence/guard_0.43.6', 'message': 'no deps or dev-deps'}
{'statusCode': 0, 'package': '@0xsequence/guard_0.43.7', 'message': 'no deps or dev-deps'}
{'statusCode': 0, 'package': '@0xsequence/guard_0.7.0', 'message': 'no deps or dev-deps'}
{'statusCode': 0, 'package': '@0xsequence/guard_0.8.0', 'message': 'no deps or dev-deps'}
{'statusCode': 0, 'package': '@0xsequence/guard_0.8.1', 'message': 'no deps or dev-deps'}
{'statusCode': 0, 'package': '@0xsequence/guard_0.8.2', 'message': 'no deps or dev-deps'}
{'statusCode': 0, 'package': '@0xsequence/guard_0.8.3', 'message': 'no deps or dev-deps'}
{'statusCode': 0, 'package': '@0xsequence/guard_0.8.4', 'message': 'no deps or dev-deps'}
{'statusCode': 0, 'package': '@0xsequence/guard_0.8.5', 'message': 'no deps or dev-deps'}
{'statusCode': 0, 'package': '@0xsequence/guard_0.9.1', 'message': 'no deps or dev-deps'}
{'statusCode': 0, 'package': '@0xsequence/guard_0.9.3', 'message': 'no deps or dev-deps'}
{'statusCode': 0, 'package': '@0xsequence/guard_0.9.6', 'message': 'no deps or dev-deps'}
{'statusCode': 0, 'package': '@0xsequence/guard_0.10.0', 'message': 'no deps or dev-deps'}
{'statusCode': 0, 'package': '@0xsequence/guard_0.10.1', 'message': 'no deps or dev-deps'}
{'statusCode': 0, 'package': '@0xsequence/guard_0.10.2', 'message': 'no deps or dev-deps'}
{'statusCode': 0, 'package': '@0xsequence/guard_0.10.3', 'message': 'no deps or dev-deps'}
{'statusCode': 0, 'package': '@0xsequence/guard_0.10.4', 'message': 'no deps or dev-deps'}
{'statusCode': 0, 'package': '@0xsequence/guard_0.10.5', 'message': 'no deps or dev-deps'}
{'statusCode': 0, 'package': '@0xsequence/guard_0.10.6', 'message': 'no deps or dev-deps'}
{'statusCode': 0, 'package': '@0xsequence/guard_0.10.7', 'message': 'no deps or dev-deps'}
{'statusCode': 0, 'package': '@0xsequence/guard_0.10.8', 'message': 'no deps or dev-deps'}
{'statusCode': 0, 'package': '@0xsequence/guard_0.10.9', 'message': 'no deps or dev-deps'}
{'statusCode': 0, 'package': '@0xsequence/guard_0.11.0', 'message': 'no deps or dev-deps'}
{'statusCode': 0, 'package': '@0xsequence/guard_0.11.1', 'message': 'no deps or dev-deps'}
{'statusCode': 0, 'package': '@0xsequence/guard_0.11.2', 'message': 'no deps or dev-deps'}
{'statusCode': 0, 'package': '@0xsequence/guard_0.11.3', 'message': 'no deps or dev-deps'}
{'statusCode': 0, 'package': '@0xsequence/guard_0.11.4', 'message': 'no deps or dev-deps'}
{'statusCode': 0, 'package': '@0xsequence/guard_0.12.0', 'message': 'no deps or dev-deps'}
{'statusCode': 0, 'package': '@0xsequence/guard_0.12.1', 'message': 'no deps or dev-deps'}
{'statusCode': 0, 'package': '@0xsequence/guard_0.13.0', 'message': 'no deps or dev-deps'}
{'statusCode': 0, 'package': '@0xsequence/guard_0.14.0', 'message': 'no deps or dev-deps'}
{'statusCode': 0, 'package': '@0xsequence/guard_0.14.3', 'message': 'no deps or dev-deps'}
{'statusCode': 0, 'package': '@0xsequence/guard_0.15.1', 'message': 'no deps or dev-deps'}
{'statusCode': 0, 'package': '@0xsequence/guard_0.16.0', 'message': 'no deps or dev-deps'}
{'statusCode': 0, 'package': '@0xsequence/guard_0.18.0', 'message': 'no deps or dev-deps'}
{'statusCode': 0, 'package': '@0xsequence/guard_0.19.0', 'message': 'no deps or dev-deps'}
{'statusCode': 0, 'package': '@0xsequence/guard_0.19.3', 'message': 'no deps or dev-deps'}
{'statusCode': 0, 'package': '@0xsequence/guard_0.21.0', 'message': 'no deps or dev-deps'}
{'statusCode': 0, 'package': '@0xsequence/guard_0.21.2', 'message': 'no deps or dev-deps'}
{'statusCode': 0, 'package': '@0xsequence/guard_0.21.3', 'message': 'no deps or dev-deps'}
{'statusCode': 0, 'package': '@0xsequence/guard_0.21.4', 'message': 'no deps or dev-deps'}
{'statusCode': 0, 'package': '@0xsequence/guard_0.21.5', 'message': 'no deps or dev-deps'}
{'statusCode': 0, 'package': '@0xsequence/guard_0.22.0', 'message': 'no deps or dev-deps'}
{'statusCode': 0, 'package': '@0xsequence/guard_0.22.1', 'message': 'no deps or dev-deps'}
{'statusCode': 0, 'package': '@0xsequence/guard_0.22.2', 'message': 'no deps or dev-deps'}
{'statusCode': 0, 'package': '@0xsequence/guard_0.23.0', 'message': 'no deps or dev-deps'}
{'statusCode': 0, 'package': '@0xsequence/guard_0.25.0', 'message': 'no deps or dev-deps'}
{'statusCode': 0, 'package': '@0xsequence/guard_0.25.1', 'message': 'no deps or dev-deps'}
{'statusCode': 0, 'package': '@0xsequence/guard_0.27.0', 'message': 'no deps or dev-deps'}
{'statusCode': 0, 'package': '@0xsequence/guard_0.28.0', 'message': 'no deps or dev-deps'}
{'statusCode': 0, 'package': '@0xsequence/guard_0.0.0-2021827201516', 'message': 'no deps or dev-deps'}
{'statusCode': 0, 'package': '@0xsequence/guard_0.29.8', 'message': 'no deps or dev-deps'}
{'statusCode': 0, 'package': '@0xsequence/guard_0.30.0', 'message': 'no deps or dev-deps'}
{'statusCode': 0, 'package': '@0xsequence/guard_0.31.0', 'message': 'no deps or dev-deps'}
{'statusCode': 0, 'package': '@0xsequence/guard_0.34.0', 'message': 'no deps or dev-deps'}
{'statusCode': 0, 'package': '@0xsequence/guard_0.35.0', 'message': 'no deps or dev-deps'}
{'statusCode': 0, 'package': '@0xsequence/guard_0.35.1', 'message': 'no deps or dev-deps'}
{'statusCode': 0, 'package': '@0xsequence/guard_0.35.2', 'message': 'no deps or dev-deps'}
{'statusCode': 0, 'package': '@0xsequence/guard_0.35.3', 'message': 'no deps or dev-deps'}
{'statusCode': 0, 'package': '@0xsequence/guard_0.35.4', 'message': 'no deps or dev-deps'}
{'statusCode': 0, 'package': '@0xsequence/guard_0.35.5', 'message': 'no deps or dev-deps'}
{'statusCode': 0, 'package': '@0xsequence/guard_0.35.6', 'message': 'no deps or dev-deps'}
{'statusCode': 0, 'package': '@0xsequence/guard_0.35.7', 'message': 'no deps or dev-deps'}
{'statusCode': 0, 'package': '@0xsequence/guard_0.35.8', 'message': 'no deps or dev-deps'}
{'statusCode': 0, 'package': '@0xsequence/guard_0.35.9', 'message': 'no deps or dev-deps'}
{'statusCode': 0, 'package': '@0xsequence/guard_0.35.10', 'message': 'no deps or dev-deps'}
{'statusCode': 0, 'package': '@0xsequence/guard_0.35.11', 'message': 'no deps or dev-deps'}
{'statusCode': 0, 'package': '@0xsequence/guard_0.35.12', 'message': 'no deps or dev-deps'}
{'statusCode': 0, 'package': '@0xsequence/guard_0.36.0', 'message': 'no deps or dev-deps'}
{'statusCode': 0, 'package': '@0xsequence/guard_0.36.1', 'message': 'no deps or dev-deps'}
{'statusCode': 0, 'package': '@0xsequence/guard_0.36.2', 'message': 'no deps or dev-deps'}
{'statusCode': 0, 'package': '@0xsequence/guard_0.36.3', 'message': 'no deps or dev-deps'}
{'statusCode': 0, 'package': '@0xsequence/guard_0.36.4', 'message': 'no deps or dev-deps'}
{'statusCode': 0, 'package': '@0xsequence/guard_0.36.5', 'message': 'no deps or dev-deps'}
{'statusCode': 0, 'package': '@0xsequence/guard_0.36.6', 'message': 'no deps or dev-deps'}
{'statusCode': 0, 'package': '@0xsequence/guard_0.36.7', 'message': 'no deps or dev-deps'}
{'statusCode': 0, 'package': '@0xsequence/guard_0.36.8', 'message': 'no deps or dev-deps'}
{'statusCode': 0, 'package': '@0xsequence/guard_0.36.9', 'message': 'no deps or dev-deps'}
{'statusCode': 0, 'package': '@0xsequence/guard_0.36.10', 'message': 'no deps or dev-deps'}
{'statusCode': 0, 'package': '@0xsequence/guard_0.0.0-20220418165517', 'message': 'no deps or dev-deps'}
{'statusCode': 0, 'package': '@0xsequence/guard_0.36.11', 'message': 'no deps or dev-deps'}
{'statusCode': 0, 'package': '@0xsequence/guard_0.0.0-20220425195445', 'message': 'no deps or dev-deps'}
{'statusCode': 0, 'package': '@0xsequence/guard_0.36.12', 'message': 'no deps or dev-deps'}
{'statusCode': 0, 'package': '@0xsequence/guard_0.0.0-20220427054350', 'message': 'no deps or dev-deps'}
{'statusCode': 0, 'package': '@0xsequence/guard_0.0.0-20220427055332', 'message': 'no deps or dev-deps'}
{'statusCode': 0, 'package': '@0xsequence/guard_0.0.0-20220427161307', 'message': 'no deps or dev-deps'}
{'statusCode': 0, 'package': '@0xsequence/guard_0.0.0-20220427162812', 'message': 'no deps or dev-deps'}
{'statusCode': 0, 'package': '@0xsequence/guard_0.36.13', 'message': 'no deps or dev-deps'}
{'statusCode': 0, 'package': '@0xsequence/guard_0.37.0', 'message': 'no deps or dev-deps'}
{'statusCode': 0, 'package': '@0xsequence/guard_0.37.1', 'message': 'no deps or dev-deps'}
{'statusCode': 0, 'package': '@0xsequence/guard_0.0.0-20220506174803', 'message': 'no deps or dev-deps'}
{'statusCode': 0, 'package': '@0xsequence/guard_0.0.0-20220506195001', 'message': 'no deps or dev-deps'}
{'statusCode': 0, 'package': '@0xsequence/guard_0.0.0-20220513134147', 'message': 'no deps or dev-deps'}
{'statusCode': 0, 'package': '@0xsequence/guard_0.38.0', 'message': 'no deps or dev-deps'}
{'statusCode': 0, 'package': '@0xsequence/guard_0.38.1', 'message': 'no deps or dev-deps'}
{'statusCode': 0, 'package': '@0xsequence/guard_0.38.2', 'message': 'no deps or dev-deps'}
{'statusCode': 0, 'package': '@0xsequence/guard_0.39.0', 'message': 'no deps or dev-deps'}
{'statusCode': 0, 'package': '@0xsequence/guard_0.0.0-20220519151110', 'message': 'no deps or dev-deps'}
{'statusCode': 0, 'package': '@0xsequence/guard_0.0.0-20220519202656', 'message': 'no deps or dev-deps'}
{'statusCode': 0, 'package': '@0xsequence/guard_0.0.0-20220601185217', 'message': 'no deps or dev-deps'}
{'statusCode': 0, 'package': '@0xsequence/guard_0.39.1', 'message': 'no deps or dev-deps'}
{'statusCode': 0, 'package': '@0xsequence/guard_0.39.2', 'message': 'no deps or dev-deps'}
{'statusCode': 0, 'package': '@0xsequence/guard_0.0.0-20220609204505', 'message': 'no deps or dev-deps'}
{'statusCode': 0, 'package': '@0xsequence/guard_0.0.0-20220610134843', 'message': 'no deps or dev-deps'}
{'statusCode': 0, 'package': '@0xsequence/guard_0.39.3', 'message': 'no deps or dev-deps'}
{'statusCode': 0, 'package': '@0xsequence/guard_0.0.0-20220614152529', 'message': 'no deps or dev-deps'}
{'statusCode': 0, 'package': '@0xsequence/guard_0.0.0-20220616121217', 'message': 'no deps or dev-deps'}
{'statusCode': 0, 'package': '@0xsequence/guard_0.39.4', 'message': 'no deps or dev-deps'}
{'statusCode': 0, 'package': '@0xsequence/guard_0.39.5', 'message': 'no deps or dev-deps'}
{'statusCode': 0, 'package': '@0xsequence/guard_0.39.6', 'message': 'no deps or dev-deps'}
{'statusCode': 0, 'package': '@0xsequence/guard_0.0.0-26b08ee9-20220629135033', 'message': 'no deps or dev-deps'}
{'statusCode': 0, 'package': '@0xsequence/guard_0.0.0-cdbb3137-20220630190630', 'message': 'no deps or dev-deps'}
{'statusCode': 0, 'package': '@0xsequence/guard_0.0.0-cdbb3137-20220630191603', 'message': 'no deps or dev-deps'}
{'statusCode': 0, 'package': '@0xsequence/guard_0.0.0-cdbb3137-20220630192830', 'message': 'no deps or dev-deps'}
{'statusCode': 0, 'package': '@0xsequence/guard_0.0.0-20220630194654', 'message': 'no deps or dev-deps'}
{'statusCode': 0, 'package': '@0xsequence/guard_0.0.0-20220630211555', 'message': 'no deps or dev-deps'}
{'statusCode': 0, 'package': '@0xsequence/guard_0.0.0-20220630215108', 'message': 'no deps or dev-deps'}
{'statusCode': 0, 'package': '@0xsequence/guard_0.0.0-20220703182449', 'message': 'no deps or dev-deps'}
{'statusCode': 0, 'package': '@0xsequence/guard_0.0.0-20220704043930', 'message': 'no deps or dev-deps'}
{'statusCode': 0, 'package': '@0xsequence/guard_0.0.0-20220706193010', 'message': 'no deps or dev-deps'}
{'statusCode': 0, 'package': '@0xsequence/guard_0.0.0-20220710174545', 'message': 'no deps or dev-deps'}
{'statusCode': 0, 'package': '@0xsequence/guard_0.0.0-coolcats-0.36.12-20220711222640', 'message': 'no deps or dev-deps'}
{'statusCode': 0, 'package': '@0xsequence/guard_0.40.0', 'message': 'no deps or dev-deps'}
{'statusCode': 0, 'package': '@0xsequence/guard_0.40.1', 'message': 'no deps or dev-deps'}
{'statusCode': 0, 'package': '@0xsequence/guard_0.0.0-20220713211319', 'message': 'no deps or dev-deps'}
{'statusCode': 0, 'package': '@0xsequence/guard_0.0.0-20220714164224', 'message': 'no deps or dev-deps'}
{'statusCode': 0, 'package': '@0xsequence/guard_0.40.2', 'message': 'no deps or dev-deps'}
{'statusCode': 0, 'package': '@0xsequence/guard_0.0.0-20220719173737', 'message': 'no deps or dev-deps'}
{'statusCode': 0, 'package': '@0xsequence/guard_0.0.0-20220722145329', 'message': 'no deps or dev-deps'}
{'statusCode': 0, 'package': '@0xsequence/guard_0.0.0-20220725200200', 'message': 'no deps or dev-deps'}
{'statusCode': 0, 'package': '@0xsequence/guard_0.40.3', 'message': 'no deps or dev-deps'}
{'statusCode': 0, 'package': '@0xsequence/guard_0.0.0-20220728141414', 'message': 'no deps or dev-deps'}
{'statusCode': 0, 'package': '@0xsequence/guard_0.40.4', 'message': 'no deps or dev-deps'}
{'statusCode': 0, 'package': '@0xsequence/guard_0.0.0-20220728215555', 'message': 'no deps or dev-deps'}
{'statusCode': 0, 'package': '@0xsequence/guard_0.40.5', 'message': 'no deps or dev-deps'}
{'statusCode': 0, 'package': '@0xsequence/guard_0.0.0-20220804202525', 'message': 'no deps or dev-deps'}
{'statusCode': 0, 'package': '@0xsequence/guard_0.40.6', 'message': 'no deps or dev-deps'}
{'statusCode': 0, 'package': '@0xsequence/guard_0.0.0-20220825181818', 'message': 'no deps or dev-deps'}
{'statusCode': 0, 'package': '@0xsequence/guard_0.0.0-20220825190100', 'message': 'no deps or dev-deps'}
{'statusCode': 0, 'package': '@0xsequence/guard_0.41.0', 'message': 'no deps or dev-deps'}
{'statusCode': 0, 'package': '@0xsequence/guard_0.41.1', 'message': 'no deps or dev-deps'}
{'statusCode': 0, 'package': '@0xsequence/guard_0.41.2', 'message': 'no deps or dev-deps'}
{'statusCode': 0, 'package': '@0xsequence/guard_0.41.3', 'message': 'no deps or dev-deps'}
{'statusCode': 0, 'package': '@0xsequence/guard_0.42.0', 'message': 'no deps or dev-deps'}
{'statusCode': 0, 'package': '@0xsequence/guard_0.42.1', 'message': 'no deps or dev-deps'}
{'statusCode': 0, 'package': '@0xsequence/guard_0.42.2', 'message': 'no deps or dev-deps'}
{'statusCode': 0, 'package': '@0xsequence/guard_0.42.3', 'message': 'no deps or dev-deps'}
{'statusCode': 0, 'package': '@0xsequence/guard_0.42.4', 'message': 'no deps or dev-deps'}
{'statusCode': 0, 'package': '@0xsequence/guard_0.42.5', 'message': 'no deps or dev-deps'}
{'statusCode': 0, 'package': '@0xsequence/guard_0.42.6', 'message': 'no deps or dev-deps'}
{'statusCode': 0, 'package': '@0xsequence/guard_0.42.7', 'message': 'no deps or dev-deps'}
{'statusCode': 0, 'package': '@0xsequence/guard_0.42.8', 'message': 'no deps or dev-deps'}
{'statusCode': 0, 'package': '@0xsequence/guard_0.42.9', 'message': 'no deps or dev-deps'}
{'statusCode': 0, 'package': '@0xsequence/guard_0.42.10', 'message': 'no deps or dev-deps'}
{'statusCode': 0, 'package': '@0xsequence/guard_0.43.0', 'message': 'no deps or dev-deps'}
{'statusCode': 0, 'package': '@0xsequence/guard_0.43.1', 'message': 'no deps or dev-deps'}
{'statusCode': 0, 'package': '@0xsequence/guard_0.43.2', 'message': 'no deps or dev-deps'}
{'statusCode': 0, 'package': '@0xsequence/guard_0.43.3', 'message': 'no deps or dev-deps'}
{'statusCode': 0, 'package': '@0xsequence/guard_0.0.0-20221124173317', 'message': 'no deps or dev-deps'}
{'statusCode': 0, 'package': '@0xsequence/guard_0.43.4', 'message': 'no deps or dev-deps'}
{'statusCode': 0, 'package': '@0xsequence/guard_0.43.5', 'message': 'no deps or dev-deps'}
{'statusCode': 0, 'package': '@0xsequence/guard_0.43.6', 'message': 'no deps or dev-deps'}
{'statusCode': 0, 'package': '@0xsequence/guard_0.43.7', 'message': 'no deps or dev-deps'}
{'statusCode': 0, 'package': '@0xsequence/guard_0.7.0', 'message': 'no deps or dev-deps'}
{'statusCode': 0, 'package': '@0xsequence/guard_0.8.0', 'message': 'no deps or dev-deps'}
{'statusCode': 0, 'package': '@0xsequence/guard_0.8.1', 'message': 'no deps or dev-deps'}
{'statusCode': 0, 'package': '@0xsequence/guard_0.8.2', 'message': 'no deps or dev-deps'}
{'statusCode': 0, 'package': '@0xsequence/guard_0.8.3', 'message': 'no deps or dev-deps'}
{'statusCode': 0, 'package': '@0xsequence/guard_0.8.4', 'message': 'no deps or dev-deps'}
{'statusCode': 0, 'package': '@0xsequence/guard_0.8.5', 'message': 'no deps or dev-deps'}
{'statusCode': 0, 'package': '@0xsequence/guard_0.9.1', 'message': 'no deps or dev-deps'}
{'statusCode': 0, 'package': '@0xsequence/guard_0.9.3', 'message': 'no deps or dev-deps'}
{'statusCode': 0, 'package': '@0xsequence/guard_0.9.6', 'message': 'no deps or dev-deps'}
{'statusCode': 0, 'package': '@0xsequence/guard_0.10.0', 'message': 'no deps or dev-deps'}
{'statusCode': 0, 'package': '@0xsequence/guard_0.10.1', 'message': 'no deps or dev-deps'}
{'statusCode': 0, 'package': '@0xsequence/guard_0.10.2', 'message': 'no deps or dev-deps'}
{'statusCode': 0, 'package': '@0xsequence/guard_0.10.3', 'message': 'no deps or dev-deps'}
{'statusCode': 0, 'package': '@0xsequence/guard_0.10.4', 'message': 'no deps or dev-deps'}
{'statusCode': 0, 'package': '@0xsequence/guard_0.10.5', 'message': 'no deps or dev-deps'}
{'statusCode': 0, 'package': '@0xsequence/guard_0.10.6', 'message': 'no deps or dev-deps'}
{'statusCode': 0, 'package': '@0xsequence/guard_0.10.7', 'message': 'no deps or dev-deps'}
{'statusCode': 0, 'package': '@0xsequence/guard_0.10.8', 'message': 'no deps or dev-deps'}
{'statusCode': 0, 'package': '@0xsequence/guard_0.10.9', 'message': 'no deps or dev-deps'}
{'statusCode': 0, 'package': '@0xsequence/guard_0.11.0', 'message': 'no deps or dev-deps'}
{'statusCode': 0, 'package': '@0xsequence/guard_0.11.1', 'message': 'no deps or dev-deps'}
{'statusCode': 0, 'package': '@0xsequence/guard_0.11.2', 'message': 'no deps or dev-deps'}
{'statusCode': 0, 'package': '@0xsequence/guard_0.11.3', 'message': 'no deps or dev-deps'}
{'statusCode': 0, 'package': '@0xsequence/guard_0.11.4', 'message': 'no deps or dev-deps'}
{'statusCode': 0, 'package': '@0xsequence/guard_0.12.0', 'message': 'no deps or dev-deps'}
{'statusCode': 0, 'package': '@0xsequence/guard_0.12.1', 'message': 'no deps or dev-deps'}
{'statusCode': 0, 'package': '@0xsequence/guard_0.13.0', 'message': 'no deps or dev-deps'}
{'statusCode': 0, 'package': '@0xsequence/guard_0.14.0', 'message': 'no deps or dev-deps'}
{'statusCode': 0, 'package': '@0xsequence/guard_0.14.3', 'message': 'no deps or dev-deps'}
{'statusCode': 0, 'package': '@0xsequence/guard_0.15.1', 'message': 'no deps or dev-deps'}
{'statusCode': 0, 'package': '@0xsequence/guard_0.16.0', 'message': 'no deps or dev-deps'}
{'statusCode': 0, 'package': '@0xsequence/guard_0.18.0', 'message': 'no deps or dev-deps'}
{'statusCode': 0, 'package': '@0xsequence/guard_0.19.0', 'message': 'no deps or dev-deps'}
{'statusCode': 0, 'package': '@0xsequence/guard_0.19.3', 'message': 'no deps or dev-deps'}
{'statusCode': 0, 'package': '@0xsequence/guard_0.21.0', 'message': 'no deps or dev-deps'}
{'statusCode': 0, 'package': '@0xsequence/guard_0.21.2', 'message': 'no deps or dev-deps'}
{'statusCode': 0, 'package': '@0xsequence/guard_0.21.3', 'message': 'no deps or dev-deps'}
{'statusCode': 0, 'package': '@0xsequence/guard_0.21.4', 'message': 'no deps or dev-deps'}
{'statusCode': 0, 'package': '@0xsequence/guard_0.21.5', 'message': 'no deps or dev-deps'}
{'statusCode': 0, 'package': '@0xsequence/guard_0.22.0', 'message': 'no deps or dev-deps'}
{'statusCode': 0, 'package': '@0xsequence/guard_0.22.1', 'message': 'no deps or dev-deps'}
{'statusCode': 0, 'package': '@0xsequence/guard_0.22.2', 'message': 'no deps or dev-deps'}
{'statusCode': 0, 'package': '@0xsequence/guard_0.23.0', 'message': 'no deps or dev-deps'}
{'statusCode': 0, 'package': '@0xsequence/guard_0.25.0', 'message': 'no deps or dev-deps'}
{'statusCode': 0, 'package': '@0xsequence/guard_0.25.1', 'message': 'no deps or dev-deps'}
{'statusCode': 0, 'package': '@0xsequence/guard_0.27.0', 'message': 'no deps or dev-deps'}
{'statusCode': 0, 'package': '@0xsequence/guard_0.28.0', 'message': 'no deps or dev-deps'}
{'statusCode': 0, 'package': '@0xsequence/guard_0.0.0-2021827201516', 'message': 'no deps or dev-deps'}
{'statusCode': 0, 'package': '@0xsequence/guard_0.29.8', 'message': 'no deps or dev-deps'}
{'statusCode': 0, 'package': '@0xsequence/guard_0.30.0', 'message': 'no deps or dev-deps'}
{'statusCode': 0, 'package': '@0xsequence/guard_0.31.0', 'message': 'no deps or dev-deps'}
{'statusCode': 0, 'package': '@0xsequence/guard_0.34.0', 'message': 'no deps or dev-deps'}
{'statusCode': 0, 'package': '@0xsequence/guard_0.35.0', 'message': 'no deps or dev-deps'}
{'statusCode': 0, 'package': '@0xsequence/guard_0.35.1', 'message': 'no deps or dev-deps'}
{'statusCode': 0, 'package': '@0xsequence/guard_0.35.2', 'message': 'no deps or dev-deps'}
{'statusCode': 0, 'package': '@0xsequence/guard_0.35.3', 'message': 'no deps or dev-deps'}
{'statusCode': 0, 'package': '@0xsequence/guard_0.35.4', 'message': 'no deps or dev-deps'}
{'statusCode': 0, 'package': '@0xsequence/guard_0.35.5', 'message': 'no deps or dev-deps'}
{'statusCode': 0, 'package': '@0xsequence/guard_0.35.6', 'message': 'no deps or dev-deps'}
{'statusCode': 0, 'package': '@0xsequence/guard_0.35.7', 'message': 'no deps or dev-deps'}
{'statusCode': 0, 'package': '@0xsequence/guard_0.35.8', 'message': 'no deps or dev-deps'}
{'statusCode': 0, 'package': '@0xsequence/guard_0.35.9', 'message': 'no deps or dev-deps'}
{'statusCode': 0, 'package': '@0xsequence/guard_0.35.10', 'message': 'no deps or dev-deps'}
{'statusCode': 0, 'package': '@0xsequence/guard_0.35.11', 'message': 'no deps or dev-deps'}
{'statusCode': 0, 'package': '@0xsequence/guard_0.35.12', 'message': 'no deps or dev-deps'}
{'statusCode': 0, 'package': '@0xsequence/guard_0.36.0', 'message': 'no deps or dev-deps'}
{'statusCode': 0, 'package': '@0xsequence/guard_0.36.1', 'message': 'no deps or dev-deps'}
{'statusCode': 0, 'package': '@0xsequence/guard_0.36.2', 'message': 'no deps or dev-deps'}
{'statusCode': 0, 'package': '@0xsequence/guard_0.36.3', 'message': 'no deps or dev-deps'}
{'statusCode': 0, 'package': '@0xsequence/guard_0.36.4', 'message': 'no deps or dev-deps'}
{'statusCode': 0, 'package': '@0xsequence/guard_0.36.5', 'message': 'no deps or dev-deps'}
{'statusCode': 0, 'package': '@0xsequence/guard_0.36.6', 'message': 'no deps or dev-deps'}
{'statusCode': 0, 'package': '@0xsequence/guard_0.36.7', 'message': 'no deps or dev-deps'}
{'statusCode': 0, 'package': '@0xsequence/guard_0.36.8', 'message': 'no deps or dev-deps'}
{'statusCode': 0, 'package': '@0xsequence/guard_0.36.9', 'message': 'no deps or dev-deps'}
{'statusCode': 0, 'package': '@0xsequence/guard_0.36.10', 'message': 'no deps or dev-deps'}
{'statusCode': 0, 'package': '@0xsequence/guard_0.0.0-20220418165517', 'message': 'no deps or dev-deps'}
{'statusCode': 0, 'package': '@0xsequence/guard_0.36.11', 'message': 'no deps or dev-deps'}
{'statusCode': 0, 'package': '@0xsequence/guard_0.0.0-20220425195445', 'message': 'no deps or dev-deps'}
{'statusCode': 0, 'package': '@0xsequence/guard_0.36.12', 'message': 'no deps or dev-deps'}
{'statusCode': 0, 'package': '@0xsequence/guard_0.0.0-20220427054350', 'message': 'no deps or dev-deps'}
{'statusCode': 0, 'package': '@0xsequence/guard_0.0.0-20220427055332', 'message': 'no deps or dev-deps'}
{'statusCode': 0, 'package': '@0xsequence/guard_0.0.0-20220427161307', 'message': 'no deps or dev-deps'}
{'statusCode': 0, 'package': '@0xsequence/guard_0.0.0-20220427162812', 'message': 'no deps or dev-deps'}
{'statusCode': 0, 'package': '@0xsequence/guard_0.36.13', 'message': 'no deps or dev-deps'}
{'statusCode': 0, 'package': '@0xsequence/guard_0.37.0', 'message': 'no deps or dev-deps'}
{'statusCode': 0, 'package': '@0xsequence/guard_0.37.1', 'message': 'no deps or dev-deps'}
{'statusCode': 0, 'package': '@0xsequence/guard_0.0.0-20220506174803', 'message': 'no deps or dev-deps'}
{'statusCode': 0, 'package': '@0xsequence/guard_0.0.0-20220506195001', 'message': 'no deps or dev-deps'}
{'statusCode': 0, 'package': '@0xsequence/guard_0.0.0-20220513134147', 'message': 'no deps or dev-deps'}
{'statusCode': 0, 'package': '@0xsequence/guard_0.38.0', 'message': 'no deps or dev-deps'}
{'statusCode': 0, 'package': '@0xsequence/guard_0.38.1', 'message': 'no deps or dev-deps'}
{'statusCode': 0, 'package': '@0xsequence/guard_0.38.2', 'message': 'no deps or dev-deps'}
{'statusCode': 0, 'package': '@0xsequence/guard_0.39.0', 'message': 'no deps or dev-deps'}
{'statusCode': 0, 'package': '@0xsequence/guard_0.0.0-20220519151110', 'message': 'no deps or dev-deps'}
{'statusCode': 0, 'package': '@0xsequence/guard_0.0.0-20220519202656', 'message': 'no deps or dev-deps'}
{'statusCode': 0, 'package': '@0xsequence/guard_0.0.0-20220601185217', 'message': 'no deps or dev-deps'}
{'statusCode': 0, 'package': '@0xsequence/guard_0.39.1', 'message': 'no deps or dev-deps'}
{'statusCode': 0, 'package': '@0xsequence/guard_0.39.2', 'message': 'no deps or dev-deps'}
{'statusCode': 0, 'package': '@0xsequence/guard_0.0.0-20220609204505', 'message': 'no deps or dev-deps'}
{'statusCode': 0, 'package': '@0xsequence/guard_0.0.0-20220610134843', 'message': 'no deps or dev-deps'}
{'statusCode': 0, 'package': '@0xsequence/guard_0.39.3', 'message': 'no deps or dev-deps'}
{'statusCode': 0, 'package': '@0xsequence/guard_0.0.0-20220614152529', 'message': 'no deps or dev-deps'}
{'statusCode': 0, 'package': '@0xsequence/guard_0.0.0-20220616121217', 'message': 'no deps or dev-deps'}
{'statusCode': 0, 'package': '@0xsequence/guard_0.39.4', 'message': 'no deps or dev-deps'}
{'statusCode': 0, 'package': '@0xsequence/guard_0.39.5', 'message': 'no deps or dev-deps'}
{'statusCode': 0, 'package': '@0xsequence/guard_0.39.6', 'message': 'no deps or dev-deps'}
{'statusCode': 0, 'package': '@0xsequence/guard_0.0.0-26b08ee9-20220629135033', 'message': 'no deps or dev-deps'}
{'statusCode': 0, 'package': '@0xsequence/guard_0.0.0-cdbb3137-20220630190630', 'message': 'no deps or dev-deps'}
{'statusCode': 0, 'package': '@0xsequence/guard_0.0.0-cdbb3137-20220630191603', 'message': 'no deps or dev-deps'}
{'statusCode': 0, 'package': '@0xsequence/guard_0.0.0-cdbb3137-20220630192830', 'message': 'no deps or dev-deps'}
{'statusCode': 0, 'package': '@0xsequence/guard_0.0.0-20220630194654', 'message': 'no deps or dev-deps'}
{'statusCode': 0, 'package': '@0xsequence/guard_0.0.0-20220630211555', 'message': 'no deps or dev-deps'}
{'statusCode': 0, 'package': '@0xsequence/guard_0.0.0-20220630215108', 'message': 'no deps or dev-deps'}
{'statusCode': 0, 'package': '@0xsequence/guard_0.0.0-20220703182449', 'message': 'no deps or dev-deps'}
{'statusCode': 0, 'package': '@0xsequence/guard_0.0.0-20220704043930', 'message': 'no deps or dev-deps'}
{'statusCode': 0, 'package': '@0xsequence/guard_0.0.0-20220706193010', 'message': 'no deps or dev-deps'}
{'statusCode': 0, 'package': '@0xsequence/guard_0.0.0-20220710174545', 'message': 'no deps or dev-deps'}
{'statusCode': 0, 'package': '@0xsequence/guard_0.0.0-coolcats-0.36.12-20220711222640', 'message': 'no deps or dev-deps'}
{'statusCode': 0, 'package': '@0xsequence/guard_0.40.0', 'message': 'no deps or dev-deps'}
{'statusCode': 0, 'package': '@0xsequence/guard_0.40.1', 'message': 'no deps or dev-deps'}
{'statusCode': 0, 'package': '@0xsequence/guard_0.0.0-20220713211319', 'message': 'no deps or dev-deps'}
{'statusCode': 0, 'package': '@0xsequence/guard_0.0.0-20220714164224', 'message': 'no deps or dev-deps'}
{'statusCode': 0, 'package': '@0xsequence/guard_0.40.2', 'message': 'no deps or dev-deps'}
{'statusCode': 0, 'package': '@0xsequence/guard_0.0.0-20220719173737', 'message': 'no deps or dev-deps'}
{'statusCode': 0, 'package': '@0xsequence/guard_0.0.0-20220722145329', 'message': 'no deps or dev-deps'}
{'statusCode': 0, 'package': '@0xsequence/guard_0.0.0-20220725200200', 'message': 'no deps or dev-deps'}
{'statusCode': 0, 'package': '@0xsequence/guard_0.40.3', 'message': 'no deps or dev-deps'}
{'statusCode': 0, 'package': '@0xsequence/guard_0.0.0-20220728141414', 'message': 'no deps or dev-deps'}
{'statusCode': 0, 'package': '@0xsequence/guard_0.40.4', 'message': 'no deps or dev-deps'}
{'statusCode': 0, 'package': '@0xsequence/guard_0.0.0-20220728215555', 'message': 'no deps or dev-deps'}
{'statusCode': 0, 'package': '@0xsequence/guard_0.40.5', 'message': 'no deps or dev-deps'}
{'statusCode': 0, 'package': '@0xsequence/guard_0.0.0-20220804202525', 'message': 'no deps or dev-deps'}
{'statusCode': 0, 'package': '@0xsequence/guard_0.40.6', 'message': 'no deps or dev-deps'}
{'statusCode': 0, 'package': '@0xsequence/guard_0.0.0-20220825181818', 'message': 'no deps or dev-deps'}
{'statusCode': 0, 'package': '@0xsequence/guard_0.0.0-20220825190100', 'message': 'no deps or dev-deps'}
{'statusCode': 0, 'package': '@0xsequence/guard_0.41.0', 'message': 'no deps or dev-deps'}
{'statusCode': 0, 'package': '@0xsequence/guard_0.41.1', 'message': 'no deps or dev-deps'}
{'statusCode': 0, 'package': '@0xsequence/guard_0.41.2', 'message': 'no deps or dev-deps'}
{'statusCode': 0, 'package': '@0xsequence/guard_0.41.3', 'message': 'no deps or dev-deps'}
{'statusCode': 0, 'package': '@0xsequence/guard_0.42.0', 'message': 'no deps or dev-deps'}
{'statusCode': 0, 'package': '@0xsequence/guard_0.42.1', 'message': 'no deps or dev-deps'}
{'statusCode': 0, 'package': '@0xsequence/guard_0.42.2', 'message': 'no deps or dev-deps'}
{'statusCode': 0, 'package': '@0xsequence/guard_0.42.3', 'message': 'no deps or dev-deps'}
{'statusCode': 0, 'package': '@0xsequence/guard_0.42.4', 'message': 'no deps or dev-deps'}
{'statusCode': 0, 'package': '@0xsequence/guard_0.42.5', 'message': 'no deps or dev-deps'}
{'statusCode': 0, 'package': '@0xsequence/guard_0.42.6', 'message': 'no deps or dev-deps'}
{'statusCode': 0, 'package': '@0xsequence/guard_0.42.7', 'message': 'no deps or dev-deps'}
{'statusCode': 0, 'package': '@0xsequence/guard_0.42.8', 'message': 'no deps or dev-deps'}
{'statusCode': 0, 'package': '@0xsequence/guard_0.42.9', 'message': 'no deps or dev-deps'}
{'statusCode': 0, 'package': '@0xsequence/guard_0.42.10', 'message': 'no deps or dev-deps'}
{'statusCode': 0, 'package': '@0xsequence/guard_0.43.0', 'message': 'no deps or dev-deps'}
{'statusCode': 0, 'package': '@0xsequence/guard_0.43.1', 'message': 'no deps or dev-deps'}
{'statusCode': 0, 'package': '@0xsequence/guard_0.43.2', 'message': 'no deps or dev-deps'}
{'statusCode': 0, 'package': '@0xsequence/guard_0.43.3', 'message': 'no deps or dev-deps'}
{'statusCode': 0, 'package': '@0xsequence/guard_0.0.0-20221124173317', 'message': 'no deps or dev-deps'}
{'statusCode': 0, 'package': '@0xsequence/guard_0.43.4', 'message': 'no deps or dev-deps'}
{'statusCode': 0, 'package': '@0xsequence/guard_0.43.5', 'message': 'no deps or dev-deps'}
{'statusCode': 0, 'package': '@0xsequence/guard_0.43.6', 'message': 'no deps or dev-deps'}
{'statusCode': 0, 'package': '@0xsequence/guard_0.43.7', 'message': 'no deps or dev-deps'}
{'statusCode': 0, 'package': '@0xsequence/guard_0.7.0', 'message': 'no deps or dev-deps'}
{'statusCode': 0, 'package': '@0xsequence/guard_0.8.0', 'message': 'no deps or dev-deps'}
{'statusCode': 0, 'package': '@0xsequence/guard_0.8.1', 'message': 'no deps or dev-deps'}
{'statusCode': 0, 'package': '@0xsequence/guard_0.8.2', 'message': 'no deps or dev-deps'}
{'statusCode': 0, 'package': '@0xsequence/guard_0.8.3', 'message': 'no deps or dev-deps'}
{'statusCode': 0, 'package': '@0xsequence/guard_0.8.4', 'message': 'no deps or dev-deps'}
{'statusCode': 0, 'package': '@0xsequence/guard_0.8.5', 'message': 'no deps or dev-deps'}
{'statusCode': 0, 'package': '@0xsequence/guard_0.9.1', 'message': 'no deps or dev-deps'}
{'statusCode': 0, 'package': '@0xsequence/guard_0.9.3', 'message': 'no deps or dev-deps'}
{'statusCode': 0, 'package': '@0xsequence/guard_0.9.6', 'message': 'no deps or dev-deps'}
{'statusCode': 0, 'package': '@0xsequence/guard_0.10.0', 'message': 'no deps or dev-deps'}
{'statusCode': 0, 'package': '@0xsequence/guard_0.10.1', 'message': 'no deps or dev-deps'}
{'statusCode': 0, 'package': '@0xsequence/guard_0.10.2', 'message': 'no deps or dev-deps'}
{'statusCode': 0, 'package': '@0xsequence/guard_0.10.3', 'message': 'no deps or dev-deps'}
{'statusCode': 0, 'package': '@0xsequence/guard_0.10.4', 'message': 'no deps or dev-deps'}
{'statusCode': 0, 'package': '@0xsequence/guard_0.10.5', 'message': 'no deps or dev-deps'}
{'statusCode': 0, 'package': '@0xsequence/guard_0.10.6', 'message': 'no deps or dev-deps'}
{'statusCode': 0, 'package': '@0xsequence/guard_0.10.7', 'message': 'no deps or dev-deps'}
{'statusCode': 0, 'package': '@0xsequence/guard_0.10.8', 'message': 'no deps or dev-deps'}
{'statusCode': 0, 'package': '@0xsequence/guard_0.10.9', 'message': 'no deps or dev-deps'}
{'statusCode': 0, 'package': '@0xsequence/guard_0.11.0', 'message': 'no deps or dev-deps'}
{'statusCode': 0, 'package': '@0xsequence/guard_0.11.1', 'message': 'no deps or dev-deps'}
{'statusCode': 0, 'package': '@0xsequence/guard_0.11.2', 'message': 'no deps or dev-deps'}
{'statusCode': 0, 'package': '@0xsequence/guard_0.11.3', 'message': 'no deps or dev-deps'}
{'statusCode': 0, 'package': '@0xsequence/guard_0.11.4', 'message': 'no deps or dev-deps'}
{'statusCode': 0, 'package': '@0xsequence/guard_0.12.0', 'message': 'no deps or dev-deps'}
{'statusCode': 0, 'package': '@0xsequence/guard_0.12.1', 'message': 'no deps or dev-deps'}
{'statusCode': 0, 'package': '@0xsequence/guard_0.13.0', 'message': 'no deps or dev-deps'}
{'statusCode': 0, 'package': '@0xsequence/guard_0.14.0', 'message': 'no deps or dev-deps'}
{'statusCode': 0, 'package': '@0xsequence/guard_0.14.3', 'message': 'no deps or dev-deps'}
{'statusCode': 0, 'package': '@0xsequence/guard_0.15.1', 'message': 'no deps or dev-deps'}
{'statusCode': 0, 'package': '@0xsequence/guard_0.16.0', 'message': 'no deps or dev-deps'}
{'statusCode': 0, 'package': '@0xsequence/guard_0.18.0', 'message': 'no deps or dev-deps'}
{'statusCode': 0, 'package': '@0xsequence/guard_0.19.0', 'message': 'no deps or dev-deps'}
{'statusCode': 0, 'package': '@0xsequence/guard_0.19.3', 'message': 'no deps or dev-deps'}
{'statusCode': 0, 'package': '@0xsequence/guard_0.21.0', 'message': 'no deps or dev-deps'}
{'statusCode': 0, 'package': '@0xsequence/guard_0.21.2', 'message': 'no deps or dev-deps'}
{'statusCode': 0, 'package': '@0xsequence/guard_0.21.3', 'message': 'no deps or dev-deps'}
{'statusCode': 0, 'package': '@0xsequence/guard_0.21.4', 'message': 'no deps or dev-deps'}
{'statusCode': 0, 'package': '@0xsequence/guard_0.21.5', 'message': 'no deps or dev-deps'}
{'statusCode': 0, 'package': '@0xsequence/guard_0.22.0', 'message': 'no deps or dev-deps'}
{'statusCode': 0, 'package': '@0xsequence/guard_0.22.1', 'message': 'no deps or dev-deps'}
{'statusCode': 0, 'package': '@0xsequence/guard_0.22.2', 'message': 'no deps or dev-deps'}
{'statusCode': 0, 'package': '@0xsequence/guard_0.23.0', 'message': 'no deps or dev-deps'}
{'statusCode': 0, 'package': '@0xsequence/guard_0.25.0', 'message': 'no deps or dev-deps'}
{'statusCode': 0, 'package': '@0xsequence/guard_0.25.1', 'message': 'no deps or dev-deps'}
{'statusCode': 0, 'package': '@0xsequence/guard_0.27.0', 'message': 'no deps or dev-deps'}
{'statusCode': 0, 'package': '@0xsequence/guard_0.28.0', 'message': 'no deps or dev-deps'}
{'statusCode': 0, 'package': '@0xsequence/guard_0.0.0-2021827201516', 'message': 'no deps or dev-deps'}
{'statusCode': 0, 'package': '@0xsequence/guard_0.29.8', 'message': 'no deps or dev-deps'}
{'statusCode': 0, 'package': '@0xsequence/guard_0.30.0', 'message': 'no deps or dev-deps'}
{'statusCode': 0, 'package': '@0xsequence/guard_0.31.0', 'message': 'no deps or dev-deps'}
{'statusCode': 0, 'package': '@0xsequence/guard_0.34.0', 'message': 'no deps or dev-deps'}
{'statusCode': 0, 'package': '@0xsequence/guard_0.35.0', 'message': 'no deps or dev-deps'}
{'statusCode': 0, 'package': '@0xsequence/guard_0.35.1', 'message': 'no deps or dev-deps'}
{'statusCode': 0, 'package': '@0xsequence/guard_0.35.2', 'message': 'no deps or dev-deps'}
{'statusCode': 0, 'package': '@0xsequence/guard_0.35.3', 'message': 'no deps or dev-deps'}
{'statusCode': 0, 'package': '@0xsequence/guard_0.35.4', 'message': 'no deps or dev-deps'}
{'statusCode': 0, 'package': '@0xsequence/guard_0.35.5', 'message': 'no deps or dev-deps'}
{'statusCode': 0, 'package': '@0xsequence/guard_0.35.6', 'message': 'no deps or dev-deps'}
{'statusCode': 0, 'package': '@0xsequence/guard_0.35.7', 'message': 'no deps or dev-deps'}
{'statusCode': 0, 'package': '@0xsequence/guard_0.35.8', 'message': 'no deps or dev-deps'}
{'statusCode': 0, 'package': '@0xsequence/guard_0.35.9', 'message': 'no deps or dev-deps'}
{'statusCode': 0, 'package': '@0xsequence/guard_0.35.10', 'message': 'no deps or dev-deps'}
{'statusCode': 0, 'package': '@0xsequence/guard_0.35.11', 'message': 'no deps or dev-deps'}
{'statusCode': 0, 'package': '@0xsequence/guard_0.35.12', 'message': 'no deps or dev-deps'}
{'statusCode': 0, 'package': '@0xsequence/guard_0.36.0', 'message': 'no deps or dev-deps'}
{'statusCode': 0, 'package': '@0xsequence/guard_0.36.1', 'message': 'no deps or dev-deps'}
{'statusCode': 0, 'package': '@0xsequence/guard_0.36.2', 'message': 'no deps or dev-deps'}
{'statusCode': 0, 'package': '@0xsequence/guard_0.36.3', 'message': 'no deps or dev-deps'}
{'statusCode': 0, 'package': '@0xsequence/guard_0.36.4', 'message': 'no deps or dev-deps'}
{'statusCode': 0, 'package': '@0xsequence/guard_0.36.5', 'message': 'no deps or dev-deps'}
{'statusCode': 0, 'package': '@0xsequence/guard_0.36.6', 'message': 'no deps or dev-deps'}
{'statusCode': 0, 'package': '@0xsequence/guard_0.36.7', 'message': 'no deps or dev-deps'}
{'statusCode': 0, 'package': '@0xsequence/guard_0.36.8', 'message': 'no deps or dev-deps'}
{'statusCode': 0, 'package': '@0xsequence/guard_0.36.9', 'message': 'no deps or dev-deps'}
{'statusCode': 0, 'package': '@0xsequence/guard_0.36.10', 'message': 'no deps or dev-deps'}
{'statusCode': 0, 'package': '@0xsequence/guard_0.0.0-20220418165517', 'message': 'no deps or dev-deps'}
{'statusCode': 0, 'package': '@0xsequence/guard_0.36.11', 'message': 'no deps or dev-deps'}
{'statusCode': 0, 'package': '@0xsequence/guard_0.0.0-20220425195445', 'message': 'no deps or dev-deps'}
{'statusCode': 0, 'package': '@0xsequence/guard_0.36.12', 'message': 'no deps or dev-deps'}
{'statusCode': 0, 'package': '@0xsequence/guard_0.0.0-20220427054350', 'message': 'no deps or dev-deps'}
{'statusCode': 0, 'package': '@0xsequence/guard_0.0.0-20220427055332', 'message': 'no deps or dev-deps'}
{'statusCode': 0, 'package': '@0xsequence/guard_0.0.0-20220427161307', 'message': 'no deps or dev-deps'}
{'statusCode': 0, 'package': '@0xsequence/guard_0.0.0-20220427162812', 'message': 'no deps or dev-deps'}
{'statusCode': 0, 'package': '@0xsequence/guard_0.36.13', 'message': 'no deps or dev-deps'}
{'statusCode': 0, 'package': '@0xsequence/guard_0.37.0', 'message': 'no deps or dev-deps'}
{'statusCode': 0, 'package': '@0xsequence/guard_0.37.1', 'message': 'no deps or dev-deps'}
{'statusCode': 0, 'package': '@0xsequence/guard_0.0.0-20220506174803', 'message': 'no deps or dev-deps'}
{'statusCode': 0, 'package': '@0xsequence/guard_0.0.0-20220506195001', 'message': 'no deps or dev-deps'}
{'statusCode': 0, 'package': '@0xsequence/guard_0.0.0-20220513134147', 'message': 'no deps or dev-deps'}
{'statusCode': 0, 'package': '@0xsequence/guard_0.38.0', 'message': 'no deps or dev-deps'}
{'statusCode': 0, 'package': '@0xsequence/guard_0.38.1', 'message': 'no deps or dev-deps'}
{'statusCode': 0, 'package': '@0xsequence/guard_0.38.2', 'message': 'no deps or dev-deps'}
{'statusCode': 0, 'package': '@0xsequence/guard_0.39.0', 'message': 'no deps or dev-deps'}
{'statusCode': 0, 'package': '@0xsequence/guard_0.0.0-20220519151110', 'message': 'no deps or dev-deps'}
{'statusCode': 0, 'package': '@0xsequence/guard_0.0.0-20220519202656', 'message': 'no deps or dev-deps'}
{'statusCode': 0, 'package': '@0xsequence/guard_0.0.0-20220601185217', 'message': 'no deps or dev-deps'}
{'statusCode': 0, 'package': '@0xsequence/guard_0.39.1', 'message': 'no deps or dev-deps'}
{'statusCode': 0, 'package': '@0xsequence/guard_0.39.2', 'message': 'no deps or dev-deps'}
{'statusCode': 0, 'package': '@0xsequence/guard_0.0.0-20220609204505', 'message': 'no deps or dev-deps'}
{'statusCode': 0, 'package': '@0xsequence/guard_0.0.0-20220610134843', 'message': 'no deps or dev-deps'}
{'statusCode': 0, 'package': '@0xsequence/guard_0.39.3', 'message': 'no deps or dev-deps'}
{'statusCode': 0, 'package': '@0xsequence/guard_0.0.0-20220614152529', 'message': 'no deps or dev-deps'}
{'statusCode': 0, 'package': '@0xsequence/guard_0.0.0-20220616121217', 'message': 'no deps or dev-deps'}
{'statusCode': 0, 'package': '@0xsequence/guard_0.39.4', 'message': 'no deps or dev-deps'}
{'statusCode': 0, 'package': '@0xsequence/guard_0.39.5', 'message': 'no deps or dev-deps'}
{'statusCode': 0, 'package': '@0xsequence/guard_0.39.6', 'message': 'no deps or dev-deps'}
{'statusCode': 0, 'package': '@0xsequence/guard_0.0.0-26b08ee9-20220629135033', 'message': 'no deps or dev-deps'}
{'statusCode': 0, 'package': '@0xsequence/guard_0.0.0-cdbb3137-20220630190630', 'message': 'no deps or dev-deps'}
{'statusCode': 0, 'package': '@0xsequence/guard_0.0.0-cdbb3137-20220630191603', 'message': 'no deps or dev-deps'}
{'statusCode': 0, 'package': '@0xsequence/guard_0.0.0-cdbb3137-20220630192830', 'message': 'no deps or dev-deps'}
{'statusCode': 0, 'package': '@0xsequence/guard_0.0.0-20220630194654', 'message': 'no deps or dev-deps'}
{'statusCode': 0, 'package': '@0xsequence/guard_0.0.0-20220630211555', 'message': 'no deps or dev-deps'}
{'statusCode': 0, 'package': '@0xsequence/guard_0.0.0-20220630215108', 'message': 'no deps or dev-deps'}
{'statusCode': 0, 'package': '@0xsequence/guard_0.0.0-20220703182449', 'message': 'no deps or dev-deps'}
{'statusCode': 0, 'package': '@0xsequence/guard_0.0.0-20220704043930', 'message': 'no deps or dev-deps'}
{'statusCode': 0, 'package': '@0xsequence/guard_0.0.0-20220706193010', 'message': 'no deps or dev-deps'}
{'statusCode': 0, 'package': '@0xsequence/guard_0.0.0-20220710174545', 'message': 'no deps or dev-deps'}
{'statusCode': 0, 'package': '@0xsequence/guard_0.0.0-coolcats-0.36.12-20220711222640', 'message': 'no deps or dev-deps'}
{'statusCode': 0, 'package': '@0xsequence/guard_0.40.0', 'message': 'no deps or dev-deps'}
{'statusCode': 0, 'package': '@0xsequence/guard_0.40.1', 'message': 'no deps or dev-deps'}
{'statusCode': 0, 'package': '@0xsequence/guard_0.0.0-20220713211319', 'message': 'no deps or dev-deps'}
{'statusCode': 0, 'package': '@0xsequence/guard_0.0.0-20220714164224', 'message': 'no deps or dev-deps'}
{'statusCode': 0, 'package': '@0xsequence/guard_0.40.2', 'message': 'no deps or dev-deps'}
{'statusCode': 0, 'package': '@0xsequence/guard_0.0.0-20220719173737', 'message': 'no deps or dev-deps'}
{'statusCode': 0, 'package': '@0xsequence/guard_0.0.0-20220722145329', 'message': 'no deps or dev-deps'}
{'statusCode': 0, 'package': '@0xsequence/guard_0.0.0-20220725200200', 'message': 'no deps or dev-deps'}
{'statusCode': 0, 'package': '@0xsequence/guard_0.40.3', 'message': 'no deps or dev-deps'}
{'statusCode': 0, 'package': '@0xsequence/guard_0.0.0-20220728141414', 'message': 'no deps or dev-deps'}
{'statusCode': 0, 'package': '@0xsequence/guard_0.40.4', 'message': 'no deps or dev-deps'}
{'statusCode': 0, 'package': '@0xsequence/guard_0.0.0-20220728215555', 'message': 'no deps or dev-deps'}
{'statusCode': 0, 'package': '@0xsequence/guard_0.40.5', 'message': 'no deps or dev-deps'}
{'statusCode': 0, 'package': '@0xsequence/guard_0.0.0-20220804202525', 'message': 'no deps or dev-deps'}
{'statusCode': 0, 'package': '@0xsequence/guard_0.40.6', 'message': 'no deps or dev-deps'}
{'statusCode': 0, 'package': '@0xsequence/guard_0.0.0-20220825181818', 'message': 'no deps or dev-deps'}
{'statusCode': 0, 'package': '@0xsequence/guard_0.0.0-20220825190100', 'message': 'no deps or dev-deps'}
{'statusCode': 0, 'package': '@0xsequence/guard_0.41.0', 'message': 'no deps or dev-deps'}
{'statusCode': 0, 'package': '@0xsequence/guard_0.41.1', 'message': 'no deps or dev-deps'}
{'statusCode': 0, 'package': '@0xsequence/guard_0.41.2', 'message': 'no deps or dev-deps'}
{'statusCode': 0, 'package': '@0xsequence/guard_0.41.3', 'message': 'no deps or dev-deps'}
{'statusCode': 0, 'package': '@0xsequence/guard_0.42.0', 'message': 'no deps or dev-deps'}
{'statusCode': 0, 'package': '@0xsequence/guard_0.42.1', 'message': 'no deps or dev-deps'}
{'statusCode': 0, 'package': '@0xsequence/guard_0.42.2', 'message': 'no deps or dev-deps'}
{'statusCode': 0, 'package': '@0xsequence/guard_0.42.3', 'message': 'no deps or dev-deps'}
{'statusCode': 0, 'package': '@0xsequence/guard_0.42.4', 'message': 'no deps or dev-deps'}
{'statusCode': 0, 'package': '@0xsequence/guard_0.42.5', 'message': 'no deps or dev-deps'}
{'statusCode': 0, 'package': '@0xsequence/guard_0.42.6', 'message': 'no deps or dev-deps'}
{'statusCode': 0, 'package': '@0xsequence/guard_0.42.7', 'message': 'no deps or dev-deps'}
{'statusCode': 0, 'package': '@0xsequence/guard_0.42.8', 'message': 'no deps or dev-deps'}
{'statusCode': 0, 'package': '@0xsequence/guard_0.42.9', 'message': 'no deps or dev-deps'}
{'statusCode': 0, 'package': '@0xsequence/guard_0.42.10', 'message': 'no deps or dev-deps'}
{'statusCode': 0, 'package': '@0xsequence/guard_0.43.0', 'message': 'no deps or dev-deps'}
{'statusCode': 0, 'package': '@0xsequence/guard_0.43.1', 'message': 'no deps or dev-deps'}
{'statusCode': 0, 'package': '@0xsequence/guard_0.43.2', 'message': 'no deps or dev-deps'}
{'statusCode': 0, 'package': '@0xsequence/guard_0.43.3', 'message': 'no deps or dev-deps'}
{'statusCode': 0, 'package': '@0xsequence/guard_0.0.0-20221124173317', 'message': 'no deps or dev-deps'}
{'statusCode': 0, 'package': '@0xsequence/guard_0.43.4', 'message': 'no deps or dev-deps'}
{'statusCode': 0, 'package': '@0xsequence/guard_0.43.5', 'message': 'no deps or dev-deps'}
{'statusCode': 0, 'package': '@0xsequence/guard_0.43.6', 'message': 'no deps or dev-deps'}
{'statusCode': 0, 'package': '@0xsequence/guard_0.43.7', 'message': 'no deps or dev-deps'}
{'statusCode': 0, 'package': '@0xsequence/guard_0.7.0', 'message': 'no deps or dev-deps'}
{'statusCode': 0, 'package': '@0xsequence/guard_0.8.0', 'message': 'no deps or dev-deps'}
{'statusCode': 0, 'package': '@0xsequence/guard_0.8.1', 'message': 'no deps or dev-deps'}
{'statusCode': 0, 'package': '@0xsequence/guard_0.8.2', 'message': 'no deps or dev-deps'}
{'statusCode': 0, 'package': '@0xsequence/guard_0.8.3', 'message': 'no deps or dev-deps'}
{'statusCode': 0, 'package': '@0xsequence/guard_0.8.4', 'message': 'no deps or dev-deps'}
{'statusCode': 0, 'package': '@0xsequence/guard_0.8.5', 'message': 'no deps or dev-deps'}
{'statusCode': 0, 'package': '@0xsequence/guard_0.9.1', 'message': 'no deps or dev-deps'}
{'statusCode': 0, 'package': '@0xsequence/guard_0.9.3', 'message': 'no deps or dev-deps'}
{'statusCode': 0, 'package': '@0xsequence/guard_0.9.6', 'message': 'no deps or dev-deps'}
{'statusCode': 0, 'package': '@0xsequence/guard_0.10.0', 'message': 'no deps or dev-deps'}
{'statusCode': 0, 'package': '@0xsequence/guard_0.10.1', 'message': 'no deps or dev-deps'}
{'statusCode': 0, 'package': '@0xsequence/guard_0.10.2', 'message': 'no deps or dev-deps'}
{'statusCode': 0, 'package': '@0xsequence/guard_0.10.3', 'message': 'no deps or dev-deps'}
{'statusCode': 0, 'package': '@0xsequence/guard_0.10.4', 'message': 'no deps or dev-deps'}
{'statusCode': 0, 'package': '@0xsequence/guard_0.10.5', 'message': 'no deps or dev-deps'}
{'statusCode': 0, 'package': '@0xsequence/guard_0.10.6', 'message': 'no deps or dev-deps'}
{'statusCode': 0, 'package': '@0xsequence/guard_0.10.7', 'message': 'no deps or dev-deps'}
{'statusCode': 0, 'package': '@0xsequence/guard_0.10.8', 'message': 'no deps or dev-deps'}
{'statusCode': 0, 'package': '@0xsequence/guard_0.10.9', 'message': 'no deps or dev-deps'}
{'statusCode': 0, 'package': '@0xsequence/guard_0.11.0', 'message': 'no deps or dev-deps'}
{'statusCode': 0, 'package': '@0xsequence/guard_0.11.1', 'message': 'no deps or dev-deps'}
{'statusCode': 0, 'package': '@0xsequence/guard_0.11.2', 'message': 'no deps or dev-deps'}
{'statusCode': 0, 'package': '@0xsequence/guard_0.11.3', 'message': 'no deps or dev-deps'}
{'statusCode': 0, 'package': '@0xsequence/guard_0.11.4', 'message': 'no deps or dev-deps'}
{'statusCode': 0, 'package': '@0xsequence/guard_0.12.0', 'message': 'no deps or dev-deps'}
{'statusCode': 0, 'package': '@0xsequence/guard_0.12.1', 'message': 'no deps or dev-deps'}
{'statusCode': 0, 'package': '@0xsequence/guard_0.13.0', 'message': 'no deps or dev-deps'}
{'statusCode': 0, 'package': '@0xsequence/guard_0.14.0', 'message': 'no deps or dev-deps'}
{'statusCode': 0, 'package': '@0xsequence/guard_0.14.3', 'message': 'no deps or dev-deps'}
{'statusCode': 0, 'package': '@0xsequence/guard_0.15.1', 'message': 'no deps or dev-deps'}
{'statusCode': 0, 'package': '@0xsequence/guard_0.16.0', 'message': 'no deps or dev-deps'}
{'statusCode': 0, 'package': '@0xsequence/guard_0.18.0', 'message': 'no deps or dev-deps'}
{'statusCode': 0, 'package': '@0xsequence/guard_0.19.0', 'message': 'no deps or dev-deps'}
{'statusCode': 0, 'package': '@0xsequence/guard_0.19.3', 'message': 'no deps or dev-deps'}
{'statusCode': 0, 'package': '@0xsequence/guard_0.21.0', 'message': 'no deps or dev-deps'}
{'statusCode': 0, 'package': '@0xsequence/guard_0.21.2', 'message': 'no deps or dev-deps'}
{'statusCode': 0, 'package': '@0xsequence/guard_0.21.3', 'message': 'no deps or dev-deps'}
{'statusCode': 0, 'package': '@0xsequence/guard_0.21.4', 'message': 'no deps or dev-deps'}
{'statusCode': 0, 'package': '@0xsequence/guard_0.21.5', 'message': 'no deps or dev-deps'}
{'statusCode': 0, 'package': '@0xsequence/guard_0.22.0', 'message': 'no deps or dev-deps'}
{'statusCode': 0, 'package': '@0xsequence/guard_0.22.1', 'message': 'no deps or dev-deps'}
{'statusCode': 0, 'package': '@0xsequence/guard_0.22.2', 'message': 'no deps or dev-deps'}
{'statusCode': 0, 'package': '@0xsequence/guard_0.23.0', 'message': 'no deps or dev-deps'}
{'statusCode': 0, 'package': '@0xsequence/guard_0.25.0', 'message': 'no deps or dev-deps'}
{'statusCode': 0, 'package': '@0xsequence/guard_0.25.1', 'message': 'no deps or dev-deps'}
{'statusCode': 0, 'package': '@0xsequence/guard_0.27.0', 'message': 'no deps or dev-deps'}
{'statusCode': 0, 'package': '@0xsequence/guard_0.28.0', 'message': 'no deps or dev-deps'}
{'statusCode': 0, 'package': '@0xsequence/guard_0.0.0-2021827201516', 'message': 'no deps or dev-deps'}
{'statusCode': 0, 'package': '@0xsequence/guard_0.29.8', 'message': 'no deps or dev-deps'}
{'statusCode': 0, 'package': '@0xsequence/guard_0.30.0', 'message': 'no deps or dev-deps'}
{'statusCode': 0, 'package': '@0xsequence/guard_0.31.0', 'message': 'no deps or dev-deps'}
{'statusCode': 0, 'package': '@0xsequence/guard_0.34.0', 'message': 'no deps or dev-deps'}
{'statusCode': 0, 'package': '@0xsequence/guard_0.35.0', 'message': 'no deps or dev-deps'}
{'statusCode': 0, 'package': '@0xsequence/guard_0.35.1', 'message': 'no deps or dev-deps'}
{'statusCode': 0, 'package': '@0xsequence/guard_0.35.2', 'message': 'no deps or dev-deps'}
{'statusCode': 0, 'package': '@0xsequence/guard_0.35.3', 'message': 'no deps or dev-deps'}
{'statusCode': 0, 'package': '@0xsequence/guard_0.35.4', 'message': 'no deps or dev-deps'}
{'statusCode': 0, 'package': '@0xsequence/guard_0.35.5', 'message': 'no deps or dev-deps'}
{'statusCode': 0, 'package': '@0xsequence/guard_0.35.6', 'message': 'no deps or dev-deps'}
{'statusCode': 0, 'package': '@0xsequence/guard_0.35.7', 'message': 'no deps or dev-deps'}
{'statusCode': 0, 'package': '@0xsequence/guard_0.35.8', 'message': 'no deps or dev-deps'}
{'statusCode': 0, 'package': '@0xsequence/guard_0.35.9', 'message': 'no deps or dev-deps'}
{'statusCode': 0, 'package': '@0xsequence/guard_0.35.10', 'message': 'no deps or dev-deps'}
{'statusCode': 0, 'package': '@0xsequence/guard_0.35.11', 'message': 'no deps or dev-deps'}
{'statusCode': 0, 'package': '@0xsequence/guard_0.35.12', 'message': 'no deps or dev-deps'}
{'statusCode': 0, 'package': '@0xsequence/guard_0.36.0', 'message': 'no deps or dev-deps'}
{'statusCode': 0, 'package': '@0xsequence/guard_0.36.1', 'message': 'no deps or dev-deps'}
{'statusCode': 0, 'package': '@0xsequence/guard_0.36.2', 'message': 'no deps or dev-deps'}
{'statusCode': 0, 'package': '@0xsequence/guard_0.36.3', 'message': 'no deps or dev-deps'}
{'statusCode': 0, 'package': '@0xsequence/guard_0.36.4', 'message': 'no deps or dev-deps'}
{'statusCode': 0, 'package': '@0xsequence/guard_0.36.5', 'message': 'no deps or dev-deps'}
{'statusCode': 0, 'package': '@0xsequence/guard_0.36.6', 'message': 'no deps or dev-deps'}
{'statusCode': 0, 'package': '@0xsequence/guard_0.36.7', 'message': 'no deps or dev-deps'}
{'statusCode': 0, 'package': '@0xsequence/guard_0.36.8', 'message': 'no deps or dev-deps'}
{'statusCode': 0, 'package': '@0xsequence/guard_0.36.9', 'message': 'no deps or dev-deps'}
{'statusCode': 0, 'package': '@0xsequence/guard_0.36.10', 'message': 'no deps or dev-deps'}
{'statusCode': 0, 'package': '@0xsequence/guard_0.0.0-20220418165517', 'message': 'no deps or dev-deps'}
{'statusCode': 0, 'package': '@0xsequence/guard_0.36.11', 'message': 'no deps or dev-deps'}
{'statusCode': 0, 'package': '@0xsequence/guard_0.0.0-20220425195445', 'message': 'no deps or dev-deps'}
{'statusCode': 0, 'package': '@0xsequence/guard_0.36.12', 'message': 'no deps or dev-deps'}
{'statusCode': 0, 'package': '@0xsequence/guard_0.0.0-20220427054350', 'message': 'no deps or dev-deps'}
{'statusCode': 0, 'package': '@0xsequence/guard_0.0.0-20220427055332', 'message': 'no deps or dev-deps'}
{'statusCode': 0, 'package': '@0xsequence/guard_0.0.0-20220427161307', 'message': 'no deps or dev-deps'}
{'statusCode': 0, 'package': '@0xsequence/guard_0.0.0-20220427162812', 'message': 'no deps or dev-deps'}
{'statusCode': 0, 'package': '@0xsequence/guard_0.36.13', 'message': 'no deps or dev-deps'}
{'statusCode': 0, 'package': '@0xsequence/guard_0.37.0', 'message': 'no deps or dev-deps'}
{'statusCode': 0, 'package': '@0xsequence/guard_0.37.1', 'message': 'no deps or dev-deps'}
{'statusCode': 0, 'package': '@0xsequence/guard_0.0.0-20220506174803', 'message': 'no deps or dev-deps'}
{'statusCode': 0, 'package': '@0xsequence/guard_0.0.0-20220506195001', 'message': 'no deps or dev-deps'}
{'statusCode': 0, 'package': '@0xsequence/guard_0.0.0-20220513134147', 'message': 'no deps or dev-deps'}
{'statusCode': 0, 'package': '@0xsequence/guard_0.38.0', 'message': 'no deps or dev-deps'}
{'statusCode': 0, 'package': '@0xsequence/guard_0.38.1', 'message': 'no deps or dev-deps'}
{'statusCode': 0, 'package': '@0xsequence/guard_0.38.2', 'message': 'no deps or dev-deps'}
{'statusCode': 0, 'package': '@0xsequence/guard_0.39.0', 'message': 'no deps or dev-deps'}
{'statusCode': 0, 'package': '@0xsequence/guard_0.0.0-20220519151110', 'message': 'no deps or dev-deps'}
{'statusCode': 0, 'package': '@0xsequence/guard_0.0.0-20220519202656', 'message': 'no deps or dev-deps'}
{'statusCode': 0, 'package': '@0xsequence/guard_0.0.0-20220601185217', 'message': 'no deps or dev-deps'}
{'statusCode': 0, 'package': '@0xsequence/guard_0.39.1', 'message': 'no deps or dev-deps'}
{'statusCode': 0, 'package': '@0xsequence/guard_0.39.2', 'message': 'no deps or dev-deps'}
{'statusCode': 0, 'package': '@0xsequence/guard_0.0.0-20220609204505', 'message': 'no deps or dev-deps'}
{'statusCode': 0, 'package': '@0xsequence/guard_0.0.0-20220610134843', 'message': 'no deps or dev-deps'}
{'statusCode': 0, 'package': '@0xsequence/guard_0.39.3', 'message': 'no deps or dev-deps'}
{'statusCode': 0, 'package': '@0xsequence/guard_0.0.0-20220614152529', 'message': 'no deps or dev-deps'}
{'statusCode': 0, 'package': '@0xsequence/guard_0.0.0-20220616121217', 'message': 'no deps or dev-deps'}
{'statusCode': 0, 'package': '@0xsequence/guard_0.39.4', 'message': 'no deps or dev-deps'}
{'statusCode': 0, 'package': '@0xsequence/guard_0.39.5', 'message': 'no deps or dev-deps'}
{'statusCode': 0, 'package': '@0xsequence/guard_0.39.6', 'message': 'no deps or dev-deps'}
{'statusCode': 0, 'package': '@0xsequence/guard_0.0.0-26b08ee9-20220629135033', 'message': 'no deps or dev-deps'}
{'statusCode': 0, 'package': '@0xsequence/guard_0.0.0-cdbb3137-20220630190630', 'message': 'no deps or dev-deps'}
{'statusCode': 0, 'package': '@0xsequence/guard_0.0.0-cdbb3137-20220630191603', 'message': 'no deps or dev-deps'}
{'statusCode': 0, 'package': '@0xsequence/guard_0.0.0-cdbb3137-20220630192830', 'message': 'no deps or dev-deps'}
{'statusCode': 0, 'package': '@0xsequence/guard_0.0.0-20220630194654', 'message': 'no deps or dev-deps'}
{'statusCode': 0, 'package': '@0xsequence/guard_0.0.0-20220630211555', 'message': 'no deps or dev-deps'}
{'statusCode': 0, 'package': '@0xsequence/guard_0.0.0-20220630215108', 'message': 'no deps or dev-deps'}
{'statusCode': 0, 'package': '@0xsequence/guard_0.0.0-20220703182449', 'message': 'no deps or dev-deps'}
{'statusCode': 0, 'package': '@0xsequence/guard_0.0.0-20220704043930', 'message': 'no deps or dev-deps'}
{'statusCode': 0, 'package': '@0xsequence/guard_0.0.0-20220706193010', 'message': 'no deps or dev-deps'}
{'statusCode': 0, 'package': '@0xsequence/guard_0.0.0-20220710174545', 'message': 'no deps or dev-deps'}
{'statusCode': 0, 'package': '@0xsequence/guard_0.0.0-coolcats-0.36.12-20220711222640', 'message': 'no deps or dev-deps'}
{'statusCode': 0, 'package': '@0xsequence/guard_0.40.0', 'message': 'no deps or dev-deps'}
{'statusCode': 0, 'package': '@0xsequence/guard_0.40.1', 'message': 'no deps or dev-deps'}
{'statusCode': 0, 'package': '@0xsequence/guard_0.0.0-20220713211319', 'message': 'no deps or dev-deps'}
{'statusCode': 0, 'package': '@0xsequence/guard_0.0.0-20220714164224', 'message': 'no deps or dev-deps'}
{'statusCode': 0, 'package': '@0xsequence/guard_0.40.2', 'message': 'no deps or dev-deps'}
{'statusCode': 0, 'package': '@0xsequence/guard_0.0.0-20220719173737', 'message': 'no deps or dev-deps'}
{'statusCode': 0, 'package': '@0xsequence/guard_0.0.0-20220722145329', 'message': 'no deps or dev-deps'}
{'statusCode': 0, 'package': '@0xsequence/guard_0.0.0-20220725200200', 'message': 'no deps or dev-deps'}
{'statusCode': 0, 'package': '@0xsequence/guard_0.40.3', 'message': 'no deps or dev-deps'}
{'statusCode': 0, 'package': '@0xsequence/guard_0.0.0-20220728141414', 'message': 'no deps or dev-deps'}
{'statusCode': 0, 'package': '@0xsequence/guard_0.40.4', 'message': 'no deps or dev-deps'}
{'statusCode': 0, 'package': '@0xsequence/guard_0.0.0-20220728215555', 'message': 'no deps or dev-deps'}
{'statusCode': 0, 'package': '@0xsequence/guard_0.40.5', 'message': 'no deps or dev-deps'}
{'statusCode': 0, 'package': '@0xsequence/guard_0.0.0-20220804202525', 'message': 'no deps or dev-deps'}
{'statusCode': 0, 'package': '@0xsequence/guard_0.40.6', 'message': 'no deps or dev-deps'}
{'statusCode': 0, 'package': '@0xsequence/guard_0.0.0-20220825181818', 'message': 'no deps or dev-deps'}
{'statusCode': 0, 'package': '@0xsequence/guard_0.0.0-20220825190100', 'message': 'no deps or dev-deps'}
{'statusCode': 0, 'package': '@0xsequence/guard_0.41.0', 'message': 'no deps or dev-deps'}
{'statusCode': 0, 'package': '@0xsequence/guard_0.41.1', 'message': 'no deps or dev-deps'}
{'statusCode': 0, 'package': '@0xsequence/guard_0.41.2', 'message': 'no deps or dev-deps'}
{'statusCode': 0, 'package': '@0xsequence/guard_0.41.3', 'message': 'no deps or dev-deps'}
{'statusCode': 0, 'package': '@0xsequence/guard_0.42.0', 'message': 'no deps or dev-deps'}
{'statusCode': 0, 'package': '@0xsequence/guard_0.42.1', 'message': 'no deps or dev-deps'}
{'statusCode': 0, 'package': '@0xsequence/guard_0.42.2', 'message': 'no deps or dev-deps'}
{'statusCode': 0, 'package': '@0xsequence/guard_0.42.3', 'message': 'no deps or dev-deps'}
{'statusCode': 0, 'package': '@0xsequence/guard_0.42.4', 'message': 'no deps or dev-deps'}
{'statusCode': 0, 'package': '@0xsequence/guard_0.42.5', 'message': 'no deps or dev-deps'}
{'statusCode': 0, 'package': '@0xsequence/guard_0.42.6', 'message': 'no deps or dev-deps'}
{'statusCode': 0, 'package': '@0xsequence/guard_0.42.7', 'message': 'no deps or dev-deps'}
{'statusCode': 0, 'package': '@0xsequence/guard_0.42.8', 'message': 'no deps or dev-deps'}
{'statusCode': 0, 'package': '@0xsequence/guard_0.42.9', 'message': 'no deps or dev-deps'}
{'statusCode': 0, 'package': '@0xsequence/guard_0.42.10', 'message': 'no deps or dev-deps'}
{'statusCode': 0, 'package': '@0xsequence/guard_0.43.0', 'message': 'no deps or dev-deps'}
{'statusCode': 0, 'package': '@0xsequence/guard_0.43.1', 'message': 'no deps or dev-deps'}
{'statusCode': 0, 'package': '@0xsequence/guard_0.43.2', 'message': 'no deps or dev-deps'}
{'statusCode': 0, 'package': '@0xsequence/guard_0.43.3', 'message': 'no deps or dev-deps'}
{'statusCode': 0, 'package': '@0xsequence/guard_0.0.0-20221124173317', 'message': 'no deps or dev-deps'}
{'statusCode': 0, 'package': '@0xsequence/guard_0.43.4', 'message': 'no deps or dev-deps'}
{'statusCode': 0, 'package': '@0xsequence/guard_0.43.5', 'message': 'no deps or dev-deps'}
{'statusCode': 0, 'package': '@0xsequence/guard_0.43.6', 'message': 'no deps or dev-deps'}
{'statusCode': 0, 'package': '@0xsequence/guard_0.43.7', 'message': 'no deps or dev-deps'}
{'statusCode': 0, 'package': '@0xsequence/guard_0.7.0', 'message': 'no deps or dev-deps'}
{'statusCode': 0, 'package': '@0xsequence/guard_0.8.0', 'message': 'no deps or dev-deps'}
{'statusCode': 0, 'package': '@0xsequence/guard_0.8.1', 'message': 'no deps or dev-deps'}
{'statusCode': 0, 'package': '@0xsequence/guard_0.8.2', 'message': 'no deps or dev-deps'}
{'statusCode': 0, 'package': '@0xsequence/guard_0.8.3', 'message': 'no deps or dev-deps'}
{'statusCode': 0, 'package': '@0xsequence/guard_0.8.4', 'message': 'no deps or dev-deps'}
{'statusCode': 0, 'package': '@0xsequence/guard_0.8.5', 'message': 'no deps or dev-deps'}
{'statusCode': 0, 'package': '@0xsequence/guard_0.9.1', 'message': 'no deps or dev-deps'}
{'statusCode': 0, 'package': '@0xsequence/guard_0.9.3', 'message': 'no deps or dev-deps'}
{'statusCode': 0, 'package': '@0xsequence/guard_0.9.6', 'message': 'no deps or dev-deps'}
{'statusCode': 0, 'package': '@0xsequence/guard_0.10.0', 'message': 'no deps or dev-deps'}
{'statusCode': 0, 'package': '@0xsequence/guard_0.10.1', 'message': 'no deps or dev-deps'}
{'statusCode': 0, 'package': '@0xsequence/guard_0.10.2', 'message': 'no deps or dev-deps'}
{'statusCode': 0, 'package': '@0xsequence/guard_0.10.3', 'message': 'no deps or dev-deps'}
{'statusCode': 0, 'package': '@0xsequence/guard_0.10.4', 'message': 'no deps or dev-deps'}
{'statusCode': 0, 'package': '@0xsequence/guard_0.10.5', 'message': 'no deps or dev-deps'}
{'statusCode': 0, 'package': '@0xsequence/guard_0.10.6', 'message': 'no deps or dev-deps'}
{'statusCode': 0, 'package': '@0xsequence/guard_0.10.7', 'message': 'no deps or dev-deps'}
{'statusCode': 0, 'package': '@0xsequence/guard_0.10.8', 'message': 'no deps or dev-deps'}
{'statusCode': 0, 'package': '@0xsequence/guard_0.10.9', 'message': 'no deps or dev-deps'}
{'statusCode': 0, 'package': '@0xsequence/guard_0.11.0', 'message': 'no deps or dev-deps'}
{'statusCode': 0, 'package': '@0xsequence/guard_0.11.1', 'message': 'no deps or dev-deps'}
{'statusCode': 0, 'package': '@0xsequence/guard_0.11.2', 'message': 'no deps or dev-deps'}
{'statusCode': 0, 'package': '@0xsequence/guard_0.11.3', 'message': 'no deps or dev-deps'}
{'statusCode': 0, 'package': '@0xsequence/guard_0.11.4', 'message': 'no deps or dev-deps'}
{'statusCode': 0, 'package': '@0xsequence/guard_0.12.0', 'message': 'no deps or dev-deps'}
{'statusCode': 0, 'package': '@0xsequence/guard_0.12.1', 'message': 'no deps or dev-deps'}
{'statusCode': 0, 'package': '@0xsequence/guard_0.13.0', 'message': 'no deps or dev-deps'}
{'statusCode': 0, 'package': '@0xsequence/guard_0.14.0', 'message': 'no deps or dev-deps'}
{'statusCode': 0, 'package': '@0xsequence/guard_0.14.3', 'message': 'no deps or dev-deps'}
{'statusCode': 0, 'package': '@0xsequence/guard_0.15.1', 'message': 'no deps or dev-deps'}
{'statusCode': 0, 'package': '@0xsequence/guard_0.16.0', 'message': 'no deps or dev-deps'}
{'statusCode': 0, 'package': '@0xsequence/guard_0.18.0', 'message': 'no deps or dev-deps'}
{'statusCode': 0, 'package': '@0xsequence/guard_0.19.0', 'message': 'no deps or dev-deps'}
{'statusCode': 0, 'package': '@0xsequence/guard_0.19.3', 'message': 'no deps or dev-deps'}
{'statusCode': 0, 'package': '@0xsequence/guard_0.21.0', 'message': 'no deps or dev-deps'}
{'statusCode': 0, 'package': '@0xsequence/guard_0.21.2', 'message': 'no deps or dev-deps'}
{'statusCode': 0, 'package': '@0xsequence/guard_0.21.3', 'message': 'no deps or dev-deps'}
{'statusCode': 0, 'package': '@0xsequence/guard_0.21.4', 'message': 'no deps or dev-deps'}
{'statusCode': 0, 'package': '@0xsequence/guard_0.21.5', 'message': 'no deps or dev-deps'}
{'statusCode': 0, 'package': '@0xsequence/guard_0.22.0', 'message': 'no deps or dev-deps'}
{'statusCode': 0, 'package': '@0xsequence/guard_0.22.1', 'message': 'no deps or dev-deps'}
{'statusCode': 0, 'package': '@0xsequence/guard_0.22.2', 'message': 'no deps or dev-deps'}
{'statusCode': 0, 'package': '@0xsequence/guard_0.23.0', 'message': 'no deps or dev-deps'}
{'statusCode': 0, 'package': '@0xsequence/guard_0.25.0', 'message': 'no deps or dev-deps'}
{'statusCode': 0, 'package': '@0xsequence/guard_0.25.1', 'message': 'no deps or dev-deps'}
{'statusCode': 0, 'package': '@0xsequence/guard_0.27.0', 'message': 'no deps or dev-deps'}
{'statusCode': 0, 'package': '@0xsequence/guard_0.28.0', 'message': 'no deps or dev-deps'}
{'statusCode': 0, 'package': '@0xsequence/guard_0.0.0-2021827201516', 'message': 'no deps or dev-deps'}
{'statusCode': 0, 'package': '@0xsequence/guard_0.29.8', 'message': 'no deps or dev-deps'}
{'statusCode': 0, 'package': '@0xsequence/guard_0.30.0', 'message': 'no deps or dev-deps'}
{'statusCode': 0, 'package': '@0xsequence/guard_0.31.0', 'message': 'no deps or dev-deps'}
{'statusCode': 0, 'package': '@0xsequence/guard_0.34.0', 'message': 'no deps or dev-deps'}
{'statusCode': 0, 'package': '@0xsequence/guard_0.35.0', 'message': 'no deps or dev-deps'}
{'statusCode': 0, 'package': '@0xsequence/guard_0.35.1', 'message': 'no deps or dev-deps'}
{'statusCode': 0, 'package': '@0xsequence/guard_0.35.2', 'message': 'no deps or dev-deps'}
{'statusCode': 0, 'package': '@0xsequence/guard_0.35.3', 'message': 'no deps or dev-deps'}
{'statusCode': 0, 'package': '@0xsequence/guard_0.35.4', 'message': 'no deps or dev-deps'}
{'statusCode': 0, 'package': '@0xsequence/guard_0.35.5', 'message': 'no deps or dev-deps'}
{'statusCode': 0, 'package': '@0xsequence/guard_0.35.6', 'message': 'no deps or dev-deps'}
{'statusCode': 0, 'package': '@0xsequence/guard_0.35.7', 'message': 'no deps or dev-deps'}
{'statusCode': 0, 'package': '@0xsequence/guard_0.35.8', 'message': 'no deps or dev-deps'}
{'statusCode': 0, 'package': '@0xsequence/guard_0.35.9', 'message': 'no deps or dev-deps'}
{'statusCode': 0, 'package': '@0xsequence/guard_0.35.10', 'message': 'no deps or dev-deps'}
{'statusCode': 0, 'package': '@0xsequence/guard_0.35.11', 'message': 'no deps or dev-deps'}
{'statusCode': 0, 'package': '@0xsequence/guard_0.35.12', 'message': 'no deps or dev-deps'}
{'statusCode': 0, 'package': '@0xsequence/guard_0.36.0', 'message': 'no deps or dev-deps'}
{'statusCode': 0, 'package': '@0xsequence/guard_0.36.1', 'message': 'no deps or dev-deps'}
{'statusCode': 0, 'package': '@0xsequence/guard_0.36.2', 'message': 'no deps or dev-deps'}
{'statusCode': 0, 'package': '@0xsequence/guard_0.36.3', 'message': 'no deps or dev-deps'}
{'statusCode': 0, 'package': '@0xsequence/guard_0.36.4', 'message': 'no deps or dev-deps'}
{'statusCode': 0, 'package': '@0xsequence/guard_0.36.5', 'message': 'no deps or dev-deps'}
{'statusCode': 0, 'package': '@0xsequence/guard_0.36.6', 'message': 'no deps or dev-deps'}
{'statusCode': 0, 'package': '@0xsequence/guard_0.36.7', 'message': 'no deps or dev-deps'}
{'statusCode': 0, 'package': '@0xsequence/guard_0.36.8', 'message': 'no deps or dev-deps'}
{'statusCode': 0, 'package': '@0xsequence/guard_0.36.9', 'message': 'no deps or dev-deps'}
{'statusCode': 0, 'package': '@0xsequence/guard_0.36.10', 'message': 'no deps or dev-deps'}
{'statusCode': 0, 'package': '@0xsequence/guard_0.0.0-20220418165517', 'message': 'no deps or dev-deps'}
{'statusCode': 0, 'package': '@0xsequence/guard_0.36.11', 'message': 'no deps or dev-deps'}
{'statusCode': 0, 'package': '@0xsequence/guard_0.0.0-20220425195445', 'message': 'no deps or dev-deps'}
{'statusCode': 0, 'package': '@0xsequence/guard_0.36.12', 'message': 'no deps or dev-deps'}
{'statusCode': 0, 'package': '@0xsequence/guard_0.0.0-20220427054350', 'message': 'no deps or dev-deps'}
{'statusCode': 0, 'package': '@0xsequence/guard_0.0.0-20220427055332', 'message': 'no deps or dev-deps'}
{'statusCode': 0, 'package': '@0xsequence/guard_0.0.0-20220427161307', 'message': 'no deps or dev-deps'}
{'statusCode': 0, 'package': '@0xsequence/guard_0.0.0-20220427162812', 'message': 'no deps or dev-deps'}
{'statusCode': 0, 'package': '@0xsequence/guard_0.36.13', 'message': 'no deps or dev-deps'}
{'statusCode': 0, 'package': '@0xsequence/guard_0.37.0', 'message': 'no deps or dev-deps'}
{'statusCode': 0, 'package': '@0xsequence/guard_0.37.1', 'message': 'no deps or dev-deps'}
{'statusCode': 0, 'package': '@0xsequence/guard_0.0.0-20220506174803', 'message': 'no deps or dev-deps'}
{'statusCode': 0, 'package': '@0xsequence/guard_0.0.0-20220506195001', 'message': 'no deps or dev-deps'}
{'statusCode': 0, 'package': '@0xsequence/guard_0.0.0-20220513134147', 'message': 'no deps or dev-deps'}
{'statusCode': 0, 'package': '@0xsequence/guard_0.38.0', 'message': 'no deps or dev-deps'}
{'statusCode': 0, 'package': '@0xsequence/guard_0.38.1', 'message': 'no deps or dev-deps'}
{'statusCode': 0, 'package': '@0xsequence/guard_0.38.2', 'message': 'no deps or dev-deps'}
{'statusCode': 0, 'package': '@0xsequence/guard_0.39.0', 'message': 'no deps or dev-deps'}
{'statusCode': 0, 'package': '@0xsequence/guard_0.0.0-20220519151110', 'message': 'no deps or dev-deps'}
{'statusCode': 0, 'package': '@0xsequence/guard_0.0.0-20220519202656', 'message': 'no deps or dev-deps'}
{'statusCode': 0, 'package': '@0xsequence/guard_0.0.0-20220601185217', 'message': 'no deps or dev-deps'}
{'statusCode': 0, 'package': '@0xsequence/guard_0.39.1', 'message': 'no deps or dev-deps'}
{'statusCode': 0, 'package': '@0xsequence/guard_0.39.2', 'message': 'no deps or dev-deps'}
{'statusCode': 0, 'package': '@0xsequence/guard_0.0.0-20220609204505', 'message': 'no deps or dev-deps'}
{'statusCode': 0, 'package': '@0xsequence/guard_0.0.0-20220610134843', 'message': 'no deps or dev-deps'}
{'statusCode': 0, 'package': '@0xsequence/guard_0.39.3', 'message': 'no deps or dev-deps'}
{'statusCode': 0, 'package': '@0xsequence/guard_0.0.0-20220614152529', 'message': 'no deps or dev-deps'}
{'statusCode': 0, 'package': '@0xsequence/guard_0.0.0-20220616121217', 'message': 'no deps or dev-deps'}
{'statusCode': 0, 'package': '@0xsequence/guard_0.39.4', 'message': 'no deps or dev-deps'}
{'statusCode': 0, 'package': '@0xsequence/guard_0.39.5', 'message': 'no deps or dev-deps'}
{'statusCode': 0, 'package': '@0xsequence/guard_0.39.6', 'message': 'no deps or dev-deps'}
{'statusCode': 0, 'package': '@0xsequence/guard_0.0.0-26b08ee9-20220629135033', 'message': 'no deps or dev-deps'}
{'statusCode': 0, 'package': '@0xsequence/guard_0.0.0-cdbb3137-20220630190630', 'message': 'no deps or dev-deps'}
{'statusCode': 0, 'package': '@0xsequence/guard_0.0.0-cdbb3137-20220630191603', 'message': 'no deps or dev-deps'}
{'statusCode': 0, 'package': '@0xsequence/guard_0.0.0-cdbb3137-20220630192830', 'message': 'no deps or dev-deps'}
{'statusCode': 0, 'package': '@0xsequence/guard_0.0.0-20220630194654', 'message': 'no deps or dev-deps'}
{'statusCode': 0, 'package': '@0xsequence/guard_0.0.0-20220630211555', 'message': 'no deps or dev-deps'}
{'statusCode': 0, 'package': '@0xsequence/guard_0.0.0-20220630215108', 'message': 'no deps or dev-deps'}
{'statusCode': 0, 'package': '@0xsequence/guard_0.0.0-20220703182449', 'message': 'no deps or dev-deps'}
{'statusCode': 0, 'package': '@0xsequence/guard_0.0.0-20220704043930', 'message': 'no deps or dev-deps'}
{'statusCode': 0, 'package': '@0xsequence/guard_0.0.0-20220706193010', 'message': 'no deps or dev-deps'}
{'statusCode': 0, 'package': '@0xsequence/guard_0.0.0-20220710174545', 'message': 'no deps or dev-deps'}
{'statusCode': 0, 'package': '@0xsequence/guard_0.0.0-coolcats-0.36.12-20220711222640', 'message': 'no deps or dev-deps'}
{'statusCode': 0, 'package': '@0xsequence/guard_0.40.0', 'message': 'no deps or dev-deps'}
{'statusCode': 0, 'package': '@0xsequence/guard_0.40.1', 'message': 'no deps or dev-deps'}
{'statusCode': 0, 'package': '@0xsequence/guard_0.0.0-20220713211319', 'message': 'no deps or dev-deps'}
{'statusCode': 0, 'package': '@0xsequence/guard_0.0.0-20220714164224', 'message': 'no deps or dev-deps'}
{'statusCode': 0, 'package': '@0xsequence/guard_0.40.2', 'message': 'no deps or dev-deps'}
{'statusCode': 0, 'package': '@0xsequence/guard_0.0.0-20220719173737', 'message': 'no deps or dev-deps'}
{'statusCode': 0, 'package': '@0xsequence/guard_0.0.0-20220722145329', 'message': 'no deps or dev-deps'}
{'statusCode': 0, 'package': '@0xsequence/guard_0.0.0-20220725200200', 'message': 'no deps or dev-deps'}
{'statusCode': 0, 'package': '@0xsequence/guard_0.40.3', 'message': 'no deps or dev-deps'}
{'statusCode': 0, 'package': '@0xsequence/guard_0.0.0-20220728141414', 'message': 'no deps or dev-deps'}
{'statusCode': 0, 'package': '@0xsequence/guard_0.40.4', 'message': 'no deps or dev-deps'}
{'statusCode': 0, 'package': '@0xsequence/guard_0.0.0-20220728215555', 'message': 'no deps or dev-deps'}
{'statusCode': 0, 'package': '@0xsequence/guard_0.40.5', 'message': 'no deps or dev-deps'}
{'statusCode': 0, 'package': '@0xsequence/guard_0.0.0-20220804202525', 'message': 'no deps or dev-deps'}
{'statusCode': 0, 'package': '@0xsequence/guard_0.40.6', 'message': 'no deps or dev-deps'}
{'statusCode': 0, 'package': '@0xsequence/guard_0.0.0-20220825181818', 'message': 'no deps or dev-deps'}
{'statusCode': 0, 'package': '@0xsequence/guard_0.0.0-20220825190100', 'message': 'no deps or dev-deps'}
{'statusCode': 0, 'package': '@0xsequence/guard_0.41.0', 'message': 'no deps or dev-deps'}
{'statusCode': 0, 'package': '@0xsequence/guard_0.41.1', 'message': 'no deps or dev-deps'}
{'statusCode': 0, 'package': '@0xsequence/guard_0.41.2', 'message': 'no deps or dev-deps'}
{'statusCode': 0, 'package': '@0xsequence/guard_0.41.3', 'message': 'no deps or dev-deps'}
{'statusCode': 0, 'package': '@0xsequence/guard_0.42.0', 'message': 'no deps or dev-deps'}
{'statusCode': 0, 'package': '@0xsequence/guard_0.42.1', 'message': 'no deps or dev-deps'}
{'statusCode': 0, 'package': '@0xsequence/guard_0.42.2', 'message': 'no deps or dev-deps'}
{'statusCode': 0, 'package': '@0xsequence/guard_0.42.3', 'message': 'no deps or dev-deps'}
{'statusCode': 0, 'package': '@0xsequence/guard_0.42.4', 'message': 'no deps or dev-deps'}
{'statusCode': 0, 'package': '@0xsequence/guard_0.42.5', 'message': 'no deps or dev-deps'}
{'statusCode': 0, 'package': '@0xsequence/guard_0.42.6', 'message': 'no deps or dev-deps'}
{'statusCode': 0, 'package': '@0xsequence/guard_0.42.7', 'message': 'no deps or dev-deps'}
{'statusCode': 0, 'package': '@0xsequence/guard_0.42.8', 'message': 'no deps or dev-deps'}
{'statusCode': 0, 'package': '@0xsequence/guard_0.42.9', 'message': 'no deps or dev-deps'}
{'statusCode': 0, 'package': '@0xsequence/guard_0.42.10', 'message': 'no deps or dev-deps'}
{'statusCode': 0, 'package': '@0xsequence/guard_0.43.0', 'message': 'no deps or dev-deps'}
{'statusCode': 0, 'package': '@0xsequence/guard_0.43.1', 'message': 'no deps or dev-deps'}
{'statusCode': 0, 'package': '@0xsequence/guard_0.43.2', 'message': 'no deps or dev-deps'}
{'statusCode': 0, 'package': '@0xsequence/guard_0.43.3', 'message': 'no deps or dev-deps'}
{'statusCode': 0, 'package': '@0xsequence/guard_0.0.0-20221124173317', 'message': 'no deps or dev-deps'}
{'statusCode': 0, 'package': '@0xsequence/guard_0.43.4', 'message': 'no deps or dev-deps'}
{'statusCode': 0, 'package': '@0xsequence/guard_0.43.5', 'message': 'no deps or dev-deps'}
{'statusCode': 0, 'package': '@0xsequence/guard_0.43.6', 'message': 'no deps or dev-deps'}
{'statusCode': 0, 'package': '@0xsequence/guard_0.43.7', 'message': 'no deps or dev-deps'}
{'statusCode': 0, 'package': '@0xsequence/guard_0.7.0', 'message': 'no deps or dev-deps'}
{'statusCode': 0, 'package': '@0xsequence/guard_0.8.0', 'message': 'no deps or dev-deps'}
{'statusCode': 0, 'package': '@0xsequence/guard_0.8.1', 'message': 'no deps or dev-deps'}
{'statusCode': 0, 'package': '@0xsequence/guard_0.8.2', 'message': 'no deps or dev-deps'}
{'statusCode': 0, 'package': '@0xsequence/guard_0.8.3', 'message': 'no deps or dev-deps'}
{'statusCode': 0, 'package': '@0xsequence/guard_0.8.4', 'message': 'no deps or dev-deps'}
{'statusCode': 0, 'package': '@0xsequence/guard_0.8.5', 'message': 'no deps or dev-deps'}
{'statusCode': 0, 'package': '@0xsequence/guard_0.9.1', 'message': 'no deps or dev-deps'}
{'statusCode': 0, 'package': '@0xsequence/guard_0.9.3', 'message': 'no deps or dev-deps'}
{'statusCode': 0, 'package': '@0xsequence/guard_0.9.6', 'message': 'no deps or dev-deps'}
{'statusCode': 0, 'package': '@0xsequence/guard_0.10.0', 'message': 'no deps or dev-deps'}
{'statusCode': 0, 'package': '@0xsequence/guard_0.10.1', 'message': 'no deps or dev-deps'}
{'statusCode': 0, 'package': '@0xsequence/guard_0.10.2', 'message': 'no deps or dev-deps'}
{'statusCode': 0, 'package': '@0xsequence/guard_0.10.3', 'message': 'no deps or dev-deps'}
{'statusCode': 0, 'package': '@0xsequence/guard_0.10.4', 'message': 'no deps or dev-deps'}
{'statusCode': 0, 'package': '@0xsequence/guard_0.10.5', 'message': 'no deps or dev-deps'}
{'statusCode': 0, 'package': '@0xsequence/guard_0.10.6', 'message': 'no deps or dev-deps'}
{'statusCode': 0, 'package': '@0xsequence/guard_0.10.7', 'message': 'no deps or dev-deps'}
{'statusCode': 0, 'package': '@0xsequence/guard_0.10.8', 'message': 'no deps or dev-deps'}
{'statusCode': 0, 'package': '@0xsequence/guard_0.10.9', 'message': 'no deps or dev-deps'}
{'statusCode': 0, 'package': '@0xsequence/guard_0.11.0', 'message': 'no deps or dev-deps'}
{'statusCode': 0, 'package': '@0xsequence/guard_0.11.1', 'message': 'no deps or dev-deps'}
{'statusCode': 0, 'package': '@0xsequence/guard_0.11.2', 'message': 'no deps or dev-deps'}
{'statusCode': 0, 'package': '@0xsequence/guard_0.11.3', 'message': 'no deps or dev-deps'}
{'statusCode': 0, 'package': '@0xsequence/guard_0.11.4', 'message': 'no deps or dev-deps'}
{'statusCode': 0, 'package': '@0xsequence/guard_0.12.0', 'message': 'no deps or dev-deps'}
{'statusCode': 0, 'package': '@0xsequence/guard_0.12.1', 'message': 'no deps or dev-deps'}
{'statusCode': 0, 'package': '@0xsequence/guard_0.13.0', 'message': 'no deps or dev-deps'}
{'statusCode': 0, 'package': '@0xsequence/guard_0.14.0', 'message': 'no deps or dev-deps'}
{'statusCode': 0, 'package': '@0xsequence/guard_0.14.3', 'message': 'no deps or dev-deps'}
{'statusCode': 0, 'package': '@0xsequence/guard_0.15.1', 'message': 'no deps or dev-deps'}
{'statusCode': 0, 'package': '@0xsequence/guard_0.16.0', 'message': 'no deps or dev-deps'}
{'statusCode': 0, 'package': '@0xsequence/guard_0.18.0', 'message': 'no deps or dev-deps'}
{'statusCode': 0, 'package': '@0xsequence/guard_0.19.0', 'message': 'no deps or dev-deps'}
{'statusCode': 0, 'package': '@0xsequence/guard_0.19.3', 'message': 'no deps or dev-deps'}
{'statusCode': 0, 'package': '@0xsequence/guard_0.21.0', 'message': 'no deps or dev-deps'}
{'statusCode': 0, 'package': '@0xsequence/guard_0.21.2', 'message': 'no deps or dev-deps'}
{'statusCode': 0, 'package': '@0xsequence/guard_0.21.3', 'message': 'no deps or dev-deps'}
{'statusCode': 0, 'package': '@0xsequence/guard_0.21.4', 'message': 'no deps or dev-deps'}
{'statusCode': 0, 'package': '@0xsequence/guard_0.21.5', 'message': 'no deps or dev-deps'}
{'statusCode': 0, 'package': '@0xsequence/guard_0.22.0', 'message': 'no deps or dev-deps'}
{'statusCode': 0, 'package': '@0xsequence/guard_0.22.1', 'message': 'no deps or dev-deps'}
{'statusCode': 0, 'package': '@0xsequence/guard_0.22.2', 'message': 'no deps or dev-deps'}
{'statusCode': 0, 'package': '@0xsequence/guard_0.23.0', 'message': 'no deps or dev-deps'}
{'statusCode': 0, 'package': '@0xsequence/guard_0.25.0', 'message': 'no deps or dev-deps'}
{'statusCode': 0, 'package': '@0xsequence/guard_0.25.1', 'message': 'no deps or dev-deps'}
{'statusCode': 0, 'package': '@0xsequence/guard_0.27.0', 'message': 'no deps or dev-deps'}
{'statusCode': 0, 'package': '@0xsequence/guard_0.28.0', 'message': 'no deps or dev-deps'}
{'statusCode': 0, 'package': '@0xsequence/guard_0.0.0-2021827201516', 'message': 'no deps or dev-deps'}
{'statusCode': 0, 'package': '@0xsequence/guard_0.29.8', 'message': 'no deps or dev-deps'}
{'statusCode': 0, 'package': '@0xsequence/guard_0.30.0', 'message': 'no deps or dev-deps'}
{'statusCode': 0, 'package': '@0xsequence/guard_0.31.0', 'message': 'no deps or dev-deps'}
{'statusCode': 0, 'package': '@0xsequence/guard_0.34.0', 'message': 'no deps or dev-deps'}
{'statusCode': 0, 'package': '@0xsequence/guard_0.35.0', 'message': 'no deps or dev-deps'}
{'statusCode': 0, 'package': '@0xsequence/guard_0.35.1', 'message': 'no deps or dev-deps'}
{'statusCode': 0, 'package': '@0xsequence/guard_0.35.2', 'message': 'no deps or dev-deps'}
{'statusCode': 0, 'package': '@0xsequence/guard_0.35.3', 'message': 'no deps or dev-deps'}
{'statusCode': 0, 'package': '@0xsequence/guard_0.35.4', 'message': 'no deps or dev-deps'}
{'statusCode': 0, 'package': '@0xsequence/guard_0.35.5', 'message': 'no deps or dev-deps'}
{'statusCode': 0, 'package': '@0xsequence/guard_0.35.6', 'message': 'no deps or dev-deps'}
{'statusCode': 0, 'package': '@0xsequence/guard_0.35.7', 'message': 'no deps or dev-deps'}
{'statusCode': 0, 'package': '@0xsequence/guard_0.35.8', 'message': 'no deps or dev-deps'}
{'statusCode': 0, 'package': '@0xsequence/guard_0.35.9', 'message': 'no deps or dev-deps'}
{'statusCode': 0, 'package': '@0xsequence/guard_0.35.10', 'message': 'no deps or dev-deps'}
{'statusCode': 0, 'package': '@0xsequence/guard_0.35.11', 'message': 'no deps or dev-deps'}
{'statusCode': 0, 'package': '@0xsequence/guard_0.35.12', 'message': 'no deps or dev-deps'}
{'statusCode': 0, 'package': '@0xsequence/guard_0.36.0', 'message': 'no deps or dev-deps'}
{'statusCode': 0, 'package': '@0xsequence/guard_0.36.1', 'message': 'no deps or dev-deps'}
{'statusCode': 0, 'package': '@0xsequence/guard_0.36.2', 'message': 'no deps or dev-deps'}
{'statusCode': 0, 'package': '@0xsequence/guard_0.36.3', 'message': 'no deps or dev-deps'}
{'statusCode': 0, 'package': '@0xsequence/guard_0.36.4', 'message': 'no deps or dev-deps'}
{'statusCode': 0, 'package': '@0xsequence/guard_0.36.5', 'message': 'no deps or dev-deps'}
{'statusCode': 0, 'package': '@0xsequence/guard_0.36.6', 'message': 'no deps or dev-deps'}
{'statusCode': 0, 'package': '@0xsequence/guard_0.36.7', 'message': 'no deps or dev-deps'}
{'statusCode': 0, 'package': '@0xsequence/guard_0.36.8', 'message': 'no deps or dev-deps'}
{'statusCode': 0, 'package': '@0xsequence/guard_0.36.9', 'message': 'no deps or dev-deps'}
{'statusCode': 0, 'package': '@0xsequence/guard_0.36.10', 'message': 'no deps or dev-deps'}
{'statusCode': 0, 'package': '@0xsequence/guard_0.0.0-20220418165517', 'message': 'no deps or dev-deps'}
{'statusCode': 0, 'package': '@0xsequence/guard_0.36.11', 'message': 'no deps or dev-deps'}
{'statusCode': 0, 'package': '@0xsequence/guard_0.0.0-20220425195445', 'message': 'no deps or dev-deps'}
{'statusCode': 0, 'package': '@0xsequence/guard_0.36.12', 'message': 'no deps or dev-deps'}
{'statusCode': 0, 'package': '@0xsequence/guard_0.0.0-20220427054350', 'message': 'no deps or dev-deps'}
{'statusCode': 0, 'package': '@0xsequence/guard_0.0.0-20220427055332', 'message': 'no deps or dev-deps'}
{'statusCode': 0, 'package': '@0xsequence/guard_0.0.0-20220427161307', 'message': 'no deps or dev-deps'}
{'statusCode': 0, 'package': '@0xsequence/guard_0.0.0-20220427162812', 'message': 'no deps or dev-deps'}
{'statusCode': 0, 'package': '@0xsequence/guard_0.36.13', 'message': 'no deps or dev-deps'}
{'statusCode': 0, 'package': '@0xsequence/guard_0.37.0', 'message': 'no deps or dev-deps'}
{'statusCode': 0, 'package': '@0xsequence/guard_0.37.1', 'message': 'no deps or dev-deps'}
{'statusCode': 0, 'package': '@0xsequence/guard_0.0.0-20220506174803', 'message': 'no deps or dev-deps'}
{'statusCode': 0, 'package': '@0xsequence/guard_0.0.0-20220506195001', 'message': 'no deps or dev-deps'}
{'statusCode': 0, 'package': '@0xsequence/guard_0.0.0-20220513134147', 'message': 'no deps or dev-deps'}
{'statusCode': 0, 'package': '@0xsequence/guard_0.38.0', 'message': 'no deps or dev-deps'}
{'statusCode': 0, 'package': '@0xsequence/guard_0.38.1', 'message': 'no deps or dev-deps'}
{'statusCode': 0, 'package': '@0xsequence/guard_0.38.2', 'message': 'no deps or dev-deps'}
{'statusCode': 0, 'package': '@0xsequence/guard_0.39.0', 'message': 'no deps or dev-deps'}
{'statusCode': 0, 'package': '@0xsequence/guard_0.0.0-20220519151110', 'message': 'no deps or dev-deps'}
{'statusCode': 0, 'package': '@0xsequence/guard_0.0.0-20220519202656', 'message': 'no deps or dev-deps'}
{'statusCode': 0, 'package': '@0xsequence/guard_0.0.0-20220601185217', 'message': 'no deps or dev-deps'}
{'statusCode': 0, 'package': '@0xsequence/guard_0.39.1', 'message': 'no deps or dev-deps'}
{'statusCode': 0, 'package': '@0xsequence/guard_0.39.2', 'message': 'no deps or dev-deps'}
{'statusCode': 0, 'package': '@0xsequence/guard_0.0.0-20220609204505', 'message': 'no deps or dev-deps'}
{'statusCode': 0, 'package': '@0xsequence/guard_0.0.0-20220610134843', 'message': 'no deps or dev-deps'}
{'statusCode': 0, 'package': '@0xsequence/guard_0.39.3', 'message': 'no deps or dev-deps'}
{'statusCode': 0, 'package': '@0xsequence/guard_0.0.0-20220614152529', 'message': 'no deps or dev-deps'}
{'statusCode': 0, 'package': '@0xsequence/guard_0.0.0-20220616121217', 'message': 'no deps or dev-deps'}
{'statusCode': 0, 'package': '@0xsequence/guard_0.39.4', 'message': 'no deps or dev-deps'}
{'statusCode': 0, 'package': '@0xsequence/guard_0.39.5', 'message': 'no deps or dev-deps'}
{'statusCode': 0, 'package': '@0xsequence/guard_0.39.6', 'message': 'no deps or dev-deps'}
{'statusCode': 0, 'package': '@0xsequence/guard_0.0.0-26b08ee9-20220629135033', 'message': 'no deps or dev-deps'}
{'statusCode': 0, 'package': '@0xsequence/guard_0.0.0-cdbb3137-20220630190630', 'message': 'no deps or dev-deps'}
{'statusCode': 0, 'package': '@0xsequence/guard_0.0.0-cdbb3137-20220630191603', 'message': 'no deps or dev-deps'}
{'statusCode': 0, 'package': '@0xsequence/guard_0.0.0-cdbb3137-20220630192830', 'message': 'no deps or dev-deps'}
{'statusCode': 0, 'package': '@0xsequence/guard_0.0.0-20220630194654', 'message': 'no deps or dev-deps'}
{'statusCode': 0, 'package': '@0xsequence/guard_0.0.0-20220630211555', 'message': 'no deps or dev-deps'}
{'statusCode': 0, 'package': '@0xsequence/guard_0.0.0-20220630215108', 'message': 'no deps or dev-deps'}
{'statusCode': 0, 'package': '@0xsequence/guard_0.0.0-20220703182449', 'message': 'no deps or dev-deps'}
{'statusCode': 0, 'package': '@0xsequence/guard_0.0.0-20220704043930', 'message': 'no deps or dev-deps'}
{'statusCode': 0, 'package': '@0xsequence/guard_0.0.0-20220706193010', 'message': 'no deps or dev-deps'}
{'statusCode': 0, 'package': '@0xsequence/guard_0.0.0-20220710174545', 'message': 'no deps or dev-deps'}
{'statusCode': 0, 'package': '@0xsequence/guard_0.0.0-coolcats-0.36.12-20220711222640', 'message': 'no deps or dev-deps'}
{'statusCode': 0, 'package': '@0xsequence/guard_0.40.0', 'message': 'no deps or dev-deps'}
{'statusCode': 0, 'package': '@0xsequence/guard_0.40.1', 'message': 'no deps or dev-deps'}
{'statusCode': 0, 'package': '@0xsequence/guard_0.0.0-20220713211319', 'message': 'no deps or dev-deps'}
{'statusCode': 0, 'package': '@0xsequence/guard_0.0.0-20220714164224', 'message': 'no deps or dev-deps'}
{'statusCode': 0, 'package': '@0xsequence/guard_0.40.2', 'message': 'no deps or dev-deps'}
{'statusCode': 0, 'package': '@0xsequence/guard_0.0.0-20220719173737', 'message': 'no deps or dev-deps'}
{'statusCode': 0, 'package': '@0xsequence/guard_0.0.0-20220722145329', 'message': 'no deps or dev-deps'}
{'statusCode': 0, 'package': '@0xsequence/guard_0.0.0-20220725200200', 'message': 'no deps or dev-deps'}
{'statusCode': 0, 'package': '@0xsequence/guard_0.40.3', 'message': 'no deps or dev-deps'}
{'statusCode': 0, 'package': '@0xsequence/guard_0.0.0-20220728141414', 'message': 'no deps or dev-deps'}
{'statusCode': 0, 'package': '@0xsequence/guard_0.40.4', 'message': 'no deps or dev-deps'}
{'statusCode': 0, 'package': '@0xsequence/guard_0.0.0-20220728215555', 'message': 'no deps or dev-deps'}
{'statusCode': 0, 'package': '@0xsequence/guard_0.40.5', 'message': 'no deps or dev-deps'}
{'statusCode': 0, 'package': '@0xsequence/guard_0.0.0-20220804202525', 'message': 'no deps or dev-deps'}
{'statusCode': 0, 'package': '@0xsequence/guard_0.40.6', 'message': 'no deps or dev-deps'}
{'statusCode': 0, 'package': '@0xsequence/guard_0.0.0-20220825181818', 'message': 'no deps or dev-deps'}
{'statusCode': 0, 'package': '@0xsequence/guard_0.0.0-20220825190100', 'message': 'no deps or dev-deps'}
{'statusCode': 0, 'package': '@0xsequence/guard_0.41.0', 'message': 'no deps or dev-deps'}
{'statusCode': 0, 'package': '@0xsequence/guard_0.41.1', 'message': 'no deps or dev-deps'}
{'statusCode': 0, 'package': '@0xsequence/guard_0.41.2', 'message': 'no deps or dev-deps'}
{'statusCode': 0, 'package': '@0xsequence/guard_0.41.3', 'message': 'no deps or dev-deps'}
{'statusCode': 0, 'package': '@0xsequence/guard_0.42.0', 'message': 'no deps or dev-deps'}
{'statusCode': 0, 'package': '@0xsequence/guard_0.42.1', 'message': 'no deps or dev-deps'}
{'statusCode': 0, 'package': '@0xsequence/guard_0.42.2', 'message': 'no deps or dev-deps'}
{'statusCode': 0, 'package': '@0xsequence/guard_0.42.3', 'message': 'no deps or dev-deps'}
{'statusCode': 0, 'package': '@0xsequence/guard_0.42.4', 'message': 'no deps or dev-deps'}
{'statusCode': 0, 'package': '@0xsequence/guard_0.42.5', 'message': 'no deps or dev-deps'}
{'statusCode': 0, 'package': '@0xsequence/guard_0.42.6', 'message': 'no deps or dev-deps'}
{'statusCode': 0, 'package': '@0xsequence/guard_0.42.7', 'message': 'no deps or dev-deps'}
{'statusCode': 0, 'package': '@0xsequence/guard_0.42.8', 'message': 'no deps or dev-deps'}
{'statusCode': 0, 'package': '@0xsequence/guard_0.42.9', 'message': 'no deps or dev-deps'}
{'statusCode': 0, 'package': '@0xsequence/guard_0.42.10', 'message': 'no deps or dev-deps'}
{'statusCode': 0, 'package': '@0xsequence/guard_0.43.0', 'message': 'no deps or dev-deps'}
{'statusCode': 0, 'package': '@0xsequence/guard_0.43.1', 'message': 'no deps or dev-deps'}
{'statusCode': 0, 'package': '@0xsequence/guard_0.43.2', 'message': 'no deps or dev-deps'}
{'statusCode': 0, 'package': '@0xsequence/guard_0.43.3', 'message': 'no deps or dev-deps'}
{'statusCode': 0, 'package': '@0xsequence/guard_0.0.0-20221124173317', 'message': 'no deps or dev-deps'}
{'statusCode': 0, 'package': '@0xsequence/guard_0.43.4', 'message': 'no deps or dev-deps'}
{'statusCode': 0, 'package': '@0xsequence/guard_0.43.5', 'message': 'no deps or dev-deps'}
{'statusCode': 0, 'package': '@0xsequence/guard_0.43.6', 'message': 'no deps or dev-deps'}
{'statusCode': 0, 'package': '@0xsequence/guard_0.43.7', 'message': 'no deps or dev-deps'}
{'statusCode': 0, 'package': '@0xsequence/guard_0.7.0', 'message': 'no deps or dev-deps'}
{'statusCode': 0, 'package': '@0xsequence/guard_0.8.0', 'message': 'no deps or dev-deps'}
{'statusCode': 0, 'package': '@0xsequence/guard_0.8.1', 'message': 'no deps or dev-deps'}
{'statusCode': 0, 'package': '@0xsequence/guard_0.8.2', 'message': 'no deps or dev-deps'}
{'statusCode': 0, 'package': '@0xsequence/guard_0.8.3', 'message': 'no deps or dev-deps'}
{'statusCode': 0, 'package': '@0xsequence/guard_0.8.4', 'message': 'no deps or dev-deps'}
{'statusCode': 0, 'package': '@0xsequence/guard_0.8.5', 'message': 'no deps or dev-deps'}
{'statusCode': 0, 'package': '@0xsequence/guard_0.9.1', 'message': 'no deps or dev-deps'}
{'statusCode': 0, 'package': '@0xsequence/guard_0.9.3', 'message': 'no deps or dev-deps'}
{'statusCode': 0, 'package': '@0xsequence/guard_0.9.6', 'message': 'no deps or dev-deps'}
{'statusCode': 0, 'package': '@0xsequence/guard_0.10.0', 'message': 'no deps or dev-deps'}
{'statusCode': 0, 'package': '@0xsequence/guard_0.10.1', 'message': 'no deps or dev-deps'}
{'statusCode': 0, 'package': '@0xsequence/guard_0.10.2', 'message': 'no deps or dev-deps'}
{'statusCode': 0, 'package': '@0xsequence/guard_0.10.3', 'message': 'no deps or dev-deps'}
{'statusCode': 0, 'package': '@0xsequence/guard_0.10.4', 'message': 'no deps or dev-deps'}
{'statusCode': 0, 'package': '@0xsequence/guard_0.10.5', 'message': 'no deps or dev-deps'}
{'statusCode': 0, 'package': '@0xsequence/guard_0.10.6', 'message': 'no deps or dev-deps'}
{'statusCode': 0, 'package': '@0xsequence/guard_0.10.7', 'message': 'no deps or dev-deps'}
{'statusCode': 0, 'package': '@0xsequence/guard_0.10.8', 'message': 'no deps or dev-deps'}
{'statusCode': 0, 'package': '@0xsequence/guard_0.10.9', 'message': 'no deps or dev-deps'}
{'statusCode': 0, 'package': '@0xsequence/guard_0.11.0', 'message': 'no deps or dev-deps'}
{'statusCode': 0, 'package': '@0xsequence/guard_0.11.1', 'message': 'no deps or dev-deps'}
{'statusCode': 0, 'package': '@0xsequence/guard_0.11.2', 'message': 'no deps or dev-deps'}
{'statusCode': 0, 'package': '@0xsequence/guard_0.11.3', 'message': 'no deps or dev-deps'}
{'statusCode': 0, 'package': '@0xsequence/guard_0.11.4', 'message': 'no deps or dev-deps'}
{'statusCode': 0, 'package': '@0xsequence/guard_0.12.0', 'message': 'no deps or dev-deps'}
{'statusCode': 0, 'package': '@0xsequence/guard_0.12.1', 'message': 'no deps or dev-deps'}
{'statusCode': 0, 'package': '@0xsequence/guard_0.13.0', 'message': 'no deps or dev-deps'}
{'statusCode': 0, 'package': '@0xsequence/guard_0.14.0', 'message': 'no deps or dev-deps'}
{'statusCode': 0, 'package': '@0xsequence/guard_0.14.3', 'message': 'no deps or dev-deps'}
{'statusCode': 0, 'package': '@0xsequence/guard_0.15.1', 'message': 'no deps or dev-deps'}
{'statusCode': 0, 'package': '@0xsequence/guard_0.16.0', 'message': 'no deps or dev-deps'}
{'statusCode': 0, 'package': '@0xsequence/guard_0.18.0', 'message': 'no deps or dev-deps'}
{'statusCode': 0, 'package': '@0xsequence/guard_0.19.0', 'message': 'no deps or dev-deps'}
{'statusCode': 0, 'package': '@0xsequence/guard_0.19.3', 'message': 'no deps or dev-deps'}
{'statusCode': 0, 'package': '@0xsequence/guard_0.21.0', 'message': 'no deps or dev-deps'}
{'statusCode': 0, 'package': '@0xsequence/guard_0.21.2', 'message': 'no deps or dev-deps'}
{'statusCode': 0, 'package': '@0xsequence/guard_0.21.3', 'message': 'no deps or dev-deps'}
{'statusCode': 0, 'package': '@0xsequence/guard_0.21.4', 'message': 'no deps or dev-deps'}
{'statusCode': 0, 'package': '@0xsequence/guard_0.21.5', 'message': 'no deps or dev-deps'}
{'statusCode': 0, 'package': '@0xsequence/guard_0.22.0', 'message': 'no deps or dev-deps'}
{'statusCode': 0, 'package': '@0xsequence/guard_0.22.1', 'message': 'no deps or dev-deps'}
{'statusCode': 0, 'package': '@0xsequence/guard_0.22.2', 'message': 'no deps or dev-deps'}
{'statusCode': 0, 'package': '@0xsequence/guard_0.23.0', 'message': 'no deps or dev-deps'}
{'statusCode': 0, 'package': '@0xsequence/guard_0.25.0', 'message': 'no deps or dev-deps'}
{'statusCode': 0, 'package': '@0xsequence/guard_0.25.1', 'message': 'no deps or dev-deps'}
{'statusCode': 0, 'package': '@0xsequence/guard_0.27.0', 'message': 'no deps or dev-deps'}
{'statusCode': 0, 'package': '@0xsequence/guard_0.28.0', 'message': 'no deps or dev-deps'}
{'statusCode': 0, 'package': '@0xsequence/guard_0.0.0-2021827201516', 'message': 'no deps or dev-deps'}
{'statusCode': 0, 'package': '@0xsequence/guard_0.29.8', 'message': 'no deps or dev-deps'}
{'statusCode': 0, 'package': '@0xsequence/guard_0.30.0', 'message': 'no deps or dev-deps'}
{'statusCode': 0, 'package': '@0xsequence/guard_0.31.0', 'message': 'no deps or dev-deps'}
{'statusCode': 0, 'package': '@0xsequence/guard_0.34.0', 'message': 'no deps or dev-deps'}
{'statusCode': 0, 'package': '@0xsequence/guard_0.35.0', 'message': 'no deps or dev-deps'}
{'statusCode': 0, 'package': '@0xsequence/guard_0.35.1', 'message': 'no deps or dev-deps'}
{'statusCode': 0, 'package': '@0xsequence/guard_0.35.2', 'message': 'no deps or dev-deps'}
{'statusCode': 0, 'package': '@0xsequence/guard_0.35.3', 'message': 'no deps or dev-deps'}
{'statusCode': 0, 'package': '@0xsequence/guard_0.35.4', 'message': 'no deps or dev-deps'}
{'statusCode': 0, 'package': '@0xsequence/guard_0.35.5', 'message': 'no deps or dev-deps'}
{'statusCode': 0, 'package': '@0xsequence/guard_0.35.6', 'message': 'no deps or dev-deps'}
{'statusCode': 0, 'package': '@0xsequence/guard_0.35.7', 'message': 'no deps or dev-deps'}
{'statusCode': 0, 'package': '@0xsequence/guard_0.35.8', 'message': 'no deps or dev-deps'}
{'statusCode': 0, 'package': '@0xsequence/guard_0.35.9', 'message': 'no deps or dev-deps'}
{'statusCode': 0, 'package': '@0xsequence/guard_0.35.10', 'message': 'no deps or dev-deps'}
{'statusCode': 0, 'package': '@0xsequence/guard_0.35.11', 'message': 'no deps or dev-deps'}
{'statusCode': 0, 'package': '@0xsequence/guard_0.35.12', 'message': 'no deps or dev-deps'}
{'statusCode': 0, 'package': '@0xsequence/guard_0.36.0', 'message': 'no deps or dev-deps'}
{'statusCode': 0, 'package': '@0xsequence/guard_0.36.1', 'message': 'no deps or dev-deps'}
{'statusCode': 0, 'package': '@0xsequence/guard_0.36.2', 'message': 'no deps or dev-deps'}
{'statusCode': 0, 'package': '@0xsequence/guard_0.36.3', 'message': 'no deps or dev-deps'}
{'statusCode': 0, 'package': '@0xsequence/guard_0.36.4', 'message': 'no deps or dev-deps'}
{'statusCode': 0, 'package': '@0xsequence/guard_0.36.5', 'message': 'no deps or dev-deps'}
{'statusCode': 0, 'package': '@0xsequence/guard_0.36.6', 'message': 'no deps or dev-deps'}
{'statusCode': 0, 'package': '@0xsequence/guard_0.36.7', 'message': 'no deps or dev-deps'}
{'statusCode': 0, 'package': '@0xsequence/guard_0.36.8', 'message': 'no deps or dev-deps'}
{'statusCode': 0, 'package': '@0xsequence/guard_0.36.9', 'message': 'no deps or dev-deps'}
{'statusCode': 0, 'package': '@0xsequence/guard_0.36.10', 'message': 'no deps or dev-deps'}
{'statusCode': 0, 'package': '@0xsequence/guard_0.0.0-20220418165517', 'message': 'no deps or dev-deps'}
{'statusCode': 0, 'package': '@0xsequence/guard_0.36.11', 'message': 'no deps or dev-deps'}
{'statusCode': 0, 'package': '@0xsequence/guard_0.0.0-20220425195445', 'message': 'no deps or dev-deps'}
{'statusCode': 0, 'package': '@0xsequence/guard_0.36.12', 'message': 'no deps or dev-deps'}
{'statusCode': 0, 'package': '@0xsequence/guard_0.0.0-20220427054350', 'message': 'no deps or dev-deps'}
{'statusCode': 0, 'package': '@0xsequence/guard_0.0.0-20220427055332', 'message': 'no deps or dev-deps'}
{'statusCode': 0, 'package': '@0xsequence/guard_0.0.0-20220427161307', 'message': 'no deps or dev-deps'}
{'statusCode': 0, 'package': '@0xsequence/guard_0.0.0-20220427162812', 'message': 'no deps or dev-deps'}
{'statusCode': 0, 'package': '@0xsequence/guard_0.36.13', 'message': 'no deps or dev-deps'}
{'statusCode': 0, 'package': '@0xsequence/guard_0.37.0', 'message': 'no deps or dev-deps'}
{'statusCode': 0, 'package': '@0xsequence/guard_0.37.1', 'message': 'no deps or dev-deps'}
{'statusCode': 0, 'package': '@0xsequence/guard_0.0.0-20220506174803', 'message': 'no deps or dev-deps'}
{'statusCode': 0, 'package': '@0xsequence/guard_0.0.0-20220506195001', 'message': 'no deps or dev-deps'}
{'statusCode': 0, 'package': '@0xsequence/guard_0.0.0-20220513134147', 'message': 'no deps or dev-deps'}
{'statusCode': 0, 'package': '@0xsequence/guard_0.38.0', 'message': 'no deps or dev-deps'}
{'statusCode': 0, 'package': '@0xsequence/guard_0.38.1', 'message': 'no deps or dev-deps'}
{'statusCode': 0, 'package': '@0xsequence/guard_0.38.2', 'message': 'no deps or dev-deps'}
{'statusCode': 0, 'package': '@0xsequence/guard_0.39.0', 'message': 'no deps or dev-deps'}
{'statusCode': 0, 'package': '@0xsequence/guard_0.0.0-20220519151110', 'message': 'no deps or dev-deps'}
{'statusCode': 0, 'package': '@0xsequence/guard_0.0.0-20220519202656', 'message': 'no deps or dev-deps'}
{'statusCode': 0, 'package': '@0xsequence/guard_0.0.0-20220601185217', 'message': 'no deps or dev-deps'}
{'statusCode': 0, 'package': '@0xsequence/guard_0.39.1', 'message': 'no deps or dev-deps'}
{'statusCode': 0, 'package': '@0xsequence/guard_0.39.2', 'message': 'no deps or dev-deps'}
{'statusCode': 0, 'package': '@0xsequence/guard_0.0.0-20220609204505', 'message': 'no deps or dev-deps'}
{'statusCode': 0, 'package': '@0xsequence/guard_0.0.0-20220610134843', 'message': 'no deps or dev-deps'}
{'statusCode': 0, 'package': '@0xsequence/guard_0.39.3', 'message': 'no deps or dev-deps'}
{'statusCode': 0, 'package': '@0xsequence/guard_0.0.0-20220614152529', 'message': 'no deps or dev-deps'}
{'statusCode': 0, 'package': '@0xsequence/guard_0.0.0-20220616121217', 'message': 'no deps or dev-deps'}
{'statusCode': 0, 'package': '@0xsequence/guard_0.39.4', 'message': 'no deps or dev-deps'}
{'statusCode': 0, 'package': '@0xsequence/guard_0.39.5', 'message': 'no deps or dev-deps'}
{'statusCode': 0, 'package': '@0xsequence/guard_0.39.6', 'message': 'no deps or dev-deps'}
{'statusCode': 0, 'package': '@0xsequence/guard_0.0.0-26b08ee9-20220629135033', 'message': 'no deps or dev-deps'}
{'statusCode': 0, 'package': '@0xsequence/guard_0.0.0-cdbb3137-20220630190630', 'message': 'no deps or dev-deps'}
{'statusCode': 0, 'package': '@0xsequence/guard_0.0.0-cdbb3137-20220630191603', 'message': 'no deps or dev-deps'}
{'statusCode': 0, 'package': '@0xsequence/guard_0.0.0-cdbb3137-20220630192830', 'message': 'no deps or dev-deps'}
{'statusCode': 0, 'package': '@0xsequence/guard_0.0.0-20220630194654', 'message': 'no deps or dev-deps'}
{'statusCode': 0, 'package': '@0xsequence/guard_0.0.0-20220630211555', 'message': 'no deps or dev-deps'}
{'statusCode': 0, 'package': '@0xsequence/guard_0.0.0-20220630215108', 'message': 'no deps or dev-deps'}
{'statusCode': 0, 'package': '@0xsequence/guard_0.0.0-20220703182449', 'message': 'no deps or dev-deps'}
{'statusCode': 0, 'package': '@0xsequence/guard_0.0.0-20220704043930', 'message': 'no deps or dev-deps'}
{'statusCode': 0, 'package': '@0xsequence/guard_0.0.0-20220706193010', 'message': 'no deps or dev-deps'}
{'statusCode': 0, 'package': '@0xsequence/guard_0.0.0-20220710174545', 'message': 'no deps or dev-deps'}
{'statusCode': 0, 'package': '@0xsequence/guard_0.0.0-coolcats-0.36.12-20220711222640', 'message': 'no deps or dev-deps'}
{'statusCode': 0, 'package': '@0xsequence/guard_0.40.0', 'message': 'no deps or dev-deps'}
{'statusCode': 0, 'package': '@0xsequence/guard_0.40.1', 'message': 'no deps or dev-deps'}
{'statusCode': 0, 'package': '@0xsequence/guard_0.0.0-20220713211319', 'message': 'no deps or dev-deps'}
{'statusCode': 0, 'package': '@0xsequence/guard_0.0.0-20220714164224', 'message': 'no deps or dev-deps'}
{'statusCode': 0, 'package': '@0xsequence/guard_0.40.2', 'message': 'no deps or dev-deps'}
{'statusCode': 0, 'package': '@0xsequence/guard_0.0.0-20220719173737', 'message': 'no deps or dev-deps'}
{'statusCode': 0, 'package': '@0xsequence/guard_0.0.0-20220722145329', 'message': 'no deps or dev-deps'}
{'statusCode': 0, 'package': '@0xsequence/guard_0.0.0-20220725200200', 'message': 'no deps or dev-deps'}
{'statusCode': 0, 'package': '@0xsequence/guard_0.40.3', 'message': 'no deps or dev-deps'}
{'statusCode': 0, 'package': '@0xsequence/guard_0.0.0-20220728141414', 'message': 'no deps or dev-deps'}
{'statusCode': 0, 'package': '@0xsequence/guard_0.40.4', 'message': 'no deps or dev-deps'}
{'statusCode': 0, 'package': '@0xsequence/guard_0.0.0-20220728215555', 'message': 'no deps or dev-deps'}
{'statusCode': 0, 'package': '@0xsequence/guard_0.40.5', 'message': 'no deps or dev-deps'}
{'statusCode': 0, 'package': '@0xsequence/guard_0.0.0-20220804202525', 'message': 'no deps or dev-deps'}
{'statusCode': 0, 'package': '@0xsequence/guard_0.40.6', 'message': 'no deps or dev-deps'}
{'statusCode': 0, 'package': '@0xsequence/guard_0.0.0-20220825181818', 'message': 'no deps or dev-deps'}
{'statusCode': 0, 'package': '@0xsequence/guard_0.0.0-20220825190100', 'message': 'no deps or dev-deps'}
{'statusCode': 0, 'package': '@0xsequence/guard_0.41.0', 'message': 'no deps or dev-deps'}
{'statusCode': 0, 'package': '@0xsequence/guard_0.41.1', 'message': 'no deps or dev-deps'}
{'statusCode': 0, 'package': '@0xsequence/guard_0.41.2', 'message': 'no deps or dev-deps'}
{'statusCode': 0, 'package': '@0xsequence/guard_0.41.3', 'message': 'no deps or dev-deps'}
{'statusCode': 0, 'package': '@0xsequence/guard_0.42.0', 'message': 'no deps or dev-deps'}
{'statusCode': 0, 'package': '@0xsequence/guard_0.42.1', 'message': 'no deps or dev-deps'}
{'statusCode': 0, 'package': '@0xsequence/guard_0.42.2', 'message': 'no deps or dev-deps'}
{'statusCode': 0, 'package': '@0xsequence/guard_0.42.3', 'message': 'no deps or dev-deps'}
{'statusCode': 0, 'package': '@0xsequence/guard_0.42.4', 'message': 'no deps or dev-deps'}
{'statusCode': 0, 'package': '@0xsequence/guard_0.42.5', 'message': 'no deps or dev-deps'}
{'statusCode': 0, 'package': '@0xsequence/guard_0.42.6', 'message': 'no deps or dev-deps'}
{'statusCode': 0, 'package': '@0xsequence/guard_0.42.7', 'message': 'no deps or dev-deps'}
{'statusCode': 0, 'package': '@0xsequence/guard_0.42.8', 'message': 'no deps or dev-deps'}
{'statusCode': 0, 'package': '@0xsequence/guard_0.42.9', 'message': 'no deps or dev-deps'}
{'statusCode': 0, 'package': '@0xsequence/guard_0.42.10', 'message': 'no deps or dev-deps'}
{'statusCode': 0, 'package': '@0xsequence/guard_0.43.0', 'message': 'no deps or dev-deps'}
{'statusCode': 0, 'package': '@0xsequence/guard_0.43.1', 'message': 'no deps or dev-deps'}
{'statusCode': 0, 'package': '@0xsequence/guard_0.43.2', 'message': 'no deps or dev-deps'}
{'statusCode': 0, 'package': '@0xsequence/guard_0.43.3', 'message': 'no deps or dev-deps'}
{'statusCode': 0, 'package': '@0xsequence/guard_0.0.0-20221124173317', 'message': 'no deps or dev-deps'}
{'statusCode': 0, 'package': '@0xsequence/guard_0.43.4', 'message': 'no deps or dev-deps'}
{'statusCode': 0, 'package': '@0xsequence/guard_0.43.5', 'message': 'no deps or dev-deps'}
{'statusCode': 0, 'package': '@0xsequence/guard_0.43.6', 'message': 'no deps or dev-deps'}
{'statusCode': 0, 'package': '@0xsequence/guard_0.43.7', 'message': 'no deps or dev-deps'}
{'statusCode': 0, 'package': '@0xsequence/guard_0.7.0', 'message': 'no deps or dev-deps'}
{'statusCode': 0, 'package': '@0xsequence/guard_0.8.0', 'message': 'no deps or dev-deps'}
{'statusCode': 0, 'package': '@0xsequence/guard_0.8.1', 'message': 'no deps or dev-deps'}
{'statusCode': 0, 'package': '@0xsequence/guard_0.8.2', 'message': 'no deps or dev-deps'}
{'statusCode': 0, 'package': '@0xsequence/guard_0.8.3', 'message': 'no deps or dev-deps'}
{'statusCode': 0, 'package': '@0xsequence/guard_0.8.4', 'message': 'no deps or dev-deps'}
{'statusCode': 0, 'package': '@0xsequence/guard_0.8.5', 'message': 'no deps or dev-deps'}
{'statusCode': 0, 'package': '@0xsequence/guard_0.9.1', 'message': 'no deps or dev-deps'}
{'statusCode': 0, 'package': '@0xsequence/guard_0.9.3', 'message': 'no deps or dev-deps'}
{'statusCode': 0, 'package': '@0xsequence/guard_0.9.6', 'message': 'no deps or dev-deps'}
{'statusCode': 0, 'package': '@0xsequence/guard_0.10.0', 'message': 'no deps or dev-deps'}
{'statusCode': 0, 'package': '@0xsequence/guard_0.10.1', 'message': 'no deps or dev-deps'}
{'statusCode': 0, 'package': '@0xsequence/guard_0.10.2', 'message': 'no deps or dev-deps'}
{'statusCode': 0, 'package': '@0xsequence/guard_0.10.3', 'message': 'no deps or dev-deps'}
{'statusCode': 0, 'package': '@0xsequence/guard_0.10.4', 'message': 'no deps or dev-deps'}
{'statusCode': 0, 'package': '@0xsequence/guard_0.10.5', 'message': 'no deps or dev-deps'}
{'statusCode': 0, 'package': '@0xsequence/guard_0.10.6', 'message': 'no deps or dev-deps'}
{'statusCode': 0, 'package': '@0xsequence/guard_0.10.7', 'message': 'no deps or dev-deps'}
{'statusCode': 0, 'package': '@0xsequence/guard_0.10.8', 'message': 'no deps or dev-deps'}
{'statusCode': 0, 'package': '@0xsequence/guard_0.10.9', 'message': 'no deps or dev-deps'}
{'statusCode': 0, 'package': '@0xsequence/guard_0.11.0', 'message': 'no deps or dev-deps'}
{'statusCode': 0, 'package': '@0xsequence/guard_0.11.1', 'message': 'no deps or dev-deps'}
{'statusCode': 0, 'package': '@0xsequence/guard_0.11.2', 'message': 'no deps or dev-deps'}
{'statusCode': 0, 'package': '@0xsequence/guard_0.11.3', 'message': 'no deps or dev-deps'}
{'statusCode': 0, 'package': '@0xsequence/guard_0.11.4', 'message': 'no deps or dev-deps'}
{'statusCode': 0, 'package': '@0xsequence/guard_0.12.0', 'message': 'no deps or dev-deps'}
{'statusCode': 0, 'package': '@0xsequence/guard_0.12.1', 'message': 'no deps or dev-deps'}
{'statusCode': 0, 'package': '@0xsequence/guard_0.13.0', 'message': 'no deps or dev-deps'}
{'statusCode': 0, 'package': '@0xsequence/guard_0.14.0', 'message': 'no deps or dev-deps'}
{'statusCode': 0, 'package': '@0xsequence/guard_0.14.3', 'message': 'no deps or dev-deps'}
{'statusCode': 0, 'package': '@0xsequence/guard_0.15.1', 'message': 'no deps or dev-deps'}
{'statusCode': 0, 'package': '@0xsequence/guard_0.16.0', 'message': 'no deps or dev-deps'}
{'statusCode': 0, 'package': '@0xsequence/guard_0.18.0', 'message': 'no deps or dev-deps'}
{'statusCode': 0, 'package': '@0xsequence/guard_0.19.0', 'message': 'no deps or dev-deps'}
{'statusCode': 0, 'package': '@0xsequence/guard_0.19.3', 'message': 'no deps or dev-deps'}
{'statusCode': 0, 'package': '@0xsequence/guard_0.21.0', 'message': 'no deps or dev-deps'}
{'statusCode': 0, 'package': '@0xsequence/guard_0.21.2', 'message': 'no deps or dev-deps'}
{'statusCode': 0, 'package': '@0xsequence/guard_0.21.3', 'message': 'no deps or dev-deps'}
{'statusCode': 0, 'package': '@0xsequence/guard_0.21.4', 'message': 'no deps or dev-deps'}
{'statusCode': 0, 'package': '@0xsequence/guard_0.21.5', 'message': 'no deps or dev-deps'}
{'statusCode': 0, 'package': '@0xsequence/guard_0.22.0', 'message': 'no deps or dev-deps'}
{'statusCode': 0, 'package': '@0xsequence/guard_0.22.1', 'message': 'no deps or dev-deps'}
{'statusCode': 0, 'package': '@0xsequence/guard_0.22.2', 'message': 'no deps or dev-deps'}
{'statusCode': 0, 'package': '@0xsequence/guard_0.23.0', 'message': 'no deps or dev-deps'}
{'statusCode': 0, 'package': '@0xsequence/guard_0.25.0', 'message': 'no deps or dev-deps'}
{'statusCode': 0, 'package': '@0xsequence/guard_0.25.1', 'message': 'no deps or dev-deps'}
{'statusCode': 0, 'package': '@0xsequence/guard_0.27.0', 'message': 'no deps or dev-deps'}
{'statusCode': 0, 'package': '@0xsequence/guard_0.28.0', 'message': 'no deps or dev-deps'}
{'statusCode': 0, 'package': '@0xsequence/guard_0.0.0-2021827201516', 'message': 'no deps or dev-deps'}
{'statusCode': 0, 'package': '@0xsequence/guard_0.29.8', 'message': 'no deps or dev-deps'}
{'statusCode': 0, 'package': '@0xsequence/guard_0.30.0', 'message': 'no deps or dev-deps'}
{'statusCode': 0, 'package': '@0xsequence/guard_0.31.0', 'message': 'no deps or dev-deps'}
{'statusCode': 0, 'package': '@0xsequence/guard_0.34.0', 'message': 'no deps or dev-deps'}
{'statusCode': 0, 'package': '@0xsequence/guard_0.35.0', 'message': 'no deps or dev-deps'}
{'statusCode': 0, 'package': '@0xsequence/guard_0.35.1', 'message': 'no deps or dev-deps'}
{'statusCode': 0, 'package': '@0xsequence/guard_0.35.2', 'message': 'no deps or dev-deps'}
{'statusCode': 0, 'package': '@0xsequence/guard_0.35.3', 'message': 'no deps or dev-deps'}
{'statusCode': 0, 'package': '@0xsequence/guard_0.35.4', 'message': 'no deps or dev-deps'}
{'statusCode': 0, 'package': '@0xsequence/guard_0.35.5', 'message': 'no deps or dev-deps'}
{'statusCode': 0, 'package': '@0xsequence/guard_0.35.6', 'message': 'no deps or dev-deps'}
{'statusCode': 0, 'package': '@0xsequence/guard_0.35.7', 'message': 'no deps or dev-deps'}
{'statusCode': 0, 'package': '@0xsequence/guard_0.35.8', 'message': 'no deps or dev-deps'}
{'statusCode': 0, 'package': '@0xsequence/guard_0.35.9', 'message': 'no deps or dev-deps'}
{'statusCode': 0, 'package': '@0xsequence/guard_0.35.10', 'message': 'no deps or dev-deps'}
{'statusCode': 0, 'package': '@0xsequence/guard_0.35.11', 'message': 'no deps or dev-deps'}
{'statusCode': 0, 'package': '@0xsequence/guard_0.35.12', 'message': 'no deps or dev-deps'}
{'statusCode': 0, 'package': '@0xsequence/guard_0.36.0', 'message': 'no deps or dev-deps'}
{'statusCode': 0, 'package': '@0xsequence/guard_0.36.1', 'message': 'no deps or dev-deps'}
{'statusCode': 0, 'package': '@0xsequence/guard_0.36.2', 'message': 'no deps or dev-deps'}
{'statusCode': 0, 'package': '@0xsequence/guard_0.36.3', 'message': 'no deps or dev-deps'}
{'statusCode': 0, 'package': '@0xsequence/guard_0.36.4', 'message': 'no deps or dev-deps'}
{'statusCode': 0, 'package': '@0xsequence/guard_0.36.5', 'message': 'no deps or dev-deps'}
{'statusCode': 0, 'package': '@0xsequence/guard_0.36.6', 'message': 'no deps or dev-deps'}
{'statusCode': 0, 'package': '@0xsequence/guard_0.36.7', 'message': 'no deps or dev-deps'}
{'statusCode': 0, 'package': '@0xsequence/guard_0.36.8', 'message': 'no deps or dev-deps'}
{'statusCode': 0, 'package': '@0xsequence/guard_0.36.9', 'message': 'no deps or dev-deps'}
{'statusCode': 0, 'package': '@0xsequence/guard_0.36.10', 'message': 'no deps or dev-deps'}
{'statusCode': 0, 'package': '@0xsequence/guard_0.0.0-20220418165517', 'message': 'no deps or dev-deps'}
{'statusCode': 0, 'package': '@0xsequence/guard_0.36.11', 'message': 'no deps or dev-deps'}
{'statusCode': 0, 'package': '@0xsequence/guard_0.0.0-20220425195445', 'message': 'no deps or dev-deps'}
{'statusCode': 0, 'package': '@0xsequence/guard_0.36.12', 'message': 'no deps or dev-deps'}
{'statusCode': 0, 'package': '@0xsequence/guard_0.0.0-20220427054350', 'message': 'no deps or dev-deps'}
{'statusCode': 0, 'package': '@0xsequence/guard_0.0.0-20220427055332', 'message': 'no deps or dev-deps'}
{'statusCode': 0, 'package': '@0xsequence/guard_0.0.0-20220427161307', 'message': 'no deps or dev-deps'}
{'statusCode': 0, 'package': '@0xsequence/guard_0.0.0-20220427162812', 'message': 'no deps or dev-deps'}
{'statusCode': 0, 'package': '@0xsequence/guard_0.36.13', 'message': 'no deps or dev-deps'}
{'statusCode': 0, 'package': '@0xsequence/guard_0.37.0', 'message': 'no deps or dev-deps'}
{'statusCode': 0, 'package': '@0xsequence/guard_0.37.1', 'message': 'no deps or dev-deps'}
{'statusCode': 0, 'package': '@0xsequence/guard_0.0.0-20220506174803', 'message': 'no deps or dev-deps'}
{'statusCode': 0, 'package': '@0xsequence/guard_0.0.0-20220506195001', 'message': 'no deps or dev-deps'}
{'statusCode': 0, 'package': '@0xsequence/guard_0.0.0-20220513134147', 'message': 'no deps or dev-deps'}
{'statusCode': 0, 'package': '@0xsequence/guard_0.38.0', 'message': 'no deps or dev-deps'}
{'statusCode': 0, 'package': '@0xsequence/guard_0.38.1', 'message': 'no deps or dev-deps'}
{'statusCode': 0, 'package': '@0xsequence/guard_0.38.2', 'message': 'no deps or dev-deps'}
{'statusCode': 0, 'package': '@0xsequence/guard_0.39.0', 'message': 'no deps or dev-deps'}
{'statusCode': 0, 'package': '@0xsequence/guard_0.0.0-20220519151110', 'message': 'no deps or dev-deps'}
{'statusCode': 0, 'package': '@0xsequence/guard_0.0.0-20220519202656', 'message': 'no deps or dev-deps'}
{'statusCode': 0, 'package': '@0xsequence/guard_0.0.0-20220601185217', 'message': 'no deps or dev-deps'}
{'statusCode': 0, 'package': '@0xsequence/guard_0.39.1', 'message': 'no deps or dev-deps'}
{'statusCode': 0, 'package': '@0xsequence/guard_0.39.2', 'message': 'no deps or dev-deps'}
{'statusCode': 0, 'package': '@0xsequence/guard_0.0.0-20220609204505', 'message': 'no deps or dev-deps'}
{'statusCode': 0, 'package': '@0xsequence/guard_0.0.0-20220610134843', 'message': 'no deps or dev-deps'}
{'statusCode': 0, 'package': '@0xsequence/guard_0.39.3', 'message': 'no deps or dev-deps'}
{'statusCode': 0, 'package': '@0xsequence/guard_0.0.0-20220614152529', 'message': 'no deps or dev-deps'}
{'statusCode': 0, 'package': '@0xsequence/guard_0.0.0-20220616121217', 'message': 'no deps or dev-deps'}
{'statusCode': 0, 'package': '@0xsequence/guard_0.39.4', 'message': 'no deps or dev-deps'}
{'statusCode': 0, 'package': '@0xsequence/guard_0.39.5', 'message': 'no deps or dev-deps'}
{'statusCode': 0, 'package': '@0xsequence/guard_0.39.6', 'message': 'no deps or dev-deps'}
{'statusCode': 0, 'package': '@0xsequence/guard_0.0.0-26b08ee9-20220629135033', 'message': 'no deps or dev-deps'}
{'statusCode': 0, 'package': '@0xsequence/guard_0.0.0-cdbb3137-20220630190630', 'message': 'no deps or dev-deps'}
{'statusCode': 0, 'package': '@0xsequence/guard_0.0.0-cdbb3137-20220630191603', 'message': 'no deps or dev-deps'}
{'statusCode': 0, 'package': '@0xsequence/guard_0.0.0-cdbb3137-20220630192830', 'message': 'no deps or dev-deps'}
{'statusCode': 0, 'package': '@0xsequence/guard_0.0.0-20220630194654', 'message': 'no deps or dev-deps'}
{'statusCode': 0, 'package': '@0xsequence/guard_0.0.0-20220630211555', 'message': 'no deps or dev-deps'}
{'statusCode': 0, 'package': '@0xsequence/guard_0.0.0-20220630215108', 'message': 'no deps or dev-deps'}
{'statusCode': 0, 'package': '@0xsequence/guard_0.0.0-20220703182449', 'message': 'no deps or dev-deps'}
{'statusCode': 0, 'package': '@0xsequence/guard_0.0.0-20220704043930', 'message': 'no deps or dev-deps'}
{'statusCode': 0, 'package': '@0xsequence/guard_0.0.0-20220706193010', 'message': 'no deps or dev-deps'}
{'statusCode': 0, 'package': '@0xsequence/guard_0.0.0-20220710174545', 'message': 'no deps or dev-deps'}
{'statusCode': 0, 'package': '@0xsequence/guard_0.0.0-coolcats-0.36.12-20220711222640', 'message': 'no deps or dev-deps'}
{'statusCode': 0, 'package': '@0xsequence/guard_0.40.0', 'message': 'no deps or dev-deps'}
{'statusCode': 0, 'package': '@0xsequence/guard_0.40.1', 'message': 'no deps or dev-deps'}
{'statusCode': 0, 'package': '@0xsequence/guard_0.0.0-20220713211319', 'message': 'no deps or dev-deps'}
{'statusCode': 0, 'package': '@0xsequence/guard_0.0.0-20220714164224', 'message': 'no deps or dev-deps'}
{'statusCode': 0, 'package': '@0xsequence/guard_0.40.2', 'message': 'no deps or dev-deps'}
{'statusCode': 0, 'package': '@0xsequence/guard_0.0.0-20220719173737', 'message': 'no deps or dev-deps'}
{'statusCode': 0, 'package': '@0xsequence/guard_0.0.0-20220722145329', 'message': 'no deps or dev-deps'}
{'statusCode': 0, 'package': '@0xsequence/guard_0.0.0-20220725200200', 'message': 'no deps or dev-deps'}
{'statusCode': 0, 'package': '@0xsequence/guard_0.40.3', 'message': 'no deps or dev-deps'}
{'statusCode': 0, 'package': '@0xsequence/guard_0.0.0-20220728141414', 'message': 'no deps or dev-deps'}
{'statusCode': 0, 'package': '@0xsequence/guard_0.40.4', 'message': 'no deps or dev-deps'}
{'statusCode': 0, 'package': '@0xsequence/guard_0.0.0-20220728215555', 'message': 'no deps or dev-deps'}
{'statusCode': 0, 'package': '@0xsequence/guard_0.40.5', 'message': 'no deps or dev-deps'}
{'statusCode': 0, 'package': '@0xsequence/guard_0.0.0-20220804202525', 'message': 'no deps or dev-deps'}
{'statusCode': 0, 'package': '@0xsequence/guard_0.40.6', 'message': 'no deps or dev-deps'}
{'statusCode': 0, 'package': '@0xsequence/guard_0.0.0-20220825181818', 'message': 'no deps or dev-deps'}
{'statusCode': 0, 'package': '@0xsequence/guard_0.0.0-20220825190100', 'message': 'no deps or dev-deps'}
{'statusCode': 0, 'package': '@0xsequence/guard_0.41.0', 'message': 'no deps or dev-deps'}
{'statusCode': 0, 'package': '@0xsequence/guard_0.41.1', 'message': 'no deps or dev-deps'}
{'statusCode': 0, 'package': '@0xsequence/guard_0.41.2', 'message': 'no deps or dev-deps'}
{'statusCode': 0, 'package': '@0xsequence/guard_0.41.3', 'message': 'no deps or dev-deps'}
{'statusCode': 0, 'package': '@0xsequence/guard_0.42.0', 'message': 'no deps or dev-deps'}
{'statusCode': 0, 'package': '@0xsequence/guard_0.42.1', 'message': 'no deps or dev-deps'}
{'statusCode': 0, 'package': '@0xsequence/guard_0.42.2', 'message': 'no deps or dev-deps'}
{'statusCode': 0, 'package': '@0xsequence/guard_0.42.3', 'message': 'no deps or dev-deps'}
{'statusCode': 0, 'package': '@0xsequence/guard_0.42.4', 'message': 'no deps or dev-deps'}
{'statusCode': 0, 'package': '@0xsequence/guard_0.42.5', 'message': 'no deps or dev-deps'}
{'statusCode': 0, 'package': '@0xsequence/guard_0.42.6', 'message': 'no deps or dev-deps'}
{'statusCode': 0, 'package': '@0xsequence/guard_0.42.7', 'message': 'no deps or dev-deps'}
{'statusCode': 0, 'package': '@0xsequence/guard_0.42.8', 'message': 'no deps or dev-deps'}
{'statusCode': 0, 'package': '@0xsequence/guard_0.42.9', 'message': 'no deps or dev-deps'}
{'statusCode': 0, 'package': '@0xsequence/guard_0.42.10', 'message': 'no deps or dev-deps'}
{'statusCode': 0, 'package': '@0xsequence/guard_0.43.0', 'message': 'no deps or dev-deps'}
{'statusCode': 0, 'package': '@0xsequence/guard_0.43.1', 'message': 'no deps or dev-deps'}
{'statusCode': 0, 'package': '@0xsequence/guard_0.43.2', 'message': 'no deps or dev-deps'}
{'statusCode': 0, 'package': '@0xsequence/guard_0.43.3', 'message': 'no deps or dev-deps'}
{'statusCode': 0, 'package': '@0xsequence/guard_0.0.0-20221124173317', 'message': 'no deps or dev-deps'}
{'statusCode': 0, 'package': '@0xsequence/guard_0.43.4', 'message': 'no deps or dev-deps'}
{'statusCode': 0, 'package': '@0xsequence/guard_0.43.5', 'message': 'no deps or dev-deps'}
{'statusCode': 0, 'package': '@0xsequence/guard_0.43.6', 'message': 'no deps or dev-deps'}
{'statusCode': 0, 'package': '@0xsequence/guard_0.43.7', 'message': 'no deps or dev-deps'}
{'statusCode': 0, 'package': '@0xsequence/guard_0.7.0', 'message': 'no deps or dev-deps'}
{'statusCode': 0, 'package': '@0xsequence/guard_0.8.0', 'message': 'no deps or dev-deps'}
{'statusCode': 0, 'package': '@0xsequence/guard_0.8.1', 'message': 'no deps or dev-deps'}
{'statusCode': 0, 'package': '@0xsequence/guard_0.8.2', 'message': 'no deps or dev-deps'}
{'statusCode': 0, 'package': '@0xsequence/guard_0.8.3', 'message': 'no deps or dev-deps'}
{'statusCode': 0, 'package': '@0xsequence/guard_0.8.4', 'message': 'no deps or dev-deps'}
{'statusCode': 0, 'package': '@0xsequence/guard_0.8.5', 'message': 'no deps or dev-deps'}
{'statusCode': 0, 'package': '@0xsequence/guard_0.9.1', 'message': 'no deps or dev-deps'}
{'statusCode': 0, 'package': '@0xsequence/guard_0.9.3', 'message': 'no deps or dev-deps'}
{'statusCode': 0, 'package': '@0xsequence/guard_0.9.6', 'message': 'no deps or dev-deps'}
{'statusCode': 0, 'package': '@0xsequence/guard_0.10.0', 'message': 'no deps or dev-deps'}
{'statusCode': 0, 'package': '@0xsequence/guard_0.10.1', 'message': 'no deps or dev-deps'}
{'statusCode': 0, 'package': '@0xsequence/guard_0.10.2', 'message': 'no deps or dev-deps'}
{'statusCode': 0, 'package': '@0xsequence/guard_0.10.3', 'message': 'no deps or dev-deps'}
{'statusCode': 0, 'package': '@0xsequence/guard_0.10.4', 'message': 'no deps or dev-deps'}
{'statusCode': 0, 'package': '@0xsequence/guard_0.10.5', 'message': 'no deps or dev-deps'}
{'statusCode': 0, 'package': '@0xsequence/guard_0.10.6', 'message': 'no deps or dev-deps'}
{'statusCode': 0, 'package': '@0xsequence/guard_0.10.7', 'message': 'no deps or dev-deps'}
{'statusCode': 0, 'package': '@0xsequence/guard_0.10.8', 'message': 'no deps or dev-deps'}
{'statusCode': 0, 'package': '@0xsequence/guard_0.10.9', 'message': 'no deps or dev-deps'}
{'statusCode': 0, 'package': '@0xsequence/guard_0.11.0', 'message': 'no deps or dev-deps'}
{'statusCode': 0, 'package': '@0xsequence/guard_0.11.1', 'message': 'no deps or dev-deps'}
{'statusCode': 0, 'package': '@0xsequence/guard_0.11.2', 'message': 'no deps or dev-deps'}
{'statusCode': 0, 'package': '@0xsequence/guard_0.11.3', 'message': 'no deps or dev-deps'}
{'statusCode': 0, 'package': '@0xsequence/guard_0.11.4', 'message': 'no deps or dev-deps'}
{'statusCode': 0, 'package': '@0xsequence/guard_0.12.0', 'message': 'no deps or dev-deps'}
{'statusCode': 0, 'package': '@0xsequence/guard_0.12.1', 'message': 'no deps or dev-deps'}
{'statusCode': 0, 'package': '@0xsequence/guard_0.13.0', 'message': 'no deps or dev-deps'}
{'statusCode': 0, 'package': '@0xsequence/guard_0.14.0', 'message': 'no deps or dev-deps'}
{'statusCode': 0, 'package': '@0xsequence/guard_0.14.3', 'message': 'no deps or dev-deps'}
{'statusCode': 0, 'package': '@0xsequence/guard_0.15.1', 'message': 'no deps or dev-deps'}
{'statusCode': 0, 'package': '@0xsequence/guard_0.16.0', 'message': 'no deps or dev-deps'}
{'statusCode': 0, 'package': '@0xsequence/guard_0.18.0', 'message': 'no deps or dev-deps'}
{'statusCode': 0, 'package': '@0xsequence/guard_0.19.0', 'message': 'no deps or dev-deps'}
{'statusCode': 0, 'package': '@0xsequence/guard_0.19.3', 'message': 'no deps or dev-deps'}
{'statusCode': 0, 'package': '@0xsequence/guard_0.21.0', 'message': 'no deps or dev-deps'}
{'statusCode': 0, 'package': '@0xsequence/guard_0.21.2', 'message': 'no deps or dev-deps'}
{'statusCode': 0, 'package': '@0xsequence/guard_0.21.3', 'message': 'no deps or dev-deps'}
{'statusCode': 0, 'package': '@0xsequence/guard_0.21.4', 'message': 'no deps or dev-deps'}
{'statusCode': 0, 'package': '@0xsequence/guard_0.21.5', 'message': 'no deps or dev-deps'}
{'statusCode': 0, 'package': '@0xsequence/guard_0.22.0', 'message': 'no deps or dev-deps'}
{'statusCode': 0, 'package': '@0xsequence/guard_0.22.1', 'message': 'no deps or dev-deps'}
{'statusCode': 0, 'package': '@0xsequence/guard_0.22.2', 'message': 'no deps or dev-deps'}
{'statusCode': 0, 'package': '@0xsequence/guard_0.23.0', 'message': 'no deps or dev-deps'}
{'statusCode': 0, 'package': '@0xsequence/guard_0.25.0', 'message': 'no deps or dev-deps'}
{'statusCode': 0, 'package': '@0xsequence/guard_0.25.1', 'message': 'no deps or dev-deps'}
{'statusCode': 0, 'package': '@0xsequence/guard_0.27.0', 'message': 'no deps or dev-deps'}
{'statusCode': 0, 'package': '@0xsequence/guard_0.28.0', 'message': 'no deps or dev-deps'}
{'statusCode': 0, 'package': '@0xsequence/guard_0.0.0-2021827201516', 'message': 'no deps or dev-deps'}
{'statusCode': 0, 'package': '@0xsequence/guard_0.29.8', 'message': 'no deps or dev-deps'}
{'statusCode': 0, 'package': '@0xsequence/guard_0.30.0', 'message': 'no deps or dev-deps'}
{'statusCode': 0, 'package': '@0xsequence/guard_0.31.0', 'message': 'no deps or dev-deps'}
{'statusCode': 0, 'package': '@0xsequence/guard_0.34.0', 'message': 'no deps or dev-deps'}
{'statusCode': 0, 'package': '@0xsequence/guard_0.35.0', 'message': 'no deps or dev-deps'}
{'statusCode': 0, 'package': '@0xsequence/guard_0.35.1', 'message': 'no deps or dev-deps'}
{'statusCode': 0, 'package': '@0xsequence/guard_0.35.2', 'message': 'no deps or dev-deps'}
{'statusCode': 0, 'package': '@0xsequence/guard_0.35.3', 'message': 'no deps or dev-deps'}
{'statusCode': 0, 'package': '@0xsequence/guard_0.35.4', 'message': 'no deps or dev-deps'}
{'statusCode': 0, 'package': '@0xsequence/guard_0.35.5', 'message': 'no deps or dev-deps'}
{'statusCode': 0, 'package': '@0xsequence/guard_0.35.6', 'message': 'no deps or dev-deps'}
{'statusCode': 0, 'package': '@0xsequence/guard_0.35.7', 'message': 'no deps or dev-deps'}
{'statusCode': 0, 'package': '@0xsequence/guard_0.35.8', 'message': 'no deps or dev-deps'}
{'statusCode': 0, 'package': '@0xsequence/guard_0.35.9', 'message': 'no deps or dev-deps'}
{'statusCode': 0, 'package': '@0xsequence/guard_0.35.10', 'message': 'no deps or dev-deps'}
{'statusCode': 0, 'package': '@0xsequence/guard_0.35.11', 'message': 'no deps or dev-deps'}
{'statusCode': 0, 'package': '@0xsequence/guard_0.35.12', 'message': 'no deps or dev-deps'}
{'statusCode': 0, 'package': '@0xsequence/guard_0.36.0', 'message': 'no deps or dev-deps'}
{'statusCode': 0, 'package': '@0xsequence/guard_0.36.1', 'message': 'no deps or dev-deps'}
{'statusCode': 0, 'package': '@0xsequence/guard_0.36.2', 'message': 'no deps or dev-deps'}
{'statusCode': 0, 'package': '@0xsequence/guard_0.36.3', 'message': 'no deps or dev-deps'}
{'statusCode': 0, 'package': '@0xsequence/guard_0.36.4', 'message': 'no deps or dev-deps'}
{'statusCode': 0, 'package': '@0xsequence/guard_0.36.5', 'message': 'no deps or dev-deps'}
{'statusCode': 0, 'package': '@0xsequence/guard_0.36.6', 'message': 'no deps or dev-deps'}
{'statusCode': 0, 'package': '@0xsequence/guard_0.36.7', 'message': 'no deps or dev-deps'}
{'statusCode': 0, 'package': '@0xsequence/guard_0.36.8', 'message': 'no deps or dev-deps'}
{'statusCode': 0, 'package': '@0xsequence/guard_0.36.9', 'message': 'no deps or dev-deps'}
{'statusCode': 0, 'package': '@0xsequence/guard_0.36.10', 'message': 'no deps or dev-deps'}
{'statusCode': 0, 'package': '@0xsequence/guard_0.0.0-20220418165517', 'message': 'no deps or dev-deps'}
{'statusCode': 0, 'package': '@0xsequence/guard_0.36.11', 'message': 'no deps or dev-deps'}
{'statusCode': 0, 'package': '@0xsequence/guard_0.0.0-20220425195445', 'message': 'no deps or dev-deps'}
{'statusCode': 0, 'package': '@0xsequence/guard_0.36.12', 'message': 'no deps or dev-deps'}
{'statusCode': 0, 'package': '@0xsequence/guard_0.0.0-20220427054350', 'message': 'no deps or dev-deps'}
{'statusCode': 0, 'package': '@0xsequence/guard_0.0.0-20220427055332', 'message': 'no deps or dev-deps'}
{'statusCode': 0, 'package': '@0xsequence/guard_0.0.0-20220427161307', 'message': 'no deps or dev-deps'}
{'statusCode': 0, 'package': '@0xsequence/guard_0.0.0-20220427162812', 'message': 'no deps or dev-deps'}
{'statusCode': 0, 'package': '@0xsequence/guard_0.36.13', 'message': 'no deps or dev-deps'}
{'statusCode': 0, 'package': '@0xsequence/guard_0.37.0', 'message': 'no deps or dev-deps'}
{'statusCode': 0, 'package': '@0xsequence/guard_0.37.1', 'message': 'no deps or dev-deps'}
{'statusCode': 0, 'package': '@0xsequence/guard_0.0.0-20220506174803', 'message': 'no deps or dev-deps'}
{'statusCode': 0, 'package': '@0xsequence/guard_0.0.0-20220506195001', 'message': 'no deps or dev-deps'}
{'statusCode': 0, 'package': '@0xsequence/guard_0.0.0-20220513134147', 'message': 'no deps or dev-deps'}
{'statusCode': 0, 'package': '@0xsequence/guard_0.38.0', 'message': 'no deps or dev-deps'}
{'statusCode': 0, 'package': '@0xsequence/guard_0.38.1', 'message': 'no deps or dev-deps'}
{'statusCode': 0, 'package': '@0xsequence/guard_0.38.2', 'message': 'no deps or dev-deps'}
{'statusCode': 0, 'package': '@0xsequence/guard_0.39.0', 'message': 'no deps or dev-deps'}
{'statusCode': 0, 'package': '@0xsequence/guard_0.0.0-20220519151110', 'message': 'no deps or dev-deps'}
{'statusCode': 0, 'package': '@0xsequence/guard_0.0.0-20220519202656', 'message': 'no deps or dev-deps'}
{'statusCode': 0, 'package': '@0xsequence/guard_0.0.0-20220601185217', 'message': 'no deps or dev-deps'}
{'statusCode': 0, 'package': '@0xsequence/guard_0.39.1', 'message': 'no deps or dev-deps'}
{'statusCode': 0, 'package': '@0xsequence/guard_0.39.2', 'message': 'no deps or dev-deps'}
{'statusCode': 0, 'package': '@0xsequence/guard_0.0.0-20220609204505', 'message': 'no deps or dev-deps'}
{'statusCode': 0, 'package': '@0xsequence/guard_0.0.0-20220610134843', 'message': 'no deps or dev-deps'}
{'statusCode': 0, 'package': '@0xsequence/guard_0.39.3', 'message': 'no deps or dev-deps'}
{'statusCode': 0, 'package': '@0xsequence/guard_0.0.0-20220614152529', 'message': 'no deps or dev-deps'}
{'statusCode': 0, 'package': '@0xsequence/guard_0.0.0-20220616121217', 'message': 'no deps or dev-deps'}
{'statusCode': 0, 'package': '@0xsequence/guard_0.39.4', 'message': 'no deps or dev-deps'}
{'statusCode': 0, 'package': '@0xsequence/guard_0.39.5', 'message': 'no deps or dev-deps'}
{'statusCode': 0, 'package': '@0xsequence/guard_0.39.6', 'message': 'no deps or dev-deps'}
{'statusCode': 0, 'package': '@0xsequence/guard_0.0.0-26b08ee9-20220629135033', 'message': 'no deps or dev-deps'}
{'statusCode': 0, 'package': '@0xsequence/guard_0.0.0-cdbb3137-20220630190630', 'message': 'no deps or dev-deps'}
{'statusCode': 0, 'package': '@0xsequence/guard_0.0.0-cdbb3137-20220630191603', 'message': 'no deps or dev-deps'}
{'statusCode': 0, 'package': '@0xsequence/guard_0.0.0-cdbb3137-20220630192830', 'message': 'no deps or dev-deps'}
{'statusCode': 0, 'package': '@0xsequence/guard_0.0.0-20220630194654', 'message': 'no deps or dev-deps'}
{'statusCode': 0, 'package': '@0xsequence/guard_0.0.0-20220630211555', 'message': 'no deps or dev-deps'}
{'statusCode': 0, 'package': '@0xsequence/guard_0.0.0-20220630215108', 'message': 'no deps or dev-deps'}
{'statusCode': 0, 'package': '@0xsequence/guard_0.0.0-20220703182449', 'message': 'no deps or dev-deps'}
{'statusCode': 0, 'package': '@0xsequence/guard_0.0.0-20220704043930', 'message': 'no deps or dev-deps'}
{'statusCode': 0, 'package': '@0xsequence/guard_0.0.0-20220706193010', 'message': 'no deps or dev-deps'}
{'statusCode': 0, 'package': '@0xsequence/guard_0.0.0-20220710174545', 'message': 'no deps or dev-deps'}
{'statusCode': 0, 'package': '@0xsequence/guard_0.0.0-coolcats-0.36.12-20220711222640', 'message': 'no deps or dev-deps'}
{'statusCode': 0, 'package': '@0xsequence/guard_0.40.0', 'message': 'no deps or dev-deps'}
{'statusCode': 0, 'package': '@0xsequence/guard_0.40.1', 'message': 'no deps or dev-deps'}
{'statusCode': 0, 'package': '@0xsequence/guard_0.0.0-20220713211319', 'message': 'no deps or dev-deps'}
{'statusCode': 0, 'package': '@0xsequence/guard_0.0.0-20220714164224', 'message': 'no deps or dev-deps'}
{'statusCode': 0, 'package': '@0xsequence/guard_0.40.2', 'message': 'no deps or dev-deps'}
{'statusCode': 0, 'package': '@0xsequence/guard_0.0.0-20220719173737', 'message': 'no deps or dev-deps'}
{'statusCode': 0, 'package': '@0xsequence/guard_0.0.0-20220722145329', 'message': 'no deps or dev-deps'}
{'statusCode': 0, 'package': '@0xsequence/guard_0.0.0-20220725200200', 'message': 'no deps or dev-deps'}
{'statusCode': 0, 'package': '@0xsequence/guard_0.40.3', 'message': 'no deps or dev-deps'}
{'statusCode': 0, 'package': '@0xsequence/guard_0.0.0-20220728141414', 'message': 'no deps or dev-deps'}
{'statusCode': 0, 'package': '@0xsequence/guard_0.40.4', 'message': 'no deps or dev-deps'}
{'statusCode': 0, 'package': '@0xsequence/guard_0.0.0-20220728215555', 'message': 'no deps or dev-deps'}
{'statusCode': 0, 'package': '@0xsequence/guard_0.40.5', 'message': 'no deps or dev-deps'}
{'statusCode': 0, 'package': '@0xsequence/guard_0.0.0-20220804202525', 'message': 'no deps or dev-deps'}
{'statusCode': 0, 'package': '@0xsequence/guard_0.40.6', 'message': 'no deps or dev-deps'}
{'statusCode': 0, 'package': '@0xsequence/guard_0.0.0-20220825181818', 'message': 'no deps or dev-deps'}
{'statusCode': 0, 'package': '@0xsequence/guard_0.0.0-20220825190100', 'message': 'no deps or dev-deps'}
{'statusCode': 0, 'package': '@0xsequence/guard_0.41.0', 'message': 'no deps or dev-deps'}
{'statusCode': 0, 'package': '@0xsequence/guard_0.41.1', 'message': 'no deps or dev-deps'}
{'statusCode': 0, 'package': '@0xsequence/guard_0.41.2', 'message': 'no deps or dev-deps'}
{'statusCode': 0, 'package': '@0xsequence/guard_0.41.3', 'message': 'no deps or dev-deps'}
{'statusCode': 0, 'package': '@0xsequence/guard_0.42.0', 'message': 'no deps or dev-deps'}
{'statusCode': 0, 'package': '@0xsequence/guard_0.42.1', 'message': 'no deps or dev-deps'}
{'statusCode': 0, 'package': '@0xsequence/guard_0.42.2', 'message': 'no deps or dev-deps'}
{'statusCode': 0, 'package': '@0xsequence/guard_0.42.3', 'message': 'no deps or dev-deps'}
{'statusCode': 0, 'package': '@0xsequence/guard_0.42.4', 'message': 'no deps or dev-deps'}
{'statusCode': 0, 'package': '@0xsequence/guard_0.42.5', 'message': 'no deps or dev-deps'}
{'statusCode': 0, 'package': '@0xsequence/guard_0.42.6', 'message': 'no deps or dev-deps'}
{'statusCode': 0, 'package': '@0xsequence/guard_0.42.7', 'message': 'no deps or dev-deps'}
{'statusCode': 0, 'package': '@0xsequence/guard_0.42.8', 'message': 'no deps or dev-deps'}
{'statusCode': 0, 'package': '@0xsequence/guard_0.42.9', 'message': 'no deps or dev-deps'}
{'statusCode': 0, 'package': '@0xsequence/guard_0.42.10', 'message': 'no deps or dev-deps'}
{'statusCode': 0, 'package': '@0xsequence/guard_0.43.0', 'message': 'no deps or dev-deps'}
{'statusCode': 0, 'package': '@0xsequence/guard_0.43.1', 'message': 'no deps or dev-deps'}
{'statusCode': 0, 'package': '@0xsequence/guard_0.43.2', 'message': 'no deps or dev-deps'}
{'statusCode': 0, 'package': '@0xsequence/guard_0.43.3', 'message': 'no deps or dev-deps'}
{'statusCode': 0, 'package': '@0xsequence/guard_0.0.0-20221124173317', 'message': 'no deps or dev-deps'}
{'statusCode': 0, 'package': '@0xsequence/guard_0.43.4', 'message': 'no deps or dev-deps'}
{'statusCode': 0, 'package': '@0xsequence/guard_0.43.5', 'message': 'no deps or dev-deps'}
{'statusCode': 0, 'package': '@0xsequence/guard_0.43.6', 'message': 'no deps or dev-deps'}
{'statusCode': 0, 'package': '@0xsequence/guard_0.43.7', 'message': 'no deps or dev-deps'}
{'statusCode': 0, 'package': '@0xsequence/guard_0.7.0', 'message': 'no deps or dev-deps'}
{'statusCode': 0, 'package': '@0xsequence/guard_0.8.0', 'message': 'no deps or dev-deps'}
{'statusCode': 0, 'package': '@0xsequence/guard_0.8.1', 'message': 'no deps or dev-deps'}
{'statusCode': 0, 'package': '@0xsequence/guard_0.8.2', 'message': 'no deps or dev-deps'}
{'statusCode': 0, 'package': '@0xsequence/guard_0.8.3', 'message': 'no deps or dev-deps'}
{'statusCode': 0, 'package': '@0xsequence/guard_0.8.4', 'message': 'no deps or dev-deps'}
{'statusCode': 0, 'package': '@0xsequence/guard_0.8.5', 'message': 'no deps or dev-deps'}
{'statusCode': 0, 'package': '@0xsequence/guard_0.9.1', 'message': 'no deps or dev-deps'}
{'statusCode': 0, 'package': '@0xsequence/guard_0.9.3', 'message': 'no deps or dev-deps'}
{'statusCode': 0, 'package': '@0xsequence/guard_0.9.6', 'message': 'no deps or dev-deps'}
{'statusCode': 0, 'package': '@0xsequence/guard_0.10.0', 'message': 'no deps or dev-deps'}
{'statusCode': 0, 'package': '@0xsequence/guard_0.10.1', 'message': 'no deps or dev-deps'}
{'statusCode': 0, 'package': '@0xsequence/guard_0.10.2', 'message': 'no deps or dev-deps'}
{'statusCode': 0, 'package': '@0xsequence/guard_0.10.3', 'message': 'no deps or dev-deps'}
{'statusCode': 0, 'package': '@0xsequence/guard_0.10.4', 'message': 'no deps or dev-deps'}
{'statusCode': 0, 'package': '@0xsequence/guard_0.10.5', 'message': 'no deps or dev-deps'}
{'statusCode': 0, 'package': '@0xsequence/guard_0.10.6', 'message': 'no deps or dev-deps'}
{'statusCode': 0, 'package': '@0xsequence/guard_0.10.7', 'message': 'no deps or dev-deps'}
{'statusCode': 0, 'package': '@0xsequence/guard_0.10.8', 'message': 'no deps or dev-deps'}
{'statusCode': 0, 'package': '@0xsequence/guard_0.10.9', 'message': 'no deps or dev-deps'}
{'statusCode': 0, 'package': '@0xsequence/guard_0.11.0', 'message': 'no deps or dev-deps'}
{'statusCode': 0, 'package': '@0xsequence/guard_0.11.1', 'message': 'no deps or dev-deps'}
{'statusCode': 0, 'package': '@0xsequence/guard_0.11.2', 'message': 'no deps or dev-deps'}
{'statusCode': 0, 'package': '@0xsequence/guard_0.11.3', 'message': 'no deps or dev-deps'}
{'statusCode': 0, 'package': '@0xsequence/guard_0.11.4', 'message': 'no deps or dev-deps'}
{'statusCode': 0, 'package': '@0xsequence/guard_0.12.0', 'message': 'no deps or dev-deps'}
{'statusCode': 0, 'package': '@0xsequence/guard_0.12.1', 'message': 'no deps or dev-deps'}
{'statusCode': 0, 'package': '@0xsequence/guard_0.13.0', 'message': 'no deps or dev-deps'}
{'statusCode': 0, 'package': '@0xsequence/guard_0.14.0', 'message': 'no deps or dev-deps'}
{'statusCode': 0, 'package': '@0xsequence/guard_0.14.3', 'message': 'no deps or dev-deps'}
{'statusCode': 0, 'package': '@0xsequence/guard_0.15.1', 'message': 'no deps or dev-deps'}
{'statusCode': 0, 'package': '@0xsequence/guard_0.16.0', 'message': 'no deps or dev-deps'}
{'statusCode': 0, 'package': '@0xsequence/guard_0.18.0', 'message': 'no deps or dev-deps'}
{'statusCode': 0, 'package': '@0xsequence/guard_0.19.0', 'message': 'no deps or dev-deps'}
{'statusCode': 0, 'package': '@0xsequence/guard_0.19.3', 'message': 'no deps or dev-deps'}
{'statusCode': 0, 'package': '@0xsequence/guard_0.21.0', 'message': 'no deps or dev-deps'}
{'statusCode': 0, 'package': '@0xsequence/guard_0.21.2', 'message': 'no deps or dev-deps'}
{'statusCode': 0, 'package': '@0xsequence/guard_0.21.3', 'message': 'no deps or dev-deps'}
{'statusCode': 0, 'package': '@0xsequence/guard_0.21.4', 'message': 'no deps or dev-deps'}
{'statusCode': 0, 'package': '@0xsequence/guard_0.21.5', 'message': 'no deps or dev-deps'}
{'statusCode': 0, 'package': '@0xsequence/guard_0.22.0', 'message': 'no deps or dev-deps'}
{'statusCode': 0, 'package': '@0xsequence/guard_0.22.1', 'message': 'no deps or dev-deps'}
{'statusCode': 0, 'package': '@0xsequence/guard_0.22.2', 'message': 'no deps or dev-deps'}
{'statusCode': 0, 'package': '@0xsequence/guard_0.23.0', 'message': 'no deps or dev-deps'}
{'statusCode': 0, 'package': '@0xsequence/guard_0.25.0', 'message': 'no deps or dev-deps'}
{'statusCode': 0, 'package': '@0xsequence/guard_0.25.1', 'message': 'no deps or dev-deps'}
{'statusCode': 0, 'package': '@0xsequence/guard_0.27.0', 'message': 'no deps or dev-deps'}
{'statusCode': 0, 'package': '@0xsequence/guard_0.28.0', 'message': 'no deps or dev-deps'}
{'statusCode': 0, 'package': '@0xsequence/guard_0.0.0-2021827201516', 'message': 'no deps or dev-deps'}
{'statusCode': 0, 'package': '@0xsequence/guard_0.29.8', 'message': 'no deps or dev-deps'}
{'statusCode': 0, 'package': '@0xsequence/guard_0.30.0', 'message': 'no deps or dev-deps'}
{'statusCode': 0, 'package': '@0xsequence/guard_0.31.0', 'message': 'no deps or dev-deps'}
{'statusCode': 0, 'package': '@0xsequence/guard_0.34.0', 'message': 'no deps or dev-deps'}
{'statusCode': 0, 'package': '@0xsequence/guard_0.35.0', 'message': 'no deps or dev-deps'}
{'statusCode': 0, 'package': '@0xsequence/guard_0.35.1', 'message': 'no deps or dev-deps'}
{'statusCode': 0, 'package': '@0xsequence/guard_0.35.2', 'message': 'no deps or dev-deps'}
{'statusCode': 0, 'package': '@0xsequence/guard_0.35.3', 'message': 'no deps or dev-deps'}
{'statusCode': 0, 'package': '@0xsequence/guard_0.35.4', 'message': 'no deps or dev-deps'}
{'statusCode': 0, 'package': '@0xsequence/guard_0.35.5', 'message': 'no deps or dev-deps'}
{'statusCode': 0, 'package': '@0xsequence/guard_0.35.6', 'message': 'no deps or dev-deps'}
{'statusCode': 0, 'package': '@0xsequence/guard_0.35.7', 'message': 'no deps or dev-deps'}
{'statusCode': 0, 'package': '@0xsequence/guard_0.35.8', 'message': 'no deps or dev-deps'}
{'statusCode': 0, 'package': '@0xsequence/guard_0.35.9', 'message': 'no deps or dev-deps'}
{'statusCode': 0, 'package': '@0xsequence/guard_0.35.10', 'message': 'no deps or dev-deps'}
{'statusCode': 0, 'package': '@0xsequence/guard_0.35.11', 'message': 'no deps or dev-deps'}
{'statusCode': 0, 'package': '@0xsequence/guard_0.35.12', 'message': 'no deps or dev-deps'}
{'statusCode': 0, 'package': '@0xsequence/guard_0.36.0', 'message': 'no deps or dev-deps'}
{'statusCode': 0, 'package': '@0xsequence/guard_0.36.1', 'message': 'no deps or dev-deps'}
{'statusCode': 0, 'package': '@0xsequence/guard_0.36.2', 'message': 'no deps or dev-deps'}
{'statusCode': 0, 'package': '@0xsequence/guard_0.36.3', 'message': 'no deps or dev-deps'}
{'statusCode': 0, 'package': '@0xsequence/guard_0.36.4', 'message': 'no deps or dev-deps'}
{'statusCode': 0, 'package': '@0xsequence/guard_0.36.5', 'message': 'no deps or dev-deps'}
{'statusCode': 0, 'package': '@0xsequence/guard_0.36.6', 'message': 'no deps or dev-deps'}
{'statusCode': 0, 'package': '@0xsequence/guard_0.36.7', 'message': 'no deps or dev-deps'}
{'statusCode': 0, 'package': '@0xsequence/guard_0.36.8', 'message': 'no deps or dev-deps'}
{'statusCode': 0, 'package': '@0xsequence/guard_0.36.9', 'message': 'no deps or dev-deps'}
{'statusCode': 0, 'package': '@0xsequence/guard_0.36.10', 'message': 'no deps or dev-deps'}
{'statusCode': 0, 'package': '@0xsequence/guard_0.0.0-20220418165517', 'message': 'no deps or dev-deps'}
{'statusCode': 0, 'package': '@0xsequence/guard_0.36.11', 'message': 'no deps or dev-deps'}
{'statusCode': 0, 'package': '@0xsequence/guard_0.0.0-20220425195445', 'message': 'no deps or dev-deps'}
{'statusCode': 0, 'package': '@0xsequence/guard_0.36.12', 'message': 'no deps or dev-deps'}
{'statusCode': 0, 'package': '@0xsequence/guard_0.0.0-20220427054350', 'message': 'no deps or dev-deps'}
{'statusCode': 0, 'package': '@0xsequence/guard_0.0.0-20220427055332', 'message': 'no deps or dev-deps'}
{'statusCode': 0, 'package': '@0xsequence/guard_0.0.0-20220427161307', 'message': 'no deps or dev-deps'}
{'statusCode': 0, 'package': '@0xsequence/guard_0.0.0-20220427162812', 'message': 'no deps or dev-deps'}
{'statusCode': 0, 'package': '@0xsequence/guard_0.36.13', 'message': 'no deps or dev-deps'}
{'statusCode': 0, 'package': '@0xsequence/guard_0.37.0', 'message': 'no deps or dev-deps'}
{'statusCode': 0, 'package': '@0xsequence/guard_0.37.1', 'message': 'no deps or dev-deps'}
{'statusCode': 0, 'package': '@0xsequence/guard_0.0.0-20220506174803', 'message': 'no deps or dev-deps'}
{'statusCode': 0, 'package': '@0xsequence/guard_0.0.0-20220506195001', 'message': 'no deps or dev-deps'}
{'statusCode': 0, 'package': '@0xsequence/guard_0.0.0-20220513134147', 'message': 'no deps or dev-deps'}
{'statusCode': 0, 'package': '@0xsequence/guard_0.38.0', 'message': 'no deps or dev-deps'}
{'statusCode': 0, 'package': '@0xsequence/guard_0.38.1', 'message': 'no deps or dev-deps'}
{'statusCode': 0, 'package': '@0xsequence/guard_0.38.2', 'message': 'no deps or dev-deps'}
{'statusCode': 0, 'package': '@0xsequence/guard_0.39.0', 'message': 'no deps or dev-deps'}
{'statusCode': 0, 'package': '@0xsequence/guard_0.0.0-20220519151110', 'message': 'no deps or dev-deps'}
{'statusCode': 0, 'package': '@0xsequence/guard_0.0.0-20220519202656', 'message': 'no deps or dev-deps'}
{'statusCode': 0, 'package': '@0xsequence/guard_0.0.0-20220601185217', 'message': 'no deps or dev-deps'}
{'statusCode': 0, 'package': '@0xsequence/guard_0.39.1', 'message': 'no deps or dev-deps'}
{'statusCode': 0, 'package': '@0xsequence/guard_0.39.2', 'message': 'no deps or dev-deps'}
{'statusCode': 0, 'package': '@0xsequence/guard_0.0.0-20220609204505', 'message': 'no deps or dev-deps'}
{'statusCode': 0, 'package': '@0xsequence/guard_0.0.0-20220610134843', 'message': 'no deps or dev-deps'}
{'statusCode': 0, 'package': '@0xsequence/guard_0.39.3', 'message': 'no deps or dev-deps'}
{'statusCode': 0, 'package': '@0xsequence/guard_0.0.0-20220614152529', 'message': 'no deps or dev-deps'}
{'statusCode': 0, 'package': '@0xsequence/guard_0.0.0-20220616121217', 'message': 'no deps or dev-deps'}
{'statusCode': 0, 'package': '@0xsequence/guard_0.39.4', 'message': 'no deps or dev-deps'}
{'statusCode': 0, 'package': '@0xsequence/guard_0.39.5', 'message': 'no deps or dev-deps'}
{'statusCode': 0, 'package': '@0xsequence/guard_0.39.6', 'message': 'no deps or dev-deps'}
{'statusCode': 0, 'package': '@0xsequence/guard_0.0.0-26b08ee9-20220629135033', 'message': 'no deps or dev-deps'}
{'statusCode': 0, 'package': '@0xsequence/guard_0.0.0-cdbb3137-20220630190630', 'message': 'no deps or dev-deps'}
{'statusCode': 0, 'package': '@0xsequence/guard_0.0.0-cdbb3137-20220630191603', 'message': 'no deps or dev-deps'}
{'statusCode': 0, 'package': '@0xsequence/guard_0.0.0-cdbb3137-20220630192830', 'message': 'no deps or dev-deps'}
{'statusCode': 0, 'package': '@0xsequence/guard_0.0.0-20220630194654', 'message': 'no deps or dev-deps'}
{'statusCode': 0, 'package': '@0xsequence/guard_0.0.0-20220630211555', 'message': 'no deps or dev-deps'}
{'statusCode': 0, 'package': '@0xsequence/guard_0.0.0-20220630215108', 'message': 'no deps or dev-deps'}
{'statusCode': 0, 'package': '@0xsequence/guard_0.0.0-20220703182449', 'message': 'no deps or dev-deps'}
{'statusCode': 0, 'package': '@0xsequence/guard_0.0.0-20220704043930', 'message': 'no deps or dev-deps'}
{'statusCode': 0, 'package': '@0xsequence/guard_0.0.0-20220706193010', 'message': 'no deps or dev-deps'}
{'statusCode': 0, 'package': '@0xsequence/guard_0.0.0-20220710174545', 'message': 'no deps or dev-deps'}
{'statusCode': 0, 'package': '@0xsequence/guard_0.0.0-coolcats-0.36.12-20220711222640', 'message': 'no deps or dev-deps'}
{'statusCode': 0, 'package': '@0xsequence/guard_0.40.0', 'message': 'no deps or dev-deps'}
{'statusCode': 0, 'package': '@0xsequence/guard_0.40.1', 'message': 'no deps or dev-deps'}
{'statusCode': 0, 'package': '@0xsequence/guard_0.0.0-20220713211319', 'message': 'no deps or dev-deps'}
{'statusCode': 0, 'package': '@0xsequence/guard_0.0.0-20220714164224', 'message': 'no deps or dev-deps'}
{'statusCode': 0, 'package': '@0xsequence/guard_0.40.2', 'message': 'no deps or dev-deps'}
{'statusCode': 0, 'package': '@0xsequence/guard_0.0.0-20220719173737', 'message': 'no deps or dev-deps'}
{'statusCode': 0, 'package': '@0xsequence/guard_0.0.0-20220722145329', 'message': 'no deps or dev-deps'}
{'statusCode': 0, 'package': '@0xsequence/guard_0.0.0-20220725200200', 'message': 'no deps or dev-deps'}
{'statusCode': 0, 'package': '@0xsequence/guard_0.40.3', 'message': 'no deps or dev-deps'}
{'statusCode': 0, 'package': '@0xsequence/guard_0.0.0-20220728141414', 'message': 'no deps or dev-deps'}
{'statusCode': 0, 'package': '@0xsequence/guard_0.40.4', 'message': 'no deps or dev-deps'}
{'statusCode': 0, 'package': '@0xsequence/guard_0.0.0-20220728215555', 'message': 'no deps or dev-deps'}
{'statusCode': 0, 'package': '@0xsequence/guard_0.40.5', 'message': 'no deps or dev-deps'}
{'statusCode': 0, 'package': '@0xsequence/guard_0.0.0-20220804202525', 'message': 'no deps or dev-deps'}
{'statusCode': 0, 'package': '@0xsequence/guard_0.40.6', 'message': 'no deps or dev-deps'}
{'statusCode': 0, 'package': '@0xsequence/guard_0.0.0-20220825181818', 'message': 'no deps or dev-deps'}
{'statusCode': 0, 'package': '@0xsequence/guard_0.0.0-20220825190100', 'message': 'no deps or dev-deps'}
{'statusCode': 0, 'package': '@0xsequence/guard_0.41.0', 'message': 'no deps or dev-deps'}
{'statusCode': 0, 'package': '@0xsequence/guard_0.41.1', 'message': 'no deps or dev-deps'}
{'statusCode': 0, 'package': '@0xsequence/guard_0.41.2', 'message': 'no deps or dev-deps'}
{'statusCode': 0, 'package': '@0xsequence/guard_0.41.3', 'message': 'no deps or dev-deps'}
{'statusCode': 0, 'package': '@0xsequence/guard_0.42.0', 'message': 'no deps or dev-deps'}
{'statusCode': 0, 'package': '@0xsequence/guard_0.42.1', 'message': 'no deps or dev-deps'}
{'statusCode': 0, 'package': '@0xsequence/guard_0.42.2', 'message': 'no deps or dev-deps'}
{'statusCode': 0, 'package': '@0xsequence/guard_0.42.3', 'message': 'no deps or dev-deps'}
{'statusCode': 0, 'package': '@0xsequence/guard_0.42.4', 'message': 'no deps or dev-deps'}
{'statusCode': 0, 'package': '@0xsequence/guard_0.42.5', 'message': 'no deps or dev-deps'}
{'statusCode': 0, 'package': '@0xsequence/guard_0.42.6', 'message': 'no deps or dev-deps'}
{'statusCode': 0, 'package': '@0xsequence/guard_0.42.7', 'message': 'no deps or dev-deps'}
{'statusCode': 0, 'package': '@0xsequence/guard_0.42.8', 'message': 'no deps or dev-deps'}
{'statusCode': 0, 'package': '@0xsequence/guard_0.42.9', 'message': 'no deps or dev-deps'}
{'statusCode': 0, 'package': '@0xsequence/guard_0.42.10', 'message': 'no deps or dev-deps'}
{'statusCode': 0, 'package': '@0xsequence/guard_0.43.0', 'message': 'no deps or dev-deps'}
{'statusCode': 0, 'package': '@0xsequence/guard_0.43.1', 'message': 'no deps or dev-deps'}
{'statusCode': 0, 'package': '@0xsequence/guard_0.43.2', 'message': 'no deps or dev-deps'}
{'statusCode': 0, 'package': '@0xsequence/guard_0.43.3', 'message': 'no deps or dev-deps'}
{'statusCode': 0, 'package': '@0xsequence/guard_0.0.0-20221124173317', 'message': 'no deps or dev-deps'}
{'statusCode': 0, 'package': '@0xsequence/guard_0.43.4', 'message': 'no deps or dev-deps'}
{'statusCode': 0, 'package': '@0xsequence/guard_0.43.5', 'message': 'no deps or dev-deps'}
{'statusCode': 0, 'package': '@0xsequence/guard_0.43.6', 'message': 'no deps or dev-deps'}
{'statusCode': 0, 'package': '@0xsequence/guard_0.43.7', 'message': 'no deps or dev-deps'}
{'statusCode': 0, 'package': '@0xsequence/indexer_0.43.0', 'message': 'no deps or dev-deps'}
{'statusCode': 0, 'package': '@0xsequence/indexer_0.43.1', 'message': 'no deps or dev-deps'}
{'statusCode': 0, 'package': '@0xsequence/indexer_0.43.2', 'message': 'no deps or dev-deps'}
{'statusCode': 0, 'package': '@0xsequence/indexer_0.43.3', 'message': 'no deps or dev-deps'}
{'statusCode': 0, 'package': '@0xsequence/indexer_0.0.0-20221124173317', 'message': 'no deps or dev-deps'}
{'statusCode': 0, 'package': '@0xsequence/indexer_0.43.4', 'message': 'no deps or dev-deps'}
{'statusCode': 0, 'package': '@0xsequence/indexer_0.43.5', 'message': 'no deps or dev-deps'}
{'statusCode': 0, 'package': '@0xsequence/indexer_0.43.6', 'message': 'no deps or dev-deps'}
{'statusCode': 0, 'package': '@0xsequence/indexer_0.43.7', 'message': 'no deps or dev-deps'}
{'statusCode': 0, 'package': '@0xsequence/indexer_0.43.0', 'message': 'no deps or dev-deps'}
{'statusCode': 0, 'package': '@0xsequence/indexer_0.43.1', 'message': 'no deps or dev-deps'}
{'statusCode': 0, 'package': '@0xsequence/indexer_0.43.2', 'message': 'no deps or dev-deps'}
{'statusCode': 0, 'package': '@0xsequence/indexer_0.43.3', 'message': 'no deps or dev-deps'}
{'statusCode': 0, 'package': '@0xsequence/indexer_0.0.0-20221124173317', 'message': 'no deps or dev-deps'}
{'statusCode': 0, 'package': '@0xsequence/indexer_0.43.4', 'message': 'no deps or dev-deps'}
{'statusCode': 0, 'package': '@0xsequence/indexer_0.43.5', 'message': 'no deps or dev-deps'}
{'statusCode': 0, 'package': '@0xsequence/indexer_0.43.6', 'message': 'no deps or dev-deps'}
{'statusCode': 0, 'package': '@0xsequence/indexer_0.43.7', 'message': 'no deps or dev-deps'}
{'statusCode': 0, 'package': '@0xsequence/indexer_0.43.0', 'message': 'no deps or dev-deps'}
{'statusCode': 0, 'package': '@0xsequence/indexer_0.43.1', 'message': 'no deps or dev-deps'}
{'statusCode': 0, 'package': '@0xsequence/indexer_0.43.2', 'message': 'no deps or dev-deps'}
{'statusCode': 0, 'package': '@0xsequence/indexer_0.43.3', 'message': 'no deps or dev-deps'}
{'statusCode': 0, 'package': '@0xsequence/indexer_0.0.0-20221124173317', 'message': 'no deps or dev-deps'}
{'statusCode': 0, 'package': '@0xsequence/indexer_0.43.4', 'message': 'no deps or dev-deps'}
{'statusCode': 0, 'package': '@0xsequence/indexer_0.43.5', 'message': 'no deps or dev-deps'}
{'statusCode': 0, 'package': '@0xsequence/indexer_0.43.6', 'message': 'no deps or dev-deps'}
{'statusCode': 0, 'package': '@0xsequence/indexer_0.43.7', 'message': 'no deps or dev-deps'}
{'statusCode': 0, 'package': '@0xsequence/indexer_0.43.0', 'message': 'no deps or dev-deps'}
{'statusCode': 0, 'package': '@0xsequence/indexer_0.43.1', 'message': 'no deps or dev-deps'}
{'statusCode': 0, 'package': '@0xsequence/indexer_0.43.2', 'message': 'no deps or dev-deps'}
{'statusCode': 0, 'package': '@0xsequence/indexer_0.43.3', 'message': 'no deps or dev-deps'}
{'statusCode': 0, 'package': '@0xsequence/indexer_0.0.0-20221124173317', 'message': 'no deps or dev-deps'}
{'statusCode': 0, 'package': '@0xsequence/indexer_0.43.4', 'message': 'no deps or dev-deps'}
{'statusCode': 0, 'package': '@0xsequence/indexer_0.43.5', 'message': 'no deps or dev-deps'}
{'statusCode': 0, 'package': '@0xsequence/indexer_0.43.6', 'message': 'no deps or dev-deps'}
{'statusCode': 0, 'package': '@0xsequence/indexer_0.43.7', 'message': 'no deps or dev-deps'}
{'statusCode': 0, 'package': '@0xsequence/indexer_0.43.0', 'message': 'no deps or dev-deps'}
{'statusCode': 0, 'package': '@0xsequence/indexer_0.43.1', 'message': 'no deps or dev-deps'}
{'statusCode': 0, 'package': '@0xsequence/indexer_0.43.2', 'message': 'no deps or dev-deps'}
{'statusCode': 0, 'package': '@0xsequence/indexer_0.43.3', 'message': 'no deps or dev-deps'}
{'statusCode': 0, 'package': '@0xsequence/indexer_0.0.0-20221124173317', 'message': 'no deps or dev-deps'}
{'statusCode': 0, 'package': '@0xsequence/indexer_0.43.4', 'message': 'no deps or dev-deps'}
{'statusCode': 0, 'package': '@0xsequence/indexer_0.43.5', 'message': 'no deps or dev-deps'}
{'statusCode': 0, 'package': '@0xsequence/indexer_0.43.6', 'message': 'no deps or dev-deps'}
{'statusCode': 0, 'package': '@0xsequence/indexer_0.43.7', 'message': 'no deps or dev-deps'}
{'statusCode': 0, 'package': '@0xsequence/indexer_0.43.0', 'message': 'no deps or dev-deps'}
{'statusCode': 0, 'package': '@0xsequence/indexer_0.43.1', 'message': 'no deps or dev-deps'}
{'statusCode': 0, 'package': '@0xsequence/indexer_0.43.2', 'message': 'no deps or dev-deps'}
{'statusCode': 0, 'package': '@0xsequence/indexer_0.43.3', 'message': 'no deps or dev-deps'}
{'statusCode': 0, 'package': '@0xsequence/indexer_0.0.0-20221124173317', 'message': 'no deps or dev-deps'}
{'statusCode': 0, 'package': '@0xsequence/indexer_0.43.4', 'message': 'no deps or dev-deps'}
{'statusCode': 0, 'package': '@0xsequence/indexer_0.43.5', 'message': 'no deps or dev-deps'}
{'statusCode': 0, 'package': '@0xsequence/indexer_0.43.6', 'message': 'no deps or dev-deps'}
{'statusCode': 0, 'package': '@0xsequence/indexer_0.43.7', 'message': 'no deps or dev-deps'}
{'statusCode': 0, 'package': '@0xsequence/indexer_0.43.0', 'message': 'no deps or dev-deps'}
{'statusCode': 0, 'package': '@0xsequence/indexer_0.43.1', 'message': 'no deps or dev-deps'}
{'statusCode': 0, 'package': '@0xsequence/indexer_0.43.2', 'message': 'no deps or dev-deps'}
{'statusCode': 0, 'package': '@0xsequence/indexer_0.43.3', 'message': 'no deps or dev-deps'}
{'statusCode': 0, 'package': '@0xsequence/indexer_0.0.0-20221124173317', 'message': 'no deps or dev-deps'}
{'statusCode': 0, 'package': '@0xsequence/indexer_0.43.4', 'message': 'no deps or dev-deps'}
{'statusCode': 0, 'package': '@0xsequence/indexer_0.43.5', 'message': 'no deps or dev-deps'}
{'statusCode': 0, 'package': '@0xsequence/indexer_0.43.6', 'message': 'no deps or dev-deps'}
{'statusCode': 0, 'package': '@0xsequence/indexer_0.43.7', 'message': 'no deps or dev-deps'}
{'statusCode': 0, 'package': '@0xsequence/indexer_0.43.0', 'message': 'no deps or dev-deps'}
{'statusCode': 0, 'package': '@0xsequence/indexer_0.43.1', 'message': 'no deps or dev-deps'}
{'statusCode': 0, 'package': '@0xsequence/indexer_0.43.2', 'message': 'no deps or dev-deps'}
{'statusCode': 0, 'package': '@0xsequence/indexer_0.43.3', 'message': 'no deps or dev-deps'}
{'statusCode': 0, 'package': '@0xsequence/indexer_0.0.0-20221124173317', 'message': 'no deps or dev-deps'}
{'statusCode': 0, 'package': '@0xsequence/indexer_0.43.4', 'message': 'no deps or dev-deps'}
{'statusCode': 0, 'package': '@0xsequence/indexer_0.43.5', 'message': 'no deps or dev-deps'}
{'statusCode': 0, 'package': '@0xsequence/indexer_0.43.6', 'message': 'no deps or dev-deps'}
{'statusCode': 0, 'package': '@0xsequence/indexer_0.43.7', 'message': 'no deps or dev-deps'}
{'statusCode': 0, 'package': '@0xsequence/indexer_0.43.0', 'message': 'no deps or dev-deps'}
{'statusCode': 0, 'package': '@0xsequence/indexer_0.43.1', 'message': 'no deps or dev-deps'}
{'statusCode': 0, 'package': '@0xsequence/indexer_0.43.2', 'message': 'no deps or dev-deps'}
{'statusCode': 0, 'package': '@0xsequence/indexer_0.43.3', 'message': 'no deps or dev-deps'}
{'statusCode': 0, 'package': '@0xsequence/indexer_0.0.0-20221124173317', 'message': 'no deps or dev-deps'}
{'statusCode': 0, 'package': '@0xsequence/indexer_0.43.4', 'message': 'no deps or dev-deps'}
{'statusCode': 0, 'package': '@0xsequence/indexer_0.43.5', 'message': 'no deps or dev-deps'}
{'statusCode': 0, 'package': '@0xsequence/indexer_0.43.6', 'message': 'no deps or dev-deps'}
{'statusCode': 0, 'package': '@0xsequence/indexer_0.43.7', 'message': 'no deps or dev-deps'}
{'statusCode': 0, 'package': '@0xsequence/indexer_0.43.0', 'message': 'no deps or dev-deps'}
{'statusCode': 0, 'package': '@0xsequence/indexer_0.43.1', 'message': 'no deps or dev-deps'}
{'statusCode': 0, 'package': '@0xsequence/indexer_0.43.2', 'message': 'no deps or dev-deps'}
{'statusCode': 0, 'package': '@0xsequence/indexer_0.43.3', 'message': 'no deps or dev-deps'}
{'statusCode': 0, 'package': '@0xsequence/indexer_0.0.0-20221124173317', 'message': 'no deps or dev-deps'}
{'statusCode': 0, 'package': '@0xsequence/indexer_0.43.4', 'message': 'no deps or dev-deps'}
{'statusCode': 0, 'package': '@0xsequence/indexer_0.43.5', 'message': 'no deps or dev-deps'}
{'statusCode': 0, 'package': '@0xsequence/indexer_0.43.6', 'message': 'no deps or dev-deps'}
{'statusCode': 0, 'package': '@0xsequence/indexer_0.43.7', 'message': 'no deps or dev-deps'}
{'statusCode': 0, 'package': '@0xsequence/indexer_0.43.0', 'message': 'no deps or dev-deps'}
{'statusCode': 0, 'package': '@0xsequence/indexer_0.43.1', 'message': 'no deps or dev-deps'}
{'statusCode': 0, 'package': '@0xsequence/indexer_0.43.2', 'message': 'no deps or dev-deps'}
{'statusCode': 0, 'package': '@0xsequence/indexer_0.43.3', 'message': 'no deps or dev-deps'}
{'statusCode': 0, 'package': '@0xsequence/indexer_0.0.0-20221124173317', 'message': 'no deps or dev-deps'}
{'statusCode': 0, 'package': '@0xsequence/indexer_0.43.4', 'message': 'no deps or dev-deps'}
{'statusCode': 0, 'package': '@0xsequence/indexer_0.43.5', 'message': 'no deps or dev-deps'}
{'statusCode': 0, 'package': '@0xsequence/indexer_0.43.6', 'message': 'no deps or dev-deps'}
{'statusCode': 0, 'package': '@0xsequence/indexer_0.43.7', 'message': 'no deps or dev-deps'}
{'statusCode': 0, 'package': '@0xsequence/indexer_0.43.0', 'message': 'no deps or dev-deps'}
{'statusCode': 0, 'package': '@0xsequence/indexer_0.43.1', 'message': 'no deps or dev-deps'}
{'statusCode': 0, 'package': '@0xsequence/indexer_0.43.2', 'message': 'no deps or dev-deps'}
{'statusCode': 0, 'package': '@0xsequence/indexer_0.43.3', 'message': 'no deps or dev-deps'}
{'statusCode': 0, 'package': '@0xsequence/indexer_0.0.0-20221124173317', 'message': 'no deps or dev-deps'}
{'statusCode': 0, 'package': '@0xsequence/indexer_0.43.4', 'message': 'no deps or dev-deps'}
{'statusCode': 0, 'package': '@0xsequence/indexer_0.43.5', 'message': 'no deps or dev-deps'}
{'statusCode': 0, 'package': '@0xsequence/indexer_0.43.6', 'message': 'no deps or dev-deps'}
{'statusCode': 0, 'package': '@0xsequence/indexer_0.43.7', 'message': 'no deps or dev-deps'}
{'statusCode': 0, 'package': '@0xsequence/indexer_0.43.0', 'message': 'no deps or dev-deps'}
{'statusCode': 0, 'package': '@0xsequence/indexer_0.43.1', 'message': 'no deps or dev-deps'}
{'statusCode': 0, 'package': '@0xsequence/indexer_0.43.2', 'message': 'no deps or dev-deps'}
{'statusCode': 0, 'package': '@0xsequence/indexer_0.43.3', 'message': 'no deps or dev-deps'}
{'statusCode': 0, 'package': '@0xsequence/indexer_0.0.0-20221124173317', 'message': 'no deps or dev-deps'}
{'statusCode': 0, 'package': '@0xsequence/indexer_0.43.4', 'message': 'no deps or dev-deps'}
{'statusCode': 0, 'package': '@0xsequence/indexer_0.43.5', 'message': 'no deps or dev-deps'}
{'statusCode': 0, 'package': '@0xsequence/indexer_0.43.6', 'message': 'no deps or dev-deps'}
{'statusCode': 0, 'package': '@0xsequence/indexer_0.43.7', 'message': 'no deps or dev-deps'}
{'statusCode': 0, 'package': '@0xsequence/indexer_0.43.0', 'message': 'no deps or dev-deps'}
{'statusCode': 0, 'package': '@0xsequence/indexer_0.43.1', 'message': 'no deps or dev-deps'}
{'statusCode': 0, 'package': '@0xsequence/indexer_0.43.2', 'message': 'no deps or dev-deps'}
{'statusCode': 0, 'package': '@0xsequence/indexer_0.43.3', 'message': 'no deps or dev-deps'}
{'statusCode': 0, 'package': '@0xsequence/indexer_0.0.0-20221124173317', 'message': 'no deps or dev-deps'}
{'statusCode': 0, 'package': '@0xsequence/indexer_0.43.4', 'message': 'no deps or dev-deps'}
{'statusCode': 0, 'package': '@0xsequence/indexer_0.43.5', 'message': 'no deps or dev-deps'}
{'statusCode': 0, 'package': '@0xsequence/indexer_0.43.6', 'message': 'no deps or dev-deps'}
{'statusCode': 0, 'package': '@0xsequence/indexer_0.43.7', 'message': 'no deps or dev-deps'}
{'statusCode': 0, 'package': '@0xsequence/indexer_0.43.0', 'message': 'no deps or dev-deps'}
{'statusCode': 0, 'package': '@0xsequence/indexer_0.43.1', 'message': 'no deps or dev-deps'}
{'statusCode': 0, 'package': '@0xsequence/indexer_0.43.2', 'message': 'no deps or dev-deps'}
{'statusCode': 0, 'package': '@0xsequence/indexer_0.43.3', 'message': 'no deps or dev-deps'}
{'statusCode': 0, 'package': '@0xsequence/indexer_0.0.0-20221124173317', 'message': 'no deps or dev-deps'}
{'statusCode': 0, 'package': '@0xsequence/indexer_0.43.4', 'message': 'no deps or dev-deps'}
{'statusCode': 0, 'package': '@0xsequence/indexer_0.43.5', 'message': 'no deps or dev-deps'}
{'statusCode': 0, 'package': '@0xsequence/indexer_0.43.6', 'message': 'no deps or dev-deps'}
{'statusCode': 0, 'package': '@0xsequence/indexer_0.43.7', 'message': 'no deps or dev-deps'}
{'statusCode': 0, 'package': '@0xsequence/indexer_0.43.0', 'message': 'no deps or dev-deps'}
{'statusCode': 0, 'package': '@0xsequence/indexer_0.43.1', 'message': 'no deps or dev-deps'}
{'statusCode': 0, 'package': '@0xsequence/indexer_0.43.2', 'message': 'no deps or dev-deps'}
{'statusCode': 0, 'package': '@0xsequence/indexer_0.43.3', 'message': 'no deps or dev-deps'}
{'statusCode': 0, 'package': '@0xsequence/indexer_0.0.0-20221124173317', 'message': 'no deps or dev-deps'}
{'statusCode': 0, 'package': '@0xsequence/indexer_0.43.4', 'message': 'no deps or dev-deps'}
{'statusCode': 0, 'package': '@0xsequence/indexer_0.43.5', 'message': 'no deps or dev-deps'}
{'statusCode': 0, 'package': '@0xsequence/indexer_0.43.6', 'message': 'no deps or dev-deps'}
{'statusCode': 0, 'package': '@0xsequence/indexer_0.43.7', 'message': 'no deps or dev-deps'}
{'statusCode': 0, 'package': '@0xsequence/indexer_0.43.0', 'message': 'no deps or dev-deps'}
{'statusCode': 0, 'package': '@0xsequence/indexer_0.43.1', 'message': 'no deps or dev-deps'}
{'statusCode': 0, 'package': '@0xsequence/indexer_0.43.2', 'message': 'no deps or dev-deps'}
{'statusCode': 0, 'package': '@0xsequence/indexer_0.43.3', 'message': 'no deps or dev-deps'}
{'statusCode': 0, 'package': '@0xsequence/indexer_0.0.0-20221124173317', 'message': 'no deps or dev-deps'}
{'statusCode': 0, 'package': '@0xsequence/indexer_0.43.4', 'message': 'no deps or dev-deps'}
{'statusCode': 0, 'package': '@0xsequence/indexer_0.43.5', 'message': 'no deps or dev-deps'}
{'statusCode': 0, 'package': '@0xsequence/indexer_0.43.6', 'message': 'no deps or dev-deps'}
{'statusCode': 0, 'package': '@0xsequence/indexer_0.43.7', 'message': 'no deps or dev-deps'}
{'statusCode': 0, 'package': '@0xsequence/indexer_0.43.0', 'message': 'no deps or dev-deps'}
{'statusCode': 0, 'package': '@0xsequence/indexer_0.43.1', 'message': 'no deps or dev-deps'}
{'statusCode': 0, 'package': '@0xsequence/indexer_0.43.2', 'message': 'no deps or dev-deps'}
{'statusCode': 0, 'package': '@0xsequence/indexer_0.43.3', 'message': 'no deps or dev-deps'}
{'statusCode': 0, 'package': '@0xsequence/indexer_0.0.0-20221124173317', 'message': 'no deps or dev-deps'}
{'statusCode': 0, 'package': '@0xsequence/indexer_0.43.4', 'message': 'no deps or dev-deps'}
{'statusCode': 0, 'package': '@0xsequence/indexer_0.43.5', 'message': 'no deps or dev-deps'}
{'statusCode': 0, 'package': '@0xsequence/indexer_0.43.6', 'message': 'no deps or dev-deps'}
{'statusCode': 0, 'package': '@0xsequence/indexer_0.43.7', 'message': 'no deps or dev-deps'}
{'statusCode': 0, 'package': '@0xsequence/indexer_0.43.0', 'message': 'no deps or dev-deps'}
{'statusCode': 0, 'package': '@0xsequence/indexer_0.43.1', 'message': 'no deps or dev-deps'}
{'statusCode': 0, 'package': '@0xsequence/indexer_0.43.2', 'message': 'no deps or dev-deps'}
{'statusCode': 0, 'package': '@0xsequence/indexer_0.43.3', 'message': 'no deps or dev-deps'}
{'statusCode': 0, 'package': '@0xsequence/indexer_0.0.0-20221124173317', 'message': 'no deps or dev-deps'}
{'statusCode': 0, 'package': '@0xsequence/indexer_0.43.4', 'message': 'no deps or dev-deps'}
{'statusCode': 0, 'package': '@0xsequence/indexer_0.43.5', 'message': 'no deps or dev-deps'}
{'statusCode': 0, 'package': '@0xsequence/indexer_0.43.6', 'message': 'no deps or dev-deps'}
{'statusCode': 0, 'package': '@0xsequence/indexer_0.43.7', 'message': 'no deps or dev-deps'}
{'statusCode': 0, 'package': '@0xsequence/indexer_0.43.0', 'message': 'no deps or dev-deps'}
{'statusCode': 0, 'package': '@0xsequence/indexer_0.43.1', 'message': 'no deps or dev-deps'}
{'statusCode': 0, 'package': '@0xsequence/indexer_0.43.2', 'message': 'no deps or dev-deps'}
{'statusCode': 0, 'package': '@0xsequence/indexer_0.43.3', 'message': 'no deps or dev-deps'}
{'statusCode': 0, 'package': '@0xsequence/indexer_0.0.0-20221124173317', 'message': 'no deps or dev-deps'}
{'statusCode': 0, 'package': '@0xsequence/indexer_0.43.4', 'message': 'no deps or dev-deps'}
{'statusCode': 0, 'package': '@0xsequence/indexer_0.43.5', 'message': 'no deps or dev-deps'}
{'statusCode': 0, 'package': '@0xsequence/indexer_0.43.6', 'message': 'no deps or dev-deps'}
{'statusCode': 0, 'package': '@0xsequence/indexer_0.43.7', 'message': 'no deps or dev-deps'}
{'statusCode': 0, 'package': '@0xsequence/indexer_0.43.0', 'message': 'no deps or dev-deps'}
{'statusCode': 0, 'package': '@0xsequence/indexer_0.43.1', 'message': 'no deps or dev-deps'}
{'statusCode': 0, 'package': '@0xsequence/indexer_0.43.2', 'message': 'no deps or dev-deps'}
{'statusCode': 0, 'package': '@0xsequence/indexer_0.43.3', 'message': 'no deps or dev-deps'}
{'statusCode': 0, 'package': '@0xsequence/indexer_0.0.0-20221124173317', 'message': 'no deps or dev-deps'}
{'statusCode': 0, 'package': '@0xsequence/indexer_0.43.4', 'message': 'no deps or dev-deps'}
{'statusCode': 0, 'package': '@0xsequence/indexer_0.43.5', 'message': 'no deps or dev-deps'}
{'statusCode': 0, 'package': '@0xsequence/indexer_0.43.6', 'message': 'no deps or dev-deps'}
{'statusCode': 0, 'package': '@0xsequence/indexer_0.43.7', 'message': 'no deps or dev-deps'}
{'statusCode': 0, 'package': '@0xsequence/indexer_0.43.0', 'message': 'no deps or dev-deps'}
{'statusCode': 0, 'package': '@0xsequence/indexer_0.43.1', 'message': 'no deps or dev-deps'}
{'statusCode': 0, 'package': '@0xsequence/indexer_0.43.2', 'message': 'no deps or dev-deps'}
{'statusCode': 0, 'package': '@0xsequence/indexer_0.43.3', 'message': 'no deps or dev-deps'}
{'statusCode': 0, 'package': '@0xsequence/indexer_0.0.0-20221124173317', 'message': 'no deps or dev-deps'}
{'statusCode': 0, 'package': '@0xsequence/indexer_0.43.4', 'message': 'no deps or dev-deps'}
{'statusCode': 0, 'package': '@0xsequence/indexer_0.43.5', 'message': 'no deps or dev-deps'}
{'statusCode': 0, 'package': '@0xsequence/indexer_0.43.6', 'message': 'no deps or dev-deps'}
{'statusCode': 0, 'package': '@0xsequence/indexer_0.43.7', 'message': 'no deps or dev-deps'}
{'statusCode': 0, 'package': '@0xsequence/indexer_0.43.0', 'message': 'no deps or dev-deps'}
{'statusCode': 0, 'package': '@0xsequence/indexer_0.43.1', 'message': 'no deps or dev-deps'}
{'statusCode': 0, 'package': '@0xsequence/indexer_0.43.2', 'message': 'no deps or dev-deps'}
{'statusCode': 0, 'package': '@0xsequence/indexer_0.43.3', 'message': 'no deps or dev-deps'}
{'statusCode': 0, 'package': '@0xsequence/indexer_0.0.0-20221124173317', 'message': 'no deps or dev-deps'}
{'statusCode': 0, 'package': '@0xsequence/indexer_0.43.4', 'message': 'no deps or dev-deps'}
{'statusCode': 0, 'package': '@0xsequence/indexer_0.43.5', 'message': 'no deps or dev-deps'}
{'statusCode': 0, 'package': '@0xsequence/indexer_0.43.6', 'message': 'no deps or dev-deps'}
{'statusCode': 0, 'package': '@0xsequence/indexer_0.43.7', 'message': 'no deps or dev-deps'}
{'statusCode': 0, 'package': '@0xsequence/indexer_0.43.0', 'message': 'no deps or dev-deps'}
{'statusCode': 0, 'package': '@0xsequence/indexer_0.43.1', 'message': 'no deps or dev-deps'}
{'statusCode': 0, 'package': '@0xsequence/indexer_0.43.2', 'message': 'no deps or dev-deps'}
{'statusCode': 0, 'package': '@0xsequence/indexer_0.43.3', 'message': 'no deps or dev-deps'}
{'statusCode': 0, 'package': '@0xsequence/indexer_0.0.0-20221124173317', 'message': 'no deps or dev-deps'}
{'statusCode': 0, 'package': '@0xsequence/indexer_0.43.4', 'message': 'no deps or dev-deps'}
{'statusCode': 0, 'package': '@0xsequence/indexer_0.43.5', 'message': 'no deps or dev-deps'}
{'statusCode': 0, 'package': '@0xsequence/indexer_0.43.6', 'message': 'no deps or dev-deps'}
{'statusCode': 0, 'package': '@0xsequence/indexer_0.43.7', 'message': 'no deps or dev-deps'}
{'statusCode': 0, 'package': '@0xsequence/indexer_0.43.0', 'message': 'no deps or dev-deps'}
{'statusCode': 0, 'package': '@0xsequence/indexer_0.43.1', 'message': 'no deps or dev-deps'}
{'statusCode': 0, 'package': '@0xsequence/indexer_0.43.2', 'message': 'no deps or dev-deps'}
{'statusCode': 0, 'package': '@0xsequence/indexer_0.43.3', 'message': 'no deps or dev-deps'}
{'statusCode': 0, 'package': '@0xsequence/indexer_0.0.0-20221124173317', 'message': 'no deps or dev-deps'}
{'statusCode': 0, 'package': '@0xsequence/indexer_0.43.4', 'message': 'no deps or dev-deps'}
{'statusCode': 0, 'package': '@0xsequence/indexer_0.43.5', 'message': 'no deps or dev-deps'}
{'statusCode': 0, 'package': '@0xsequence/indexer_0.43.6', 'message': 'no deps or dev-deps'}
{'statusCode': 0, 'package': '@0xsequence/indexer_0.43.7', 'message': 'no deps or dev-deps'}
{'statusCode': 0, 'package': '@0xsequence/indexer_0.43.0', 'message': 'no deps or dev-deps'}
{'statusCode': 0, 'package': '@0xsequence/indexer_0.43.1', 'message': 'no deps or dev-deps'}
{'statusCode': 0, 'package': '@0xsequence/indexer_0.43.2', 'message': 'no deps or dev-deps'}
{'statusCode': 0, 'package': '@0xsequence/indexer_0.43.3', 'message': 'no deps or dev-deps'}
{'statusCode': 0, 'package': '@0xsequence/indexer_0.0.0-20221124173317', 'message': 'no deps or dev-deps'}
{'statusCode': 0, 'package': '@0xsequence/indexer_0.43.4', 'message': 'no deps or dev-deps'}
{'statusCode': 0, 'package': '@0xsequence/indexer_0.43.5', 'message': 'no deps or dev-deps'}
{'statusCode': 0, 'package': '@0xsequence/indexer_0.43.6', 'message': 'no deps or dev-deps'}
{'statusCode': 0, 'package': '@0xsequence/indexer_0.43.7', 'message': 'no deps or dev-deps'}
{'statusCode': 0, 'package': '@0xsequence/indexer_0.43.0', 'message': 'no deps or dev-deps'}
{'statusCode': 0, 'package': '@0xsequence/indexer_0.43.1', 'message': 'no deps or dev-deps'}
{'statusCode': 0, 'package': '@0xsequence/indexer_0.43.2', 'message': 'no deps or dev-deps'}
{'statusCode': 0, 'package': '@0xsequence/indexer_0.43.3', 'message': 'no deps or dev-deps'}
{'statusCode': 0, 'package': '@0xsequence/indexer_0.0.0-20221124173317', 'message': 'no deps or dev-deps'}
{'statusCode': 0, 'package': '@0xsequence/indexer_0.43.4', 'message': 'no deps or dev-deps'}
{'statusCode': 0, 'package': '@0xsequence/indexer_0.43.5', 'message': 'no deps or dev-deps'}
{'statusCode': 0, 'package': '@0xsequence/indexer_0.43.6', 'message': 'no deps or dev-deps'}
{'statusCode': 0, 'package': '@0xsequence/indexer_0.43.7', 'message': 'no deps or dev-deps'}
{'statusCode': 0, 'package': '@0xsequence/indexer_0.43.0', 'message': 'no deps or dev-deps'}
{'statusCode': 0, 'package': '@0xsequence/indexer_0.43.1', 'message': 'no deps or dev-deps'}
{'statusCode': 0, 'package': '@0xsequence/indexer_0.43.2', 'message': 'no deps or dev-deps'}
{'statusCode': 0, 'package': '@0xsequence/indexer_0.43.3', 'message': 'no deps or dev-deps'}
{'statusCode': 0, 'package': '@0xsequence/indexer_0.0.0-20221124173317', 'message': 'no deps or dev-deps'}
{'statusCode': 0, 'package': '@0xsequence/indexer_0.43.4', 'message': 'no deps or dev-deps'}
{'statusCode': 0, 'package': '@0xsequence/indexer_0.43.5', 'message': 'no deps or dev-deps'}
{'statusCode': 0, 'package': '@0xsequence/indexer_0.43.6', 'message': 'no deps or dev-deps'}
{'statusCode': 0, 'package': '@0xsequence/indexer_0.43.7', 'message': 'no deps or dev-deps'}
{'statusCode': 0, 'package': '@0xsequence/indexer_0.43.0', 'message': 'no deps or dev-deps'}
{'statusCode': 0, 'package': '@0xsequence/indexer_0.43.1', 'message': 'no deps or dev-deps'}
{'statusCode': 0, 'package': '@0xsequence/indexer_0.43.2', 'message': 'no deps or dev-deps'}
{'statusCode': 0, 'package': '@0xsequence/indexer_0.43.3', 'message': 'no deps or dev-deps'}
{'statusCode': 0, 'package': '@0xsequence/indexer_0.0.0-20221124173317', 'message': 'no deps or dev-deps'}
{'statusCode': 0, 'package': '@0xsequence/indexer_0.43.4', 'message': 'no deps or dev-deps'}
{'statusCode': 0, 'package': '@0xsequence/indexer_0.43.5', 'message': 'no deps or dev-deps'}
{'statusCode': 0, 'package': '@0xsequence/indexer_0.43.6', 'message': 'no deps or dev-deps'}
{'statusCode': 0, 'package': '@0xsequence/indexer_0.43.7', 'message': 'no deps or dev-deps'}
{'statusCode': 0, 'package': '@0xsequence/indexer_0.43.0', 'message': 'no deps or dev-deps'}
{'statusCode': 0, 'package': '@0xsequence/indexer_0.43.1', 'message': 'no deps or dev-deps'}
{'statusCode': 0, 'package': '@0xsequence/indexer_0.43.2', 'message': 'no deps or dev-deps'}
{'statusCode': 0, 'package': '@0xsequence/indexer_0.43.3', 'message': 'no deps or dev-deps'}
{'statusCode': 0, 'package': '@0xsequence/indexer_0.0.0-20221124173317', 'message': 'no deps or dev-deps'}
{'statusCode': 0, 'package': '@0xsequence/indexer_0.43.4', 'message': 'no deps or dev-deps'}
{'statusCode': 0, 'package': '@0xsequence/indexer_0.43.5', 'message': 'no deps or dev-deps'}
{'statusCode': 0, 'package': '@0xsequence/indexer_0.43.6', 'message': 'no deps or dev-deps'}
{'statusCode': 0, 'package': '@0xsequence/indexer_0.43.7', 'message': 'no deps or dev-deps'}
{'statusCode': 0, 'package': '@0xsequence/indexer_0.43.0', 'message': 'no deps or dev-deps'}
{'statusCode': 0, 'package': '@0xsequence/indexer_0.43.1', 'message': 'no deps or dev-deps'}
{'statusCode': 0, 'package': '@0xsequence/indexer_0.43.2', 'message': 'no deps or dev-deps'}
{'statusCode': 0, 'package': '@0xsequence/indexer_0.43.3', 'message': 'no deps or dev-deps'}
{'statusCode': 0, 'package': '@0xsequence/indexer_0.0.0-20221124173317', 'message': 'no deps or dev-deps'}
{'statusCode': 0, 'package': '@0xsequence/indexer_0.43.4', 'message': 'no deps or dev-deps'}
{'statusCode': 0, 'package': '@0xsequence/indexer_0.43.5', 'message': 'no deps or dev-deps'}
{'statusCode': 0, 'package': '@0xsequence/indexer_0.43.6', 'message': 'no deps or dev-deps'}
{'statusCode': 0, 'package': '@0xsequence/indexer_0.43.7', 'message': 'no deps or dev-deps'}
{'statusCode': 0, 'package': '@0xsequence/indexer_0.43.0', 'message': 'no deps or dev-deps'}
{'statusCode': 0, 'package': '@0xsequence/indexer_0.43.1', 'message': 'no deps or dev-deps'}
{'statusCode': 0, 'package': '@0xsequence/indexer_0.43.2', 'message': 'no deps or dev-deps'}
{'statusCode': 0, 'package': '@0xsequence/indexer_0.43.3', 'message': 'no deps or dev-deps'}
{'statusCode': 0, 'package': '@0xsequence/indexer_0.0.0-20221124173317', 'message': 'no deps or dev-deps'}
{'statusCode': 0, 'package': '@0xsequence/indexer_0.43.4', 'message': 'no deps or dev-deps'}
{'statusCode': 0, 'package': '@0xsequence/indexer_0.43.5', 'message': 'no deps or dev-deps'}
{'statusCode': 0, 'package': '@0xsequence/indexer_0.43.6', 'message': 'no deps or dev-deps'}
{'statusCode': 0, 'package': '@0xsequence/indexer_0.43.7', 'message': 'no deps or dev-deps'}
{'statusCode': 0, 'package': '@0xsequence/indexer_0.43.0', 'message': 'no deps or dev-deps'}
{'statusCode': 0, 'package': '@0xsequence/indexer_0.43.1', 'message': 'no deps or dev-deps'}
{'statusCode': 0, 'package': '@0xsequence/indexer_0.43.2', 'message': 'no deps or dev-deps'}
{'statusCode': 0, 'package': '@0xsequence/indexer_0.43.3', 'message': 'no deps or dev-deps'}
{'statusCode': 0, 'package': '@0xsequence/indexer_0.0.0-20221124173317', 'message': 'no deps or dev-deps'}
{'statusCode': 0, 'package': '@0xsequence/indexer_0.43.4', 'message': 'no deps or dev-deps'}
{'statusCode': 0, 'package': '@0xsequence/indexer_0.43.5', 'message': 'no deps or dev-deps'}
{'statusCode': 0, 'package': '@0xsequence/indexer_0.43.6', 'message': 'no deps or dev-deps'}
{'statusCode': 0, 'package': '@0xsequence/indexer_0.43.7', 'message': 'no deps or dev-deps'}
{'statusCode': 0, 'package': '@0xsequence/indexer_0.43.0', 'message': 'no deps or dev-deps'}
{'statusCode': 0, 'package': '@0xsequence/indexer_0.43.1', 'message': 'no deps or dev-deps'}
{'statusCode': 0, 'package': '@0xsequence/indexer_0.43.2', 'message': 'no deps or dev-deps'}
{'statusCode': 0, 'package': '@0xsequence/indexer_0.43.3', 'message': 'no deps or dev-deps'}
{'statusCode': 0, 'package': '@0xsequence/indexer_0.0.0-20221124173317', 'message': 'no deps or dev-deps'}
{'statusCode': 0, 'package': '@0xsequence/indexer_0.43.4', 'message': 'no deps or dev-deps'}
{'statusCode': 0, 'package': '@0xsequence/indexer_0.43.5', 'message': 'no deps or dev-deps'}
{'statusCode': 0, 'package': '@0xsequence/indexer_0.43.6', 'message': 'no deps or dev-deps'}
{'statusCode': 0, 'package': '@0xsequence/indexer_0.43.7', 'message': 'no deps or dev-deps'}
{'statusCode': 0, 'package': '@0xsequence/indexer_0.43.0', 'message': 'no deps or dev-deps'}
{'statusCode': 0, 'package': '@0xsequence/indexer_0.43.1', 'message': 'no deps or dev-deps'}
{'statusCode': 0, 'package': '@0xsequence/indexer_0.43.2', 'message': 'no deps or dev-deps'}
{'statusCode': 0, 'package': '@0xsequence/indexer_0.43.3', 'message': 'no deps or dev-deps'}
{'statusCode': 0, 'package': '@0xsequence/indexer_0.0.0-20221124173317', 'message': 'no deps or dev-deps'}
{'statusCode': 0, 'package': '@0xsequence/indexer_0.43.4', 'message': 'no deps or dev-deps'}
{'statusCode': 0, 'package': '@0xsequence/indexer_0.43.5', 'message': 'no deps or dev-deps'}
{'statusCode': 0, 'package': '@0xsequence/indexer_0.43.6', 'message': 'no deps or dev-deps'}
{'statusCode': 0, 'package': '@0xsequence/indexer_0.43.7', 'message': 'no deps or dev-deps'}
{'statusCode': 0, 'package': '@0xsequence/indexer_0.43.0', 'message': 'no deps or dev-deps'}
{'statusCode': 0, 'package': '@0xsequence/indexer_0.43.1', 'message': 'no deps or dev-deps'}
{'statusCode': 0, 'package': '@0xsequence/indexer_0.43.2', 'message': 'no deps or dev-deps'}
{'statusCode': 0, 'package': '@0xsequence/indexer_0.43.3', 'message': 'no deps or dev-deps'}
{'statusCode': 0, 'package': '@0xsequence/indexer_0.0.0-20221124173317', 'message': 'no deps or dev-deps'}
{'statusCode': 0, 'package': '@0xsequence/indexer_0.43.4', 'message': 'no deps or dev-deps'}
{'statusCode': 0, 'package': '@0xsequence/indexer_0.43.5', 'message': 'no deps or dev-deps'}
{'statusCode': 0, 'package': '@0xsequence/indexer_0.43.6', 'message': 'no deps or dev-deps'}
{'statusCode': 0, 'package': '@0xsequence/indexer_0.43.7', 'message': 'no deps or dev-deps'}
{'statusCode': 0, 'package': '@0xsequence/indexer_0.43.0', 'message': 'no deps or dev-deps'}
{'statusCode': 0, 'package': '@0xsequence/indexer_0.43.1', 'message': 'no deps or dev-deps'}
{'statusCode': 0, 'package': '@0xsequence/indexer_0.43.2', 'message': 'no deps or dev-deps'}
{'statusCode': 0, 'package': '@0xsequence/indexer_0.43.3', 'message': 'no deps or dev-deps'}
{'statusCode': 0, 'package': '@0xsequence/indexer_0.0.0-20221124173317', 'message': 'no deps or dev-deps'}
{'statusCode': 0, 'package': '@0xsequence/indexer_0.43.4', 'message': 'no deps or dev-deps'}
{'statusCode': 0, 'package': '@0xsequence/indexer_0.43.5', 'message': 'no deps or dev-deps'}
{'statusCode': 0, 'package': '@0xsequence/indexer_0.43.6', 'message': 'no deps or dev-deps'}
{'statusCode': 0, 'package': '@0xsequence/indexer_0.43.7', 'message': 'no deps or dev-deps'}
{'statusCode': 0, 'package': '@0xsequence/indexer_0.43.0', 'message': 'no deps or dev-deps'}
{'statusCode': 0, 'package': '@0xsequence/indexer_0.43.1', 'message': 'no deps or dev-deps'}
{'statusCode': 0, 'package': '@0xsequence/indexer_0.43.2', 'message': 'no deps or dev-deps'}
{'statusCode': 0, 'package': '@0xsequence/indexer_0.43.3', 'message': 'no deps or dev-deps'}
{'statusCode': 0, 'package': '@0xsequence/indexer_0.0.0-20221124173317', 'message': 'no deps or dev-deps'}
{'statusCode': 0, 'package': '@0xsequence/indexer_0.43.4', 'message': 'no deps or dev-deps'}
{'statusCode': 0, 'package': '@0xsequence/indexer_0.43.5', 'message': 'no deps or dev-deps'}
{'statusCode': 0, 'package': '@0xsequence/indexer_0.43.6', 'message': 'no deps or dev-deps'}
{'statusCode': 0, 'package': '@0xsequence/indexer_0.43.7', 'message': 'no deps or dev-deps'}
{'statusCode': 0, 'package': '@0xsequence/indexer_0.43.0', 'message': 'no deps or dev-deps'}
{'statusCode': 0, 'package': '@0xsequence/indexer_0.43.1', 'message': 'no deps or dev-deps'}
{'statusCode': 0, 'package': '@0xsequence/indexer_0.43.2', 'message': 'no deps or dev-deps'}
{'statusCode': 0, 'package': '@0xsequence/indexer_0.43.3', 'message': 'no deps or dev-deps'}
{'statusCode': 0, 'package': '@0xsequence/indexer_0.0.0-20221124173317', 'message': 'no deps or dev-deps'}
{'statusCode': 0, 'package': '@0xsequence/indexer_0.43.4', 'message': 'no deps or dev-deps'}
{'statusCode': 0, 'package': '@0xsequence/indexer_0.43.5', 'message': 'no deps or dev-deps'}
{'statusCode': 0, 'package': '@0xsequence/indexer_0.43.6', 'message': 'no deps or dev-deps'}
{'statusCode': 0, 'package': '@0xsequence/indexer_0.43.7', 'message': 'no deps or dev-deps'}
{'statusCode': 0, 'package': '@0xsequence/indexer_0.43.0', 'message': 'no deps or dev-deps'}
{'statusCode': 0, 'package': '@0xsequence/indexer_0.43.1', 'message': 'no deps or dev-deps'}
{'statusCode': 0, 'package': '@0xsequence/indexer_0.43.2', 'message': 'no deps or dev-deps'}
{'statusCode': 0, 'package': '@0xsequence/indexer_0.43.3', 'message': 'no deps or dev-deps'}
{'statusCode': 0, 'package': '@0xsequence/indexer_0.0.0-20221124173317', 'message': 'no deps or dev-deps'}
{'statusCode': 0, 'package': '@0xsequence/indexer_0.43.4', 'message': 'no deps or dev-deps'}
{'statusCode': 0, 'package': '@0xsequence/indexer_0.43.5', 'message': 'no deps or dev-deps'}
{'statusCode': 0, 'package': '@0xsequence/indexer_0.43.6', 'message': 'no deps or dev-deps'}
{'statusCode': 0, 'package': '@0xsequence/indexer_0.43.7', 'message': 'no deps or dev-deps'}
{'statusCode': 0, 'package': '@0xsequence/indexer_0.43.0', 'message': 'no deps or dev-deps'}
{'statusCode': 0, 'package': '@0xsequence/indexer_0.43.1', 'message': 'no deps or dev-deps'}
{'statusCode': 0, 'package': '@0xsequence/indexer_0.43.2', 'message': 'no deps or dev-deps'}
{'statusCode': 0, 'package': '@0xsequence/indexer_0.43.3', 'message': 'no deps or dev-deps'}
{'statusCode': 0, 'package': '@0xsequence/indexer_0.0.0-20221124173317', 'message': 'no deps or dev-deps'}
{'statusCode': 0, 'package': '@0xsequence/indexer_0.43.4', 'message': 'no deps or dev-deps'}
{'statusCode': 0, 'package': '@0xsequence/indexer_0.43.5', 'message': 'no deps or dev-deps'}
{'statusCode': 0, 'package': '@0xsequence/indexer_0.43.6', 'message': 'no deps or dev-deps'}
{'statusCode': 0, 'package': '@0xsequence/indexer_0.43.7', 'message': 'no deps or dev-deps'}
{'statusCode': 0, 'package': '@0xsequence/indexer_0.43.0', 'message': 'no deps or dev-deps'}
{'statusCode': 0, 'package': '@0xsequence/indexer_0.43.1', 'message': 'no deps or dev-deps'}
{'statusCode': 0, 'package': '@0xsequence/indexer_0.43.2', 'message': 'no deps or dev-deps'}
{'statusCode': 0, 'package': '@0xsequence/indexer_0.43.3', 'message': 'no deps or dev-deps'}
{'statusCode': 0, 'package': '@0xsequence/indexer_0.0.0-20221124173317', 'message': 'no deps or dev-deps'}
{'statusCode': 0, 'package': '@0xsequence/indexer_0.43.4', 'message': 'no deps or dev-deps'}
{'statusCode': 0, 'package': '@0xsequence/indexer_0.43.5', 'message': 'no deps or dev-deps'}
{'statusCode': 0, 'package': '@0xsequence/indexer_0.43.6', 'message': 'no deps or dev-deps'}
{'statusCode': 0, 'package': '@0xsequence/indexer_0.43.7', 'message': 'no deps or dev-deps'}
{'statusCode': 0, 'package': '@0xsequence/indexer_0.43.0', 'message': 'no deps or dev-deps'}
{'statusCode': 0, 'package': '@0xsequence/indexer_0.43.1', 'message': 'no deps or dev-deps'}
{'statusCode': 0, 'package': '@0xsequence/indexer_0.43.2', 'message': 'no deps or dev-deps'}
{'statusCode': 0, 'package': '@0xsequence/indexer_0.43.3', 'message': 'no deps or dev-deps'}
{'statusCode': 0, 'package': '@0xsequence/indexer_0.0.0-20221124173317', 'message': 'no deps or dev-deps'}
{'statusCode': 0, 'package': '@0xsequence/indexer_0.43.4', 'message': 'no deps or dev-deps'}
{'statusCode': 0, 'package': '@0xsequence/indexer_0.43.5', 'message': 'no deps or dev-deps'}
{'statusCode': 0, 'package': '@0xsequence/indexer_0.43.6', 'message': 'no deps or dev-deps'}
{'statusCode': 0, 'package': '@0xsequence/indexer_0.43.7', 'message': 'no deps or dev-deps'}
{'statusCode': 0, 'package': '@0xsequence/indexer_0.43.0', 'message': 'no deps or dev-deps'}
{'statusCode': 0, 'package': '@0xsequence/indexer_0.43.1', 'message': 'no deps or dev-deps'}
{'statusCode': 0, 'package': '@0xsequence/indexer_0.43.2', 'message': 'no deps or dev-deps'}
{'statusCode': 0, 'package': '@0xsequence/indexer_0.43.3', 'message': 'no deps or dev-deps'}
{'statusCode': 0, 'package': '@0xsequence/indexer_0.0.0-20221124173317', 'message': 'no deps or dev-deps'}
{'statusCode': 0, 'package': '@0xsequence/indexer_0.43.4', 'message': 'no deps or dev-deps'}
{'statusCode': 0, 'package': '@0xsequence/indexer_0.43.5', 'message': 'no deps or dev-deps'}
{'statusCode': 0, 'package': '@0xsequence/indexer_0.43.6', 'message': 'no deps or dev-deps'}
{'statusCode': 0, 'package': '@0xsequence/indexer_0.43.7', 'message': 'no deps or dev-deps'}
{'statusCode': 0, 'package': '@0xsequence/indexer_0.43.0', 'message': 'no deps or dev-deps'}
{'statusCode': 0, 'package': '@0xsequence/indexer_0.43.1', 'message': 'no deps or dev-deps'}
{'statusCode': 0, 'package': '@0xsequence/indexer_0.43.2', 'message': 'no deps or dev-deps'}
{'statusCode': 0, 'package': '@0xsequence/indexer_0.43.3', 'message': 'no deps or dev-deps'}
{'statusCode': 0, 'package': '@0xsequence/indexer_0.0.0-20221124173317', 'message': 'no deps or dev-deps'}
{'statusCode': 0, 'package': '@0xsequence/indexer_0.43.4', 'message': 'no deps or dev-deps'}
{'statusCode': 0, 'package': '@0xsequence/indexer_0.43.5', 'message': 'no deps or dev-deps'}
{'statusCode': 0, 'package': '@0xsequence/indexer_0.43.6', 'message': 'no deps or dev-deps'}
{'statusCode': 0, 'package': '@0xsequence/indexer_0.43.7', 'message': 'no deps or dev-deps'}
{'statusCode': 0, 'package': '@0xsequence/metadata_0.43.0', 'message': 'no deps or dev-deps'}
{'statusCode': 0, 'package': '@0xsequence/metadata_0.43.1', 'message': 'no deps or dev-deps'}
{'statusCode': 0, 'package': '@0xsequence/metadata_0.43.2', 'message': 'no deps or dev-deps'}
{'statusCode': 0, 'package': '@0xsequence/metadata_0.43.3', 'message': 'no deps or dev-deps'}
{'statusCode': 0, 'package': '@0xsequence/metadata_0.0.0-20221124173317', 'message': 'no deps or dev-deps'}
{'statusCode': 0, 'package': '@0xsequence/metadata_0.43.4', 'message': 'no deps or dev-deps'}
{'statusCode': 0, 'package': '@0xsequence/metadata_0.43.5', 'message': 'no deps or dev-deps'}
{'statusCode': 0, 'package': '@0xsequence/metadata_0.43.6', 'message': 'no deps or dev-deps'}
{'statusCode': 0, 'package': '@0xsequence/metadata_0.43.7', 'message': 'no deps or dev-deps'}
{'statusCode': 0, 'package': '@0xsequence/metadata_0.43.0', 'message': 'no deps or dev-deps'}
{'statusCode': 0, 'package': '@0xsequence/metadata_0.43.1', 'message': 'no deps or dev-deps'}
{'statusCode': 0, 'package': '@0xsequence/metadata_0.43.2', 'message': 'no deps or dev-deps'}
{'statusCode': 0, 'package': '@0xsequence/metadata_0.43.3', 'message': 'no deps or dev-deps'}
{'statusCode': 0, 'package': '@0xsequence/metadata_0.0.0-20221124173317', 'message': 'no deps or dev-deps'}
{'statusCode': 0, 'package': '@0xsequence/metadata_0.43.4', 'message': 'no deps or dev-deps'}
{'statusCode': 0, 'package': '@0xsequence/metadata_0.43.5', 'message': 'no deps or dev-deps'}
{'statusCode': 0, 'package': '@0xsequence/metadata_0.43.6', 'message': 'no deps or dev-deps'}
{'statusCode': 0, 'package': '@0xsequence/metadata_0.43.7', 'message': 'no deps or dev-deps'}
{'statusCode': 0, 'package': '@0xsequence/metadata_0.43.0', 'message': 'no deps or dev-deps'}
{'statusCode': 0, 'package': '@0xsequence/metadata_0.43.1', 'message': 'no deps or dev-deps'}
{'statusCode': 0, 'package': '@0xsequence/metadata_0.43.2', 'message': 'no deps or dev-deps'}
{'statusCode': 0, 'package': '@0xsequence/metadata_0.43.3', 'message': 'no deps or dev-deps'}
{'statusCode': 0, 'package': '@0xsequence/metadata_0.0.0-20221124173317', 'message': 'no deps or dev-deps'}
{'statusCode': 0, 'package': '@0xsequence/metadata_0.43.4', 'message': 'no deps or dev-deps'}
{'statusCode': 0, 'package': '@0xsequence/metadata_0.43.5', 'message': 'no deps or dev-deps'}
{'statusCode': 0, 'package': '@0xsequence/metadata_0.43.6', 'message': 'no deps or dev-deps'}
{'statusCode': 0, 'package': '@0xsequence/metadata_0.43.7', 'message': 'no deps or dev-deps'}
{'statusCode': 0, 'package': '@0xsequence/metadata_0.43.0', 'message': 'no deps or dev-deps'}
{'statusCode': 0, 'package': '@0xsequence/metadata_0.43.1', 'message': 'no deps or dev-deps'}
{'statusCode': 0, 'package': '@0xsequence/metadata_0.43.2', 'message': 'no deps or dev-deps'}
{'statusCode': 0, 'package': '@0xsequence/metadata_0.43.3', 'message': 'no deps or dev-deps'}
{'statusCode': 0, 'package': '@0xsequence/metadata_0.0.0-20221124173317', 'message': 'no deps or dev-deps'}
{'statusCode': 0, 'package': '@0xsequence/metadata_0.43.4', 'message': 'no deps or dev-deps'}
{'statusCode': 0, 'package': '@0xsequence/metadata_0.43.5', 'message': 'no deps or dev-deps'}
{'statusCode': 0, 'package': '@0xsequence/metadata_0.43.6', 'message': 'no deps or dev-deps'}
{'statusCode': 0, 'package': '@0xsequence/metadata_0.43.7', 'message': 'no deps or dev-deps'}
{'statusCode': 0, 'package': '@0xsequence/metadata_0.43.0', 'message': 'no deps or dev-deps'}
{'statusCode': 0, 'package': '@0xsequence/metadata_0.43.1', 'message': 'no deps or dev-deps'}
{'statusCode': 0, 'package': '@0xsequence/metadata_0.43.2', 'message': 'no deps or dev-deps'}
{'statusCode': 0, 'package': '@0xsequence/metadata_0.43.3', 'message': 'no deps or dev-deps'}
{'statusCode': 0, 'package': '@0xsequence/metadata_0.0.0-20221124173317', 'message': 'no deps or dev-deps'}
{'statusCode': 0, 'package': '@0xsequence/metadata_0.43.4', 'message': 'no deps or dev-deps'}
{'statusCode': 0, 'package': '@0xsequence/metadata_0.43.5', 'message': 'no deps or dev-deps'}
{'statusCode': 0, 'package': '@0xsequence/metadata_0.43.6', 'message': 'no deps or dev-deps'}
{'statusCode': 0, 'package': '@0xsequence/metadata_0.43.7', 'message': 'no deps or dev-deps'}
{'statusCode': 0, 'package': '@0xsequence/metadata_0.43.0', 'message': 'no deps or dev-deps'}
{'statusCode': 0, 'package': '@0xsequence/metadata_0.43.1', 'message': 'no deps or dev-deps'}
{'statusCode': 0, 'package': '@0xsequence/metadata_0.43.2', 'message': 'no deps or dev-deps'}
{'statusCode': 0, 'package': '@0xsequence/metadata_0.43.3', 'message': 'no deps or dev-deps'}
{'statusCode': 0, 'package': '@0xsequence/metadata_0.0.0-20221124173317', 'message': 'no deps or dev-deps'}
{'statusCode': 0, 'package': '@0xsequence/metadata_0.43.4', 'message': 'no deps or dev-deps'}
{'statusCode': 0, 'package': '@0xsequence/metadata_0.43.5', 'message': 'no deps or dev-deps'}
{'statusCode': 0, 'package': '@0xsequence/metadata_0.43.6', 'message': 'no deps or dev-deps'}
{'statusCode': 0, 'package': '@0xsequence/metadata_0.43.7', 'message': 'no deps or dev-deps'}
{'statusCode': 0, 'package': '@0xsequence/metadata_0.43.0', 'message': 'no deps or dev-deps'}
{'statusCode': 0, 'package': '@0xsequence/metadata_0.43.1', 'message': 'no deps or dev-deps'}
{'statusCode': 0, 'package': '@0xsequence/metadata_0.43.2', 'message': 'no deps or dev-deps'}
{'statusCode': 0, 'package': '@0xsequence/metadata_0.43.3', 'message': 'no deps or dev-deps'}
{'statusCode': 0, 'package': '@0xsequence/metadata_0.0.0-20221124173317', 'message': 'no deps or dev-deps'}
{'statusCode': 0, 'package': '@0xsequence/metadata_0.43.4', 'message': 'no deps or dev-deps'}
{'statusCode': 0, 'package': '@0xsequence/metadata_0.43.5', 'message': 'no deps or dev-deps'}
{'statusCode': 0, 'package': '@0xsequence/metadata_0.43.6', 'message': 'no deps or dev-deps'}
{'statusCode': 0, 'package': '@0xsequence/metadata_0.43.7', 'message': 'no deps or dev-deps'}
{'statusCode': 0, 'package': '@0xsequence/metadata_0.43.0', 'message': 'no deps or dev-deps'}
{'statusCode': 0, 'package': '@0xsequence/metadata_0.43.1', 'message': 'no deps or dev-deps'}
{'statusCode': 0, 'package': '@0xsequence/metadata_0.43.2', 'message': 'no deps or dev-deps'}
{'statusCode': 0, 'package': '@0xsequence/metadata_0.43.3', 'message': 'no deps or dev-deps'}
{'statusCode': 0, 'package': '@0xsequence/metadata_0.0.0-20221124173317', 'message': 'no deps or dev-deps'}
{'statusCode': 0, 'package': '@0xsequence/metadata_0.43.4', 'message': 'no deps or dev-deps'}
{'statusCode': 0, 'package': '@0xsequence/metadata_0.43.5', 'message': 'no deps or dev-deps'}
{'statusCode': 0, 'package': '@0xsequence/metadata_0.43.6', 'message': 'no deps or dev-deps'}
{'statusCode': 0, 'package': '@0xsequence/metadata_0.43.7', 'message': 'no deps or dev-deps'}
{'statusCode': 0, 'package': '@0xsequence/metadata_0.43.0', 'message': 'no deps or dev-deps'}
{'statusCode': 0, 'package': '@0xsequence/metadata_0.43.1', 'message': 'no deps or dev-deps'}
{'statusCode': 0, 'package': '@0xsequence/metadata_0.43.2', 'message': 'no deps or dev-deps'}
{'statusCode': 0, 'package': '@0xsequence/metadata_0.43.3', 'message': 'no deps or dev-deps'}
{'statusCode': 0, 'package': '@0xsequence/metadata_0.0.0-20221124173317', 'message': 'no deps or dev-deps'}
{'statusCode': 0, 'package': '@0xsequence/metadata_0.43.4', 'message': 'no deps or dev-deps'}
{'statusCode': 0, 'package': '@0xsequence/metadata_0.43.5', 'message': 'no deps or dev-deps'}
{'statusCode': 0, 'package': '@0xsequence/metadata_0.43.6', 'message': 'no deps or dev-deps'}
{'statusCode': 0, 'package': '@0xsequence/metadata_0.43.7', 'message': 'no deps or dev-deps'}
{'statusCode': 0, 'package': '@0xsequence/metadata_0.43.0', 'message': 'no deps or dev-deps'}
{'statusCode': 0, 'package': '@0xsequence/metadata_0.43.1', 'message': 'no deps or dev-deps'}
{'statusCode': 0, 'package': '@0xsequence/metadata_0.43.2', 'message': 'no deps or dev-deps'}
{'statusCode': 0, 'package': '@0xsequence/metadata_0.43.3', 'message': 'no deps or dev-deps'}
{'statusCode': 0, 'package': '@0xsequence/metadata_0.0.0-20221124173317', 'message': 'no deps or dev-deps'}
{'statusCode': 0, 'package': '@0xsequence/metadata_0.43.4', 'message': 'no deps or dev-deps'}
{'statusCode': 0, 'package': '@0xsequence/metadata_0.43.5', 'message': 'no deps or dev-deps'}
{'statusCode': 0, 'package': '@0xsequence/metadata_0.43.6', 'message': 'no deps or dev-deps'}
{'statusCode': 0, 'package': '@0xsequence/metadata_0.43.7', 'message': 'no deps or dev-deps'}
{'statusCode': 0, 'package': '@0xsequence/metadata_0.43.0', 'message': 'no deps or dev-deps'}
{'statusCode': 0, 'package': '@0xsequence/metadata_0.43.1', 'message': 'no deps or dev-deps'}
{'statusCode': 0, 'package': '@0xsequence/metadata_0.43.2', 'message': 'no deps or dev-deps'}
{'statusCode': 0, 'package': '@0xsequence/metadata_0.43.3', 'message': 'no deps or dev-deps'}
{'statusCode': 0, 'package': '@0xsequence/metadata_0.0.0-20221124173317', 'message': 'no deps or dev-deps'}
{'statusCode': 0, 'package': '@0xsequence/metadata_0.43.4', 'message': 'no deps or dev-deps'}
{'statusCode': 0, 'package': '@0xsequence/metadata_0.43.5', 'message': 'no deps or dev-deps'}
{'statusCode': 0, 'package': '@0xsequence/metadata_0.43.6', 'message': 'no deps or dev-deps'}
{'statusCode': 0, 'package': '@0xsequence/metadata_0.43.7', 'message': 'no deps or dev-deps'}
{'statusCode': 0, 'package': '@0xsequence/metadata_0.43.0', 'message': 'no deps or dev-deps'}
{'statusCode': 0, 'package': '@0xsequence/metadata_0.43.1', 'message': 'no deps or dev-deps'}
{'statusCode': 0, 'package': '@0xsequence/metadata_0.43.2', 'message': 'no deps or dev-deps'}
{'statusCode': 0, 'package': '@0xsequence/metadata_0.43.3', 'message': 'no deps or dev-deps'}
{'statusCode': 0, 'package': '@0xsequence/metadata_0.0.0-20221124173317', 'message': 'no deps or dev-deps'}
{'statusCode': 0, 'package': '@0xsequence/metadata_0.43.4', 'message': 'no deps or dev-deps'}
{'statusCode': 0, 'package': '@0xsequence/metadata_0.43.5', 'message': 'no deps or dev-deps'}
{'statusCode': 0, 'package': '@0xsequence/metadata_0.43.6', 'message': 'no deps or dev-deps'}
{'statusCode': 0, 'package': '@0xsequence/metadata_0.43.7', 'message': 'no deps or dev-deps'}
{'statusCode': 0, 'package': '@0xsequence/metadata_0.43.0', 'message': 'no deps or dev-deps'}
{'statusCode': 0, 'package': '@0xsequence/metadata_0.43.1', 'message': 'no deps or dev-deps'}
{'statusCode': 0, 'package': '@0xsequence/metadata_0.43.2', 'message': 'no deps or dev-deps'}
{'statusCode': 0, 'package': '@0xsequence/metadata_0.43.3', 'message': 'no deps or dev-deps'}
{'statusCode': 0, 'package': '@0xsequence/metadata_0.0.0-20221124173317', 'message': 'no deps or dev-deps'}
{'statusCode': 0, 'package': '@0xsequence/metadata_0.43.4', 'message': 'no deps or dev-deps'}
{'statusCode': 0, 'package': '@0xsequence/metadata_0.43.5', 'message': 'no deps or dev-deps'}
{'statusCode': 0, 'package': '@0xsequence/metadata_0.43.6', 'message': 'no deps or dev-deps'}
{'statusCode': 0, 'package': '@0xsequence/metadata_0.43.7', 'message': 'no deps or dev-deps'}
{'statusCode': 0, 'package': '@0xsequence/metadata_0.43.0', 'message': 'no deps or dev-deps'}
{'statusCode': 0, 'package': '@0xsequence/metadata_0.43.1', 'message': 'no deps or dev-deps'}
{'statusCode': 0, 'package': '@0xsequence/metadata_0.43.2', 'message': 'no deps or dev-deps'}
{'statusCode': 0, 'package': '@0xsequence/metadata_0.43.3', 'message': 'no deps or dev-deps'}
{'statusCode': 0, 'package': '@0xsequence/metadata_0.0.0-20221124173317', 'message': 'no deps or dev-deps'}
{'statusCode': 0, 'package': '@0xsequence/metadata_0.43.4', 'message': 'no deps or dev-deps'}
{'statusCode': 0, 'package': '@0xsequence/metadata_0.43.5', 'message': 'no deps or dev-deps'}
{'statusCode': 0, 'package': '@0xsequence/metadata_0.43.6', 'message': 'no deps or dev-deps'}
{'statusCode': 0, 'package': '@0xsequence/metadata_0.43.7', 'message': 'no deps or dev-deps'}
{'statusCode': 0, 'package': '@0xsequence/metadata_0.43.0', 'message': 'no deps or dev-deps'}
{'statusCode': 0, 'package': '@0xsequence/metadata_0.43.1', 'message': 'no deps or dev-deps'}
{'statusCode': 0, 'package': '@0xsequence/metadata_0.43.2', 'message': 'no deps or dev-deps'}
{'statusCode': 0, 'package': '@0xsequence/metadata_0.43.3', 'message': 'no deps or dev-deps'}
{'statusCode': 0, 'package': '@0xsequence/metadata_0.0.0-20221124173317', 'message': 'no deps or dev-deps'}
{'statusCode': 0, 'package': '@0xsequence/metadata_0.43.4', 'message': 'no deps or dev-deps'}
{'statusCode': 0, 'package': '@0xsequence/metadata_0.43.5', 'message': 'no deps or dev-deps'}
{'statusCode': 0, 'package': '@0xsequence/metadata_0.43.6', 'message': 'no deps or dev-deps'}
{'statusCode': 0, 'package': '@0xsequence/metadata_0.43.7', 'message': 'no deps or dev-deps'}
{'statusCode': 0, 'package': '@0xsequence/metadata_0.43.0', 'message': 'no deps or dev-deps'}
{'statusCode': 0, 'package': '@0xsequence/metadata_0.43.1', 'message': 'no deps or dev-deps'}
{'statusCode': 0, 'package': '@0xsequence/metadata_0.43.2', 'message': 'no deps or dev-deps'}
{'statusCode': 0, 'package': '@0xsequence/metadata_0.43.3', 'message': 'no deps or dev-deps'}
{'statusCode': 0, 'package': '@0xsequence/metadata_0.0.0-20221124173317', 'message': 'no deps or dev-deps'}
{'statusCode': 0, 'package': '@0xsequence/metadata_0.43.4', 'message': 'no deps or dev-deps'}
{'statusCode': 0, 'package': '@0xsequence/metadata_0.43.5', 'message': 'no deps or dev-deps'}
{'statusCode': 0, 'package': '@0xsequence/metadata_0.43.6', 'message': 'no deps or dev-deps'}
{'statusCode': 0, 'package': '@0xsequence/metadata_0.43.7', 'message': 'no deps or dev-deps'}
{'statusCode': 0, 'package': '@0xsequence/metadata_0.43.0', 'message': 'no deps or dev-deps'}
{'statusCode': 0, 'package': '@0xsequence/metadata_0.43.1', 'message': 'no deps or dev-deps'}
{'statusCode': 0, 'package': '@0xsequence/metadata_0.43.2', 'message': 'no deps or dev-deps'}
{'statusCode': 0, 'package': '@0xsequence/metadata_0.43.3', 'message': 'no deps or dev-deps'}
{'statusCode': 0, 'package': '@0xsequence/metadata_0.0.0-20221124173317', 'message': 'no deps or dev-deps'}
{'statusCode': 0, 'package': '@0xsequence/metadata_0.43.4', 'message': 'no deps or dev-deps'}
{'statusCode': 0, 'package': '@0xsequence/metadata_0.43.5', 'message': 'no deps or dev-deps'}
{'statusCode': 0, 'package': '@0xsequence/metadata_0.43.6', 'message': 'no deps or dev-deps'}
{'statusCode': 0, 'package': '@0xsequence/metadata_0.43.7', 'message': 'no deps or dev-deps'}
{'statusCode': 0, 'package': '@0xsequence/metadata_0.43.0', 'message': 'no deps or dev-deps'}
{'statusCode': 0, 'package': '@0xsequence/metadata_0.43.1', 'message': 'no deps or dev-deps'}
{'statusCode': 0, 'package': '@0xsequence/metadata_0.43.2', 'message': 'no deps or dev-deps'}
{'statusCode': 0, 'package': '@0xsequence/metadata_0.43.3', 'message': 'no deps or dev-deps'}
{'statusCode': 0, 'package': '@0xsequence/metadata_0.0.0-20221124173317', 'message': 'no deps or dev-deps'}
{'statusCode': 0, 'package': '@0xsequence/metadata_0.43.4', 'message': 'no deps or dev-deps'}
{'statusCode': 0, 'package': '@0xsequence/metadata_0.43.5', 'message': 'no deps or dev-deps'}
{'statusCode': 0, 'package': '@0xsequence/metadata_0.43.6', 'message': 'no deps or dev-deps'}
{'statusCode': 0, 'package': '@0xsequence/metadata_0.43.7', 'message': 'no deps or dev-deps'}
{'statusCode': 0, 'package': '@0xsequence/metadata_0.43.0', 'message': 'no deps or dev-deps'}
{'statusCode': 0, 'package': '@0xsequence/metadata_0.43.1', 'message': 'no deps or dev-deps'}
{'statusCode': 0, 'package': '@0xsequence/metadata_0.43.2', 'message': 'no deps or dev-deps'}
{'statusCode': 0, 'package': '@0xsequence/metadata_0.43.3', 'message': 'no deps or dev-deps'}
{'statusCode': 0, 'package': '@0xsequence/metadata_0.0.0-20221124173317', 'message': 'no deps or dev-deps'}
{'statusCode': 0, 'package': '@0xsequence/metadata_0.43.4', 'message': 'no deps or dev-deps'}
{'statusCode': 0, 'package': '@0xsequence/metadata_0.43.5', 'message': 'no deps or dev-deps'}
{'statusCode': 0, 'package': '@0xsequence/metadata_0.43.6', 'message': 'no deps or dev-deps'}
{'statusCode': 0, 'package': '@0xsequence/metadata_0.43.7', 'message': 'no deps or dev-deps'}
{'statusCode': 0, 'package': '@0xsequence/metadata_0.43.0', 'message': 'no deps or dev-deps'}
{'statusCode': 0, 'package': '@0xsequence/metadata_0.43.1', 'message': 'no deps or dev-deps'}
{'statusCode': 0, 'package': '@0xsequence/metadata_0.43.2', 'message': 'no deps or dev-deps'}
{'statusCode': 0, 'package': '@0xsequence/metadata_0.43.3', 'message': 'no deps or dev-deps'}
{'statusCode': 0, 'package': '@0xsequence/metadata_0.0.0-20221124173317', 'message': 'no deps or dev-deps'}
{'statusCode': 0, 'package': '@0xsequence/metadata_0.43.4', 'message': 'no deps or dev-deps'}
{'statusCode': 0, 'package': '@0xsequence/metadata_0.43.5', 'message': 'no deps or dev-deps'}
{'statusCode': 0, 'package': '@0xsequence/metadata_0.43.6', 'message': 'no deps or dev-deps'}
{'statusCode': 0, 'package': '@0xsequence/metadata_0.43.7', 'message': 'no deps or dev-deps'}
{'statusCode': 0, 'package': '@0xsequence/metadata_0.43.0', 'message': 'no deps or dev-deps'}
{'statusCode': 0, 'package': '@0xsequence/metadata_0.43.1', 'message': 'no deps or dev-deps'}
{'statusCode': 0, 'package': '@0xsequence/metadata_0.43.2', 'message': 'no deps or dev-deps'}
{'statusCode': 0, 'package': '@0xsequence/metadata_0.43.3', 'message': 'no deps or dev-deps'}
{'statusCode': 0, 'package': '@0xsequence/metadata_0.0.0-20221124173317', 'message': 'no deps or dev-deps'}
{'statusCode': 0, 'package': '@0xsequence/metadata_0.43.4', 'message': 'no deps or dev-deps'}
{'statusCode': 0, 'package': '@0xsequence/metadata_0.43.5', 'message': 'no deps or dev-deps'}
{'statusCode': 0, 'package': '@0xsequence/metadata_0.43.6', 'message': 'no deps or dev-deps'}
{'statusCode': 0, 'package': '@0xsequence/metadata_0.43.7', 'message': 'no deps or dev-deps'}
{'statusCode': 0, 'package': '@0xsequence/metadata_0.43.0', 'message': 'no deps or dev-deps'}
{'statusCode': 0, 'package': '@0xsequence/metadata_0.43.1', 'message': 'no deps or dev-deps'}
{'statusCode': 0, 'package': '@0xsequence/metadata_0.43.2', 'message': 'no deps or dev-deps'}
{'statusCode': 0, 'package': '@0xsequence/metadata_0.43.3', 'message': 'no deps or dev-deps'}
{'statusCode': 0, 'package': '@0xsequence/metadata_0.0.0-20221124173317', 'message': 'no deps or dev-deps'}
{'statusCode': 0, 'package': '@0xsequence/metadata_0.43.4', 'message': 'no deps or dev-deps'}
{'statusCode': 0, 'package': '@0xsequence/metadata_0.43.5', 'message': 'no deps or dev-deps'}
{'statusCode': 0, 'package': '@0xsequence/metadata_0.43.6', 'message': 'no deps or dev-deps'}
{'statusCode': 0, 'package': '@0xsequence/metadata_0.43.7', 'message': 'no deps or dev-deps'}
{'statusCode': 0, 'package': '@0xsequence/metadata_0.43.0', 'message': 'no deps or dev-deps'}
{'statusCode': 0, 'package': '@0xsequence/metadata_0.43.1', 'message': 'no deps or dev-deps'}
{'statusCode': 0, 'package': '@0xsequence/metadata_0.43.2', 'message': 'no deps or dev-deps'}
{'statusCode': 0, 'package': '@0xsequence/metadata_0.43.3', 'message': 'no deps or dev-deps'}
{'statusCode': 0, 'package': '@0xsequence/metadata_0.0.0-20221124173317', 'message': 'no deps or dev-deps'}
{'statusCode': 0, 'package': '@0xsequence/metadata_0.43.4', 'message': 'no deps or dev-deps'}
{'statusCode': 0, 'package': '@0xsequence/metadata_0.43.5', 'message': 'no deps or dev-deps'}
{'statusCode': 0, 'package': '@0xsequence/metadata_0.43.6', 'message': 'no deps or dev-deps'}
{'statusCode': 0, 'package': '@0xsequence/metadata_0.43.7', 'message': 'no deps or dev-deps'}
{'statusCode': 0, 'package': '@0xsequence/metadata_0.43.0', 'message': 'no deps or dev-deps'}
{'statusCode': 0, 'package': '@0xsequence/metadata_0.43.1', 'message': 'no deps or dev-deps'}
{'statusCode': 0, 'package': '@0xsequence/metadata_0.43.2', 'message': 'no deps or dev-deps'}
{'statusCode': 0, 'package': '@0xsequence/metadata_0.43.3', 'message': 'no deps or dev-deps'}
{'statusCode': 0, 'package': '@0xsequence/metadata_0.0.0-20221124173317', 'message': 'no deps or dev-deps'}
{'statusCode': 0, 'package': '@0xsequence/metadata_0.43.4', 'message': 'no deps or dev-deps'}
{'statusCode': 0, 'package': '@0xsequence/metadata_0.43.5', 'message': 'no deps or dev-deps'}
{'statusCode': 0, 'package': '@0xsequence/metadata_0.43.6', 'message': 'no deps or dev-deps'}
{'statusCode': 0, 'package': '@0xsequence/metadata_0.43.7', 'message': 'no deps or dev-deps'}
{'statusCode': 0, 'package': '@0xsequence/metadata_0.43.0', 'message': 'no deps or dev-deps'}
{'statusCode': 0, 'package': '@0xsequence/metadata_0.43.1', 'message': 'no deps or dev-deps'}
{'statusCode': 0, 'package': '@0xsequence/metadata_0.43.2', 'message': 'no deps or dev-deps'}
{'statusCode': 0, 'package': '@0xsequence/metadata_0.43.3', 'message': 'no deps or dev-deps'}
{'statusCode': 0, 'package': '@0xsequence/metadata_0.0.0-20221124173317', 'message': 'no deps or dev-deps'}
{'statusCode': 0, 'package': '@0xsequence/metadata_0.43.4', 'message': 'no deps or dev-deps'}
{'statusCode': 0, 'package': '@0xsequence/metadata_0.43.5', 'message': 'no deps or dev-deps'}
{'statusCode': 0, 'package': '@0xsequence/metadata_0.43.6', 'message': 'no deps or dev-deps'}
{'statusCode': 0, 'package': '@0xsequence/metadata_0.43.7', 'message': 'no deps or dev-deps'}
{'statusCode': 0, 'package': '@0xsequence/metadata_0.43.0', 'message': 'no deps or dev-deps'}
{'statusCode': 0, 'package': '@0xsequence/metadata_0.43.1', 'message': 'no deps or dev-deps'}
{'statusCode': 0, 'package': '@0xsequence/metadata_0.43.2', 'message': 'no deps or dev-deps'}
{'statusCode': 0, 'package': '@0xsequence/metadata_0.43.3', 'message': 'no deps or dev-deps'}
{'statusCode': 0, 'package': '@0xsequence/metadata_0.0.0-20221124173317', 'message': 'no deps or dev-deps'}
{'statusCode': 0, 'package': '@0xsequence/metadata_0.43.4', 'message': 'no deps or dev-deps'}
{'statusCode': 0, 'package': '@0xsequence/metadata_0.43.5', 'message': 'no deps or dev-deps'}
{'statusCode': 0, 'package': '@0xsequence/metadata_0.43.6', 'message': 'no deps or dev-deps'}
{'statusCode': 0, 'package': '@0xsequence/metadata_0.43.7', 'message': 'no deps or dev-deps'}
{'statusCode': 0, 'package': '@0xsequence/metadata_0.43.0', 'message': 'no deps or dev-deps'}
{'statusCode': 0, 'package': '@0xsequence/metadata_0.43.1', 'message': 'no deps or dev-deps'}
{'statusCode': 0, 'package': '@0xsequence/metadata_0.43.2', 'message': 'no deps or dev-deps'}
{'statusCode': 0, 'package': '@0xsequence/metadata_0.43.3', 'message': 'no deps or dev-deps'}
{'statusCode': 0, 'package': '@0xsequence/metadata_0.0.0-20221124173317', 'message': 'no deps or dev-deps'}
{'statusCode': 0, 'package': '@0xsequence/metadata_0.43.4', 'message': 'no deps or dev-deps'}
{'statusCode': 0, 'package': '@0xsequence/metadata_0.43.5', 'message': 'no deps or dev-deps'}
{'statusCode': 0, 'package': '@0xsequence/metadata_0.43.6', 'message': 'no deps or dev-deps'}
{'statusCode': 0, 'package': '@0xsequence/metadata_0.43.7', 'message': 'no deps or dev-deps'}
{'statusCode': 0, 'package': '@0xsequence/metadata_0.43.0', 'message': 'no deps or dev-deps'}
{'statusCode': 0, 'package': '@0xsequence/metadata_0.43.1', 'message': 'no deps or dev-deps'}
{'statusCode': 0, 'package': '@0xsequence/metadata_0.43.2', 'message': 'no deps or dev-deps'}
{'statusCode': 0, 'package': '@0xsequence/metadata_0.43.3', 'message': 'no deps or dev-deps'}
{'statusCode': 0, 'package': '@0xsequence/metadata_0.0.0-20221124173317', 'message': 'no deps or dev-deps'}
{'statusCode': 0, 'package': '@0xsequence/metadata_0.43.4', 'message': 'no deps or dev-deps'}
{'statusCode': 0, 'package': '@0xsequence/metadata_0.43.5', 'message': 'no deps or dev-deps'}
{'statusCode': 0, 'package': '@0xsequence/metadata_0.43.6', 'message': 'no deps or dev-deps'}
{'statusCode': 0, 'package': '@0xsequence/metadata_0.43.7', 'message': 'no deps or dev-deps'}
{'statusCode': 0, 'package': '@0xsequence/metadata_0.43.0', 'message': 'no deps or dev-deps'}
{'statusCode': 0, 'package': '@0xsequence/metadata_0.43.1', 'message': 'no deps or dev-deps'}
{'statusCode': 0, 'package': '@0xsequence/metadata_0.43.2', 'message': 'no deps or dev-deps'}
{'statusCode': 0, 'package': '@0xsequence/metadata_0.43.3', 'message': 'no deps or dev-deps'}
{'statusCode': 0, 'package': '@0xsequence/metadata_0.0.0-20221124173317', 'message': 'no deps or dev-deps'}
{'statusCode': 0, 'package': '@0xsequence/metadata_0.43.4', 'message': 'no deps or dev-deps'}
{'statusCode': 0, 'package': '@0xsequence/metadata_0.43.5', 'message': 'no deps or dev-deps'}
{'statusCode': 0, 'package': '@0xsequence/metadata_0.43.6', 'message': 'no deps or dev-deps'}
{'statusCode': 0, 'package': '@0xsequence/metadata_0.43.7', 'message': 'no deps or dev-deps'}
{'statusCode': 0, 'package': '@0xsequence/metadata_0.43.0', 'message': 'no deps or dev-deps'}
{'statusCode': 0, 'package': '@0xsequence/metadata_0.43.1', 'message': 'no deps or dev-deps'}
{'statusCode': 0, 'package': '@0xsequence/metadata_0.43.2', 'message': 'no deps or dev-deps'}
{'statusCode': 0, 'package': '@0xsequence/metadata_0.43.3', 'message': 'no deps or dev-deps'}
{'statusCode': 0, 'package': '@0xsequence/metadata_0.0.0-20221124173317', 'message': 'no deps or dev-deps'}
{'statusCode': 0, 'package': '@0xsequence/metadata_0.43.4', 'message': 'no deps or dev-deps'}
{'statusCode': 0, 'package': '@0xsequence/metadata_0.43.5', 'message': 'no deps or dev-deps'}
{'statusCode': 0, 'package': '@0xsequence/metadata_0.43.6', 'message': 'no deps or dev-deps'}
{'statusCode': 0, 'package': '@0xsequence/metadata_0.43.7', 'message': 'no deps or dev-deps'}
{'statusCode': 0, 'package': '@0xsequence/metadata_0.43.0', 'message': 'no deps or dev-deps'}
{'statusCode': 0, 'package': '@0xsequence/metadata_0.43.1', 'message': 'no deps or dev-deps'}
{'statusCode': 0, 'package': '@0xsequence/metadata_0.43.2', 'message': 'no deps or dev-deps'}
{'statusCode': 0, 'package': '@0xsequence/metadata_0.43.3', 'message': 'no deps or dev-deps'}
{'statusCode': 0, 'package': '@0xsequence/metadata_0.0.0-20221124173317', 'message': 'no deps or dev-deps'}
{'statusCode': 0, 'package': '@0xsequence/metadata_0.43.4', 'message': 'no deps or dev-deps'}
{'statusCode': 0, 'package': '@0xsequence/metadata_0.43.5', 'message': 'no deps or dev-deps'}
{'statusCode': 0, 'package': '@0xsequence/metadata_0.43.6', 'message': 'no deps or dev-deps'}
{'statusCode': 0, 'package': '@0xsequence/metadata_0.43.7', 'message': 'no deps or dev-deps'}
{'statusCode': 0, 'package': '@0xsequence/metadata_0.43.0', 'message': 'no deps or dev-deps'}
{'statusCode': 0, 'package': '@0xsequence/metadata_0.43.1', 'message': 'no deps or dev-deps'}
{'statusCode': 0, 'package': '@0xsequence/metadata_0.43.2', 'message': 'no deps or dev-deps'}
{'statusCode': 0, 'package': '@0xsequence/metadata_0.43.3', 'message': 'no deps or dev-deps'}
{'statusCode': 0, 'package': '@0xsequence/metadata_0.0.0-20221124173317', 'message': 'no deps or dev-deps'}
{'statusCode': 0, 'package': '@0xsequence/metadata_0.43.4', 'message': 'no deps or dev-deps'}
{'statusCode': 0, 'package': '@0xsequence/metadata_0.43.5', 'message': 'no deps or dev-deps'}
{'statusCode': 0, 'package': '@0xsequence/metadata_0.43.6', 'message': 'no deps or dev-deps'}
{'statusCode': 0, 'package': '@0xsequence/metadata_0.43.7', 'message': 'no deps or dev-deps'}
{'statusCode': 0, 'package': '@0xsequence/metadata_0.43.0', 'message': 'no deps or dev-deps'}
{'statusCode': 0, 'package': '@0xsequence/metadata_0.43.1', 'message': 'no deps or dev-deps'}
{'statusCode': 0, 'package': '@0xsequence/metadata_0.43.2', 'message': 'no deps or dev-deps'}
{'statusCode': 0, 'package': '@0xsequence/metadata_0.43.3', 'message': 'no deps or dev-deps'}
{'statusCode': 0, 'package': '@0xsequence/metadata_0.0.0-20221124173317', 'message': 'no deps or dev-deps'}
{'statusCode': 0, 'package': '@0xsequence/metadata_0.43.4', 'message': 'no deps or dev-deps'}
{'statusCode': 0, 'package': '@0xsequence/metadata_0.43.5', 'message': 'no deps or dev-deps'}
{'statusCode': 0, 'package': '@0xsequence/metadata_0.43.6', 'message': 'no deps or dev-deps'}
{'statusCode': 0, 'package': '@0xsequence/metadata_0.43.7', 'message': 'no deps or dev-deps'}
{'statusCode': 0, 'package': '@0xsequence/metadata_0.43.0', 'message': 'no deps or dev-deps'}
{'statusCode': 0, 'package': '@0xsequence/metadata_0.43.1', 'message': 'no deps or dev-deps'}
{'statusCode': 0, 'package': '@0xsequence/metadata_0.43.2', 'message': 'no deps or dev-deps'}
{'statusCode': 0, 'package': '@0xsequence/metadata_0.43.3', 'message': 'no deps or dev-deps'}
{'statusCode': 0, 'package': '@0xsequence/metadata_0.0.0-20221124173317', 'message': 'no deps or dev-deps'}
{'statusCode': 0, 'package': '@0xsequence/metadata_0.43.4', 'message': 'no deps or dev-deps'}
{'statusCode': 0, 'package': '@0xsequence/metadata_0.43.5', 'message': 'no deps or dev-deps'}
{'statusCode': 0, 'package': '@0xsequence/metadata_0.43.6', 'message': 'no deps or dev-deps'}
{'statusCode': 0, 'package': '@0xsequence/metadata_0.43.7', 'message': 'no deps or dev-deps'}
{'statusCode': 0, 'package': '@0xsequence/metadata_0.43.0', 'message': 'no deps or dev-deps'}
{'statusCode': 0, 'package': '@0xsequence/metadata_0.43.1', 'message': 'no deps or dev-deps'}
{'statusCode': 0, 'package': '@0xsequence/metadata_0.43.2', 'message': 'no deps or dev-deps'}
{'statusCode': 0, 'package': '@0xsequence/metadata_0.43.3', 'message': 'no deps or dev-deps'}
{'statusCode': 0, 'package': '@0xsequence/metadata_0.0.0-20221124173317', 'message': 'no deps or dev-deps'}
{'statusCode': 0, 'package': '@0xsequence/metadata_0.43.4', 'message': 'no deps or dev-deps'}
{'statusCode': 0, 'package': '@0xsequence/metadata_0.43.5', 'message': 'no deps or dev-deps'}
{'statusCode': 0, 'package': '@0xsequence/metadata_0.43.6', 'message': 'no deps or dev-deps'}
{'statusCode': 0, 'package': '@0xsequence/metadata_0.43.7', 'message': 'no deps or dev-deps'}
{'statusCode': 0, 'package': '@0xsequence/metadata_0.43.0', 'message': 'no deps or dev-deps'}
{'statusCode': 0, 'package': '@0xsequence/metadata_0.43.1', 'message': 'no deps or dev-deps'}
{'statusCode': 0, 'package': '@0xsequence/metadata_0.43.2', 'message': 'no deps or dev-deps'}
{'statusCode': 0, 'package': '@0xsequence/metadata_0.43.3', 'message': 'no deps or dev-deps'}
{'statusCode': 0, 'package': '@0xsequence/metadata_0.0.0-20221124173317', 'message': 'no deps or dev-deps'}
{'statusCode': 0, 'package': '@0xsequence/metadata_0.43.4', 'message': 'no deps or dev-deps'}
{'statusCode': 0, 'package': '@0xsequence/metadata_0.43.5', 'message': 'no deps or dev-deps'}
{'statusCode': 0, 'package': '@0xsequence/metadata_0.43.6', 'message': 'no deps or dev-deps'}
{'statusCode': 0, 'package': '@0xsequence/metadata_0.43.7', 'message': 'no deps or dev-deps'}
{'statusCode': 0, 'package': '@0xsequence/metadata_0.43.0', 'message': 'no deps or dev-deps'}
{'statusCode': 0, 'package': '@0xsequence/metadata_0.43.1', 'message': 'no deps or dev-deps'}
{'statusCode': 0, 'package': '@0xsequence/metadata_0.43.2', 'message': 'no deps or dev-deps'}
{'statusCode': 0, 'package': '@0xsequence/metadata_0.43.3', 'message': 'no deps or dev-deps'}
{'statusCode': 0, 'package': '@0xsequence/metadata_0.0.0-20221124173317', 'message': 'no deps or dev-deps'}
{'statusCode': 0, 'package': '@0xsequence/metadata_0.43.4', 'message': 'no deps or dev-deps'}
{'statusCode': 0, 'package': '@0xsequence/metadata_0.43.5', 'message': 'no deps or dev-deps'}
{'statusCode': 0, 'package': '@0xsequence/metadata_0.43.6', 'message': 'no deps or dev-deps'}
{'statusCode': 0, 'package': '@0xsequence/metadata_0.43.7', 'message': 'no deps or dev-deps'}
{'statusCode': 0, 'package': '@0xsequence/metadata_0.43.0', 'message': 'no deps or dev-deps'}
{'statusCode': 0, 'package': '@0xsequence/metadata_0.43.1', 'message': 'no deps or dev-deps'}
{'statusCode': 0, 'package': '@0xsequence/metadata_0.43.2', 'message': 'no deps or dev-deps'}
{'statusCode': 0, 'package': '@0xsequence/metadata_0.43.3', 'message': 'no deps or dev-deps'}
{'statusCode': 0, 'package': '@0xsequence/metadata_0.0.0-20221124173317', 'message': 'no deps or dev-deps'}
{'statusCode': 0, 'package': '@0xsequence/metadata_0.43.4', 'message': 'no deps or dev-deps'}
{'statusCode': 0, 'package': '@0xsequence/metadata_0.43.5', 'message': 'no deps or dev-deps'}
{'statusCode': 0, 'package': '@0xsequence/metadata_0.43.6', 'message': 'no deps or dev-deps'}
{'statusCode': 0, 'package': '@0xsequence/metadata_0.43.7', 'message': 'no deps or dev-deps'}
{'statusCode': 0, 'package': '@0xsequence/metadata_0.43.0', 'message': 'no deps or dev-deps'}
{'statusCode': 0, 'package': '@0xsequence/metadata_0.43.1', 'message': 'no deps or dev-deps'}
{'statusCode': 0, 'package': '@0xsequence/metadata_0.43.2', 'message': 'no deps or dev-deps'}
{'statusCode': 0, 'package': '@0xsequence/metadata_0.43.3', 'message': 'no deps or dev-deps'}
{'statusCode': 0, 'package': '@0xsequence/metadata_0.0.0-20221124173317', 'message': 'no deps or dev-deps'}
{'statusCode': 0, 'package': '@0xsequence/metadata_0.43.4', 'message': 'no deps or dev-deps'}
{'statusCode': 0, 'package': '@0xsequence/metadata_0.43.5', 'message': 'no deps or dev-deps'}
{'statusCode': 0, 'package': '@0xsequence/metadata_0.43.6', 'message': 'no deps or dev-deps'}
{'statusCode': 0, 'package': '@0xsequence/metadata_0.43.7', 'message': 'no deps or dev-deps'}
{'statusCode': 0, 'package': '@0xsequence/metadata_0.43.0', 'message': 'no deps or dev-deps'}
{'statusCode': 0, 'package': '@0xsequence/metadata_0.43.1', 'message': 'no deps or dev-deps'}
{'statusCode': 0, 'package': '@0xsequence/metadata_0.43.2', 'message': 'no deps or dev-deps'}
{'statusCode': 0, 'package': '@0xsequence/metadata_0.43.3', 'message': 'no deps or dev-deps'}
{'statusCode': 0, 'package': '@0xsequence/metadata_0.0.0-20221124173317', 'message': 'no deps or dev-deps'}
{'statusCode': 0, 'package': '@0xsequence/metadata_0.43.4', 'message': 'no deps or dev-deps'}
{'statusCode': 0, 'package': '@0xsequence/metadata_0.43.5', 'message': 'no deps or dev-deps'}
{'statusCode': 0, 'package': '@0xsequence/metadata_0.43.6', 'message': 'no deps or dev-deps'}
{'statusCode': 0, 'package': '@0xsequence/metadata_0.43.7', 'message': 'no deps or dev-deps'}
{'statusCode': 0, 'package': '@0xsequence/metadata_0.43.0', 'message': 'no deps or dev-deps'}
{'statusCode': 0, 'package': '@0xsequence/metadata_0.43.1', 'message': 'no deps or dev-deps'}
{'statusCode': 0, 'package': '@0xsequence/metadata_0.43.2', 'message': 'no deps or dev-deps'}
{'statusCode': 0, 'package': '@0xsequence/metadata_0.43.3', 'message': 'no deps or dev-deps'}
{'statusCode': 0, 'package': '@0xsequence/metadata_0.0.0-20221124173317', 'message': 'no deps or dev-deps'}
{'statusCode': 0, 'package': '@0xsequence/metadata_0.43.4', 'message': 'no deps or dev-deps'}
{'statusCode': 0, 'package': '@0xsequence/metadata_0.43.5', 'message': 'no deps or dev-deps'}
{'statusCode': 0, 'package': '@0xsequence/metadata_0.43.6', 'message': 'no deps or dev-deps'}
{'statusCode': 0, 'package': '@0xsequence/metadata_0.43.7', 'message': 'no deps or dev-deps'}
{'statusCode': 0, 'package': '@0xsequence/metadata_0.43.0', 'message': 'no deps or dev-deps'}
{'statusCode': 0, 'package': '@0xsequence/metadata_0.43.1', 'message': 'no deps or dev-deps'}
{'statusCode': 0, 'package': '@0xsequence/metadata_0.43.2', 'message': 'no deps or dev-deps'}
{'statusCode': 0, 'package': '@0xsequence/metadata_0.43.3', 'message': 'no deps or dev-deps'}
{'statusCode': 0, 'package': '@0xsequence/metadata_0.0.0-20221124173317', 'message': 'no deps or dev-deps'}
{'statusCode': 0, 'package': '@0xsequence/metadata_0.43.4', 'message': 'no deps or dev-deps'}
{'statusCode': 0, 'package': '@0xsequence/metadata_0.43.5', 'message': 'no deps or dev-deps'}
{'statusCode': 0, 'package': '@0xsequence/metadata_0.43.6', 'message': 'no deps or dev-deps'}
{'statusCode': 0, 'package': '@0xsequence/metadata_0.43.7', 'message': 'no deps or dev-deps'}
{'statusCode': 0, 'package': '@0xsequence/metadata_0.43.0', 'message': 'no deps or dev-deps'}
{'statusCode': 0, 'package': '@0xsequence/metadata_0.43.1', 'message': 'no deps or dev-deps'}
{'statusCode': 0, 'package': '@0xsequence/metadata_0.43.2', 'message': 'no deps or dev-deps'}
{'statusCode': 0, 'package': '@0xsequence/metadata_0.43.3', 'message': 'no deps or dev-deps'}
{'statusCode': 0, 'package': '@0xsequence/metadata_0.0.0-20221124173317', 'message': 'no deps or dev-deps'}
{'statusCode': 0, 'package': '@0xsequence/metadata_0.43.4', 'message': 'no deps or dev-deps'}
{'statusCode': 0, 'package': '@0xsequence/metadata_0.43.5', 'message': 'no deps or dev-deps'}
{'statusCode': 0, 'package': '@0xsequence/metadata_0.43.6', 'message': 'no deps or dev-deps'}
{'statusCode': 0, 'package': '@0xsequence/metadata_0.43.7', 'message': 'no deps or dev-deps'}
{'statusCode': 0, 'package': '@0xsequence/metadata_0.43.0', 'message': 'no deps or dev-deps'}
{'statusCode': 0, 'package': '@0xsequence/metadata_0.43.1', 'message': 'no deps or dev-deps'}
{'statusCode': 0, 'package': '@0xsequence/metadata_0.43.2', 'message': 'no deps or dev-deps'}
{'statusCode': 0, 'package': '@0xsequence/metadata_0.43.3', 'message': 'no deps or dev-deps'}
{'statusCode': 0, 'package': '@0xsequence/metadata_0.0.0-20221124173317', 'message': 'no deps or dev-deps'}
{'statusCode': 0, 'package': '@0xsequence/metadata_0.43.4', 'message': 'no deps or dev-deps'}
{'statusCode': 0, 'package': '@0xsequence/metadata_0.43.5', 'message': 'no deps or dev-deps'}
{'statusCode': 0, 'package': '@0xsequence/metadata_0.43.6', 'message': 'no deps or dev-deps'}
{'statusCode': 0, 'package': '@0xsequence/metadata_0.43.7', 'message': 'no deps or dev-deps'}
{'statusCode': 0, 'package': '@0xsequence/metadata_0.43.0', 'message': 'no deps or dev-deps'}
{'statusCode': 0, 'package': '@0xsequence/metadata_0.43.1', 'message': 'no deps or dev-deps'}
{'statusCode': 0, 'package': '@0xsequence/metadata_0.43.2', 'message': 'no deps or dev-deps'}
{'statusCode': 0, 'package': '@0xsequence/metadata_0.43.3', 'message': 'no deps or dev-deps'}
{'statusCode': 0, 'package': '@0xsequence/metadata_0.0.0-20221124173317', 'message': 'no deps or dev-deps'}
{'statusCode': 0, 'package': '@0xsequence/metadata_0.43.4', 'message': 'no deps or dev-deps'}
{'statusCode': 0, 'package': '@0xsequence/metadata_0.43.5', 'message': 'no deps or dev-deps'}
{'statusCode': 0, 'package': '@0xsequence/metadata_0.43.6', 'message': 'no deps or dev-deps'}
{'statusCode': 0, 'package': '@0xsequence/metadata_0.43.7', 'message': 'no deps or dev-deps'}
{'statusCode': 0, 'package': '@0xsequence/metadata_0.43.0', 'message': 'no deps or dev-deps'}
{'statusCode': 0, 'package': '@0xsequence/metadata_0.43.1', 'message': 'no deps or dev-deps'}
{'statusCode': 0, 'package': '@0xsequence/metadata_0.43.2', 'message': 'no deps or dev-deps'}
{'statusCode': 0, 'package': '@0xsequence/metadata_0.43.3', 'message': 'no deps or dev-deps'}
{'statusCode': 0, 'package': '@0xsequence/metadata_0.0.0-20221124173317', 'message': 'no deps or dev-deps'}
{'statusCode': 0, 'package': '@0xsequence/metadata_0.43.4', 'message': 'no deps or dev-deps'}
{'statusCode': 0, 'package': '@0xsequence/metadata_0.43.5', 'message': 'no deps or dev-deps'}
{'statusCode': 0, 'package': '@0xsequence/metadata_0.43.6', 'message': 'no deps or dev-deps'}
{'statusCode': 0, 'package': '@0xsequence/metadata_0.43.7', 'message': 'no deps or dev-deps'}
{'statusCode': 0, 'package': '@0xsequence/metadata_0.43.0', 'message': 'no deps or dev-deps'}
{'statusCode': 0, 'package': '@0xsequence/metadata_0.43.1', 'message': 'no deps or dev-deps'}
{'statusCode': 0, 'package': '@0xsequence/metadata_0.43.2', 'message': 'no deps or dev-deps'}
{'statusCode': 0, 'package': '@0xsequence/metadata_0.43.3', 'message': 'no deps or dev-deps'}
{'statusCode': 0, 'package': '@0xsequence/metadata_0.0.0-20221124173317', 'message': 'no deps or dev-deps'}
{'statusCode': 0, 'package': '@0xsequence/metadata_0.43.4', 'message': 'no deps or dev-deps'}
{'statusCode': 0, 'package': '@0xsequence/metadata_0.43.5', 'message': 'no deps or dev-deps'}
{'statusCode': 0, 'package': '@0xsequence/metadata_0.43.6', 'message': 'no deps or dev-deps'}
{'statusCode': 0, 'package': '@0xsequence/metadata_0.43.7', 'message': 'no deps or dev-deps'}
{'statusCode': 404, 'package': '@0xsequence/sstore2', 'message': 'HTTPError'}
{'statusCode': 404, 'package': '@0xsequence/sstore2', 'message': 'HTTPError'}
{'statusCode': 0, 'package': '@0xsequence/wallet-contracts_1.5.0', 'message': 'no deps or dev-deps'}
{'statusCode': 0, 'package': '@0xsequence/wallet-contracts_1.6.0', 'message': 'no deps or dev-deps'}
{'statusCode': 0, 'package': '@0xsequence/wallet-contracts_1.7.0', 'message': 'no deps or dev-deps'}
{'statusCode': 0, 'package': '@0xsequence/wallet-contracts_1.8.0', 'message': 'no deps or dev-deps'}
{'statusCode': 0, 'package': '@0xsequence/wallet-contracts_1.9.0', 'message': 'no deps or dev-deps'}
{'statusCode': 0, 'package': '@0xsequence/wallet-contracts_1.9.1', 'message': 'no deps or dev-deps'}
{'statusCode': 0, 'package': '@0xsequence/wallet-contracts_1.9.2', 'message': 'no deps or dev-deps'}
{'statusCode': 0, 'package': '@0xsequence/wallet-contracts_1.9.3', 'message': 'no deps or dev-deps'}
{'statusCode': 0, 'package': '@0xsequence/wallet-contracts_1.9.4', 'message': 'no deps or dev-deps'}
{'statusCode': 0, 'package': '@0xsequence/wallet-contracts_1.9.5', 'message': 'no deps or dev-deps'}
{'statusCode': 0, 'package': '@0xsequence/wallet-contracts_1.9.6', 'message': 'no deps or dev-deps'}
{'statusCode': 0, 'package': '@0xsequence/wallet-contracts_1.10.0', 'message': 'no deps or dev-deps'}
{'statusCode': 0, 'package': '@0xsequence/wallet-contracts_1.5.0', 'message': 'no deps or dev-deps'}
{'statusCode': 0, 'package': '@0xsequence/wallet-contracts_1.6.0', 'message': 'no deps or dev-deps'}
{'statusCode': 0, 'package': '@0xsequence/wallet-contracts_1.7.0', 'message': 'no deps or dev-deps'}
{'statusCode': 0, 'package': '@0xsequence/wallet-contracts_1.8.0', 'message': 'no deps or dev-deps'}
{'statusCode': 0, 'package': '@0xsequence/wallet-contracts_1.9.0', 'message': 'no deps or dev-deps'}
{'statusCode': 0, 'package': '@0xsequence/wallet-contracts_1.9.1', 'message': 'no deps or dev-deps'}
{'statusCode': 0, 'package': '@0xsequence/wallet-contracts_1.9.2', 'message': 'no deps or dev-deps'}
{'statusCode': 0, 'package': '@0xsequence/wallet-contracts_1.9.3', 'message': 'no deps or dev-deps'}
{'statusCode': 0, 'package': '@0xsequence/wallet-contracts_1.9.4', 'message': 'no deps or dev-deps'}
{'statusCode': 0, 'package': '@0xsequence/wallet-contracts_1.9.5', 'message': 'no deps or dev-deps'}
{'statusCode': 0, 'package': '@0xsequence/wallet-contracts_1.9.6', 'message': 'no deps or dev-deps'}
{'statusCode': 0, 'package': '@0xsequence/wallet-contracts_1.10.0', 'message': 'no deps or dev-deps'}
{'statusCode': 0, 'package': '@0xsequence/wallet-contracts_1.5.0', 'message': 'no deps or dev-deps'}
{'statusCode': 0, 'package': '@0xsequence/wallet-contracts_1.6.0', 'message': 'no deps or dev-deps'}
{'statusCode': 0, 'package': '@0xsequence/wallet-contracts_1.7.0', 'message': 'no deps or dev-deps'}
{'statusCode': 0, 'package': '@0xsequence/wallet-contracts_1.8.0', 'message': 'no deps or dev-deps'}
{'statusCode': 0, 'package': '@0xsequence/wallet-contracts_1.9.0', 'message': 'no deps or dev-deps'}
{'statusCode': 0, 'package': '@0xsequence/wallet-contracts_1.9.1', 'message': 'no deps or dev-deps'}
{'statusCode': 0, 'package': '@0xsequence/wallet-contracts_1.9.2', 'message': 'no deps or dev-deps'}
{'statusCode': 0, 'package': '@0xsequence/wallet-contracts_1.9.3', 'message': 'no deps or dev-deps'}
{'statusCode': 0, 'package': '@0xsequence/wallet-contracts_1.9.4', 'message': 'no deps or dev-deps'}
{'statusCode': 0, 'package': '@0xsequence/wallet-contracts_1.9.5', 'message': 'no deps or dev-deps'}
{'statusCode': 0, 'package': '@0xsequence/wallet-contracts_1.9.6', 'message': 'no deps or dev-deps'}
{'statusCode': 0, 'package': '@0xsequence/wallet-contracts_1.10.0', 'message': 'no deps or dev-deps'}
{'statusCode': 0, 'package': '@0xsequence/wallet-contracts_1.5.0', 'message': 'no deps or dev-deps'}
{'statusCode': 0, 'package': '@0xsequence/wallet-contracts_1.6.0', 'message': 'no deps or dev-deps'}
{'statusCode': 0, 'package': '@0xsequence/wallet-contracts_1.7.0', 'message': 'no deps or dev-deps'}
{'statusCode': 0, 'package': '@0xsequence/wallet-contracts_1.8.0', 'message': 'no deps or dev-deps'}
{'statusCode': 0, 'package': '@0xsequence/wallet-contracts_1.9.0', 'message': 'no deps or dev-deps'}
{'statusCode': 0, 'package': '@0xsequence/wallet-contracts_1.9.1', 'message': 'no deps or dev-deps'}
{'statusCode': 0, 'package': '@0xsequence/wallet-contracts_1.9.2', 'message': 'no deps or dev-deps'}
{'statusCode': 0, 'package': '@0xsequence/wallet-contracts_1.9.3', 'message': 'no deps or dev-deps'}
{'statusCode': 0, 'package': '@0xsequence/wallet-contracts_1.9.4', 'message': 'no deps or dev-deps'}
{'statusCode': 0, 'package': '@0xsequence/wallet-contracts_1.9.5', 'message': 'no deps or dev-deps'}
{'statusCode': 0, 'package': '@0xsequence/wallet-contracts_1.9.6', 'message': 'no deps or dev-deps'}
{'statusCode': 0, 'package': '@0xsequence/wallet-contracts_1.10.0', 'message': 'no deps or dev-deps'}
{'statusCode': 404, 'package': '@0x/sol-compiler-ovm', 'message': 'HTTPError'}
{'statusCode': 404, 'package': '@0x/types-v2', 'message': 'HTTPError'}
{'statusCode': 0, 'package': '1_0.0.1', 'message': 'no deps or dev-deps'}
{'statusCode': 404, 'package': '.1', 'message': 'HTTPError'}
{'statusCode': 0, 'package': '10_0.0.1', 'message': 'no deps or dev-deps'}
{'statusCode': 404, 'package': '.10', 'message': 'HTTPError'}
{'statusCode': 404, 'package': '.1.0', 'message': 'HTTPError'}
{'statusCode': 200, 'package': '1.0', 'message': 'No versions found'}
{'statusCode': 404, 'package': '.10.0', 'message': 'HTTPError'}
{'statusCode': 200, 'package': '1.0.0', 'message': 'No versions found'}
{'statusCode': 404, 'package': '10.0', 'message': 'HTTPError'}
{'statusCode': 200, 'package': '10.0.0', 'message': 'No versions found'}
{'statusCode': 200, 'package': '1000-lights', 'message': 'No versions found'}
{'statusCode': 200, 'package': '10.0.1', 'message': 'No versions found'}
{'statusCode': 404, 'package': '10.0.13', 'message': 'HTTPError'}
{'statusCode': 404, 'package': '10.0.3', 'message': 'HTTPError'}
{'statusCode': 404, 'package': '10.0.6', 'message': 'HTTPError'}
{'statusCode': 404, 'package': '@1.0.0@archy', 'message': 'HTTPError'}
{'statusCode': 404, 'package': '@1.0.0@glogg', 'message': 'HTTPError'}
{'statusCode': 404, 'package': '.10.1', 'message': 'HTTPError'}
{'statusCode': 0, 'package': '1.0.1_1.0.0', 'message': 'no deps or dev-deps'}
{'statusCode': 404, 'package': '10.1', 'message': 'HTTPError'}
{'statusCode': 0, 'package': '101_0.0.0', 'message': 'no deps or dev-deps'}
{'statusCode': 404, 'package': '1.0.10', 'message': 'HTTPError'}
{'statusCode': 404, 'package': '10.1.0', 'message': 'HTTPError'}
{'statusCode': 0, 'package': '101_0.0.0', 'message': 'no deps or dev-deps'}
{'statusCode': 404, 'package': '.10.11', 'message': 'HTTPError'}
{'statusCode': 404, 'package': '1.0.12', 'message': 'HTTPError'}
{'statusCode': 404, 'package': '10.13', 'message': 'HTTPError'}
{'statusCode': 404, 'package': '1.0.18', 'message': 'HTTPError'}
{'statusCode': 404, 'package': '.10.2', 'message': 'HTTPError'}
{'statusCode': 0, 'package': '1.0.2_1.0.0', 'message': 'no deps or dev-deps'}
{'statusCode': 404, 'package': '10.2', 'message': 'HTTPError'}
{'statusCode': 404, 'package': '1.0.21', 'message': 'HTTPError'}
{'statusCode': 200, 'package': '10.2.1', 'message': 'No versions found'}
{'statusCode': 404, 'package': '@1.0.2@clone', 'message': 'HTTPError'}
{'statusCode': 404, 'package': '.10.3', 'message': 'HTTPError'}
{'statusCode': 404, 'package': '10.3', 'message': 'HTTPError'}
{'statusCode': 404, 'package': '.10.4', 'message': 'HTTPError'}
{'statusCode': 404, 'package': '1.0.4', 'message': 'HTTPError'}
{'statusCode': 404, 'package': '10.4', 'message': 'HTTPError'}
{'statusCode': 404, 'package': '1.0.5', 'message': 'HTTPError'}
{'statusCode': 404, 'package': '1.0.54', 'message': 'HTTPError'}
{'statusCode': 404, 'package': '1.0.56', 'message': 'HTTPError'}
{'statusCode': 404, 'package': '1.0.58', 'message': 'HTTPError'}
{'statusCode': 404, 'package': '1.0.60', 'message': 'HTTPError'}
{'statusCode': 404, 'package': '1.0.64', 'message': 'HTTPError'}
{'statusCode': 404, 'package': '1.0.68', 'message': 'HTTPError'}
{'statusCode': 404, 'package': '.10.7', 'message': 'HTTPError'}
{'statusCode': 404, 'package': '1.0.78', 'message': 'HTTPError'}
{'statusCode': 404, 'package': '.10.8', 'message': 'HTTPError'}
{'statusCode': 404, 'package': '1.0.8', 'message': 'HTTPError'}
{'statusCode': 404, 'package': '1.0.80', 'message': 'HTTPError'}
{'statusCode': 404, 'package': '.10.9', 'message': 'HTTPError'}
{'statusCode': 404, 'package': '1.0.9', 'message': 'HTTPError'}
{'statusCode': 200, 'package': '10.9.1', 'message': 'No versions found'}
{'statusCode': 404, 'package': '10/rdk.preset', 'message': 'HTTPError'}
{'statusCode': 404, 'package': '10/rdk.preset', 'message': 'HTTPError'}
{'statusCode': 404, 'package': '@10up/cypress-wp-utils', 'message': 'HTTPError'}
{'statusCode': 404, 'package': '11.0', 'message': 'HTTPError'}
{'statusCode': 404, 'package': '1.10.0', 'message': 'HTTPError'}
{'statusCode': 200, 'package': '11.0.0', 'message': 'No versions found'}
{'statusCode': 404, 'package': '1.10.3', 'message': 'HTTPError'}
{'statusCode': 404, 'package': '1.10.4', 'message': 'HTTPError'}
{'statusCode': 404, 'package': '1.10.5', 'message': 'HTTPError'}
{'statusCode': 404, 'package': '1.10.7', 'message': 'HTTPError'}
{'statusCode': 404, 'package': '@1.1.0@fined', 'message': 'HTTPError'}
{'statusCode': 404, 'package': '.11.1', 'message': 'HTTPError'}
{'statusCode': 404, 'package': '1.11', 'message': 'HTTPError'}
{'statusCode': 404, 'package': '11.1', 'message': 'HTTPError'}
{'statusCode': 404, 'package': '1.11.0', 'message': 'HTTPError'}
{'statusCode': 200, 'package': '11.1.0', 'message': 'No versions found'}
{'statusCode': 404, 'package': '1.11.1', 'message': 'HTTPError'}
{'statusCode': 404, 'package': '11.1.1', 'message': 'HTTPError'}
{'statusCode': 404, 'package': '11.11.0', 'message': 'HTTPError'}
{'statusCode': 404, 'package': '1.1.12', 'message': 'HTTPError'}
{'statusCode': 404, 'package': '1.11.2', 'message': 'HTTPError'}
{'statusCode': 404, 'package': '1.11.3', 'message': 'HTTPError'}
{'statusCode': 404, 'package': '1.11.5', 'message': 'HTTPError'}
{'statusCode': 404, 'package': '1.11.6', 'message': 'HTTPError'}
{'statusCode': 404, 'package': '1.11.7', 'message': 'HTTPError'}
{'statusCode': 404, 'package': '.11.2', 'message': 'HTTPError'}
{'statusCode': 404, 'package': '1.12', 'message': 'HTTPError'}
{'statusCode': 404, 'package': '1.1.2', 'message': 'HTTPError'}
{'statusCode': 404, 'package': '11.2', 'message': 'HTTPError'}
{'statusCode': 404, 'package': '1.12.1', 'message': 'HTTPError'}
{'statusCode': 404, 'package': '11.2.1', 'message': 'HTTPError'}
{'statusCode': 404, 'package': '1.12.2', 'message': 'HTTPError'}
{'statusCode': 404, 'package': '1.12.4', 'message': 'HTTPError'}
{'statusCode': 404, 'package': '.11.3', 'message': 'HTTPError'}
{'statusCode': 404, 'package': '1.1.3', 'message': 'HTTPError'}
{'statusCode': 200, 'package': '11.3', 'message': 'No versions found'}
{'statusCode': 404, 'package': '.113.0', 'message': 'HTTPError'}
{'statusCode': 404, 'package': '1.13.0', 'message': 'HTTPError'}
{'statusCode': 404, 'package': '11.3.0', 'message': 'HTTPError'}
{'statusCode': 404, 'package': '1.1.3', 'message': 'HTTPError'}
{'statusCode': 404, 'package': '1.13.2', 'message': 'HTTPError'}
{'statusCode': 404, 'package': '@1.1.3@chalk', 'message': 'HTTPError'}
{'statusCode': 404, 'package': '1.1.4', 'message': 'HTTPError'}
{'statusCode': 200, 'package': '11.4', 'message': 'No versions found'}
{'statusCode': 404, 'package': '1.14.1', 'message': 'HTTPError'}
{'statusCode': 404, 'package': '.1.15', 'message': 'HTTPError'}
{'statusCode': 404, 'package': '.11.5', 'message': 'HTTPError'}
{'statusCode': 404, 'package': '1.15', 'message': 'HTTPError'}
{'statusCode': 404, 'package': '1.15.1', 'message': 'HTTPError'}
{'statusCode': 404, 'package': '.1.16', 'message': 'HTTPError'}
{'statusCode': 404, 'package': '.11.6', 'message': 'HTTPError'}
{'statusCode': 404, 'package': '11.6.1', 'message': 'HTTPError'}
{'statusCode': 404, 'package': '1.16.2', 'message': 'HTTPError'}
{'statusCode': 404, 'package': '11.6.2', 'message': 'HTTPError'}
{'statusCode': 404, 'package': '.11.7', 'message': 'HTTPError'}
{'statusCode': 404, 'package': '.117.0', 'message': 'HTTPError'}
{'statusCode': 404, 'package': '1.17.0', 'message': 'HTTPError'}
{'statusCode': 404, 'package': '1.17.1', 'message': 'HTTPError'}
{'statusCode': 404, 'package': '1.17.2', 'message': 'HTTPError'}
{'statusCode': 404, 'package': '1.17.3', 'message': 'HTTPError'}
{'statusCode': 404, 'package': '1.17.4', 'message': 'HTTPError'}
{'statusCode': 404, 'package': '1.17.5', 'message': 'HTTPError'}
{'statusCode': 404, 'package': '1.17.7', 'message': 'HTTPError'}
{'statusCode': 404, 'package': '.1.18', 'message': 'HTTPError'}
{'statusCode': 404, 'package': '.11.8', 'message': 'HTTPError'}
{'statusCode': 404, 'package': '1.18', 'message': 'HTTPError'}
{'statusCode': 404, 'package': '1.18.12', 'message': 'HTTPError'}
{'statusCode': 404, 'package': '1.18.2', 'message': 'HTTPError'}
{'statusCode': 404, 'package': '.11.9', 'message': 'HTTPError'}
{'statusCode': 404, 'package': '1.19', 'message': 'HTTPError'}
{'statusCode': 404, 'package': '1.19.2', 'message': 'HTTPError'}
{'statusCode': 200, 'package': '/11ty', 'message': 'No versions found'}
{'statusCode': 404, 'package': '.12', 'message': 'HTTPError'}
{'statusCode': 404, 'package': '.1.2', 'message': 'HTTPError'}
{'statusCode': 404, 'package': '1.2', 'message': 'HTTPError'}
{'statusCode': 404, 'package': '.12.0', 'message': 'HTTPError'}
{'statusCode': 404, 'package': '1.20', 'message': 'HTTPError'}
{'statusCode': 404, 'package': '1.2.0', 'message': 'HTTPError'}
{'statusCode': 404, 'package': '12.0', 'message': 'HTTPError'}
{'statusCode': 404, 'package': '1.20.0', 'message': 'HTTPError'}
{'statusCode': 404, 'package': '12.0.0', 'message': 'HTTPError'}
{'statusCode': 404, 'package': '1.20.1', 'message': 'HTTPError'}
{'statusCode': 404, 'package': '12.0.1', 'message': 'HTTPError'}
{'statusCode': 404, 'package': '1.20.2', 'message': 'HTTPError'}
{'statusCode': 404, 'package': '12.0.2', 'message': 'HTTPError'}
{'statusCode': 404, 'package': '1203/component', 'message': 'HTTPError'}
{'statusCode': 404, 'package': '.1.21', 'message': 'HTTPError'}
{'statusCode': 404, 'package': '.12.1', 'message': 'HTTPError'}
{'statusCode': 404, 'package': '1.2.1', 'message': 'HTTPError'}
{'statusCode': 200, 'package': '12.1', 'message': 'No versions found'}
{'statusCode': 404, 'package': '1.2.10', 'message': 'HTTPError'}
{'statusCode': 404, 'package': '1.21.2', 'message': 'HTTPError'}
{'statusCode': 404, 'package': '1.21.3', 'message': 'HTTPError'}
{'statusCode': 404, 'package': '1.21.4', 'message': 'HTTPError'}
{'statusCode': 404, 'package': '1.21.5', 'message': 'HTTPError'}
{'statusCode': 404, 'package': '1.21.x', 'message': 'HTTPError'}
{'statusCode': 404, 'package': '.12.2', 'message': 'HTTPError'}
{'statusCode': 404, 'package': '1.22', 'message': 'HTTPError'}
{'statusCode': 404, 'package': '1.2.2', 'message': 'HTTPError'}
{'statusCode': 404, 'package': '12.2', 'message': 'HTTPError'}
{'statusCode': 404, 'package': '.12.20', 'message': 'HTTPError'}
{'statusCode': 404, 'package': '.122.0', 'message': 'HTTPError'}
{'statusCode': 404, 'package': '.12.22', 'message': 'HTTPError'}
{'statusCode': 404, 'package': '.12.23', 'message': 'HTTPError'}
{'statusCode': 404, 'package': '.12.24', 'message': 'HTTPError'}
{'statusCode': 404, 'package': '.12.25', 'message': 'HTTPError'}
{'statusCode': 404, 'package': '.12.26', 'message': 'HTTPError'}
{'statusCode': 0, 'package': '1226aaa_1.0.0', 'message': 'no deps or dev-deps'}
{'statusCode': 0, 'package': '1226bbb_1.0.0', 'message': 'no deps or dev-deps'}
{'statusCode': 404, 'package': '.12.3', 'message': 'HTTPError'}
{'statusCode': 404, 'package': '.12.30', 'message': 'HTTPError'}
{'statusCode': 404, 'package': '.12.4', 'message': 'HTTPError'}
{'statusCode': 404, 'package': '1.2.4', 'message': 'HTTPError'}
{'statusCode': 404, 'package': '.12.47', 'message': 'HTTPError'}
{'statusCode': 404, 'package': '.12.5', 'message': 'HTTPError'}
{'statusCode': 404, 'package': '.12.50', 'message': 'HTTPError'}
{'statusCode': 404, 'package': '.12.6', 'message': 'HTTPError'}
{'statusCode': 0, 'package': '12.6_1.0.0', 'message': 'no deps or dev-deps'}
{'statusCode': 404, 'package': '.12.7', 'message': 'HTTPError'}
{'statusCode': 404, 'package': '12.7', 'message': 'HTTPError'}
{'statusCode': 404, 'package': '1.27.14', 'message': 'HTTPError'}
{'statusCode': 404, 'package': '1.27.8', 'message': 'HTTPError'}
{'statusCode': 404, 'package': '.12.9', 'message': 'HTTPError'}
{'statusCode': 404, 'package': '.12.x', 'message': 'HTTPError'}
{'statusCode': 404, 'package': '1.2.x', 'message': 'HTTPError'}
{'statusCode': 0, 'package': '13_0.0.0', 'message': 'no deps or dev-deps'}
{'statusCode': 404, 'package': '.13', 'message': 'HTTPError'}
{'statusCode': 404, 'package': '.1.3', 'message': 'HTTPError'}
{'statusCode': 404, 'package': '1.3', 'message': 'HTTPError'}
{'statusCode': 404, 'package': '.13.0', 'message': 'HTTPError'}
{'statusCode': 0, 'package': '1.3.0_1.3.0', 'message': 'no deps or dev-deps'}
{'statusCode': 404, 'package': '13.0', 'message': 'HTTPError'}
{'statusCode': 404, 'package': '1.30.0', 'message': 'HTTPError'}
{'statusCode': 404, 'package': '13.0.1', 'message': 'HTTPError'}
{'statusCode': 404, 'package': '13.0.2', 'message': 'HTTPError'}
{'statusCode': 404, 'package': '13.0.4', 'message': 'HTTPError'}
{'statusCode': 404, 'package': '@1.3.0@which', 'message': 'HTTPError'}
{'statusCode': 404, 'package': '.13.1', 'message': 'HTTPError'}
{'statusCode': 404, 'package': '1.31', 'message': 'HTTPError'}
{'statusCode': 404, 'package': '1.3.1', 'message': 'HTTPError'}
{'statusCode': 404, 'package': '13.1', 'message': 'HTTPError'}
{'statusCode': 404, 'package': '1.31.0', 'message': 'HTTPError'}
{'statusCode': 404, 'package': '13.11', 'message': 'HTTPError'}
{'statusCode': 404, 'package': '.13.2', 'message': 'HTTPError'}
{'statusCode': 404, 'package': '13.2', 'message': 'HTTPError'}
{'statusCode': 404, 'package': '1.32.1', 'message': 'HTTPError'}
{'statusCode': 404, 'package': '13.2.1', 'message': 'HTTPError'}
{'statusCode': 404, 'package': '13.2.2', 'message': 'HTTPError'}
{'statusCode': 404, 'package': '13.2.3', 'message': 'HTTPError'}
{'statusCode': 404, 'package': '13.2.4', 'message': 'HTTPError'}
{'statusCode': 404, 'package': '.13.3', 'message': 'HTTPError'}
{'statusCode': 404, 'package': '1.3.3', 'message': 'HTTPError'}
{'statusCode': 404, 'package': '13.3.0', 'message': 'HTTPError'}
{'statusCode': 404, 'package': '1.3.3@once', 'message': 'HTTPError'}
{'statusCode': 404, 'package': '13.4', 'message': 'HTTPError'}
{'statusCode': 404, 'package': '1.3.7', 'message': 'HTTPError'}
{'statusCode': 404, 'package': '1.3.8', 'message': 'HTTPError'}
{'statusCode': 404, 'package': '1.3.x', 'message': 'HTTPError'}
{'statusCode': 404, 'package': '.14', 'message': 'HTTPError'}
{'statusCode': 404, 'package': '.1.4', 'message': 'HTTPError'}
{'statusCode': 404, 'package': '1.4', 'message': 'HTTPError'}
{'statusCode': 404, 'package': '.14.0', 'message': 'HTTPError'}
{'statusCode': 404, 'package': '1.4.0', 'message': 'HTTPError'}
{'statusCode': 404, 'package': '14.0', 'message': 'HTTPError'}
{'statusCode': 404, 'package': '14.0.0', 'message': 'HTTPError'}
{'statusCode': 404, 'package': '14.0.1', 'message': 'HTTPError'}
{'statusCode': 404, 'package': '1.4.0@once', 'message': 'HTTPError'}
{'statusCode': 0, 'package': '140-opts_1.1.0', 'message': 'no deps or dev-deps'}
{'statusCode': 0, 'package': '140-opts_1.2.0', 'message': 'no deps or dev-deps'}
{'statusCode': 404, 'package': '.14.1', 'message': 'HTTPError'}
{'statusCode': 404, 'package': '1.4.1', 'message': 'HTTPError'}
{'statusCode': 404, 'package': '14.1', 'message': 'HTTPError'}
{'statusCode': 0, 'package': '15_0.0.0', 'message': 'no deps or dev-deps'}
{'statusCode': 404, 'package': '.16.2', 'message': 'HTTPError'}
{'statusCode': 404, 'package': '1.6.2', 'message': 'HTTPError'}
{'statusCode': 404, 'package': '16.2.0', 'message': 'HTTPError'}
{'statusCode': 404, 'package': '16.2.2', 'message': 'HTTPError'}
{'statusCode': 404, 'package': '.16.3', 'message': 'HTTPError'}
{'statusCode': 404, 'package': '16.3.0', 'message': 'HTTPError'}
{'statusCode': 404, 'package': '16.3.1', 'message': 'HTTPError'}
{'statusCode': 404, 'package': '16.3.2', 'message': 'HTTPError'}
{'statusCode': 404, 'package': '16.4.0', 'message': 'HTTPError'}
{'statusCode': 404, 'package': '16.4.1', 'message': 'HTTPError'}
{'statusCode': 404, 'package': '16.4.2', 'message': 'HTTPError'}
{'statusCode': 404, 'package': '1.6.48', 'message': 'HTTPError'}
{'statusCode': 404, 'package': '1.6.5', 'message': 'HTTPError'}
{'statusCode': 404, 'package': '16.5.0', 'message': 'HTTPError'}
{'statusCode': 404, 'package': '16.5.2', 'message': 'HTTPError'}
{'statusCode': 404, 'package': '16.5.3', 'message': 'HTTPError'}
{'statusCode': 404, 'package': '.16.6', 'message': 'HTTPError'}
{'statusCode': 404, 'package': '16.6.0', 'message': 'HTTPError'}
{'statusCode': 404, 'package': '16.6.3', 'message': 'HTTPError'}
{'statusCode': 404, 'package': '.16.7', 'message': 'HTTPError'}
{'statusCode': 404, 'package': '16.7.0', 'message': 'HTTPError'}
{'statusCode': 404, 'package': '16.8.0', 'message': 'HTTPError'}
{'statusCode': 404, 'package': '16.8.1', 'message': 'HTTPError'}
{'statusCode': 404, 'package': '16.8.2', 'message': 'HTTPError'}
{'statusCode': 404, 'package': '16.8.3', 'message': 'HTTPError'}
{'statusCode': 404, 'package': '16.8.4', 'message': 'HTTPError'}
{'statusCode': 404, 'package': '16.8.6', 'message': 'HTTPError'}
{'statusCode': 404, 'package': '.16.9', 'message': 'HTTPError'}
{'statusCode': 404, 'package': '16.9.0', 'message': 'HTTPError'}
{'statusCode': 404, 'package': '16.9.36', 'message': 'HTTPError'}
{'statusCode': 0, 'package': '17_0.0.0', 'message': 'no deps or dev-deps'}
{'statusCode': 404, 'package': '.17', 'message': 'HTTPError'}
{'statusCode': 404, 'package': '.1.7', 'message': 'HTTPError'}
{'statusCode': 404, 'package': '1.7', 'message': 'HTTPError'}
{'statusCode': 404, 'package': '.17.0', 'message': 'HTTPError'}
{'statusCode': 404, 'package': '1.7.0', 'message': 'HTTPError'}
{'statusCode': 404, 'package': '17.0', 'message': 'HTTPError'}
{'statusCode': 404, 'package': '.170.0', 'message': 'HTTPError'}
{'statusCode': 404, 'package': '17.0.0', 'message': 'HTTPError'}
{'statusCode': 404, 'package': '17.0.1', 'message': 'HTTPError'}
{'statusCode': 404, 'package': '17.0.2', 'message': 'HTTPError'}
{'statusCode': 404, 'package': '.17.1', 'message': 'HTTPError'}
{'statusCode': 404, 'package': '1.7.1', 'message': 'HTTPError'}
{'statusCode': 404, 'package': '17.1', 'message': 'HTTPError'}
{'statusCode': 404, 'package': '17.1.1', 'message': 'HTTPError'}
{'statusCode': 404, 'package': '.17.2', 'message': 'HTTPError'}
{'statusCode': 404, 'package': '1.7.2', 'message': 'HTTPError'}
{'statusCode': 404, 'package': '17.21', 'message': 'HTTPError'}
{'statusCode': 404, 'package': '17.2.1', 'message': 'HTTPError'}
{'statusCode': 404, 'package': '.17.3', 'message': 'HTTPError'}
{'statusCode': 404, 'package': '1.7.3', 'message': 'HTTPError'}
{'statusCode': 404, 'package': '17.3.0', 'message': 'HTTPError'}
{'statusCode': 404, 'package': '.17.4', 'message': 'HTTPError'}
{'statusCode': 404, 'package': '1.7.4', 'message': 'HTTPError'}
{'statusCode': 404, 'package': '17.4', 'message': 'HTTPError'}
{'statusCode': 404, 'package': '17.4.0', 'message': 'HTTPError'}
{'statusCode': 404, 'package': '17.4.1', 'message': 'HTTPError'}
{'statusCode': 404, 'package': '17.5', 'message': 'HTTPError'}
{'statusCode': 404, 'package': '1.7.51', 'message': 'HTTPError'}
{'statusCode': 404, 'package': '17.5.1', 'message': 'HTTPError'}
{'statusCode': 404, 'package': '17.6.2', 'message': 'HTTPError'}
{'statusCode': 404, 'package': '1.7.7', 'message': 'HTTPError'}
{'statusCode': 404, 'package': '17.x', 'message': 'HTTPError'}
{'statusCode': 404, 'package': '.18', 'message': 'HTTPError'}
{'statusCode': 404, 'package': '1.8', 'message': 'HTTPError'}
{'statusCode': 404, 'package': '.18.0', 'message': 'HTTPError'}
{'statusCode': 404, 'package': '18.0', 'message': 'HTTPError'}
{'statusCode': 404, 'package': '18.0.0', 'message': 'HTTPError'}
{'statusCode': 404, 'package': '18.0.1', 'message': 'HTTPError'}
{'statusCode': 404, 'package': '1.8.1', 'message': 'HTTPError'}
{'statusCode': 404, 'package': '18.1', 'message': 'HTTPError'}
{'statusCode': 404, 'package': '18.10', 'message': 'HTTPError'}
{'statusCode': 404, 'package': '18.1.0', 'message': 'HTTPError'}
{'statusCode': 404, 'package': '1.8.12', 'message': 'HTTPError'}
{'statusCode': 404, 'package': '1.8.14', 'message': 'HTTPError'}
{'statusCode': 404, 'package': '1.8.15', 'message': 'HTTPError'}
{'statusCode': 404, 'package': '1.8.16', 'message': 'HTTPError'}
{'statusCode': 404, 'package': '1.8.17', 'message': 'HTTPError'}
{'statusCode': 404, 'package': '.18.2', 'message': 'HTTPError'}
{'statusCode': 404, 'package': '1.8.2', 'message': 'HTTPError'}
{'statusCode': 404, 'package': '18.2.0', 'message': 'HTTPError'}
{'statusCode': 404, 'package': '1.8.23', 'message': 'HTTPError'}
{'statusCode': 404, 'package': '1.8.25', 'message': 'HTTPError'}
{'statusCode': 404, 'package': '1.8.28', 'message': 'HTTPError'}
{'statusCode': 404, 'package': '1.8.3', 'message': 'HTTPError'}
{'statusCode': 404, 'package': '1.8.31', 'message': 'HTTPError'}
{'statusCode': 404, 'package': '1.8.35', 'message': 'HTTPError'}
{'statusCode': 404, 'package': '1.8.36', 'message': 'HTTPError'}
{'statusCode': 404, 'package': '.18.4', 'message': 'HTTPError'}
{'statusCode': 404, 'package': '.18.5', 'message': 'HTTPError'}
{'statusCode': 404, 'package': '18.6', 'message': 'HTTPError'}
{'statusCode': 404, 'package': '.18.7', 'message': 'HTTPError'}
{'statusCode': 404, 'package': '.18.8', 'message': 'HTTPError'}
{'statusCode': 404, 'package': '1.8.8', 'message': 'HTTPError'}
{'statusCode': 404, 'package': '.18.9', 'message': 'HTTPError'}
{'statusCode': 404, 'package': '.189.0', 'message': 'HTTPError'}
{'statusCode': 404, 'package': '.19', 'message': 'HTTPError'}
{'statusCode': 404, 'package': '.1.9', 'message': 'HTTPError'}
{'statusCode': 404, 'package': '.19.0', 'message': 'HTTPError'}
{'statusCode': 404, 'package': '1.9.0', 'message': 'HTTPError'}
{'statusCode': 404, 'package': '19.0', 'message': 'HTTPError'}
{'statusCode': 404, 'package': '19.0.0', 'message': 'HTTPError'}
{'statusCode': 404, 'package': '1.9.1', 'message': 'HTTPError'}
{'statusCode': 404, 'package': '.19.2', 'message': 'HTTPError'}
{'statusCode': 404, 'package': '1.9.2', 'message': 'HTTPError'}
{'statusCode': 404, 'package': '.19.3', 'message': 'HTTPError'}
{'statusCode': 404, 'package': '1.9.3', 'message': 'HTTPError'}
{'statusCode': 404, 'package': '.19.4', 'message': 'HTTPError'}
{'statusCode': 404, 'package': '.19.5', 'message': 'HTTPError'}
{'statusCode': 404, 'package': '1.9.6', 'message': 'HTTPError'}
{'statusCode': 404, 'package': '@1ib/javascript', 'message': 'HTTPError'}
{'statusCode': 404, 'package': '@1lib/javascript', 'message': 'HTTPError'}
{'statusCode': 404, 'package': '@1nationgfx/altus-common', 'message': 'HTTPError'}
{'statusCode': 404, 'package': '@1nationgfx/altus-widgets', 'message': 'HTTPError'}
{'statusCode': 0, 'package': '1_0.0.1', 'message': 'no deps or dev-deps'}
{'statusCode': 0, 'package': '1_0.0.1', 'message': 'no deps or dev-deps'}
{'statusCode': 0, 'package': '1_0.0.1', 'message': 'no deps or dev-deps'}
{'statusCode': 0, 'package': '1_0.0.1', 'message': 'no deps or dev-deps'}
{'statusCode': 0, 'package': '1_0.0.1', 'message': 'no deps or dev-deps'}
{'statusCode': 404, 'package': '1.x', 'message': 'HTTPError'}
{'statusCode': 0, 'package': '2_0.0.1', 'message': 'no deps or dev-deps'}
{'statusCode': 404, 'package': '.2', 'message': 'HTTPError'}
{'statusCode': 404, 'package': '.2.0', 'message': 'HTTPError'}
{'statusCode': 404, 'package': '2.0', 'message': 'HTTPError'}
{'statusCode': 404, 'package': '.20.0', 'message': 'HTTPError'}
{'statusCode': 404, 'package': '2.0.0', 'message': 'HTTPError'}
{'statusCode': 404, 'package': '20.0', 'message': 'HTTPError'}
{'statusCode': 404, 'package': '20.0.0', 'message': 'HTTPError'}
{'statusCode': 404, 'package': '20.0.1', 'message': 'HTTPError'}
{'statusCode': 0, 'package': '2_0.0.1', 'message': 'no deps or dev-deps'}
{'statusCode': 404, 'package': '20.0.3', 'message': 'HTTPError'}
{'statusCode': 404, 'package': '@2.0.0@isexe', 'message': 'HTTPError'}
{'statusCode': 404, 'package': '.20.1', 'message': 'HTTPError'}
{'statusCode': 404, 'package': '2.0.1', 'message': 'HTTPError'}
{'statusCode': 404, 'package': '2.0.12', 'message': 'HTTPError'}
{'statusCode': 404, 'package': '2.0.14', 'message': 'HTTPError'}
{'statusCode': 404, 'package': '20150623.0', 'message': 'HTTPError'}
{'statusCode': 404, 'package': '.20.2', 'message': 'HTTPError'}
{'statusCode': 404, 'package': '2.0.2', 'message': 'HTTPError'}
{'statusCode': 404, 'package': '20.2', 'message': 'HTTPError'}
{'statusCode': 404, 'package': '2.0.20', 'message': 'HTTPError'}
{'statusCode': 0, 'package': '2_0.0.1', 'message': 'no deps or dev-deps'}
{'statusCode': 404, 'package': '2021', 'message': 'HTTPError'}
{'statusCode': 404, 'package': '2021.1', 'message': 'HTTPError'}
{'statusCode': 404, 'package': '2021.2', 'message': 'HTTPError'}
{'statusCode': 404, 'package': '2021.3', 'message': 'HTTPError'}
{'statusCode': 404, 'package': '2.0.26', 'message': 'HTTPError'}
{'statusCode': 404, 'package': '.20.3', 'message': 'HTTPError'}
{'statusCode': 404, 'package': '2.0.3', 'message': 'HTTPError'}
{'statusCode': 404, 'package': '.203.1', 'message': 'HTTPError'}
{'statusCode': 404, 'package': '.20.4', 'message': 'HTTPError'}
{'statusCode': 404, 'package': '2.0.4', 'message': 'HTTPError'}
{'statusCode': 404, 'package': '.20.5', 'message': 'HTTPError'}
{'statusCode': 404, 'package': '2.0.5', 'message': 'HTTPError'}
{'statusCode': 404, 'package': '2.0.6', 'message': 'HTTPError'}
{'statusCode': 404, 'package': '2.0.8', 'message': 'HTTPError'}
{'statusCode': 200, 'package': '21', 'message': 'No versions found'}
{'statusCode': 404, 'package': '.21', 'message': 'HTTPError'}
{'statusCode': 404, 'package': '.2.1', 'message': 'HTTPError'}
{'statusCode': 404, 'package': '2.1', 'message': 'HTTPError'}
{'statusCode': 404, 'package': '.21.0', 'message': 'HTTPError'}
{'statusCode': 404, 'package': '2.1.0', 'message': 'HTTPError'}
{'statusCode': 404, 'package': '21.0', 'message': 'HTTPError'}
{'statusCode': 404, 'package': '2.10.1', 'message': 'HTTPError'}
{'statusCode': 404, 'package': '2.10.2', 'message': 'HTTPError'}
{'statusCode': 404, 'package': '2.10.4', 'message': 'HTTPError'}
{'statusCode': 404, 'package': '2.10.5', 'message': 'HTTPError'}
{'statusCode': 0, 'package': '2_0.0.1', 'message': 'no deps or dev-deps'}
{'statusCode': 404, 'package': '@2.1.0@vinyl', 'message': 'HTTPError'}
{'statusCode': 404, 'package': '.2.11', 'message': 'HTTPError'}
{'statusCode': 404, 'package': '.21.1', 'message': 'HTTPError'}
{'statusCode': 404, 'package': '2.11', 'message': 'HTTPError'}
{'statusCode': 404, 'package': '2.1.1', 'message': 'HTTPError'}
{'statusCode': 404, 'package': '21.1', 'message': 'HTTPError'}
{'statusCode': 404, 'package': '.211.0', 'message': 'HTTPError'}
{'statusCode': 404, 'package': '2.11.0', 'message': 'HTTPError'}
{'statusCode': 404, 'package': '2.11.1', 'message': 'HTTPError'}
{'statusCode': 404, 'package': '2.11.2', 'message': 'HTTPError'}
{'statusCode': 404, 'package': '2.11.3', 'message': 'HTTPError'}
{'statusCode': 404, 'package': '@2.1.1@clone', 'message': 'HTTPError'}
{'statusCode': 404, 'package': '2.1.2', 'message': 'HTTPError'}
{'statusCode': 0, 'package': '2_0.0.1', 'message': 'no deps or dev-deps'}
{'statusCode': 404, 'package': '2.12.0', 'message': 'HTTPError'}
{'statusCode': 404, 'package': '2.12.28', 'message': 'HTTPError'}
{'statusCode': 0, 'package': '2_0.0.1', 'message': 'no deps or dev-deps'}
{'statusCode': 404, 'package': '.2.13', 'message': 'HTTPError'}
{'statusCode': 404, 'package': '2.13', 'message': 'HTTPError'}
{'statusCode': 404, 'package': '21.3', 'message': 'HTTPError'}
{'statusCode': 404, 'package': '2.13.0', 'message': 'HTTPError'}
{'statusCode': 404, 'package': '.21.4', 'message': 'HTTPError'}
{'statusCode': 404, 'package': '2.14', 'message': 'HTTPError'}
{'statusCode': 404, 'package': '2.1.4', 'message': 'HTTPError'}
{'statusCode': 404, 'package': '2.14.1', 'message': 'HTTPError'}
{'statusCode': 404, 'package': '.21.5', 'message': 'HTTPError'}
{'statusCode': 404, 'package': '2.1.5', 'message': 'HTTPError'}
{'statusCode': 404, 'package': '2.15.0', 'message': 'HTTPError'}
{'statusCode': 404, 'package': '2.15.3', 'message': 'HTTPError'}
{'statusCode': 404, 'package': '.2.16', 'message': 'HTTPError'}
{'statusCode': 404, 'package': '.21.6', 'message': 'HTTPError'}
{'statusCode': 404, 'package': '2.16', 'message': 'HTTPError'}
{'statusCode': 404, 'package': '2.1.6', 'message': 'HTTPError'}
{'statusCode': 404, 'package': '2.16.0', 'message': 'HTTPError'}
{'statusCode': 404, 'package': '.21.7', 'message': 'HTTPError'}
{'statusCode': 404, 'package': '2.17.1', 'message': 'HTTPError'}
{'statusCode': 404, 'package': '2.17.3', 'message': 'HTTPError'}
{'statusCode': 404, 'package': '2.1.8', 'message': 'HTTPError'}
{'statusCode': 404, 'package': '2.18.1', 'message': 'HTTPError'}
{'statusCode': 404, 'package': '2.19.0', 'message': 'HTTPError'}
{'statusCode': 404, 'package': '@21st-night/categories', 'message': 'HTTPError'}
{'statusCode': 404, 'package': '@21st-night/categories', 'message': 'HTTPError'}
{'statusCode': 404, 'package': '@21st-night/categories', 'message': 'HTTPError'}
{'statusCode': 404, 'package': '@21st-night/categories', 'message': 'HTTPError'}
{'statusCode': 404, 'package': '@21st-night/categories', 'message': 'HTTPError'}
{'statusCode': 404, 'package': '@21st-night/categories', 'message': 'HTTPError'}
{'statusCode': 404, 'package': '@21st-night/categories', 'message': 'HTTPError'}
{'statusCode': 404, 'package': '@21st-night/categories', 'message': 'HTTPError'}
{'statusCode': 404, 'package': '@21st-night/categories', 'message': 'HTTPError'}
{'statusCode': 404, 'package': '@21st-night/categories', 'message': 'HTTPError'}
{'statusCode': 404, 'package': '@21st-night/categories', 'message': 'HTTPError'}
{'statusCode': 404, 'package': '@21st-night/categories', 'message': 'HTTPError'}
{'statusCode': 404, 'package': '@21st-night/categories', 'message': 'HTTPError'}
{'statusCode': 404, 'package': '@21st-night/categories', 'message': 'HTTPError'}
{'statusCode': 404, 'package': '@21st-night/categories', 'message': 'HTTPError'}
{'statusCode': 404, 'package': '@21st-night/categories', 'message': 'HTTPError'}
{'statusCode': 404, 'package': '@21st-night/categories', 'message': 'HTTPError'}
{'statusCode': 404, 'package': '@21st-night/categories', 'message': 'HTTPError'}
{'statusCode': 404, 'package': '@21st-night/categories', 'message': 'HTTPError'}
{'statusCode': 404, 'package': '@21st-night/categories', 'message': 'HTTPError'}
{'statusCode': 404, 'package': '@21st-night/categories', 'message': 'HTTPError'}
{'statusCode': 404, 'package': '@21st-night/categories', 'message': 'HTTPError'}
{'statusCode': 404, 'package': '@21st-night/categories', 'message': 'HTTPError'}
{'statusCode': 404, 'package': '21.x', 'message': 'HTTPError'}
{'statusCode': 0, 'package': '22_0.0.0', 'message': 'no deps or dev-deps'}
{'statusCode': 404, 'package': '.2.2', 'message': 'HTTPError'}
{'statusCode': 404, 'package': '2.2', 'message': 'HTTPError'}
{'statusCode': 404, 'package': '.22.0', 'message': 'HTTPError'}
{'statusCode': 404, 'package': '2.2.0', 'message': 'HTTPError'}
{'statusCode': 404, 'package': '2.20.1', 'message': 'HTTPError'}
{'statusCode': 404, 'package': '.22.1', 'message': 'HTTPError'}
{'statusCode': 404, 'package': '2.2.1', 'message': 'HTTPError'}
{'statusCode': 404, 'package': '.22.10', 'message': 'HTTPError'}
{'statusCode': 404, 'package': '2.21.0', 'message': 'HTTPError'}
{'statusCode': 404, 'package': '.22.19', 'message': 'HTTPError'}
{'statusCode': 0, 'package': '2.2.2_2.2.2', 'message': 'no deps or dev-deps'}
{'statusCode': 404, 'package': '2.22.2', 'message': 'HTTPError'}
{'statusCode': 404, 'package': '2.2.228', 'message': 'HTTPError'}
{'statusCode': 0, 'package': '2_0.0.1', 'message': 'no deps or dev-deps'}
{'statusCode': 404, 'package': '2.23', 'message': 'HTTPError'}
{'statusCode': 404, 'package': '2.2.3', 'message': 'HTTPError'}
{'statusCode': 404, 'package': '.22.4', 'message': 'HTTPError'}
{'statusCode': 404, 'package': '2.2.4', 'message': 'HTTPError'}
{'statusCode': 404, 'package': '.224.0', 'message': 'HTTPError'}
{'statusCode': 404, 'package': '2.24.0', 'message': 'HTTPError'}
{'statusCode': 404, 'package': '2.25', 'message': 'HTTPError'}
{'statusCode': 404, 'package': '2.2.5', 'message': 'HTTPError'}
{'statusCode': 404, 'package': '2.26.3', 'message': 'HTTPError'}
{'statusCode': 404, 'package': '.22.7', 'message': 'HTTPError'}
{'statusCode': 404, 'package': '2.27', 'message': 'HTTPError'}
{'statusCode': 404, 'package': '22.7', 'message': 'HTTPError'}
{'statusCode': 404, 'package': '2.27.4', 'message': 'HTTPError'}
{'statusCode': 404, 'package': '.22.8', 'message': 'HTTPError'}
{'statusCode': 404, 'package': '2.29', 'message': 'HTTPError'}
{'statusCode': 404, 'package': '2.2.9', 'message': 'HTTPError'}
{'statusCode': 404, 'package': '2.29.1', 'message': 'HTTPError'}
{'statusCode': 404, 'package': '2.29.2', 'message': 'HTTPError'}
{'statusCode': 404, 'package': '2.29.3', 'message': 'HTTPError'}
{'statusCode': 404, 'package': '2.2.x', 'message': 'HTTPError'}
{'statusCode': 404, 'package': '.23', 'message': 'HTTPError'}
{'statusCode': 404, 'package': '.2.3', 'message': 'HTTPError'}
{'statusCode': 404, 'package': '2.3', 'message': 'HTTPError'}
{'statusCode': 404, 'package': '2.3.3', 'message': 'HTTPError'}
{'statusCode': 404, 'package': '2.3.4', 'message': 'HTTPError'}
{'statusCode': 404, 'package': '.23.5', 'message': 'HTTPError'}
{'statusCode': 0, 'package': '2.4.2_1.0.0', 'message': 'no deps or dev-deps'}
{'statusCode': 404, 'package': '25.0', 'message': 'HTTPError'}
{'statusCode': 404, 'package': '2.5.1', 'message': 'HTTPError'}
{'statusCode': 404, 'package': '2.51.1', 'message': 'HTTPError'}
{'statusCode': 404, 'package': '2.51.2', 'message': 'HTTPError'}
{'statusCode': 404, 'package': '2.5.2', 'message': 'HTTPError'}
{'statusCode': 404, 'package': '25.2', 'message': 'HTTPError'}
{'statusCode': 404, 'package': '2.52.7', 'message': 'HTTPError'}
{'statusCode': 404, 'package': '2.5.3', 'message': 'HTTPError'}
{'statusCode': 404, 'package': '2.53.2', 'message': 'HTTPError'}
{'statusCode': 404, 'package': '2.5.4', 'message': 'HTTPError'}
{'statusCode': 404, 'package': '2.54.0', 'message': 'HTTPError'}
{'statusCode': 404, 'package': '2.55.0', 'message': 'HTTPError'}
{'statusCode': 404, 'package': '256', 'message': 'HTTPError'}
{'statusCode': 404, 'package': '256', 'message': 'HTTPError'}
{'statusCode': 404, 'package': '2.56.3', 'message': 'HTTPError'}
{'statusCode': 404, 'package': '2.57.0', 'message': 'HTTPError'}
{'statusCode': 404, 'package': '2.58.0', 'message': 'HTTPError'}
{'statusCode': 404, 'package': '.2.6', 'message': 'HTTPError'}
{'statusCode': 404, 'package': '2.6', 'message': 'HTTPError'}
{'statusCode': 404, 'package': '.26.0', 'message': 'HTTPError'}
{'statusCode': 404, 'package': '2.6.0', 'message': 'HTTPError'}
{'statusCode': 404, 'package': '2.60.2', 'message': 'HTTPError'}
{'statusCode': 404, 'package': '.26.1', 'message': 'HTTPError'}
{'statusCode': 404, 'package': '2.6.1', 'message': 'HTTPError'}
{'statusCode': 404, 'package': '26.1', 'message': 'HTTPError'}
{'statusCode': 404, 'package': '.26.10', 'message': 'HTTPError'}
{'statusCode': 404, 'package': '.26.11', 'message': 'HTTPError'}
{'statusCode': 404, 'package': '.26.12', 'message': 'HTTPError'}
{'statusCode': 404, 'package': '.26.16', 'message': 'HTTPError'}
{'statusCode': 404, 'package': '26.17', 'message': 'HTTPError'}
{'statusCode': 404, 'package': '.26.2', 'message': 'HTTPError'}
{'statusCode': 404, 'package': '2.6.2', 'message': 'HTTPError'}
{'statusCode': 404, 'package': '.26.3', 'message': 'HTTPError'}
{'statusCode': 404, 'package': '2.6.3', 'message': 'HTTPError'}
{'statusCode': 404, 'package': '26.3', 'message': 'HTTPError'}
{'statusCode': 0, 'package': '2_0.0.1', 'message': 'no deps or dev-deps'}
{'statusCode': 404, 'package': '.26.5', 'message': 'HTTPError'}
{'statusCode': 404, 'package': '2.6.5', 'message': 'HTTPError'}
{'statusCode': 404, 'package': '2.6.6', 'message': 'HTTPError'}
{'statusCode': 404, 'package': '.26.7', 'message': 'HTTPError'}
{'statusCode': 404, 'package': '.26.8', 'message': 'HTTPError'}
{'statusCode': 404, 'package': '2.6.8', 'message': 'HTTPError'}
{'statusCode': 404, 'package': '2.6.9', 'message': 'HTTPError'}
{'statusCode': 404, 'package': '2.69.1', 'message': 'HTTPError'}
{'statusCode': 404, 'package': '.2.7', 'message': 'HTTPError'}
{'statusCode': 404, 'package': '2.7', 'message': 'HTTPError'}
{'statusCode': 404, 'package': '.27.0', 'message': 'HTTPError'}
{'statusCode': 404, 'package': '2.7.0', 'message': 'HTTPError'}
{'statusCode': 404, 'package': '2.70.1', 'message': 'HTTPError'}
{'statusCode': 404, 'package': '.27.2', 'message': 'HTTPError'}
{'statusCode': 404, 'package': '2.72.1', 'message': 'HTTPError'}
{'statusCode': 404, 'package': '2.7.4', 'message': 'HTTPError'}
{'statusCode': 404, 'package': '2.7.5', 'message': 'HTTPError'}
{'statusCode': 404, 'package': '2.77.2', 'message': 'HTTPError'}
{'statusCode': 404, 'package': '2.79.0', 'message': 'HTTPError'}
{'statusCode': 404, 'package': '.2.8', 'message': 'HTTPError'}
{'statusCode': 404, 'package': '2.8', 'message': 'HTTPError'}
{'statusCode': 404, 'package': '.28.0', 'message': 'HTTPError'}
{'statusCode': 404, 'package': '2.8.0', 'message': 'HTTPError'}
{'statusCode': 404, 'package': '28.0', 'message': 'HTTPError'}
{'statusCode': 404, 'package': '2.8.2', 'message': 'HTTPError'}
{'statusCode': 404, 'package': '28.3', 'message': 'HTTPError'}
{'statusCode': 404, 'package': '28.6', 'message': 'HTTPError'}
{'statusCode': 200, 'package': '29', 'message': 'No versions found'}
{'statusCode': 404, 'package': '.2.9', 'message': 'HTTPError'}
{'statusCode': 404, 'package': '.29.0', 'message': 'HTTPError'}
{'statusCode': 404, 'package': '2.9.0', 'message': 'HTTPError'}
{'statusCode': 404, 'package': '29.0.1', 'message': 'HTTPError'}
{'statusCode': 404, 'package': '29.0.3', 'message': 'HTTPError'}
{'statusCode': 404, 'package': '29.1', 'message': 'HTTPError'}
{'statusCode': 404, 'package': '29.3', 'message': 'HTTPError'}
{'statusCode': 404, 'package': '2.9.4', 'message': 'HTTPError'}
{'statusCode': 404, 'package': '2.amazonaws.com/v1/repos/src', 'message': 'HTTPError'}
{'statusCode': 0, 'package': '2captcha_0.0.1', 'message': 'no deps or dev-deps'}
{'statusCode': 0, 'package': '2captcha_0.0.2', 'message': 'no deps or dev-deps'}
{'statusCode': 0, 'package': '2captcha_1.0.0', 'message': 'no deps or dev-deps'}
{'statusCode': 0, 'package': '2captcha_1.0.1', 'message': 'no deps or dev-deps'}
{'statusCode': 0, 'package': '2captcha_1.0.2', 'message': 'no deps or dev-deps'}
{'statusCode': 0, 'package': '2captcha_1.0.4', 'message': 'no deps or dev-deps'}
{'statusCode': 0, 'package': '2captcha_1.0.5', 'message': 'no deps or dev-deps'}
{'statusCode': 0, 'package': '2captcha_1.0.6', 'message': 'no deps or dev-deps'}
{'statusCode': 0, 'package': '2captcha_1.0.7', 'message': 'no deps or dev-deps'}
{'statusCode': 0, 'package': '2captcha_1.0.8', 'message': 'no deps or dev-deps'}
{'statusCode': 0, 'package': '2captcha_1.0.9', 'message': 'no deps or dev-deps'}
{'statusCode': 0, 'package': '2captcha_1.0.10', 'message': 'no deps or dev-deps'}
{'statusCode': 0, 'package': '2captcha_1.0.11', 'message': 'no deps or dev-deps'}
{'statusCode': 0, 'package': '2cca_1.0.0', 'message': 'no deps or dev-deps'}
{'statusCode': 404, 'package': '2image', 'message': 'HTTPError'}
{'statusCode': 404, 'package': '2-js-commons', 'message': 'HTTPError'}
{'statusCode': 0, 'package': '2kenizer_0.0.1', 'message': 'no deps or dev-deps'}
{'statusCode': 0, 'package': '2kenizer_0.0.2', 'message': 'no deps or dev-deps'}
{'statusCode': 0, 'package': '2kenizer_0.0.3', 'message': 'no deps or dev-deps'}
{'statusCode': 0, 'package': '2kenizer_0.0.4', 'message': 'no deps or dev-deps'}
{'statusCode': 0, 'package': '2kenizer_0.0.5', 'message': 'no deps or dev-deps'}
{'statusCode': 0, 'package': '2kenizer_0.0.6', 'message': 'no deps or dev-deps'}
{'statusCode': 0, 'package': '2kenizer_0.0.7', 'message': 'no deps or dev-deps'}
{'statusCode': 0, 'package': '2kenizer_0.1.0', 'message': 'no deps or dev-deps'}
{'statusCode': 0, 'package': '2kenizer_0.1.1', 'message': 'no deps or dev-deps'}
{'statusCode': 0, 'package': '2kenizer_0.1.2', 'message': 'no deps or dev-deps'}
{'statusCode': 0, 'package': '2kenizer_0.1.3', 'message': 'no deps or dev-deps'}
{'statusCode': 0, 'package': '2kenizer_0.1.4', 'message': 'no deps or dev-deps'}
{'statusCode': 0, 'package': '2kenizer_0.1.5', 'message': 'no deps or dev-deps'}
{'statusCode': 0, 'package': '2kenizer_0.0.8', 'message': 'no deps or dev-deps'}
{'statusCode': 404, 'package': '2-moment', 'message': 'HTTPError'}
{'statusCode': 404, 'package': '@2plgiap/leaflet', 'message': 'HTTPError'}
{'statusCode': 0, 'package': '@2sic.com/2sxc-typings_9.0.0', 'message': 'no deps or dev-deps'}
{'statusCode': 0, 'package': '@2sic.com/2sxc-typings_9.0.1', 'message': 'no deps or dev-deps'}
{'statusCode': 0, 'package': '@2sic.com/2sxc-typings_9.0.2', 'message': 'no deps or dev-deps'}
{'statusCode': 0, 'package': '@2sic.com/2sxc-typings_9.0.3', 'message': 'no deps or dev-deps'}
{'statusCode': 0, 'package': '@2sic.com/2sxc-typings_9.0.4', 'message': 'no deps or dev-deps'}
{'statusCode': 0, 'package': '@2sic.com/2sxc-typings_10.24.0', 'message': 'no deps or dev-deps'}
{'statusCode': 0, 'package': '@2sic.com/2sxc-typings_10.24.1', 'message': 'no deps or dev-deps'}
{'statusCode': 0, 'package': '@2sic.com/2sxc-typings_10.24.2', 'message': 'no deps or dev-deps'}
{'statusCode': 0, 'package': '@2sic.com/2sxc-typings_10.24.3', 'message': 'no deps or dev-deps'}
{'statusCode': 0, 'package': '@2sic.com/2sxc-typings_10.24.4', 'message': 'no deps or dev-deps'}
{'statusCode': 0, 'package': '@2sic.com/2sxc-typings_14.0.0-beta.0', 'message': 'no deps or dev-deps'}
{'statusCode': 0, 'package': '@2sic.com/2sxc-typings_14.0.0-beta.1', 'message': 'no deps or dev-deps'}
{'statusCode': 0, 'package': '@2sic.com/2sxc-typings_14.0.0-beta.2', 'message': 'no deps or dev-deps'}
{'statusCode': 0, 'package': '@2sic.com/2sxc-typings_14.0.0', 'message': 'no deps or dev-deps'}
{'statusCode': 0, 'package': '@2sic.com/2sxc-typings_14.0.0-beta.3', 'message': 'no deps or dev-deps'}
{'statusCode': 0, 'package': '@2sic.com/2sxc-typings_14.1.0', 'message': 'no deps or dev-deps'}
{'statusCode': 404, 'package': '2-wizard', 'message': 'HTTPError'}
{'statusCode': 404, 'package': '.2.x', 'message': 'HTTPError'}
{'statusCode': 404, 'package': '2.x', 'message': 'HTTPError'}
{'statusCode': 0, 'package': '3_1.0.0', 'message': 'no deps or dev-deps'}
{'statusCode': 0, 'package': '3_1.0.1', 'message': 'no deps or dev-deps'}
{'statusCode': 404, 'package': '.3', 'message': 'HTTPError'}
{'statusCode': 404, 'package': '.3.0', 'message': 'HTTPError'}
{'statusCode': 404, 'package': '3.0', 'message': 'HTTPError'}
{'statusCode': 404, 'package': '3.0.1', 'message': 'HTTPError'}
{'statusCode': 404, 'package': '3.0.11', 'message': 'HTTPError'}
{'statusCode': 404, 'package': '3.0.2', 'message': 'HTTPError'}
{'statusCode': 404, 'package': '3.0.3', 'message': 'HTTPError'}
{'statusCode': 404, 'package': '3.0.4', 'message': 'HTTPError'}
{'statusCode': 404, 'package': '3.0.5', 'message': 'HTTPError'}
{'statusCode': 0, 'package': '3_1.0.0', 'message': 'no deps or dev-deps'}
{'statusCode': 0, 'package': '3_1.0.1', 'message': 'no deps or dev-deps'}
{'statusCode': 404, 'package': '3.0.9', 'message': 'HTTPError'}
{'statusCode': 404, 'package': '3.0.x', 'message': 'HTTPError'}
{'statusCode': 404, 'package': '31', 'message': 'HTTPError'}
{'statusCode': 404, 'package': '.3.1', 'message': 'HTTPError'}
{'statusCode': 404, 'package': '3.1', 'message': 'HTTPError'}
{'statusCode': 404, 'package': '.31.0', 'message': 'HTTPError'}
{'statusCode': 404, 'package': '3.10', 'message': 'HTTPError'}
{'statusCode': 404, 'package': '3.1.0', 'message': 'HTTPError'}
{'statusCode': 404, 'package': '3.10.0', 'message': 'HTTPError'}
{'statusCode': 404, 'package': '3.10.1', 'message': 'HTTPError'}
{'statusCode': 404, 'package': '3.1.1', 'message': 'HTTPError'}
{'statusCode': 404, 'package': '3.11.0', 'message': 'HTTPError'}
{'statusCode': 404, 'package': '3.1.12', 'message': 'HTTPError'}
{'statusCode': 404, 'package': '3.11.x', 'message': 'HTTPError'}
{'statusCode': 404, 'package': '.3.12', 'message': 'HTTPError'}
{'statusCode': 404, 'package': '3.12', 'message': 'HTTPError'}
{'statusCode': 404, 'package': '3.1.2', 'message': 'HTTPError'}
{'statusCode': 404, 'package': '3.12.0', 'message': 'HTTPError'}
{'statusCode': 404, 'package': '3.1.21@glob', 'message': 'HTTPError'}
{'statusCode': 404, 'package': '3.12.2', 'message': 'HTTPError'}
{'statusCode': 404, 'package': '3.1.3', 'message': 'HTTPError'}
{'statusCode': 404, 'package': '3.14.5', 'message': 'HTTPError'}
{'statusCode': 404, 'package': '3.1.5', 'message': 'HTTPError'}
{'statusCode': 404, 'package': '3.15.0', 'message': 'HTTPError'}
{'statusCode': 404, 'package': '3.16.4', 'message': 'HTTPError'}
{'statusCode': 404, 'package': '3.19.0', 'message': 'HTTPError'}
{'statusCode': 404, 'package': '32', 'message': 'HTTPError'}
{'statusCode': 404, 'package': '.3.2', 'message': 'HTTPError'}
{'statusCode': 404, 'package': '3.2', 'message': 'HTTPError'}
{'statusCode': 404, 'package': '.32.0', 'message': 'HTTPError'}
{'statusCode': 404, 'package': '3.2.0', 'message': 'HTTPError'}
{'statusCode': 404, 'package': '3.21', 'message': 'HTTPError'}
{'statusCode': 404, 'package': '3.2.1', 'message': 'HTTPError'}
{'statusCode': 404, 'package': '.32.10', 'message': 'HTTPError'}
{'statusCode': 404, 'package': '.32.11', 'message': 'HTTPError'}
{'statusCode': 404, 'package': '3.2.11', 'message': 'HTTPError'}
{'statusCode': 404, 'package': '32.11', 'message': 'HTTPError'}
{'statusCode': 404, 'package': '.32.13', 'message': 'HTTPError'}
{'statusCode': 404, 'package': '32', 'message': 'HTTPError'}
{'statusCode': 404, 'package': '3.2.2', 'message': 'HTTPError'}
{'statusCode': 404, 'package': '3.2.3', 'message': 'HTTPError'}
{'statusCode': 404, 'package': '.32.5', 'message': 'HTTPError'}
{'statusCode': 404, 'package': '3.2.5', 'message': 'HTTPError'}
{'statusCode': 404, 'package': '.32.7', 'message': 'HTTPError'}
{'statusCode': 404, 'package': '.32.8', 'message': 'HTTPError'}
{'statusCode': 404, 'package': '32.9', 'message': 'HTTPError'}
{'statusCode': 404, 'package': '.3.3', 'message': 'HTTPError'}
{'statusCode': 404, 'package': '3.3', 'message': 'HTTPError'}
{'statusCode': 404, 'package': '3.3.0', 'message': 'HTTPError'}
{'statusCode': 404, 'package': '33.0', 'message': 'HTTPError'}
{'statusCode': 404, 'package': '3.30.0', 'message': 'HTTPError'}
{'statusCode': 0, 'package': '3_1.0.0', 'message': 'no deps or dev-deps'}
{'statusCode': 0, 'package': '3_1.0.1', 'message': 'no deps or dev-deps'}
{'statusCode': 404, 'package': '3.3.1', 'message': 'HTTPError'}
{'statusCode': 0, 'package': '3_1.0.0', 'message': 'no deps or dev-deps'}
{'statusCode': 0, 'package': '3_1.0.1', 'message': 'no deps or dev-deps'}
{'statusCode': 404, 'package': '3.3.11', 'message': 'HTTPError'}
{'statusCode': 0, 'package': '3_1.0.0', 'message': 'no deps or dev-deps'}
{'statusCode': 0, 'package': '3_1.0.1', 'message': 'no deps or dev-deps'}
{'statusCode': 404, 'package': '3.3.12', 'message': 'HTTPError'}
{'statusCode': 0, 'package': '3_1.0.0', 'message': 'no deps or dev-deps'}
{'statusCode': 0, 'package': '3_1.0.1', 'message': 'no deps or dev-deps'}
{'statusCode': 404, 'package': '3.3.2', 'message': 'HTTPError'}
{'statusCode': 404, 'package': '3.32.0', 'message': 'HTTPError'}
{'statusCode': 404, 'package': '3.3.3', 'message': 'HTTPError'}
{'statusCode': 200, 'package': '3.3.4', 'message': 'No versions found'}
{'statusCode': 404, 'package': '3.3.6', 'message': 'HTTPError'}
{'statusCode': 404, 'package': '3.3.7', 'message': 'HTTPError'}
{'statusCode': 404, 'package': '.3.4', 'message': 'HTTPError'}
{'statusCode': 404, 'package': '3.4', 'message': 'HTTPError'}
{'statusCode': 404, 'package': '.34.0', 'message': 'HTTPError'}
{'statusCode': 404, 'package': '3.4.0', 'message': 'HTTPError'}
{'statusCode': 404, 'package': '34.0', 'message': 'HTTPError'}
{'statusCode': 0, 'package': '3_1.0.0', 'message': 'no deps or dev-deps'}
{'statusCode': 0, 'package': '3_1.0.1', 'message': 'no deps or dev-deps'}
{'statusCode': 0, 'package': '3_1.0.0', 'message': 'no deps or dev-deps'}
{'statusCode': 0, 'package': '3_1.0.1', 'message': 'no deps or dev-deps'}
{'statusCode': 404, 'package': '.34.1', 'message': 'HTTPError'}
{'statusCode': 404, 'package': '3.4.1', 'message': 'HTTPError'}
{'statusCode': 0, 'package': '3_1.0.0', 'message': 'no deps or dev-deps'}
{'statusCode': 0, 'package': '3_1.0.1', 'message': 'no deps or dev-deps'}
{'statusCode': 404, 'package': '3.4.2', 'message': 'HTTPError'}
{'statusCode': 0, 'package': '3_1.0.0', 'message': 'no deps or dev-deps'}
{'statusCode': 0, 'package': '3_1.0.1', 'message': 'no deps or dev-deps'}
{'statusCode': 404, 'package': '3.4.4', 'message': 'HTTPError'}
{'statusCode': 404, 'package': '.3.4@ini', 'message': 'HTTPError'}
{'statusCode': 404, 'package': '.3.5', 'message': 'HTTPError'}
{'statusCode': 404, 'package': '3.5', 'message': 'HTTPError'}
{'statusCode': 404, 'package': '3.5.0', 'message': 'HTTPError'}
{'statusCode': 404, 'package': '35.0', 'message': 'HTTPError'}
{'statusCode': 0, 'package': '3_1.0.0', 'message': 'no deps or dev-deps'}
{'statusCode': 0, 'package': '3_1.0.1', 'message': 'no deps or dev-deps'}
{'statusCode': 404, 'package': '.35.1', 'message': 'HTTPError'}
{'statusCode': 404, 'package': '3.5.1', 'message': 'HTTPError'}
{'statusCode': 404, 'package': '35.1', 'message': 'HTTPError'}
{'statusCode': 404, 'package': '.35.2', 'message': 'HTTPError'}
{'statusCode': 404, 'package': '3.5.2', 'message': 'HTTPError'}
{'statusCode': 404, 'package': '35.2', 'message': 'HTTPError'}
{'statusCode': 404, 'package': '3.5.3', 'message': 'HTTPError'}
{'statusCode': 404, 'package': '3.5.4', 'message': 'HTTPError'}
{'statusCode': 404, 'package': '3.5.5', 'message': 'HTTPError'}
{'statusCode': 404, 'package': '.3.6', 'message': 'HTTPError'}
{'statusCode': 404, 'package': '3.6', 'message': 'HTTPError'}
{'statusCode': 404, 'package': '.36.0', 'message': 'HTTPError'}
{'statusCode': 404, 'package': '3.6.0', 'message': 'HTTPError'}
{'statusCode': 404, 'package': '36.0', 'message': 'HTTPError'}
{'statusCode': 404, 'package': '3.6.10', 'message': 'HTTPError'}
{'statusCode': 404, 'package': '3.6.11', 'message': 'HTTPError'}
{'statusCode': 404, 'package': '3.6.12', 'message': 'HTTPError'}
{'statusCode': 404, 'package': '3.6.3', 'message': 'HTTPError'}
{'statusCode': 404, 'package': '3.6.4', 'message': 'HTTPError'}
{'statusCode': 404, 'package': '3.6.5', 'message': 'HTTPError'}
{'statusCode': 0, 'package': '3_1.0.0', 'message': 'no deps or dev-deps'}
{'statusCode': 0, 'package': '3_1.0.1', 'message': 'no deps or dev-deps'}
{'statusCode': 404, 'package': '3.6.6', 'message': 'HTTPError'}
{'statusCode': 404, 'package': '3.6.7', 'message': 'HTTPError'}
{'statusCode': 404, 'package': '.369.2', 'message': 'HTTPError'}
{'statusCode': 0, 'package': '@36node/koa-openapi_0.1.0', 'message': 'no deps or dev-deps'}
{'statusCode': 0, 'package': '@36node/koa-openapi_0.1.2', 'message': 'no deps or dev-deps'}
{'statusCode': 0, 'package': '@36node/koa-openapi_0.1.3', 'message': 'no deps or dev-deps'}
{'statusCode': 0, 'package': '@36node/koa-openapi_0.1.5', 'message': 'no deps or dev-deps'}
{'statusCode': 0, 'package': '@36node/koa-openapi_0.1.6', 'message': 'no deps or dev-deps'}
{'statusCode': 0, 'package': '@36node/koa-openapi_0.1.7', 'message': 'no deps or dev-deps'}
{'statusCode': 0, 'package': '@36node/koa-openapi_0.1.0', 'message': 'no deps or dev-deps'}
{'statusCode': 0, 'package': '@36node/koa-openapi_0.1.2', 'message': 'no deps or dev-deps'}
{'statusCode': 0, 'package': '@36node/koa-openapi_0.1.3', 'message': 'no deps or dev-deps'}
{'statusCode': 0, 'package': '@36node/koa-openapi_0.1.5', 'message': 'no deps or dev-deps'}
{'statusCode': 0, 'package': '@36node/koa-openapi_0.1.6', 'message': 'no deps or dev-deps'}
{'statusCode': 0, 'package': '@36node/koa-openapi_0.1.7', 'message': 'no deps or dev-deps'}
{'statusCode': 0, 'package': '@36node/query-normalizr_0.1.1', 'message': 'no deps or dev-deps'}
{'statusCode': 0, 'package': '@36node/query-normalizr_0.1.2', 'message': 'no deps or dev-deps'}
{'statusCode': 0, 'package': '@36node/query-normalizr_0.1.3', 'message': 'no deps or dev-deps'}
{'statusCode': 0, 'package': '@36node/query-normalizr_0.1.1', 'message': 'no deps or dev-deps'}
{'statusCode': 0, 'package': '@36node/query-normalizr_0.1.2', 'message': 'no deps or dev-deps'}
{'statusCode': 0, 'package': '@36node/query-normalizr_0.1.3', 'message': 'no deps or dev-deps'}
{'statusCode': 0, 'package': '@36node/query-normalizr_0.1.1', 'message': 'no deps or dev-deps'}
{'statusCode': 0, 'package': '@36node/query-normalizr_0.1.2', 'message': 'no deps or dev-deps'}
{'statusCode': 0, 'package': '@36node/query-normalizr_0.1.3', 'message': 'no deps or dev-deps'}
{'statusCode': 404, 'package': '.3.7', 'message': 'HTTPError'}
{'statusCode': 404, 'package': '3.7', 'message': 'HTTPError'}
{'statusCode': 404, 'package': '.37.0', 'message': 'HTTPError'}
{'statusCode': 404, 'package': '3.7.0', 'message': 'HTTPError'}
{'statusCode': 404, 'package': '3.7.1', 'message': 'HTTPError'}
{'statusCode': 404, 'package': '3.7.2', 'message': 'HTTPError'}
{'statusCode': 404, 'package': '.37.5', 'message': 'HTTPError'}
{'statusCode': 404, 'package': '.3.8', 'message': 'HTTPError'}
{'statusCode': 404, 'package': '3.8', 'message': 'HTTPError'}
{'statusCode': 404, 'package': '.38.1', 'message': 'HTTPError'}
{'statusCode': 404, 'package': '3.8.1', 'message': 'HTTPError'}
{'statusCode': 0, 'package': '3d-force-graph-ar_0.0.1-security', 'message': 'no deps or dev-deps'}
{'statusCode': 0, 'package': '3d-viewer-core_1.0.1-alpha.0', 'message': 'no deps or dev-deps'}
{'statusCode': 0, 'package': '3d-viewer-core_1.0.1-alpha.0', 'message': 'no deps or dev-deps'}
{'statusCode': 0, 'package': '3d-viewer-core_1.0.1-alpha.0', 'message': 'no deps or dev-deps'}
{'statusCode': 0, 'package': '3dwayfinder-angular_0.1.9', 'message': 'no deps or dev-deps'}
{'statusCode': 0, 'package': '3dwayfinder-angular_0.2.1', 'message': 'no deps or dev-deps'}
{'statusCode': 0, 'package': '3dwayfinder-angular_0.2.2', 'message': 'no deps or dev-deps'}
{'statusCode': 404, 'package': '@3fv/project-config', 'message': 'HTTPError'}
{'statusCode': 404, 'package': '3f-web3-eth2-core', 'message': 'HTTPError'}
{'statusCode': 0, 'package': '3.js_0.0.1', 'message': 'no deps or dev-deps'}
{'statusCode': 404, 'package': '@3mo/extends-attribute-controller', 'message': 'HTTPError'}
{'statusCode': 404, 'package': '@3mo/extends-attribute-controller', 'message': 'HTTPError'}
{'statusCode': 404, 'package': '3m-plugin-light-edit', 'message': 'HTTPError'}
{'statusCode': 404, 'package': '3m-plugin-request-animation-frame', 'message': 'HTTPError'}
{'statusCode': 404, 'package': '3m-util', 'message': 'HTTPError'}
{'statusCode': 0, 'package': '3_1.0.0', 'message': 'no deps or dev-deps'}
{'statusCode': 0, 'package': '3_1.0.1', 'message': 'no deps or dev-deps'}
{'statusCode': 0, 'package': '3_1.0.0', 'message': 'no deps or dev-deps'}
{'statusCode': 0, 'package': '3_1.0.1', 'message': 'no deps or dev-deps'}
{'statusCode': 0, 'package': '3_1.0.0', 'message': 'no deps or dev-deps'}
{'statusCode': 0, 'package': '3_1.0.1', 'message': 'no deps or dev-deps'}
{'statusCode': 0, 'package': '3_1.0.0', 'message': 'no deps or dev-deps'}
{'statusCode': 0, 'package': '3_1.0.1', 'message': 'no deps or dev-deps'}
{'statusCode': 404, 'package': '3r/stencil-inline-file', 'message': 'HTTPError'}
{'statusCode': 404, 'package': '.3.x', 'message': 'HTTPError'}
{'statusCode': 404, 'package': '3.x', 'message': 'HTTPError'}
{'statusCode': 0, 'package': '@3yourmind/yoco_0.0.1-beta', 'message': 'no deps or dev-deps'}
{'statusCode': 0, 'package': '@3yourmind/yoco_0.0.1', 'message': 'no deps or dev-deps'}
{'statusCode': 0, 'package': '@3yourmind/yoco_0.0.1-beta2', 'message': 'no deps or dev-deps'}
{'statusCode': 0, 'package': '@3yourmind/yoco_0.0.1-beta.2', 'message': 'no deps or dev-deps'}
{'statusCode': 0, 'package': '@3yourmind/yoco_1.1.0', 'message': 'no deps or dev-deps'}
{'statusCode': 0, 'package': '@3yourmind/yoco_1.1.1', 'message': 'no deps or dev-deps'}
{'statusCode': 0, 'package': '@3yourmind/yoco_1.2.0', 'message': 'no deps or dev-deps'}
{'statusCode': 0, 'package': '@3yourmind/yoco_1.3.0', 'message': 'no deps or dev-deps'}
{'statusCode': 0, 'package': '@3yourmind/yoco_1.3.1', 'message': 'no deps or dev-deps'}
{'statusCode': 0, 'package': '@3yourmind/yoco_1.4.0', 'message': 'no deps or dev-deps'}
{'statusCode': 0, 'package': '@3yourmind/yoco_1.4.1', 'message': 'no deps or dev-deps'}
{'statusCode': 0, 'package': '@3yourmind/yoco_1.4.2', 'message': 'no deps or dev-deps'}
{'statusCode': 0, 'package': '@3yourmind/yoco_1.4.3', 'message': 'no deps or dev-deps'}
{'statusCode': 0, 'package': '@3yourmind/yoco_1.4.4', 'message': 'no deps or dev-deps'}
{'statusCode': 0, 'package': '@3yourmind/yoco_1.4.5', 'message': 'no deps or dev-deps'}
{'statusCode': 0, 'package': '4_0.0.0', 'message': 'no deps or dev-deps'}
{'statusCode': 404, 'package': '.4', 'message': 'HTTPError'}
{'statusCode': 404, 'package': '.4.0', 'message': 'HTTPError'}
{'statusCode': 404, 'package': '4.0', 'message': 'HTTPError'}
{'statusCode': 404, 'package': '4.0.0', 'message': 'HTTPError'}
{'statusCode': 404, 'package': '4.0.1', 'message': 'HTTPError'}
{'statusCode': 0, 'package': '4_0.0.0', 'message': 'no deps or dev-deps'}
{'statusCode': 404, 'package': '4.0.13', 'message': 'HTTPError'}
{'statusCode': 404, 'package': '@4.0.1@xtend', 'message': 'HTTPError'}
{'statusCode': 404, 'package': '4.0.2', 'message': 'HTTPError'}
{'statusCode': 404, 'package': '4.0.3', 'message': 'HTTPError'}
{'statusCode': 404, 'package': '4.0.4', 'message': 'HTTPError'}
{'statusCode': 404, 'package': '4.0.44', 'message': 'HTTPError'}
{'statusCode': 0, 'package': '404project_0.0.1', 'message': 'no deps or dev-deps'}
{'statusCode': 0, 'package': '404project_0.0.2', 'message': 'no deps or dev-deps'}
{'statusCode': 404, 'package': '4.0.5', 'message': 'HTTPError'}
{'statusCode': 404, 'package': '4.0.7', 'message': 'HTTPError'}
{'statusCode': 404, 'package': '.4.1', 'message': 'HTTPError'}
{'statusCode': 404, 'package': '4.1', 'message': 'HTTPError'}
{'statusCode': 200, 'package': '4.1.0', 'message': 'No versions found'}
{'statusCode': 404, 'package': '4.10.0', 'message': 'HTTPError'}
{'statusCode': 200, 'package': '4.1.1', 'message': 'No versions found'}
{'statusCode': 0, 'package': '4_0.0.0', 'message': 'no deps or dev-deps'}
{'statusCode': 0, 'package': '4_0.0.0', 'message': 'no deps or dev-deps'}
{'statusCode': 0, 'package': '4_0.0.0', 'message': 'no deps or dev-deps'}
{'statusCode': 0, 'package': '4_0.0.0', 'message': 'no deps or dev-deps'}
{'statusCode': 404, 'package': '4.11.8', 'message': 'HTTPError'}
{'statusCode': 404, 'package': '4.11.9', 'message': 'HTTPError'}
{'statusCode': 200, 'package': '4.1.2', 'message': 'No versions found'}
{'statusCode': 0, 'package': '4_0.0.0', 'message': 'no deps or dev-deps'}
{'statusCode': 404, 'package': '4.1.3', 'message': 'HTTPError'}
{'statusCode': 404, 'package': '4.13.1', 'message': 'HTTPError'}
{'statusCode': 404, 'package': '4.1.4', 'message': 'HTTPError'}
{'statusCode': 404, 'package': '4.14.1', 'message': 'HTTPError'}
{'statusCode': 404, 'package': '.41.6', 'message': 'HTTPError'}
{'statusCode': 404, 'package': '4.16.4', 'message': 'HTTPError'}
{'statusCode': 404, 'package': '4.17.10', 'message': 'HTTPError'}
{'statusCode': 404, 'package': '4.17.11', 'message': 'HTTPError'}
{'statusCode': 404, 'package': '4.17.15', 'message': 'HTTPError'}
{'statusCode': 404, 'package': '4.17.20', 'message': 'HTTPError'}
{'statusCode': 404, 'package': '4.17.21', 'message': 'HTTPError'}
{'statusCode': 404, 'package': '4.17.3', 'message': 'HTTPError'}
{'statusCode': 404, 'package': '4.17.4', 'message': 'HTTPError'}
{'statusCode': 404, 'package': '4.17.5', 'message': 'HTTPError'}
{'statusCode': 404, 'package': '4.18.2', 'message': 'HTTPError'}
{'statusCode': 404, 'package': '4.19.1', 'message': 'HTTPError'}
{'statusCode': 404, 'package': '.4.2', 'message': 'HTTPError'}
{'statusCode': 404, 'package': '4.2', 'message': 'HTTPError'}
{'statusCode': 404, 'package': '4.2.0', 'message': 'HTTPError'}
{'statusCode': 404, 'package': '42.0', 'message': 'HTTPError'}
{'statusCode': 404, 'package': '4.20.2', 'message': 'HTTPError'}
{'statusCode': 404, 'package': '42.1', 'message': 'HTTPError'}
{'statusCode': 200, 'package': '4.2.2', 'message': 'No versions found'}
{'statusCode': 200, 'package': '4.2.3', 'message': 'No versions found'}
{'statusCode': 404, 'package': '.4.24', 'message': 'HTTPError'}
{'statusCode': 200, 'package': '4.2.5', 'message': 'No versions found'}
{'statusCode': 0, 'package': '@42.nl/ui-core-typings_0.0.2-alpha.0', 'message': 'no deps or dev-deps'}
{'statusCode': 0, 'package': '@42.nl/ui-core-typings_0.1.0-alpha.0', 'message': 'no deps or dev-deps'}
{'statusCode': 0, 'package': '@42.nl/ui-core-typings_0.1.1-alpha.0', 'message': 'no deps or dev-deps'}
{'statusCode': 0, 'package': '@42.nl/ui-core-typings_0.1.1-alpha.1', 'message': 'no deps or dev-deps'}
{'statusCode': 0, 'package': '@42.nl/ui-core-typings_1.0.0', 'message': 'no deps or dev-deps'}
{'statusCode': 0, 'package': '@42.nl/ui-core-typings_1.0.1', 'message': 'no deps or dev-deps'}
{'statusCode': 0, 'package': '@42.nl/ui-core-typings_1.0.2', 'message': 'no deps or dev-deps'}
{'statusCode': 0, 'package': '@42.nl/ui-core-typings_0.0.2-alpha.0', 'message': 'no deps or dev-deps'}
{'statusCode': 0, 'package': '@42.nl/ui-core-typings_0.1.0-alpha.0', 'message': 'no deps or dev-deps'}
{'statusCode': 0, 'package': '@42.nl/ui-core-typings_0.1.1-alpha.0', 'message': 'no deps or dev-deps'}
{'statusCode': 0, 'package': '@42.nl/ui-core-typings_0.1.1-alpha.1', 'message': 'no deps or dev-deps'}
{'statusCode': 0, 'package': '@42.nl/ui-core-typings_1.0.0', 'message': 'no deps or dev-deps'}
{'statusCode': 0, 'package': '@42.nl/ui-core-typings_1.0.1', 'message': 'no deps or dev-deps'}
{'statusCode': 0, 'package': '@42.nl/ui-core-typings_1.0.2', 'message': 'no deps or dev-deps'}
{'statusCode': 404, 'package': '@42technologies/great-success', 'message': 'HTTPError'}
{'statusCode': 404, 'package': '@42technologies/momo', 'message': 'HTTPError'}
{'statusCode': 404, 'package': '.4.3', 'message': 'HTTPError'}
{'statusCode': 404, 'package': '4.3', 'message': 'HTTPError'}
{'statusCode': 200, 'package': '4.3.0', 'message': 'No versions found'}
{'statusCode': 200, 'package': '4.3.1', 'message': 'No versions found'}
{'statusCode': 404, 'package': '.43.2', 'message': 'HTTPError'}
{'statusCode': 200, 'package': '4.3.2', 'message': 'No versions found'}
{'statusCode': 404, 'package': '4.32.0', 'message': 'HTTPError'}
{'statusCode': 404, 'package': '.43.3', 'message': 'HTTPError'}
{'statusCode': 404, 'package': '4.3.3', 'message': 'HTTPError'}
{'statusCode': 404, 'package': '.43.4', 'message': 'HTTPError'}
{'statusCode': 404, 'package': '4.3.4', 'message': 'HTTPError'}
{'statusCode': 404, 'package': '43.4', 'message': 'HTTPError'}
{'statusCode': 404, 'package': '.43.5', 'message': 'HTTPError'}
{'statusCode': 404, 'package': '4.3.5', 'message': 'HTTPError'}
{'statusCode': 404, 'package': '4.3.6', 'message': 'HTTPError'}
{'statusCode': 404, 'package': '4.3.8', 'message': 'HTTPError'}
{'statusCode': 404, 'package': '.4.4', 'message': 'HTTPError'}
{'statusCode': 404, 'package': '4.4', 'message': 'HTTPError'}
{'statusCode': 404, 'package': '.44.0', 'message': 'HTTPError'}
{'statusCode': 200, 'package': '4.4.1', 'message': 'No versions found'}
{'statusCode': 200, 'package': '4.4.2', 'message': 'No versions found'}
{'statusCode': 404, 'package': '44.2', 'message': 'HTTPError'}
{'statusCode': 200, 'package': '4.4.3', 'message': 'No versions found'}
{'statusCode': 404, 'package': '4.4.4', 'message': 'HTTPError'}
{'statusCode': 200, 'package': '4.4.6', 'message': 'No versions found'}
{'statusCode': 404, 'package': '.4.5', 'message': 'HTTPError'}
{'statusCode': 404, 'package': '.45.0', 'message': 'HTTPError'}
{'statusCode': 200, 'package': '4.5.0', 'message': 'No versions found'}
{'statusCode': 404, 'package': '4.5.3@glob', 'message': 'HTTPError'}
{'statusCode': 404, 'package': '.4.6', 'message': 'HTTPError'}
{'statusCode': 404, 'package': '.46.0', 'message': 'HTTPError'}
{'statusCode': 200, 'package': '4.6.0', 'message': 'No versions found'}
{'statusCode': 200, 'package': '4.6.1', 'message': 'No versions found'}
{'statusCode': 404, 'package': '.4.7', 'message': 'HTTPError'}
{'statusCode': 404, 'package': '4.7', 'message': 'HTTPError'}
{'statusCode': 404, 'package': '47.0', 'message': 'HTTPError'}
{'statusCode': 200, 'package': '4.7.1', 'message': 'No versions found'}
{'statusCode': 404, 'package': '47.1', 'message': 'HTTPError'}
{'statusCode': 200, 'package': '4.7.2', 'message': 'No versions found'}
{'statusCode': 404, 'package': '47/storybook-state', 'message': 'HTTPError'}
{'statusCode': 404, 'package': '.48', 'message': 'HTTPError'}
{'statusCode': 404, 'package': '4.8', 'message': 'HTTPError'}
{'statusCode': 404, 'package': '.48.0', 'message': 'HTTPError'}
{'statusCode': 200, 'package': '4.8.0', 'message': 'No versions found'}
{'statusCode': 404, 'package': '.4.9', 'message': 'HTTPError'}
{'statusCode': 404, 'package': '4.9', 'message': 'HTTPError'}
{'statusCode': 404, 'package': '.49.0', 'message': 'HTTPError'}
{'statusCode': 200, 'package': '4.9.0', 'message': 'No versions found'}
{'statusCode': 404, 'package': '.49.11', 'message': 'HTTPError'}
{'statusCode': 200, 'package': '4.9.3', 'message': 'No versions found'}
{'statusCode': 404, 'package': '.49.7', 'message': 'HTTPError'}
{'statusCode': 404, 'package': '.49.8', 'message': 'HTTPError'}
{'statusCode': 404, 'package': '.49.9', 'message': 'HTTPError'}
{'statusCode': 404, 'package': '49.9', 'message': 'HTTPError'}
{'statusCode': 404, 'package': '4d-to-DocBlock', 'message': 'HTTPError'}
{'statusCode': 0, 'package': '@4geit/swg-account-model_1.0.0', 'message': 'no deps or dev-deps'}
{'statusCode': 0, 'package': '@4geit/swg-account-model_1.1.0', 'message': 'no deps or dev-deps'}
{'statusCode': 0, 'package': '@4geit/swg-account-model_1.1.1', 'message': 'no deps or dev-deps'}
{'statusCode': 0, 'package': '@4geit/swg-account-model_0.1.0', 'message': 'no deps or dev-deps'}
{'statusCode': 0, 'package': '@4geit/swg-account-model_1.4.0', 'message': 'no deps or dev-deps'}
{'statusCode': 0, 'package': '@4geit/swg-account-model_1.5.0', 'message': 'no deps or dev-deps'}
{'statusCode': 0, 'package': '@4geit/swg-account-model_1.6.3', 'message': 'no deps or dev-deps'}
{'statusCode': 0, 'package': '@4geit/swg-account-security-model_1.5.0', 'message': 'no deps or dev-deps'}
{'statusCode': 0, 'package': '@4geit/swg-account-security-model_1.10.1', 'message': 'no deps or dev-deps'}
{'statusCode': 0, 'package': '@4geit/swg-check-availability-helper_1.0.0', 'message': 'no deps or dev-deps'}
{'statusCode': 0, 'package': '@4geit/swg-check-availability-helper_1.0.1', 'message': 'no deps or dev-deps'}
{'statusCode': 0, 'package': '@4geit/swg-check-availability-helper_1.5.0', 'message': 'no deps or dev-deps'}
{'statusCode': 0, 'package': '@4geit/swg-check-availability-helper_1.10.1', 'message': 'no deps or dev-deps'}
{'statusCode': 0, 'package': '@4geit/swg-check-availability-helper_1.15.1', 'message': 'no deps or dev-deps'}
{'statusCode': 0, 'package': '@4geit/swg-check-availability-helper_1.28.0', 'message': 'no deps or dev-deps'}
{'statusCode': 0, 'package': '@4geit/swg-check-availability-helper_1.31.0', 'message': 'no deps or dev-deps'}
{'statusCode': 0, 'package': '@4geit/swg-create-or-load-data-helper_1.0.0', 'message': 'no deps or dev-deps'}
{'statusCode': 0, 'package': '@4geit/swg-create-or-load-data-helper_1.1.0', 'message': 'no deps or dev-deps'}
{'statusCode': 0, 'package': '@4geit/swg-create-or-load-data-helper_1.1.1', 'message': 'no deps or dev-deps'}
{'statusCode': 0, 'package': '@4geit/swg-create-or-load-data-helper_1.5.0', 'message': 'no deps or dev-deps'}
{'statusCode': 0, 'package': '@4geit/swg-create-or-load-data-helper_1.10.1', 'message': 'no deps or dev-deps'}
{'statusCode': 0, 'package': '@4geit/swg-create-or-load-data-helper_1.15.1', 'message': 'no deps or dev-deps'}
{'statusCode': 0, 'package': '@4geit/swg-create-or-load-data-helper_1.31.0', 'message': 'no deps or dev-deps'}
{'statusCode': 0, 'package': '@4geit/swg-get-user-with-api-token-helper_1.5.0', 'message': 'no deps or dev-deps'}
{'statusCode': 0, 'package': '@4geit/swg-get-user-with-api-token-helper_1.6.3', 'message': 'no deps or dev-deps'}
{'statusCode': 0, 'package': '@4geit/swg-get-user-with-api-token-helper_1.10.1', 'message': 'no deps or dev-deps'}
{'statusCode': 0, 'package': '@4geit/swg-get-user-with-api-token-helper_1.15.1', 'message': 'no deps or dev-deps'}
{'statusCode': 0, 'package': '@4geit/swg-get-user-with-api-token-helper_1.28.0', 'message': 'no deps or dev-deps'}
{'statusCode': 0, 'package': '@4geit/swg-use-db-helper_1.5.0', 'message': 'no deps or dev-deps'}
{'statusCode': 0, 'package': '@4geit/swg-use-db-helper_1.6.3', 'message': 'no deps or dev-deps'}
{'statusCode': 0, 'package': '@4geit/swg-use-db-helper_1.10.1', 'message': 'no deps or dev-deps'}
{'statusCode': 0, 'package': '@4geit/swg-use-db-helper_1.15.1', 'message': 'no deps or dev-deps'}
{'statusCode': 0, 'package': '@4geit/swg-use-db-helper_1.28.0', 'message': 'no deps or dev-deps'}
{'statusCode': 404, 'package': '@4k-ui/eslint-config', 'message': 'HTTPError'}
{'statusCode': 404, 'package': '@4k-ui/ts-config', 'message': 'HTTPError'}
{'statusCode': 404, 'package': '@4m/eslint-config', 'message': 'HTTPError'}
{'statusCode': 404, 'package': '@4s1/changelog-config', 'message': 'HTTPError'}
{'statusCode': 404, 'package': '@4s1/semantic-release-config', 'message': 'HTTPError'}
{'statusCode': 404, 'package': '@4s1/semantic-release-config', 'message': 'HTTPError'}
{'statusCode': 0, 'package': '@4tw/cypress-drag-drop_1.1.1', 'message': 'no deps or dev-deps'}
{'statusCode': 0, 'package': '@4tw/cypress-drag-drop_1.1.2', 'message': 'no deps or dev-deps'}
{'statusCode': 0, 'package': '@4tw/cypress-drag-drop_1.2.0', 'message': 'no deps or dev-deps'}
{'statusCode': 0, 'package': '@4tw/cypress-drag-drop_1.2.1', 'message': 'no deps or dev-deps'}
{'statusCode': 0, 'package': '@4tw/cypress-drag-drop_1.3.0', 'message': 'no deps or dev-deps'}
{'statusCode': 404, 'package': '.4.x', 'message': 'HTTPError'}
{'statusCode': 404, 'package': '4.x.x', 'message': 'HTTPError'}
{'statusCode': 0, 'package': '5_0.0.1', 'message': 'no deps or dev-deps'}
{'statusCode': 404, 'package': '.5', 'message': 'HTTPError'}
{'statusCode': 404, 'package': '.5.0', 'message': 'HTTPError'}
{'statusCode': 404, 'package': '5.0', 'message': 'HTTPError'}
{'statusCode': 404, 'package': '5.0.0', 'message': 'HTTPError'}
{'statusCode': 404, 'package': '50.0', 'message': 'HTTPError'}
{'statusCode': 404, 'package': '.50.1', 'message': 'HTTPError'}
{'statusCode': 404, 'package': '5.0.1', 'message': 'HTTPError'}
{'statusCode': 0, 'package': '5_0.0.1', 'message': 'no deps or dev-deps'}
{'statusCode': 404, 'package': '5.0.19', 'message': 'HTTPError'}
{'statusCode': 404, 'package': '5.0.3', 'message': 'HTTPError'}
{'statusCode': 404, 'package': '5.0.4', 'message': 'HTTPError'}
{'statusCode': 404, 'package': '5.0.5', 'message': 'HTTPError'}
{'statusCode': 404, 'package': '5.0.7', 'message': 'HTTPError'}
{'statusCode': 404, 'package': '5.0.9', 'message': 'HTTPError'}
{'statusCode': 404, 'package': '.5.1', 'message': 'HTTPError'}
{'statusCode': 404, 'package': '5.1', 'message': 'HTTPError'}
{'statusCode': 404, 'package': '.5.10', 'message': 'HTTPError'}
{'statusCode': 404, 'package': '.51.0', 'message': 'HTTPError'}
{'statusCode': 404, 'package': '5.10', 'message': 'HTTPError'}
{'statusCode': 200, 'package': '5.1.0', 'message': 'No versions found'}
{'statusCode': 200, 'package': '5.10.0', 'message': 'No versions found'}
{'statusCode': 0, 'package': '5.11_1.0.0', 'message': 'no deps or dev-deps'}
{'statusCode': 404, 'package': '5.1.1', 'message': 'HTTPError'}
{'statusCode': 404, 'package': '.5.12', 'message': 'HTTPError'}
{'statusCode': 404, 'package': '5.1.2', 'message': 'HTTPError'}
{'statusCode': 404, 'package': '5.12.1', 'message': 'HTTPError'}
{'statusCode': 404, 'package': '.5.2', 'message': 'HTTPError'}
{'statusCode': 404, 'package': '5.2', 'message': 'HTTPError'}
{'statusCode': 404, 'package': '5.2.0', 'message': 'HTTPError'}
{'statusCode': 404, 'package': '5.20.1', 'message': 'HTTPError'}
{'statusCode': 404, 'package': '.52.1', 'message': 'HTTPError'}
{'statusCode': 404, 'package': '5.21', 'message': 'HTTPError'}
{'statusCode': 404, 'package': '5.2.1', 'message': 'HTTPError'}
{'statusCode': 404, 'package': '5.2.17', 'message': 'HTTPError'}
{'statusCode': 404, 'package': '5.22', 'message': 'HTTPError'}
{'statusCode': 404, 'package': '.52.3', 'message': 'HTTPError'}
{'statusCode': 404, 'package': '52.3', 'message': 'HTTPError'}
{'statusCode': 404, 'package': '523.0', 'message': 'HTTPError'}
{'statusCode': 404, 'package': '5.2.4', 'message': 'HTTPError'}
{'statusCode': 404, 'package': '5.2.6', 'message': 'HTTPError'}
{'statusCode': 404, 'package': '5.2.7', 'message': 'HTTPError'}
{'statusCode': 404, 'package': '.5.3', 'message': 'HTTPError'}
{'statusCode': 404, 'package': '5.3', 'message': 'HTTPError'}
{'statusCode': 404, 'package': '.53.0', 'message': 'HTTPError'}
{'statusCode': 200, 'package': '5.3.0', 'message': 'No versions found'}
{'statusCode': 404, 'package': '5.3.1', 'message': 'HTTPError'}
{'statusCode': 200, 'package': '5.3.3', 'message': 'No versions found'}
{'statusCode': 404, 'package': '.5.4', 'message': 'HTTPError'}
{'statusCode': 404, 'package': '5.4', 'message': 'HTTPError'}
{'statusCode': 404, 'package': '.54.0', 'message': 'HTTPError'}
{'statusCode': 200, 'package': '5.4.0', 'message': 'No versions found'}
{'statusCode': 200, 'package': '5.4.1', 'message': 'No versions found'}
{'statusCode': 404, 'package': '.54.4', 'message': 'HTTPError'}
{'statusCode': 404, 'package': '.54.5', 'message': 'HTTPError'}
{'statusCode': 0, 'package': '5_0.0.1', 'message': 'no deps or dev-deps'}
{'statusCode': 404, 'package': '5.4.7', 'message': 'HTTPError'}
{'statusCode': 404, 'package': '.5.5', 'message': 'HTTPError'}
{'statusCode': 404, 'package': '5.5', 'message': 'HTTPError'}
{'statusCode': 404, 'package': '.55.0', 'message': 'HTTPError'}
{'statusCode': 200, 'package': '5.5.0', 'message': 'No versions found'}
{'statusCode': 404, 'package': '5.5.3', 'message': 'HTTPError'}
{'statusCode': 404, 'package': '5.5.4', 'message': 'HTTPError'}
{'statusCode': 404, 'package': '.5.6', 'message': 'HTTPError'}
{'statusCode': 404, 'package': '5.6', 'message': 'HTTPError'}
{'statusCode': 404, 'package': '.56.0', 'message': 'HTTPError'}
{'statusCode': 200, 'package': '5.6.0', 'message': 'No versions found'}
{'statusCode': 404, 'package': '56', 'message': 'HTTPError'}
{'statusCode': 404, 'package': '.56.1', 'message': 'HTTPError'}
{'statusCode': 404, 'package': '5.7', 'message': 'HTTPError'}
{'statusCode': 404, 'package': '@5qtrs/random', 'message': 'HTTPError'}
{'statusCode': 404, 'package': '@5qtrs/random', 'message': 'HTTPError'}
{'statusCode': 404, 'package': '@5qtrs/request', 'message': 'HTTPError'}
{'statusCode': 404, 'package': '@5qtrs/request', 'message': 'HTTPError'}
{'statusCode': 404, 'package': '@5qtrs/table', 'message': 'HTTPError'}
{'statusCode': 404, 'package': '@5qtrs/text', 'message': 'HTTPError'}
{'statusCode': 404, 'package': '@5qtrs/type', 'message': 'HTTPError'}
{'statusCode': 404, 'package': '.5.x', 'message': 'HTTPError'}
{'statusCode': 0, 'package': '5x_0.0.0', 'message': 'no deps or dev-deps'}
{'statusCode': 404, 'package': '5.x.x', 'message': 'HTTPError'}
{'statusCode': 0, 'package': '6_0.0.1', 'message': 'no deps or dev-deps'}
{'statusCode': 404, 'package': '.6', 'message': 'HTTPError'}
{'statusCode': 404, 'package': '.6.0', 'message': 'HTTPError'}
{'statusCode': 404, 'package': '6.0', 'message': 'HTTPError'}
{'statusCode': 404, 'package': '.60.0', 'message': 'HTTPError'}
{'statusCode': 200, 'package': '6.0.0', 'message': 'No versions found'}
{'statusCode': 404, 'package': '6.0.1', 'message': 'HTTPError'}
{'statusCode': 404, 'package': '6.0.2', 'message': 'HTTPError'}
{'statusCode': 404, 'package': '6.0.3', 'message': 'HTTPError'}
{'statusCode': 404, 'package': '6.0.4', 'message': 'HTTPError'}
{'statusCode': 404, 'package': '6.0.5', 'message': 'HTTPError'}
{'statusCode': 404, 'package': '6.0.7', 'message': 'HTTPError'}
{'statusCode': 404, 'package': '6.0.9', 'message': 'HTTPError'}
{'statusCode': 404, 'package': '.6.1', 'message': 'HTTPError'}
{'statusCode': 404, 'package': '6.1', 'message': 'HTTPError'}
{'statusCode': 404, 'package': '.6.10', 'message': 'HTTPError'}
{'statusCode': 404, 'package': '.61.0', 'message': 'HTTPError'}
{'statusCode': 0, 'package': '6.10_2.0.0', 'message': 'no deps or dev-deps'}
{'statusCode': 404, 'package': '6.1.0', 'message': 'HTTPError'}
{'statusCode': 404, 'package': '6.11', 'message': 'HTTPError'}
{'statusCode': 200, 'package': '6.11.1', 'message': 'No versions found'}
{'statusCode': 404, 'package': '.6.12', 'message': 'HTTPError'}
{'statusCode': 200, 'package': '6.12', 'message': 'No versions found'}
{'statusCode': 200, 'package': '6.12.0', 'message': 'No versions found'}
{'statusCode': 404, 'package': '.6.13', 'message': 'HTTPError'}
{'statusCode': 404, 'package': '6.1.3', 'message': 'HTTPError'}
{'statusCode': 404, 'package': '6.13.1', 'message': 'HTTPError'}
{'statusCode': 404, 'package': '6.14', 'message': 'HTTPError'}
{'statusCode': 404, 'package': '6.1.4', 'message': 'HTTPError'}
{'statusCode': 404, 'package': '6.14.0', 'message': 'HTTPError'}
{'statusCode': 404, 'package': '6.1.5', 'message': 'HTTPError'}
{'statusCode': 404, 'package': '6.15.0', 'message': 'HTTPError'}
{'statusCode': 404, 'package': '6.1.8', 'message': 'HTTPError'}
{'statusCode': 404, 'package': '.6.2', 'message': 'HTTPError'}
{'statusCode': 404, 'package': '6.2', 'message': 'HTTPError'}
{'statusCode': 200, 'package': '6.2.0', 'message': 'No versions found'}
{'statusCode': 404, 'package': '.6.21', 'message': 'HTTPError'}
{'statusCode': 200, 'package': '6.2.1', 'message': 'No versions found'}
{'statusCode': 200, 'package': '6.2.2', 'message': 'No versions found'}
{'statusCode': 404, 'package': '6.2.3', 'message': 'HTTPError'}
{'statusCode': 404, 'package': '6.23.0', 'message': 'HTTPError'}
{'statusCode': 404, 'package': '6.26.0', 'message': 'HTTPError'}
{'statusCode': 404, 'package': '.6.3', 'message': 'HTTPError'}
{'statusCode': 404, 'package': '6.3', 'message': 'HTTPError'}
{'statusCode': 200, 'package': '6.3.0', 'message': 'No versions found'}
{'statusCode': 404, 'package': '6.3.13', 'message': 'HTTPError'}
{'statusCode': 404, 'package': '6.3.19', 'message': 'HTTPError'}
{'statusCode': 404, 'package': '6.3.2', 'message': 'HTTPError'}
{'statusCode': 404, 'package': '6.33', 'message': 'HTTPError'}
{'statusCode': 404, 'package': '.6.4', 'message': 'HTTPError'}
{'statusCode': 404, 'package': '6.4', 'message': 'HTTPError'}
{'statusCode': 200, 'package': '6.4.0', 'message': 'No versions found'}
{'statusCode': 404, 'package': '6.4.1', 'message': 'HTTPError'}
{'statusCode': 404, 'package': '6.4.2', 'message': 'HTTPError'}
{'statusCode': 404, 'package': '6.4.9', 'message': 'HTTPError'}
{'statusCode': 404, 'package': '64-qb', 'message': 'HTTPError'}
{'statusCode': 404, 'package': '.6.5', 'message': 'HTTPError'}
{'statusCode': 404, 'package': '6.5', 'message': 'HTTPError'}
{'statusCode': 404, 'package': '6.5.1', 'message': 'HTTPError'}
{'statusCode': 404, 'package': '6.5.2', 'message': 'HTTPError'}
{'statusCode': 404, 'package': '6.5.3', 'message': 'HTTPError'}
{'statusCode': 404, 'package': '.6.6', 'message': 'HTTPError'}
{'statusCode': 404, 'package': '6.6', 'message': 'HTTPError'}
{'statusCode': 200, 'package': '6.6.0', 'message': 'No versions found'}
{'statusCode': 404, 'package': '6.6.1', 'message': 'HTTPError'}
{'statusCode': 404, 'package': '6.6.2', 'message': 'HTTPError'}
{'statusCode': 404, 'package': '6.6.3', 'message': 'HTTPError'}
{'statusCode': 404, 'package': '6.6.6', 'message': 'HTTPError'}
{'statusCode': 404, 'package': '.6.7', 'message': 'HTTPError'}
{'statusCode': 404, 'package': '6.7.2', 'message': 'HTTPError'}
{'statusCode': 404, 'package': '6.8', 'message': 'HTTPError'}
{'statusCode': 200, 'package': '6.8.0', 'message': 'No versions found'}
{'statusCode': 200, 'package': '6.8.1', 'message': 'No versions found'}
{'statusCode': 200, 'package': '6.9.0', 'message': 'No versions found'}
{'statusCode': 404, 'package': '6d-action-popup', 'message': 'HTTPError'}
{'statusCode': 404, 'package': '6d-ajax', 'message': 'HTTPError'}
{'statusCode': 404, 'package': '6d-buttons', 'message': 'HTTPError'}
{'statusCode': 404, 'package': '6d-data-table', 'message': 'HTTPError'}
{'statusCode': 404, 'package': '6d-field-item', 'message': 'HTTPError'}
{'statusCode': 404, 'package': '6d-form-components', 'message': 'HTTPError'}
{'statusCode': 404, 'package': '6d-GIS', 'message': 'HTTPError'}
{'statusCode': 404, 'package': '6d-ui-components', 'message': 'HTTPError'}
{'statusCode': 404, 'package': '6d-util-components', 'message': 'HTTPError'}
{'statusCode': 404, 'package': '6fc6ba48089a0b9ff879/cypress.tgz', 'message': 'HTTPError'}
{'statusCode': 404, 'package': '6k1', 'message': 'HTTPError'}
{'statusCode': 404, 'package': '.6.x', 'message': 'HTTPError'}
{'statusCode': 0, 'package': '7_0.0.1', 'message': 'no deps or dev-deps'}
{'statusCode': 404, 'package': '.7', 'message': 'HTTPError'}
{'statusCode': 404, 'package': '.7.0', 'message': 'HTTPError'}
{'statusCode': 404, 'package': '7.0', 'message': 'HTTPError'}
{'statusCode': 200, 'package': '7.0.0', 'message': 'No versions found'}
{'statusCode': 200, 'package': '7.0.0', 'message': 'No versions found'}
{'statusCode': 404, 'package': '7.0.1', 'message': 'HTTPError'}
{'statusCode': 404, 'package': '7.0.12', 'message': 'HTTPError'}
{'statusCode': 404, 'package': '7.0.19', 'message': 'HTTPError'}
{'statusCode': 404, 'package': '7.0.2', 'message': 'HTTPError'}
{'statusCode': 404, 'package': '7.0.3', 'message': 'HTTPError'}
{'statusCode': 404, 'package': '7.0.32', 'message': 'HTTPError'}
{'statusCode': 404, 'package': '7.0.4', 'message': 'HTTPError'}
{'statusCode': 404, 'package': '7.0.5', 'message': 'HTTPError'}
{'statusCode': 404, 'package': '7.0.6', 'message': 'HTTPError'}
{'statusCode': 404, 'package': '7.0.7', 'message': 'HTTPError'}
{'statusCode': 404, 'package': '7.0.9', 'message': 'HTTPError'}
{'statusCode': 404, 'package': '.7.1', 'message': 'HTTPError'}
{'statusCode': 404, 'package': '7.1', 'message': 'HTTPError'}
{'statusCode': 404, 'package': '7.1.0', 'message': 'HTTPError'}
{'statusCode': 404, 'package': '7.10.4', 'message': 'HTTPError'}
{'statusCode': 404, 'package': '7.1.1', 'message': 'HTTPError'}
{'statusCode': 404, 'package': '7.1.2', 'message': 'HTTPError'}
{'statusCode': 404, 'package': '7.1.3', 'message': 'HTTPError'}
{'statusCode': 404, 'package': '7.15.5', 'message': 'HTTPError'}
{'statusCode': 404, 'package': '.7.18', 'message': 'HTTPError'}
{'statusCode': 404, 'package': '7.18.6', 'message': 'HTTPError'}
{'statusCode': 404, 'package': '7.19.0', 'message': 'HTTPError'}
{'statusCode': 404, 'package': '.7.2', 'message': 'HTTPError'}
{'statusCode': 200, 'package': '7.2.0', 'message': 'No versions found'}
{'statusCode': 404, 'package': '7.20.0', 'message': 'HTTPError'}
{'statusCode': 404, 'package': '7.21', 'message': 'HTTPError'}
{'statusCode': 200, 'package': '7.2.1', 'message': 'No versions found'}
{'statusCode': 404, 'package': '.7.22', 'message': 'HTTPError'}
{'statusCode': 404, 'package': '7.2.2', 'message': 'HTTPError'}
{'statusCode': 404, 'package': '7.22.0', 'message': 'HTTPError'}
{'statusCode': 404, 'package': '7.2.3', 'message': 'HTTPError'}
{'statusCode': 404, 'package': '7.2.4', 'message': 'HTTPError'}
{'statusCode': 404, 'package': '7.2.5', 'message': 'HTTPError'}
{'statusCode': 404, 'package': '7.2.7', 'message': 'HTTPError'}
{'statusCode': 404, 'package': '7.27.0', 'message': 'HTTPError'}
{'statusCode': 404, 'package': '.7.3', 'message': 'HTTPError'}
{'statusCode': 404, 'package': '7.3', 'message': 'HTTPError'}
{'statusCode': 200, 'package': '7.3.0', 'message': 'No versions found'}
{'statusCode': 404, 'package': '7.30.0', 'message': 'HTTPError'}
{'statusCode': 404, 'package': '7.3.1', 'message': 'HTTPError'}
{'statusCode': 404, 'package': '7.31.0', 'message': 'HTTPError'}
{'statusCode': 404, 'package': '7.3.2', 'message': 'HTTPError'}
{'statusCode': 404, 'package': '7.32.0', 'message': 'HTTPError'}
{'statusCode': 404, 'package': '7.3.4', 'message': 'HTTPError'}
{'statusCode': 404, 'package': '7.3.7', 'message': 'HTTPError'}
{'statusCode': 404, 'package': '7.3.8', 'message': 'HTTPError'}
{'statusCode': 404, 'package': '.7.4', 'message': 'HTTPError'}
{'statusCode': 404, 'package': '7.4', 'message': 'HTTPError'}
{'statusCode': 200, 'package': '7.4.0', 'message': 'No versions found'}
{'statusCode': 404, 'package': '7.4.1', 'message': 'HTTPError'}
{'statusCode': 404, 'package': '7.4.3', 'message': 'HTTPError'}
{'statusCode': 404, 'package': '7.4.5', 'message': 'HTTPError'}
{'statusCode': 404, 'package': '7.4.7', 'message': 'HTTPError'}
{'statusCode': 0, 'package': '7.5_1.0.0', 'message': 'no deps or dev-deps'}
{'statusCode': 200, 'package': '7.5.0', 'message': 'No versions found'}
{'statusCode': 404, 'package': '7.5.1', 'message': 'HTTPError'}
{'statusCode': 404, 'package': '.7.6', 'message': 'HTTPError'}
{'statusCode': 404, 'package': '7.6', 'message': 'HTTPError'}
{'statusCode': 200, 'package': '7.6.0', 'message': 'No versions found'}
{'statusCode': 200, 'package': '7.8', 'message': 'No versions found'}
{'statusCode': 404, 'package': '.78.0', 'message': 'HTTPError'}
{'statusCode': 200, 'package': '7.8.0', 'message': 'No versions found'}
{'statusCode': 404, 'package': '7.8.1', 'message': 'HTTPError'}
{'statusCode': 404, 'package': '7.8.7', 'message': 'HTTPError'}
{'statusCode': 200, 'package': '7.9.0', 'message': 'No versions found'}
{'statusCode': 404, 'package': '7.9.2', 'message': 'HTTPError'}
{'statusCode': 404, 'package': '@7eleven/7boss-custom-authorizer', 'message': 'HTTPError'}
{'statusCode': 404, 'package': '@7eleven/7boss-logger', 'message': 'HTTPError'}
{'statusCode': 404, 'package': '@7eleven/7boss-mongo-util', 'message': 'HTTPError'}
{'statusCode': 404, 'package': '7-eventemitter', 'message': 'HTTPError'}
{'statusCode': 404, 'package': '7-eventemitter', 'message': 'HTTPError'}
{'statusCode': 0, 'package': '@7rabbit/ink_0.9.0', 'message': 'no deps or dev-deps'}
{'statusCode': 0, 'package': '@7rabbit/ink_0.10.0', 'message': 'no deps or dev-deps'}
{'statusCode': 0, 'package': '@7span/shilp_0.1.0-beta.2', 'message': 'no deps or dev-deps'}
{'statusCode': 0, 'package': '@7span/shilp_0.1.0-beta.3', 'message': 'no deps or dev-deps'}
{'statusCode': 0, 'package': '@7span/shilp_0.1.0-beta.4', 'message': 'no deps or dev-deps'}
{'statusCode': 0, 'package': '@7span/shilp_0.1.0-beta.5', 'message': 'no deps or dev-deps'}
{'statusCode': 0, 'package': '@7span/shilp_0.1.0-beta.6', 'message': 'no deps or dev-deps'}
{'statusCode': 0, 'package': '@7span/shilp_0.1.0-beta.7', 'message': 'no deps or dev-deps'}
{'statusCode': 0, 'package': '@7span/shilp_0.1.0-beta.8', 'message': 'no deps or dev-deps'}
{'statusCode': 0, 'package': '@7span/shilp_0.1.0-beta.2', 'message': 'no deps or dev-deps'}
{'statusCode': 0, 'package': '@7span/shilp_0.1.0-beta.3', 'message': 'no deps or dev-deps'}
{'statusCode': 0, 'package': '@7span/shilp_0.1.0-beta.4', 'message': 'no deps or dev-deps'}
{'statusCode': 0, 'package': '@7span/shilp_0.1.0-beta.5', 'message': 'no deps or dev-deps'}
{'statusCode': 0, 'package': '@7span/shilp_0.1.0-beta.6', 'message': 'no deps or dev-deps'}
{'statusCode': 0, 'package': '@7span/shilp_0.1.0-beta.7', 'message': 'no deps or dev-deps'}
{'statusCode': 0, 'package': '@7span/shilp_0.1.0-beta.8', 'message': 'no deps or dev-deps'}
{'statusCode': 0, 'package': '@7span/shilp_0.1.0-beta.2', 'message': 'no deps or dev-deps'}
{'statusCode': 0, 'package': '@7span/shilp_0.1.0-beta.3', 'message': 'no deps or dev-deps'}
{'statusCode': 0, 'package': '@7span/shilp_0.1.0-beta.4', 'message': 'no deps or dev-deps'}
{'statusCode': 0, 'package': '@7span/shilp_0.1.0-beta.5', 'message': 'no deps or dev-deps'}
{'statusCode': 0, 'package': '@7span/shilp_0.1.0-beta.6', 'message': 'no deps or dev-deps'}
{'statusCode': 0, 'package': '@7span/shilp_0.1.0-beta.7', 'message': 'no deps or dev-deps'}
{'statusCode': 0, 'package': '@7span/shilp_0.1.0-beta.8', 'message': 'no deps or dev-deps'}
{'statusCode': 0, 'package': '@7span/shilp_0.1.0-beta.2', 'message': 'no deps or dev-deps'}
{'statusCode': 0, 'package': '@7span/shilp_0.1.0-beta.3', 'message': 'no deps or dev-deps'}
{'statusCode': 0, 'package': '@7span/shilp_0.1.0-beta.4', 'message': 'no deps or dev-deps'}
{'statusCode': 0, 'package': '@7span/shilp_0.1.0-beta.5', 'message': 'no deps or dev-deps'}
{'statusCode': 0, 'package': '@7span/shilp_0.1.0-beta.6', 'message': 'no deps or dev-deps'}
{'statusCode': 0, 'package': '@7span/shilp_0.1.0-beta.7', 'message': 'no deps or dev-deps'}
{'statusCode': 0, 'package': '@7span/shilp_0.1.0-beta.8', 'message': 'no deps or dev-deps'}
{'statusCode': 0, 'package': '@7span/shilp_0.1.0-beta.2', 'message': 'no deps or dev-deps'}
{'statusCode': 0, 'package': '@7span/shilp_0.1.0-beta.3', 'message': 'no deps or dev-deps'}
{'statusCode': 0, 'package': '@7span/shilp_0.1.0-beta.4', 'message': 'no deps or dev-deps'}
{'statusCode': 0, 'package': '@7span/shilp_0.1.0-beta.5', 'message': 'no deps or dev-deps'}
{'statusCode': 0, 'package': '@7span/shilp_0.1.0-beta.6', 'message': 'no deps or dev-deps'}
{'statusCode': 0, 'package': '@7span/shilp_0.1.0-beta.7', 'message': 'no deps or dev-deps'}
{'statusCode': 0, 'package': '@7span/shilp_0.1.0-beta.8', 'message': 'no deps or dev-deps'}
{'statusCode': 0, 'package': '@7span/shilp_0.1.0-beta.2', 'message': 'no deps or dev-deps'}
{'statusCode': 0, 'package': '@7span/shilp_0.1.0-beta.3', 'message': 'no deps or dev-deps'}
{'statusCode': 0, 'package': '@7span/shilp_0.1.0-beta.4', 'message': 'no deps or dev-deps'}
{'statusCode': 0, 'package': '@7span/shilp_0.1.0-beta.5', 'message': 'no deps or dev-deps'}
{'statusCode': 0, 'package': '@7span/shilp_0.1.0-beta.6', 'message': 'no deps or dev-deps'}
{'statusCode': 0, 'package': '@7span/shilp_0.1.0-beta.7', 'message': 'no deps or dev-deps'}
{'statusCode': 0, 'package': '@7span/shilp_0.1.0-beta.8', 'message': 'no deps or dev-deps'}
{'statusCode': 0, 'package': '@7span/shilp_0.1.0-beta.2', 'message': 'no deps or dev-deps'}
{'statusCode': 0, 'package': '@7span/shilp_0.1.0-beta.3', 'message': 'no deps or dev-deps'}
{'statusCode': 0, 'package': '@7span/shilp_0.1.0-beta.4', 'message': 'no deps or dev-deps'}
{'statusCode': 0, 'package': '@7span/shilp_0.1.0-beta.5', 'message': 'no deps or dev-deps'}
{'statusCode': 0, 'package': '@7span/shilp_0.1.0-beta.6', 'message': 'no deps or dev-deps'}
{'statusCode': 0, 'package': '@7span/shilp_0.1.0-beta.7', 'message': 'no deps or dev-deps'}
{'statusCode': 0, 'package': '@7span/shilp_0.1.0-beta.8', 'message': 'no deps or dev-deps'}
{'statusCode': 0, 'package': '@7span/shilp_0.1.0-beta.2', 'message': 'no deps or dev-deps'}
{'statusCode': 0, 'package': '@7span/shilp_0.1.0-beta.3', 'message': 'no deps or dev-deps'}
{'statusCode': 0, 'package': '@7span/shilp_0.1.0-beta.4', 'message': 'no deps or dev-deps'}
{'statusCode': 0, 'package': '@7span/shilp_0.1.0-beta.5', 'message': 'no deps or dev-deps'}
{'statusCode': 0, 'package': '@7span/shilp_0.1.0-beta.6', 'message': 'no deps or dev-deps'}
{'statusCode': 0, 'package': '@7span/shilp_0.1.0-beta.7', 'message': 'no deps or dev-deps'}
{'statusCode': 0, 'package': '@7span/shilp_0.1.0-beta.8', 'message': 'no deps or dev-deps'}
{'statusCode': 0, 'package': '@7span/shilp_0.1.0-beta.2', 'message': 'no deps or dev-deps'}
{'statusCode': 0, 'package': '@7span/shilp_0.1.0-beta.3', 'message': 'no deps or dev-deps'}
{'statusCode': 0, 'package': '@7span/shilp_0.1.0-beta.4', 'message': 'no deps or dev-deps'}
{'statusCode': 0, 'package': '@7span/shilp_0.1.0-beta.5', 'message': 'no deps or dev-deps'}
{'statusCode': 0, 'package': '@7span/shilp_0.1.0-beta.6', 'message': 'no deps or dev-deps'}
{'statusCode': 0, 'package': '@7span/shilp_0.1.0-beta.7', 'message': 'no deps or dev-deps'}
{'statusCode': 0, 'package': '@7span/shilp_0.1.0-beta.8', 'message': 'no deps or dev-deps'}
{'statusCode': 0, 'package': '@7span/shilp_0.1.0-beta.2', 'message': 'no deps or dev-deps'}
{'statusCode': 0, 'package': '@7span/shilp_0.1.0-beta.3', 'message': 'no deps or dev-deps'}
{'statusCode': 0, 'package': '@7span/shilp_0.1.0-beta.4', 'message': 'no deps or dev-deps'}
{'statusCode': 0, 'package': '@7span/shilp_0.1.0-beta.5', 'message': 'no deps or dev-deps'}
{'statusCode': 0, 'package': '@7span/shilp_0.1.0-beta.6', 'message': 'no deps or dev-deps'}
{'statusCode': 0, 'package': '@7span/shilp_0.1.0-beta.7', 'message': 'no deps or dev-deps'}
{'statusCode': 0, 'package': '@7span/shilp_0.1.0-beta.8', 'message': 'no deps or dev-deps'}
{'statusCode': 404, 'package': '7/storybook-state', 'message': 'HTTPError'}
{'statusCode': 404, 'package': '.7.x', 'message': 'HTTPError'}
{'statusCode': 404, 'package': '7.x', 'message': 'HTTPError'}
{'statusCode': 0, 'package': '7zip-bin_3.0.0', 'message': 'no deps or dev-deps'}
{'statusCode': 0, 'package': '7zip-bin_4.0.2', 'message': 'no deps or dev-deps'}
{'statusCode': 0, 'package': '7zip-bin_4.1.0', 'message': 'no deps or dev-deps'}
{'statusCode': 0, 'package': '7zip-bin_5.0.1', 'message': 'no deps or dev-deps'}
{'statusCode': 0, 'package': '7zip-bin_5.0.2', 'message': 'no deps or dev-deps'}
{'statusCode': 0, 'package': '7zip-bin_5.0.3', 'message': 'no deps or dev-deps'}
{'statusCode': 0, 'package': '7zip-bin_5.1.0', 'message': 'no deps or dev-deps'}
{'statusCode': 0, 'package': '7zip-bin_5.1.1', 'message': 'no deps or dev-deps'}
{'statusCode': 0, 'package': '7zip-bin_5.2.0', 'message': 'no deps or dev-deps'}
{'statusCode': 0, 'package': '8_0.0.1', 'message': 'no deps or dev-deps'}
{'statusCode': 404, 'package': '.8', 'message': 'HTTPError'}
{'statusCode': 404, 'package': '.8.0', 'message': 'HTTPError'}
{'statusCode': 404, 'package': '8.0', 'message': 'HTTPError'}
{'statusCode': 200, 'package': '8.0.0', 'message': 'No versions found'}
{'statusCode': 200, 'package': '8.0.1', 'message': 'No versions found'}
{'statusCode': 200, 'package': '8.0.2', 'message': 'No versions found'}
{'statusCode': 0, 'package': '8_0.0.1', 'message': 'no deps or dev-deps'}
{'statusCode': 404, 'package': '8.0.6', 'message': 'HTTPError'}
{'statusCode': 404, 'package': '.8.1', 'message': 'HTTPError'}
{'statusCode': 404, 'package': '8.1', 'message': 'HTTPError'}
{'statusCode': 404, 'package': '.8.10', 'message': 'HTTPError'}
{'statusCode': 404, 'package': '.81.0', 'message': 'HTTPError'}
{'statusCode': 200, 'package': '8.1.0', 'message': 'No versions found'}
{'statusCode': 404, 'package': '8.10.0', 'message': 'HTTPError'}
{'statusCode': 404, 'package': '.8.11', 'message': 'HTTPError'}
{'statusCode': 200, 'package': '8.1.1', 'message': 'No versions found'}
{'statusCode': 404, 'package': '.8.12', 'message': 'HTTPError'}
{'statusCode': 200, 'package': '8.1.2', 'message': 'No versions found'}
{'statusCode': 404, 'package': '8.12.0', 'message': 'HTTPError'}
{'statusCode': 404, 'package': '8.1.3', 'message': 'HTTPError'}
{'statusCode': 404, 'package': '8.13.0', 'message': 'HTTPError'}
{'statusCode': 404, 'package': '8.14', 'message': 'HTTPError'}
{'statusCode': 404, 'package': '8.15.0', 'message': 'HTTPError'}
{'statusCode': 404, 'package': '8.16.0', 'message': 'HTTPError'}
{'statusCode': 404, 'package': '8.171.0', 'message': 'HTTPError'}
{'statusCode': 404, 'package': '.8.19', 'message': 'HTTPError'}
{'statusCode': 404, 'package': '.8.2', 'message': 'HTTPError'}
{'statusCode': 404, 'package': '8.2', 'message': 'HTTPError'}
{'statusCode': 200, 'package': '8.2.0', 'message': 'No versions found'}
{'statusCode': 404, 'package': '8.20.0', 'message': 'HTTPError'}
{'statusCode': 200, 'package': '8.2.1', 'message': 'No versions found'}
{'statusCode': 200, 'package': '8.2.2', 'message': 'No versions found'}
{'statusCode': 404, 'package': '8.23.0', 'message': 'HTTPError'}
{'statusCode': 404, 'package': '8.25.0', 'message': 'HTTPError'}
{'statusCode': 404, 'package': '8.26.0', 'message': 'HTTPError'}
{'statusCode': 404, 'package': '8.28', 'message': 'HTTPError'}
{'statusCode': 404, 'package': '8.28.0', 'message': 'HTTPError'}
{'statusCode': 404, 'package': '8.2.9', 'message': 'HTTPError'}
{'statusCode': 404, 'package': '.8.3', 'message': 'HTTPError'}
{'statusCode': 404, 'package': '8.3', 'message': 'HTTPError'}
{'statusCode': 404, 'package': '8.3.0', 'message': 'HTTPError'}
{'statusCode': 200, 'package': '8.3.1', 'message': 'No versions found'}
{'statusCode': 0, 'package': '8.5_2.0.0', 'message': 'no deps or dev-deps'}
{'statusCode': 200, 'package': '8.5.0', 'message': 'No versions found'}
{'statusCode': 404, 'package': '.8.7', 'message': 'HTTPError'}
{'statusCode': 404, 'package': '8.7', 'message': 'HTTPError'}
{'statusCode': 200, 'package': '8.7.0', 'message': 'No versions found'}
{'statusCode': 200, 'package': '8.7.1', 'message': 'No versions found'}
{'statusCode': 404, 'package': '8.7.16', 'message': 'HTTPError'}
{'statusCode': 404, 'package': '8.7.23', 'message': 'HTTPError'}
{'statusCode': 404, 'package': '8.7.5', 'message': 'HTTPError'}
{'statusCode': 200, 'package': '8.8.0', 'message': 'No versions found'}
{'statusCode': 200, 'package': '8.8.1', 'message': 'No versions found'}
{'statusCode': 404, 'package': '.8.9', 'message': 'HTTPError'}
{'statusCode': 0, 'package': '8n_0.0.0', 'message': 'no deps or dev-deps'}
{'statusCode': 0, 'package': '8n_0.0.0', 'message': 'no deps or dev-deps'}
{'statusCode': 0, 'package': '8n_0.0.0', 'message': 'no deps or dev-deps'}
{'statusCode': 0, 'package': '8n_0.0.0', 'message': 'no deps or dev-deps'}
{'statusCode': 0, 'package': '8n_0.0.0', 'message': 'no deps or dev-deps'}
{'statusCode': 0, 'package': '8n_0.0.0', 'message': 'no deps or dev-deps'}
{'statusCode': 0, 'package': '8n_0.0.0', 'message': 'no deps or dev-deps'}
{'statusCode': 0, 'package': '8n_0.0.0', 'message': 'no deps or dev-deps'}
{'statusCode': 0, 'package': '8n_0.0.0', 'message': 'no deps or dev-deps'}
{'statusCode': 0, 'package': '8n_0.0.0', 'message': 'no deps or dev-deps'}
{'statusCode': 0, 'package': '8n_0.0.0', 'message': 'no deps or dev-deps'}
{'statusCode': 0, 'package': '8n_0.0.0', 'message': 'no deps or dev-deps'}
{'statusCode': 404, 'package': '.8.x', 'message': 'HTTPError'}
{'statusCode': 404, 'package': '8.x', 'message': 'HTTPError'}
{'statusCode': 404, 'package': '8.x.x', 'message': 'HTTPError'}
{'statusCode': 0, 'package': '9_0.0.1', 'message': 'no deps or dev-deps'}
{'statusCode': 404, 'package': '.9', 'message': 'HTTPError'}
{'statusCode': 404, 'package': '.9.0', 'message': 'HTTPError'}
{'statusCode': 404, 'package': '9.0', 'message': 'HTTPError'}
{'statusCode': 200, 'package': '9.0.0', 'message': 'No versions found'}
{'statusCode': 200, 'package': '9.0.1', 'message': 'No versions found'}
{'statusCode': 200, 'package': '9.0.2', 'message': 'No versions found'}
{'statusCode': 200, 'package': '9.0.3', 'message': 'No versions found'}
{'statusCode': 200, 'package': '9.0.5', 'message': 'No versions found'}
{'statusCode': 200, 'package': '9.0.6', 'message': 'No versions found'}
{'statusCode': 404, 'package': '.9.1', 'message': 'HTTPError'}
{'statusCode': 404, 'package': '9.1', 'message': 'HTTPError'}
{'statusCode': 200, 'package': '9.1.0', 'message': 'No versions found'}
{'statusCode': 404, 'package': '9.1.1', 'message': 'HTTPError'}
{'statusCode': 200, 'package': '9.1.2', 'message': 'No versions found'}
{'statusCode': 404, 'package': '9.12.0', 'message': 'HTTPError'}
{'statusCode': 404, 'package': '.9.13', 'message': 'HTTPError'}
{'statusCode': 404, 'package': '9.1.3', 'message': 'HTTPError'}
{'statusCode': 404, 'package': '.9.15', 'message': 'HTTPError'}
{'statusCode': 404, 'package': '9.15.5', 'message': 'HTTPError'}
{'statusCode': 404, 'package': '.9.2', 'message': 'HTTPError'}
{'statusCode': 200, 'package': '9.2', 'message': 'No versions found'}
{'statusCode': 404, 'package': '.9.20', 'message': 'HTTPError'}
{'statusCode': 200, 'package': '9.2.0', 'message': 'No versions found'}
{'statusCode': 200, 'package': '9.2.1', 'message': 'No versions found'}
{'statusCode': 200, 'package': '9.2.2', 'message': 'No versions found'}
{'statusCode': 200, 'package': '9.2.3', 'message': 'No versions found'}
{'statusCode': 200, 'package': '9.2.4', 'message': 'No versions found'}
{'statusCode': 404, 'package': '9.25', 'message': 'HTTPError'}
{'statusCode': 404, 'package': '.9.3', 'message': 'HTTPError'}
{'statusCode': 404, 'package': '9.3', 'message': 'HTTPError'}
{'statusCode': 200, 'package': '9.3.1', 'message': 'No versions found'}
{'statusCode': 404, 'package': '9.4', 'message': 'HTTPError'}
{'statusCode': 404, 'package': '9.40', 'message': 'HTTPError'}
{'statusCode': 404, 'package': '9.41', 'message': 'HTTPError'}
{'statusCode': 200, 'package': '9.4.1', 'message': 'No versions found'}
{'statusCode': 404, 'package': '.9.5', 'message': 'HTTPError'}
{'statusCode': 404, 'package': '.9.7', 'message': 'HTTPError'}
{'statusCode': 404, 'package': '9.7', 'message': 'HTTPError'}
{'statusCode': 404, 'package': '9.8.3', 'message': 'HTTPError'}
{'statusCode': 404, 'package': '9.89', 'message': 'HTTPError'}
{'statusCode': 404, 'package': '.9.9', 'message': 'HTTPError'}
{'statusCode': 404, 'package': '.99.0', 'message': 'HTTPError'}
{'statusCode': 404, 'package': '9.9.1', 'message': 'HTTPError'}
{'statusCode': 404, 'package': 'a.0', 'message': 'HTTPError'}
{'statusCode': 404, 'package': '@a0/eslint-config', 'message': 'HTTPError'}
{'statusCode': 404, 'package': 'a.1', 'message': 'HTTPError'}
{'statusCode': 0, 'package': '@a11d/api_0.0.1', 'message': 'no deps or dev-deps'}
{'statusCode': 0, 'package': '@a11d/api_0.0.2', 'message': 'no deps or dev-deps'}
{'statusCode': 0, 'package': '@a11d/api_0.0.3', 'message': 'no deps or dev-deps'}
{'statusCode': 404, 'package': 'a1205', 'message': 'HTTPError'}
{'statusCode': 404, 'package': 'a2jdeps', 'message': 'HTTPError'}
{'statusCode': 404, 'package': 'a2jstyles', 'message': 'HTTPError'}
{'statusCode': 0, 'package': 'a2moduletest_1.0.0', 'message': 'no deps or dev-deps'}
{'statusCode': 0, 'package': '@a4u/a4u-collection-react-spectrum-open-source-color-icons-release_0.0.1-security.1', 'message': 'no deps or dev-deps'}
{'statusCode': 0, 'package': 'aaa_0.0.1', 'message': 'no deps or dev-deps'}
{'statusCode': 0, 'package': 'aaa_0.0.2', 'message': 'no deps or dev-deps'}
{'statusCode': 0, 'package': 'aaa_0.0.1', 'message': 'no deps or dev-deps'}
{'statusCode': 0, 'package': 'aaa_0.0.2', 'message': 'no deps or dev-deps'}
{'statusCode': 0, 'package': 'aaa_0.0.1', 'message': 'no deps or dev-deps'}
{'statusCode': 0, 'package': 'aaa_0.0.2', 'message': 'no deps or dev-deps'}
{'statusCode': 0, 'package': '@aacc/tsconfigs_0.0.1', 'message': 'no deps or dev-deps'}
{'statusCode': 0, 'package': '@aacc/tsconfigs_0.0.2', 'message': 'no deps or dev-deps'}
{'statusCode': 0, 'package': '@aacc/tsconfigs_0.0.3', 'message': 'no deps or dev-deps'}
{'statusCode': 404, 'package': '@aakoch/generator', 'message': 'HTTPError'}
{'statusCode': 0, 'package': '@a.arefiev/pkg-1_1.0.0-rc.1', 'message': 'no deps or dev-deps'}
{'statusCode': 0, 'package': '@a.arefiev/pkg-1_1.0.0-rc.1', 'message': 'no deps or dev-deps'}
{'statusCode': 0, 'package': '@a.arefiev/pkg-1_1.0.0-rc.1', 'message': 'no deps or dev-deps'}
{'statusCode': 0, 'package': '@a.arefiev/pkg-1_1.0.0-rc.1', 'message': 'no deps or dev-deps'}
{'statusCode': 0, 'package': '@a.arefiev/pkg-1_1.0.0-rc.1', 'message': 'no deps or dev-deps'}
{'statusCode': 0, 'package': '@a.arefiev/pkg-1_1.0.0-rc.1', 'message': 'no deps or dev-deps'}
{'statusCode': 0, 'package': '@a.arefiev/pkg-1_1.0.0-rc.1', 'message': 'no deps or dev-deps'}
{'statusCode': 0, 'package': '@a.arefiev/pkg-1_1.0.0-rc.1', 'message': 'no deps or dev-deps'}
{'statusCode': 404, 'package': '@aaronbiser/railwind', 'message': 'HTTPError'}
{'statusCode': 404, 'package': 'aa-salesforceclient', 'message': 'HTTPError'}
{'statusCode': 200, 'package': 'aa-testkit', 'message': 'No versions found'}
{'statusCode': 0, 'package': 'a-atmosphere-javascript_3.1.3', 'message': 'no deps or dev-deps'}
{'statusCode': 0, 'package': 'a-atmosphere-javascript_3.1.3-2', 'message': 'no deps or dev-deps'}
{'statusCode': 200, 'package': 'abacus-aggregation-db', 'message': 'No versions found'}
{'statusCode': 200, 'package': 'abacus-aggregation-db', 'message': 'No versions found'}
{'statusCode': 200, 'package': 'abacus-aggregation-db', 'message': 'No versions found'}
{'statusCode': 200, 'package': 'abacus-aggregation-db', 'message': 'No versions found'}
{'statusCode': 200, 'package': 'abacus-aggregation-db', 'message': 'No versions found'}
{'statusCode': 404, 'package': 'abacus-cmdline', 'message': 'HTTPError'}
{'statusCode': 404, 'package': 'abacus-cmdline', 'message': 'HTTPError'}
{'statusCode': 404, 'package': 'abacus-cmdline', 'message': 'HTTPError'}
{'statusCode': 404, 'package': 'abacus-cmdline', 'message': 'HTTPError'}
{'statusCode': 404, 'package': 'abacus-cmdline', 'message': 'HTTPError'}
{'statusCode': 404, 'package': 'abacus-cmdline', 'message': 'HTTPError'}
{'statusCode': 404, 'package': 'abacus-cmdline', 'message': 'HTTPError'}
{'statusCode': 404, 'package': 'abacus-cmdline', 'message': 'HTTPError'}
{'statusCode': 404, 'package': 'abacus-cmdline', 'message': 'HTTPError'}
{'statusCode': 404, 'package': 'abacus-cmdline', 'message': 'HTTPError'}
{'statusCode': 404, 'package': 'abacus-config', 'message': 'HTTPError'}
{'statusCode': 404, 'package': 'abacus-config', 'message': 'HTTPError'}
{'statusCode': 404, 'package': 'abacus-config', 'message': 'HTTPError'}
{'statusCode': 404, 'package': 'abacus-config', 'message': 'HTTPError'}
{'statusCode': 404, 'package': 'abacus-config', 'message': 'HTTPError'}
{'statusCode': 404, 'package': 'abacus-config', 'message': 'HTTPError'}
{'statusCode': 404, 'package': 'abacus-docid', 'message': 'HTTPError'}
{'statusCode': 404, 'package': 'abacus-docid', 'message': 'HTTPError'}
{'statusCode': 404, 'package': 'abacus-docid', 'message': 'HTTPError'}
{'statusCode': 404, 'package': 'abacus-docid', 'message': 'HTTPError'}
{'statusCode': 404, 'package': 'abacus-docid', 'message': 'HTTPError'}
{'statusCode': 404, 'package': 'abacus-docid', 'message': 'HTTPError'}
{'statusCode': 200, 'package': 'abacus-instance-launcher', 'message': 'No versions found'}
{'statusCode': 200, 'package': 'abacus-instance-launcher', 'message': 'No versions found'}
{'statusCode': 200, 'package': 'abacus-instance-launcher', 'message': 'No versions found'}
{'statusCode': 200, 'package': 'abacus-instance-launcher', 'message': 'No versions found'}
{'statusCode': 200, 'package': 'abacus-instance-launcher', 'message': 'No versions found'}
{'statusCode': 200, 'package': 'abacus-instance-launcher', 'message': 'No versions found'}
{'statusCode': 200, 'package': 'abacus-metering-db', 'message': 'No versions found'}
{'statusCode': 200, 'package': 'abacus-metering-db', 'message': 'No versions found'}
{'statusCode': 200, 'package': 'abacus-metering-db', 'message': 'No versions found'}
{'statusCode': 200, 'package': 'abacus-metering-schemas', 'message': 'No versions found'}
{'statusCode': 200, 'package': 'abacus-metering-schemas', 'message': 'No versions found'}
{'statusCode': 404, 'package': '@abacus-network/ts-interface', 'message': 'HTTPError'}
{'statusCode': 404, 'package': 'abacus-npm', 'message': 'HTTPError'}
{'statusCode': 200, 'package': 'abacus-packapp', 'message': 'No versions found'}
{'statusCode': 200, 'package': 'abacus-service-config', 'message': 'No versions found'}
{'statusCode': 200, 'package': 'abacus-service-config', 'message': 'No versions found'}
{'statusCode': 404, 'package': 'abacus-test-utils', 'message': 'HTTPError'}
{'statusCode': 404, 'package': 'abacus-test-utils', 'message': 'HTTPError'}
{'statusCode': 404, 'package': 'abacus-test-utils', 'message': 'HTTPError'}
{'statusCode': 404, 'package': 'abacus-test-utils', 'message': 'HTTPError'}
{'statusCode': 200, 'package': 'abacus-usage-rate', 'message': 'No versions found'}
{'statusCode': 200, 'package': 'abacus-usage-rate', 'message': 'No versions found'}
{'statusCode': 200, 'package': 'abacus-usage-rate', 'message': 'No versions found'}
{'statusCode': 200, 'package': 'abacus-usage-rate', 'message': 'No versions found'}
{'statusCode': 200, 'package': 'abacus-usage-rate', 'message': 'No versions found'}
{'statusCode': 200, 'package': 'abacus-usage-rate-itest', 'message': 'No versions found'}
{'statusCode': 200, 'package': 'abacus-usage-rate-itest', 'message': 'No versions found'}
{'statusCode': 200, 'package': 'abacus-usage-rate-itest', 'message': 'No versions found'}
{'statusCode': 200, 'package': 'abacus-usage-rate-itest', 'message': 'No versions found'}
{'statusCode': 200, 'package': 'abacus-usage-rate-itest', 'message': 'No versions found'}
{'statusCode': 200, 'package': 'abacus-usage-rate', 'message': 'No versions found'}
{'statusCode': 200, 'package': 'abacus-usage-rate', 'message': 'No versions found'}
{'statusCode': 200, 'package': 'abacus-usage-rate', 'message': 'No versions found'}
{'statusCode': 0, 'package': 'abandon_0.0.0-beta', 'message': 'no deps or dev-deps'}
{'statusCode': 0, 'package': '@abandon-cli/format-path_1.0.20', 'message': 'no deps or dev-deps'}
{'statusCode': 0, 'package': '@abandon-cli/format-path_1.0.20', 'message': 'no deps or dev-deps'}
{'statusCode': 0, 'package': '@abandon-cli/format-path_1.0.20', 'message': 'no deps or dev-deps'}
{'statusCode': 200, 'package': 'abaplint', 'message': 'No versions found'}
{'statusCode': 200, 'package': 'abaplint', 'message': 'No versions found'}
{'statusCode': 200, 'package': 'abaplint', 'message': 'No versions found'}
{'statusCode': 200, 'package': 'abaplint', 'message': 'No versions found'}
{'statusCode': 200, 'package': 'abaplint', 'message': 'No versions found'}
{'statusCode': 200, 'package': 'abaplint', 'message': 'No versions found'}
{'statusCode': 200, 'package': 'abaplint', 'message': 'No versions found'}
{'statusCode': 200, 'package': 'abaplint', 'message': 'No versions found'}
{'statusCode': 200, 'package': 'abaplint', 'message': 'No versions found'}
{'statusCode': 404, 'package': 'ab/application', 'message': 'HTTPError'}
{'statusCode': 404, 'package': 'ab/apputils', 'message': 'HTTPError'}
{'statusCode': 404, 'package': '@abb/abb-common-ux-react', 'message': 'HTTPError'}
{'statusCode': 404, 'package': 'abbott-react-components', 'message': 'HTTPError'}
{'statusCode': 0, 'package': 'abbrev_1.0.3', 'message': 'no deps or dev-deps'}
{'statusCode': 0, 'package': 'abbrev_1.0.4', 'message': 'no deps or dev-deps'}
{'statusCode': 0, 'package': 'abbrev_1.0.5', 'message': 'no deps or dev-deps'}
{'statusCode': 0, 'package': 'abbrev_1.0.6', 'message': 'no deps or dev-deps'}
{'statusCode': 0, 'package': 'abbrev_1.0.3', 'message': 'no deps or dev-deps'}
{'statusCode': 0, 'package': 'abbrev_1.0.4', 'message': 'no deps or dev-deps'}
{'statusCode': 0, 'package': 'abbrev_1.0.5', 'message': 'no deps or dev-deps'}
{'statusCode': 0, 'package': 'abbrev_1.0.6', 'message': 'no deps or dev-deps'}
{'statusCode': 0, 'package': 'abbrev_1.0.3', 'message': 'no deps or dev-deps'}
{'statusCode': 0, 'package': 'abbrev_1.0.4', 'message': 'no deps or dev-deps'}
{'statusCode': 0, 'package': 'abbrev_1.0.5', 'message': 'no deps or dev-deps'}
{'statusCode': 0, 'package': 'abbrev_1.0.6', 'message': 'no deps or dev-deps'}
{'statusCode': 0, 'package': 'abbrev_1.0.3', 'message': 'no deps or dev-deps'}
{'statusCode': 0, 'package': 'abbrev_1.0.4', 'message': 'no deps or dev-deps'}
{'statusCode': 0, 'package': 'abbrev_1.0.5', 'message': 'no deps or dev-deps'}
{'statusCode': 0, 'package': 'abbrev_1.0.6', 'message': 'no deps or dev-deps'}
{'statusCode': 0, 'package': 'abbrev_1.0.3', 'message': 'no deps or dev-deps'}
{'statusCode': 0, 'package': 'abbrev_1.0.4', 'message': 'no deps or dev-deps'}
{'statusCode': 0, 'package': 'abbrev_1.0.5', 'message': 'no deps or dev-deps'}
{'statusCode': 0, 'package': 'abbrev_1.0.6', 'message': 'no deps or dev-deps'}
{'statusCode': 200, 'package': 'abbreviated-list', 'message': 'No versions found'}
{'statusCode': 0, 'package': 'abbrev_1.0.3', 'message': 'no deps or dev-deps'}
{'statusCode': 0, 'package': 'abbrev_1.0.4', 'message': 'no deps or dev-deps'}
{'statusCode': 0, 'package': 'abbrev_1.0.5', 'message': 'no deps or dev-deps'}
{'statusCode': 0, 'package': 'abbrev_1.0.6', 'message': 'no deps or dev-deps'}
{'statusCode': 0, 'package': 'abbrev_1.0.3', 'message': 'no deps or dev-deps'}
{'statusCode': 0, 'package': 'abbrev_1.0.4', 'message': 'no deps or dev-deps'}
{'statusCode': 0, 'package': 'abbrev_1.0.5', 'message': 'no deps or dev-deps'}
{'statusCode': 0, 'package': 'abbrev_1.0.6', 'message': 'no deps or dev-deps'}
{'statusCode': 0, 'package': 'abbrev_1.0.3', 'message': 'no deps or dev-deps'}
{'statusCode': 0, 'package': 'abbrev_1.0.4', 'message': 'no deps or dev-deps'}
{'statusCode': 0, 'package': 'abbrev_1.0.5', 'message': 'no deps or dev-deps'}
{'statusCode': 0, 'package': 'abbrev_1.0.6', 'message': 'no deps or dev-deps'}
{'statusCode': 0, 'package': 'abc_0.1.0', 'message': 'no deps or dev-deps'}
{'statusCode': 0, 'package': 'abc_0.2.0', 'message': 'no deps or dev-deps'}
{'statusCode': 0, 'package': 'abc_0.2.1', 'message': 'no deps or dev-deps'}
{'statusCode': 0, 'package': 'abc_0.3.0', 'message': 'no deps or dev-deps'}
{'statusCode': 0, 'package': 'abc_0.1.0', 'message': 'no deps or dev-deps'}
{'statusCode': 0, 'package': 'abc_0.2.0', 'message': 'no deps or dev-deps'}
{'statusCode': 0, 'package': 'abc_0.2.1', 'message': 'no deps or dev-deps'}
{'statusCode': 0, 'package': 'abc_0.3.0', 'message': 'no deps or dev-deps'}
{'statusCode': 404, 'package': '@abcaustralia/global-components', 'message': 'HTTPError'}
{'statusCode': 404, 'package': '@abcaustralia/icons', 'message': 'HTTPError'}
{'statusCode': 404, 'package': '@abcaustralia/nucleus', 'message': 'HTTPError'}
{'statusCode': 404, 'package': '@abcaustralia/postcss-config', 'message': 'HTTPError'}
{'statusCode': 404, 'package': '@abcaustralia/postcss-config', 'message': 'HTTPError'}
{'statusCode': 404, 'package': '@abcaustralia/postcss-config', 'message': 'HTTPError'}
{'statusCode': 404, 'package': '@abcaustralia/postcss-config', 'message': 'HTTPError'}
{'statusCode': 404, 'package': '@abcaustralia/tsup-config', 'message': 'HTTPError'}
{'statusCode': 0, 'package': 'abc-charts_0.2.3', 'message': 'no deps or dev-deps'}
{'statusCode': 0, 'package': 'abc-charts_0.2.4', 'message': 'no deps or dev-deps'}
{'statusCode': 0, 'package': 'abc-charts_0.2.5', 'message': 'no deps or dev-deps'}
{'statusCode': 0, 'package': 'abc-charts_0.2.15', 'message': 'no deps or dev-deps'}
{'statusCode': 0, 'package': 'abc-charts_0.2.16', 'message': 'no deps or dev-deps'}
{'statusCode': 0, 'package': 'abc-charts_0.2.17', 'message': 'no deps or dev-deps'}
{'statusCode': 0, 'package': 'abc-charts_0.2.18', 'message': 'no deps or dev-deps'}
{'statusCode': 0, 'package': 'abc-charts_0.2.19', 'message': 'no deps or dev-deps'}
{'statusCode': 0, 'package': 'abc-charts_0.2.20', 'message': 'no deps or dev-deps'}
{'statusCode': 0, 'package': 'abc-charts_0.2.21', 'message': 'no deps or dev-deps'}
{'statusCode': 0, 'package': 'abc-charts_0.2.22', 'message': 'no deps or dev-deps'}
{'statusCode': 0, 'package': 'abc-charts_0.2.23', 'message': 'no deps or dev-deps'}
{'statusCode': 0, 'package': 'abc-charts_0.2.24', 'message': 'no deps or dev-deps'}
{'statusCode': 0, 'package': 'abc-charts_0.2.25', 'message': 'no deps or dev-deps'}
{'statusCode': 0, 'package': 'abc-charts_0.2.26', 'message': 'no deps or dev-deps'}
{'statusCode': 0, 'package': 'abc-charts_0.2.27', 'message': 'no deps or dev-deps'}
{'statusCode': 0, 'package': 'abc-charts_0.2.28', 'message': 'no deps or dev-deps'}
{'statusCode': 0, 'package': 'abc-charts_0.3.0', 'message': 'no deps or dev-deps'}
{'statusCode': 0, 'package': 'abc-charts_0.3.1', 'message': 'no deps or dev-deps'}
{'statusCode': 0, 'package': 'abc-charts_0.3.2', 'message': 'no deps or dev-deps'}
{'statusCode': 0, 'package': 'abc-charts_0.4.0', 'message': 'no deps or dev-deps'}
{'statusCode': 0, 'package': 'abc-charts_0.4.1', 'message': 'no deps or dev-deps'}
{'statusCode': 0, 'package': 'abc-charts_0.4.2', 'message': 'no deps or dev-deps'}
{'statusCode': 0, 'package': 'abc-charts_0.4.3', 'message': 'no deps or dev-deps'}
{'statusCode': 0, 'package': 'abc-charts_0.4.4', 'message': 'no deps or dev-deps'}
{'statusCode': 0, 'package': 'abc-charts_0.4.5', 'message': 'no deps or dev-deps'}
{'statusCode': 0, 'package': 'abc-charts_0.4.6', 'message': 'no deps or dev-deps'}
{'statusCode': 0, 'package': 'abc-charts_0.4.7', 'message': 'no deps or dev-deps'}
{'statusCode': 0, 'package': 'abc-charts_0.4.8', 'message': 'no deps or dev-deps'}
{'statusCode': 0, 'package': 'abc-charts_0.4.9', 'message': 'no deps or dev-deps'}
{'statusCode': 0, 'package': 'abc-charts_0.4.10', 'message': 'no deps or dev-deps'}
{'statusCode': 0, 'package': 'abc-charts_0.4.11', 'message': 'no deps or dev-deps'}
{'statusCode': 0, 'package': 'abc-charts_0.4.12', 'message': 'no deps or dev-deps'}
{'statusCode': 0, 'package': 'abc-charts_0.4.13', 'message': 'no deps or dev-deps'}
{'statusCode': 0, 'package': 'abc-charts_0.4.14', 'message': 'no deps or dev-deps'}
{'statusCode': 0, 'package': 'abc-charts_0.5.0', 'message': 'no deps or dev-deps'}
{'statusCode': 0, 'package': 'abc-charts_0.5.1', 'message': 'no deps or dev-deps'}
{'statusCode': 0, 'package': 'abc-charts_0.5.2', 'message': 'no deps or dev-deps'}
{'statusCode': 0, 'package': 'abc-charts_0.5.3', 'message': 'no deps or dev-deps'}
{'statusCode': 0, 'package': 'abc-charts_0.5.4', 'message': 'no deps or dev-deps'}
{'statusCode': 0, 'package': 'abc-charts_0.5.5', 'message': 'no deps or dev-deps'}
{'statusCode': 0, 'package': 'abc-charts_0.5.6', 'message': 'no deps or dev-deps'}
{'statusCode': 0, 'package': 'abc-charts_0.5.7', 'message': 'no deps or dev-deps'}
{'statusCode': 0, 'package': 'abc-charts_0.6.0', 'message': 'no deps or dev-deps'}
{'statusCode': 0, 'package': 'abc-charts_0.6.1', 'message': 'no deps or dev-deps'}
{'statusCode': 0, 'package': 'abc-charts_0.6.2', 'message': 'no deps or dev-deps'}
{'statusCode': 0, 'package': 'abc-charts_0.6.3', 'message': 'no deps or dev-deps'}
{'statusCode': 0, 'package': 'abc-charts_0.6.4', 'message': 'no deps or dev-deps'}
{'statusCode': 0, 'package': 'abc-charts_0.6.5', 'message': 'no deps or dev-deps'}
{'statusCode': 0, 'package': 'abc-charts_0.6.6', 'message': 'no deps or dev-deps'}
{'statusCode': 0, 'package': 'abc-charts_0.6.7', 'message': 'no deps or dev-deps'}
{'statusCode': 0, 'package': 'abc-charts_0.6.8', 'message': 'no deps or dev-deps'}
{'statusCode': 0, 'package': 'abc-charts_0.7.0', 'message': 'no deps or dev-deps'}
{'statusCode': 0, 'package': 'abc-charts_0.7.1', 'message': 'no deps or dev-deps'}
{'statusCode': 0, 'package': 'abc-charts_0.7.2', 'message': 'no deps or dev-deps'}
{'statusCode': 0, 'package': 'abc-charts_0.7.3', 'message': 'no deps or dev-deps'}
{'statusCode': 0, 'package': 'abc-charts_0.8.0', 'message': 'no deps or dev-deps'}
{'statusCode': 0, 'package': 'abc-charts_0.8.1', 'message': 'no deps or dev-deps'}
{'statusCode': 0, 'package': 'abc-charts_0.8.2', 'message': 'no deps or dev-deps'}
{'statusCode': 0, 'package': 'abc-charts_0.8.3', 'message': 'no deps or dev-deps'}
{'statusCode': 0, 'package': 'abc-charts_0.8.4', 'message': 'no deps or dev-deps'}
{'statusCode': 0, 'package': 'abc-charts_0.8.5', 'message': 'no deps or dev-deps'}
{'statusCode': 0, 'package': 'abc-charts_0.8.6', 'message': 'no deps or dev-deps'}
{'statusCode': 0, 'package': 'abc-charts_0.8.7', 'message': 'no deps or dev-deps'}
{'statusCode': 0, 'package': 'abc-charts_0.8.8', 'message': 'no deps or dev-deps'}
{'statusCode': 0, 'package': 'abc-charts_0.8.9', 'message': 'no deps or dev-deps'}
{'statusCode': 0, 'package': 'abc-charts_0.8.10', 'message': 'no deps or dev-deps'}
{'statusCode': 0, 'package': 'abc-charts_0.8.11', 'message': 'no deps or dev-deps'}
{'statusCode': 0, 'package': 'abc-charts_0.8.12', 'message': 'no deps or dev-deps'}
{'statusCode': 0, 'package': 'abc-charts_0.8.13', 'message': 'no deps or dev-deps'}
{'statusCode': 0, 'package': 'abc-charts_0.8.14', 'message': 'no deps or dev-deps'}
{'statusCode': 0, 'package': 'abc-charts_0.8.15', 'message': 'no deps or dev-deps'}
{'statusCode': 0, 'package': 'abc-charts_0.8.17', 'message': 'no deps or dev-deps'}
{'statusCode': 0, 'package': 'abc-charts_0.8.18', 'message': 'no deps or dev-deps'}
{'statusCode': 0, 'package': 'abc-charts_0.8.19', 'message': 'no deps or dev-deps'}
{'statusCode': 0, 'package': 'abc-charts_0.8.20', 'message': 'no deps or dev-deps'}
{'statusCode': 0, 'package': 'abc-charts_0.8.21', 'message': 'no deps or dev-deps'}
{'statusCode': 0, 'package': 'abc-charts_0.8.22', 'message': 'no deps or dev-deps'}
{'statusCode': 0, 'package': 'abc-charts_0.8.23', 'message': 'no deps or dev-deps'}
{'statusCode': 0, 'package': 'abc-charts_0.8.24', 'message': 'no deps or dev-deps'}
{'statusCode': 0, 'package': 'abc-charts_0.8.25', 'message': 'no deps or dev-deps'}
{'statusCode': 0, 'package': 'abc-charts_0.8.26', 'message': 'no deps or dev-deps'}
{'statusCode': 0, 'package': 'abc-charts_0.8.27', 'message': 'no deps or dev-deps'}
{'statusCode': 0, 'package': 'abc-charts_0.8.28', 'message': 'no deps or dev-deps'}
{'statusCode': 0, 'package': 'abc-charts_0.8.29', 'message': 'no deps or dev-deps'}
{'statusCode': 0, 'package': 'abc-charts_0.8.30', 'message': 'no deps or dev-deps'}
{'statusCode': 0, 'package': 'abc-charts_0.8.31', 'message': 'no deps or dev-deps'}
{'statusCode': 0, 'package': 'abc-charts_0.8.32', 'message': 'no deps or dev-deps'}
{'statusCode': 0, 'package': 'abc-charts_0.8.33', 'message': 'no deps or dev-deps'}
{'statusCode': 0, 'package': 'abc-charts_0.8.34', 'message': 'no deps or dev-deps'}
{'statusCode': 0, 'package': 'abc-charts_0.8.35', 'message': 'no deps or dev-deps'}
{'statusCode': 0, 'package': 'abc-charts_0.8.36', 'message': 'no deps or dev-deps'}
{'statusCode': 0, 'package': 'abc-charts_0.8.37', 'message': 'no deps or dev-deps'}
{'statusCode': 0, 'package': 'abc-charts_0.8.38', 'message': 'no deps or dev-deps'}
{'statusCode': 0, 'package': 'abc-charts_0.9.0', 'message': 'no deps or dev-deps'}
{'statusCode': 0, 'package': 'abc-charts_0.10.0', 'message': 'no deps or dev-deps'}
{'statusCode': 0, 'package': 'abc-charts_0.10.1', 'message': 'no deps or dev-deps'}
{'statusCode': 0, 'package': 'abc-charts_0.10.2', 'message': 'no deps or dev-deps'}
{'statusCode': 0, 'package': 'abc-charts_0.10.3', 'message': 'no deps or dev-deps'}
{'statusCode': 0, 'package': 'abc-charts_0.10.4', 'message': 'no deps or dev-deps'}
{'statusCode': 0, 'package': 'abc-charts_0.10.5', 'message': 'no deps or dev-deps'}
{'statusCode': 0, 'package': 'abc-charts_0.11.0', 'message': 'no deps or dev-deps'}
{'statusCode': 0, 'package': 'abc-charts_0.11.1', 'message': 'no deps or dev-deps'}
{'statusCode': 0, 'package': 'abc-charts_0.11.2', 'message': 'no deps or dev-deps'}
{'statusCode': 0, 'package': 'abc-charts_0.12.0', 'message': 'no deps or dev-deps'}
{'statusCode': 0, 'package': 'abc-charts_0.12.1', 'message': 'no deps or dev-deps'}
{'statusCode': 0, 'package': 'abc-charts_0.12.2', 'message': 'no deps or dev-deps'}
{'statusCode': 0, 'package': 'abc-charts_0.13.0', 'message': 'no deps or dev-deps'}
{'statusCode': 0, 'package': 'abc-charts_0.13.1', 'message': 'no deps or dev-deps'}
{'statusCode': 0, 'package': 'abc-charts_0.13.2', 'message': 'no deps or dev-deps'}
{'statusCode': 0, 'package': 'abc-charts_0.13.3', 'message': 'no deps or dev-deps'}
{'statusCode': 0, 'package': 'abc-charts_1.0.0', 'message': 'no deps or dev-deps'}
{'statusCode': 0, 'package': 'abc-charts_1.0.1', 'message': 'no deps or dev-deps'}
{'statusCode': 0, 'package': 'abc-charts_1.0.2', 'message': 'no deps or dev-deps'}
{'statusCode': 0, 'package': 'abc-charts_1.0.3', 'message': 'no deps or dev-deps'}
{'statusCode': 0, 'package': 'abc-charts_1.0.4', 'message': 'no deps or dev-deps'}
{'statusCode': 0, 'package': 'abc-charts_1.1.0', 'message': 'no deps or dev-deps'}
{'statusCode': 0, 'package': 'abc-charts_1.1.1', 'message': 'no deps or dev-deps'}
{'statusCode': 0, 'package': 'abc-charts_1.2.0', 'message': 'no deps or dev-deps'}
{'statusCode': 0, 'package': 'abc-charts_1.3.0', 'message': 'no deps or dev-deps'}
{'statusCode': 0, 'package': 'abc-charts_1.3.1', 'message': 'no deps or dev-deps'}
{'statusCode': 0, 'package': 'abc-charts_1.4.0', 'message': 'no deps or dev-deps'}
{'statusCode': 0, 'package': 'abc-charts_1.4.1', 'message': 'no deps or dev-deps'}
{'statusCode': 0, 'package': 'abc-charts_1.4.2', 'message': 'no deps or dev-deps'}
{'statusCode': 0, 'package': 'abc-charts_1.4.3', 'message': 'no deps or dev-deps'}
{'statusCode': 0, 'package': 'abc-charts_1.4.4', 'message': 'no deps or dev-deps'}
{'statusCode': 0, 'package': 'abc-charts_1.4.5', 'message': 'no deps or dev-deps'}
{'statusCode': 0, 'package': 'abc-charts_1.4.6', 'message': 'no deps or dev-deps'}
{'statusCode': 0, 'package': 'abc-charts_1.4.7', 'message': 'no deps or dev-deps'}
{'statusCode': 0, 'package': 'abc-charts_1.4.8', 'message': 'no deps or dev-deps'}
{'statusCode': 0, 'package': 'abc-charts_1.4.9', 'message': 'no deps or dev-deps'}
{'statusCode': 0, 'package': 'abc-charts_1.4.10', 'message': 'no deps or dev-deps'}
{'statusCode': 0, 'package': 'abc-charts_1.5.0', 'message': 'no deps or dev-deps'}
{'statusCode': 0, 'package': 'abc-charts_1.5.1', 'message': 'no deps or dev-deps'}
{'statusCode': 0, 'package': 'abc-charts_1.5.2', 'message': 'no deps or dev-deps'}
{'statusCode': 0, 'package': 'abc-charts_1.6.0', 'message': 'no deps or dev-deps'}
{'statusCode': 0, 'package': 'abc-charts_1.6.1', 'message': 'no deps or dev-deps'}
{'statusCode': 0, 'package': 'abc-charts_1.6.2', 'message': 'no deps or dev-deps'}
{'statusCode': 0, 'package': 'abc-charts_1.6.3', 'message': 'no deps or dev-deps'}
{'statusCode': 0, 'package': 'abc-charts_1.6.4', 'message': 'no deps or dev-deps'}
{'statusCode': 0, 'package': 'abc-charts_1.6.5', 'message': 'no deps or dev-deps'}
{'statusCode': 0, 'package': 'abc-charts_1.6.6', 'message': 'no deps or dev-deps'}
{'statusCode': 0, 'package': 'abc-charts_1.7.0', 'message': 'no deps or dev-deps'}
{'statusCode': 0, 'package': 'abc-charts_1.7.1', 'message': 'no deps or dev-deps'}
{'statusCode': 0, 'package': 'abc-charts_1.7.2', 'message': 'no deps or dev-deps'}
{'statusCode': 0, 'package': 'abc-charts_1.7.3', 'message': 'no deps or dev-deps'}
{'statusCode': 0, 'package': 'abc-charts_1.8.0', 'message': 'no deps or dev-deps'}
{'statusCode': 0, 'package': 'abc-charts_1.8.1', 'message': 'no deps or dev-deps'}
{'statusCode': 0, 'package': 'abc-charts_1.8.2', 'message': 'no deps or dev-deps'}
{'statusCode': 0, 'package': 'abc-charts_1.8.3', 'message': 'no deps or dev-deps'}
{'statusCode': 0, 'package': 'abc-charts_1.8.4', 'message': 'no deps or dev-deps'}
{'statusCode': 0, 'package': 'abc-charts_1.8.5', 'message': 'no deps or dev-deps'}
{'statusCode': 0, 'package': 'abc-charts_1.8.6', 'message': 'no deps or dev-deps'}
{'statusCode': 0, 'package': 'abc-charts_1.8.7', 'message': 'no deps or dev-deps'}
{'statusCode': 0, 'package': 'abc-charts_1.8.8', 'message': 'no deps or dev-deps'}
{'statusCode': 0, 'package': 'abc-charts_1.8.9', 'message': 'no deps or dev-deps'}
{'statusCode': 0, 'package': 'abc-charts_1.8.10', 'message': 'no deps or dev-deps'}
{'statusCode': 0, 'package': 'abc-charts_1.8.11', 'message': 'no deps or dev-deps'}
{'statusCode': 0, 'package': 'abc-charts_1.9.0', 'message': 'no deps or dev-deps'}
{'statusCode': 0, 'package': 'abc-charts_1.9.1', 'message': 'no deps or dev-deps'}
{'statusCode': 0, 'package': 'abc-charts_1.9.2', 'message': 'no deps or dev-deps'}
{'statusCode': 0, 'package': 'abc-charts_1.9.3', 'message': 'no deps or dev-deps'}
{'statusCode': 0, 'package': 'abc-charts_1.10.0', 'message': 'no deps or dev-deps'}
{'statusCode': 0, 'package': 'abc-charts_1.10.1', 'message': 'no deps or dev-deps'}
{'statusCode': 0, 'package': 'abc-charts_1.10.2', 'message': 'no deps or dev-deps'}
{'statusCode': 0, 'package': 'abc-charts_1.11.0', 'message': 'no deps or dev-deps'}
{'statusCode': 0, 'package': 'abc-charts_1.11.1', 'message': 'no deps or dev-deps'}
{'statusCode': 0, 'package': 'abc-charts_1.11.2', 'message': 'no deps or dev-deps'}
{'statusCode': 0, 'package': 'abc-charts_1.11.3', 'message': 'no deps or dev-deps'}
{'statusCode': 0, 'package': 'abc-charts_1.11.4', 'message': 'no deps or dev-deps'}
{'statusCode': 0, 'package': 'abc-charts_1.11.5', 'message': 'no deps or dev-deps'}
{'statusCode': 0, 'package': 'abc-charts_1.11.6', 'message': 'no deps or dev-deps'}
{'statusCode': 0, 'package': 'abc-charts_1.11.7', 'message': 'no deps or dev-deps'}
{'statusCode': 0, 'package': 'abc-charts_1.11.8', 'message': 'no deps or dev-deps'}
{'statusCode': 0, 'package': 'abc-charts_1.11.9', 'message': 'no deps or dev-deps'}
{'statusCode': 0, 'package': 'abc-charts_1.11.10', 'message': 'no deps or dev-deps'}
{'statusCode': 404, 'package': 'abcddsafafs', 'message': 'HTTPError'}
{'statusCode': 404, 'package': 'abc-disassembler', 'message': 'HTTPError'}
{'statusCode': 0, 'package': 'abci_1.0.0', 'message': 'no deps or dev-deps'}
{'statusCode': 404, 'package': 'abcloud-analytics-client-react', 'message': 'HTTPError'}
{'statusCode': 404, 'package': 'ab/coreutils', 'message': 'HTTPError'}
{'statusCode': 404, 'package': 'ab/docregistry', 'message': 'HTTPError'}
{'statusCode': 0, 'package': 'abel_1.0.0', 'message': 'no deps or dev-deps'}
{'statusCode': 0, 'package': 'abel_1.0.0', 'message': 'no deps or dev-deps'}
{'statusCode': 0, 'package': 'abel_1.0.0', 'message': 'no deps or dev-deps'}
{'statusCode': 0, 'package': 'abel_1.0.0', 'message': 'no deps or dev-deps'}
{'statusCode': 0, 'package': 'abel_1.0.0', 'message': 'no deps or dev-deps'}
{'statusCode': 0, 'package': 'abel_1.0.0', 'message': 'no deps or dev-deps'}
{'statusCode': 0, 'package': 'abel_1.0.0', 'message': 'no deps or dev-deps'}
{'statusCode': 0, 'package': 'abel_1.0.0', 'message': 'no deps or dev-deps'}
{'statusCode': 0, 'package': 'abel_1.0.0', 'message': 'no deps or dev-deps'}
{'statusCode': 0, 'package': 'abel_1.0.0', 'message': 'no deps or dev-deps'}
{'statusCode': 0, 'package': 'abel_1.0.0', 'message': 'no deps or dev-deps'}
{'statusCode': 0, 'package': 'abel_1.0.0', 'message': 'no deps or dev-deps'}
{'statusCode': 0, 'package': 'abel_1.0.0', 'message': 'no deps or dev-deps'}
{'statusCode': 0, 'package': 'abel_1.0.0', 'message': 'no deps or dev-deps'}
{'statusCode': 0, 'package': 'abel_1.0.0', 'message': 'no deps or dev-deps'}
{'statusCode': 0, 'package': 'abel_1.0.0', 'message': 'no deps or dev-deps'}
{'statusCode': 0, 'package': 'abel_1.0.0', 'message': 'no deps or dev-deps'}
{'statusCode': 404, 'package': 'abel-helper-vue-jsx-merge-props', 'message': 'HTTPError'}
{'statusCode': 404, 'package': 'abel-helper-vue-jsx-merge-props', 'message': 'HTTPError'}
{'statusCode': 0, 'package': 'abel_1.0.0', 'message': 'no deps or dev-deps'}
{'statusCode': 404, 'package': 'abel-plugin-jsx', 'message': 'HTTPError'}
{'statusCode': 404, 'package': 'abel-plugin-transform-vue-jsx', 'message': 'HTTPError'}
{'statusCode': 404, 'package': 'abel-preprocessor', 'message': 'HTTPError'}
{'statusCode': 404, 'package': 'abel-preset-app', 'message': 'HTTPError'}
{'statusCode': 404, 'package': 'abel-preset-app', 'message': 'HTTPError'}
{'statusCode': 404, 'package': 'abel-preset-jsx', 'message': 'HTTPError'}
{'statusCode': 404, 'package': 'abel-preset-jsx', 'message': 'HTTPError'}
{'statusCode': 0, 'package': 'abel_1.0.0', 'message': 'no deps or dev-deps'}
{'statusCode': 0, 'package': 'abel_1.0.0', 'message': 'no deps or dev-deps'}
{'statusCode': 0, 'package': 'abel_1.0.0', 'message': 'no deps or dev-deps'}
{'statusCode': 0, 'package': 'abel_1.0.0', 'message': 'no deps or dev-deps'}
{'statusCode': 0, 'package': 'abel_1.0.0', 'message': 'no deps or dev-deps'}
{'statusCode': 0, 'package': 'abel_1.0.0', 'message': 'no deps or dev-deps'}
{'statusCode': 404, 'package': 'abe-spec', 'message': 'HTTPError'}
{'statusCode': 404, 'package': 'abibot-tsconfig', 'message': 'HTTPError'}
{'statusCode': 404, 'package': '@abide/tsconfig', 'message': 'HTTPError'}
{'statusCode': 404, 'package': 'abi-gen-templates', 'message': 'HTTPError'}
{'statusCode': 404, 'package': 'abl-common', 'message': 'HTTPError'}
{'statusCode': 404, 'package': 'abl-connect', 'message': 'HTTPError'}
{'statusCode': 404, 'package': 'ab/mainmenu', 'message': 'HTTPError'}
{'statusCode': 404, 'package': 'ab/notebook', 'message': 'HTTPError'}
{'statusCode': 0, 'package': 'abort-controller_0.0.0', 'message': 'no deps or dev-deps'}
{'statusCode': 0, 'package': 'abort-controller_0.0.0', 'message': 'no deps or dev-deps'}
{'statusCode': 0, 'package': 'abort-controller_0.0.0', 'message': 'no deps or dev-deps'}
{'statusCode': 200, 'package': 'abota-build', 'message': 'No versions found'}
{'statusCode': 404, 'package': '@aboutdotme/config', 'message': 'HTTPError'}
{'statusCode': 404, 'package': '@aboutdotme/health', 'message': 'HTTPError'}
{'statusCode': 404, 'package': '@aboutdotme/model', 'message': 'HTTPError'}
{'statusCode': 404, 'package': '@aboutdotme/node-lint', 'message': 'HTTPError'}
{'statusCode': 404, 'package': '@aboutdotme/sentry', 'message': 'HTTPError'}
{'statusCode': 404, 'package': '@aboutdotme/vero', 'message': 'HTTPError'}
{'statusCode': 404, 'package': '@about', 'message': 'HTTPError'}
{'statusCode': 404, 'package': '@about', 'message': 'HTTPError'}
{'statusCode': 404, 'package': '@aboutweb/proxy-scope', 'message': 'HTTPError'}
{'statusCode': 404, 'package': '@abowire/platform-library', 'message': 'HTTPError'}
{'statusCode': 404, 'package': 'a-bpmn-moddle', 'message': 'HTTPError'}
{'statusCode': 404, 'package': '@abpreact/tsconfig', 'message': 'HTTPError'}
{'statusCode': 0, 'package': 'abridged_0.0.2', 'message': 'no deps or dev-deps'}
{'statusCode': 0, 'package': 'abridged_0.0.3', 'message': 'no deps or dev-deps'}
{'statusCode': 200, 'package': 'abr-npm-5-test-1', 'message': 'No versions found'}
{'statusCode': 404, 'package': 'abs/buidler', 'message': 'HTTPError'}
{'statusCode': 404, 'package': 'abs/buidler-truffle5', 'message': 'HTTPError'}
{'statusCode': 404, 'package': 'abs/buidler-web3', 'message': 'HTTPError'}
{'statusCode': 0, 'package': '@absence/router-darwin-x64_1.0.0', 'message': 'no deps or dev-deps'}
{'statusCode': 0, 'package': '@absence/router-darwin-x64_1.0.0-rc.1', 'message': 'no deps or dev-deps'}
{'statusCode': 0, 'package': '@absence/router-darwin-x64_1.0.0-rc.2', 'message': 'no deps or dev-deps'}
{'statusCode': 0, 'package': '@absence/router-darwin-x64_1.0.0-alpha.3', 'message': 'no deps or dev-deps'}
{'statusCode': 0, 'package': '@absence/router-darwin-x64_2.0.0-alpha.0', 'message': 'no deps or dev-deps'}
{'statusCode': 0, 'package': '@absence/router-linux-x64-gnu_1.0.0', 'message': 'no deps or dev-deps'}
{'statusCode': 0, 'package': '@absence/router-linux-x64-gnu_1.0.0-rc.1', 'message': 'no deps or dev-deps'}
{'statusCode': 0, 'package': '@absence/router-linux-x64-gnu_1.0.0-rc.2', 'message': 'no deps or dev-deps'}
{'statusCode': 0, 'package': '@absence/router-linux-x64-gnu_1.0.0-alpha.3', 'message': 'no deps or dev-deps'}
{'statusCode': 0, 'package': '@absence/router-linux-x64-gnu_2.0.0-alpha.0', 'message': 'no deps or dev-deps'}
{'statusCode': 0, 'package': '@absence/router-win32-x64-msvc_1.0.0', 'message': 'no deps or dev-deps'}
{'statusCode': 0, 'package': '@absence/router-win32-x64-msvc_1.0.0-rc.1', 'message': 'no deps or dev-deps'}
{'statusCode': 0, 'package': '@absence/router-win32-x64-msvc_1.0.0-rc.2', 'message': 'no deps or dev-deps'}
{'statusCode': 0, 'package': '@absence/router-win32-x64-msvc_1.0.0-alpha.3', 'message': 'no deps or dev-deps'}
{'statusCode': 0, 'package': '@absence/router-win32-x64-msvc_2.0.0-alpha.0', 'message': 'no deps or dev-deps'}
{'statusCode': 404, 'package': '@absence/scripts', 'message': 'HTTPError'}
{'statusCode': 404, 'package': '@absence/scripts', 'message': 'HTTPError'}
{'statusCode': 404, 'package': 'ab/services', 'message': 'HTTPError'}
{'statusCode': 404, 'package': 'absio-base-sdk', 'message': 'HTTPError'}
{'statusCode': 404, 'package': 'absio-base-sdk', 'message': 'HTTPError'}
{'statusCode': 404, 'package': 'absio-base-sdk', 'message': 'HTTPError'}
{'statusCode': 404, 'package': 'absio-developer-util', 'message': 'HTTPError'}
{'statusCode': 404, 'package': 'absio-gulp-base', 'message': 'HTTPError'}
{'statusCode': 404, 'package': 'absio-gulp-base', 'message': 'HTTPError'}
{'statusCode': 404, 'package': 'absio-gulp-base', 'message': 'HTTPError'}
{'statusCode': 404, 'package': '@absolunet/manager-fixed', 'message': 'HTTPError'}
{'statusCode': 404, 'package': '@absolunet/manager-fixed', 'message': 'HTTPError'}
{'statusCode': 404, 'package': '@absolunet/manager-fixed', 'message': 'HTTPError'}
{'statusCode': 404, 'package': '@absolunet/manager-fixed', 'message': 'HTTPError'}
{'statusCode': 404, 'package': '@absolunet/manager-fixed', 'message': 'HTTPError'}
{'statusCode': 404, 'package': '@absolunet/tester-fixed', 'message': 'HTTPError'}
{'statusCode': 404, 'package': '@absolunet/tester-fixed', 'message': 'HTTPError'}
{'statusCode': 404, 'package': '@absolunet/tester-fixed', 'message': 'HTTPError'}
{'statusCode': 404, 'package': '@absolunet/tester-fixed', 'message': 'HTTPError'}
{'statusCode': 404, 'package': '@absolunet/tester-fixed', 'message': 'HTTPError'}
{'statusCode': 0, 'package': 'absolute_0.0.0', 'message': 'no deps or dev-deps'}
{'statusCode': 0, 'package': 'absolute_0.0.1', 'message': 'no deps or dev-deps'}
{'statusCode': 404, 'package': '-absolute', 'message': 'HTTPError'}
{'statusCode': 404, 'package': '@absoluteunit1/react', 'message': 'HTTPError'}
{'statusCode': 404, 'package': 'abs/react', 'message': 'HTTPError'}
{'statusCode': 404, 'package': 'abs/tokenized-euros', 'message': 'HTTPError'}
{'statusCode': 404, 'package': '@abstractball/autodoc-cli', 'message': 'HTTPError'}
{'statusCode': 404, 'package': '@abstractball/autodoc-cli', 'message': 'HTTPError'}
{'statusCode': 404, 'package': '@abstractball/autodoc-cli', 'message': 'HTTPError'}
{'statusCode': 404, 'package': '@abstractball/autodoc-cli', 'message': 'HTTPError'}
{'statusCode': 200, 'package': 'abstract-connection', 'message': 'No versions found'}
{'statusCode': 200, 'package': 'abstract-connection', 'message': 'No versions found'}
{'statusCode': 0, 'package': '@abstract-filesystem/types_0.0.1', 'message': 'no deps or dev-deps'}
{'statusCode': 0, 'package': 'abstract-sdk_0.1.0-pre', 'message': 'no deps or dev-deps'}
{'statusCode': 0, 'package': 'abstract-sdk_0.1.0-pre', 'message': 'no deps or dev-deps'}
{'statusCode': 0, 'package': 'abstract-sdk_0.1.0-pre', 'message': 'no deps or dev-deps'}
{'statusCode': 0, 'package': 'abstract-sdk_0.1.0-pre', 'message': 'no deps or dev-deps'}
{'statusCode': 200, 'package': 'abstract-transport', 'message': 'No versions found'}
{'statusCode': 0, 'package': 'absurd_0.0.1', 'message': 'no deps or dev-deps'}
{'statusCode': 0, 'package': 'absurd_0.0.1', 'message': 'no deps or dev-deps'}
{'statusCode': 404, 'package': 'absurd-0.3.158', 'message': 'HTTPError'}
{'statusCode': 0, 'package': 'absurd_0.0.1', 'message': 'no deps or dev-deps'}
{'statusCode': 0, 'package': '@abtasty/pulsar-common-ui_0.0.1-monorepo.1', 'message': 'no deps or dev-deps'}
{'statusCode': 0, 'package': '@abtasty/pulsar-common-ui_0.0.1-monorepo.2', 'message': 'no deps or dev-deps'}
{'statusCode': 0, 'package': '@abtasty/pulsar-common-ui_1.1.1-monorepo.0', 'message': 'no deps or dev-deps'}
{'statusCode': 0, 'package': '@abtasty/pulsar-common-ui_1.1.1-alpha.0', 'message': 'no deps or dev-deps'}
{'statusCode': 0, 'package': '@abtasty/pulsar-common-ui_1.1.1-alpha.1', 'message': 'no deps or dev-deps'}
{'statusCode': 0, 'package': '@abtasty/pulsar-common-ui_1.1.1-alpha.2', 'message': 'no deps or dev-deps'}
{'statusCode': 0, 'package': '@abtasty/pulsar-common-ui_1.1.1-alpha.3', 'message': 'no deps or dev-deps'}
{'statusCode': 0, 'package': '@abtasty/pulsar-common-ui_1.1.1-alpha.4', 'message': 'no deps or dev-deps'}
{'statusCode': 0, 'package': '@abtasty/pulsar-common-ui_1.1.1', 'message': 'no deps or dev-deps'}
{'statusCode': 0, 'package': '@abtasty/pulsar-common-ui_1.1.2-alpha.0', 'message': 'no deps or dev-deps'}
{'statusCode': 0, 'package': '@abtasty/pulsar-common-ui_1.1.3-monorepo.0', 'message': 'no deps or dev-deps'}
{'statusCode': 0, 'package': '@abtasty/pulsar-common-ui_1.1.3-monorepo.1', 'message': 'no deps or dev-deps'}
{'statusCode': 0, 'package': '@abtasty/pulsar-common-ui_1.1.3-monorepo.2', 'message': 'no deps or dev-deps'}
{'statusCode': 0, 'package': '@abtasty/pulsar-common-ui_1.1.3-monorepo.3', 'message': 'no deps or dev-deps'}
{'statusCode': 0, 'package': '@abtasty/pulsar-common-ui_1.1.3-monorepo.4', 'message': 'no deps or dev-deps'}
{'statusCode': 0, 'package': '@abtasty/pulsar-common-ui_1.1.3-monorepo.5', 'message': 'no deps or dev-deps'}
{'statusCode': 0, 'package': '@abtasty/pulsar-common-ui_1.1.3-monorepo.6', 'message': 'no deps or dev-deps'}
{'statusCode': 0, 'package': '@abtasty/pulsar-common-ui_1.1.3-monorepo.7', 'message': 'no deps or dev-deps'}
{'statusCode': 0, 'package': '@abtasty/pulsar-common-ui_1.1.89', 'message': 'no deps or dev-deps'}
{'statusCode': 0, 'package': '@abtasty/pulsar-common-ui_1.1.90', 'message': 'no deps or dev-deps'}
{'statusCode': 0, 'package': '@abtasty/pulsar-common-ui_1.1.91', 'message': 'no deps or dev-deps'}
{'statusCode': 0, 'package': '@abtasty/pulsar-common-ui_1.1.92', 'message': 'no deps or dev-deps'}
{'statusCode': 0, 'package': '@abtasty/pulsar-common-ui_1.1.93', 'message': 'no deps or dev-deps'}
{'statusCode': 0, 'package': '@abtasty/pulsar-common-ui_1.1.94', 'message': 'no deps or dev-deps'}
{'statusCode': 0, 'package': '@abtasty/pulsar-common-ui_1.1.95', 'message': 'no deps or dev-deps'}
{'statusCode': 0, 'package': '@abtasty/pulsar-common-ui_1.1.96', 'message': 'no deps or dev-deps'}
{'statusCode': 0, 'package': '@abtasty/pulsar-common-ui_1.1.97', 'message': 'no deps or dev-deps'}
{'statusCode': 0, 'package': '@abtasty/pulsar-common-ui_1.1.98', 'message': 'no deps or dev-deps'}
{'statusCode': 0, 'package': '@abtasty/pulsar-common-ui_1.1.99', 'message': 'no deps or dev-deps'}
{'statusCode': 0, 'package': '@abtasty/pulsar-common-ui_1.1.100', 'message': 'no deps or dev-deps'}
{'statusCode': 0, 'package': '@abtasty/pulsar-common-ui_1.1.101', 'message': 'no deps or dev-deps'}
{'statusCode': 0, 'package': '@abtasty/pulsar-common-ui_1.1.102', 'message': 'no deps or dev-deps'}
{'statusCode': 0, 'package': '@abtasty/pulsar-common-ui_1.1.103', 'message': 'no deps or dev-deps'}
{'statusCode': 0, 'package': '@abtasty/pulsar-common-ui_1.1.104', 'message': 'no deps or dev-deps'}
{'statusCode': 0, 'package': '@abtasty/pulsar-common-ui_1.1.105', 'message': 'no deps or dev-deps'}
{'statusCode': 0, 'package': '@abtasty/pulsar-common-ui_1.1.106', 'message': 'no deps or dev-deps'}
{'statusCode': 0, 'package': '@abtasty/pulsar-common-ui_1.1.107', 'message': 'no deps or dev-deps'}
{'statusCode': 0, 'package': '@abtasty/pulsar-common-ui_1.1.108', 'message': 'no deps or dev-deps'}
{'statusCode': 0, 'package': '@abtasty/pulsar-common-ui_1.1.109', 'message': 'no deps or dev-deps'}
{'statusCode': 0, 'package': '@abtasty/pulsar-common-ui_1.1.110', 'message': 'no deps or dev-deps'}
{'statusCode': 0, 'package': '@abtasty/pulsar-common-ui_1.1.111', 'message': 'no deps or dev-deps'}
{'statusCode': 0, 'package': '@abtasty/pulsar-common-ui_1.1.112', 'message': 'no deps or dev-deps'}
{'statusCode': 0, 'package': '@abtasty/pulsar-common-ui_1.1.113', 'message': 'no deps or dev-deps'}
{'statusCode': 0, 'package': '@abtasty/pulsar-common-ui_1.1.114', 'message': 'no deps or dev-deps'}
{'statusCode': 0, 'package': '@abtasty/pulsar-common-ui_1.1.115', 'message': 'no deps or dev-deps'}
{'statusCode': 0, 'package': '@abtasty/pulsar-common-ui_1.1.116', 'message': 'no deps or dev-deps'}
{'statusCode': 0, 'package': '@abtasty/pulsar-common-ui_1.1.117', 'message': 'no deps or dev-deps'}
{'statusCode': 0, 'package': '@abtasty/pulsar-common-ui_1.1.118', 'message': 'no deps or dev-deps'}
{'statusCode': 0, 'package': '@abtasty/pulsar-common-ui_1.1.119', 'message': 'no deps or dev-deps'}
{'statusCode': 0, 'package': '@abtasty/pulsar-common-ui_1.1.120', 'message': 'no deps or dev-deps'}
{'statusCode': 0, 'package': '@abtasty/pulsar-common-ui_1.1.121', 'message': 'no deps or dev-deps'}
{'statusCode': 0, 'package': '@abtasty/pulsar-common-ui_1.1.122', 'message': 'no deps or dev-deps'}
{'statusCode': 0, 'package': '@abtasty/pulsar-common-ui_1.1.123', 'message': 'no deps or dev-deps'}
{'statusCode': 0, 'package': '@abtasty/pulsar-common-ui_1.1.124', 'message': 'no deps or dev-deps'}
{'statusCode': 0, 'package': '@abtasty/pulsar-common-ui_1.1.125', 'message': 'no deps or dev-deps'}
{'statusCode': 0, 'package': '@abtasty/pulsar-common-ui_1.1.126', 'message': 'no deps or dev-deps'}
{'statusCode': 0, 'package': '@abtasty/pulsar-common-ui_1.1.127', 'message': 'no deps or dev-deps'}
{'statusCode': 0, 'package': '@abtasty/pulsar-common-ui_1.1.128', 'message': 'no deps or dev-deps'}
{'statusCode': 0, 'package': '@abtasty/pulsar-common-ui_1.1.129', 'message': 'no deps or dev-deps'}
{'statusCode': 0, 'package': '@abtasty/pulsar-common-ui_1.1.130', 'message': 'no deps or dev-deps'}
{'statusCode': 0, 'package': '@abtasty/pulsar-common-ui_1.1.131', 'message': 'no deps or dev-deps'}
{'statusCode': 0, 'package': '@abtasty/pulsar-common-ui_1.1.132', 'message': 'no deps or dev-deps'}
{'statusCode': 0, 'package': '@abtasty/pulsar-common-ui_1.1.133', 'message': 'no deps or dev-deps'}
{'statusCode': 0, 'package': '@abtasty/pulsar-common-ui_1.1.134', 'message': 'no deps or dev-deps'}
{'statusCode': 0, 'package': '@abtasty/pulsar-common-ui_1.1.135', 'message': 'no deps or dev-deps'}
{'statusCode': 0, 'package': '@abtasty/pulsar-common-ui_1.1.136', 'message': 'no deps or dev-deps'}
{'statusCode': 0, 'package': '@abtasty/pulsar-common-ui_1.1.137', 'message': 'no deps or dev-deps'}
{'statusCode': 0, 'package': '@abtasty/pulsar-common-ui_1.1.139', 'message': 'no deps or dev-deps'}
{'statusCode': 0, 'package': '@abtasty/pulsar-common-ui_1.1.140', 'message': 'no deps or dev-deps'}
{'statusCode': 0, 'package': '@abtasty/pulsar-common-ui_1.1.141', 'message': 'no deps or dev-deps'}
{'statusCode': 0, 'package': '@abtasty/pulsar-common-ui_1.1.142', 'message': 'no deps or dev-deps'}
{'statusCode': 0, 'package': '@abtasty/pulsar-common-ui_1.1.143', 'message': 'no deps or dev-deps'}
{'statusCode': 0, 'package': '@abtasty/pulsar-common-ui_1.1.144', 'message': 'no deps or dev-deps'}
{'statusCode': 0, 'package': '@abtasty/pulsar-common-ui_1.1.145', 'message': 'no deps or dev-deps'}
{'statusCode': 0, 'package': '@abtasty/pulsar-common-ui_1.1.146', 'message': 'no deps or dev-deps'}
{'statusCode': 0, 'package': '@abtasty/pulsar-common-ui_1.1.147', 'message': 'no deps or dev-deps'}
{'statusCode': 0, 'package': '@abtasty/pulsar-common-ui_1.1.148', 'message': 'no deps or dev-deps'}
{'statusCode': 0, 'package': '@abtasty/pulsar-common-ui_1.1.149', 'message': 'no deps or dev-deps'}
{'statusCode': 0, 'package': '@abtasty/pulsar-common-ui_1.1.150', 'message': 'no deps or dev-deps'}
{'statusCode': 0, 'package': '@abtasty/pulsar-common-ui_1.1.151', 'message': 'no deps or dev-deps'}
{'statusCode': 0, 'package': '@abtasty/pulsar-common-ui_1.1.152', 'message': 'no deps or dev-deps'}
{'statusCode': 0, 'package': '@abtasty/pulsar-common-ui_1.1.153', 'message': 'no deps or dev-deps'}
{'statusCode': 0, 'package': '@abtasty/pulsar-common-ui_1.1.154', 'message': 'no deps or dev-deps'}
{'statusCode': 0, 'package': '@abtasty/pulsar-common-ui_1.1.155', 'message': 'no deps or dev-deps'}
{'statusCode': 0, 'package': '@abtasty/pulsar-common-ui_1.1.156', 'message': 'no deps or dev-deps'}
{'statusCode': 0, 'package': '@abtasty/pulsar-common-ui_1.1.157', 'message': 'no deps or dev-deps'}
{'statusCode': 404, 'package': '@abtastytech/pulsar-common-ui', 'message': 'HTTPError'}
{'statusCode': 0, 'package': '@abtnode/schema_0.2.2', 'message': 'no deps or dev-deps'}
{'statusCode': 0, 'package': '@abtnode/schema_0.2.6', 'message': 'no deps or dev-deps'}
{'statusCode': 0, 'package': '@abtnode/schema_0.3.1', 'message': 'no deps or dev-deps'}
{'statusCode': 0, 'package': '@abtnode/schema_0.3.7', 'message': 'no deps or dev-deps'}
{'statusCode': 0, 'package': '@abtnode/schema_0.3.8', 'message': 'no deps or dev-deps'}
{'statusCode': 0, 'package': '@abtnode/schema_0.4.0', 'message': 'no deps or dev-deps'}
{'statusCode': 0, 'package': '@abtnode/schema_0.4.11', 'message': 'no deps or dev-deps'}
{'statusCode': 0, 'package': '@abtnode/schema_0.4.18', 'message': 'no deps or dev-deps'}
{'statusCode': 0, 'package': '@abtnode/schema_0.5.0', 'message': 'no deps or dev-deps'}
{'statusCode': 0, 'package': '@abtnode/schema_0.5.12', 'message': 'no deps or dev-deps'}
{'statusCode': 0, 'package': '@abtnode/schema_0.5.13', 'message': 'no deps or dev-deps'}
{'statusCode': 0, 'package': '@abtnode/schema_0.5.17', 'message': 'no deps or dev-deps'}
{'statusCode': 0, 'package': '@abtnode/schema_0.6.0', 'message': 'no deps or dev-deps'}
{'statusCode': 0, 'package': '@abtnode/schema_0.6.16', 'message': 'no deps or dev-deps'}
{'statusCode': 0, 'package': '@abtnode/schema_0.6.29', 'message': 'no deps or dev-deps'}
{'statusCode': 0, 'package': '@abtnode/schema_0.6.30', 'message': 'no deps or dev-deps'}
{'statusCode': 0, 'package': '@abtnode/schema_0.6.40', 'message': 'no deps or dev-deps'}
{'statusCode': 0, 'package': '@abtnode/schema_0.7.0', 'message': 'no deps or dev-deps'}
{'statusCode': 0, 'package': '@abtnode/schema_0.8.0', 'message': 'no deps or dev-deps'}
{'statusCode': 0, 'package': '@abtnode/schema_0.8.7', 'message': 'no deps or dev-deps'}
{'statusCode': 0, 'package': '@abtnode/schema_0.8.9', 'message': 'no deps or dev-deps'}
{'statusCode': 0, 'package': '@abtnode/schema_0.8.14', 'message': 'no deps or dev-deps'}
{'statusCode': 0, 'package': '@abtnode/schema_0.8.16', 'message': 'no deps or dev-deps'}
{'statusCode': 0, 'package': '@abtnode/schema_0.9.0', 'message': 'no deps or dev-deps'}
{'statusCode': 0, 'package': '@abtnode/schema_0.9.3', 'message': 'no deps or dev-deps'}
{'statusCode': 0, 'package': '@abtnode/schema_0.9.4', 'message': 'no deps or dev-deps'}
{'statusCode': 0, 'package': '@abtnode/schema_0.9.8', 'message': 'no deps or dev-deps'}
{'statusCode': 0, 'package': '@abtnode/schema_0.9.9', 'message': 'no deps or dev-deps'}
{'statusCode': 0, 'package': '@abtnode/schema_1.0.0', 'message': 'no deps or dev-deps'}
{'statusCode': 0, 'package': '@abtnode/schema_1.0.3', 'message': 'no deps or dev-deps'}
{'statusCode': 0, 'package': '@abtnode/schema_1.0.5', 'message': 'no deps or dev-deps'}
{'statusCode': 0, 'package': '@abtnode/schema_1.0.6', 'message': 'no deps or dev-deps'}
{'statusCode': 0, 'package': '@abtnode/schema_1.0.7', 'message': 'no deps or dev-deps'}
{'statusCode': 0, 'package': '@abtnode/schema_1.0.8', 'message': 'no deps or dev-deps'}
{'statusCode': 0, 'package': '@abtnode/schema_1.0.9', 'message': 'no deps or dev-deps'}
{'statusCode': 0, 'package': '@abtnode/schema_1.0.10', 'message': 'no deps or dev-deps'}
{'statusCode': 0, 'package': '@abtnode/schema_1.0.11', 'message': 'no deps or dev-deps'}
{'statusCode': 0, 'package': '@abtnode/schema_1.0.12', 'message': 'no deps or dev-deps'}
{'statusCode': 0, 'package': '@abtnode/schema_1.0.13', 'message': 'no deps or dev-deps'}
{'statusCode': 0, 'package': '@abtnode/schema_1.0.14', 'message': 'no deps or dev-deps'}
{'statusCode': 0, 'package': '@abtnode/schema_1.0.15', 'message': 'no deps or dev-deps'}
{'statusCode': 0, 'package': '@abtnode/schema_1.0.16', 'message': 'no deps or dev-deps'}
{'statusCode': 0, 'package': '@abtnode/schema_1.0.18', 'message': 'no deps or dev-deps'}
{'statusCode': 0, 'package': '@abtnode/schema_1.0.19', 'message': 'no deps or dev-deps'}
{'statusCode': 0, 'package': '@abtnode/schema_1.0.20', 'message': 'no deps or dev-deps'}
{'statusCode': 0, 'package': '@abtnode/schema_1.0.17-alpha.23', 'message': 'no deps or dev-deps'}
{'statusCode': 0, 'package': '@abtnode/schema_1.0.21', 'message': 'no deps or dev-deps'}
{'statusCode': 0, 'package': '@abtnode/schema_1.0.22', 'message': 'no deps or dev-deps'}
{'statusCode': 0, 'package': '@abtnode/schema_1.0.23', 'message': 'no deps or dev-deps'}
{'statusCode': 0, 'package': '@abtnode/schema_1.0.24', 'message': 'no deps or dev-deps'}
{'statusCode': 0, 'package': '@abtnode/schema_1.0.25', 'message': 'no deps or dev-deps'}
{'statusCode': 0, 'package': '@abtnode/schema_1.0.26', 'message': 'no deps or dev-deps'}
{'statusCode': 0, 'package': '@abtnode/schema_1.0.27', 'message': 'no deps or dev-deps'}
{'statusCode': 0, 'package': '@abtnode/schema_1.0.28', 'message': 'no deps or dev-deps'}
{'statusCode': 0, 'package': '@abtnode/schema_1.0.29', 'message': 'no deps or dev-deps'}
{'statusCode': 0, 'package': '@abtnode/schema_1.0.30', 'message': 'no deps or dev-deps'}
{'statusCode': 0, 'package': '@abtnode/schema_1.0.31', 'message': 'no deps or dev-deps'}
{'statusCode': 0, 'package': '@abtnode/schema_1.0.32', 'message': 'no deps or dev-deps'}
{'statusCode': 0, 'package': '@abtnode/schema_1.0.33', 'message': 'no deps or dev-deps'}
{'statusCode': 0, 'package': '@abtnode/schema_1.0.34', 'message': 'no deps or dev-deps'}
{'statusCode': 0, 'package': '@abtnode/schema_1.0.35', 'message': 'no deps or dev-deps'}
{'statusCode': 0, 'package': '@abtnode/schema_1.0.36', 'message': 'no deps or dev-deps'}
{'statusCode': 0, 'package': '@abtnode/schema_1.0.37', 'message': 'no deps or dev-deps'}
{'statusCode': 0, 'package': '@abtnode/schema_1.0.38', 'message': 'no deps or dev-deps'}
{'statusCode': 0, 'package': '@abtnode/schema_1.0.39', 'message': 'no deps or dev-deps'}
{'statusCode': 0, 'package': '@abtnode/schema_1.0.40', 'message': 'no deps or dev-deps'}
{'statusCode': 0, 'package': '@abtnode/schema_1.0.41', 'message': 'no deps or dev-deps'}
{'statusCode': 0, 'package': '@abtnode/schema_1.1.0', 'message': 'no deps or dev-deps'}
{'statusCode': 0, 'package': '@abtnode/schema_1.1.1', 'message': 'no deps or dev-deps'}
{'statusCode': 0, 'package': '@abtnode/schema_1.1.2', 'message': 'no deps or dev-deps'}
{'statusCode': 0, 'package': '@abtnode/schema_1.1.3', 'message': 'no deps or dev-deps'}
{'statusCode': 0, 'package': '@abtnode/schema_1.1.4', 'message': 'no deps or dev-deps'}
{'statusCode': 0, 'package': '@abtnode/schema_1.1.5', 'message': 'no deps or dev-deps'}
{'statusCode': 0, 'package': '@abtnode/schema_1.1.6', 'message': 'no deps or dev-deps'}
{'statusCode': 0, 'package': '@abtnode/schema_1.1.7', 'message': 'no deps or dev-deps'}
{'statusCode': 0, 'package': '@abtnode/schema_1.1.8', 'message': 'no deps or dev-deps'}
{'statusCode': 0, 'package': '@abtnode/schema_1.1.9', 'message': 'no deps or dev-deps'}
{'statusCode': 0, 'package': '@abtnode/schema_1.1.11', 'message': 'no deps or dev-deps'}
{'statusCode': 0, 'package': '@abtnode/schema_1.1.12', 'message': 'no deps or dev-deps'}
{'statusCode': 0, 'package': '@abtnode/schema_1.1.15', 'message': 'no deps or dev-deps'}
{'statusCode': 0, 'package': '@abtnode/schema_1.1.16', 'message': 'no deps or dev-deps'}
{'statusCode': 0, 'package': '@abtnode/schema_1.1.17', 'message': 'no deps or dev-deps'}
{'statusCode': 0, 'package': '@abtnode/schema_1.1.18', 'message': 'no deps or dev-deps'}
{'statusCode': 0, 'package': '@abtnode/schema_1.2.0-prerelease.0', 'message': 'no deps or dev-deps'}
{'statusCode': 0, 'package': '@abtnode/schema_1.2.0-prerelease.1', 'message': 'no deps or dev-deps'}
{'statusCode': 0, 'package': '@abtnode/schema_1.2.0', 'message': 'no deps or dev-deps'}
{'statusCode': 0, 'package': '@abtnode/schema_1.2.1', 'message': 'no deps or dev-deps'}
{'statusCode': 0, 'package': '@abtnode/schema_1.2.2', 'message': 'no deps or dev-deps'}
{'statusCode': 0, 'package': '@abtnode/schema_1.2.3', 'message': 'no deps or dev-deps'}
{'statusCode': 0, 'package': '@abtnode/schema_1.2.4', 'message': 'no deps or dev-deps'}
{'statusCode': 0, 'package': '@abtnode/schema_1.2.5', 'message': 'no deps or dev-deps'}
{'statusCode': 0, 'package': '@abtnode/schema_1.2.6', 'message': 'no deps or dev-deps'}
{'statusCode': 0, 'package': '@abtnode/schema_1.2.7', 'message': 'no deps or dev-deps'}
{'statusCode': 0, 'package': '@abtnode/schema_1.2.8', 'message': 'no deps or dev-deps'}
{'statusCode': 0, 'package': '@abtnode/schema_1.2.9', 'message': 'no deps or dev-deps'}
{'statusCode': 0, 'package': '@abtnode/schema_1.2.10', 'message': 'no deps or dev-deps'}
{'statusCode': 0, 'package': '@abtnode/schema_1.2.11', 'message': 'no deps or dev-deps'}
{'statusCode': 0, 'package': '@abtnode/schema_1.2.12', 'message': 'no deps or dev-deps'}
{'statusCode': 0, 'package': '@abtnode/schema_1.2.13', 'message': 'no deps or dev-deps'}
{'statusCode': 0, 'package': '@abtnode/schema_1.2.14', 'message': 'no deps or dev-deps'}
{'statusCode': 0, 'package': '@abtnode/schema_1.3.0', 'message': 'no deps or dev-deps'}
{'statusCode': 0, 'package': '@abtnode/schema_1.3.1', 'message': 'no deps or dev-deps'}
{'statusCode': 0, 'package': '@abtnode/schema_1.3.2', 'message': 'no deps or dev-deps'}
{'statusCode': 0, 'package': '@abtnode/schema_1.3.3', 'message': 'no deps or dev-deps'}
{'statusCode': 0, 'package': '@abtnode/schema_1.3.4', 'message': 'no deps or dev-deps'}
{'statusCode': 0, 'package': '@abtnode/schema_1.3.5', 'message': 'no deps or dev-deps'}
{'statusCode': 0, 'package': '@abtnode/schema_1.3.6', 'message': 'no deps or dev-deps'}
{'statusCode': 0, 'package': '@abtnode/schema_1.3.7', 'message': 'no deps or dev-deps'}
{'statusCode': 0, 'package': '@abtnode/schema_1.3.8', 'message': 'no deps or dev-deps'}
{'statusCode': 0, 'package': '@abtnode/schema_1.3.9', 'message': 'no deps or dev-deps'}
{'statusCode': 0, 'package': '@abtnode/schema_1.3.10', 'message': 'no deps or dev-deps'}
{'statusCode': 0, 'package': '@abtnode/schema_1.3.11', 'message': 'no deps or dev-deps'}
{'statusCode': 0, 'package': '@abtnode/schema_1.3.12', 'message': 'no deps or dev-deps'}
{'statusCode': 0, 'package': '@abtnode/schema_1.3.13', 'message': 'no deps or dev-deps'}
{'statusCode': 0, 'package': '@abtnode/schema_1.3.14', 'message': 'no deps or dev-deps'}
{'statusCode': 0, 'package': '@abtnode/schema_1.3.15', 'message': 'no deps or dev-deps'}
{'statusCode': 0, 'package': '@abtnode/schema_1.3.16', 'message': 'no deps or dev-deps'}
{'statusCode': 0, 'package': '@abtnode/schema_1.3.17', 'message': 'no deps or dev-deps'}
{'statusCode': 0, 'package': '@abtnode/schema_1.3.18', 'message': 'no deps or dev-deps'}
{'statusCode': 0, 'package': '@abtnode/schema_1.3.19', 'message': 'no deps or dev-deps'}
{'statusCode': 0, 'package': '@abtnode/schema_1.4.0', 'message': 'no deps or dev-deps'}
{'statusCode': 0, 'package': '@abtnode/schema_1.4.1', 'message': 'no deps or dev-deps'}
{'statusCode': 0, 'package': '@abtnode/schema_1.4.2', 'message': 'no deps or dev-deps'}
{'statusCode': 0, 'package': '@abtnode/schema_1.4.3', 'message': 'no deps or dev-deps'}
{'statusCode': 0, 'package': '@abtnode/schema_1.4.4', 'message': 'no deps or dev-deps'}
{'statusCode': 0, 'package': '@abtnode/schema_1.4.5', 'message': 'no deps or dev-deps'}
{'statusCode': 0, 'package': '@abtnode/schema_1.4.6', 'message': 'no deps or dev-deps'}
{'statusCode': 0, 'package': '@abtnode/schema_1.4.7', 'message': 'no deps or dev-deps'}
{'statusCode': 0, 'package': '@abtnode/schema_1.4.8', 'message': 'no deps or dev-deps'}
{'statusCode': 0, 'package': '@abtnode/schema_1.4.9', 'message': 'no deps or dev-deps'}
{'statusCode': 0, 'package': '@abtnode/schema_1.4.10', 'message': 'no deps or dev-deps'}
{'statusCode': 0, 'package': '@abtnode/schema_1.4.11', 'message': 'no deps or dev-deps'}
{'statusCode': 0, 'package': '@abtnode/schema_1.4.12', 'message': 'no deps or dev-deps'}
{'statusCode': 0, 'package': '@abtnode/schema_1.4.13', 'message': 'no deps or dev-deps'}
{'statusCode': 0, 'package': '@abtnode/schema_1.4.14', 'message': 'no deps or dev-deps'}
{'statusCode': 0, 'package': '@abtnode/schema_1.5.0', 'message': 'no deps or dev-deps'}
{'statusCode': 0, 'package': '@abtnode/schema_1.5.1', 'message': 'no deps or dev-deps'}
{'statusCode': 0, 'package': '@abtnode/schema_1.5.2', 'message': 'no deps or dev-deps'}
{'statusCode': 0, 'package': '@abtnode/schema_1.5.3', 'message': 'no deps or dev-deps'}
{'statusCode': 0, 'package': '@abtnode/schema_1.5.4', 'message': 'no deps or dev-deps'}
{'statusCode': 0, 'package': '@abtnode/schema_1.5.5', 'message': 'no deps or dev-deps'}
{'statusCode': 0, 'package': '@abtnode/schema_1.5.6', 'message': 'no deps or dev-deps'}
{'statusCode': 0, 'package': '@abtnode/schema_1.5.7', 'message': 'no deps or dev-deps'}
{'statusCode': 0, 'package': '@abtnode/schema_1.5.8', 'message': 'no deps or dev-deps'}
{'statusCode': 0, 'package': '@abtnode/schema_1.5.9', 'message': 'no deps or dev-deps'}
{'statusCode': 0, 'package': '@abtnode/schema_1.5.10', 'message': 'no deps or dev-deps'}
{'statusCode': 0, 'package': '@abtnode/schema_1.5.11', 'message': 'no deps or dev-deps'}
{'statusCode': 0, 'package': '@abtnode/schema_1.5.12', 'message': 'no deps or dev-deps'}
{'statusCode': 0, 'package': '@abtnode/schema_1.5.13', 'message': 'no deps or dev-deps'}
{'statusCode': 0, 'package': '@abtnode/schema_1.5.14', 'message': 'no deps or dev-deps'}
{'statusCode': 0, 'package': '@abtnode/schema_1.5.15', 'message': 'no deps or dev-deps'}
{'statusCode': 0, 'package': '@abtnode/schema_1.5.16', 'message': 'no deps or dev-deps'}
{'statusCode': 0, 'package': '@abtnode/schema_1.15.17', 'message': 'no deps or dev-deps'}
{'statusCode': 0, 'package': '@abtnode/schema_1.5.17', 'message': 'no deps or dev-deps'}
{'statusCode': 0, 'package': '@abtnode/schema_1.5.18', 'message': 'no deps or dev-deps'}
{'statusCode': 0, 'package': '@abtnode/schema_1.5.19', 'message': 'no deps or dev-deps'}
{'statusCode': 0, 'package': '@abtnode/schema_1.5.20', 'message': 'no deps or dev-deps'}
{'statusCode': 0, 'package': '@abtnode/schema_1.5.21', 'message': 'no deps or dev-deps'}
{'statusCode': 0, 'package': '@abtnode/schema_1.6.0', 'message': 'no deps or dev-deps'}
{'statusCode': 0, 'package': '@abtnode/schema_1.6.1', 'message': 'no deps or dev-deps'}
{'statusCode': 0, 'package': '@abtnode/schema_1.6.2', 'message': 'no deps or dev-deps'}
{'statusCode': 0, 'package': '@abtnode/schema_1.6.3', 'message': 'no deps or dev-deps'}
{'statusCode': 0, 'package': '@abtnode/schema_1.6.4', 'message': 'no deps or dev-deps'}
{'statusCode': 0, 'package': '@abtnode/schema_1.6.5', 'message': 'no deps or dev-deps'}
{'statusCode': 0, 'package': '@abtnode/schema_1.6.6', 'message': 'no deps or dev-deps'}
{'statusCode': 0, 'package': '@abtnode/schema_1.6.7', 'message': 'no deps or dev-deps'}
{'statusCode': 0, 'package': '@abtnode/schema_1.6.8', 'message': 'no deps or dev-deps'}
{'statusCode': 0, 'package': '@abtnode/schema_1.6.9', 'message': 'no deps or dev-deps'}
{'statusCode': 0, 'package': '@abtnode/schema_1.6.10', 'message': 'no deps or dev-deps'}
{'statusCode': 0, 'package': '@abtnode/schema_1.6.11', 'message': 'no deps or dev-deps'}
{'statusCode': 0, 'package': '@abtnode/schema_1.6.12', 'message': 'no deps or dev-deps'}
{'statusCode': 0, 'package': '@abtnode/schema_1.6.13', 'message': 'no deps or dev-deps'}
{'statusCode': 0, 'package': '@abtnode/schema_1.6.14', 'message': 'no deps or dev-deps'}
{'statusCode': 0, 'package': '@abtnode/schema_1.6.15', 'message': 'no deps or dev-deps'}
{'statusCode': 0, 'package': '@abtnode/schema_1.6.16', 'message': 'no deps or dev-deps'}
{'statusCode': 0, 'package': '@abtnode/schema_1.6.17', 'message': 'no deps or dev-deps'}
{'statusCode': 0, 'package': '@abtnode/schema_1.6.18', 'message': 'no deps or dev-deps'}
{'statusCode': 0, 'package': '@abtnode/schema_1.6.19', 'message': 'no deps or dev-deps'}
{'statusCode': 0, 'package': '@abtnode/schema_1.6.20', 'message': 'no deps or dev-deps'}
{'statusCode': 0, 'package': '@abtnode/schema_1.6.21', 'message': 'no deps or dev-deps'}
{'statusCode': 0, 'package': '@abtnode/schema_1.6.22', 'message': 'no deps or dev-deps'}
{'statusCode': 0, 'package': '@abtnode/schema_1.6.23', 'message': 'no deps or dev-deps'}
{'statusCode': 0, 'package': '@abtnode/schema_1.6.24', 'message': 'no deps or dev-deps'}
{'statusCode': 0, 'package': '@abtnode/schema_1.6.25', 'message': 'no deps or dev-deps'}
{'statusCode': 0, 'package': '@abtnode/schema_1.6.26', 'message': 'no deps or dev-deps'}
{'statusCode': 0, 'package': '@abtnode/schema_1.6.27', 'message': 'no deps or dev-deps'}
{'statusCode': 0, 'package': '@abtnode/schema_1.6.28', 'message': 'no deps or dev-deps'}
{'statusCode': 0, 'package': '@abtnode/schema_1.6.29', 'message': 'no deps or dev-deps'}
{'statusCode': 0, 'package': '@abtnode/schema_1.6.30', 'message': 'no deps or dev-deps'}
{'statusCode': 0, 'package': '@abtnode/schema_1.6.31', 'message': 'no deps or dev-deps'}
{'statusCode': 0, 'package': '@abtnode/schema_1.7.0', 'message': 'no deps or dev-deps'}
{'statusCode': 0, 'package': '@abtnode/schema_1.7.1', 'message': 'no deps or dev-deps'}
{'statusCode': 0, 'package': '@abtnode/schema_1.7.2', 'message': 'no deps or dev-deps'}
{'statusCode': 0, 'package': '@abtnode/schema_1.7.3', 'message': 'no deps or dev-deps'}
{'statusCode': 0, 'package': '@abtnode/schema_1.7.4', 'message': 'no deps or dev-deps'}
{'statusCode': 0, 'package': '@abtnode/schema_1.7.5', 'message': 'no deps or dev-deps'}
{'statusCode': 0, 'package': '@abtnode/schema_1.7.6', 'message': 'no deps or dev-deps'}
{'statusCode': 0, 'package': '@abtnode/schema_1.7.7', 'message': 'no deps or dev-deps'}
{'statusCode': 0, 'package': '@abtnode/schema_1.7.8', 'message': 'no deps or dev-deps'}
{'statusCode': 0, 'package': '@abtnode/schema_1.7.9', 'message': 'no deps or dev-deps'}
{'statusCode': 0, 'package': '@abtnode/schema_1.7.10', 'message': 'no deps or dev-deps'}
{'statusCode': 0, 'package': '@abtnode/schema_1.7.11', 'message': 'no deps or dev-deps'}
{'statusCode': 0, 'package': '@abtnode/schema_1.7.12', 'message': 'no deps or dev-deps'}
{'statusCode': 0, 'package': '@abtnode/schema_1.7.13', 'message': 'no deps or dev-deps'}
{'statusCode': 0, 'package': '@abtnode/schema_1.7.14', 'message': 'no deps or dev-deps'}
{'statusCode': 0, 'package': '@abtnode/schema_1.7.15', 'message': 'no deps or dev-deps'}
{'statusCode': 0, 'package': '@abtnode/schema_1.7.16', 'message': 'no deps or dev-deps'}
{'statusCode': 0, 'package': '@abtnode/schema_1.7.17', 'message': 'no deps or dev-deps'}
{'statusCode': 0, 'package': '@abtnode/schema_1.7.18', 'message': 'no deps or dev-deps'}
{'statusCode': 0, 'package': '@abtnode/schema_1.7.19', 'message': 'no deps or dev-deps'}
{'statusCode': 0, 'package': '@abtnode/schema_1.7.20', 'message': 'no deps or dev-deps'}
{'statusCode': 0, 'package': '@abtnode/schema_1.7.21', 'message': 'no deps or dev-deps'}
{'statusCode': 0, 'package': '@abtnode/schema_1.7.22', 'message': 'no deps or dev-deps'}
{'statusCode': 0, 'package': '@abtnode/schema_1.7.23', 'message': 'no deps or dev-deps'}
{'statusCode': 0, 'package': '@abtnode/schema_1.7.24', 'message': 'no deps or dev-deps'}
{'statusCode': 0, 'package': '@abtnode/schema_1.7.25', 'message': 'no deps or dev-deps'}
{'statusCode': 0, 'package': '@abtnode/schema_1.7.26', 'message': 'no deps or dev-deps'}
{'statusCode': 0, 'package': '@abtnode/schema_1.7.27', 'message': 'no deps or dev-deps'}
{'statusCode': 0, 'package': '@abtnode/schema_1.8.0', 'message': 'no deps or dev-deps'}
{'statusCode': 0, 'package': '@abtnode/schema_1.8.1', 'message': 'no deps or dev-deps'}
{'statusCode': 0, 'package': '@abtnode/schema_1.8.2', 'message': 'no deps or dev-deps'}
{'statusCode': 0, 'package': '@abtnode/schema_1.8.3', 'message': 'no deps or dev-deps'}
{'statusCode': 0, 'package': '@abtnode/schema_0.2.2', 'message': 'no deps or dev-deps'}
{'statusCode': 0, 'package': '@abtnode/schema_0.2.6', 'message': 'no deps or dev-deps'}
{'statusCode': 0, 'package': '@abtnode/schema_0.3.1', 'message': 'no deps or dev-deps'}
{'statusCode': 0, 'package': '@abtnode/schema_0.3.7', 'message': 'no deps or dev-deps'}
{'statusCode': 0, 'package': '@abtnode/schema_0.3.8', 'message': 'no deps or dev-deps'}
{'statusCode': 0, 'package': '@abtnode/schema_0.4.0', 'message': 'no deps or dev-deps'}
{'statusCode': 0, 'package': '@abtnode/schema_0.4.11', 'message': 'no deps or dev-deps'}
{'statusCode': 0, 'package': '@abtnode/schema_0.4.18', 'message': 'no deps or dev-deps'}
{'statusCode': 0, 'package': '@abtnode/schema_0.5.0', 'message': 'no deps or dev-deps'}
{'statusCode': 0, 'package': '@abtnode/schema_0.5.12', 'message': 'no deps or dev-deps'}
{'statusCode': 0, 'package': '@abtnode/schema_0.5.13', 'message': 'no deps or dev-deps'}
{'statusCode': 0, 'package': '@abtnode/schema_0.5.17', 'message': 'no deps or dev-deps'}
{'statusCode': 0, 'package': '@abtnode/schema_0.6.0', 'message': 'no deps or dev-deps'}
{'statusCode': 0, 'package': '@abtnode/schema_0.6.16', 'message': 'no deps or dev-deps'}
{'statusCode': 0, 'package': '@abtnode/schema_0.6.29', 'message': 'no deps or dev-deps'}
{'statusCode': 0, 'package': '@abtnode/schema_0.6.30', 'message': 'no deps or dev-deps'}
{'statusCode': 0, 'package': '@abtnode/schema_0.6.40', 'message': 'no deps or dev-deps'}
{'statusCode': 0, 'package': '@abtnode/schema_0.7.0', 'message': 'no deps or dev-deps'}
{'statusCode': 0, 'package': '@abtnode/schema_0.8.0', 'message': 'no deps or dev-deps'}
{'statusCode': 0, 'package': '@abtnode/schema_0.8.7', 'message': 'no deps or dev-deps'}
{'statusCode': 0, 'package': '@abtnode/schema_0.8.9', 'message': 'no deps or dev-deps'}
{'statusCode': 0, 'package': '@abtnode/schema_0.8.14', 'message': 'no deps or dev-deps'}
{'statusCode': 0, 'package': '@abtnode/schema_0.8.16', 'message': 'no deps or dev-deps'}
{'statusCode': 0, 'package': '@abtnode/schema_0.9.0', 'message': 'no deps or dev-deps'}
{'statusCode': 0, 'package': '@abtnode/schema_0.9.3', 'message': 'no deps or dev-deps'}
{'statusCode': 0, 'package': '@abtnode/schema_0.9.4', 'message': 'no deps or dev-deps'}
{'statusCode': 0, 'package': '@abtnode/schema_0.9.8', 'message': 'no deps or dev-deps'}
{'statusCode': 0, 'package': '@abtnode/schema_0.9.9', 'message': 'no deps or dev-deps'}
{'statusCode': 0, 'package': '@abtnode/schema_1.0.0', 'message': 'no deps or dev-deps'}
{'statusCode': 0, 'package': '@abtnode/schema_1.0.3', 'message': 'no deps or dev-deps'}
{'statusCode': 0, 'package': '@abtnode/schema_1.0.5', 'message': 'no deps or dev-deps'}
{'statusCode': 0, 'package': '@abtnode/schema_1.0.6', 'message': 'no deps or dev-deps'}
{'statusCode': 0, 'package': '@abtnode/schema_1.0.7', 'message': 'no deps or dev-deps'}
{'statusCode': 0, 'package': '@abtnode/schema_1.0.8', 'message': 'no deps or dev-deps'}
{'statusCode': 0, 'package': '@abtnode/schema_1.0.9', 'message': 'no deps or dev-deps'}
{'statusCode': 0, 'package': '@abtnode/schema_1.0.10', 'message': 'no deps or dev-deps'}
{'statusCode': 0, 'package': '@abtnode/schema_1.0.11', 'message': 'no deps or dev-deps'}
{'statusCode': 0, 'package': '@abtnode/schema_1.0.12', 'message': 'no deps or dev-deps'}
{'statusCode': 0, 'package': '@abtnode/schema_1.0.13', 'message': 'no deps or dev-deps'}
{'statusCode': 0, 'package': '@abtnode/schema_1.0.14', 'message': 'no deps or dev-deps'}
{'statusCode': 0, 'package': '@abtnode/schema_1.0.15', 'message': 'no deps or dev-deps'}
{'statusCode': 0, 'package': '@abtnode/schema_1.0.16', 'message': 'no deps or dev-deps'}
{'statusCode': 0, 'package': '@abtnode/schema_1.0.18', 'message': 'no deps or dev-deps'}
{'statusCode': 0, 'package': '@abtnode/schema_1.0.19', 'message': 'no deps or dev-deps'}
{'statusCode': 0, 'package': '@abtnode/schema_1.0.20', 'message': 'no deps or dev-deps'}
{'statusCode': 0, 'package': '@abtnode/schema_1.0.17-alpha.23', 'message': 'no deps or dev-deps'}
{'statusCode': 0, 'package': '@abtnode/schema_1.0.21', 'message': 'no deps or dev-deps'}
{'statusCode': 0, 'package': '@abtnode/schema_1.0.22', 'message': 'no deps or dev-deps'}
{'statusCode': 0, 'package': '@abtnode/schema_1.0.23', 'message': 'no deps or dev-deps'}
{'statusCode': 0, 'package': '@abtnode/schema_1.0.24', 'message': 'no deps or dev-deps'}
{'statusCode': 0, 'package': '@abtnode/schema_1.0.25', 'message': 'no deps or dev-deps'}
{'statusCode': 0, 'package': '@abtnode/schema_1.0.26', 'message': 'no deps or dev-deps'}
{'statusCode': 0, 'package': '@abtnode/schema_1.0.27', 'message': 'no deps or dev-deps'}
{'statusCode': 0, 'package': '@abtnode/schema_1.0.28', 'message': 'no deps or dev-deps'}
{'statusCode': 0, 'package': '@abtnode/schema_1.0.29', 'message': 'no deps or dev-deps'}
{'statusCode': 0, 'package': '@abtnode/schema_1.0.30', 'message': 'no deps or dev-deps'}
{'statusCode': 0, 'package': '@abtnode/schema_1.0.31', 'message': 'no deps or dev-deps'}
{'statusCode': 0, 'package': '@abtnode/schema_1.0.32', 'message': 'no deps or dev-deps'}
{'statusCode': 0, 'package': '@abtnode/schema_1.0.33', 'message': 'no deps or dev-deps'}
{'statusCode': 0, 'package': '@abtnode/schema_1.0.34', 'message': 'no deps or dev-deps'}
{'statusCode': 0, 'package': '@abtnode/schema_1.0.35', 'message': 'no deps or dev-deps'}
{'statusCode': 0, 'package': '@abtnode/schema_1.0.36', 'message': 'no deps or dev-deps'}
{'statusCode': 0, 'package': '@abtnode/schema_1.0.37', 'message': 'no deps or dev-deps'}
{'statusCode': 0, 'package': '@abtnode/schema_1.0.38', 'message': 'no deps or dev-deps'}
{'statusCode': 0, 'package': '@abtnode/schema_1.0.39', 'message': 'no deps or dev-deps'}
{'statusCode': 0, 'package': '@abtnode/schema_1.0.40', 'message': 'no deps or dev-deps'}
{'statusCode': 0, 'package': '@abtnode/schema_1.0.41', 'message': 'no deps or dev-deps'}
{'statusCode': 0, 'package': '@abtnode/schema_1.1.0', 'message': 'no deps or dev-deps'}
{'statusCode': 0, 'package': '@abtnode/schema_1.1.1', 'message': 'no deps or dev-deps'}
{'statusCode': 0, 'package': '@abtnode/schema_1.1.2', 'message': 'no deps or dev-deps'}
{'statusCode': 0, 'package': '@abtnode/schema_1.1.3', 'message': 'no deps or dev-deps'}
{'statusCode': 0, 'package': '@abtnode/schema_1.1.4', 'message': 'no deps or dev-deps'}
{'statusCode': 0, 'package': '@abtnode/schema_1.1.5', 'message': 'no deps or dev-deps'}
{'statusCode': 0, 'package': '@abtnode/schema_1.1.6', 'message': 'no deps or dev-deps'}
{'statusCode': 0, 'package': '@abtnode/schema_1.1.7', 'message': 'no deps or dev-deps'}
{'statusCode': 0, 'package': '@abtnode/schema_1.1.8', 'message': 'no deps or dev-deps'}
{'statusCode': 0, 'package': '@abtnode/schema_1.1.9', 'message': 'no deps or dev-deps'}
{'statusCode': 0, 'package': '@abtnode/schema_1.1.11', 'message': 'no deps or dev-deps'}
{'statusCode': 0, 'package': '@abtnode/schema_1.1.12', 'message': 'no deps or dev-deps'}
{'statusCode': 0, 'package': '@abtnode/schema_1.1.15', 'message': 'no deps or dev-deps'}
{'statusCode': 0, 'package': '@abtnode/schema_1.1.16', 'message': 'no deps or dev-deps'}
{'statusCode': 0, 'package': '@abtnode/schema_1.1.17', 'message': 'no deps or dev-deps'}
{'statusCode': 0, 'package': '@abtnode/schema_1.1.18', 'message': 'no deps or dev-deps'}
{'statusCode': 0, 'package': '@abtnode/schema_1.2.0-prerelease.0', 'message': 'no deps or dev-deps'}
{'statusCode': 0, 'package': '@abtnode/schema_1.2.0-prerelease.1', 'message': 'no deps or dev-deps'}
{'statusCode': 0, 'package': '@abtnode/schema_1.2.0', 'message': 'no deps or dev-deps'}
{'statusCode': 0, 'package': '@abtnode/schema_1.2.1', 'message': 'no deps or dev-deps'}
{'statusCode': 0, 'package': '@abtnode/schema_1.2.2', 'message': 'no deps or dev-deps'}
{'statusCode': 0, 'package': '@abtnode/schema_1.2.3', 'message': 'no deps or dev-deps'}
{'statusCode': 0, 'package': '@abtnode/schema_1.2.4', 'message': 'no deps or dev-deps'}
{'statusCode': 0, 'package': '@abtnode/schema_1.2.5', 'message': 'no deps or dev-deps'}
{'statusCode': 0, 'package': '@abtnode/schema_1.2.6', 'message': 'no deps or dev-deps'}
{'statusCode': 0, 'package': '@abtnode/schema_1.2.7', 'message': 'no deps or dev-deps'}
{'statusCode': 0, 'package': '@abtnode/schema_1.2.8', 'message': 'no deps or dev-deps'}
{'statusCode': 0, 'package': '@abtnode/schema_1.2.9', 'message': 'no deps or dev-deps'}
{'statusCode': 0, 'package': '@abtnode/schema_1.2.10', 'message': 'no deps or dev-deps'}
{'statusCode': 0, 'package': '@abtnode/schema_1.2.11', 'message': 'no deps or dev-deps'}
{'statusCode': 0, 'package': '@abtnode/schema_1.2.12', 'message': 'no deps or dev-deps'}
{'statusCode': 0, 'package': '@abtnode/schema_1.2.13', 'message': 'no deps or dev-deps'}
{'statusCode': 0, 'package': '@abtnode/schema_1.2.14', 'message': 'no deps or dev-deps'}
{'statusCode': 0, 'package': '@abtnode/schema_1.3.0', 'message': 'no deps or dev-deps'}
{'statusCode': 0, 'package': '@abtnode/schema_1.3.1', 'message': 'no deps or dev-deps'}
{'statusCode': 0, 'package': '@abtnode/schema_1.3.2', 'message': 'no deps or dev-deps'}
{'statusCode': 0, 'package': '@abtnode/schema_1.3.3', 'message': 'no deps or dev-deps'}
{'statusCode': 0, 'package': '@abtnode/schema_1.3.4', 'message': 'no deps or dev-deps'}
{'statusCode': 0, 'package': '@abtnode/schema_1.3.5', 'message': 'no deps or dev-deps'}
{'statusCode': 0, 'package': '@abtnode/schema_1.3.6', 'message': 'no deps or dev-deps'}
{'statusCode': 0, 'package': '@abtnode/schema_1.3.7', 'message': 'no deps or dev-deps'}
{'statusCode': 0, 'package': '@abtnode/schema_1.3.8', 'message': 'no deps or dev-deps'}
{'statusCode': 0, 'package': '@abtnode/schema_1.3.9', 'message': 'no deps or dev-deps'}
{'statusCode': 0, 'package': '@abtnode/schema_1.3.10', 'message': 'no deps or dev-deps'}
{'statusCode': 0, 'package': '@abtnode/schema_1.3.11', 'message': 'no deps or dev-deps'}
{'statusCode': 0, 'package': '@abtnode/schema_1.3.12', 'message': 'no deps or dev-deps'}
{'statusCode': 0, 'package': '@abtnode/schema_1.3.13', 'message': 'no deps or dev-deps'}
{'statusCode': 0, 'package': '@abtnode/schema_1.3.14', 'message': 'no deps or dev-deps'}
{'statusCode': 0, 'package': '@abtnode/schema_1.3.15', 'message': 'no deps or dev-deps'}
{'statusCode': 0, 'package': '@abtnode/schema_1.3.16', 'message': 'no deps or dev-deps'}
{'statusCode': 0, 'package': '@abtnode/schema_1.3.17', 'message': 'no deps or dev-deps'}
{'statusCode': 0, 'package': '@abtnode/schema_1.3.18', 'message': 'no deps or dev-deps'}
{'statusCode': 0, 'package': '@abtnode/schema_1.3.19', 'message': 'no deps or dev-deps'}
{'statusCode': 0, 'package': '@abtnode/schema_1.4.0', 'message': 'no deps or dev-deps'}
{'statusCode': 0, 'package': '@abtnode/schema_1.4.1', 'message': 'no deps or dev-deps'}
{'statusCode': 0, 'package': '@abtnode/schema_1.4.2', 'message': 'no deps or dev-deps'}
{'statusCode': 0, 'package': '@abtnode/schema_1.4.3', 'message': 'no deps or dev-deps'}
{'statusCode': 0, 'package': '@abtnode/schema_1.4.4', 'message': 'no deps or dev-deps'}
{'statusCode': 0, 'package': '@abtnode/schema_1.4.5', 'message': 'no deps or dev-deps'}
{'statusCode': 0, 'package': '@abtnode/schema_1.4.6', 'message': 'no deps or dev-deps'}
{'statusCode': 0, 'package': '@abtnode/schema_1.4.7', 'message': 'no deps or dev-deps'}
{'statusCode': 0, 'package': '@abtnode/schema_1.4.8', 'message': 'no deps or dev-deps'}
{'statusCode': 0, 'package': '@abtnode/schema_1.4.9', 'message': 'no deps or dev-deps'}
{'statusCode': 0, 'package': '@abtnode/schema_1.4.10', 'message': 'no deps or dev-deps'}
{'statusCode': 0, 'package': '@abtnode/schema_1.4.11', 'message': 'no deps or dev-deps'}
{'statusCode': 0, 'package': '@abtnode/schema_1.4.12', 'message': 'no deps or dev-deps'}
{'statusCode': 0, 'package': '@abtnode/schema_1.4.13', 'message': 'no deps or dev-deps'}
{'statusCode': 0, 'package': '@abtnode/schema_1.4.14', 'message': 'no deps or dev-deps'}
{'statusCode': 0, 'package': '@abtnode/schema_1.5.0', 'message': 'no deps or dev-deps'}
{'statusCode': 0, 'package': '@abtnode/schema_1.5.1', 'message': 'no deps or dev-deps'}
{'statusCode': 0, 'package': '@abtnode/schema_1.5.2', 'message': 'no deps or dev-deps'}
{'statusCode': 0, 'package': '@abtnode/schema_1.5.3', 'message': 'no deps or dev-deps'}
{'statusCode': 0, 'package': '@abtnode/schema_1.5.4', 'message': 'no deps or dev-deps'}
{'statusCode': 0, 'package': '@abtnode/schema_1.5.5', 'message': 'no deps or dev-deps'}
{'statusCode': 0, 'package': '@abtnode/schema_1.5.6', 'message': 'no deps or dev-deps'}
{'statusCode': 0, 'package': '@abtnode/schema_1.5.7', 'message': 'no deps or dev-deps'}
{'statusCode': 0, 'package': '@abtnode/schema_1.5.8', 'message': 'no deps or dev-deps'}
{'statusCode': 0, 'package': '@abtnode/schema_1.5.9', 'message': 'no deps or dev-deps'}
{'statusCode': 0, 'package': '@abtnode/schema_1.5.10', 'message': 'no deps or dev-deps'}
{'statusCode': 0, 'package': '@abtnode/schema_1.5.11', 'message': 'no deps or dev-deps'}
{'statusCode': 0, 'package': '@abtnode/schema_1.5.12', 'message': 'no deps or dev-deps'}
{'statusCode': 0, 'package': '@abtnode/schema_1.5.13', 'message': 'no deps or dev-deps'}
{'statusCode': 0, 'package': '@abtnode/schema_1.5.14', 'message': 'no deps or dev-deps'}
{'statusCode': 0, 'package': '@abtnode/schema_1.5.15', 'message': 'no deps or dev-deps'}
{'statusCode': 0, 'package': '@abtnode/schema_1.5.16', 'message': 'no deps or dev-deps'}
{'statusCode': 0, 'package': '@abtnode/schema_1.15.17', 'message': 'no deps or dev-deps'}
{'statusCode': 0, 'package': '@abtnode/schema_1.5.17', 'message': 'no deps or dev-deps'}
{'statusCode': 0, 'package': '@abtnode/schema_1.5.18', 'message': 'no deps or dev-deps'}
{'statusCode': 0, 'package': '@abtnode/schema_1.5.19', 'message': 'no deps or dev-deps'}
{'statusCode': 0, 'package': '@abtnode/schema_1.5.20', 'message': 'no deps or dev-deps'}
{'statusCode': 0, 'package': '@abtnode/schema_1.5.21', 'message': 'no deps or dev-deps'}
{'statusCode': 0, 'package': '@abtnode/schema_1.6.0', 'message': 'no deps or dev-deps'}
{'statusCode': 0, 'package': '@abtnode/schema_1.6.1', 'message': 'no deps or dev-deps'}
{'statusCode': 0, 'package': '@abtnode/schema_1.6.2', 'message': 'no deps or dev-deps'}
{'statusCode': 0, 'package': '@abtnode/schema_1.6.3', 'message': 'no deps or dev-deps'}
{'statusCode': 0, 'package': '@abtnode/schema_1.6.4', 'message': 'no deps or dev-deps'}
{'statusCode': 0, 'package': '@abtnode/schema_1.6.5', 'message': 'no deps or dev-deps'}
{'statusCode': 0, 'package': '@abtnode/schema_1.6.6', 'message': 'no deps or dev-deps'}
{'statusCode': 0, 'package': '@abtnode/schema_1.6.7', 'message': 'no deps or dev-deps'}
{'statusCode': 0, 'package': '@abtnode/schema_1.6.8', 'message': 'no deps or dev-deps'}
{'statusCode': 0, 'package': '@abtnode/schema_1.6.9', 'message': 'no deps or dev-deps'}
{'statusCode': 0, 'package': '@abtnode/schema_1.6.10', 'message': 'no deps or dev-deps'}
{'statusCode': 0, 'package': '@abtnode/schema_1.6.11', 'message': 'no deps or dev-deps'}
{'statusCode': 0, 'package': '@abtnode/schema_1.6.12', 'message': 'no deps or dev-deps'}
{'statusCode': 0, 'package': '@abtnode/schema_1.6.13', 'message': 'no deps or dev-deps'}
{'statusCode': 0, 'package': '@abtnode/schema_1.6.14', 'message': 'no deps or dev-deps'}
{'statusCode': 0, 'package': '@abtnode/schema_1.6.15', 'message': 'no deps or dev-deps'}
{'statusCode': 0, 'package': '@abtnode/schema_1.6.16', 'message': 'no deps or dev-deps'}
{'statusCode': 0, 'package': '@abtnode/schema_1.6.17', 'message': 'no deps or dev-deps'}
{'statusCode': 0, 'package': '@abtnode/schema_1.6.18', 'message': 'no deps or dev-deps'}
{'statusCode': 0, 'package': '@abtnode/schema_1.6.19', 'message': 'no deps or dev-deps'}
{'statusCode': 0, 'package': '@abtnode/schema_1.6.20', 'message': 'no deps or dev-deps'}
{'statusCode': 0, 'package': '@abtnode/schema_1.6.21', 'message': 'no deps or dev-deps'}
{'statusCode': 0, 'package': '@abtnode/schema_1.6.22', 'message': 'no deps or dev-deps'}
{'statusCode': 0, 'package': '@abtnode/schema_1.6.23', 'message': 'no deps or dev-deps'}
{'statusCode': 0, 'package': '@abtnode/schema_1.6.24', 'message': 'no deps or dev-deps'}
{'statusCode': 0, 'package': '@abtnode/schema_1.6.25', 'message': 'no deps or dev-deps'}
{'statusCode': 0, 'package': '@abtnode/schema_1.6.26', 'message': 'no deps or dev-deps'}
{'statusCode': 0, 'package': '@abtnode/schema_1.6.27', 'message': 'no deps or dev-deps'}
{'statusCode': 0, 'package': '@abtnode/schema_1.6.28', 'message': 'no deps or dev-deps'}
{'statusCode': 0, 'package': '@abtnode/schema_1.6.29', 'message': 'no deps or dev-deps'}
{'statusCode': 0, 'package': '@abtnode/schema_1.6.30', 'message': 'no deps or dev-deps'}
{'statusCode': 0, 'package': '@abtnode/schema_1.6.31', 'message': 'no deps or dev-deps'}
{'statusCode': 0, 'package': '@abtnode/schema_1.7.0', 'message': 'no deps or dev-deps'}
{'statusCode': 0, 'package': '@abtnode/schema_1.7.1', 'message': 'no deps or dev-deps'}
{'statusCode': 0, 'package': '@abtnode/schema_1.7.2', 'message': 'no deps or dev-deps'}
{'statusCode': 0, 'package': '@abtnode/schema_1.7.3', 'message': 'no deps or dev-deps'}
{'statusCode': 0, 'package': '@abtnode/schema_1.7.4', 'message': 'no deps or dev-deps'}
{'statusCode': 0, 'package': '@abtnode/schema_1.7.5', 'message': 'no deps or dev-deps'}
{'statusCode': 0, 'package': '@abtnode/schema_1.7.6', 'message': 'no deps or dev-deps'}
{'statusCode': 0, 'package': '@abtnode/schema_1.7.7', 'message': 'no deps or dev-deps'}
{'statusCode': 0, 'package': '@abtnode/schema_1.7.8', 'message': 'no deps or dev-deps'}
{'statusCode': 0, 'package': '@abtnode/schema_1.7.9', 'message': 'no deps or dev-deps'}
{'statusCode': 0, 'package': '@abtnode/schema_1.7.10', 'message': 'no deps or dev-deps'}
{'statusCode': 0, 'package': '@abtnode/schema_1.7.11', 'message': 'no deps or dev-deps'}
{'statusCode': 0, 'package': '@abtnode/schema_1.7.12', 'message': 'no deps or dev-deps'}
{'statusCode': 0, 'package': '@abtnode/schema_1.7.13', 'message': 'no deps or dev-deps'}
{'statusCode': 0, 'package': '@abtnode/schema_1.7.14', 'message': 'no deps or dev-deps'}
{'statusCode': 0, 'package': '@abtnode/schema_1.7.15', 'message': 'no deps or dev-deps'}
{'statusCode': 0, 'package': '@abtnode/schema_1.7.16', 'message': 'no deps or dev-deps'}
{'statusCode': 0, 'package': '@abtnode/schema_1.7.17', 'message': 'no deps or dev-deps'}
{'statusCode': 0, 'package': '@abtnode/schema_1.7.18', 'message': 'no deps or dev-deps'}
{'statusCode': 0, 'package': '@abtnode/schema_1.7.19', 'message': 'no deps or dev-deps'}
{'statusCode': 0, 'package': '@abtnode/schema_1.7.20', 'message': 'no deps or dev-deps'}
{'statusCode': 0, 'package': '@abtnode/schema_1.7.21', 'message': 'no deps or dev-deps'}
{'statusCode': 0, 'package': '@abtnode/schema_1.7.22', 'message': 'no deps or dev-deps'}
{'statusCode': 0, 'package': '@abtnode/schema_1.7.23', 'message': 'no deps or dev-deps'}
{'statusCode': 0, 'package': '@abtnode/schema_1.7.24', 'message': 'no deps or dev-deps'}
{'statusCode': 0, 'package': '@abtnode/schema_1.7.25', 'message': 'no deps or dev-deps'}
{'statusCode': 0, 'package': '@abtnode/schema_1.7.26', 'message': 'no deps or dev-deps'}
{'statusCode': 0, 'package': '@abtnode/schema_1.7.27', 'message': 'no deps or dev-deps'}
{'statusCode': 0, 'package': '@abtnode/schema_1.8.0', 'message': 'no deps or dev-deps'}
{'statusCode': 0, 'package': '@abtnode/schema_1.8.1', 'message': 'no deps or dev-deps'}
{'statusCode': 0, 'package': '@abtnode/schema_1.8.2', 'message': 'no deps or dev-deps'}
{'statusCode': 0, 'package': '@abtnode/schema_1.8.3', 'message': 'no deps or dev-deps'}
{'statusCode': 0, 'package': '@abtnode/schema_0.2.2', 'message': 'no deps or dev-deps'}
{'statusCode': 0, 'package': '@abtnode/schema_0.2.6', 'message': 'no deps or dev-deps'}
{'statusCode': 0, 'package': '@abtnode/schema_0.3.1', 'message': 'no deps or dev-deps'}
{'statusCode': 0, 'package': '@abtnode/schema_0.3.7', 'message': 'no deps or dev-deps'}
{'statusCode': 0, 'package': '@abtnode/schema_0.3.8', 'message': 'no deps or dev-deps'}
{'statusCode': 0, 'package': '@abtnode/schema_0.4.0', 'message': 'no deps or dev-deps'}
{'statusCode': 0, 'package': '@abtnode/schema_0.4.11', 'message': 'no deps or dev-deps'}
{'statusCode': 0, 'package': '@abtnode/schema_0.4.18', 'message': 'no deps or dev-deps'}
{'statusCode': 0, 'package': '@abtnode/schema_0.5.0', 'message': 'no deps or dev-deps'}
{'statusCode': 0, 'package': '@abtnode/schema_0.5.12', 'message': 'no deps or dev-deps'}
{'statusCode': 0, 'package': '@abtnode/schema_0.5.13', 'message': 'no deps or dev-deps'}
{'statusCode': 0, 'package': '@abtnode/schema_0.5.17', 'message': 'no deps or dev-deps'}
{'statusCode': 0, 'package': '@abtnode/schema_0.6.0', 'message': 'no deps or dev-deps'}
{'statusCode': 0, 'package': '@abtnode/schema_0.6.16', 'message': 'no deps or dev-deps'}
{'statusCode': 0, 'package': '@abtnode/schema_0.6.29', 'message': 'no deps or dev-deps'}
{'statusCode': 0, 'package': '@abtnode/schema_0.6.30', 'message': 'no deps or dev-deps'}
{'statusCode': 0, 'package': '@abtnode/schema_0.6.40', 'message': 'no deps or dev-deps'}
{'statusCode': 0, 'package': '@abtnode/schema_0.7.0', 'message': 'no deps or dev-deps'}
{'statusCode': 0, 'package': '@abtnode/schema_0.8.0', 'message': 'no deps or dev-deps'}
{'statusCode': 0, 'package': '@abtnode/schema_0.8.7', 'message': 'no deps or dev-deps'}
{'statusCode': 0, 'package': '@abtnode/schema_0.8.9', 'message': 'no deps or dev-deps'}
{'statusCode': 0, 'package': '@abtnode/schema_0.8.14', 'message': 'no deps or dev-deps'}
{'statusCode': 0, 'package': '@abtnode/schema_0.8.16', 'message': 'no deps or dev-deps'}
{'statusCode': 0, 'package': '@abtnode/schema_0.9.0', 'message': 'no deps or dev-deps'}
{'statusCode': 0, 'package': '@abtnode/schema_0.9.3', 'message': 'no deps or dev-deps'}
{'statusCode': 0, 'package': '@abtnode/schema_0.9.4', 'message': 'no deps or dev-deps'}
{'statusCode': 0, 'package': '@abtnode/schema_0.9.8', 'message': 'no deps or dev-deps'}
{'statusCode': 0, 'package': '@abtnode/schema_0.9.9', 'message': 'no deps or dev-deps'}
{'statusCode': 0, 'package': '@abtnode/schema_1.0.0', 'message': 'no deps or dev-deps'}
{'statusCode': 0, 'package': '@abtnode/schema_1.0.3', 'message': 'no deps or dev-deps'}
{'statusCode': 0, 'package': '@abtnode/schema_1.0.5', 'message': 'no deps or dev-deps'}
{'statusCode': 0, 'package': '@abtnode/schema_1.0.6', 'message': 'no deps or dev-deps'}
{'statusCode': 0, 'package': '@abtnode/schema_1.0.7', 'message': 'no deps or dev-deps'}
{'statusCode': 0, 'package': '@abtnode/schema_1.0.8', 'message': 'no deps or dev-deps'}
{'statusCode': 0, 'package': '@abtnode/schema_1.0.9', 'message': 'no deps or dev-deps'}
{'statusCode': 0, 'package': '@abtnode/schema_1.0.10', 'message': 'no deps or dev-deps'}
{'statusCode': 0, 'package': '@abtnode/schema_1.0.11', 'message': 'no deps or dev-deps'}
{'statusCode': 0, 'package': '@abtnode/schema_1.0.12', 'message': 'no deps or dev-deps'}
{'statusCode': 0, 'package': '@abtnode/schema_1.0.13', 'message': 'no deps or dev-deps'}
{'statusCode': 0, 'package': '@abtnode/schema_1.0.14', 'message': 'no deps or dev-deps'}
{'statusCode': 0, 'package': '@abtnode/schema_1.0.15', 'message': 'no deps or dev-deps'}
{'statusCode': 0, 'package': '@abtnode/schema_1.0.16', 'message': 'no deps or dev-deps'}
{'statusCode': 0, 'package': '@abtnode/schema_1.0.18', 'message': 'no deps or dev-deps'}
{'statusCode': 0, 'package': '@abtnode/schema_1.0.19', 'message': 'no deps or dev-deps'}
{'statusCode': 0, 'package': '@abtnode/schema_1.0.20', 'message': 'no deps or dev-deps'}
{'statusCode': 0, 'package': '@abtnode/schema_1.0.17-alpha.23', 'message': 'no deps or dev-deps'}
{'statusCode': 0, 'package': '@abtnode/schema_1.0.21', 'message': 'no deps or dev-deps'}
{'statusCode': 0, 'package': '@abtnode/schema_1.0.22', 'message': 'no deps or dev-deps'}
{'statusCode': 0, 'package': '@abtnode/schema_1.0.23', 'message': 'no deps or dev-deps'}
{'statusCode': 0, 'package': '@abtnode/schema_1.0.24', 'message': 'no deps or dev-deps'}
{'statusCode': 0, 'package': '@abtnode/schema_1.0.25', 'message': 'no deps or dev-deps'}
{'statusCode': 0, 'package': '@abtnode/schema_1.0.26', 'message': 'no deps or dev-deps'}
{'statusCode': 0, 'package': '@abtnode/schema_1.0.27', 'message': 'no deps or dev-deps'}
{'statusCode': 0, 'package': '@abtnode/schema_1.0.28', 'message': 'no deps or dev-deps'}
{'statusCode': 0, 'package': '@abtnode/schema_1.0.29', 'message': 'no deps or dev-deps'}
{'statusCode': 0, 'package': '@abtnode/schema_1.0.30', 'message': 'no deps or dev-deps'}
{'statusCode': 0, 'package': '@abtnode/schema_1.0.31', 'message': 'no deps or dev-deps'}
{'statusCode': 0, 'package': '@abtnode/schema_1.0.32', 'message': 'no deps or dev-deps'}
{'statusCode': 0, 'package': '@abtnode/schema_1.0.33', 'message': 'no deps or dev-deps'}
{'statusCode': 0, 'package': '@abtnode/schema_1.0.34', 'message': 'no deps or dev-deps'}
{'statusCode': 0, 'package': '@abtnode/schema_1.0.35', 'message': 'no deps or dev-deps'}
{'statusCode': 0, 'package': '@abtnode/schema_1.0.36', 'message': 'no deps or dev-deps'}
{'statusCode': 0, 'package': '@abtnode/schema_1.0.37', 'message': 'no deps or dev-deps'}
{'statusCode': 0, 'package': '@abtnode/schema_1.0.38', 'message': 'no deps or dev-deps'}
{'statusCode': 0, 'package': '@abtnode/schema_1.0.39', 'message': 'no deps or dev-deps'}
{'statusCode': 0, 'package': '@abtnode/schema_1.0.40', 'message': 'no deps or dev-deps'}
{'statusCode': 0, 'package': '@abtnode/schema_1.0.41', 'message': 'no deps or dev-deps'}
{'statusCode': 0, 'package': '@abtnode/schema_1.1.0', 'message': 'no deps or dev-deps'}
{'statusCode': 0, 'package': '@abtnode/schema_1.1.1', 'message': 'no deps or dev-deps'}
{'statusCode': 0, 'package': '@abtnode/schema_1.1.2', 'message': 'no deps or dev-deps'}
{'statusCode': 0, 'package': '@abtnode/schema_1.1.3', 'message': 'no deps or dev-deps'}
{'statusCode': 0, 'package': '@abtnode/schema_1.1.4', 'message': 'no deps or dev-deps'}
{'statusCode': 0, 'package': '@abtnode/schema_1.1.5', 'message': 'no deps or dev-deps'}
{'statusCode': 0, 'package': '@abtnode/schema_1.1.6', 'message': 'no deps or dev-deps'}
{'statusCode': 0, 'package': '@abtnode/schema_1.1.7', 'message': 'no deps or dev-deps'}
{'statusCode': 0, 'package': '@abtnode/schema_1.1.8', 'message': 'no deps or dev-deps'}
{'statusCode': 0, 'package': '@abtnode/schema_1.1.9', 'message': 'no deps or dev-deps'}
{'statusCode': 0, 'package': '@abtnode/schema_1.1.11', 'message': 'no deps or dev-deps'}
{'statusCode': 0, 'package': '@abtnode/schema_1.1.12', 'message': 'no deps or dev-deps'}
{'statusCode': 0, 'package': '@abtnode/schema_1.1.15', 'message': 'no deps or dev-deps'}
{'statusCode': 0, 'package': '@abtnode/schema_1.1.16', 'message': 'no deps or dev-deps'}
{'statusCode': 0, 'package': '@abtnode/schema_1.1.17', 'message': 'no deps or dev-deps'}
{'statusCode': 0, 'package': '@abtnode/schema_1.1.18', 'message': 'no deps or dev-deps'}
{'statusCode': 0, 'package': '@abtnode/schema_1.2.0-prerelease.0', 'message': 'no deps or dev-deps'}
{'statusCode': 0, 'package': '@abtnode/schema_1.2.0-prerelease.1', 'message': 'no deps or dev-deps'}
{'statusCode': 0, 'package': '@abtnode/schema_1.2.0', 'message': 'no deps or dev-deps'}
{'statusCode': 0, 'package': '@abtnode/schema_1.2.1', 'message': 'no deps or dev-deps'}
{'statusCode': 0, 'package': '@abtnode/schema_1.2.2', 'message': 'no deps or dev-deps'}
{'statusCode': 0, 'package': '@abtnode/schema_1.2.3', 'message': 'no deps or dev-deps'}
{'statusCode': 0, 'package': '@abtnode/schema_1.2.4', 'message': 'no deps or dev-deps'}
{'statusCode': 0, 'package': '@abtnode/schema_1.2.5', 'message': 'no deps or dev-deps'}
{'statusCode': 0, 'package': '@abtnode/schema_1.2.6', 'message': 'no deps or dev-deps'}
{'statusCode': 0, 'package': '@abtnode/schema_1.2.7', 'message': 'no deps or dev-deps'}
{'statusCode': 0, 'package': '@abtnode/schema_1.2.8', 'message': 'no deps or dev-deps'}
{'statusCode': 0, 'package': '@abtnode/schema_1.2.9', 'message': 'no deps or dev-deps'}
{'statusCode': 0, 'package': '@abtnode/schema_1.2.10', 'message': 'no deps or dev-deps'}
{'statusCode': 0, 'package': '@abtnode/schema_1.2.11', 'message': 'no deps or dev-deps'}
{'statusCode': 0, 'package': '@abtnode/schema_1.2.12', 'message': 'no deps or dev-deps'}
{'statusCode': 0, 'package': '@abtnode/schema_1.2.13', 'message': 'no deps or dev-deps'}
{'statusCode': 0, 'package': '@abtnode/schema_1.2.14', 'message': 'no deps or dev-deps'}
{'statusCode': 0, 'package': '@abtnode/schema_1.3.0', 'message': 'no deps or dev-deps'}
{'statusCode': 0, 'package': '@abtnode/schema_1.3.1', 'message': 'no deps or dev-deps'}
{'statusCode': 0, 'package': '@abtnode/schema_1.3.2', 'message': 'no deps or dev-deps'}
{'statusCode': 0, 'package': '@abtnode/schema_1.3.3', 'message': 'no deps or dev-deps'}
{'statusCode': 0, 'package': '@abtnode/schema_1.3.4', 'message': 'no deps or dev-deps'}
{'statusCode': 0, 'package': '@abtnode/schema_1.3.5', 'message': 'no deps or dev-deps'}
{'statusCode': 0, 'package': '@abtnode/schema_1.3.6', 'message': 'no deps or dev-deps'}
{'statusCode': 0, 'package': '@abtnode/schema_1.3.7', 'message': 'no deps or dev-deps'}
{'statusCode': 0, 'package': '@abtnode/schema_1.3.8', 'message': 'no deps or dev-deps'}
{'statusCode': 0, 'package': '@abtnode/schema_1.3.9', 'message': 'no deps or dev-deps'}
{'statusCode': 0, 'package': '@abtnode/schema_1.3.10', 'message': 'no deps or dev-deps'}
{'statusCode': 0, 'package': '@abtnode/schema_1.3.11', 'message': 'no deps or dev-deps'}
{'statusCode': 0, 'package': '@abtnode/schema_1.3.12', 'message': 'no deps or dev-deps'}
{'statusCode': 0, 'package': '@abtnode/schema_1.3.13', 'message': 'no deps or dev-deps'}
{'statusCode': 0, 'package': '@abtnode/schema_1.3.14', 'message': 'no deps or dev-deps'}
{'statusCode': 0, 'package': '@abtnode/schema_1.3.15', 'message': 'no deps or dev-deps'}
{'statusCode': 0, 'package': '@abtnode/schema_1.3.16', 'message': 'no deps or dev-deps'}
{'statusCode': 0, 'package': '@abtnode/schema_1.3.17', 'message': 'no deps or dev-deps'}
{'statusCode': 0, 'package': '@abtnode/schema_1.3.18', 'message': 'no deps or dev-deps'}
{'statusCode': 0, 'package': '@abtnode/schema_1.3.19', 'message': 'no deps or dev-deps'}
{'statusCode': 0, 'package': '@abtnode/schema_1.4.0', 'message': 'no deps or dev-deps'}
{'statusCode': 0, 'package': '@abtnode/schema_1.4.1', 'message': 'no deps or dev-deps'}
{'statusCode': 0, 'package': '@abtnode/schema_1.4.2', 'message': 'no deps or dev-deps'}
{'statusCode': 0, 'package': '@abtnode/schema_1.4.3', 'message': 'no deps or dev-deps'}
{'statusCode': 0, 'package': '@abtnode/schema_1.4.4', 'message': 'no deps or dev-deps'}
{'statusCode': 0, 'package': '@abtnode/schema_1.4.5', 'message': 'no deps or dev-deps'}
{'statusCode': 0, 'package': '@abtnode/schema_1.4.6', 'message': 'no deps or dev-deps'}
{'statusCode': 0, 'package': '@abtnode/schema_1.4.7', 'message': 'no deps or dev-deps'}
{'statusCode': 0, 'package': '@abtnode/schema_1.4.8', 'message': 'no deps or dev-deps'}
{'statusCode': 0, 'package': '@abtnode/schema_1.4.9', 'message': 'no deps or dev-deps'}
{'statusCode': 0, 'package': '@abtnode/schema_1.4.10', 'message': 'no deps or dev-deps'}
{'statusCode': 0, 'package': '@abtnode/schema_1.4.11', 'message': 'no deps or dev-deps'}
{'statusCode': 0, 'package': '@abtnode/schema_1.4.12', 'message': 'no deps or dev-deps'}
{'statusCode': 0, 'package': '@abtnode/schema_1.4.13', 'message': 'no deps or dev-deps'}
{'statusCode': 0, 'package': '@abtnode/schema_1.4.14', 'message': 'no deps or dev-deps'}
{'statusCode': 0, 'package': '@abtnode/schema_1.5.0', 'message': 'no deps or dev-deps'}
{'statusCode': 0, 'package': '@abtnode/schema_1.5.1', 'message': 'no deps or dev-deps'}
{'statusCode': 0, 'package': '@abtnode/schema_1.5.2', 'message': 'no deps or dev-deps'}
{'statusCode': 0, 'package': '@abtnode/schema_1.5.3', 'message': 'no deps or dev-deps'}
{'statusCode': 0, 'package': '@abtnode/schema_1.5.4', 'message': 'no deps or dev-deps'}
{'statusCode': 0, 'package': '@abtnode/schema_1.5.5', 'message': 'no deps or dev-deps'}
{'statusCode': 0, 'package': '@abtnode/schema_1.5.6', 'message': 'no deps or dev-deps'}
{'statusCode': 0, 'package': '@abtnode/schema_1.5.7', 'message': 'no deps or dev-deps'}
{'statusCode': 0, 'package': '@abtnode/schema_1.5.8', 'message': 'no deps or dev-deps'}
{'statusCode': 0, 'package': '@abtnode/schema_1.5.9', 'message': 'no deps or dev-deps'}
{'statusCode': 0, 'package': '@abtnode/schema_1.5.10', 'message': 'no deps or dev-deps'}
{'statusCode': 0, 'package': '@abtnode/schema_1.5.11', 'message': 'no deps or dev-deps'}
{'statusCode': 0, 'package': '@abtnode/schema_1.5.12', 'message': 'no deps or dev-deps'}
{'statusCode': 0, 'package': '@abtnode/schema_1.5.13', 'message': 'no deps or dev-deps'}
{'statusCode': 0, 'package': '@abtnode/schema_1.5.14', 'message': 'no deps or dev-deps'}
{'statusCode': 0, 'package': '@abtnode/schema_1.5.15', 'message': 'no deps or dev-deps'}
{'statusCode': 0, 'package': '@abtnode/schema_1.5.16', 'message': 'no deps or dev-deps'}
{'statusCode': 0, 'package': '@abtnode/schema_1.15.17', 'message': 'no deps or dev-deps'}
{'statusCode': 0, 'package': '@abtnode/schema_1.5.17', 'message': 'no deps or dev-deps'}
{'statusCode': 0, 'package': '@abtnode/schema_1.5.18', 'message': 'no deps or dev-deps'}
{'statusCode': 0, 'package': '@abtnode/schema_1.5.19', 'message': 'no deps or dev-deps'}
{'statusCode': 0, 'package': '@abtnode/schema_1.5.20', 'message': 'no deps or dev-deps'}
{'statusCode': 0, 'package': '@abtnode/schema_1.5.21', 'message': 'no deps or dev-deps'}
{'statusCode': 0, 'package': '@abtnode/schema_1.6.0', 'message': 'no deps or dev-deps'}
{'statusCode': 0, 'package': '@abtnode/schema_1.6.1', 'message': 'no deps or dev-deps'}
{'statusCode': 0, 'package': '@abtnode/schema_1.6.2', 'message': 'no deps or dev-deps'}
{'statusCode': 0, 'package': '@abtnode/schema_1.6.3', 'message': 'no deps or dev-deps'}
{'statusCode': 0, 'package': '@abtnode/schema_1.6.4', 'message': 'no deps or dev-deps'}
{'statusCode': 0, 'package': '@abtnode/schema_1.6.5', 'message': 'no deps or dev-deps'}
{'statusCode': 0, 'package': '@abtnode/schema_1.6.6', 'message': 'no deps or dev-deps'}
{'statusCode': 0, 'package': '@abtnode/schema_1.6.7', 'message': 'no deps or dev-deps'}
{'statusCode': 0, 'package': '@abtnode/schema_1.6.8', 'message': 'no deps or dev-deps'}
{'statusCode': 0, 'package': '@abtnode/schema_1.6.9', 'message': 'no deps or dev-deps'}
{'statusCode': 0, 'package': '@abtnode/schema_1.6.10', 'message': 'no deps or dev-deps'}
{'statusCode': 0, 'package': '@abtnode/schema_1.6.11', 'message': 'no deps or dev-deps'}
{'statusCode': 0, 'package': '@abtnode/schema_1.6.12', 'message': 'no deps or dev-deps'}
{'statusCode': 0, 'package': '@abtnode/schema_1.6.13', 'message': 'no deps or dev-deps'}
{'statusCode': 0, 'package': '@abtnode/schema_1.6.14', 'message': 'no deps or dev-deps'}
{'statusCode': 0, 'package': '@abtnode/schema_1.6.15', 'message': 'no deps or dev-deps'}
{'statusCode': 0, 'package': '@abtnode/schema_1.6.16', 'message': 'no deps or dev-deps'}
{'statusCode': 0, 'package': '@abtnode/schema_1.6.17', 'message': 'no deps or dev-deps'}
{'statusCode': 0, 'package': '@abtnode/schema_1.6.18', 'message': 'no deps or dev-deps'}
{'statusCode': 0, 'package': '@abtnode/schema_1.6.19', 'message': 'no deps or dev-deps'}
{'statusCode': 0, 'package': '@abtnode/schema_1.6.20', 'message': 'no deps or dev-deps'}
{'statusCode': 0, 'package': '@abtnode/schema_1.6.21', 'message': 'no deps or dev-deps'}
{'statusCode': 0, 'package': '@abtnode/schema_1.6.22', 'message': 'no deps or dev-deps'}
{'statusCode': 0, 'package': '@abtnode/schema_1.6.23', 'message': 'no deps or dev-deps'}
{'statusCode': 0, 'package': '@abtnode/schema_1.6.24', 'message': 'no deps or dev-deps'}
{'statusCode': 0, 'package': '@abtnode/schema_1.6.25', 'message': 'no deps or dev-deps'}
{'statusCode': 0, 'package': '@abtnode/schema_1.6.26', 'message': 'no deps or dev-deps'}
{'statusCode': 0, 'package': '@abtnode/schema_1.6.27', 'message': 'no deps or dev-deps'}
{'statusCode': 0, 'package': '@abtnode/schema_1.6.28', 'message': 'no deps or dev-deps'}
{'statusCode': 0, 'package': '@abtnode/schema_1.6.29', 'message': 'no deps or dev-deps'}
{'statusCode': 0, 'package': '@abtnode/schema_1.6.30', 'message': 'no deps or dev-deps'}
{'statusCode': 0, 'package': '@abtnode/schema_1.6.31', 'message': 'no deps or dev-deps'}
{'statusCode': 0, 'package': '@abtnode/schema_1.7.0', 'message': 'no deps or dev-deps'}
{'statusCode': 0, 'package': '@abtnode/schema_1.7.1', 'message': 'no deps or dev-deps'}
{'statusCode': 0, 'package': '@abtnode/schema_1.7.2', 'message': 'no deps or dev-deps'}
{'statusCode': 0, 'package': '@abtnode/schema_1.7.3', 'message': 'no deps or dev-deps'}
{'statusCode': 0, 'package': '@abtnode/schema_1.7.4', 'message': 'no deps or dev-deps'}
{'statusCode': 0, 'package': '@abtnode/schema_1.7.5', 'message': 'no deps or dev-deps'}
{'statusCode': 0, 'package': '@abtnode/schema_1.7.6', 'message': 'no deps or dev-deps'}
{'statusCode': 0, 'package': '@abtnode/schema_1.7.7', 'message': 'no deps or dev-deps'}
{'statusCode': 0, 'package': '@abtnode/schema_1.7.8', 'message': 'no deps or dev-deps'}
{'statusCode': 0, 'package': '@abtnode/schema_1.7.9', 'message': 'no deps or dev-deps'}
{'statusCode': 0, 'package': '@abtnode/schema_1.7.10', 'message': 'no deps or dev-deps'}
{'statusCode': 0, 'package': '@abtnode/schema_1.7.11', 'message': 'no deps or dev-deps'}
{'statusCode': 0, 'package': '@abtnode/schema_1.7.12', 'message': 'no deps or dev-deps'}
{'statusCode': 0, 'package': '@abtnode/schema_1.7.13', 'message': 'no deps or dev-deps'}
{'statusCode': 0, 'package': '@abtnode/schema_1.7.14', 'message': 'no deps or dev-deps'}
{'statusCode': 0, 'package': '@abtnode/schema_1.7.15', 'message': 'no deps or dev-deps'}
{'statusCode': 0, 'package': '@abtnode/schema_1.7.16', 'message': 'no deps or dev-deps'}
{'statusCode': 0, 'package': '@abtnode/schema_1.7.17', 'message': 'no deps or dev-deps'}
{'statusCode': 0, 'package': '@abtnode/schema_1.7.18', 'message': 'no deps or dev-deps'}
{'statusCode': 0, 'package': '@abtnode/schema_1.7.19', 'message': 'no deps or dev-deps'}
{'statusCode': 0, 'package': '@abtnode/schema_1.7.20', 'message': 'no deps or dev-deps'}
{'statusCode': 0, 'package': '@abtnode/schema_1.7.21', 'message': 'no deps or dev-deps'}
{'statusCode': 0, 'package': '@abtnode/schema_1.7.22', 'message': 'no deps or dev-deps'}
{'statusCode': 0, 'package': '@abtnode/schema_1.7.23', 'message': 'no deps or dev-deps'}
{'statusCode': 0, 'package': '@abtnode/schema_1.7.24', 'message': 'no deps or dev-deps'}
{'statusCode': 0, 'package': '@abtnode/schema_1.7.25', 'message': 'no deps or dev-deps'}
{'statusCode': 0, 'package': '@abtnode/schema_1.7.26', 'message': 'no deps or dev-deps'}
{'statusCode': 0, 'package': '@abtnode/schema_1.7.27', 'message': 'no deps or dev-deps'}
{'statusCode': 0, 'package': '@abtnode/schema_1.8.0', 'message': 'no deps or dev-deps'}
{'statusCode': 0, 'package': '@abtnode/schema_1.8.1', 'message': 'no deps or dev-deps'}
{'statusCode': 0, 'package': '@abtnode/schema_1.8.2', 'message': 'no deps or dev-deps'}
{'statusCode': 0, 'package': '@abtnode/schema_1.8.3', 'message': 'no deps or dev-deps'}
{'statusCode': 0, 'package': '@abtnode/schema_0.2.2', 'message': 'no deps or dev-deps'}
{'statusCode': 0, 'package': '@abtnode/schema_0.2.6', 'message': 'no deps or dev-deps'}
{'statusCode': 0, 'package': '@abtnode/schema_0.3.1', 'message': 'no deps or dev-deps'}
{'statusCode': 0, 'package': '@abtnode/schema_0.3.7', 'message': 'no deps or dev-deps'}
{'statusCode': 0, 'package': '@abtnode/schema_0.3.8', 'message': 'no deps or dev-deps'}
{'statusCode': 0, 'package': '@abtnode/schema_0.4.0', 'message': 'no deps or dev-deps'}
{'statusCode': 0, 'package': '@abtnode/schema_0.4.11', 'message': 'no deps or dev-deps'}
{'statusCode': 0, 'package': '@abtnode/schema_0.4.18', 'message': 'no deps or dev-deps'}
{'statusCode': 0, 'package': '@abtnode/schema_0.5.0', 'message': 'no deps or dev-deps'}
{'statusCode': 0, 'package': '@abtnode/schema_0.5.12', 'message': 'no deps or dev-deps'}
{'statusCode': 0, 'package': '@abtnode/schema_0.5.13', 'message': 'no deps or dev-deps'}
{'statusCode': 0, 'package': '@abtnode/schema_0.5.17', 'message': 'no deps or dev-deps'}
{'statusCode': 0, 'package': '@abtnode/schema_0.6.0', 'message': 'no deps or dev-deps'}
{'statusCode': 0, 'package': '@abtnode/schema_0.6.16', 'message': 'no deps or dev-deps'}
{'statusCode': 0, 'package': '@abtnode/schema_0.6.29', 'message': 'no deps or dev-deps'}
{'statusCode': 0, 'package': '@abtnode/schema_0.6.30', 'message': 'no deps or dev-deps'}
{'statusCode': 0, 'package': '@abtnode/schema_0.6.40', 'message': 'no deps or dev-deps'}
{'statusCode': 0, 'package': '@abtnode/schema_0.7.0', 'message': 'no deps or dev-deps'}
{'statusCode': 0, 'package': '@abtnode/schema_0.8.0', 'message': 'no deps or dev-deps'}
{'statusCode': 0, 'package': '@abtnode/schema_0.8.7', 'message': 'no deps or dev-deps'}
{'statusCode': 0, 'package': '@abtnode/schema_0.8.9', 'message': 'no deps or dev-deps'}
{'statusCode': 0, 'package': '@abtnode/schema_0.8.14', 'message': 'no deps or dev-deps'}
{'statusCode': 0, 'package': '@abtnode/schema_0.8.16', 'message': 'no deps or dev-deps'}
{'statusCode': 0, 'package': '@abtnode/schema_0.9.0', 'message': 'no deps or dev-deps'}
{'statusCode': 0, 'package': '@abtnode/schema_0.9.3', 'message': 'no deps or dev-deps'}
{'statusCode': 0, 'package': '@abtnode/schema_0.9.4', 'message': 'no deps or dev-deps'}
{'statusCode': 0, 'package': '@abtnode/schema_0.9.8', 'message': 'no deps or dev-deps'}
{'statusCode': 0, 'package': '@abtnode/schema_0.9.9', 'message': 'no deps or dev-deps'}
{'statusCode': 0, 'package': '@abtnode/schema_1.0.0', 'message': 'no deps or dev-deps'}
{'statusCode': 0, 'package': '@abtnode/schema_1.0.3', 'message': 'no deps or dev-deps'}
{'statusCode': 0, 'package': '@abtnode/schema_1.0.5', 'message': 'no deps or dev-deps'}
{'statusCode': 0, 'package': '@abtnode/schema_1.0.6', 'message': 'no deps or dev-deps'}
{'statusCode': 0, 'package': '@abtnode/schema_1.0.7', 'message': 'no deps or dev-deps'}
{'statusCode': 0, 'package': '@abtnode/schema_1.0.8', 'message': 'no deps or dev-deps'}
{'statusCode': 0, 'package': '@abtnode/schema_1.0.9', 'message': 'no deps or dev-deps'}
{'statusCode': 0, 'package': '@abtnode/schema_1.0.10', 'message': 'no deps or dev-deps'}
{'statusCode': 0, 'package': '@abtnode/schema_1.0.11', 'message': 'no deps or dev-deps'}
{'statusCode': 0, 'package': '@abtnode/schema_1.0.12', 'message': 'no deps or dev-deps'}
{'statusCode': 0, 'package': '@abtnode/schema_1.0.13', 'message': 'no deps or dev-deps'}
{'statusCode': 0, 'package': '@abtnode/schema_1.0.14', 'message': 'no deps or dev-deps'}
{'statusCode': 0, 'package': '@abtnode/schema_1.0.15', 'message': 'no deps or dev-deps'}
{'statusCode': 0, 'package': '@abtnode/schema_1.0.16', 'message': 'no deps or dev-deps'}
{'statusCode': 0, 'package': '@abtnode/schema_1.0.18', 'message': 'no deps or dev-deps'}
{'statusCode': 0, 'package': '@abtnode/schema_1.0.19', 'message': 'no deps or dev-deps'}
{'statusCode': 0, 'package': '@abtnode/schema_1.0.20', 'message': 'no deps or dev-deps'}
{'statusCode': 0, 'package': '@abtnode/schema_1.0.17-alpha.23', 'message': 'no deps or dev-deps'}
{'statusCode': 0, 'package': '@abtnode/schema_1.0.21', 'message': 'no deps or dev-deps'}
{'statusCode': 0, 'package': '@abtnode/schema_1.0.22', 'message': 'no deps or dev-deps'}
{'statusCode': 0, 'package': '@abtnode/schema_1.0.23', 'message': 'no deps or dev-deps'}
{'statusCode': 0, 'package': '@abtnode/schema_1.0.24', 'message': 'no deps or dev-deps'}
{'statusCode': 0, 'package': '@abtnode/schema_1.0.25', 'message': 'no deps or dev-deps'}
{'statusCode': 0, 'package': '@abtnode/schema_1.0.26', 'message': 'no deps or dev-deps'}
{'statusCode': 0, 'package': '@abtnode/schema_1.0.27', 'message': 'no deps or dev-deps'}
{'statusCode': 0, 'package': '@abtnode/schema_1.0.28', 'message': 'no deps or dev-deps'}
{'statusCode': 0, 'package': '@abtnode/schema_1.0.29', 'message': 'no deps or dev-deps'}
{'statusCode': 0, 'package': '@abtnode/schema_1.0.30', 'message': 'no deps or dev-deps'}
{'statusCode': 0, 'package': '@abtnode/schema_1.0.31', 'message': 'no deps or dev-deps'}
{'statusCode': 0, 'package': '@abtnode/schema_1.0.32', 'message': 'no deps or dev-deps'}
{'statusCode': 0, 'package': '@abtnode/schema_1.0.33', 'message': 'no deps or dev-deps'}
{'statusCode': 0, 'package': '@abtnode/schema_1.0.34', 'message': 'no deps or dev-deps'}
{'statusCode': 0, 'package': '@abtnode/schema_1.0.35', 'message': 'no deps or dev-deps'}
{'statusCode': 0, 'package': '@abtnode/schema_1.0.36', 'message': 'no deps or dev-deps'}
{'statusCode': 0, 'package': '@abtnode/schema_1.0.37', 'message': 'no deps or dev-deps'}
{'statusCode': 0, 'package': '@abtnode/schema_1.0.38', 'message': 'no deps or dev-deps'}
{'statusCode': 0, 'package': '@abtnode/schema_1.0.39', 'message': 'no deps or dev-deps'}
{'statusCode': 0, 'package': '@abtnode/schema_1.0.40', 'message': 'no deps or dev-deps'}
{'statusCode': 0, 'package': '@abtnode/schema_1.0.41', 'message': 'no deps or dev-deps'}
{'statusCode': 0, 'package': '@abtnode/schema_1.1.0', 'message': 'no deps or dev-deps'}
{'statusCode': 0, 'package': '@abtnode/schema_1.1.1', 'message': 'no deps or dev-deps'}
{'statusCode': 0, 'package': '@abtnode/schema_1.1.2', 'message': 'no deps or dev-deps'}
{'statusCode': 0, 'package': '@abtnode/schema_1.1.3', 'message': 'no deps or dev-deps'}
{'statusCode': 0, 'package': '@abtnode/schema_1.1.4', 'message': 'no deps or dev-deps'}
{'statusCode': 0, 'package': '@abtnode/schema_1.1.5', 'message': 'no deps or dev-deps'}
{'statusCode': 0, 'package': '@abtnode/schema_1.1.6', 'message': 'no deps or dev-deps'}
{'statusCode': 0, 'package': '@abtnode/schema_1.1.7', 'message': 'no deps or dev-deps'}
{'statusCode': 0, 'package': '@abtnode/schema_1.1.8', 'message': 'no deps or dev-deps'}
{'statusCode': 0, 'package': '@abtnode/schema_1.1.9', 'message': 'no deps or dev-deps'}
{'statusCode': 0, 'package': '@abtnode/schema_1.1.11', 'message': 'no deps or dev-deps'}
{'statusCode': 0, 'package': '@abtnode/schema_1.1.12', 'message': 'no deps or dev-deps'}
{'statusCode': 0, 'package': '@abtnode/schema_1.1.15', 'message': 'no deps or dev-deps'}
{'statusCode': 0, 'package': '@abtnode/schema_1.1.16', 'message': 'no deps or dev-deps'}
{'statusCode': 0, 'package': '@abtnode/schema_1.1.17', 'message': 'no deps or dev-deps'}
{'statusCode': 0, 'package': '@abtnode/schema_1.1.18', 'message': 'no deps or dev-deps'}
{'statusCode': 0, 'package': '@abtnode/schema_1.2.0-prerelease.0', 'message': 'no deps or dev-deps'}
{'statusCode': 0, 'package': '@abtnode/schema_1.2.0-prerelease.1', 'message': 'no deps or dev-deps'}
{'statusCode': 0, 'package': '@abtnode/schema_1.2.0', 'message': 'no deps or dev-deps'}
{'statusCode': 0, 'package': '@abtnode/schema_1.2.1', 'message': 'no deps or dev-deps'}
{'statusCode': 0, 'package': '@abtnode/schema_1.2.2', 'message': 'no deps or dev-deps'}
{'statusCode': 0, 'package': '@abtnode/schema_1.2.3', 'message': 'no deps or dev-deps'}
{'statusCode': 0, 'package': '@abtnode/schema_1.2.4', 'message': 'no deps or dev-deps'}
{'statusCode': 0, 'package': '@abtnode/schema_1.2.5', 'message': 'no deps or dev-deps'}
{'statusCode': 0, 'package': '@abtnode/schema_1.2.6', 'message': 'no deps or dev-deps'}
{'statusCode': 0, 'package': '@abtnode/schema_1.2.7', 'message': 'no deps or dev-deps'}
{'statusCode': 0, 'package': '@abtnode/schema_1.2.8', 'message': 'no deps or dev-deps'}
{'statusCode': 0, 'package': '@abtnode/schema_1.2.9', 'message': 'no deps or dev-deps'}
{'statusCode': 0, 'package': '@abtnode/schema_1.2.10', 'message': 'no deps or dev-deps'}
{'statusCode': 0, 'package': '@abtnode/schema_1.2.11', 'message': 'no deps or dev-deps'}
{'statusCode': 0, 'package': '@abtnode/schema_1.2.12', 'message': 'no deps or dev-deps'}
{'statusCode': 0, 'package': '@abtnode/schema_1.2.13', 'message': 'no deps or dev-deps'}
{'statusCode': 0, 'package': '@abtnode/schema_1.2.14', 'message': 'no deps or dev-deps'}
{'statusCode': 0, 'package': '@abtnode/schema_1.3.0', 'message': 'no deps or dev-deps'}
{'statusCode': 0, 'package': '@abtnode/schema_1.3.1', 'message': 'no deps or dev-deps'}
{'statusCode': 0, 'package': '@abtnode/schema_1.3.2', 'message': 'no deps or dev-deps'}
{'statusCode': 0, 'package': '@abtnode/schema_1.3.3', 'message': 'no deps or dev-deps'}
{'statusCode': 0, 'package': '@abtnode/schema_1.3.4', 'message': 'no deps or dev-deps'}
{'statusCode': 0, 'package': '@abtnode/schema_1.3.5', 'message': 'no deps or dev-deps'}
{'statusCode': 0, 'package': '@abtnode/schema_1.3.6', 'message': 'no deps or dev-deps'}
{'statusCode': 0, 'package': '@abtnode/schema_1.3.7', 'message': 'no deps or dev-deps'}
{'statusCode': 0, 'package': '@abtnode/schema_1.3.8', 'message': 'no deps or dev-deps'}
{'statusCode': 0, 'package': '@abtnode/schema_1.3.9', 'message': 'no deps or dev-deps'}
{'statusCode': 0, 'package': '@abtnode/schema_1.3.10', 'message': 'no deps or dev-deps'}
{'statusCode': 0, 'package': '@abtnode/schema_1.3.11', 'message': 'no deps or dev-deps'}
{'statusCode': 0, 'package': '@abtnode/schema_1.3.12', 'message': 'no deps or dev-deps'}
{'statusCode': 0, 'package': '@abtnode/schema_1.3.13', 'message': 'no deps or dev-deps'}
{'statusCode': 0, 'package': '@abtnode/schema_1.3.14', 'message': 'no deps or dev-deps'}
{'statusCode': 0, 'package': '@abtnode/schema_1.3.15', 'message': 'no deps or dev-deps'}
{'statusCode': 0, 'package': '@abtnode/schema_1.3.16', 'message': 'no deps or dev-deps'}
{'statusCode': 0, 'package': '@abtnode/schema_1.3.17', 'message': 'no deps or dev-deps'}
{'statusCode': 0, 'package': '@abtnode/schema_1.3.18', 'message': 'no deps or dev-deps'}
{'statusCode': 0, 'package': '@abtnode/schema_1.3.19', 'message': 'no deps or dev-deps'}
{'statusCode': 0, 'package': '@abtnode/schema_1.4.0', 'message': 'no deps or dev-deps'}
{'statusCode': 0, 'package': '@abtnode/schema_1.4.1', 'message': 'no deps or dev-deps'}
{'statusCode': 0, 'package': '@abtnode/schema_1.4.2', 'message': 'no deps or dev-deps'}
{'statusCode': 0, 'package': '@abtnode/schema_1.4.3', 'message': 'no deps or dev-deps'}
{'statusCode': 0, 'package': '@abtnode/schema_1.4.4', 'message': 'no deps or dev-deps'}
{'statusCode': 0, 'package': '@abtnode/schema_1.4.5', 'message': 'no deps or dev-deps'}
{'statusCode': 0, 'package': '@abtnode/schema_1.4.6', 'message': 'no deps or dev-deps'}
{'statusCode': 0, 'package': '@abtnode/schema_1.4.7', 'message': 'no deps or dev-deps'}
{'statusCode': 0, 'package': '@abtnode/schema_1.4.8', 'message': 'no deps or dev-deps'}
{'statusCode': 0, 'package': '@abtnode/schema_1.4.9', 'message': 'no deps or dev-deps'}
{'statusCode': 0, 'package': '@abtnode/schema_1.4.10', 'message': 'no deps or dev-deps'}
{'statusCode': 0, 'package': '@abtnode/schema_1.4.11', 'message': 'no deps or dev-deps'}
{'statusCode': 0, 'package': '@abtnode/schema_1.4.12', 'message': 'no deps or dev-deps'}
{'statusCode': 0, 'package': '@abtnode/schema_1.4.13', 'message': 'no deps or dev-deps'}
{'statusCode': 0, 'package': '@abtnode/schema_1.4.14', 'message': 'no deps or dev-deps'}
{'statusCode': 0, 'package': '@abtnode/schema_1.5.0', 'message': 'no deps or dev-deps'}
{'statusCode': 0, 'package': '@abtnode/schema_1.5.1', 'message': 'no deps or dev-deps'}
{'statusCode': 0, 'package': '@abtnode/schema_1.5.2', 'message': 'no deps or dev-deps'}
{'statusCode': 0, 'package': '@abtnode/schema_1.5.3', 'message': 'no deps or dev-deps'}
{'statusCode': 0, 'package': '@abtnode/schema_1.5.4', 'message': 'no deps or dev-deps'}
{'statusCode': 0, 'package': '@abtnode/schema_1.5.5', 'message': 'no deps or dev-deps'}
{'statusCode': 0, 'package': '@abtnode/schema_1.5.6', 'message': 'no deps or dev-deps'}
{'statusCode': 0, 'package': '@abtnode/schema_1.5.7', 'message': 'no deps or dev-deps'}
{'statusCode': 0, 'package': '@abtnode/schema_1.5.8', 'message': 'no deps or dev-deps'}
{'statusCode': 0, 'package': '@abtnode/schema_1.5.9', 'message': 'no deps or dev-deps'}
{'statusCode': 0, 'package': '@abtnode/schema_1.5.10', 'message': 'no deps or dev-deps'}
{'statusCode': 0, 'package': '@abtnode/schema_1.5.11', 'message': 'no deps or dev-deps'}
{'statusCode': 0, 'package': '@abtnode/schema_1.5.12', 'message': 'no deps or dev-deps'}
{'statusCode': 0, 'package': '@abtnode/schema_1.5.13', 'message': 'no deps or dev-deps'}
{'statusCode': 0, 'package': '@abtnode/schema_1.5.14', 'message': 'no deps or dev-deps'}
{'statusCode': 0, 'package': '@abtnode/schema_1.5.15', 'message': 'no deps or dev-deps'}
{'statusCode': 0, 'package': '@abtnode/schema_1.5.16', 'message': 'no deps or dev-deps'}
{'statusCode': 0, 'package': '@abtnode/schema_1.15.17', 'message': 'no deps or dev-deps'}
{'statusCode': 0, 'package': '@abtnode/schema_1.5.17', 'message': 'no deps or dev-deps'}
{'statusCode': 0, 'package': '@abtnode/schema_1.5.18', 'message': 'no deps or dev-deps'}
{'statusCode': 0, 'package': '@abtnode/schema_1.5.19', 'message': 'no deps or dev-deps'}
{'statusCode': 0, 'package': '@abtnode/schema_1.5.20', 'message': 'no deps or dev-deps'}
{'statusCode': 0, 'package': '@abtnode/schema_1.5.21', 'message': 'no deps or dev-deps'}
{'statusCode': 0, 'package': '@abtnode/schema_1.6.0', 'message': 'no deps or dev-deps'}
{'statusCode': 0, 'package': '@abtnode/schema_1.6.1', 'message': 'no deps or dev-deps'}
{'statusCode': 0, 'package': '@abtnode/schema_1.6.2', 'message': 'no deps or dev-deps'}
{'statusCode': 0, 'package': '@abtnode/schema_1.6.3', 'message': 'no deps or dev-deps'}
{'statusCode': 0, 'package': '@abtnode/schema_1.6.4', 'message': 'no deps or dev-deps'}
{'statusCode': 0, 'package': '@abtnode/schema_1.6.5', 'message': 'no deps or dev-deps'}
{'statusCode': 0, 'package': '@abtnode/schema_1.6.6', 'message': 'no deps or dev-deps'}
{'statusCode': 0, 'package': '@abtnode/schema_1.6.7', 'message': 'no deps or dev-deps'}
{'statusCode': 0, 'package': '@abtnode/schema_1.6.8', 'message': 'no deps or dev-deps'}
{'statusCode': 0, 'package': '@abtnode/schema_1.6.9', 'message': 'no deps or dev-deps'}
{'statusCode': 0, 'package': '@abtnode/schema_1.6.10', 'message': 'no deps or dev-deps'}
{'statusCode': 0, 'package': '@abtnode/schema_1.6.11', 'message': 'no deps or dev-deps'}
{'statusCode': 0, 'package': '@abtnode/schema_1.6.12', 'message': 'no deps or dev-deps'}
{'statusCode': 0, 'package': '@abtnode/schema_1.6.13', 'message': 'no deps or dev-deps'}
{'statusCode': 0, 'package': '@abtnode/schema_1.6.14', 'message': 'no deps or dev-deps'}
{'statusCode': 0, 'package': '@abtnode/schema_1.6.15', 'message': 'no deps or dev-deps'}
{'statusCode': 0, 'package': '@abtnode/schema_1.6.16', 'message': 'no deps or dev-deps'}
{'statusCode': 0, 'package': '@abtnode/schema_1.6.17', 'message': 'no deps or dev-deps'}
{'statusCode': 0, 'package': '@abtnode/schema_1.6.18', 'message': 'no deps or dev-deps'}
{'statusCode': 0, 'package': '@abtnode/schema_1.6.19', 'message': 'no deps or dev-deps'}
{'statusCode': 0, 'package': '@abtnode/schema_1.6.20', 'message': 'no deps or dev-deps'}
{'statusCode': 0, 'package': '@abtnode/schema_1.6.21', 'message': 'no deps or dev-deps'}
{'statusCode': 0, 'package': '@abtnode/schema_1.6.22', 'message': 'no deps or dev-deps'}
{'statusCode': 0, 'package': '@abtnode/schema_1.6.23', 'message': 'no deps or dev-deps'}
{'statusCode': 0, 'package': '@abtnode/schema_1.6.24', 'message': 'no deps or dev-deps'}
{'statusCode': 0, 'package': '@abtnode/schema_1.6.25', 'message': 'no deps or dev-deps'}
{'statusCode': 0, 'package': '@abtnode/schema_1.6.26', 'message': 'no deps or dev-deps'}
{'statusCode': 0, 'package': '@abtnode/schema_1.6.27', 'message': 'no deps or dev-deps'}
{'statusCode': 0, 'package': '@abtnode/schema_1.6.28', 'message': 'no deps or dev-deps'}
{'statusCode': 0, 'package': '@abtnode/schema_1.6.29', 'message': 'no deps or dev-deps'}
{'statusCode': 0, 'package': '@abtnode/schema_1.6.30', 'message': 'no deps or dev-deps'}
{'statusCode': 0, 'package': '@abtnode/schema_1.6.31', 'message': 'no deps or dev-deps'}
{'statusCode': 0, 'package': '@abtnode/schema_1.7.0', 'message': 'no deps or dev-deps'}
{'statusCode': 0, 'package': '@abtnode/schema_1.7.1', 'message': 'no deps or dev-deps'}
{'statusCode': 0, 'package': '@abtnode/schema_1.7.2', 'message': 'no deps or dev-deps'}
{'statusCode': 0, 'package': '@abtnode/schema_1.7.3', 'message': 'no deps or dev-deps'}
{'statusCode': 0, 'package': '@abtnode/schema_1.7.4', 'message': 'no deps or dev-deps'}
{'statusCode': 0, 'package': '@abtnode/schema_1.7.5', 'message': 'no deps or dev-deps'}
{'statusCode': 0, 'package': '@abtnode/schema_1.7.6', 'message': 'no deps or dev-deps'}
{'statusCode': 0, 'package': '@abtnode/schema_1.7.7', 'message': 'no deps or dev-deps'}
{'statusCode': 0, 'package': '@abtnode/schema_1.7.8', 'message': 'no deps or dev-deps'}
{'statusCode': 0, 'package': '@abtnode/schema_1.7.9', 'message': 'no deps or dev-deps'}
{'statusCode': 0, 'package': '@abtnode/schema_1.7.10', 'message': 'no deps or dev-deps'}
{'statusCode': 0, 'package': '@abtnode/schema_1.7.11', 'message': 'no deps or dev-deps'}
{'statusCode': 0, 'package': '@abtnode/schema_1.7.12', 'message': 'no deps or dev-deps'}
{'statusCode': 0, 'package': '@abtnode/schema_1.7.13', 'message': 'no deps or dev-deps'}
{'statusCode': 0, 'package': '@abtnode/schema_1.7.14', 'message': 'no deps or dev-deps'}
{'statusCode': 0, 'package': '@abtnode/schema_1.7.15', 'message': 'no deps or dev-deps'}
{'statusCode': 0, 'package': '@abtnode/schema_1.7.16', 'message': 'no deps or dev-deps'}
{'statusCode': 0, 'package': '@abtnode/schema_1.7.17', 'message': 'no deps or dev-deps'}
{'statusCode': 0, 'package': '@abtnode/schema_1.7.18', 'message': 'no deps or dev-deps'}
{'statusCode': 0, 'package': '@abtnode/schema_1.7.19', 'message': 'no deps or dev-deps'}
{'statusCode': 0, 'package': '@abtnode/schema_1.7.20', 'message': 'no deps or dev-deps'}
{'statusCode': 0, 'package': '@abtnode/schema_1.7.21', 'message': 'no deps or dev-deps'}
{'statusCode': 0, 'package': '@abtnode/schema_1.7.22', 'message': 'no deps or dev-deps'}
{'statusCode': 0, 'package': '@abtnode/schema_1.7.23', 'message': 'no deps or dev-deps'}
{'statusCode': 0, 'package': '@abtnode/schema_1.7.24', 'message': 'no deps or dev-deps'}
{'statusCode': 0, 'package': '@abtnode/schema_1.7.25', 'message': 'no deps or dev-deps'}
{'statusCode': 0, 'package': '@abtnode/schema_1.7.26', 'message': 'no deps or dev-deps'}
{'statusCode': 0, 'package': '@abtnode/schema_1.7.27', 'message': 'no deps or dev-deps'}
{'statusCode': 0, 'package': '@abtnode/schema_1.8.0', 'message': 'no deps or dev-deps'}
{'statusCode': 0, 'package': '@abtnode/schema_1.8.1', 'message': 'no deps or dev-deps'}
{'statusCode': 0, 'package': '@abtnode/schema_1.8.2', 'message': 'no deps or dev-deps'}
{'statusCode': 0, 'package': '@abtnode/schema_1.8.3', 'message': 'no deps or dev-deps'}
{'statusCode': 0, 'package': '@abtnode/schema_0.2.2', 'message': 'no deps or dev-deps'}
{'statusCode': 0, 'package': '@abtnode/schema_0.2.6', 'message': 'no deps or dev-deps'}
{'statusCode': 0, 'package': '@abtnode/schema_0.3.1', 'message': 'no deps or dev-deps'}
{'statusCode': 0, 'package': '@abtnode/schema_0.3.7', 'message': 'no deps or dev-deps'}
{'statusCode': 0, 'package': '@abtnode/schema_0.3.8', 'message': 'no deps or dev-deps'}
{'statusCode': 0, 'package': '@abtnode/schema_0.4.0', 'message': 'no deps or dev-deps'}
{'statusCode': 0, 'package': '@abtnode/schema_0.4.11', 'message': 'no deps or dev-deps'}
{'statusCode': 0, 'package': '@abtnode/schema_0.4.18', 'message': 'no deps or dev-deps'}
{'statusCode': 0, 'package': '@abtnode/schema_0.5.0', 'message': 'no deps or dev-deps'}
{'statusCode': 0, 'package': '@abtnode/schema_0.5.12', 'message': 'no deps or dev-deps'}
{'statusCode': 0, 'package': '@abtnode/schema_0.5.13', 'message': 'no deps or dev-deps'}
{'statusCode': 0, 'package': '@abtnode/schema_0.5.17', 'message': 'no deps or dev-deps'}
{'statusCode': 0, 'package': '@abtnode/schema_0.6.0', 'message': 'no deps or dev-deps'}
{'statusCode': 0, 'package': '@abtnode/schema_0.6.16', 'message': 'no deps or dev-deps'}
{'statusCode': 0, 'package': '@abtnode/schema_0.6.29', 'message': 'no deps or dev-deps'}
{'statusCode': 0, 'package': '@abtnode/schema_0.6.30', 'message': 'no deps or dev-deps'}
{'statusCode': 0, 'package': '@abtnode/schema_0.6.40', 'message': 'no deps or dev-deps'}
{'statusCode': 0, 'package': '@abtnode/schema_0.7.0', 'message': 'no deps or dev-deps'}
{'statusCode': 0, 'package': '@abtnode/schema_0.8.0', 'message': 'no deps or dev-deps'}
{'statusCode': 0, 'package': '@abtnode/schema_0.8.7', 'message': 'no deps or dev-deps'}
{'statusCode': 0, 'package': '@abtnode/schema_0.8.9', 'message': 'no deps or dev-deps'}
{'statusCode': 0, 'package': '@abtnode/schema_0.8.14', 'message': 'no deps or dev-deps'}
{'statusCode': 0, 'package': '@abtnode/schema_0.8.16', 'message': 'no deps or dev-deps'}
{'statusCode': 0, 'package': '@abtnode/schema_0.9.0', 'message': 'no deps or dev-deps'}
{'statusCode': 0, 'package': '@abtnode/schema_0.9.3', 'message': 'no deps or dev-deps'}
{'statusCode': 0, 'package': '@abtnode/schema_0.9.4', 'message': 'no deps or dev-deps'}
{'statusCode': 0, 'package': '@abtnode/schema_0.9.8', 'message': 'no deps or dev-deps'}
{'statusCode': 0, 'package': '@abtnode/schema_0.9.9', 'message': 'no deps or dev-deps'}
{'statusCode': 0, 'package': '@abtnode/schema_1.0.0', 'message': 'no deps or dev-deps'}
{'statusCode': 0, 'package': '@abtnode/schema_1.0.3', 'message': 'no deps or dev-deps'}
{'statusCode': 0, 'package': '@abtnode/schema_1.0.5', 'message': 'no deps or dev-deps'}
{'statusCode': 0, 'package': '@abtnode/schema_1.0.6', 'message': 'no deps or dev-deps'}
{'statusCode': 0, 'package': '@abtnode/schema_1.0.7', 'message': 'no deps or dev-deps'}
{'statusCode': 0, 'package': '@abtnode/schema_1.0.8', 'message': 'no deps or dev-deps'}
{'statusCode': 0, 'package': '@abtnode/schema_1.0.9', 'message': 'no deps or dev-deps'}
{'statusCode': 0, 'package': '@abtnode/schema_1.0.10', 'message': 'no deps or dev-deps'}
{'statusCode': 0, 'package': '@abtnode/schema_1.0.11', 'message': 'no deps or dev-deps'}
{'statusCode': 0, 'package': '@abtnode/schema_1.0.12', 'message': 'no deps or dev-deps'}
{'statusCode': 0, 'package': '@abtnode/schema_1.0.13', 'message': 'no deps or dev-deps'}
{'statusCode': 0, 'package': '@abtnode/schema_1.0.14', 'message': 'no deps or dev-deps'}
{'statusCode': 0, 'package': '@abtnode/schema_1.0.15', 'message': 'no deps or dev-deps'}
{'statusCode': 0, 'package': '@abtnode/schema_1.0.16', 'message': 'no deps or dev-deps'}
{'statusCode': 0, 'package': '@abtnode/schema_1.0.18', 'message': 'no deps or dev-deps'}
{'statusCode': 0, 'package': '@abtnode/schema_1.0.19', 'message': 'no deps or dev-deps'}
{'statusCode': 0, 'package': '@abtnode/schema_1.0.20', 'message': 'no deps or dev-deps'}
{'statusCode': 0, 'package': '@abtnode/schema_1.0.17-alpha.23', 'message': 'no deps or dev-deps'}
{'statusCode': 0, 'package': '@abtnode/schema_1.0.21', 'message': 'no deps or dev-deps'}
{'statusCode': 0, 'package': '@abtnode/schema_1.0.22', 'message': 'no deps or dev-deps'}
{'statusCode': 0, 'package': '@abtnode/schema_1.0.23', 'message': 'no deps or dev-deps'}
{'statusCode': 0, 'package': '@abtnode/schema_1.0.24', 'message': 'no deps or dev-deps'}
{'statusCode': 0, 'package': '@abtnode/schema_1.0.25', 'message': 'no deps or dev-deps'}
{'statusCode': 0, 'package': '@abtnode/schema_1.0.26', 'message': 'no deps or dev-deps'}
{'statusCode': 0, 'package': '@abtnode/schema_1.0.27', 'message': 'no deps or dev-deps'}
{'statusCode': 0, 'package': '@abtnode/schema_1.0.28', 'message': 'no deps or dev-deps'}
{'statusCode': 0, 'package': '@abtnode/schema_1.0.29', 'message': 'no deps or dev-deps'}
{'statusCode': 0, 'package': '@abtnode/schema_1.0.30', 'message': 'no deps or dev-deps'}
{'statusCode': 0, 'package': '@abtnode/schema_1.0.31', 'message': 'no deps or dev-deps'}
{'statusCode': 0, 'package': '@abtnode/schema_1.0.32', 'message': 'no deps or dev-deps'}
{'statusCode': 0, 'package': '@abtnode/schema_1.0.33', 'message': 'no deps or dev-deps'}
{'statusCode': 0, 'package': '@abtnode/schema_1.0.34', 'message': 'no deps or dev-deps'}
{'statusCode': 0, 'package': '@abtnode/schema_1.0.35', 'message': 'no deps or dev-deps'}
{'statusCode': 0, 'package': '@abtnode/schema_1.0.36', 'message': 'no deps or dev-deps'}
{'statusCode': 0, 'package': '@abtnode/schema_1.0.37', 'message': 'no deps or dev-deps'}
{'statusCode': 0, 'package': '@abtnode/schema_1.0.38', 'message': 'no deps or dev-deps'}
{'statusCode': 0, 'package': '@abtnode/schema_1.0.39', 'message': 'no deps or dev-deps'}
{'statusCode': 0, 'package': '@abtnode/schema_1.0.40', 'message': 'no deps or dev-deps'}
{'statusCode': 0, 'package': '@abtnode/schema_1.0.41', 'message': 'no deps or dev-deps'}
{'statusCode': 0, 'package': '@abtnode/schema_1.1.0', 'message': 'no deps or dev-deps'}
{'statusCode': 0, 'package': '@abtnode/schema_1.1.1', 'message': 'no deps or dev-deps'}
{'statusCode': 0, 'package': '@abtnode/schema_1.1.2', 'message': 'no deps or dev-deps'}
{'statusCode': 0, 'package': '@abtnode/schema_1.1.3', 'message': 'no deps or dev-deps'}
{'statusCode': 0, 'package': '@abtnode/schema_1.1.4', 'message': 'no deps or dev-deps'}
{'statusCode': 0, 'package': '@abtnode/schema_1.1.5', 'message': 'no deps or dev-deps'}
{'statusCode': 0, 'package': '@abtnode/schema_1.1.6', 'message': 'no deps or dev-deps'}
{'statusCode': 0, 'package': '@abtnode/schema_1.1.7', 'message': 'no deps or dev-deps'}
{'statusCode': 0, 'package': '@abtnode/schema_1.1.8', 'message': 'no deps or dev-deps'}
{'statusCode': 0, 'package': '@abtnode/schema_1.1.9', 'message': 'no deps or dev-deps'}
{'statusCode': 0, 'package': '@abtnode/schema_1.1.11', 'message': 'no deps or dev-deps'}
{'statusCode': 0, 'package': '@abtnode/schema_1.1.12', 'message': 'no deps or dev-deps'}
{'statusCode': 0, 'package': '@abtnode/schema_1.1.15', 'message': 'no deps or dev-deps'}
{'statusCode': 0, 'package': '@abtnode/schema_1.1.16', 'message': 'no deps or dev-deps'}
{'statusCode': 0, 'package': '@abtnode/schema_1.1.17', 'message': 'no deps or dev-deps'}
{'statusCode': 0, 'package': '@abtnode/schema_1.1.18', 'message': 'no deps or dev-deps'}
{'statusCode': 0, 'package': '@abtnode/schema_1.2.0-prerelease.0', 'message': 'no deps or dev-deps'}
{'statusCode': 0, 'package': '@abtnode/schema_1.2.0-prerelease.1', 'message': 'no deps or dev-deps'}
{'statusCode': 0, 'package': '@abtnode/schema_1.2.0', 'message': 'no deps or dev-deps'}
{'statusCode': 0, 'package': '@abtnode/schema_1.2.1', 'message': 'no deps or dev-deps'}
{'statusCode': 0, 'package': '@abtnode/schema_1.2.2', 'message': 'no deps or dev-deps'}
{'statusCode': 0, 'package': '@abtnode/schema_1.2.3', 'message': 'no deps or dev-deps'}
{'statusCode': 0, 'package': '@abtnode/schema_1.2.4', 'message': 'no deps or dev-deps'}
{'statusCode': 0, 'package': '@abtnode/schema_1.2.5', 'message': 'no deps or dev-deps'}
{'statusCode': 0, 'package': '@abtnode/schema_1.2.6', 'message': 'no deps or dev-deps'}
{'statusCode': 0, 'package': '@abtnode/schema_1.2.7', 'message': 'no deps or dev-deps'}
{'statusCode': 0, 'package': '@abtnode/schema_1.2.8', 'message': 'no deps or dev-deps'}
{'statusCode': 0, 'package': '@abtnode/schema_1.2.9', 'message': 'no deps or dev-deps'}
{'statusCode': 0, 'package': '@abtnode/schema_1.2.10', 'message': 'no deps or dev-deps'}
{'statusCode': 0, 'package': '@abtnode/schema_1.2.11', 'message': 'no deps or dev-deps'}
{'statusCode': 0, 'package': '@abtnode/schema_1.2.12', 'message': 'no deps or dev-deps'}
{'statusCode': 0, 'package': '@abtnode/schema_1.2.13', 'message': 'no deps or dev-deps'}
{'statusCode': 0, 'package': '@abtnode/schema_1.2.14', 'message': 'no deps or dev-deps'}
{'statusCode': 0, 'package': '@abtnode/schema_1.3.0', 'message': 'no deps or dev-deps'}
{'statusCode': 0, 'package': '@abtnode/schema_1.3.1', 'message': 'no deps or dev-deps'}
{'statusCode': 0, 'package': '@abtnode/schema_1.3.2', 'message': 'no deps or dev-deps'}
{'statusCode': 0, 'package': '@abtnode/schema_1.3.3', 'message': 'no deps or dev-deps'}
{'statusCode': 0, 'package': '@abtnode/schema_1.3.4', 'message': 'no deps or dev-deps'}
{'statusCode': 0, 'package': '@abtnode/schema_1.3.5', 'message': 'no deps or dev-deps'}
{'statusCode': 0, 'package': '@abtnode/schema_1.3.6', 'message': 'no deps or dev-deps'}
{'statusCode': 0, 'package': '@abtnode/schema_1.3.7', 'message': 'no deps or dev-deps'}
{'statusCode': 0, 'package': '@abtnode/schema_1.3.8', 'message': 'no deps or dev-deps'}
{'statusCode': 0, 'package': '@abtnode/schema_1.3.9', 'message': 'no deps or dev-deps'}
{'statusCode': 0, 'package': '@abtnode/schema_1.3.10', 'message': 'no deps or dev-deps'}
{'statusCode': 0, 'package': '@abtnode/schema_1.3.11', 'message': 'no deps or dev-deps'}
{'statusCode': 0, 'package': '@abtnode/schema_1.3.12', 'message': 'no deps or dev-deps'}
{'statusCode': 0, 'package': '@abtnode/schema_1.3.13', 'message': 'no deps or dev-deps'}
{'statusCode': 0, 'package': '@abtnode/schema_1.3.14', 'message': 'no deps or dev-deps'}
{'statusCode': 0, 'package': '@abtnode/schema_1.3.15', 'message': 'no deps or dev-deps'}
{'statusCode': 0, 'package': '@abtnode/schema_1.3.16', 'message': 'no deps or dev-deps'}
{'statusCode': 0, 'package': '@abtnode/schema_1.3.17', 'message': 'no deps or dev-deps'}
{'statusCode': 0, 'package': '@abtnode/schema_1.3.18', 'message': 'no deps or dev-deps'}
{'statusCode': 0, 'package': '@abtnode/schema_1.3.19', 'message': 'no deps or dev-deps'}
{'statusCode': 0, 'package': '@abtnode/schema_1.4.0', 'message': 'no deps or dev-deps'}
{'statusCode': 0, 'package': '@abtnode/schema_1.4.1', 'message': 'no deps or dev-deps'}
{'statusCode': 0, 'package': '@abtnode/schema_1.4.2', 'message': 'no deps or dev-deps'}
{'statusCode': 0, 'package': '@abtnode/schema_1.4.3', 'message': 'no deps or dev-deps'}
{'statusCode': 0, 'package': '@abtnode/schema_1.4.4', 'message': 'no deps or dev-deps'}
{'statusCode': 0, 'package': '@abtnode/schema_1.4.5', 'message': 'no deps or dev-deps'}
{'statusCode': 0, 'package': '@abtnode/schema_1.4.6', 'message': 'no deps or dev-deps'}
{'statusCode': 0, 'package': '@abtnode/schema_1.4.7', 'message': 'no deps or dev-deps'}
{'statusCode': 0, 'package': '@abtnode/schema_1.4.8', 'message': 'no deps or dev-deps'}
{'statusCode': 0, 'package': '@abtnode/schema_1.4.9', 'message': 'no deps or dev-deps'}
{'statusCode': 0, 'package': '@abtnode/schema_1.4.10', 'message': 'no deps or dev-deps'}
{'statusCode': 0, 'package': '@abtnode/schema_1.4.11', 'message': 'no deps or dev-deps'}
{'statusCode': 0, 'package': '@abtnode/schema_1.4.12', 'message': 'no deps or dev-deps'}
{'statusCode': 0, 'package': '@abtnode/schema_1.4.13', 'message': 'no deps or dev-deps'}
{'statusCode': 0, 'package': '@abtnode/schema_1.4.14', 'message': 'no deps or dev-deps'}
{'statusCode': 0, 'package': '@abtnode/schema_1.5.0', 'message': 'no deps or dev-deps'}
{'statusCode': 0, 'package': '@abtnode/schema_1.5.1', 'message': 'no deps or dev-deps'}
{'statusCode': 0, 'package': '@abtnode/schema_1.5.2', 'message': 'no deps or dev-deps'}
{'statusCode': 0, 'package': '@abtnode/schema_1.5.3', 'message': 'no deps or dev-deps'}
{'statusCode': 0, 'package': '@abtnode/schema_1.5.4', 'message': 'no deps or dev-deps'}
{'statusCode': 0, 'package': '@abtnode/schema_1.5.5', 'message': 'no deps or dev-deps'}
{'statusCode': 0, 'package': '@abtnode/schema_1.5.6', 'message': 'no deps or dev-deps'}
{'statusCode': 0, 'package': '@abtnode/schema_1.5.7', 'message': 'no deps or dev-deps'}
{'statusCode': 0, 'package': '@abtnode/schema_1.5.8', 'message': 'no deps or dev-deps'}
{'statusCode': 0, 'package': '@abtnode/schema_1.5.9', 'message': 'no deps or dev-deps'}
{'statusCode': 0, 'package': '@abtnode/schema_1.5.10', 'message': 'no deps or dev-deps'}
{'statusCode': 0, 'package': '@abtnode/schema_1.5.11', 'message': 'no deps or dev-deps'}
{'statusCode': 0, 'package': '@abtnode/schema_1.5.12', 'message': 'no deps or dev-deps'}
{'statusCode': 0, 'package': '@abtnode/schema_1.5.13', 'message': 'no deps or dev-deps'}
{'statusCode': 0, 'package': '@abtnode/schema_1.5.14', 'message': 'no deps or dev-deps'}
{'statusCode': 0, 'package': '@abtnode/schema_1.5.15', 'message': 'no deps or dev-deps'}
{'statusCode': 0, 'package': '@abtnode/schema_1.5.16', 'message': 'no deps or dev-deps'}
{'statusCode': 0, 'package': '@abtnode/schema_1.15.17', 'message': 'no deps or dev-deps'}
{'statusCode': 0, 'package': '@abtnode/schema_1.5.17', 'message': 'no deps or dev-deps'}
{'statusCode': 0, 'package': '@abtnode/schema_1.5.18', 'message': 'no deps or dev-deps'}
{'statusCode': 0, 'package': '@abtnode/schema_1.5.19', 'message': 'no deps or dev-deps'}
{'statusCode': 0, 'package': '@abtnode/schema_1.5.20', 'message': 'no deps or dev-deps'}
{'statusCode': 0, 'package': '@abtnode/schema_1.5.21', 'message': 'no deps or dev-deps'}
{'statusCode': 0, 'package': '@abtnode/schema_1.6.0', 'message': 'no deps or dev-deps'}
{'statusCode': 0, 'package': '@abtnode/schema_1.6.1', 'message': 'no deps or dev-deps'}
{'statusCode': 0, 'package': '@abtnode/schema_1.6.2', 'message': 'no deps or dev-deps'}
{'statusCode': 0, 'package': '@abtnode/schema_1.6.3', 'message': 'no deps or dev-deps'}
{'statusCode': 0, 'package': '@abtnode/schema_1.6.4', 'message': 'no deps or dev-deps'}
{'statusCode': 0, 'package': '@abtnode/schema_1.6.5', 'message': 'no deps or dev-deps'}
{'statusCode': 0, 'package': '@abtnode/schema_1.6.6', 'message': 'no deps or dev-deps'}
{'statusCode': 0, 'package': '@abtnode/schema_1.6.7', 'message': 'no deps or dev-deps'}
{'statusCode': 0, 'package': '@abtnode/schema_1.6.8', 'message': 'no deps or dev-deps'}
{'statusCode': 0, 'package': '@abtnode/schema_1.6.9', 'message': 'no deps or dev-deps'}
{'statusCode': 0, 'package': '@abtnode/schema_1.6.10', 'message': 'no deps or dev-deps'}
{'statusCode': 0, 'package': '@abtnode/schema_1.6.11', 'message': 'no deps or dev-deps'}
{'statusCode': 0, 'package': '@abtnode/schema_1.6.12', 'message': 'no deps or dev-deps'}
{'statusCode': 0, 'package': '@abtnode/schema_1.6.13', 'message': 'no deps or dev-deps'}
{'statusCode': 0, 'package': '@abtnode/schema_1.6.14', 'message': 'no deps or dev-deps'}
{'statusCode': 0, 'package': '@abtnode/schema_1.6.15', 'message': 'no deps or dev-deps'}
{'statusCode': 0, 'package': '@abtnode/schema_1.6.16', 'message': 'no deps or dev-deps'}
{'statusCode': 0, 'package': '@abtnode/schema_1.6.17', 'message': 'no deps or dev-deps'}
{'statusCode': 0, 'package': '@abtnode/schema_1.6.18', 'message': 'no deps or dev-deps'}
{'statusCode': 0, 'package': '@abtnode/schema_1.6.19', 'message': 'no deps or dev-deps'}
{'statusCode': 0, 'package': '@abtnode/schema_1.6.20', 'message': 'no deps or dev-deps'}
{'statusCode': 0, 'package': '@abtnode/schema_1.6.21', 'message': 'no deps or dev-deps'}
{'statusCode': 0, 'package': '@abtnode/schema_1.6.22', 'message': 'no deps or dev-deps'}
{'statusCode': 0, 'package': '@abtnode/schema_1.6.23', 'message': 'no deps or dev-deps'}
{'statusCode': 0, 'package': '@abtnode/schema_1.6.24', 'message': 'no deps or dev-deps'}
{'statusCode': 0, 'package': '@abtnode/schema_1.6.25', 'message': 'no deps or dev-deps'}
{'statusCode': 0, 'package': '@abtnode/schema_1.6.26', 'message': 'no deps or dev-deps'}
{'statusCode': 0, 'package': '@abtnode/schema_1.6.27', 'message': 'no deps or dev-deps'}
{'statusCode': 0, 'package': '@abtnode/schema_1.6.28', 'message': 'no deps or dev-deps'}
{'statusCode': 0, 'package': '@abtnode/schema_1.6.29', 'message': 'no deps or dev-deps'}
{'statusCode': 0, 'package': '@abtnode/schema_1.6.30', 'message': 'no deps or dev-deps'}
{'statusCode': 0, 'package': '@abtnode/schema_1.6.31', 'message': 'no deps or dev-deps'}
{'statusCode': 0, 'package': '@abtnode/schema_1.7.0', 'message': 'no deps or dev-deps'}
{'statusCode': 0, 'package': '@abtnode/schema_1.7.1', 'message': 'no deps or dev-deps'}
{'statusCode': 0, 'package': '@abtnode/schema_1.7.2', 'message': 'no deps or dev-deps'}
{'statusCode': 0, 'package': '@abtnode/schema_1.7.3', 'message': 'no deps or dev-deps'}
{'statusCode': 0, 'package': '@abtnode/schema_1.7.4', 'message': 'no deps or dev-deps'}
{'statusCode': 0, 'package': '@abtnode/schema_1.7.5', 'message': 'no deps or dev-deps'}
{'statusCode': 0, 'package': '@abtnode/schema_1.7.6', 'message': 'no deps or dev-deps'}
{'statusCode': 0, 'package': '@abtnode/schema_1.7.7', 'message': 'no deps or dev-deps'}
{'statusCode': 0, 'package': '@abtnode/schema_1.7.8', 'message': 'no deps or dev-deps'}
{'statusCode': 0, 'package': '@abtnode/schema_1.7.9', 'message': 'no deps or dev-deps'}
{'statusCode': 0, 'package': '@abtnode/schema_1.7.10', 'message': 'no deps or dev-deps'}
{'statusCode': 0, 'package': '@abtnode/schema_1.7.11', 'message': 'no deps or dev-deps'}
{'statusCode': 0, 'package': '@abtnode/schema_1.7.12', 'message': 'no deps or dev-deps'}
{'statusCode': 0, 'package': '@abtnode/schema_1.7.13', 'message': 'no deps or dev-deps'}
{'statusCode': 0, 'package': '@abtnode/schema_1.7.14', 'message': 'no deps or dev-deps'}
{'statusCode': 0, 'package': '@abtnode/schema_1.7.15', 'message': 'no deps or dev-deps'}
{'statusCode': 0, 'package': '@abtnode/schema_1.7.16', 'message': 'no deps or dev-deps'}
{'statusCode': 0, 'package': '@abtnode/schema_1.7.17', 'message': 'no deps or dev-deps'}
{'statusCode': 0, 'package': '@abtnode/schema_1.7.18', 'message': 'no deps or dev-deps'}
{'statusCode': 0, 'package': '@abtnode/schema_1.7.19', 'message': 'no deps or dev-deps'}
{'statusCode': 0, 'package': '@abtnode/schema_1.7.20', 'message': 'no deps or dev-deps'}
{'statusCode': 0, 'package': '@abtnode/schema_1.7.21', 'message': 'no deps or dev-deps'}
{'statusCode': 0, 'package': '@abtnode/schema_1.7.22', 'message': 'no deps or dev-deps'}
{'statusCode': 0, 'package': '@abtnode/schema_1.7.23', 'message': 'no deps or dev-deps'}
{'statusCode': 0, 'package': '@abtnode/schema_1.7.24', 'message': 'no deps or dev-deps'}
{'statusCode': 0, 'package': '@abtnode/schema_1.7.25', 'message': 'no deps or dev-deps'}
{'statusCode': 0, 'package': '@abtnode/schema_1.7.26', 'message': 'no deps or dev-deps'}
{'statusCode': 0, 'package': '@abtnode/schema_1.7.27', 'message': 'no deps or dev-deps'}
{'statusCode': 0, 'package': '@abtnode/schema_1.8.0', 'message': 'no deps or dev-deps'}
{'statusCode': 0, 'package': '@abtnode/schema_1.8.1', 'message': 'no deps or dev-deps'}
{'statusCode': 0, 'package': '@abtnode/schema_1.8.2', 'message': 'no deps or dev-deps'}
{'statusCode': 0, 'package': '@abtnode/schema_1.8.3', 'message': 'no deps or dev-deps'}
{'statusCode': 0, 'package': '@abtnode/util_0.6.0', 'message': 'no deps or dev-deps'}
{'statusCode': 0, 'package': '@abtnode/util_0.6.0', 'message': 'no deps or dev-deps'}
{'statusCode': 0, 'package': '@abtnode/util_0.6.0', 'message': 'no deps or dev-deps'}
{'statusCode': 404, 'package': 'a/buffer-layout', 'message': 'HTTPError'}
{'statusCode': 404, 'package': 'a/buffer-layout', 'message': 'HTTPError'}
{'statusCode': 0, 'package': '@aca-ac/css_1.0.1', 'message': 'no deps or dev-deps'}
{'statusCode': 0, 'package': 'academicons_1.8.6', 'message': 'no deps or dev-deps'}
{'statusCode': 0, 'package': 'academicons_1.9.1', 'message': 'no deps or dev-deps'}
{'statusCode': 0, 'package': 'academicons_1.9.2', 'message': 'no deps or dev-deps'}
{'statusCode': 404, 'package': '@acai/interfaces', 'message': 'HTTPError'}
{'statusCode': 0, 'package': '@acai/preset_0.1.2', 'message': 'no deps or dev-deps'}
{'statusCode': 404, 'package': '@acala-network-test/api', 'message': 'HTTPError'}
{'statusCode': 404, 'package': '@acala-network-test/types', 'message': 'HTTPError'}
{'statusCode': 404, 'package': '@acbl-utils/utils', 'message': 'HTTPError'}
{'statusCode': 404, 'package': 'ac-build', 'message': 'HTTPError'}
{'statusCode': 404, 'package': 'ac-build', 'message': 'HTTPError'}
{'statusCode': 404, 'package': 'ac-build', 'message': 'HTTPError'}
{'statusCode': 404, 'package': 'ac-build', 'message': 'HTTPError'}
{'statusCode': 404, 'package': 'ac-build', 'message': 'HTTPError'}
{'statusCode': 404, 'package': 'ac-build', 'message': 'HTTPError'}
{'statusCode': 404, 'package': 'ac-build', 'message': 'HTTPError'}
{'statusCode': 404, 'package': 'ac-build', 'message': 'HTTPError'}
{'statusCode': 0, 'package': 'acc-eslint-config-vue_1.0.0', 'message': 'no deps or dev-deps'}
{'statusCode': 0, 'package': 'accessibility-checker_1.0.0-alpha', 'message': 'no deps or dev-deps'}
{'statusCode': 0, 'package': '@accodeing/prettier-config_2019.8.20', 'message': 'no deps or dev-deps'}
{'statusCode': 0, 'package': '@accodeing/prettier-config_2019.8.21', 'message': 'no deps or dev-deps'}
{'statusCode': 0, 'package': '@accodeing/prettier-config_2019.8.2-1.1', 'message': 'no deps or dev-deps'}
